[24.833, 3.312, 21, 30, 1.743, 24.143, 3.532, 20, 30, 1.607, 22.889, 3.951, 18, 30, 1.417, 19.786, 5.423, 12, 30, 1.286, 17.353, 7.305, 5, 30, 1.431, 16.556, 7.853, 3, 30, 1.457, 15.737, 8.425, 1, 30, 1.484]
[26.5, 3.507, 22, 31, 1.857, 25.714, 3.817, 21, 31, 1.75, 24.333, 4.301, 19, 31, 1.55, 21.143, 5.696, 13, 31, 1.349, 18.882, 7.279, 6, 31, 1.426, 18.111, 7.783, 5, 31, 1.445, 17.316, 8.32, 3, 31, 1.467]
[28.167, 3.312, 24, 32, 1.743, 27.286, 3.817, 22, 32, 1.75, 25.778, 4.466, 20, 32, 1.617, 22.5, 5.867, 14, 32, 1.391, 20.412, 7.133, 7, 32, 1.4, 19.611, 7.709, 6, 32, 1.431, 18.842, 8.207, 5, 32, 1.447]
[29.667, 3.077, 25, 33, 1.6, 28.857, 3.532, 24, 33, 1.607, 27.222, 4.466, 21, 33, 1.617, 23.857, 5.947, 15, 33, 1.411, 21.941, 6.86, 12, 33, 1.35, 21.111, 7.529, 7, 33, 1.399, 20.316, 8.097, 6, 33, 1.428]
[31.333, 2.733, 27, 35, 1.429, 30.429, 3.457, 25, 35, 1.571, 28.778, 4.466, 22, 35, 1.617, 25.286, 6.057, 17, 35, 1.437, 23.294, 7.042, 13, 35, 1.387, 22.667, 7.332, 12, 35, 1.366, 21.842, 7.981, 7, 35, 1.409]
[32.833, 2.317, 30, 36, 1.229, 32, 3.055, 27, 36, 1.393, 30.333, 4.243, 24, 36, 1.533, 26.643, 6.184, 18, 36, 1.47, 24.647, 7.15, 14, 36, 1.409, 24, 7.46, 13, 36, 1.391, 23.368, 7.755, 12, 36, 1.372]
[34, 2.366, 31, 37, 1.257, 33.429, 2.637, 30, 37, 1.214, 31.778, 4.024, 25, 37, 1.45, 28, 6.226, 19, 37, 1.481, 26, 7.185, 15, 37, 1.417, 25.333, 7.523, 14, 37, 1.404, 24.684, 7.839, 13, 37, 1.388]
[35.333, 2.582, 32, 39, 1.371, 34.714, 2.87, 31, 39, 1.321, 33.333, 3.775, 27, 39, 1.367, 29.429, 6.297, 20, 39, 1.499, 27.412, 7.246, 17, 39, 1.429, 26.722, 7.614, 15, 39, 1.421, 26.053, 7.955, 14, 39, 1.409]
[36.667, 2.582, 33, 40, 1.371, 36, 2.944, 32, 40, 1.357, 34.778, 3.528, 30, 40, 1.283, 30.857, 6.262, 21, 40, 1.49, 28.765, 7.327, 18, 40, 1.446, 28.111, 7.63, 17, 40, 1.424, 27.421, 8.002, 15, 40, 1.418]
[38, 2.366, 35, 41, 1.257, 37.286, 2.87, 33, 41, 1.321, 36, 3.571, 31, 41, 1.3, 32.286, 6.12, 22, 41, 1.455, 30.118, 7.339, 19, 41, 1.449, 29.444, 7.671, 18, 41, 1.432, 28.789, 7.983, 17, 41, 1.414]
[39.167, 2.317, 36, 42, 1.229, 38.571, 2.637, 35, 42, 1.214, 37.222, 3.528, 32, 42, 1.283, 33.714, 5.863, 24, 42, 1.393, 31.471, 7.281, 20, 42, 1.436, 30.778, 7.651, 19, 42, 1.428, 30.105, 7.992, 18, 42, 1.416]
[40.333, 2.16, 37, 43, 1.143, 39.714, 2.563, 36, 43, 1.179, 38.444, 3.395, 33, 43, 1.233, 35.071, 5.636, 25, 43, 1.338, 32.824, 7.152, 21, 43, 1.409, 32.111, 7.568, 20, 43, 1.412, 31.421, 7.946, 19, 43, 1.407]
[41.5, 1.871, 39, 44, 1, 40.857, 2.41, 37, 44, 1.107, 39.667, 3.162, 35, 44, 1.15, 36.429, 5.302, 27, 44, 1.262, 34.176, 6.948, 22, 44, 1.368, 33.444, 7.422, 21, 44, 1.383, 32.737, 7.845, 20, 44, 1.388]
[42.5, 1.871, 40, 45, 1, 42, 2.16, 39, 45, 1, 40.778, 3.073, 36, 45, 1.117, 37.714, 5.014, 30, 45, 1.196, 35.529, 6.663, 24, 45, 1.311, 34.778, 7.207, 22, 45, 1.342, 34.053, 7.685, 21, 45, 1.358]
[43.833, 2.483, 41, 48, 1.286, 43.286, 2.69, 40, 48, 1.214, 42.111, 3.333, 37, 48, 1.2, 39, 5.189, 31, 48, 1.235, 36.941, 6.609, 25, 48, 1.301, 36.222, 7.101, 24, 48, 1.323, 35.474, 7.633, 22, 48, 1.349]
[45.167, 2.787, 42, 49, 1.457, 44.571, 2.992, 41, 49, 1.357, 43.444, 3.432, 39, 49, 1.233, 40.286, 5.283, 32, 49, 1.257, 38.353, 6.461, 27, 49, 1.275, 37.611, 7.014, 25, 49, 1.308, 36.895, 7.497, 24, 49, 1.326]
[46.5, 2.881, 43, 50, 1.514, 45.857, 3.132, 42, 50, 1.429, 44.667, 3.606, 40, 50, 1.3, 41.571, 5.302, 33, 50, 1.262, 39.706, 6.342, 30, 50, 1.252, 39, 6.843, 27, 50, 1.278, 38.263, 7.385, 25, 50, 1.307]
[47.833, 2.787, 44, 51, 1.457, 47.143, 3.132, 43, 51, 1.429, 45.889, 3.689, 41, 51, 1.333, 42.857, 5.246, 35, 51, 1.248, 40.941, 6.378, 31, 51, 1.26, 40.333, 6.704, 30, 51, 1.253, 39.632, 7.197, 27, 51, 1.275]
[49.167, 2.483, 45, 52, 1.286, 48.429, 2.992, 44, 52, 1.357, 47.111, 3.689, 42, 52, 1.333, 44.071, 5.255, 36, 52, 1.251, 42.176, 6.366, 32, 52, 1.257, 41.556, 6.715, 31, 52, 1.255, 40.947, 7.043, 30, 52, 1.249]
[50.5, 1.871, 48, 53, 1, 49.714, 2.69, 45, 53, 1.214, 48.333, 3.606, 43, 53, 1.3, 45.286, 5.21, 37, 53, 1.24, 43.412, 6.305, 33, 53, 1.245, 42.778, 6.682, 32, 53, 1.249, 42.158, 7.034, 31, 53, 1.247]
[51.667, 2.16, 49, 55, 1.143, 51.143, 2.41, 48, 55, 1.107, 49.667, 3.606, 44, 55, 1.3, 46.571, 5.229, 39, 55, 1.244, 44.706, 6.293, 35, 55, 1.243, 44.056, 6.699, 33, 55, 1.252, 43.421, 7.074, 32, 55, 1.254]
[52.833, 2.317, 50, 56, 1.229, 52.286, 2.563, 49, 56, 1.179, 51, 3.464, 45, 56, 1.25, 47.786, 5.309, 40, 56, 1.264, 45.941, 6.329, 36, 56, 1.25, 45.333, 6.66, 35, 56, 1.245, 44.684, 7.064, 33, 56, 1.253]
[54, 2.366, 51, 57, 1.257, 53.429, 2.637, 50, 57, 1.214, 52.333, 3.162, 48, 57, 1.15, 49, 5.335, 41, 57, 1.27, 47.176, 6.317, 37, 57, 1.248, 46.556, 6.671, 36, 57, 1.247, 45.947, 7.004, 35, 57, 1.242]
[55.167, 2.317, 52, 58, 1.229, 54.571, 2.637, 51, 58, 1.214, 53.444, 3.206, 49, 58, 1.167, 50.214, 5.309, 42, 58, 1.264, 48.412, 6.256, 39, 58, 1.235, 47.778, 6.638, 37, 58, 1.24, 47.158, 6.994, 36, 58, 1.24]
[56.333, 2.16, 53, 59, 1.143, 55.714, 2.563, 52, 59, 1.179, 54.556, 3.206, 50, 59, 1.167, 51.429, 5.229, 43, 59, 1.244, 49.588, 6.256, 40, 59, 1.235, 49, 6.562, 39, 59, 1.226, 48.368, 6.946, 37, 59, 1.232]
[57.5, 1.871, 55, 60, 1, 56.857, 2.41, 53, 60, 1.107, 55.667, 3.162, 51, 60, 1.15, 52.643, 5.093, 44, 60, 1.211, 50.765, 6.22, 41, 60, 1.228, 50.167, 6.546, 40, 60, 1.223, 49.579, 6.858, 39, 60, 1.216]
[58.667, 2.16, 56, 62, 1.143, 58.143, 2.41, 55, 62, 1.107, 56.889, 3.257, 52, 62, 1.183, 53.929, 5.015, 45, 62, 1.193, 52, 6.245, 42, 62, 1.233, 51.389, 6.59, 41, 62, 1.231, 50.789, 6.917, 40, 62, 1.226]
[60, 2.608, 57, 64, 1.371, 59.429, 2.82, 56, 64, 1.286, 58.222, 3.456, 53, 64, 1.25, 55.286, 4.983, 48, 64, 1.187, 53.294, 6.322, 43, 64, 1.248, 52.667, 6.686, 42, 64, 1.249, 52.053, 7.028, 41, 64, 1.246]
[61.333, 2.805, 58, 65, 1.486, 60.714, 3.039, 57, 65, 1.393, 59.556, 3.504, 55, 65, 1.267, 56.5, 5.14, 49, 65, 1.224, 54.588, 6.335, 44, 65, 1.25, 53.944, 6.725, 43, 65, 1.256, 53.316, 7.087, 42, 65, 1.256]
[62.667, 2.805, 59, 66, 1.486, 62, 3.109, 58, 66, 1.429, 60.778, 3.632, 56, 66, 1.317, 57.714, 5.239, 50, 66, 1.248, 55.882, 6.284, 45, 66, 1.24, 55.222, 6.709, 44, 66, 1.253, 54.579, 7.097, 43, 66, 1.258]
[64, 2.608, 60, 67, 1.371, 63.286, 3.039, 59, 67, 1.393, 62, 3.674, 57, 67, 1.333, 58.929, 5.284, 51, 67, 1.259, 57.176, 6.167, 48, 67, 1.218, 56.5, 6.635, 45, 67, 1.239, 55.842, 7.057, 44, 67, 1.251]
[65.5, 2.429, 62, 69, 1.286, 64.714, 3.039, 60, 69, 1.393, 63.333, 3.808, 58, 69, 1.383, 60.214, 5.395, 52, 69, 1.286, 58.412, 6.315, 49, 69, 1.248, 57.833, 6.6, 48, 69, 1.233, 57.158, 7.057, 45, 69, 1.251]
[67, 2.608, 64, 71, 1.371, 66.286, 3.039, 62, 71, 1.393, 64.778, 3.993, 59, 71, 1.45, 61.571, 5.557, 53, 71, 1.323, 59.706, 6.517, 50, 71, 1.287, 59.111, 6.807, 49, 71, 1.271, 58.526, 7.09, 48, 71, 1.256]
[68.667, 3.386, 65, 74, 1.771, 68, 3.559, 64, 74, 1.607, 66.444, 4.391, 60, 74, 1.583, 63.071, 5.89, 55, 74, 1.396, 61.118, 6.873, 51, 74, 1.353, 60.5, 7.164, 50, 74, 1.334, 59.895, 7.445, 49, 74, 1.316]
[70.333, 3.67, 66, 75, 1.943, 69.571, 3.91, 65, 75, 1.786, 68.111, 4.485, 62, 75, 1.617, 64.5, 6.199, 56, 75, 1.47, 62.529, 7.125, 52, 75, 1.402, 61.889, 7.427, 51, 75, 1.383, 61.263, 7.716, 50, 75, 1.363]
[72, 3.578, 67, 76, 1.886, 71.143, 3.976, 66, 76, 1.821, 69.667, 4.528, 64, 76, 1.633, 65.929, 6.391, 57, 76, 1.519, 63.941, 7.284, 53, 76, 1.434, 63.278, 7.607, 52, 76, 1.417, 62.632, 7.911, 51, 76, 1.398]
[73.833, 3.312, 69, 78, 1.743, 72.857, 3.976, 67, 78, 1.821, 71.222, 4.738, 65, 78, 1.717, 67.429, 6.595, 58, 78, 1.569, 65.412, 7.459, 55, 78, 1.468, 64.722, 7.805, 53, 78, 1.454, 64.053, 8.127, 52, 78, 1.437]
[75.667, 3.141, 71, 80, 1.657, 74.714, 3.817, 69, 80, 1.75, 72.889, 4.91, 66, 80, 1.783, 69, 6.794, 59, 80, 1.618, 66.882, 7.737, 56, 80, 1.525, 66.222, 8.011, 55, 80, 1.492, 65.526, 8.356, 53, 80, 1.477]
[77.333, 2.805, 74, 81, 1.486, 76.429, 3.505, 71, 81, 1.607, 74.556, 4.825, 67, 81, 1.75, 70.571, 6.847, 60, 81, 1.631, 68.353, 7.913, 57, 81, 1.561, 67.667, 8.21, 56, 81, 1.531, 67, 8.492, 55, 81, 1.502]
[78.667, 2.805, 75, 82, 1.486, 78, 3.109, 74, 82, 1.429, 76.222, 4.466, 69, 82, 1.617, 72.143, 6.758, 62, 82, 1.609, 69.824, 7.994, 58, 82, 1.578, 69.111, 8.324, 57, 82, 1.554, 68.421, 8.63, 56, 82, 1.528]
[80, 2.608, 76, 83, 1.371, 79.286, 3.039, 75, 83, 1.393, 77.778, 4.055, 71, 83, 1.467, 73.643, 6.663, 64, 83, 1.585, 71.294, 7.983, 59, 83, 1.576, 70.556, 8.354, 58, 83, 1.56, 69.842, 8.694, 57, 83, 1.54]
[81.333, 2.16, 78, 84, 1.143, 80.571, 2.82, 76, 84, 1.286, 79.222, 3.632, 74, 84, 1.317, 75.071, 6.58, 65, 84, 1.563, 72.765, 7.878, 60, 84, 1.554, 72, 8.303, 59, 84, 1.55, 71.263, 8.685, 58, 84, 1.539]
[82.5, 1.871, 80, 85, 1, 81.857, 2.41, 78, 85, 1.107, 80.444, 3.504, 75, 85, 1.267, 76.5, 6.394, 66, 85, 1.514, 74.235, 7.677, 62, 85, 1.512, 73.444, 8.169, 60, 85, 1.523, 72.684, 8.603, 59, 85, 1.523]
[83.833, 2.483, 81, 88, 1.286, 83.286, 2.69, 80, 88, 1.214, 81.889, 3.655, 76, 88, 1.317, 78.071, 6.318, 67, 88, 1.497, 75.765, 7.677, 64, 88, 1.512, 75, 8.124, 62, 88, 1.515, 74.211, 8.613, 60, 88, 1.525]
[85.167, 2.787, 82, 89, 1.457, 84.571, 2.992, 81, 89, 1.357, 83.333, 3.606, 78, 89, 1.3, 79.643, 6.084, 69, 89, 1.444, 77.235, 7.677, 65, 89, 1.512, 76.5, 8.075, 64, 89, 1.506, 75.737, 8.523, 62, 89, 1.509]
[86.5, 2.881, 83, 90, 1.514, 85.857, 3.132, 82, 90, 1.429, 84.667, 3.606, 80, 90, 1.3, 81.143, 5.842, 71, 90, 1.389, 78.706, 7.581, 66, 90, 1.493, 77.944, 8.033, 65, 90, 1.497, 77.211, 8.437, 64, 90, 1.493]
[87.833, 2.787, 84, 91, 1.457, 87.143, 3.132, 83, 91, 1.429, 85.889, 3.689, 81, 91, 1.333, 82.571, 5.612, 74, 91, 1.336, 80.176, 7.384, 67, 91, 1.453, 79.389, 7.905, 66, 91, 1.473, 78.632, 8.361, 65, 91, 1.479]
[89.167, 2.483, 85, 92, 1.286, 88.429, 2.992, 84, 92, 1.357, 87.111, 3.689, 82, 92, 1.333, 83.857, 5.559, 75, 92, 1.323, 81.647, 7.079, 69, 92, 1.395, 80.833, 7.687, 67, 92, 1.431, 80.053, 8.209, 66, 92, 1.451]
[90.667, 2.16, 88, 94, 1.143, 89.857, 2.911, 85, 94, 1.321, 88.444, 3.779, 83, 94, 1.367, 85.214, 5.549, 76, 94, 1.321, 83.118, 6.882, 71, 94, 1.358, 82.333, 7.46, 69, 94, 1.391, 81.526, 8.058, 67, 94, 1.425]
[91.833, 2.317, 89, 95, 1.229, 91.286, 2.563, 88, 95, 1.179, 89.778, 3.734, 84, 95, 1.35, 86.571, 5.445, 78, 95, 1.297, 84.529, 6.7, 74, 95, 1.324, 83.778, 7.24, 71, 95, 1.352, 83, 7.81, 69, 95, 1.382]
[93.333, 2.944, 90, 98, 1.543, 92.714, 3.147, 89, 98, 1.429, 91.333, 3.937, 85, 98, 1.417, 88, 5.643, 80, 98, 1.341, 85.941, 6.869, 75, 98, 1.355, 85.278, 7.234, 74, 98, 1.351, 84.526, 7.756, 71, 98, 1.374]
