98487075
539013302
98109374
338816183
993041980
466887019
632712600
754054066
488791694
205474568
735710862
856189312
824231390
515636856
388659792
242977101
248606394
292942794
853376451
489637361
926869264
537359434
465609698
226099783
631188394
803465850
950997170
337294153
917064674
11169260
10207511
766459772
623782281
814291626
240602889
580504341
342136867
291126840
242251011
144988830
327329344
720520855
682104842
779973076
454823168
584412897
113585989
465089514
939104958
596989612
357874632
659172974
539889354
829312254
933622533
666676177
277182454
598983485
469791702
963534202
348458811
779059949
163734173
88506528
669535143
932737791
545052009
88693320
184417042
153614659
506429726
497050412
504472377
582073493
4800097
531908783
728432446
344079877
362572765
434757108
