-0.2030 -0.9611 0.4947 0.9580 -0.5123 0.0632 -0.0718 0.4982 0.2647 1.0703 -0.1265 1.0687 0.0815 -1.3568 0.6725 0.0932 1.3725 -0.3258 -1.3807 -0.4976 -1.7614 -0.2403 -0.2701 -1.6685 0.4615 -1.1607 -0.4285 -0.1445 -0.2165 -1.0718 -0.2349 0.3789 -0.3046 -0.0166 -0.0078 0.3315 -1.8968 -0.6425 -0.0321 0.4655 -0.1087 -0.4780 1.5767
-2.8101 0.8576 1.2862 -4.6452 1.6237 0.0522 -2.1729 2.5881 1.5036 0.4598 -0.7475 -0.3053 1.3708 1.2977 1.0989 0.1116 0.9349 -0.6757 -0.0285 1.1261 -0.5957 -0.5798 0.6624 0.0844 -1.4915 2.5313 -1.1630 1.1609 1.9807 -0.2342 -0.7304 -0.0739 -0.0562 -1.9299 -1.1334 0.0632 -0.0956 -0.3759 -2.4072 1.0247 -0.0191 -0.3482 -2.8902
1.0636 -0.1433 -0.0302 0.3159 0.3669 -0.0025 -0.3631 0.3346 -0.4484 -0.5134 -0.1452 0.3847 -1.2602 -0.3867 -1.1792 -0.2003 -0.4821 0.7373 0.0887 -1.5391 -0.1107 -0.0985 -0.3655 0.5690 0.3182 -0.8306 0.0912 0.0337 0.0142 -1.1659 0.3194 0.1597 0.6466 0.2961 0.5709 -0.9455 0.6303 -0.1850 -1.2427 0.4711 0.3381 0.0647 -0.3676
-1.1784 0.6872 0.1611 -0.9694 1.0544 -1.2710 -0.1026 1.1944 0.9249 0.2840 0.1620 -0.1123 0.2453 -0.8883 -1.0835 1.4833 0.7333 0.2425 -0.4959 0.9589 -0.6472 -0.3527 0.5238 -0.4491 -0.6333 -1.6427 -1.5698 0.8350 1.3471 -1.6356 0.2725 2.3332 -0.3540 0.5056 -0.1912 0.2415 1.1477 1.1499 -0.8500 0.1385 0.2361 0.6237 -2.2809
1.6448 0.6762 -0.9239 2.3334 -0.5561 1.0404 0.8764 -2.4536 -0.6304 -1.3481 -0.2258 -1.4884 -1.0247 0.5821 -0.1197 0.4841 -1.6913 -0.6367 0.6184 -0.5141 0.2611 1.2797 0.5085 -0.8350 0.9924 0.3875 0.1314 0.2235 -0.5673 0.9562 0.8365 -1.1461 0.5552 -0.0053 1.2282 -0.4566 0.4367 -0.1513 0.9827 0.2562 -0.5504 -0.0257 0.5341
-2.6487 0.4056 1.0692 -2.8223 0.2790 -0.3407 -1.1061 0.7817 1.4037 -0.1402 -0.4495 -0.3762 1.7067 2.3651 -0.4433 -0.3763 -0.0223 -0.6195 0.3313 2.0982 -0.5609 0.7807 0.3770 0.4308 -0.9339 0.7308 -0.4252 -0.0513 0.6424 1.5423 -1.5371 -2.0511 -0.9495 -0.7440 1.7202 -0.3873 1.8659 1.2016 -0.2685 0.3622 0.2469 -0.1510 -1.1455
0.0239 0.1519 0.8769 -3.3160 1.4874 -0.0454 -1.2581 0.9642 1.8875 -0.0562 -0.5779 1.2154 2.2019 1.3269 1.8946 -0.3891 1.1496 -0.8917 0.7847 1.8646 -0.0072 -0.7920 0.6688 0.1195 -0.2543 0.8365 0.4325 1.5165 1.3299 -0.6779 -1.5576 -0.6050 -0.0088 -1.6360 0.2110 -0.1239 0.1735 0.9551 -1.4744 1.3779 -0.0051 -0.5282 -0.8258
1.0967 -0.0848 1.3713 -0.1896 0.9909 1.5517 0.6508 -0.5902 -0.3765 0.6543 -0.1620 -0.7004 -0.5413 -1.0340 0.0181 -0.3725 -0.9321 0.0849 -0.6406 -0.4285 0.6102 -0.6564 -0.0210 0.7302 -0.1279 -0.3375 -0.8817 -0.3451 -0.4406 -0.0210 -0.3509 1.1445 -0.5042 -0.2495 -0.1478 1.4680 -1.2439 -0.1451 0.1581 -0.9964 1.3683 2.4547 -0.2878
2.1605 -0.5760 -1.7355 1.7390 -0.5717 0.1332 1.1942 -1.7009 -0.8887 -0.1341 0.8242 -0.5918 -0.9444 0.4272 -0.9729 -0.1127 -1.0816 0.8928 0.1040 -0.0201 1.9261 -0.3681 -1.2908 0.1728 1.1287 -0.1817 2.0333 -0.0518 -1.6359 0.0682 0.2134 -0.0621 1.4133 0.1941 -1.8092 0.2532 0.1126 -0.2442 1.6939 0.4044 -0.7605 0.7082 0.6225
-2.0613 0.0099 -0.0660 -1.5887 0.3291 -1.0181 -1.6620 1.9049 1.0105 -0.0259 0.2079 1.2954 1.4548 -0.3677 1.2136 -0.1119 2.0019 -0.4420 -0.1780 0.3945 -1.3427 -1.1527 1.6384 -1.1250 -0.7242 1.6709 -0.6708 0.4397 0.7760 -0.2403 -0.8543 -0.1273 -0.6862 -1.0034 0.1622 -0.5016 -1.1275 0.3634 -0.5375 1.6652 0.1296 -1.0246 -1.1382
0.0283 0.0849 -0.5576 1.5473 -1.2690 0.4330 1.7290 -0.2574 -0.4814 1.1435 0.0406 1.0160 -0.7871 -0.3908 0.9276 -1.0969 0.8021 -0.2840 -0.2013 0.1530 -0.4580 -0.1349 0.5350 -0.8710 0.4254 -1.1204 -0.3584 -0.3106 -0.1743 -0.0253 -0.2276 0.6582 -0.4869 -0.0901 -0.4026 0.5338 -1.8356 0.5510 1.8453 0.3550 -0.5713 0.2116 0.9246
-1.9699 -0.2221 -1.0070 1.3904 0.3549 1.3501 0.3855 -1.3282 0.3096 0.5286 -0.4610 -0.2284 -0.1185 1.3372 -0.1524 -0.5434 -0.4300 -0.6667 0.3010 -0.3494 0.2417 0.3321 0.3328 0.0316 0.5484 0.8985 0.0185 -1.5387 -1.0760 1.3469 0.0899 -0.2289 -0.9202 1.0729 -0.2878 -0.9842 -0.3855 0.4086 1.0986 -0.5045 -0.0968 0.2357 0.9418
-1.5656 0.5344 0.0590 -0.4085 -0.4325 0.7980 -1.4380 1.5833 1.1818 -0.6564 0.1201 0.3368 0.6298 0.5052 0.0721 -0.0075 0.7120 -1.0267 0.1110 0.3727 -1.4719 1.2782 0.4438 -0.4529 -1.0320 0.0789 -0.2970 -0.4757 0.7854 1.6751 0.5012 -0.6004 -0.4275 -0.2089 1.0096 -1.9282 -0.1842 -0.7948 0.4688 -0.3540 0.2585 -1.1613 1.0257
0.4180 -0.2998 0.3548 -0.9443 0.9693 -0.6431 0.1033 0.9155 0.1013 -0.0647 -0.0647 2.3630 0.5135 -1.6951 0.0935 -0.4116 0.0373 -0.5692 -0.0724 -0.2298 -0.7222 -1.3132 0.3070 -0.4254 -1.2290 0.2297 0.0968 0.3243 0.2423 -1.2133 0.0849 1.4743 -0.6793 0.0274 0.9163 -0.2465 0.2235 1.2204 0.0442 -0.2963 1.7566 1.2967 0.7105
-0.8234 0.0735 -1.4864 -0.4660 -0.0664 -0.8665 -0.0376 -0.4564 0.1767 0.4147 0.1477 -0.4591 0.0629 0.3990 -0.2034 -0.3197 -0.4904 -0.5348 0.0071 -0.5152 0.4095 -0.0925 -0.2786 -0.2744 0.4818 -0.6449 0.6728 -0.7891 -0.5076 0.8125 0.1391 -1.5901 0.4812 -0.5264 -0.8676 -1.1653 -0.8212 -0.8668 -0.5709 0.5872 -0.6937 -0.3990 0.1166
1.9010 -0.4369 -0.8133 2.8687 -1.5913 -0.2981 0.8273 -0.0754 -1.1416 0.0808 1.7030 1.2966 -1.0390 -0.7347 0.2535 0.9161 -0.2756 -0.0932 -0.0360 -1.4123 0.8560 -1.2171 -1.9661 1.0910 1.1363 -2.4640 1.6119 -1.2359 -0.9689 0.2197 0.1769 1.3077 -0.1132 1.0959 0.3527 0.8263 -0.4719 -0.4188 1.4994 -0.7449 -1.2783 -0.9506 2.7474
-1.9426 0.7205 -2.2394 -1.0292 -1.1074 0.6271 -0.0371 0.1798 0.3869 1.2168 -0.3317 1.3701 0.5059 0.3246 -0.8246 -1.5457 0.5794 0.3558 0.4868 0.3378 1.9960 -0.9150 1.1245 -0.5705 -0.7692 0.0789 0.2507 -0.9274 0.1767 0.7034 0.0133 -0.5579 -0.9955 -0.3349 -0.8170 -0.8017 -0.5788 -0.2488 0.6168 1.1077 -0.7724 -0.6845 -0.7460
-0.7947 -0.7571 0.0727 2.0309 -0.8768 0.2666 -0.8950 0.0754 0.2123 -0.3122 0.4255 -0.8824 0.2780 -1.3898 -0.9042 -0.1871 -0.1000 0.0018 -0.0102 -1.2766 -0.2121 -0.2522 -0.1019 0.2757 -0.0089 -0.3675 -0.3053 0.0475 -0.8530 0.2185 0.0617 0.0287 0.1547 -0.0295 -0.6426 -0.7292 -0.7508 0.7538 0.0705 -0.0737 -1.1044 0.5732 1.1741
-1.0603 -0.3963 0.7011 -0.4413 -0.0365 -0.2530 -0.2418 0.5633 -0.2240 -0.7591 -0.8192 -1.6138 0.3102 -0.2815 -0.2184 0.3359 -0.6640 -0.3778 -0.1024 -0.2151 -0.6457 0.3832 -1.7221 1.1408 -0.9308 -0.4571 -0.0816 -0.0447 -0.3747 -0.6955 -0.4314 0.3616 0.1456 0.0616 0.5096 0.7880 1.1663 0.4144 -0.8763 -0.9870 0.1532 0.4341 -0.7165
1.0505 1.3159 0.5635 -0.8066 0.8721 -0.1239 0.1031 0.2513 -0.2340 0.2182 -0.0297 0.1187 0.0635 1.1022 1.1500 -1.0127 -0.4326 0.6250 -0.3090 0.7398 1.0399 -0.2331 0.0476 -0.6456 -0.1440 0.3021 -0.8677 1.1044 0.8188 -0.1361 -0.3012 0.9996 0.0501 0.1116 -1.5516 0.0068 -0.2210 0.9125 -1.7429 -0.6912 0.3485 1.8322 -0.6669
-2.1369 0.6899 0.3002 -1.2055 0.9037 -0.1902 -0.8391 1.2436 1.5453 1.2489 -0.0641 0.2742 1.2450 -1.0836 -0.4728 0.8960 1.3728 -0.2007 0.0151 1.1880 -0.9824 0.0236 1.0419 0.1507 -1.2781 -0.6201 -1.2675 0.2343 1.5543 0.2199 -0.3659 -0.7203 -0.6448 -1.1846 -1.2382 -0.9738 -1.0404 0.4356 -1.1998 0.1919 0.3913 -0.2624 -0.8009
1.7981 0.0330 0.2501 -0.5235 0.6987 0.6072 -1.7125 0.0638 0.6702 -0.9970 -0.1661 0.9382 0.9252 0.2370 1.6832 -1.6471 0.8766 0.5282 0.3886 -0.1855 -0.1599 0.1427 0.0153 0.6000 1.4644 1.7145 -0.1063 0.7658 0.6236 0.1544 -0.8803 -0.4022 0.3704 -1.4242 0.0207 0.0330 -0.3791 -0.6968 -0.3260 0.0224 0.3426 -0.7079 -0.1293
-2.2315 -0.7762 -0.1613 -2.8489 0.3489 -0.0565 -0.2948 0.5161 0.4567 0.8437 0.2951 0.0982 0.4448 -0.1808 1.8719 0.8365 0.6787 0.3524 -0.0912 0.2746 -2.0066 -0.3632 0.4949 -0.3188 -0.9066 0.1838 -0.6454 -1.0656 -0.0184 -2.3114 -0.3136 -0.3538 -0.4688 -0.5551 0.1487 0.7630 0.1402 1.1787 -1.0650 0.6678 1.0293 0.1630 -1.6625
1.2308 -0.1617 0.2728 0.1205 -0.5787 -0.3394 0.1209 -0.3785 0.1481 1.0950 0.2294 0.2776 0.4220 0.3945 -0.5155 0.3647 0.5954 1.0502 -0.3754 -0.4545 0.4759 0.4288 0.0475 -0.7200 0.6894 -0.6608 1.2456 0.3334 0.3889 -0.2607 -0.0185 0.2039 0.5169 -0.0412 -0.8643 -0.1234 -0.4429 -0.4318 -1.0938 0.3751 -0.9427 -1.1283 1.3766
-2.2764 -1.3754 -0.8180 -1.1336 -0.7558 0.0485 -0.3246 -0.6070 0.7747 0.6658 -0.5725 -1.0288 0.8948 0.1090 -0.5165 -0.2046 -0.0551 0.2479 0.1092 -1.0222 -1.7963 -0.4834 -0.6249 0.3744 -0.2359 0.1448 -0.1482 -1.2553 0.0212 -0.4154 -0.3447 -1.0736 0.0766 0.3983 -0.1909 -0.4415 -1.4213 0.8953 -1.4295 -0.6345 0.1521 0.0059 -0.8751
-0.1051 0.1829 0.6463 -1.1059 0.8788 -0.5961 -0.2419 -0.4331 0.3806 0.1455 -0.1817 -0.3195 -0.5461 0.5173 -0.7398 0.3598 0.3912 -0.0249 0.0863 1.0239 -1.3061 0.4063 1.0148 0.1457 0.3265 -0.1763 -1.4369 0.8454 -0.3987 -0.1697 -0.4221 -0.2829 0.1519 -0.6480 0.1849 0.7807 0.7646 0.2166 -1.4701 1.2020 0.9951 0.5685 -2.3616
3.2054 1.0670 1.2208 0.6909 0.6547 1.2147 -0.2087 -0.0835 0.0264 -1.7131 0.6912 1.0649 1.2311 1.4404 2.3073 -0.6713 0.8164 -0.4483 0.1296 0.5605 2.2541 1.0446 0.7581 0.3647 0.6728 1.6371 1.1773 1.0715 0.5140 1.9935 -0.2249 0.8422 0.3125 -0.7941 1.3518 0.6151 0.1763 -0.3832 2.0808 -0.3780 -0.6385 0.1060 2.2186
-1.5130 -0.2119 0.3111 2.7545 -0.1705 1.7039 -0.7433 -0.9091 0.6116 1.9242 0.0070 -0.1228 0.4926 -0.2358 -0.0661 -0.6560 0.5209 0.5149 -0.7694 -0.0261 3.0588 0.4222 0.6635 0.0776 -0.0283 1.0532 0.3207 1.4077 0.0000 0.3488 2.8089
-0.0644 0.8337 -0.3006 2.2702 0.5253 -0.0028 0.4453 -0.0446 0.5126 1.1446 -0.0485 -0.5769 1.2160 0.2623 0.0846 -0.0261 0.2269 0.5979 0.1037 -0.0899 2.6123 0.1227 1.1087 -0.4561 -0.1315 0.6566 0.7434 1.2685 0.0000 2.1053 2.1986
0.3855 0.0578 -0.2241 0.5881 1.0253 0.0649 1.0498 0.8011 0.2738 -0.1921 -0.0954 0.2784 0.4170 0.2941 0.8147 -0.2436 0.5958 0.1773 -1.2452 0.0229 0.6953 0.1849 1.2239 -0.3826 0.7867 0.1190 0.2478 0.2438 0.1280 1.1428 -0.1045
-0.4826 0.4338 -0.6265 0.8378 0.6336 0.0379 -1.9424 0.3990 1.4776 2.6463 -0.0019 -0.3934 1.4616 -0.1530 -0.6952 -1.7080 0.2576 0.4850 2.4533 -0.0230 5.6990 -0.4024 -0.1709 0.5739 0.0678 1.5885 0.2986 2.1754 -0.0369 0.4423 2.4128
0.1512 -0.0643 0.6043 1.5564 0.5896 1.1445 1.2472 0.0133 -0.1746 0.2828 -0.6168 0.4858 1.1171 -0.0569 0.7782 -0.0899 0.9060 0.1925 -0.7517 0.0465 1.3143 0.5090 0.6751 0.0370 0.2889 0.4872 0.8185 0.4402 -0.1005 0.6488 -0.0451
-0.6752 0.5400 0.6162 1.9344 0.4035 2.3885 1.4738 -0.1343 -0.2676 -0.1989 -0.4442 0.5512 2.1055 0.1211 0.8249 -0.2553 0.6962 0.1192 -0.6261 0.0801 0.2634 0.6488 0.4568 -0.2011 0.1211 0.9563 0.9358 0.6746 0.0000 0.3170 0.2135
-0.3054 0.1073 -0.1425 1.9055 0.1454 1.3523 0.8316 -0.0447 0.4065 0.7310 -0.2492 -0.3312 1.0549 -0.0886 0.7345 -0.8754 0.7026 0.3999 0.8138 0.0270 3.2383 0.3756 0.0884 0.0920 -0.2644 0.7867 1.1332 0.9835 -0.0083 0.2031 1.0033
-0.8867 1.2614 0.2785 1.2304 0.4998 2.9815 2.1124 0.4212 -0.2656 -0.2357 -0.4279 1.4280 1.7824 0.2127 1.4179 -0.7523 1.1809 0.3513 -0.4030 0.0286 0.9667 0.5701 0.2124 0.0735 0.1712 0.6532 0.9817 1.0567 -0.0224 0.9690 0.3113
-1.2840 0.3902 -0.5594 0.5407 0.1953 2.8666 -0.1231 -0.5164 -0.0518 0.1707 -0.1371 1.2130 0.6197 0.0132 0.7690 -0.3590 0.6977 0.4415 -1.3771 0.0000 1.1836 0.4026 0.9650 -0.3636 0.0790 0.5063 0.3103 1.3668 -0.0560 0.2104 1.0368
-0.0236 0.1602 0.3308 2.3753 0.7081 1.8944 1.6956 0.2588 -0.2529 0.7454 -0.8697 1.8705 2.3256 -0.1202 0.8114 -0.2669 1.1312 0.5534 -1.9547 0.1012 1.2521 -0.0196 1.3954 -0.1879 0.5515 0.2128 0.3829 0.9619 0.1706 1.2121 0.3164
-0.2080 -0.4531 -0.4571 2.6279 1.2866 -0.0296 0.4357 0.1169 0.7541 1.9931 -0.2336 0.2504 0.4922 0.2693 0.0072 -0.2153 0.0568 0.3052 -1.8416 -0.3499 2.2861 0.1056 2.4205 0.0018 0.5317 0.4775 0.4822 0.6001 0.0266 1.8731 2.3555
-1.3251 0.0313 -0.8144 2.2034 1.0359 2.8190 0.9229 -0.3172 0.3184 1.5224 -1.0562 1.5826 1.6620 0.0276 1.3032 -1.4511 1.6650 0.4594 -0.4428 0.0249 2.6091 0.8141 1.3974 0.3291 0.4068 1.2461 0.9146 1.0727 -0.2721 0.9430 1.9787
-0.9849 1.5784 0.5026 1.9496 0.1637 3.5112 2.8774 0.1186 -0.9469 -1.3471 0.0127 1.7779 1.8885 0.6302 1.2006 -0.0500 0.8855 0.0954 -1.6209 0.0000 -0.8424 0.2973 0.6762 -0.5893 0.2202 -0.5676 0.7691 0.7337 0.0000 0.7638 -0.0013
-1.5237 0.1491 -0.9210 3.6045 -0.1985 2.5359 -0.1186 -1.1416 0.4273 1.7006 -0.0370 1.5680 1.3828 -0.6947 0.0398 -0.3787 0.0902 0.4241 -0.8510 -0.0655 1.7811 0.2639 1.1545 0.1221 -0.4545 0.3187 0.5233 2.1772 -0.4273 0.4700 2.3889
-0.9099 -0.3015 0.6878 1.7257 0.2661 3.0790 0.3021 -0.4672 -0.3749 0.8820 -0.2507 1.3649 2.0212 -0.4685 -0.1060 -0.4876 1.2236 -0.5906 0.6286 -0.2251 1.4380 1.3778 0.9442 0.9356 -0.3272 1.1204 0.6298 0.6385 -0.0962 -0.3694 1.2203
-0.6173 0.3820 -0.6116 1.7832 0.2578 0.6187 -0.7072 -0.2053 0.6431 1.3129 0.0000 0.1819 0.9386 -0.1263 -0.0598 -0.7388 0.5408 0.6379 -0.0490 0.0000 2.4277 -0.4736 0.6989 -0.4467 0.0441 0.1907 0.4766 1.6999 0.0244 0.9277 2.1330
-0.6491 0.3636 0.3113 0.6845 0.0502 1.7926 0.7038 0.3429 -0.2756 -0.5326 -0.0948 0.4703 0.7221 0.0911 0.6324 -0.4444 0.8609 -0.3673 -0.3713 0.0047 1.5618 0.5175 0.6717 -0.2093 0.0514 0.4112 0.3604 0.4810 -0.0032 0.1736 0.1166
-0.7479 -0.0466 0.0235 0.5728 0.5560 1.6020 -0.0204 0.0451 0.3636 0.2252 0.0000 0.6171 0.4951 -0.3160 0.3647 -0.6064 0.7398 0.2837 -0.1762 -0.0005 1.6449 0.1087 0.2556 0.0465 0.3007 0.5409 0.5647 0.7776 -0.0111 -0.1666 0.1957
-1.9258 -0.3856 -0.6289 3.9678 -0.1688 1.9706 -0.1103 -0.2658 0.5869 1.7904 -0.0961 0.7336 0.5995 -0.0000 -0.1482 -0.9845 0.0451 0.3477 -1.1709 -0.1635 3.1680 0.1319 0.4273 -0.2834 -0.4087 0.7556 0.4307 2.1017 0.0512 0.2991 2.8922
-0.4573 1.0515 -0.4030 0.9195 -0.1091 2.4353 1.2938 0.0406 -0.3398 -0.4522 -0.0126 1.4737 0.7821 0.9684 1.0600 0.0893 0.2047 0.3189 -2.4842 0.0000 0.1746 0.1110 0.9898 -1.1860 -0.0177 -0.9540 0.2007 1.1177 0.0000 0.7281 0.4874
-1.3555 -0.7879 -0.5515 2.9097 0.7115 1.4367 -0.4573 -0.4909 0.3906 1.7846 0.0000 0.6905 0.8026 -0.0249 -0.7366 -0.8961 0.0986 -0.0450 -0.6946 -0.1966 2.1683 -0.3352 1.1187 -0.0209 -0.0357 0.7426 0.3405 1.3774 0.0000 0.7898 2.5767
-0.6338 0.5078 -0.1152 1.5918 0.2022 1.7347 0.7148 -0.4864 -0.3814 0.4489 -0.3951 1.0249 1.1478 -0.1821 0.4631 -0.1077 0.3185 0.2618 -0.3789 0.0972 0.2295 0.2021 0.7442 -0.1159 -0.2411 0.2057 0.3763 0.8070 -0.2392 0.3654 0.6665
-1.5018 1.1109 0.1723 3.6783 0.6134 5.1989 3.8501 0.2688 -1.2000 -0.6258 0.0000 2.6448 2.4626 0.3056 1.6566 -0.1985 1.0189 0.6947 -2.3738 -0.1216 -0.3230 1.3070 1.9713 0.1643 0.4971 0.0990 1.0625 1.1110 0.0695 1.5862 0.4465
-0.8638 0.1208 0.1237 2.1554 0.2730 1.5855 0.2354 -0.2479 0.0681 0.8154 -0.0222 0.0939 0.6363 0.0116 -0.2413 -0.5979 0.1840 0.2349 -0.4642 -0.0292 2.3468 0.4906 1.1807 -0.0436 -0.0474 0.3858 0.7639 1.0778 0.0022 0.3227 1.0777
-1.4998 0.2877 -0.2770 3.6452 -0.0936 2.2328 0.9786 0.1417 0.5506 0.7735 -0.0588 0.5291 1.0290 -0.1737 0.5591 -0.9660 0.2538 0.0981 -0.8818 -0.0195 3.1293 0.1218 0.1051 -0.3180 -0.2803 1.0055 1.2104 1.9754 0.0000 0.5555 1.8119
-0.6779 0.1648 -0.4053 2.3329 0.9363 2.1964 1.1455 -0.5116 0.0810 0.4599 -0.1667 1.0755 2.0586 -0.2452 0.6157 -0.1268 0.4368 0.0844 -1.2630 -0.0368 0.3207 0.2996 1.1832 -0.0102 0.0565 0.6972 0.9707 0.8663 0.0109 0.5237 0.5009
-1.7280 0.0734 -0.3318 3.6244 0.4172 3.8260 0.8465 -0.9739 -0.4710 0.9178 -0.2216 2.1054 1.4077 0.1872 0.2490 -0.1341 0.2221 0.3750 -2.3919 -0.1864 1.0044 0.3443 2.2390 -0.9244 0.0075 0.1496 0.2757 1.9464 0.0000 0.4568 2.3125
-0.2723 0.9166 0.9109 2.1849 0.9021 2.2617 3.1451 0.9760 -1.0583 -0.2717 -0.2342 1.3503 0.7615 0.7958 1.5575 0.1382 0.8644 0.2440 -3.2387 -0.0355 -0.3616 0.6857 1.8759 -1.0337 0.7379 -0.4661 0.5998 0.4062 0.0000 1.3367 -0.1975
-1.7341 0.5339 0.6719 3.9871 0.4598 4.9736 2.3554 -0.3371 -0.9345 -0.1819 -0.0156 2.4906 2.6913 -0.1661 0.5945 -0.5898 1.1768 -0.0093 -1.5594 -0.0236 0.4228 0.4810 1.4768 0.0677 0.3353 -0.1720 1.2662 1.5150 -0.0016 -0.1869 0.1581
-1.2851 0.7842 0.0702 2.9985 0.5884 2.7245 1.7745 -0.0085 -0.4741 0.2935 -0.0104 1.6028 0.9498 0.0488 0.8473 -0.5412 0.1749 0.7240 -2.3338 -0.0283 0.2673 0.4487 1.2902 -0.7862 -0.0156 0.4384 0.8602 1.2807 -0.0855 1.1652 1.1400
-1.3379 0.9475 -0.2323 3.6944 0.3874 3.1122 2.2781 -0.1239 -0.2814 1.0863 0.0135 1.6123 1.3193 0.1487 1.3130 -0.3445 -0.2210 1.6404 -2.5771 -0.1920 1.7265 0.7043 1.4152 -0.5904 0.1981 0.6256 0.7719 1.5875 -0.0905 1.5706 2.1065
0.4338 0.7093 1.0569 0.4279 0.7435 1.2993 1.3035 0.9367 -0.5372 -0.4453 -0.7032 0.4229 2.5541 0.2626 0.4989 -0.5392 1.3142 0.0221 0.9262 0.1202 1.6691 1.0608 0.5171 -0.0327 0.1480 0.6782 0.5901 0.2351 -0.0826 1.0356 -0.4014
-0.1572 0.1139 -0.2532 2.6310 -0.0634 0.2741 1.1149 -0.0819 0.5436 0.5207 0.0061 -0.2522 0.1769 0.0789 0.3739 -0.0524 0.1291 1.5538 -1.2067 -0.0330 3.3666 0.1828 0.9604 0.1123 0.3828 -0.0044 0.5652 0.6500 0.2375 1.5284 1.7082
-0.5335 1.2247 -0.0995 0.7424 -0.1270 3.0181 1.5402 -0.1675 -0.2979 -1.0412 -0.1609 1.4576 1.7697 0.0315 1.0909 -0.5172 0.8277 1.0415 0.6234 0.0000 1.6426 0.8559 -0.0151 0.4553 -0.3075 0.4682 1.0190 0.9835 -0.2915 0.7284 0.4245
-0.4046 0.4812 -0.1861 1.6904 0.4604 2.7586 1.2465 -0.1108 -0.3569 -0.2525 0.0000 1.1201 2.1203 -0.0130 0.8589 -0.5388 0.2738 0.6906 -0.2398 -0.0142 0.0833 1.5034 0.8687 0.5692 0.0991 0.9677 0.8044 0.2064 0.0442 0.0150 -0.2664
-0.8072 0.3121 0.7568 2.9925 -0.0836 2.7559 1.6150 -0.2256 -0.2986 1.2244 -0.5304 0.4355 0.0491 0.1617 1.0038 -0.6830 1.6543 0.3038 -2.0310 0.0402 4.0362 0.4432 1.1510 -0.4367 0.3575 0.5641 1.2935 1.6031 -0.0345 0.4491 1.2200
-0.8261 -0.3263 -1.0071 3.7456 0.6197 1.3982 0.2265 -1.0577 0.0428 1.9880 -0.0483 1.5575 0.6085 -0.0148 0.0309 -0.2174 0.4032 0.6124 -2.7654 -0.1386 2.0621 0.6566 3.1449 -0.4449 0.6235 0.0899 0.0138 1.9744 -0.1593 1.4679 3.1742
-0.1134 0.1903 0.2763 0.5949 0.3014 0.2800 -0.0657 0.1393 0.0078 0.4962 -0.5449 -0.2628 0.6190 -0.1125 0.3719 -0.5254 0.8841 0.4344 0.7225 0.1338 2.0344 0.2165 0.1807 0.0163 0.2656 0.3755 0.3437 0.0617 -0.1146 0.7931 0.5958
-0.6386 0.2614 0.2134 1.8177 -0.3488 1.4529 0.3498 -0.7216 -0.0957 0.7890 0.0000 0.3948 0.6350 -0.1678 0.2048 -0.0337 0.2726 1.0818 0.0143 -0.0850 1.8221 0.4980 0.4002 0.7087 0.0048 0.2576 0.2954 0.3956 -0.1992 0.4113 1.5227
0.4590 0.0768 0.8583 0.2620 0.2407 0.6145 0.7328 0.4220 -0.2215 0.0192 -0.5376 0.1292 1.1257 0.0552 0.5174 0.0706 1.0391 0.2837 -0.5866 0.0487 1.9291 0.9307 0.6869 -0.0132 0.1137 0.4650 -0.1696 0.1605 -0.0883 1.1653 0.3318
-1.3128 0.3653 -0.3105 3.0235 0.2604 3.2115 0.4158 -0.6997 -0.6027 0.5715 0.0266 0.9057 2.1019 -0.1566 0.4220 -0.7402 0.3006 0.3188 -0.6405 0.0000 1.5323 1.6080 1.9351 0.3522 0.5680 1.2078 0.4101 1.1279 -0.1716 0.4432 1.4935
-1.1253 0.4002 -1.1533 0.1936 0.8271 1.7493 -0.6316 0.3020 0.4524 0.6094 -0.3933 1.2132 0.8942 -0.1132 0.9342 -1.5516 1.0149 0.6890 0.1656 0.0585 2.3132 0.5203 0.6788 0.2226 -0.0775 1.0995 0.4234 1.0243 -0.2893 0.6261 0.6775
-1.4404 -0.0437 -0.6140 2.0588 0.5046 2.1472 -0.2642 -0.4559 0.2768 1.7625 -0.3346 0.6495 0.3504 -0.2892 0.4158 -1.5090 1.1294 0.2987 0.3295 -0.0322 3.2664 0.1629 0.7944 0.4690 -0.0704 1.4241 0.9206 1.8777 -0.2268 0.2253 1.8333
-0.3726 0.1139 -0.0829 0.8551 0.1604 0.8002 0.2793 -0.0703 0.0031 0.2563 -0.0696 0.3531 0.4006 -0.0160 0.1657 -0.2202 0.1619 0.1568 -0.3252 -0.0151 0.6240 0.1686 0.3818 -0.0175 0.0541 0.2087 0.2257 0.4119 -0.0172 0.2282 0.4773
-0.9687 -1.9771 10.5245 6.6168 1.4820 -2.8742 -7.4962 2.9982 -3.7694 -4.5358
-0.2425 -0.8627 1.7229 0.8549 -0.0154 -0.1329 -0.1864 -0.2538 -0.5727 -0.3114
-0.7562 0.1699 8.1679 1.5406 -0.8961 -1.8305 -4.0686 1.1351 -1.7389 -1.7233
-3.6072 -2.8454 11.1423 7.1869 -0.4602 -2.7861 -5.2313 0.2248 -2.4312 -1.1924
-0.0378 0.6065 4.0785 2.6025 0.5588 -1.5818 -2.1668 0.3269 -2.1972 -2.1896
-4.2235 2.2217 12.9767 4.4728 0.7075 -3.2741 -6.2190 1.0975 -3.4046 -4.3550
2.0995 -0.8460 13.6462 1.6196 -0.9494 -3.2625 -5.2862 -0.1590 -3.6745 -3.1877
-0.1617 -1.5345 7.1239 0.4112 1.0869 -1.4664 -1.7530 1.8184 -2.8095 -2.7152
-1.1192 -0.2728 1.0407 2.1244 0.9123 -0.6278 -0.8816 1.3073 -1.5686 -0.9147
-0.3598 -0.9044 -0.3119 2.6001 1.8401 -0.9891 -1.3455 1.1296 -0.1741 -1.4851
0.1521 0.0000 0.1634 0.0000 0.0000 -0.0450 -0.1764 0.0000 -0.0942 0.0000
-2.1631 -2.1111 8.1670 5.7496 0.9274 -2.1789 -3.0073 -0.2028 -1.8842 -3.2966
0.1052 1.1113 2.6077 -0.4141 0.1485 -0.6973 -1.3158 0.4248 -0.3752 -1.5951
-0.3929 -1.4938 3.7514 0.4632 0.1665 -0.2559 -0.7000 -0.6932 -0.3862 -0.4591
1.1502 0.2137 2.8442 -0.8051 0.1211 -1.0106 -1.2003 1.1634 -1.6548 -0.8217
-1.0459 0.5805 7.1585 1.0315 0.8450 -1.5152 -3.4279 1.4570 -1.9805 -3.1030
1.8082 -1.1965 2.5913 -0.9910 0.7449 -0.3084 -0.9192 0.4525 -1.8027 -0.3791
-0.4381 0.7384 0.6842 -0.4417 0.3065 -0.0654 -0.3672 0.5114 -0.5416 -0.3866
-0.2755 3.5333 -1.5173 3.6946 3.8197 -2.6552 -4.1739 5.4090 -2.5175 -5.3171
-0.0254 0.1240 -0.1240 0.7481 0.0000 -0.6471 0.0000 -0.0000 -0.0756 0.0000
-1.1904 2.1923 -0.7507 3.4686 2.5956 -1.8219 -5.2002 4.5058 -0.7752 -3.0239
1.0154 0.7546 0.5658 -0.5376 0.3346 -0.7192 -0.6949 -0.0712 -0.2151 -0.4324
-0.0989 0.1677 5.1726 0.0683 0.2996 -2.2753 -1.4151 -0.1462 -1.0100 -0.7628
-0.8584 2.0968 1.4530 -0.0103 1.1093 -0.9408 -1.4536 0.4492 -0.6467 -1.1985
0.3377 0.0863 0.9534 0.0094 0.1542 -0.5622 -0.3723 0.4054 -0.4577 -0.5541
-0.3061 1.5203 1.6892 0.1948 1.1453 -0.7768 -0.6387 0.2516 -1.1591 -1.9204
-1.3475 2.4096 2.5566 -0.4245 1.8745 -0.0670 -2.3920 0.8679 -1.0738 -2.4039
-1.7642 -0.8676 -0.5531 6.6831 0.5810 -0.8507 -2.9619 2.3637 -1.0957 -1.5345
0.0000 0.0000 -0.0348 0.1538 0.0000 0.0000 0.0000 0.1147 -0.2225 -0.0112
-1.6326 0.0944 1.1258 5.5857 1.6091 -1.9616 -2.1401 2.1730 -1.2393 -3.6143
-1.7018 -3.5552 1.1648 7.9776 1.8987 -1.2913 -4.7988 3.0890 -0.4721 -2.3110
-0.0400 -0.0129 0.2278 0.1440 0.0385 -0.0667 -0.1467 0.0426 -0.0800 -0.1067
