2.8714 -3.0626 3.6021 0.9195 4.3687 3.6190 -3.3437 -1.7393 0.3596 -1.0248 -1.0298 0.6392 -2.8547 -2.1835 1.8665 0.6864 -2.1425 -2.6774 -2.2017 -4.1496 -3.0595 0.3938 1.6495 -4.7261 3.3220 -1.0940 2.8047 -6.0666 -0.4633 -2.3343 -5.8583 -0.2964 3.2136 -1.6978 -4.3942 -2.1203
0.1561 -3.6634 4.2221 -0.5868 4.9972 1.5701 2.0043 -3.0630 8.2072 -3.3721 1.3728 2.4245 6.3002 -0.4846 4.6070 -0.4090 4.2243 -3.4086 0.9213 -3.5937 1.0784 8.9679 -4.4097 -5.0637 -2.7163 -0.0500 1.6020 -3.0119 1.7260 1.6970 4.1695 -4.3256 1.2334 0.0328 -0.9269 0.4037
-9.8400 1.7323 1.1463 -1.5777 -6.1683 -1.1802 4.0334 1.0854 -1.9516 0.3199 -0.2250 1.3302 7.3749 4.0139 3.7986 -0.9232 3.2784 7.5532 -0.7970 0.1080 -12.1748 -2.0065 9.1133 -4.2212 2.5079 -4.3664 0.1534 -5.9842 4.5298 -5.2080 -8.0378 -3.6380 5.0283 -2.6895 2.4582 1.5758
-7.7047 -3.2344 6.4142 -1.4530 1.9808 2.1806 0.1877 3.8861 1.5813 -0.8658 -0.7966 -1.4767 -0.1570 6.5983 5.0738 1.1903 -0.9494 6.3529 -0.0219 -8.9636 -8.9422 0.9683 6.8477 -4.2120 3.8423 -1.9578 4.1309 -6.2531 -2.3251 -5.2962 -6.4899 -1.3902 6.2610 -2.0559 1.0811 -2.5149
5.6589 -1.4063 -0.0668 -5.3712 -6.2322 -1.6104 -3.2023 1.5181 1.0045 -0.6731 -0.2270 2.5805 11.0067 -1.3851 -5.5406 -1.1441 1.5673 -0.6082 2.5898 4.0163 3.1048 -2.5493 -1.5583 1.6852 -5.8805 4.8938 -8.2217 3.9315 1.5270 -0.4220 -1.6561 -6.3809 0.4926 -1.2722 3.3833 1.8894
8.2368 4.8900 1.1893 -5.2597 -6.7274 -5.9781 -2.1878 9.9875 -1.0153 -1.2449 4.0092 3.0754 1.4389 -2.9099 -6.8561 1.2714 -0.7159 3.5857 1.1260 10.6301 5.2343 -0.1641 -4.2380 7.7569 -1.5441 2.8611 -2.1750 8.3638 3.8885 3.2223 -0.9364 2.0625 -2.6058 4.2746 4.0012 -5.7627
5.8644 1.0792 -2.2134 -7.4650 -9.1893 -1.6693 -2.2136 4.1397 -1.9806 -1.5564 -0.9955 1.1164 5.0052 -1.9440 -7.1126 0.0313 -3.2325 -10.6180 -0.7563 4.1911 4.1620 -1.8022 -1.3213 0.6620 -1.0387 2.1693 0.0691 0.9865 6.2077 1.3292 -13.3101 0.0101 -1.0430 -3.7376 1.0731 1.9217
-6.3239 0.9857 0.6780 3.1407 -4.6345 0.4839 -0.2119 4.7232 -3.3576 1.1083 1.5849 0.2295 6.0631 -1.9285 8.6211 -0.3133 3.0621 4.7226 1.1459 -2.6227 -6.5145 -1.3017 -5.1900 -0.0800 0.6484 2.7319 -1.7234 -6.4144 3.4533 -5.3349 4.8666 -3.4651 6.5427 1.6111 3.9117 0.6894
-0.6016 -5.3749 3.5613 5.3745 3.7730 0.3161 -0.3160 -2.9549 -0.9436 -3.8427 -1.0772 2.3546 -4.7588 -3.7288 0.6378 -0.2783 -1.7473 -16.7213 4.6124 -3.8303 -2.3494 2.9959 -0.9895 -10.1698 -2.1789 0.6070 -0.8576 -2.6549 6.8109 3.5583 -15.5783 -6.0508 -1.2314 -1.0263 1.0817 0.6565
-6.6404 -4.7432 2.8499 1.3491 3.8742 3.5058 2.1636 -5.9150 -4.0922 -0.1421 -7.1646 0.5377 -4.0166 3.3447 2.2891 -2.5570 0.4450 -5.1685 3.8407 -10.7378 -5.2757 1.1775 3.4804 -9.6214 3.1139 0.3744 4.1353 -4.4070 -1.3102 -2.9612 -6.5697 -3.4697 3.1685 -3.7474 -1.4065 -2.6226
5.9385 1.7798 0.1014 -3.9859 -3.3062 0.7435 -6.4881 5.1426 11.2405 -3.0633 0.9148 2.7750 7.0910 -2.2752 0.8083 2.7113 0.9003 -0.4252 1.1169 5.9593 8.9179 -0.8939 -4.3006 7.8656 -2.9668 2.0038 -3.0279 -3.9508 3.0343 -0.7029 -0.4847 -3.9941 1.5207 -1.7334 3.0347 4.1647
-13.4562 0.6581 -1.2494 7.0139 0.9386 -4.3155 3.6958 3.3548 -5.0094 0.1118 4.0669 -2.3619 -5.0869 3.0443 5.6144 0.0628 -8.4494 5.2194 0.1765 -4.6054 -10.5672 1.5017 3.5551 0.4822 -0.1633 -2.7112 -2.9576 -2.0016 -0.1467 -2.0339 -1.2149 4.5932 5.6581 2.6785 -1.6489 -0.1309
4.5063 1.7884 -0.9385 1.3429 -1.5366 -4.2236 1.3357 2.1963 2.2393 -0.0408 -2.4649 3.9079 -1.1282 -1.8518 -8.6683 -0.0698 -3.3098 -8.6427 5.2419 1.0150 6.6151 1.5711 -4.6419 -4.4262 -4.6185 4.6720 -5.2823 8.6048 5.3853 5.0819 -6.5766 -0.6144 -1.9578 0.6858 0.9167 0.7281
4.4963 2.2007 1.4329 -0.5803 -3.1376 -5.2477 -2.5253 3.6879 -2.4896 -1.6669 1.6508 1.9906 2.9604 0.5175 -5.0780 0.6153 0.3844 -0.6176 0.0536 3.3482 1.8006 5.3808 -0.9209 5.1748 -3.3445 -0.2752 -1.8357 2.4886 7.9725 1.1624 -12.7594 0.3892 -2.7999 2.8497 2.0107 -2.6573
3.2575 -0.0825 2.6221 -0.3580 0.8096 -1.1075 -1.6618 5.1817 -4.0195 -4.0692 -0.6382 -0.2674 -4.4678 0.4538 -1.3779 1.4950 -4.7109 -3.3613 2.3892 -2.7212 2.1308 1.4706 -1.5226 -1.1661 1.2556 -0.8785 0.6387 -3.2289 6.2579 0.3133 -6.9964 -0.2341 1.3189 2.0265 1.1858 -4.0203
-10.2894 -1.2085 -3.4901 1.1182 -5.7366 1.4110 0.4783 -3.4467 -3.5703 3.0768 -0.9393 1.5643 6.9903 1.9121 1.5452 -3.9243 3.4048 4.4941 3.1299 -4.6884 -6.0697 -2.6404 2.5957 -3.0363 -2.0153 1.5483 -1.4742 -2.6658 2.4499 -4.5236 -2.2179 -3.0343 3.7602 -2.9040 -1.2972 0.8357
-8.0219 -1.1270 1.3792 0.4157 -9.3670 1.1809 -2.2030 2.7474 -3.2070 0.6503 -0.1485 3.7168 -1.2089 2.8898 5.0532 0.1120 -1.4480 -10.9277 2.3661 -0.9409 -7.9860 -3.1200 0.9092 -3.0137 5.3067 3.6468 4.2958 -1.7433 -0.4546 0.0852 -9.5637 -1.4569 0.5095 -5.7987 2.6401 -1.4143
-8.5533 -3.6607 1.1968 4.3181 4.8820 -1.6308 2.7596 1.6810 -3.1382 0.0171 2.7141 -0.5713 -4.8656 3.1863 2.0266 1.4060 -3.2495 2.3338 0.7261 -5.5040 -9.5666 0.6740 5.5974 -6.3798 1.6492 -4.4026 1.6310 1.7720 -1.6403 3.0502 -5.2670 0.7746 -0.3720 0.2257 4.4112 0.2252
-1.5576 -2.9851 -4.3768 -0.3158 4.7120 3.5535 1.2957 -10.0144 6.7378 1.5230 -2.2079 0.8300 1.1546 -1.0360 0.0823 -4.2485 8.4847 11.1258 -3.6542 2.4140 6.1376 0.8248 3.1976 -0.9138 -2.4434 -4.3901 3.2651 1.9724 -2.6793 4.7291 11.5774 -1.5188 -5.6455 -0.2959 -2.1736 2.1117
-11.8344 -2.8815 1.2505 4.9771 -3.9408 2.0431 -0.5655 -1.9280 2.0955 1.4826 -2.3701 0.7469 -7.2421 5.8935 6.7966 -0.3750 -4.5326 2.4352 4.1349 -2.7679 -6.2812 -0.4261 9.6926 -6.2358 3.8265 -2.5269 3.1961 -4.1393 1.1501 -1.1236 -7.2628 4.1266 2.4517 -1.4680 -5.9158 -4.4908
0.1231 -0.9105 0.1911 -0.0221 -2.3931 2.7454 -1.0776 -4.1161 -0.7519 1.9646 4.0921 -0.0614 1.5231 -0.7100 -0.1966 -1.0982 1.2444 7.4789 -0.6409 3.2676 -0.3610 -4.3051 2.1142 3.5133 2.0706 0.8842 4.6995 -1.1410 -0.2026 -0.6033 0.0190 2.9880 -1.8567 -0.7611 -2.3021 -2.3445
-1.9759 1.6034 -1.4895 -1.5518 -3.6985 -2.2677 -0.2781 2.1767 -2.9797 1.5346 -3.9167 0.8396 -5.0383 3.6381 -6.2754 0.5071 -1.4837 -5.2723 0.2146 1.5094 -3.6274 -0.4943 6.7028 0.7639 -0.5556 -1.8639 1.2665 0.9781 1.4032 -2.2726 -17.8878 -0.9784 0.1410 -3.0992 1.3076 1.1764
1.5673 -0.8793 1.5590 1.0228 5.1904 3.3324 -1.2651 -3.5371 6.5657 -2.2928 1.9520 -4.4862 -0.7618 -3.9428 8.6927 2.9000 -1.4480 -0.3461 -4.4465 -0.5149 2.8938 5.0853 -3.5175 1.5895 3.0311 -1.7286 3.3398 -7.0606 0.2354 0.5797 7.9690 3.9010 -0.1461 2.2028 -3.1232 1.6821
8.9173 4.2489 3.1460 0.3466 6.3490 -3.5685 2.6940 0.4711 -4.5155 -4.0440 -4.3008 0.0005 -7.2244 -0.0670 -3.6431 -0.7555 -0.9857 -9.6225 -1.8387 -1.2258 5.7390 3.7635 -1.7972 2.4854 1.7850 -0.9450 2.0632 0.9467 -0.4437 1.7573 -7.0192 1.3182 -5.3202 -1.1763 3.2005 -0.1764
-2.6580 -0.1671 2.6212 -0.4680 -0.0752 -4.8735 -2.3991 7.2446 -3.3626 -4.5779 -2.1056 5.6719 -1.2531 0.0238 8.3244 -1.5582 -5.3849 -14.5008 1.6991 -3.1628 -6.0883 2.8796 -0.2713 0.9028 1.6808 -1.3713 0.4565 -6.0326 -5.4895 -3.9977 -9.8357 -2.0921 6.1080 -6.5699 2.4200 -1.8708
4.8517 -1.8465 3.5288 1.7597 4.0857 3.5199 1.0513 -6.2086 -1.5584 -0.4423 -2.6189 -0.9630 -13.0112 4.1023 -2.1478 -0.9459 3.9314 -3.3149 1.8475 0.2909 3.2324 2.0485 5.3895 -4.6465 2.6736 -3.8759 7.6373 -0.3966 0.6229 1.9654 -2.1079 0.3703 -6.6925 1.5768 -4.8501 -7.4929
2.5269 -2.1438 -2.3601 0.8271 1.7881 -0.7679 -6.2571 3.6565 4.8500 -0.3955 4.9252 0.4774 0.7749 -2.5662 0.9787 3.9595 -7.5360 -6.7511 -0.4602 1.4001 1.5278 1.0796 -1.1523 6.2635 -2.3283 -1.8479 0.3994 0.9109 -5.0108 1.4974 -2.0953 2.6356 -1.9558 -2.4650 1.6545 1.9481
-0.4764 -3.1148 -2.0844 -0.9636 -7.4345 3.1012 -2.2195 1.9646 -2.1293 0.3236 -3.9553 -0.7247 -2.8781 -2.4624 -5.4999 -0.5084 -4.6344 -12.9359 4.9598 -1.0975 -0.5611 -6.0882 -1.2718 -3.5023 -0.9842 6.4257 -4.6290 1.7583 5.3123 -0.3194 -6.5863 -3.8660 1.8390 -3.7759 1.1125 2.3703
5.1384 -0.3202 -0.1131 -4.3532 -0.7113 -0.8072 -0.9484 0.7087 4.2937 -0.6699 0.6444 2.6456 6.9210 2.0262 -11.7389 2.6186 0.6290 -1.4241 5.9896 1.8163 0.0468 0.0545 4.8515 -0.1883 -5.0027 -1.7273 -4.5571 3.3201 6.6031 -1.5346 -11.2836 -5.2834 -0.1149 -2.3794 2.8384 1.5982
4.9617 4.2321 2.0120 -1.9760 -6.8542 -2.3185 -3.6887 7.4747 -2.2079 -2.4268 2.8002 6.1616 4.4342 -4.1595 -3.0631 -1.7058 5.4058 0.6134 1.6511 2.7109 3.4883 -1.2141 -7.0386 -0.6600 -2.3981 6.1809 -2.7718 0.4149 8.7653 1.8134 -7.3008 -5.6249 -0.9849 0.3051 5.9136 -0.6537
4.3785 0.6235 2.4394 -4.9316 -1.2064 2.0274 0.3633 -1.7144 8.3888 -0.1980 2.6899 -1.5394 3.4535 1.0888 -3.2302 0.1815 0.7911 0.4801 -1.8961 2.2284 5.9928 2.2744 -2.2858 2.8500 -3.7755 5.8753 -1.8021 4.6045 -5.4660 1.1455 8.1313 0.1997 -2.4165 -0.0327 -3.5956 1.2412
7.3908 -0.4444 0.0128 -2.4651 1.1989 4.6625 1.2442 -0.3465 -3.1695 1.2778 -0.2488 -11.0008 -5.6089 -3.7732 -4.3235 3.6035 -3.3759 -4.4823 -2.8373 0.3011 6.6928 -5.9346 -3.9339 2.9543 4.9117 2.6342 4.9580 1.9190 0.5719 1.4928 4.6423 6.2011 -5.0032 3.0538 0.8852 0.6195
3.5522 -2.1526 1.9041 -0.4445 2.2032 0.6946 -2.0811 0.0433 2.2818 -0.6602 1.2538 -1.9159 7.8254 -4.6523 5.1898 0.1485 1.0832 6.0694 -3.4549 0.1190 3.9126 -1.2598 -6.8733 4.6300 2.0127 2.0792 0.2009 -1.7241 -0.3727 0.4423 10.1195 0.9671 1.4710 2.8277 1.4610 -0.5233
-11.9105 0.6931 -0.3387 5.3572 -2.3038 -3.2032 1.4056 2.5313 -2.3870 1.4035 0.0691 0.1819 -4.0123 3.2507 8.0811 -0.2666 -3.4800 0.1078 3.3070 -2.8531 -7.7116 2.0623 1.9302 0.9723 1.5063 -1.1717 1.6223 -4.6143 0.8056 -4.2292 -6.0679 3.3958 6.0189 0.3585 -1.2781 -1.8707
-7.7028 0.1064 -4.3886 -0.3698 -4.3269 -0.0785 1.5249 0.2739 -1.8078 1.6497 9.0079 -0.6361 6.1510 4.3237 -1.9473 -0.8513 1.0078 7.8324 0.9493 -0.6816 -9.0380 -0.4754 5.4894 2.6120 -3.2048 -4.1190 -1.3696 -0.5973 3.8151 -3.3746 2.3872 0.4762 2.0927 -0.6867 -2.9237 -0.0672
-2.4393 -4.9108 -0.5392 -1.8648 0.3973 2.6684 -2.4215 -0.9098 -3.1334 -1.7788 4.1082 -2.6350 2.1927 -0.8977 0.0272 -0.1479 -0.7150 4.9410 -2.0293 0.3803 -7.1644 -4.7978 4.4872 3.4121 1.6732 -3.4107 -0.8240 -5.2368 3.6832 -2.5459 -1.9838 -1.9728 4.1259 -0.5140 -0.8865 0.2608
6.9317 3.2891 1.3246 -1.8177 -0.6106 -6.2975 0.1718 7.2280 0.3302 -3.9139 4.4033 0.1836 5.2007 -5.0822 -4.1666 2.5600 -5.3379 -4.4971 2.1126 2.8280 10.3631 0.1241 -11.3868 2.1565 -3.9577 6.7716 -6.1656 6.7315 3.5124 7.0437 -1.4547 1.6108 -2.6092 4.6247 5.8096 2.2005
-1.6254 2.4176 1.1431 5.1843 -1.1720 -5.0647 -1.5889 1.8391 -5.1820 -0.4183 0.1665 6.3834 3.6161 -2.9102 9.6448 -0.2361 -1.1203 -0.8253 -1.3382 3.9770 -2.5892 3.8591 -3.7108 4.0614 1.0894 -1.6088 2.7932 -3.5851 -3.7608 -0.1687 -3.8396 0.9781 -0.2595 0.3438 4.1716 -2.2340
-9.9134 -4.2895 -1.8040 -3.8073 -7.8414 1.5569 -2.0406 6.2809 -0.9539 -2.2059 1.6559 0.7193 5.9556 1.7359 6.2069 -0.4603 -6.1373 -0.8668 1.9506 -1.5181 -6.4374 -4.6613 3.3299 -1.2044 2.4728 -2.5795 0.3135 -5.1070 0.9287 -1.8195 0.7191 0.3008 6.9497 -3.3943 -1.6527 -2.4732
15.9335 5.4242 0.6689 -5.4149 3.9866 -1.5158 -1.0254 -0.3205 9.7532 -1.2302 3.5103 0.9663 10.4781 -3.5907 -1.7799 1.8200 8.1250 14.4370 -6.8059 10.8667 12.1310 5.8160 -4.4249 9.4940 -3.8464 -3.3951 -1.3501 1.8735 -1.6141 1.5658 16.6333 0.4300 -4.8358 5.0529 0.9065 1.2381
1.9523 -3.1231 1.5505 26.3106 -0.8709 6.1639 3.5256 4.9166 1.5386 23.5989 30.1747 20.4105 4.4594 8.5996 2.4588 21.9023 6.5916 28.1858 0.0487 2.2530 -15.7547 1.9348 0.4730
4.2585 3.0811 -7.2299 3.4577 -7.1437 9.8606 2.6041 1.9718 9.0806 14.2519 16.8421 0.2252 4.9609 8.4982 4.3050 6.6866 9.7053 13.2538 -0.0622 -0.1366 -2.9542 5.8017 0.7223
5.3125 0.1774 1.1423 15.0993 4.3063 3.6614 6.2270 2.4527 -10.6406 18.1960 19.3961 5.6851 0.6184 9.6634 3.8308 16.9684 -0.3447 8.8258 1.7594 -4.5503 -3.6565 -4.8109 0.3262
0.0000 1.4096 1.0138 2.4691 -5.5090 -3.2752 5.3110 2.1616 7.0639 7.2952 13.2673 2.5260 1.6569 9.5183 0.6657 4.3930 6.4364 17.5968 0.7669 11.5100 -6.2667 6.3538 -0.0466
-0.4074 -0.3717 0.8393 -3.5477 -11.5304 -0.0074 -1.4234 2.2914 11.7394 0.8689 -0.5362 3.9499 3.9783 -0.0525 0.7993 -1.3147 8.1552 14.9445 -2.0626 10.4557 -3.0630 3.9539 0.0000
3.6377 1.5449 -6.7738 3.3530 -8.2062 3.5843 1.0755 1.0040 3.1657 10.3208 14.8260 -0.5608 2.9859 9.2241 3.4560 5.1705 7.8025 15.7980 -2.3755 2.6745 -2.1685 3.3109 0.5980
4.4937 0.1987 -1.1429 -2.7300 1.1939 4.9090 3.7107 0.7364 1.3799 6.6607 3.4657 1.3980 0.9775 1.8204 2.3891 3.9587 4.7029 3.4517 0.5414 -3.1855 -0.8925 0.7597 0.0000
5.5058 2.0958 -1.4551 12.1208 -8.8582 11.5642 4.0695 5.8599 1.7302 25.5236 25.1691 6.6448 8.1187 10.4072 7.2879 12.0137 4.9333 11.9596 0.3175 -2.9580 -7.7770 0.4556 1.2973
0.0000 1.1851 -2.6372 -1.9928 -8.8676 2.1771 2.8428 0.5375 8.1281 3.3649 11.2316 1.3117 0.0658 3.2111 0.2121 0.3944 10.2828 13.3779 0.7458 8.1685 -6.1887 6.2331 0.0000
1.6936 -3.9387 0.0000 -4.4264 -2.9641 8.5184 4.2821 0.7421 5.8211 6.5409 10.6624 8.0036 2.9129 -4.8660 0.7902 3.4532 10.0208 11.7917 -2.1252 -0.5794 -7.5796 3.8918 0.5038
2.9475 0.2722 -3.3863 5.5050 5.3351 4.8221 4.7707 0.7444 -2.8813 11.6310 21.4447 3.1654 2.1688 13.7814 1.9388 19.1041 7.5206 19.8436 3.6955 4.4957 -9.2178 2.2751 0.2369
2.2867 -2.9636 -0.4393 3.0631 -1.6249 9.0436 -1.5547 0.1877 0.6284 8.4988 11.7703 5.5887 3.9775 5.4964 2.6872 7.7854 4.7906 12.7266 -0.0412 -3.2593 -2.8411 0.4995 0.5276
0.8495 1.2277 -3.9854 1.9132 0.1874 2.3723 7.0287 0.4963 -1.3137 5.7329 14.0448 0.2924 1.5961 4.7618 1.9350 4.7452 4.1940 11.8866 1.3552 3.3380 -4.3104 3.4727 0.0756
6.5656 -0.5027 1.7828 4.2402 -2.7515 9.4575 8.0920 2.1694 0.3372 16.7743 11.8849 3.6370 4.0377 5.0271 4.5557 14.4214 1.6453 6.4763 2.7445 -2.8486 -6.1850 -1.0736 0.1121
-0.5777 4.2522 -3.1061 7.0043 -15.4257 -7.2605 1.4451 3.0366 15.5710 3.1662 5.4222 -0.9718 10.3252 12.3439 2.8723 -0.5041 4.9654 18.6813 -0.3464 20.4216 -6.2169 3.9361 -0.0278
0.0871 -2.5384 4.5207 -3.7691 -2.8626 11.4809 1.8531 1.6784 12.2497 3.0956 9.0027 6.1042 1.4614 -1.2791 -0.5548 4.7393 12.3975 13.8340 -1.2129 0.5521 -3.6871 2.8667 0.3014
-0.2405 -0.0374 0.0881 4.6275 -3.9442 1.2127 -5.8004 4.3547 3.4329 18.5217 13.7148 8.3267 1.5462 3.2077 0.0923 6.4973 3.7814 13.4237 -1.5195 3.7694 -7.7075 4.8883 1.3627
0.0241 0.3529 2.3534 -4.1095 -8.4721 6.2568 1.1761 2.5563 15.3336 3.8906 13.5452 2.4442 6.1194 3.6606 1.2654 5.0593 15.2219 19.3526 -2.6229 3.9858 -1.5867 8.7831 -0.0886
-0.7892 3.2961 -5.0276 4.4687 -7.1649 -3.2147 -0.0428 3.8721 16.1940 2.2984 11.1711 2.4054 7.8862 7.8545 0.6120 6.1081 13.1012 25.0109 -2.8944 14.4390 -3.6785 11.0074 -0.0522
0.0000 -3.7786 1.7929 12.4922 0.0075 11.4702 2.2614 1.8530 3.8414 16.6265 26.4606 14.6029 0.5846 4.3414 0.7438 12.7508 9.2225 17.2792 0.1947 -1.1779 -7.9033 -0.8281 0.2720
1.2343 0.8897 -2.1947 16.3391 0.0183 3.4471 2.1671 0.5502 -3.1489 9.7449 20.3373 10.5203 1.4189 4.8995 2.9390 14.8673 7.5375 19.4991 1.6847 -0.6350 -1.4567 4.2010 -0.7335
3.9372 -1.0417 -1.1948 5.2175 -9.9943 4.0647 1.7118 3.6628 3.5582 13.9904 5.7957 2.2496 1.8142 5.9288 1.8076 6.1523 0.4175 12.0406 -1.0765 3.9668 -6.1940 -0.2189 0.7731
-0.3433 -0.6881 -1.0784 -0.7600 -10.0486 11.7937 3.5263 3.2244 11.4093 9.3126 19.9742 7.7300 2.2376 0.6313 1.7230 3.7503 18.5979 27.5926 -1.7852 6.3429 -7.9583 4.0639 0.6115
1.7882 -1.4885 2.1382 3.3047 -4.4240 1.1500 5.3178 2.5024 -1.0159 9.1970 12.7933 4.9383 0.9395 1.3817 1.8629 2.5361 8.3223 9.6293 -2.7283 -0.8844 -3.7949 -1.7323 0.3404
2.6531 0.6110 2.1405 6.2459 -1.6972 8.5840 4.0436 5.0081 1.2294 17.0373 17.1291 4.7482 2.3814 2.6391 2.3974 11.1116 5.4411 11.1674 -2.7431 -0.9482 -5.7699 -1.6525 1.6075
2.4022 3.9872 -1.7144 16.6745 1.0321 -2.3460 2.5596 1.9340 3.9917 12.9064 19.5057 10.3378 2.9629 8.0735 2.0790 19.2496 8.8594 23.3939 3.1634 9.0192 -4.5706 6.9323 -1.1283
1.7533 0.6214 2.0955 -0.2589 -3.1526 2.1744 1.7682 0.3645 8.0179 2.9721 5.5172 1.4490 10.3437 4.1976 3.7502 6.9773 3.9213 9.4142 -0.6752 2.9979 -0.4278 4.3876 0.0000
1.5405 2.8599 -0.4440 5.1345 -1.3979 3.8874 2.4095 1.7286 3.7046 11.7705 12.3076 4.0017 5.0819 4.0184 3.3045 7.6489 3.2771 8.6728 2.5271 2.6894 -5.4460 3.5066 0.1949
0.5130 -1.0771 -0.0139 0.0416 -2.4301 0.4602 3.3434 1.0296 -3.9610 3.9032 8.5347 2.6282 0.8976 -0.2853 2.0059 -0.1195 5.5645 7.7247 -1.2990 -1.5653 -2.2583 -0.4930 -0.0434
0.2555 -0.5652 0.8659 0.5029 -2.1137 2.0267 -1.0645 1.9179 4.0039 8.9143 9.7164 7.4930 0.1294 -0.0366 0.4104 4.6098 6.6099 12.5614 -1.2389 1.9326 -6.2724 4.0091 0.1189
2.5762 -0.7262 3.2568 4.6488 -12.1337 -0.9936 0.3174 3.5076 10.1531 7.8670 10.6362 7.2576 3.1655 7.2442 1.7881 8.5437 12.2805 26.7240 -4.0452 7.2961 -2.7150 8.3821 0.3176
0.1617 -3.9255 3.1656 3.9227 -6.0449 9.7320 -0.1511 0.0920 11.6182 2.6653 9.2365 9.6414 9.7523 -5.4783 2.1241 10.7988 9.8243 27.5422 -4.7954 -0.5665 -7.8656 7.7619 0.0350
0.4191 0.5620 -2.4308 -3.0210 -11.8218 6.2859 0.3579 3.2302 10.8868 12.4532 17.3755 2.5661 0.7170 3.3463 0.2173 0.3730 14.4617 20.3312 -1.7460 4.6961 -10.5103 8.4734 1.1098
2.1631 -2.6153 0.2891 -4.7898 0.8491 8.9515 -0.6213 1.0610 8.7676 6.8307 8.2055 9.1462 3.1999 -0.8085 0.2797 14.7388 12.5356 12.1040 0.1443 2.5963 -3.0142 5.1996 0.4079
0.4908 1.6741 -2.1883 6.6835 1.9134 3.7299 5.0129 2.0286 -3.8884 11.2151 15.5968 4.0180 0.2471 5.2933 1.7587 7.1580 1.4601 7.1871 4.6346 2.5823 -6.4842 0.7894 0.4232
0.3237 -1.0796 0.1327 -3.6587 -7.6157 4.0847 1.5659 0.1966 -4.0479 3.2742 15.1012 2.6536 1.6836 -6.6726 1.7085 4.9223 13.0879 15.5315 -3.7912 -3.4969 -1.3877 5.5742 0.0328
0.4898 -0.1824 0.2139 1.2923 -1.2253 1.4538 0.7547 0.6929 1.4871 2.7083 3.6634 1.5556 1.0789 1.1759 0.5659 2.1277 2.1240 4.3146 -0.2235 0.5436 -1.5204 0.7223 0.0896
-0.3618 1.1170 1.8541 -1.0302 0.8796 2.0116 -0.1267 2.3083 0.9757 -0.4594 0.2868 0.0882 -1.3884 0.0000 1.4437 1.8062 0.0000 0.0000 0.5290 1.8358
-0.5475 -1.4440 2.4015 0.8175 1.1393 9.5499 2.2379 5.7714 1.6159 -0.1389 3.9332 7.2462 -1.7242 0.0000 -1.8749 6.6127 0.0000 0.3750 -3.3752 8.4377
0.0000 0.7941 0.0000 -0.2454 -0.0000 1.3927 1.3065 3.7152 0.5523 0.0000 2.5332 5.6083 0.0000 0.0000 1.2839 3.5889 0.0000 0.0000 -0.8509 0.8383
-0.7651 11.3947 15.5193 -4.9392 1.7430 15.4823 -0.0254 36.6798 13.2750 0.0933 12.2291 6.3944 -3.2343 0.0000 1.8762 24.1509 0.0000 1.6090 0.3783 31.7252
2.1679 11.1272 2.8223 -0.7077 0.0672 2.0255 2.0405 23.6619 6.0062 0.0000 14.2832 18.6484 0.1594 0.0000 8.5793 18.9613 0.0000 0.3319 0.6043 11.4103
-1.4902 3.9874 1.0590 -3.9225 0.4356 42.6397 13.6168 48.4460 11.3541 1.9865 21.1004 32.0358 1.7511 0.0000 1.5189 19.5917 0.0000 3.7775 6.3529 25.4465
-0.4976 6.6131 5.5805 -8.9315 0.6721 16.2007 2.9296 21.6818 7.1387 0.0000 8.0695 4.6205 -0.8253 0.0000 2.7142 12.7681 0.0000 0.2565 2.5134 11.6953
-0.0848 1.0610 1.3038 -3.1720 0.1355 5.0388 0.8086 7.7528 2.4065 -0.5696 6.7762 7.2869 -1.5053 0.0000 -0.6858 11.7938 0.0000 0.0000 -1.2078 16.4007
3.2311 -1.6905 1.1700 -6.3955 0.5739 20.5189 12.8332 31.5208 9.5197 3.7721 35.3710 25.8508 0.0982 0.0000 -1.4400 33.9713 0.0000 0.7592 3.9985 30.2122
0.0000 28.7148 12.2919 -11.2503 0.5291 26.0596 -5.4665 39.0666 26.2677 -1.2310 5.0150 0.1302 -2.1272 0.0000 12.6055 24.1618 0.0000 2.0024 -5.9812 44.2549
0.6150 11.0268 7.6780 -2.5275 0.5818 24.3154 1.1708 47.0794 15.6240 0.0000 9.9085 9.8577 -0.5534 0.0000 4.0884 18.5808 0.0000 5.0642 -2.2352 28.7224
-0.0341 9.6902 5.4866 -3.6304 0.1224 16.5703 1.6461 28.2365 10.7317 0.5625 12.6663 11.5844 -1.0997 0.0000 1.2389 18.7095 0.0000 3.3119 1.6021 28.1054
-1.8353 2.5827 1.4481 -1.0804 0.0000 2.0628 1.2489 14.0302 8.4280 0.5568 12.8191 14.8229 0.4809 0.0000 3.4360 13.7839 0.0000 0.0545 3.0580 7.8617
2.3096 8.1471 2.5358 -8.3040 0.1910 24.9621 13.6944 41.0933 7.3864 1.3439 29.9427 24.6698 0.9801 0.0000 1.3563 23.9407 0.0000 1.9977 10.2846 13.4032
-0.4267 1.3028 1.0148 0.3900 0.0085 13.2694 -3.2397 10.3593 4.4979 0.0000 2.4279 -2.2455 0.5289 0.0000 -0.7599 0.8352 0.0000 2.9415 -3.8857 7.6807
1.0419 16.2152 9.3477 -4.6625 0.7198 21.8329 1.5667 44.9753 16.3160 -0.0087 16.7574 12.6932 -2.1554 0.0000 5.6111 31.3850 0.0000 2.7918 -3.8390 42.3901
0.8425 0.2685 4.6823 -7.7665 0.0240 16.5852 13.5076 31.6685 2.6395 0.2097 18.8137 25.0366 0.0000 0.0000 -4.1987 24.5467 0.0000 0.5299 6.2693 17.8979
6.1528 -4.7420 6.0007 -5.2089 0.5507 16.2262 15.1897 53.5239 13.8423 6.1017 32.0189 28.0892 -3.0895 0.0000 -3.4454 42.2790 0.0000 0.8951 1.4272 41.3966
0.0000 -6.4892 0.0000 -1.9603 0.2502 8.2302 1.3716 16.5819 2.9213 0.0000 3.4448 3.4901 -1.0126 0.0000 -2.5947 6.3988 0.0000 0.0000 -0.0881 12.4348
6.7749 11.0324 0.0000 -2.5903 0.0000 3.9352 -1.8594 16.2570 1.1156 0.0000 20.0380 3.3056 0.0000 0.0000 -1.1231 10.0866 0.0000 3.2400 3.2235 0.0810
-2.4711 6.6633 3.3527 -9.6584 0.3946 8.9565 2.1255 14.8038 15.4002 0.0000 11.7246 5.5527 1.4293 0.0000 4.0429 11.2259 0.0000 0.0000 7.1447 7.2179
1.3043 6.7508 0.8119 1.4625 0.0777 20.1162 6.2093 31.6487 8.6313 -0.6960 20.3561 19.9551 1.5372 0.0000 2.9625 17.8491 0.0000 3.4859 1.8296 13.4324
0.0000 0.6773 0.1590 -0.5863 0.0000 1.5759 0.0890 0.6722 0.8879 0.0000 -0.4683 -0.2988 0.0000 0.0000 0.5857 0.6155 0.0000 0.0000 -0.7804 1.4595
0.0010 0.2093 0.2363 -0.2220 0.0390 0.8417 0.2190 1.3983 0.4780 0.0450 0.7617 0.6757 -0.0500 0.0000 0.0730 0.9197 0.0000 0.0783 0.0607 0.9460
0.0000 0.0000 -5.3932 -1.3167 -0.4115 0.0000 0.0000 7.1215 0.0000 0.0000
10.8438 70.1315 -14.1127 -21.3321 -4.9991 -5.6872 -22.4968 9.6584 -11.2193 -10.7863
0.0000 3.9408 0.0000 -0.1082 -1.0095 0.0000 -2.8231 0.0000 0.0000 0.0000
21.1326 8.2262 -2.6300 -6.0286 -7.6187 10.3301 -12.3020 2.1527 -9.6787 -3.5836
0.0000 0.5419 0.0000 -0.4126 0.0000 0.0000 0.0000 0.0000 -0.1293 0.0000
4.4592 52.5465 -4.5756 -5.6329 -4.5830 0.2293 -17.4652 -4.0381 -20.5883 -0.3518
26.8218 19.8920 -10.3559 -7.2151 -16.2923 -3.7424 -2.4367 5.5598 -10.5768 -1.6545
22.6702 37.5486 -9.0779 -17.1511 -7.1794 -8.8778 -14.9835 4.7150 -4.9034 -2.7607
22.2244 42.7574 -6.3620 -7.3814 -18.7145 -3.3815 -18.2858 2.4317 -12.8360 -0.4521
3.8334 2.8061 0.0000 0.0000 0.0000 0.0000 -2.8061 -3.8334 0.0000 0.0000
60.6760 26.3652 -30.1254 -32.8201 -21.7089 -10.1172 0.0000 18.5953 0.0000 -10.8649
33.6179 20.2101 -6.0677 -6.4195 -16.6178 -1.7059 -10.3861 -1.9234 -6.5979 -4.1097
0.0000 2.3170 0.0000 -0.6243 -3.1678 0.0000 0.0000 3.1678 0.0000 -1.6927
0.0000 0.0000 0.0000 0.0000 0.0000 0.0000 0.0000 0.0000 0.0000 0.0000
14.8216 84.6267 -22.5904 -25.9497 -8.0956 5.3051 -37.7677 12.3597 -11.3283 -11.3814
49.4212 82.4190 -27.7604 -39.5242 -6.9052 -14.3700 -26.7308 10.0458 -15.4538 -11.1416
0.0000 0.0000 0.0000 0.0000 0.0000 0.0000 0.0000 0.0000 0.0000 0.0000
0.0000 3.3054 0.0000 0.0000 0.0000 -0.7782 0.0000 0.0000 -2.5272 0.0000
6.2448 11.6634 -3.9315 -4.6175 -11.8198 -1.0909 -2.0245 11.9150 -6.3390 0.0000
72.0254 97.5812 -24.9108 -28.0087 -32.6653 -11.2886 -34.8271 0.0024 -25.4971 -12.4115
0.2667 0.4667 -0.1333 -0.1667 -0.1333 -0.0333 -0.1333 0.0333 -0.1000 -0.0667
