1.3560 -0.2515 8.5665 -0.9371 1.6016 -5.1551 -2.6253 -0.0301 -3.3486 -1.2445 -4.1821 3.2706 2.1019 0.9889 -12.7632 3.8268 -7.1027 4.7583 3.7396 -10.7659 -4.2694 7.4259 4.4508 -4.5881 -3.5621 -5.6359
6.0177 8.8859 -0.8604 2.8372 9.1793 0.8142 -9.0963 -8.9885 2.3246 0.1472 4.0328 6.6152 0.4157 6.1402 -1.5570 9.7211 0.6285 -5.6977 -4.4741 2.6472 -4.9953 -12.9881 4.5451 1.1780 -7.2727 5.0271
-0.6956 -2.4898 2.5810 5.0382 -2.5955 -6.1693 6.2545 7.2040 8.2718 8.8678 0.2160 4.6023 2.7381 -7.6703 -1.7217 -5.1115 -2.1393 9.4063 4.6642 -0.1881 -5.8818 -1.9397 -2.3190 4.3713 4.5418 18.3977
3.6262 -0.6577 -0.6849 -1.8391 0.1406 -2.1061 1.1177 5.8474 19.6776 -1.7723 -0.0981 -2.7135 -1.4244 -2.1656 -2.5608 -6.0047 2.8814 1.5302 6.1573 -1.2924 1.3941 0.8671 -6.5482 4.9546 6.5836 10.4168
4.0050 3.2241 1.2800 1.1805 5.2316 0.1093 -8.4147 -0.6279 -3.1433 -1.2747 4.5300 2.3796 -3.1970 8.7520 -6.6603 3.8978 -0.3256 -2.6637 2.6989 2.8428 2.3686 -5.3745 -0.2314 0.9963 7.9070 -2.8667
-4.4361 -0.1362 1.8762 -2.1680 -5.1630 1.4422 3.1899 -2.1652 -4.3446 -4.3549 0.4143 -1.3412 2.0283 -3.8534 -3.4649 0.4048 5.5992 6.4263 -1.8630 2.7588 4.2670 -1.0166 1.1279 -1.9712 -1.9458 -6.2440
2.3197 4.9674 -7.0666 2.9614 -0.7249 4.0636 4.9328 0.9776 8.3995 0.6944 0.4093 -0.2584 -6.6171 1.8000 8.8181 -6.2702 -0.5710 -2.1305 -1.9312 1.4997 0.9721 -2.6194 4.9887 -4.0427 -2.1352 0.3474
-0.1512 0.9379 -1.3304 0.6938 -1.1097 4.0548 0.1549 -7.8268 0.1517 -2.2357 2.9698 0.1233 8.8618 6.4239 4.1877 4.6743 4.0653 -4.4278 -3.7592 -6.8518 -0.3057 -4.3314 -0.0354 -3.2469 -1.1531 3.3188
-9.5680 -6.3323 -0.7651 2.3891 -5.2809 -0.5051 4.6571 -0.5814 1.4579 3.3349 3.9490 -0.1958 -2.9805 -4.7931 -9.1502 -6.3975 5.6428 -1.1341 -3.1922 2.5688 6.3302 7.3919 -5.0022 -2.4768 6.8756 1.3397
-0.0248 3.8929 5.0100 -6.0106 11.3809 1.0841 -0.0828 -10.8432 -8.8809 -4.8935 -1.0764 3.3959 -2.3705 0.4301 0.6296 4.0233 -4.1616 1.5316 -2.8697 -1.5203 0.1979 -3.4314 9.1093 -2.0558 -16.5501 -7.1397
3.2416 3.5427 -2.6947 -3.1684 3.4568 -1.1830 -3.4611 3.5869 14.0370 -4.0462 6.6336 -5.3690 -0.9079 -1.1390 -8.4175 -1.5044 6.2823 6.4008 10.8416 2.7427 -2.7007 -13.8645 -5.7576 1.2493 9.5493 11.5940
-1.7306 -5.9743 -2.9769 -1.0779 10.1605 -4.2980 -5.3597 -8.5162 -3.9870 2.2852 -2.8164 3.5946 5.0392 12.9112 2.1110 9.4926 -6.7008 3.6225 -7.5357 -3.3055 1.6216 -4.8161 4.4048 -4.0647 1.6906 4.6048
-3.1259 -2.3033 -0.7886 6.5152 5.8269 -0.8188 7.4566 -6.4407 -6.0103 5.0950 -4.0815 1.0921 -1.6263 4.0778 2.0990 -0.2513 -2.2999 -9.6609 -6.7929 -4.0874 -0.4387 4.8401 -0.6068 -4.2852 -5.5227 4.9136
-3.7888 -0.5716 2.3485 -5.9865 1.6410 0.0376 -8.2035 0.5430 4.9388 8.6563 4.3325 0.7727 10.8111 -6.7291 6.2454 6.7678 -0.4777 18.3606 9.6043 2.9312 -17.3261 -9.7005 1.5056 -0.2049 1.8825 7.4922
0.5963 -1.5532 1.5589 0.8148 3.6142 -2.5117 -4.2267 4.0874 -0.6693 -2.6074 1.6180 -0.3376 2.5783 1.1644 10.2228 -1.5719 6.8760 2.7919 -2.6625 6.1686 -3.8975 -3.3677 2.0303 3.2354 0.3349 4.0117
-2.9798 -0.1398 -4.3187 -10.4714 9.5627 -1.1072 -3.7801 0.4517 1.5273 -0.3603 -0.4342 3.8075 -2.4319 -4.3968 0.1874 5.4444 -1.9720 -1.3969 1.0440 8.2840 -6.2060 -0.9712 0.3034 -3.3490 -7.5072 0.9260
5.8582 3.1731 -0.5381 -6.3565 2.0901 -3.4445 -6.8494 1.8897 8.7742 -2.5658 -1.4264 -2.9346 3.8398 3.1291 -6.3027 0.4926 4.7494 8.7814 1.9291 2.7812 1.0639 -0.2816 -6.2933 -0.0378 12.1951 3.0048
-3.5820 5.1546 -2.4714 2.0548 -9.9186 3.3623 -1.8712 -0.6214 2.3707 -0.4745 4.8261 0.5980 -1.2264 2.6582 -0.2126 2.0970 -2.1310 -7.3393 -2.4915 -5.0079 -4.8783 -1.3758 1.8699 -3.0860 -0.7346 -2.7280
2.0189 -0.1069 -9.4006 -7.0743 7.3377 -2.2095 0.4707 0.9066 8.5473 7.0018 1.6637 1.4600 -0.9257 3.1316 3.1702 2.0254 -0.7139 1.0003 0.1489 8.2430 2.2431 -6.5784 -3.6909 1.9476 6.9932 8.0853
5.0992 -6.3079 5.0861 -6.2694 4.5424 -0.5213 -3.1769 9.2357 -2.5213 -2.2424 -3.0854 2.7973 -2.8468 1.6201 9.4008 -1.4520 -8.1962 2.3726 4.0499 -1.5196 1.4528 -2.3319 4.7616 4.8976 -8.2725 -4.0808
2.1887 4.2225 -6.8884 -0.9237 7.1828 0.5102 -1.1728 -3.3796 5.3542 -2.1481 -5.9755 -0.9781 1.5478 3.9311 -2.3534 9.2169 -5.8345 0.5111 -0.1070 -5.8044 -5.6789 -0.6019 0.4709 1.9193 -8.0700 4.2140
2.6361 2.0498 8.0509 8.1793 -1.7003 0.7599 -1.0258 -0.5923 -12.7484 2.9723 0.1216 -2.9568 4.4572 -1.8100 7.0108 -0.0164 1.9270 2.7179 -3.7982 -0.5430 -6.2024 5.8036 5.7855 -7.1734 -1.0822 -4.5718
10.3420 3.1855 3.4593 -0.3214 13.3773 -3.9381 -9.2167 4.0657 15.9060 10.3666 0.3051 3.2874 6.5522 12.0501 11.4522 3.6560 1.2415 14.8811 9.1903 -0.2172 -13.6424 -8.4460 -5.1741 7.0131 12.0468 12.9607
1.0270 1.3713 1.2570 -0.9704 1.4445 3.9695 -1.6709 0.1114 1.7498 3.9356 1.5516 1.2562 -0.4886 13.1910 1.3077 3.4048 4.2563 5.3319 -0.4709 12.0596 2.2183 -3.1329 1.2343 5.4070 8.6060 3.9836 0.4764 -5.0318 -1.9276 -3.7152
-0.3841 7.3757 0.0263 4.5955 0.0023 2.9551 -0.0430 0.3281 -0.1090 4.1303 0.0476 0.6533 0.2866 11.2228 0.4755 5.7668 4.9321 2.2743 0.5381 17.8772 -1.4277 -3.4937 0.1733 5.3346 11.4239 3.8865 1.4599 -5.0148 -1.5026 -4.9798
-0.5449 1.3666 0.5116 2.0063 1.7881 5.4520 -2.8301 0.5521 0.0000 1.2334 -0.2531 0.2585 0.5791 9.4376 5.5991 4.9197 2.1373 4.5766 0.2627 10.0144 1.8927 -6.6765 1.6548 2.4047 12.7396 4.1478 -0.2810 -2.8749 -0.8254 -1.7594
0.8608 5.3497 4.3745 0.8763 1.2989 1.9586 0.7152 1.7095 1.0150 1.6449 0.2025 1.9526 -1.1480 4.3085 3.7338 1.3570 7.1837 4.1787 5.4310 6.8868 3.3114 0.1314 2.4914 1.2508 11.7811 -1.0342 4.7318 -3.3474 0.3048 1.2113
-0.6065 6.7623 3.0036 -3.3429 1.4783 4.0223 -0.8328 -2.5485 2.1449 0.4679 3.5723 -0.1899 0.8633 24.6798 -3.3073 4.9550 3.8395 -1.0316 0.7557 24.1172 -2.6963 -2.3606 -2.9052 6.6517 5.9864 10.5682 4.9298 -12.8936 -0.4275 -2.5409
0.4044 -0.2733 -0.6739 -1.4963 0.4558 0.9210 0.6408 -2.0477 0.0961 0.2375 0.6406 -0.5776 1.8853 1.5437 -1.2955 0.9275 2.8062 0.6859 1.7861 6.0317 -0.1206 0.9264 -0.3379 0.4620 3.8850 -0.3504 2.4170 2.7726 0.3075 -0.7692
3.9571 2.6734 7.6776 4.5269 0.3725 1.1703 2.6901 -0.4544 -4.2044 -0.8349 3.3899 5.0996 2.7837 9.6047 4.0688 2.4687 8.7850 12.1052 0.6071 20.0745 -0.0947 0.3150 1.3036 2.5714 18.0417 15.2885 -0.4746 -0.2485 3.8596 -7.9233
2.8440 -0.6952 0.0584 -6.6061 0.3565 0.5047 0.8644 -2.3052 4.1050 2.9644 1.8562 2.6008 -2.0182 13.3118 -1.0339 -0.7249 12.5412 11.9831 -0.8202 26.6784 -0.4687 1.1268 -8.6875 4.2283 18.3158 7.2605 -1.8305 3.4691 -4.1601 -14.7365
1.5449 -1.3821 -0.6482 -3.7209 3.1620 -0.0994 1.9569 -0.8086 0.9966 4.1402 -0.1736 1.4133 -4.6783 6.8132 3.4555 -0.1904 9.0504 11.9229 -0.1849 12.5533 0.2180 3.1665 -2.6928 0.7793 17.3659 2.7410 1.3720 5.0981 -1.7313 -5.5219
3.6269 -1.2564 4.1390 -4.9246 3.7433 7.4102 -2.0840 -2.8780 3.5403 -0.0705 1.0779 -2.5435 0.8356 11.8663 7.7257 4.5324 10.1117 4.8187 -0.8250 22.4992 -3.1512 -6.4473 -2.0937 3.1033 21.2968 11.4333 0.4164 3.7061 -1.3041 -7.5199
6.9929 -2.4303 -0.0084 0.6023 3.1324 0.8900 -5.3353 1.6470 2.0478 -0.1807 0.0000 1.5567 -8.2900 1.1016 13.5648 0.4941 3.0436 0.8547 6.8682 5.7599 0.6567 5.5823 -2.0534 1.3389 16.6941 3.9335 10.9852 7.9451 -0.3175 -3.8634
1.0008 0.1665 1.3706 -0.8274 0.1864 2.4081 0.6162 -0.5931 -0.8193 0.8450 -0.3804 -0.8657 2.9271 6.3423 0.3683 1.7561 1.8947 2.7935 -2.5527 10.7050 -1.7095 0.0882 -0.1284 -0.2561 5.6965 6.0632 -2.8999 -2.8219 0.3985 -3.9124
2.3847 0.3514 1.1931 0.7106 1.0463 0.8672 -0.1405 2.2658 -3.0534 0.4468 -0.1829 0.2040 -2.9093 8.7881 7.1216 -0.2683 3.9419 8.3150 -2.6608 11.3478 -3.2664 -0.8400 -0.2965 -0.1045 18.1461 11.0051 -0.7544 -2.0376 2.2215 -6.0678
2.1364 5.1877 3.3472 1.2323 4.1550 2.2874 1.6447 4.4240 -0.1648 -0.0385 2.2493 -0.6036 -2.5087 13.2716 4.1596 4.8788 7.0188 -3.7743 2.3188 12.5276 -0.6908 -1.6576 -3.4673 5.5318 12.2558 5.2190 8.2223 -10.0931 -0.4333 -4.9169
-0.3616 3.1428 7.6880 -0.2805 2.2089 0.0440 3.4002 2.9438 -0.3413 -1.6932 0.5112 3.9365 2.0598 9.0221 3.5959 0.0733 11.5480 6.7826 2.1742 21.2446 0.2427 2.2255 -6.3455 4.6484 17.8647 10.4716 1.4594 -6.2681 3.2590 -11.3305
-0.0848 4.4045 0.1589 -3.1954 0.0000 1.6582 -1.9975 -1.2527 4.5766 2.3983 3.1860 0.3760 -1.7752 19.3576 -3.5306 2.9144 3.5269 -1.7314 -0.7674 17.5528 -1.7853 -4.2553 -3.9141 8.0461 4.7100 6.5006 2.4413 -6.0185 -2.8151 -5.0717
3.6739 1.3424 5.8935 3.5603 2.5837 1.1090 -3.3822 2.8028 0.0049 0.7585 0.9559 4.6380 -2.1181 13.5274 9.9465 1.4083 8.5831 7.4430 2.5854 13.3489 0.4716 1.6527 0.2212 2.8291 27.5218 9.5429 7.0420 2.3382 3.0084 -7.9176
1.0559 -0.3848 0.2478 0.1277 0.9031 1.5973 -4.5594 2.0869 -1.6348 2.6793 0.1121 1.4672 -5.9472 11.5850 10.4627 3.8568 1.6315 13.2473 0.0179 19.1080 -0.1506 -3.1220 0.7560 2.2827 20.1635 12.2645 5.6045 0.7504 -0.3398 -6.8007
-0.5922 -1.2590 0.4343 -8.0091 0.3048 1.8784 -0.8750 -1.3130 1.4496 1.0642 -0.5541 -0.7736 1.4967 17.5733 3.1307 0.7082 1.7481 12.1944 -0.9578 28.9854 -2.1956 -3.7535 -1.8282 1.8128 10.7894 13.1117 4.0854 -8.4245 -1.1782 -9.5113
0.7629 3.4508 -0.4498 0.8853 1.0346 1.4883 -0.9298 -1.2946 -1.3779 1.9964 -0.2950 3.3815 3.5594 11.8426 3.8722 2.0417 3.3648 1.7114 3.6761 17.7204 -0.2382 -4.6505 2.9344 3.8530 6.2816 5.9588 3.7239 -6.3945 -1.9434 -4.8780
-2.3408 4.9657 5.6295 -1.6318 0.7424 2.8612 3.6916 1.1471 0.0310 1.3146 -0.1290 3.0834 7.1509 10.2005 -1.2242 5.0663 6.5056 4.6183 3.8865 25.5192 2.0887 -8.4729 6.0409 3.6373 13.5977 8.8288 1.6762 -7.0566 -0.6072 -9.1029
1.4513 0.3781 -1.0382 -3.0876 0.0793 2.0397 -3.6968 0.6432 2.0184 1.4710 0.5053 -0.2456 -3.6961 12.1445 0.9669 2.9897 1.1977 5.3506 -1.2044 18.7069 -0.7076 -0.7709 -2.2228 4.3135 11.2559 9.2688 3.8964 -8.3882 1.6392 -9.5234
-0.5664 -1.2767 0.1797 -9.6380 1.7450 4.9253 0.9778 1.2831 1.9237 3.9165 -0.0485 0.5633 0.9009 15.0673 3.7816 4.1099 3.5785 13.8748 -3.6894 32.3974 -2.4219 -2.6654 -6.7113 4.8784 14.7090 12.0527 -1.9436 -6.7094 -2.9512 -11.1929
1.2621 0.3717 0.9842 0.5620 0.6983 4.8513 1.3684 -2.3819 1.3399 0.8699 0.0291 -2.3970 3.7568 9.6737 -2.0716 5.1186 2.6779 0.0931 -0.8040 14.6707 -0.7304 -0.2290 1.0979 3.0261 1.6453 3.7693 0.6671 -5.2769 0.0381 -4.8691
-0.2227 3.4317 0.4973 2.0143 2.2386 2.4503 0.9772 -2.8391 -0.4360 0.2280 2.1515 -2.0492 -1.7747 10.9646 0.3613 3.8420 6.7661 0.6926 0.2315 11.4320 -3.3666 -2.9832 -3.1648 3.6586 10.3824 3.8141 5.5647 0.1030 -0.2081 -4.6046
1.8004 -2.2011 5.0677 -13.6084 3.7212 -2.0242 -2.8346 4.6985 3.3864 3.1126 0.8606 3.1634 -13.9197 19.1943 13.5751 -2.9928 11.3043 26.6559 -0.2788 32.9676 -0.3784 -0.4615 -7.1832 2.0913 41.4522 20.6086 7.5516 -0.6451 0.7660 -18.1852
0.6121 0.5816 1.0836 -0.2525 0.7775 0.8353 0.1106 0.2570 0.4555 0.4127 0.3358 0.6557 -0.0188 3.5508 1.8156 0.8053 2.4565 2.0693 0.8376 5.8622 -0.0480 -0.2157 -0.3425 1.0678 5.4922 2.2363 1.3527 -0.4935 -0.3875 -2.0982
0.5187 -0.8708 0.0000 -0.3572 -0.0411 -0.4605 1.7468 -0.2079 0.6057 -1.4443 1.2912 -0.5402 2.0860 2.6865 -1.0570 0.8911 -1.9070 0.0000 3.2450 2.5491 -0.1259 -1.7658 0.3016 0.0000 0.8787 -0.0354 0.1280 1.2179 -0.4228 2.1689 0.1951 -1.0110 0.2921 1.6472 -1.2975 2.0141 0.0000 -1.2073 -0.0994 -0.1759
1.5639 -2.9121 0.2907 0.0625 -0.9874 -0.6457 5.5215 -0.7517 1.5868 -3.2294 1.1119 -0.0162 2.0217 3.9392 -0.7114 0.8989 -5.2791 0.0000 4.3085 1.4178 -0.7279 -2.3936 0.4186 0.0000 2.5752 0.1415 1.6747 2.3397 -1.6969 2.7876 0.0000 0.0000 0.2556 4.2326 -1.9695 1.9254 0.0000 -1.5641 1.5263 0.0000
-0.0012 0.8113 0.0000 -0.4985 1.4158 0.4254 2.9772 0.6068 1.9391 0.0381 2.5802 -0.5566 0.5240 2.4737 -0.6667 3.4076 0.3206 -0.0302 2.3853 -0.3804 3.1494 -1.9526 1.4725 0.0000 3.7947 -0.0223 -0.0474 -0.1107 0.6046 0.6693 1.5606 0.2829 1.5188 3.1304 -1.2751 3.4331 0.0000 -1.3676 1.8720 -0.2387
8.1672 9.3414 3.3214 -3.7129 4.1562 -2.7134 10.5731 0.7010 7.7245 -3.0968 7.1240 1.6082 2.7976 24.8989 -2.0925 12.8274 -8.5135 0.0000 15.6719 6.0795 6.8841 -13.2493 2.0111 0.0000 16.9159 6.7601 1.7904 3.5280 13.2243 9.4931 2.5055 -3.0631 5.3926 6.7941 -5.3156 12.5237 0.0000 -6.5689 -7.2963 -1.8717
0.0500 -1.6109 0.0000 0.1857 0.0176 -0.5174 2.2411 -0.1725 0.2358 0.0000 1.2666 0.0000 1.0884 1.4891 -0.0805 0.1218 -1.7770 0.0000 1.3642 -0.2163 -0.1483 -0.3951 0.9699 0.0000 1.8423 -0.0489 0.2922 0.0000 -1.4692 1.0895 -0.0583 0.2118 -0.1016 1.5920 -0.9003 1.1626 0.0000 -0.0020 1.3351 0.0000
5.4362 0.4558 -0.7393 0.2879 1.6026 -2.4004 5.3723 0.1442 0.1830 -3.5945 0.6095 2.0966 2.8884 5.1388 -0.9716 1.2685 -7.5269 0.0000 3.1340 3.4325 0.5875 -2.9088 2.4249 0.0000 4.7599 0.1861 3.4280 1.7862 3.3273 2.7575 0.1265 -0.0339 -0.2395 3.0842 -2.1636 1.3130 0.0000 -1.3642 0.4794 -0.0128
1.9717 -0.6999 0.0000 -1.7691 2.4902 -2.2551 10.1325 1.8326 4.3621 -5.1549 3.3499 1.3435 3.7449 8.5991 -2.8638 1.7470 -10.2457 -0.1230 4.4061 2.9766 4.2155 -4.4355 0.4791 0.0000 3.7494 2.2397 3.8665 3.0209 0.2877 0.7070 2.1866 -0.0301 3.5501 10.4610 -2.6150 5.8214 0.0000 -1.4641 3.7169 -0.7900
0.8639 -5.3802 -0.0909 -2.0369 -1.1657 -1.9623 14.0412 1.6033 7.5701 -4.6543 3.8519 -0.0440 5.8805 7.5444 -2.3590 2.8175 -7.9535 -0.0958 7.0825 1.2502 1.3138 -7.4780 5.3753 0.0000 6.2874 0.1636 2.2950 3.0964 -3.9787 1.7785 0.5740 -0.5966 2.4671 9.3917 -2.0102 5.8102 0.0000 -2.8349 5.4142 0.0000
-0.0216 0.0051 2.4320 -2.2891 -0.5472 -1.3163 3.2629 0.2992 1.5911 -1.4850 3.7261 -0.6869 2.3015 7.6504 -1.4674 4.0427 -1.3738 0.0000 6.5623 2.3946 -0.8602 -5.6546 0.5263 0.0000 2.3195 2.8218 0.0000 2.7140 1.4358 6.4059 0.9843 -2.0906 0.3908 0.4671 -2.2301 4.4862 0.0000 -1.2083 -2.8316 0.0000
0.3770 1.6832 0.0754 -0.8227 0.0682 -0.0315 -0.1908 0.1892 0.0734 -0.5654 0.4253 -0.2723 -0.0733 1.5207 -0.5184 1.0199 0.1679 0.0000 0.2285 -0.2864 1.5520 0.2713 -0.6181 0.0000 0.8869 0.1876 0.1493 0.2017 1.8927 0.6477 1.2459 -0.0020 0.8071 0.5132 -0.5482 1.0778 0.0000 -0.0527 -1.2320 -0.0510
-0.0009 0.5539 0.2624 -0.4919 0.7841 0.0635 -0.2297 0.0000 0.1203 0.1126 0.4825 -0.0045 0.2525 0.9502 -0.2928 0.4242 -0.1951 0.0000 0.5588 0.7131 0.3278 -0.7866 0.4465 0.0000 0.0075 0.2161 0.0000 -0.1627 0.5644 -0.1088 0.3136 0.0000 0.4239 0.2136 -0.0427 0.6049 0.0000 0.0275 0.0790 -0.2899
-0.3127 -0.0934 0.0000 -0.1486 -0.1328 0.0240 1.4246 0.2369 0.4709 -0.1045 1.0523 -0.8507 0.0127 -0.1418 -0.7393 -0.0720 -1.0625 0.0000 -0.7158 -0.5131 1.5593 0.2050 0.7290 0.0000 -0.3445 0.1188 0.1314 0.0000 0.1510 -0.0999 0.9328 0.0000 0.1203 2.1381 -0.1911 0.7458 0.0000 0.5276 1.4080 0.4063
3.5813 7.1723 0.0000 -4.8829 10.3047 -0.8138 9.3079 0.2317 9.5507 -3.8909 0.8376 2.3378 3.8773 22.2400 -4.5298 8.5824 -6.1618 -0.1654 10.8515 4.5273 9.7876 -7.4235 -2.8229 0.0000 5.7591 0.2316 3.5333 2.3614 8.5356 -1.7273 2.3223 -0.7863 10.1802 12.7410 -5.1547 13.2172 0.0000 -6.4816 -0.7988 -2.5281
1.0824 6.9539 4.3116 -5.4161 3.3886 -1.8776 2.1727 0.7171 4.0482 -0.3023 3.0304 0.3090 -2.0797 15.7971 -2.7300 3.6642 -5.7525 0.0000 6.9184 3.3748 4.7217 -5.8564 -3.4847 0.0000 2.8411 7.6403 2.0386 3.5068 10.5052 8.6072 2.3092 -0.9785 6.1362 3.4235 -1.2967 9.3225 0.0000 -2.1631 -7.3679 -0.2159
1.4080 -2.9619 1.0513 -0.6614 -0.0616 -1.2023 10.0386 0.4721 4.7843 -2.5182 4.9087 0.0000 3.5391 7.2906 -0.8434 3.3985 -6.4017 0.0000 5.2409 1.2989 1.3910 -5.5439 3.7832 0.0000 5.5645 1.4398 1.4946 1.5707 -1.3710 3.8311 0.2242 -1.3979 0.7498 6.7147 -1.7106 4.6849 0.0000 -1.3409 3.3699 -0.3785
0.3068 3.5467 -1.1227 -2.2526 0.6662 -0.8763 0.2770 2.1094 -0.0334 0.2511 1.6871 2.7195 -0.4455 4.1088 -0.7494 0.1188 -1.1621 0.0000 -0.6134 -0.1559 0.2193 -1.1989 -0.4200 0.0000 1.1556 1.4894 1.7462 0.5697 8.1430 1.8295 2.1038 -0.4059 0.7827 -1.0089 -0.5024 0.4810 0.0000 -1.1925 -3.3460 0.0000
-1.0877 1.2097 2.3265 -1.9598 1.0448 -0.4709 3.7790 0.1470 3.0579 0.9981 6.8005 -0.1596 0.3144 1.9409 -0.0047 1.7991 -3.3605 0.0000 1.2583 0.9655 4.5510 -0.7103 3.0107 0.0000 1.9723 4.8060 0.2409 -0.0990 2.1611 1.3182 0.6173 -1.0068 1.0417 2.4435 0.0875 1.8241 0.0000 -0.0798 0.3106 0.1058
9.5150 -1.0467 0.8550 -6.0656 5.0312 -11.7977 23.5433 1.6577 4.6739 -9.0788 8.7043 -1.7602 15.8348 30.9539 -8.7601 4.3362 -20.7658 -0.0910 21.7364 16.2838 10.0230 -16.8264 8.5915 0.0000 19.5253 2.1130 7.0475 6.7118 -0.4646 14.7112 4.6012 -3.1077 7.2135 21.9312 -7.5045 21.5983 0.0000 -4.0430 4.0855 -0.2377
3.1603 -0.4671 -1.1560 0.7550 0.2249 -0.7328 3.8111 0.7620 1.9380 -2.4581 0.0506 0.4114 0.4486 -1.5229 -0.6051 -0.3357 -4.3311 0.0000 -1.6428 -1.1288 1.4823 0.2211 2.3918 0.0000 0.9581 0.6317 2.8693 1.8900 3.8470 -2.8960 0.0000 0.0000 0.0318 3.4618 0.3901 -2.1355 0.0000 0.1497 2.9461 0.0469
2.2711 0.5340 2.1420 -7.2676 7.1800 -6.2069 15.7120 0.3536 8.7199 -3.9178 8.0341 -0.8984 11.4824 31.1124 -6.4998 8.7306 -12.3287 -0.2175 21.6287 11.7108 7.6174 -14.8206 2.4229 0.0000 15.0736 3.0619 2.5656 2.7891 0.7776 8.2925 1.4535 -2.4789 8.2662 13.5176 -8.0805 20.3510 0.0000 -7.2469 -1.9384 -1.8471
0.3548 0.6237 0.0000 -0.8926 0.2030 -0.3234 1.1722 0.2885 1.4633 -0.5791 0.2441 0.1983 0.5786 0.5880 -0.6830 0.0000 -1.4094 -0.0675 0.2710 -0.5446 1.5704 0.3203 0.2478 0.0000 0.7687 -0.0499 0.4208 -0.0616 -0.3493 -0.5565 0.1593 0.1346 1.6762 1.5542 0.1587 0.6535 0.0000 -0.2189 0.4325 0.0000
-1.6379 -2.4599 0.0000 -2.0115 0.5387 -1.0843 9.6189 1.5527 8.4956 -2.8251 -0.8075 -0.9398 0.5868 2.2748 -3.2677 0.6274 -4.3565 -0.2680 0.1400 -3.3636 5.1847 -2.4915 3.1199 0.0000 2.0054 -0.2044 1.5313 1.8343 -0.9643 -2.4940 0.8666 1.5451 5.0334 10.9752 -1.5934 4.1658 0.0000 -1.3079 7.0550 0.0765
0.4757 0.2401 0.0000 -0.4316 1.8907 0.9001 2.7901 0.0306 0.8524 -0.1162 2.0086 0.0948 1.3308 1.2722 -0.7641 1.6779 -0.8576 -0.0729 1.4536 0.6724 3.8166 -1.1472 2.4055 0.0000 0.7000 -0.0428 0.1882 -0.2289 -0.2346 -0.5392 0.5684 -0.4356 1.3974 2.9974 -0.1183 2.0097 0.0000 0.0618 2.2655 -0.0301
4.2385 4.7016 1.5720 -3.0504 -0.2508 -2.1935 5.8618 -0.1565 4.5823 -0.9988 3.0089 1.3268 1.2226 7.0282 -1.4736 2.9823 -2.3576 0.0000 2.9945 0.7881 3.0902 -5.3887 5.3758 0.0000 8.0282 3.2506 1.6552 1.1819 11.0894 3.3526 0.5144 -0.7234 2.4511 -0.0959 -1.0227 1.0048 0.0000 -3.2740 -3.6617 0.2326
4.4671 1.8348 0.7221 -4.2244 8.4412 -5.7140 17.9530 0.3304 8.9020 -2.3675 7.4822 1.6540 5.5822 24.7634 -3.9194 8.2779 -9.5587 0.0000 14.5998 5.1237 9.5566 -10.7840 2.5744 0.0000 16.5177 2.3573 4.6002 1.7851 7.7582 6.3417 3.0092 -0.5134 5.1381 14.4919 -7.2559 15.3526 0.0000 -8.2878 0.3369 -0.7535
11.2087 -1.9230 -0.2368 -2.5991 8.1795 -6.4349 29.2365 -0.5267 8.2256 -11.4035 11.7787 0.8593 16.2962 27.9580 -3.0436 9.7058 -23.5962 -0.0094 25.4642 16.3629 12.6116 -14.1851 8.7301 0.0000 24.1977 2.8906 6.5169 4.8183 1.7673 8.0514 0.1418 -4.1370 3.2120 20.2691 -7.2466 16.9872 0.0000 -10.3746 2.8499 -1.0772
5.3445 4.1131 5.2095 -2.5938 1.5505 -4.8314 9.5636 1.2439 4.9917 -4.2590 3.5015 2.1331 2.3507 21.0139 -2.6317 6.8549 -10.7241 -0.1340 12.5174 6.5420 1.4285 -10.8060 -3.2616 0.0000 8.4779 8.2199 4.5419 6.6805 8.0828 10.1611 2.1585 -0.2152 5.8552 9.3205 -5.5406 10.5591 0.0000 -5.1024 -4.4120 -0.2179
1.3352 -1.1823 0.1303 -3.2019 1.9571 -0.7194 15.5132 0.1565 6.2428 -4.7782 12.0296 -3.2938 8.3681 8.6986 -3.6637 2.9252 -14.2928 0.0000 9.0228 7.9984 13.5489 -7.2897 12.7906 0.0000 3.7603 3.6993 0.6932 3.3412 -1.1866 6.2939 3.1631 -3.8014 3.1914 15.1297 -1.8859 10.6609 0.0000 1.7133 7.8828 0.3048
0.0612 0.4010 0.3538 -2.3098 1.1886 -0.2584 3.8784 0.0589 2.3640 -1.0697 2.5864 -0.7551 3.0928 7.2119 -1.8913 1.5959 -2.6979 -0.0464 4.9079 3.8569 2.0570 -5.8086 3.4286 0.0000 0.6350 0.5572 -0.0127 1.7671 0.7391 4.4761 1.7584 -1.6000 2.6540 2.5915 -0.3278 5.7043 0.0000 0.4379 0.0266 -0.1720
8.5232 -3.1451 -0.0994 -5.1778 6.5231 -7.3903 27.8036 -0.5106 10.2446 -5.4189 9.8427 -1.5848 11.0945 21.4259 -5.5848 5.0149 -17.8409 0.0000 13.9365 9.7051 16.6874 -9.0121 12.8870 0.0000 17.5629 0.4736 5.2807 1.4991 0.0396 0.7790 2.7332 -1.6053 6.7729 21.7842 -4.4910 15.3698 0.0000 -4.1842 11.0031 0.1819
0.1785 0.0577 0.0296 -0.2253 0.2751 -0.1370 0.8417 0.0750 0.4086 -0.2449 0.4065 -0.0034 0.3890 0.8881 -0.2215 0.3232 -0.5644 -0.0098 0.6389 0.3268 0.5243 -0.5198 0.3591 0.0000 0.5253 0.1257 0.1701 0.1866 0.2221 0.2313 0.1504 -0.1278 0.3332 0.7238 -0.1613 0.6390 0.0000 -0.1915 0.1701 -0.0374
-6.1180 -11.2182 -3.6484 1.4696 -21.6689 -16.5106 42.6242 52.7972 -24.4979 -13.2291
-2.3490 0.7301 -3.2838 0.1947 -9.5986 -6.9640 22.7089 7.3469 -5.8363 -2.9490
0.0000 0.0000 0.8132 0.0000 -0.8132 0.0000 4.6832 -3.3300 0.0000 -1.3532
-3.3477 9.2959 -4.5821 0.7646 -1.4709 -0.3274 6.8569 2.0644 -8.2362 -1.0175
-5.3737 -0.8336 -4.5493 0.0000 -8.2042 -4.9292 9.8502 26.6656 -7.3746 -5.2512
-0.1939 -4.4369 1.0116 0.0000 -3.4147 -3.5002 3.4264 8.5555 -0.8562 -0.5916
-5.9322 7.7219 -2.4018 2.4990 -13.0370 -7.6017 10.7990 25.0765 -14.0378 -3.0861
-1.3614 3.6903 -1.5423 0.5715 -0.4999 0.0000 0.0000 -0.8582 0.0000 0.0000
-0.5052 -0.3551 -1.5311 0.0000 -10.8677 -1.3668 13.7466 6.6834 -4.1005 -1.7036
-0.1651 -5.9985 -1.2715 0.0000 -0.2246 -1.5912 7.2068 7.1971 -2.8342 -2.3189
-3.1067 5.7954 -1.8984 0.5225 -1.6436 -2.7388 4.9379 4.1071 -3.8907 -2.0845
0.0000 -0.5932 0.9812 0.0000 -2.4581 -0.9106 1.0942 2.5057 -0.6192 0.0000
0.0000 -4.3143 -0.6851 0.0000 -1.4984 -0.8299 0.3808 7.9362 -0.3094 -0.6799
-5.5627 -11.6367 0.1028 0.4345 -14.3270 -10.9845 18.6430 46.5958 -13.5241 -9.7412
-3.0149 5.7145 -0.5115 0.0199 -2.5234 -2.3765 12.8234 3.8895 -6.5770 -7.4439
-0.1058 1.3059 0.0000 0.0000 -4.3592 -2.0466 5.3938 3.1216 -2.0180 -1.2917
-5.3517 14.4030 -2.7501 0.0000 -5.4594 -2.5240 7.4918 10.6548 -15.5025 -0.9620
0.0000 0.3711 -0.3711 0.0000 0.0000 0.0000 0.0000 0.0000 0.0000 0.0000
-1.2373 -6.6623 -0.4982 0.0000 -10.8227 -6.0209 11.4645 23.0380 -7.0800 -2.1811
-0.3153 -2.7281 1.1713 0.0000 -5.2630 -1.8902 1.0337 13.3082 -5.2087 -0.1078
-5.3855 5.2493 -6.4033 1.7228 -9.0335 -5.8895 16.6124 12.6605 -4.4004 -5.1326
-5.4107 2.5443 3.8555 0.2148 -6.3452 -6.6028 12.3788 18.0908 -10.5239 -8.2015
-2.0639 7.5575 -3.2972 0.4359 -7.6166 -3.1820 8.0066 16.9593 -13.5379 -3.2617
0.0000 0.0000 0.0000 0.0000 0.0000 0.0000 0.0000 0.0000 0.0000 0.0000
-2.0457 -4.1056 3.5909 0.0000 -9.1790 -7.9097 7.7099 20.5939 -6.2041 -2.4504
0.0000 0.4737 -0.8346 1.8039 -1.0072 0.0000 8.5428 -6.1729 0.0000 -2.8057
0.0002 -0.2699 0.4826 0.0000 -0.3154 0.0000 0.4905 3.6595 -4.0474 0.0000
0.0000 -3.1048 -1.7317 0.0000 -1.3845 -0.7260 3.3454 5.7454 -0.7778 -1.3661
-1.8746 -5.4892 4.1988 1.3247 -11.0900 -7.0085 26.9109 5.3021 -7.0066 -5.2675
-3.2887 5.9389 -1.5559 0.3959 -2.9155 -1.2415 3.4724 6.5578 -6.1907 -1.1727
-0.0596 -3.7276 -0.6330 0.0000 -2.4569 -2.6716 -0.9822 13.1845 -2.3846 -0.2688
0.0000 0.1254 -1.0940 1.0940 -2.4823 -0.2131 -1.1012 3.6712 0.0000 0.0000
-1.3802 2.4440 -1.5817 0.0000 -1.6706 -0.2667 5.8571 1.3606 -4.2518 -0.5107
-5.1917 6.1351 -6.3719 0.0000 -6.9528 -5.0940 14.2432 19.1181 -12.7518 -3.1341
-5.1347 6.7774 -2.1893 0.3400 -2.4487 -3.0330 7.1174 4.6871 -5.4250 -0.6913
-7.9863 6.2597 -9.0194 1.4293 -12.1172 -8.0040 17.5966 30.2319 -11.3761 -7.0145
0.0000 0.0000 0.0000 0.0000 0.0000 0.0000 0.0000 0.0000 0.0000 0.0000
-3.1208 -1.2931 4.2321 0.0000 -4.3148 -4.9696 11.5197 5.6649 -3.5760 -4.1424
-8.2992 8.8413 5.0378 0.0000 -13.4581 -9.1394 -0.3637 44.0679 -23.1808 -3.5059
-1.0126 1.9340 0.0000 0.0000 -1.0657 -2.8200 3.9832 0.1443 0.0000 -1.1633
-0.0638 0.0850 -0.0213 0.0213 -0.1489 -0.0851 0.1489 0.2767 -0.1489 -0.0638
