5.9949 -0.8138 -3.3358 -2.6306 1.4055 0.5393 2.5336 -4.1665 -1.8689 -3.6603 -0.8646 2.4095 3.1689 -0.8308 3.3575 10.2557 0.5578 -2.2232 0.9365 3.8380 3.3138 2.0367 -0.9321 -1.4885
-0.2742 -4.3561 3.2951 1.5060 1.9301 -1.2244 -0.8418 -0.7601 -0.5868 -0.1086 -1.9038 0.4943 -0.2540 1.9537 4.1173 -0.3239 3.4746 6.8297 3.8790 4.6025 1.6338 0.9035 -2.0047 -1.4749
7.4572 0.5877 4.7947 -0.5643 -2.3313 0.7054 6.2118 -1.6306 -0.9328 1.7251 -2.5104 -1.3564 3.5552 -0.4109 2.8193 -0.5877 -1.7013 0.0277 -0.9331 -0.8394 3.6522 2.7827 -1.3865 0.7742
4.2872 1.1280 5.3031 0.9867 -5.8650 1.5879 3.1379 2.1989 5.9158 2.2950 5.0113 -1.6508 1.7753 -3.3611 -4.3702 -4.8314 -3.7440 -6.4249 -5.7231 -6.1707 3.6788 1.1053 -3.2631 1.1871
-0.1729 -4.6974 -0.8842 1.8646 4.9415 1.4795 -1.0361 -3.8505 -3.0954 -0.6155 -1.6934 -2.1916 -2.1729 0.2907 4.7057 0.3827 2.3798 6.4492 0.6807 3.0468 1.4298 -0.4182 -3.7808 -3.0427
0.1175 -0.9915 -0.2365 -4.7332 0.9060 0.0302 -1.8964 1.0298 -1.0472 0.3930 -4.0222 3.3666 -2.1769 1.8937 0.4674 1.2731 0.7044 2.9072 4.5527 5.6394 1.4133 -0.3699 1.7289 -0.5491
-1.9111 -2.8094 0.7660 -2.1093 8.9057 -0.6232 -0.5533 -1.7349 -2.1248 -1.8479 1.0955 2.1880 0.5114 -1.4540 -0.3095 11.7609 3.3935 -0.3643 4.0752 8.7157 1.9870 -0.2951 -0.7932 -0.4998
-2.4665 2.8577 7.3134 -1.4765 -0.4621 2.9109 5.2595 -2.3204 -4.7289 -0.1894 2.7784 -0.0350 -1.9903 -2.7760 0.3418 5.1038 -2.0286 -2.4567 -0.2748 3.0832 -4.1554 2.2869 5.3182 2.4681
3.7549 2.9317 1.4034 1.3977 -4.7970 -0.9929 1.0452 -1.5655 4.4425 0.8620 -0.0094 0.6988 -0.0824 -0.3457 -2.4098 2.0076 1.7350 -3.7899 -1.6236 3.5085 -0.1574 1.1026 3.6981 3.7873
2.3589 1.1882 -5.3407 -1.6266 4.0227 1.1860 1.6724 -2.8060 -1.5093 3.7673 -2.7405 -1.9751 2.9736 1.7670 -2.4502 0.6990 3.7307 -0.4038 -0.8358 1.0937 0.6799 -1.2241 0.2825 3.1500
-2.4262 0.7181 -0.6434 1.2585 -2.5957 1.1481 -3.0827 -3.9263 -3.0232 -0.8953 -3.2920 1.1504 0.3114 1.1467 3.1698 2.0058 3.2732 2.4202 1.7378 4.8122 -0.5253 2.5060 4.6453 1.0397
4.8961 -1.5800 5.8657 0.4068 -4.3200 -0.8116 -0.8076 1.5215 4.2740 -2.2854 5.2694 -1.4719 0.7679 0.7457 0.7746 5.5450 -2.1199 -0.8519 -3.2664 0.3911 2.1513 -0.3696 5.3517 0.1347
3.8566 -3.3717 5.0729 1.5350 1.5716 1.2735 3.8876 1.1246 -0.5386 1.8228 1.6272 3.3979 -4.6911 -0.5736 -0.7532 3.5224 -4.6589 -1.9735 -0.3048 -3.3511 -1.0331 2.4965 1.1251 1.8149
-3.0522 -1.1470 -0.1051 2.8756 7.1353 0.2194 1.2740 -2.0329 2.7711 -1.7407 7.3508 -1.4179 4.1878 0.3725 -4.6178 4.1309 -6.9122 -2.4390 -2.6559 -5.5826 -2.7457 -0.7646 4.8308 -4.4365
-2.4977 3.7085 3.8110 0.8299 1.9412 1.2971 0.3717 -2.9793 -4.6841 1.1868 -5.5308 -5.3637 -1.5312 -0.4337 1.4310 6.1272 -5.4017 -2.0657 4.0297 -1.2577 -4.4056 1.3484 4.7231 1.0054
0.9579 0.8019 -5.9946 3.2498 -0.8308 1.6372 -1.8218 0.7309 0.0155 -0.8762 -2.7285 -1.4398 0.6262 1.5183 5.0994 -1.3490 4.7210 -3.2643 4.3849 2.4042 6.0370 -0.3976 -4.6548 0.4606
11.0956 -0.7794 3.6225 -2.0457 7.6113 1.9826 6.6494 -3.1862 -3.4949 -2.9460 -3.8944 2.2112 3.9677 -1.6332 -1.0163 15.2864 -0.6456 2.3572 4.6037 8.9405 1.9786 0.8891 5.9796 0.3082
1.4199 5.2329 0.1667 1.4042 -0.8299 1.1687 -0.2036 4.8481 0.0000 8.3615 2.9999 0.0670 -0.7114 4.2836 -3.5160 -0.6501 0.8802 0.2600 4.7095 -0.0205 5.2856 -2.4953 -1.2515 -0.0085 -1.4276 0.0000 3.0503 -0.1190 7.6117 -3.9100 1.8416 -3.6018 -2.0693 4.7945 -2.4983 -0.9537 -0.7959 0.5687 -3.5014 -0.3775 0.9036 -0.7609 -0.1148 6.2222 2.4275
0.5591 1.4373 1.9161 -1.2985 0.5267 1.2879 1.7072 2.6179 0.0000 1.3688 0.5568 0.0000 -0.1052 0.7714 -0.6750 -0.3149 0.6783 0.9813 3.3739 0.8514 0.8306 -2.2248 -1.0663 -0.4976 -0.4813 -0.1199 1.7192 -1.1178 3.9279 -0.7102 2.5032 -0.3226 0.0547 0.9764 -3.0942 -1.2222 -0.1877 -0.4971 -0.3784 -0.2799 2.2891 -0.8788 0.9250 2.5278 3.1815
0.7596 1.1336 0.7472 -0.9310 -0.1234 1.1206 3.4440 0.9228 0.0000 6.7126 1.5897 -0.0921 0.0409 -1.9806 -2.3039 -3.5590 -0.8143 -0.2378 5.9254 -0.5916 3.7626 -0.8199 -1.5333 -0.5436 -2.9610 0.0625 3.8339 1.0577 6.9444 0.9502 1.0412 -0.4249 -1.9619 6.9386 -3.8554 0.9249 -1.8918 -1.3780 -3.2363 -1.8136 2.1725 -0.7583 0.1613 6.5823 1.1598
-1.8060 1.9164 2.0837 0.5479 -0.9815 0.7213 -0.9352 2.9526 0.0000 5.0647 2.2271 -0.4950 -0.6915 3.1645 -1.6590 2.8690 0.7614 0.0856 0.9571 -0.7658 2.8791 -1.1576 -1.3318 -0.2972 1.1096 0.2307 0.4883 -1.8361 5.4876 0.5821 1.9280 -1.3044 -1.6403 2.1047 -2.0824 -0.2235 0.1935 -1.5392 -1.7912 -1.6213 0.2064 -0.0332 0.3608 4.8371 1.8675
2.1003 1.7188 -0.2780 -2.7282 -0.3724 0.5602 2.6802 1.9467 0.0000 1.3206 0.7749 0.0472 0.0251 -0.6733 -2.3411 -1.9349 -1.2108 -0.2184 6.5802 0.0917 1.9569 -1.4711 -1.5199 0.0060 -1.7632 0.0000 2.2944 -0.2568 2.4083 -2.1908 0.2757 -1.5734 -0.7266 5.7977 -4.7433 -0.7437 -0.7443 0.2927 -2.7276 1.1138 2.4967 0.6044 -0.0538 3.5683 5.0613
-0.5383 4.8249 -0.7791 -2.2468 -0.3384 -0.2911 4.5286 1.3860 0.0000 3.6907 1.1505 -0.5862 -0.2275 -1.3209 -4.9889 -3.4678 -0.5765 -0.2894 11.1971 -3.2347 3.5705 0.0386 -2.1948 -0.0489 -4.8670 0.2688 3.8918 -0.9465 3.3425 -1.9134 2.3022 -3.3843 -0.7635 8.0628 -3.3845 -0.1018 0.3001 -0.1448 -5.1627 2.4396 2.2225 -1.5251 -0.2835 7.0873 3.3578
-1.7122 3.3618 0.6812 -0.8024 -0.3754 0.4977 0.1391 3.4561 0.0000 10.8442 4.4248 -0.1098 -1.3295 2.5757 -4.1008 2.5417 -0.0830 0.3977 3.3238 -0.6773 4.3074 -1.9321 -0.2686 -0.1685 -1.0179 -0.0074 2.4326 -1.0342 7.6568 -0.4600 1.1759 -1.2250 -3.8727 3.7996 -3.1580 -0.1894 0.1161 -1.2869 -4.7741 -1.2818 1.1369 -0.1391 -0.7884 6.8934 3.0942
1.5276 1.8830 0.1924 -0.1235 0.0000 -0.3511 4.0576 1.6822 0.0000 1.5420 0.5769 -0.1650 0.0914 0.1046 -2.0601 -1.0352 -0.6481 -0.1152 5.5547 -0.2953 1.6051 -0.9212 -1.5740 -0.4761 -1.4468 -0.0210 2.6625 0.6679 2.5265 -2.2147 -0.2579 -1.2221 -0.2463 3.4207 -3.5391 -0.4644 -1.0426 -0.0260 -3.4933 1.7337 0.6600 0.1539 0.3020 3.0204 0.5019
-1.1628 1.8802 2.3647 -0.2624 -2.2483 0.5963 -0.6457 2.8170 0.0000 3.4304 2.3935 -0.7500 -0.5804 4.6439 -0.3912 3.7258 0.8236 2.6387 0.8147 -0.6633 1.8033 -2.7700 -0.6601 -0.7343 0.9915 0.8873 0.3535 -3.7406 3.9223 0.6826 2.4109 1.7095 -1.6249 2.5461 -2.4265 0.8694 0.9447 -0.2536 -1.7703 -1.1583 -0.0710 -0.0901 1.2323 4.3694 0.5394
0.0375 2.5145 1.5409 1.4519 -0.0847 2.1916 0.4288 2.9411 0.0000 4.7302 1.4152 0.1214 -0.0388 0.0736 -1.1128 -1.5002 1.4498 0.0000 2.2798 -0.0447 1.4606 -1.0135 -2.0072 -0.3741 -0.8238 0.0000 1.9967 0.2931 5.0345 1.2489 1.7240 -0.7747 -1.6764 0.5058 -2.5851 -0.1684 0.2752 -1.7362 -0.6266 -2.1027 1.7489 -0.6265 0.3819 3.8010 0.5846
-1.6671 2.2556 2.0879 0.0700 0.9440 0.0128 2.9282 3.0938 0.0000 4.1519 2.5372 -0.1205 0.0037 0.9619 -1.4088 1.5536 -0.5999 0.3864 2.0122 0.2963 3.0114 -0.4489 -1.7629 -0.6033 -1.4883 0.2530 3.7626 -1.5623 2.9870 0.2156 0.6162 -0.9130 -2.1152 4.8731 -4.0890 -0.7565 -0.1184 -0.0559 -3.4814 -1.4313 1.7429 -0.3133 -0.0101 4.3415 0.6357
0.7751 0.6324 -0.0853 0.0543 -0.8891 0.2425 -0.0272 0.5122 0.0000 2.5109 0.7531 -0.0159 -0.1587 1.4555 -0.3976 0.2616 -0.1955 -0.1745 0.9135 -0.0126 1.6182 -1.5619 -0.5537 -0.0991 -0.4677 0.0000 1.3561 0.5236 2.6584 -1.5004 0.5358 -0.9596 0.0062 1.7604 -1.0333 -0.0207 -0.7612 0.4072 -1.7645 0.0000 0.3009 -0.0504 -0.0624 1.8952 0.2825
-0.2599 1.0356 0.5761 0.0185 -2.9763 -0.3807 -1.9155 2.6819 0.0000 6.4964 3.3846 -0.5149 -0.3864 3.6979 -0.6500 3.5966 -0.6348 0.1100 -1.5302 -0.1307 2.4170 -3.3109 -1.3302 -0.1315 1.9998 0.2368 2.5327 -0.9471 6.4347 0.4948 1.6456 -0.3168 -2.5017 0.8258 -1.1430 0.0606 -0.0102 -1.1576 -0.7429 -2.0056 0.2056 0.7117 0.4139 3.5800 0.1734
0.6512 6.3839 1.8338 -1.4619 1.0360 0.8683 6.3303 5.3790 0.0000 4.9945 0.4287 0.1124 -0.1144 -1.3270 -3.2387 -3.5423 -0.5504 -0.0049 11.2754 0.3386 1.6956 -1.6984 -1.7614 -0.1224 -6.3298 0.0000 2.2148 -0.1920 4.4278 -1.4953 1.2363 -1.3831 -0.0566 6.2346 -8.2354 -0.4941 0.3990 -0.0748 -4.7485 2.0772 3.0679 -0.0284 -0.3584 5.3537 3.5013
1.3346 5.0264 -1.2270 -3.8567 0.0196 1.3523 9.0549 4.7730 0.0000 4.7745 2.1864 -0.1720 0.0000 -2.2377 -4.0058 -1.2958 -2.0001 0.8131 12.5594 -0.8830 2.2811 -3.1049 -5.0680 -0.9451 -4.4109 0.1276 10.4807 1.8398 6.0318 -2.2417 1.5035 0.8877 -2.2899 7.4965 -8.6105 -2.9242 -0.5861 1.7774 -8.6846 4.3285 5.4262 -2.8266 -0.8452 7.2750 4.5202
3.4197 5.0441 0.4640 -1.9382 0.1592 1.8459 11.4227 5.9982 0.0000 14.2719 3.5312 -0.2920 -0.6443 -2.8739 -11.3906 -4.1033 1.9028 0.2236 17.7225 -1.3207 7.4768 -2.8013 -3.2153 -0.9542 -5.1871 0.0000 9.3731 -0.4329 16.2008 -5.4631 1.1978 -6.0938 -3.4077 9.9076 -7.1840 -2.0428 -5.0283 -3.8051 -8.8526 1.5162 4.0411 -1.4710 -0.1587 12.3772 9.1721
2.1790 2.2529 0.4044 -0.6048 -1.2096 -0.0227 3.9534 2.0044 0.0000 2.8323 0.9346 -0.0439 0.2064 -0.6446 -2.6683 -1.1792 -0.8171 -0.5644 5.9192 -0.9514 2.8577 -2.4036 -2.4001 0.3108 -0.1761 0.0102 3.2399 0.8495 3.3051 -2.0619 0.7204 -1.4497 -0.2323 6.4385 -4.3047 -1.4158 -0.8002 0.8542 -2.5041 1.5958 1.7334 0.2176 0.3526 5.2049 1.9164
5.4502 3.4208 0.9946 -0.9539 0.6184 0.2170 8.8437 4.8826 0.0000 2.4201 2.9998 -0.4658 0.3974 -1.2257 -7.0538 -3.0361 -0.2943 0.8458 11.8102 -0.0138 1.6911 -1.4437 -3.2342 -0.0087 -5.3579 0.2778 4.1721 -1.6171 5.0699 -3.7636 -0.3282 -3.1139 -1.1030 8.7994 -9.9956 0.4939 0.0334 0.7591 -5.2336 0.9407 2.3336 -0.9003 -0.5011 7.7877 3.2921
5.3630 4.3080 -1.3816 -5.3738 0.0553 0.5554 9.9708 0.9227 0.0000 3.3741 0.4830 0.2950 -0.1307 -3.2135 -7.7450 -6.3593 -0.6557 -1.1789 17.4713 -1.4908 5.3713 -1.6930 -2.6314 -0.6854 -7.9888 -0.0507 8.2822 0.8366 6.4364 -8.2266 2.2187 -4.0528 -0.8091 12.6462 -8.9910 -1.5011 -2.9734 0.8161 -7.8331 2.7869 5.7114 -3.1373 -0.4957 8.6001 8.7863
0.2033 8.0323 2.0799 -3.6147 0.0867 0.0063 11.5459 3.8114 0.0000 8.3391 1.5120 0.0463 -0.1243 -2.6611 -3.2642 -5.3437 -0.6550 0.3442 17.4693 -0.3040 2.1333 -2.6002 -0.5798 -0.6448 -10.3297 0.0185 4.4660 1.0488 8.1836 -4.1483 3.1034 -1.9802 0.2118 9.3604 -8.8320 -0.3234 -1.2547 -0.7685 -7.9116 5.0574 2.9920 -2.1882 0.0039 8.3988 1.2554
4.1478 2.2417 0.0255 -0.1927 -0.8961 -0.1388 7.3635 2.6816 0.0000 9.7897 2.2410 -0.4268 -0.6142 0.6250 -4.7651 0.4628 -0.7567 1.1466 9.5567 -1.0941 8.5512 -4.2582 -1.8390 -0.7813 -2.2477 0.0000 5.9997 1.5442 11.0759 -5.8885 0.4958 -2.9100 -0.5092 9.8723 -3.6209 -1.8044 -3.8628 -0.1907 -7.9137 2.2232 0.7306 -0.8304 0.2586 9.2096 1.6765
-1.6381 3.2172 0.2729 -0.8159 -0.3837 -0.5198 2.3739 2.9646 0.0000 2.5459 1.3145 -0.2278 0.0000 0.8094 -1.0194 -0.9312 0.5516 0.6861 4.6293 0.3591 2.1495 0.1911 -1.3064 -1.8030 -1.0263 0.2460 5.2421 -0.9008 4.2281 -0.2958 0.6184 0.0823 -1.1628 3.5955 -2.3717 -1.5653 -2.1459 -0.0697 -4.4507 0.6430 2.6017 -2.3960 1.6054 2.5995 -0.5807
0.0882 4.9894 2.6531 -3.5968 0.0562 1.0429 7.4865 2.6595 0.0000 7.0812 1.8162 0.0000 -0.2024 -1.5580 -2.1787 -2.2493 -0.1612 1.1023 12.8657 1.1148 0.8523 -3.2900 -1.2110 -0.1834 -7.3148 0.0000 2.6150 -0.5388 8.4255 -1.7990 3.0762 0.0060 -0.3883 4.3436 -7.0134 0.0385 0.7967 -2.3550 -3.8382 2.0891 1.8606 -1.2042 0.1774 5.9380 2.5674
-1.1851 3.2597 4.0885 1.7708 0.9316 1.8365 1.2539 6.1948 0.0000 10.0213 3.7564 -0.0943 -0.5525 2.8697 -1.5618 4.5009 0.9063 0.9216 2.3141 -0.1115 4.0279 -1.6870 -1.6051 -0.1784 1.6877 0.0923 2.3686 -0.3729 5.9456 0.2747 1.5609 -1.2332 -2.5957 1.6538 -5.4971 -1.5055 -0.1448 -2.2870 -3.0765 -2.4651 1.1968 0.2873 0.1192 5.8731 1.8305
0.3881 1.8198 0.4449 -0.2598 -0.2059 0.3085 1.8979 1.7702 0.0000 2.7415 1.0484 -0.0768 -0.1030 0.2596 -1.5153 -0.6196 0.1223 0.1640 3.5251 -0.1570 1.3869 -0.8804 -0.9965 -0.2148 -1.2037 0.0708 1.7820 -0.1849 3.0234 -0.8088 0.6759 -0.9149 -0.7092 2.5825 -2.3353 -0.2233 -0.3343 -0.2310 -1.9835 0.3034 0.9853 -0.4709 0.0899 2.9452 1.1837
0.0000 0.8604 8.4997 1.8300 9.7801 0.7541 2.3676 0.3109 4.0163 2.2830 -0.2045 4.2940 10.0923 13.1757 0.0000 0.0000 16.5294 0.3373 -1.0365 10.4741 -2.2485 -2.0292
0.0000 -1.0137 2.3428 -0.4137 5.7647 -0.0598 3.9356 0.0303 1.0690 -0.7177 0.1761 7.7186 5.9357 6.7250 0.0000 0.0000 8.8967 -0.7251 -0.3709 6.1078 -0.3455 1.1202
0.0000 -0.1253 1.7587 3.4108 1.1508 0.3196 1.4647 -0.0167 0.4470 1.7497 0.0000 2.4402 1.2268 1.6534 0.0000 0.0000 2.6964 0.2880 -0.3440 1.7590 0.1525 -0.1195
0.0000 0.0000 2.5426 1.2446 5.6276 0.2549 3.8239 -0.0267 0.5106 -1.1931 -0.4355 6.3823 6.8660 5.0446 0.0000 0.0000 6.6991 -0.4789 -0.1930 5.2184 1.0028 -1.0259
0.0000 0.0861 0.3128 0.1486 0.3332 0.0026 -0.0366 0.0160 0.0126 1.3209 0.0209 -0.5201 0.7555 0.5921 0.0000 0.0000 -0.0838 0.5019 -0.5457 0.7269 -0.4958 0.3472
0.0000 -0.0286 0.2304 0.5084 -0.5029 -0.1328 0.1824 0.0000 0.0173 0.2788 0.0000 -0.1126 -0.4056 -0.0104 0.0000 0.0000 0.1357 0.0728 0.3076 0.7127 0.2425 -0.0000
0.0000 0.1823 5.1814 -1.0082 17.5558 0.0305 9.9468 0.3163 1.4222 -5.4880 -0.7761 13.3070 12.9338 13.5806 0.0000 0.0000 15.5921 -0.6589 -1.2121 8.1715 -2.5534 0.5298
0.0000 0.0493 6.4645 2.8618 3.9299 -0.1729 7.6081 -0.2555 1.8980 1.0112 -0.9822 3.4794 5.4319 7.8693 0.0000 0.0000 11.1201 -1.1563 1.7865 3.8670 -4.1696 -1.6299
0.0000 0.0000 0.0000 0.0000 0.0000 0.0000 0.0000 0.0000 0.0000 0.0000 0.0000 0.0000 0.0000 0.0000 0.0000 0.0000 0.0000 0.0000 0.0000 0.0000 0.0000 0.0000
0.0000 0.7770 7.4069 2.4262 5.1239 0.8276 3.7781 -0.0750 3.6160 2.7991 -0.4353 0.3704 6.0374 6.0282 0.0000 0.0000 8.2194 0.7258 1.3818 7.8474 0.2523 -0.4050
0.0000 1.1112 3.9233 3.6661 0.1718 0.5969 1.7070 0.5563 1.6498 5.0713 -0.2811 -0.5619 0.6010 3.5915 0.0000 0.0000 3.5416 0.4465 0.2337 6.2319 0.3622 -0.5630
0.0000 0.0049 0.2702 0.1070 1.5870 0.1061 0.0000 0.1046 0.0412 0.1528 0.0000 0.9075 -0.0039 0.3949 0.0000 0.0000 1.0582 0.0000 -0.0016 -0.1107 0.1129 -0.1574
0.0000 0.4847 0.7925 0.0854 -0.4560 -0.0103 0.0000 -0.0030 0.3357 0.3008 0.0000 -0.6093 0.0069 0.3102 0.0000 0.0000 0.1822 0.0000 0.0000 0.6152 0.0380 -0.0470
0.0000 3.7820 11.6214 -0.0175 7.5977 -0.0339 3.4074 0.0137 6.2787 0.5761 -1.6159 2.7510 8.9888 8.5660 0.0000 0.0000 14.7583 -0.2759 -0.1346 9.5004 -0.8446 -2.9488
0.0000 0.0699 2.4666 4.4770 3.9240 0.6101 3.9112 -0.1705 1.3035 6.7410 -0.5867 1.2442 2.2768 5.4807 0.0000 0.0000 6.6247 0.8591 0.7440 10.7354 2.6640 0.1934
0.0000 1.3100 14.6549 5.8212 10.1138 0.4184 6.2897 -0.2737 6.0868 3.1083 -0.8989 8.3814 11.4559 12.5853 0.0000 0.0000 18.3003 0.9483 2.4705 16.0567 2.1854 -0.8158
0.0000 1.2354 5.9884 1.5921 3.7970 -0.0889 2.5843 0.0000 2.0861 0.7805 -1.0651 0.2867 3.6580 3.7458 0.0000 0.0000 4.7806 0.2294 1.9780 4.0461 0.5801 -1.4033
0.0000 0.1198 0.0861 -0.1052 -0.1734 0.0000 0.0000 0.0000 0.1154 1.1839 0.0000 -0.9239 0.3470 1.4963 0.0000 0.0000 0.3085 0.0000 0.1003 1.2140 0.0000 -0.0921
0.0000 0.1974 7.4799 -2.2214 13.0900 -0.0776 9.5803 0.0005 1.6539 -5.5466 -1.7629 12.5254 12.3802 9.1846 0.0000 0.0000 15.1500 -1.5642 -1.7540 6.4931 -2.0116 -0.8970
0.0000 -0.0067 1.1965 0.3115 1.1330 -0.0107 1.9327 0.0000 0.2931 -0.3602 0.0000 1.1910 2.5850 0.9817 0.0000 0.0000 1.8775 -0.2218 -0.0543 0.5647 -1.1150 -1.1181
0.0000 1.9484 10.2528 3.9701 2.6016 0.4454 4.1656 -0.3393 4.3073 4.7281 -0.9275 -3.6734 3.9615 6.8592 0.0000 0.0000 8.6636 0.8312 4.0765 9.1305 1.1564 -0.0863
0.0000 0.4965 3.7796 -0.2061 7.3053 0.0725 5.6909 -0.0028 0.6898 -0.7406 -0.4641 9.3192 7.8735 5.3742 0.0000 0.0000 7.7459 -0.0551 -0.1803 7.0991 0.4105 -2.7932
0.0000 -0.0688 0.5011 0.2543 2.7182 0.1925 1.0059 0.0699 0.3218 -0.3560 0.0000 3.4154 1.3292 1.9087 0.0000 0.0000 2.1346 0.3434 0.0851 1.7576 0.5797 0.9699
0.0000 0.0000 0.5120 0.6994 0.1971 0.0052 0.0000 0.0000 -0.0140 0.5248 0.0000 0.3165 0.8696 0.1124 0.0000 0.0000 0.4435 0.2237 0.0025 1.1203 0.0668 0.0570
0.0000 -0.7438 2.9008 3.8934 3.7384 0.1781 7.2702 -0.4219 0.8367 5.0006 -0.1071 1.2553 4.6042 8.2235 0.0000 0.0000 6.6859 0.0429 -0.4851 5.5463 -4.1376 -0.7210
0.0000 0.0000 0.0000 0.2081 -0.0317 0.0000 0.0000 0.0000 0.0000 0.2817 0.0000 -0.1895 0.0000 0.1348 0.0000 0.0000 0.0000 0.0000 0.0214 0.1511 0.0298 0.0000
0.0000 0.8938 16.2182 7.9617 14.0776 0.4530 12.2134 0.0396 5.7075 2.1202 -1.2731 12.8497 12.7146 14.4556 0.0000 0.0000 19.3213 1.6842 3.0231 18.6126 5.3195 -0.0372
0.0000 -0.2279 1.3644 -0.8676 3.4995 0.1846 1.0854 0.0000 0.8373 -0.2170 -0.4457 4.9011 3.3621 3.0189 0.0000 0.0000 3.8173 -0.0486 0.1435 2.6822 0.4304 0.2075
0.0000 0.4203 4.6333 3.9227 -0.6231 0.0503 4.5031 0.4529 1.6735 4.2683 -0.6277 -2.5274 1.7133 4.1300 0.0000 0.0000 4.1970 0.3357 2.3250 5.2732 -1.7836 -0.3162
0.0000 0.4393 5.3856 1.1090 8.9406 0.6000 5.0172 0.0785 1.9344 0.2348 -0.7909 5.0696 8.9523 7.5530 0.0000 0.0000 9.1563 0.0464 0.5645 8.0055 -0.3800 -0.9000
0.0000 0.2184 1.1372 1.1790 1.4880 -0.0443 1.8387 0.0000 0.6865 1.2722 0.0000 2.4991 2.7694 2.7841 0.0000 0.0000 2.9964 -0.7385 -0.0591 2.3466 -1.5054 -1.9398
0.0000 0.7741 5.8262 -2.1931 7.4888 0.0357 3.5446 0.1582 1.1436 -2.3280 -1.3130 3.6274 5.3537 7.8339 0.0000 0.0000 6.8420 -0.0289 0.2221 5.9062 0.7631 -1.2750
0.0000 0.9276 3.7975 3.3666 0.9040 0.1621 3.6507 -0.1187 2.2275 3.3216 -0.4646 1.0396 1.6473 1.9252 0.0000 0.0000 3.2214 0.7249 1.9294 5.5646 1.0557 -0.3683
0.0000 1.4089 8.8367 -0.6763 13.8197 0.0388 3.9963 0.7007 3.2217 -1.9365 -0.5905 8.6150 11.3435 11.3134 0.0000 0.0000 12.4692 0.7862 -0.5630 10.1143 -0.2580 -2.7383
0.0000 -0.2749 1.9744 3.0239 4.3192 0.0634 3.9618 -0.0283 0.3143 0.0448 0.1309 6.6788 5.8744 4.0831 0.0000 0.0000 5.5951 0.4315 -0.1682 4.6264 1.2719 -1.0028
0.0000 -0.0023 0.8249 -0.5162 4.8839 -0.0363 2.0628 0.0000 0.0922 -1.0372 0.0649 4.5717 2.6106 3.2248 0.0000 0.0000 1.7461 0.0537 -0.4411 2.8492 0.2965 0.8193
0.0000 0.3149 3.5857 -0.8864 1.8748 0.0000 5.4006 -0.0301 0.0729 0.9577 -1.6140 -0.3054 1.9135 5.0070 0.0000 0.0000 2.6593 -0.1160 1.0694 4.2326 -0.0796 -0.0267
0.0000 -0.9529 1.6060 1.5446 3.3558 0.4215 1.6267 0.0562 0.4031 0.0052 -0.1399 2.0730 2.6948 5.0311 0.0000 0.0000 6.4588 0.2970 -0.2308 2.1101 -2.8647 -0.4173
0.0000 0.3288 11.4665 3.9351 9.5884 -0.1034 9.4367 0.3400 2.5048 0.7292 -1.6483 5.2812 7.9693 13.1595 0.0000 0.0000 13.8882 0.0921 2.6716 11.2453 1.1434 -0.5974
0.0000 2.3683 13.0784 2.6034 11.1608 0.4876 3.8670 -0.3695 6.4005 -0.4116 -0.9806 6.3003 13.1489 11.6144 0.0000 0.0000 19.6565 -0.7201 1.9606 10.2711 -0.7892 -2.8524
0.0000 0.2083 5.1316 -3.3236 9.6853 0.0378 11.0505 0.0000 0.3708 -2.7497 -1.9070 9.4755 7.4161 10.0394 0.0000 0.0000 8.0990 -1.3987 0.2854 5.8535 -1.1140 -0.3855
0.0000 0.2053 0.5443 0.4799 -1.0481 -0.1173 0.5751 0.0228 -0.1220 0.7437 0.0000 -0.0282 0.2819 0.2629 0.0000 0.0000 -0.1545 0.9452 0.7123 1.8649 0.3316 0.5341
0.0000 -0.0076 0.6271 0.2936 0.3794 0.0000 0.5833 -0.0007 0.1231 0.7466 0.0000 0.0825 0.8944 0.8212 0.0000 0.0000 1.3454 -0.2741 -0.1225 1.1977 -0.4044 -0.3663
0.0000 1.0949 7.0025 1.3746 12.5465 0.6313 6.0807 0.0000 3.0159 -1.2794 -1.8221 11.0327 9.8447 9.3621 0.0000 0.0000 12.0756 0.7645 2.5807 11.3721 3.3241 -0.8407
0.0000 0.2653 2.4873 0.7781 2.6532 -0.0888 1.3089 0.0000 1.2332 0.1246 -0.5923 1.5174 1.2382 0.8406 0.0000 0.0000 2.8762 -0.3336 -0.7178 0.3359 -0.4171 -0.5431
0.0000 0.0360 0.5354 0.2738 0.5722 0.0138 0.4373 0.0187 0.2142 0.1187 -0.0564 0.3931 0.5805 0.6358 0.0000 0.0000 0.8551 0.0095 0.0693 0.7200 -0.0114 -0.0501
0.0000 0.0000 0.0000 0.0000 0.0000 0.0000 0.0000 0.0000 0.0000 0.0000
2.5057 -1.3881 -0.8066 -0.0730 -0.6645 -0.2089 -0.6621 1.5803 -0.2828 0.0000
10.3548 -4.4130 -6.1834 -1.0556 -2.1252 -1.0549 -2.3767 4.8156 4.4365 -2.3982
2.6237 -1.5564 -1.8005 -0.0757 -2.4815 -1.0030 -1.8078 3.0264 7.0370 -3.9622
4.6234 -3.4044 -2.6416 -12.9044 -2.8060 -2.7049 0.7203 -3.5456 23.3497 -0.6864
-0.2884 0.0000 0.0000 -1.5225 -0.1683 -0.3870 0.3870 2.0566 -0.3035 0.2261
-2.4392 -1.5061 -1.4126 -1.0779 -0.8776 -0.0166 -0.3602 -3.8382 12.7106 -1.1822
-0.0589 0.0000 -0.1788 0.0000 -0.1788 0.0000 -0.0128 0.2752 0.1541 0.0000
2.5714 -1.5589 -1.2670 -0.6899 -0.0694 -1.2911 -0.4825 0.7049 1.7879 0.2946
17.0144 -7.8924 -12.1336 -11.3254 -5.1892 -4.5155 -4.2504 21.9081 13.7574 -7.3735
0.0000 0.0000 -0.1370 -0.2355 0.0000 0.0000 0.0000 0.3741 0.3786 -0.3802
5.6041 -9.9659 -9.4467 -18.9847 -4.5321 -4.3357 1.9972 -3.2291 49.3914 -6.4986
-0.1247 -5.6928 -0.9999 -7.3922 -2.5888 -1.7888 1.1232 -3.3761 18.7591 2.0808
-2.1976 -2.0383 -2.0289 -2.7549 -2.0860 -1.1251 -2.9353 3.9322 14.0536 -2.8197
0.0000 0.0000 0.0000 0.0000 0.0000 0.0000 0.0000 0.0000 0.0000 0.0000
0.0000 0.0000 0.0000 0.0000 0.0000 0.0000 0.0000 0.0000 0.0000 0.0000
8.8479 -4.2843 -7.7258 -4.9930 -1.9932 -1.1642 -2.0648 3.3842 14.6983 -4.7051
2.8019 -0.3327 -1.4812 -2.8832 -0.1547 -0.5855 2.1304 -0.2097 1.2867 -0.5719
0.0807 -0.0359 -0.9920 -3.4759 -0.5366 -1.4710 -1.4613 4.3604 5.8116 -2.2800
15.3058 -10.2672 -15.4691 -23.5882 -10.2758 -8.9767 -5.3304 40.4533 25.4658 -7.3175
-0.8294 -0.3403 -0.8222 -2.0939 -1.1420 -1.2128 -1.7548 10.4549 0.5203 -2.7799
2.4224 -4.8891 -1.3354 -5.3908 -0.7547 -1.3990 -0.1379 -2.1423 12.8574 0.7694
0.0805 -0.0870 -0.1009 -0.1739 -0.0725 -0.0580 -0.0145 0.1301 0.3540 -0.0580
