1.3152 -7.5683 0.4888 -1.8041 -4.0729 -0.4359 1.6799 4.6045 -4.0344 -5.6088 -2.9297 8.3556 0.3536 -0.9225 5.5317 -9.0049 1.4338 -4.8696 -2.2905 8.7768 3.7363 0.7078 3.3285 -6.1749 -4.6854 -5.6123 -3.5653 -4.0721 0.0556 1.8163 5.4620 -11.1031 -1.0842 7.9179 -3.6812 2.2965 5.4405 -1.5878 2.7714
4.6706 3.0940 0.9755 1.9846 -1.5622 -2.1046 3.1056 -0.1818 0.3554 -3.6718 0.5371 -3.6343 -4.8066 -7.1287 7.4501 -9.1165 1.1162 1.7804 -6.0511 0.7310 4.7482 -8.5919 1.1415 5.5908 -2.9454 -2.7898 0.3868 5.1725 -5.6514 0.3931 2.1814 -4.2298 2.2019 5.6971 -7.9917 6.3759 -2.0833 -0.5793 1.4748
2.7567 4.6123 9.0307 0.8685 -5.1489 -0.4305 0.8647 -13.4564 0.6278 -7.6666 2.9624 -7.9891 -9.1418 1.6569 -5.6585 -1.7469 -9.1889 -1.3059 4.5501 -20.9223 -2.5028 -0.7363 8.3408 6.4326 -0.8649 4.8433 -4.3082 3.7038 -7.8877 1.6296 -13.1057 10.3730 -1.6120 -1.7414 -2.2035 -3.0539 -5.0905 5.1010 14.2306
-7.0617 -1.8770 -5.4242 6.5434 -3.6521 2.8788 -0.8994 7.2843 -5.7658 -5.6129 -2.5106 2.7056 3.3076 -1.9014 -5.6601 0.0168 1.0328 7.5627 -7.3569 -5.5074 0.7930 3.5867 -10.9686 -6.6988 1.0619 -3.4126 0.4418 -2.7580 3.7810 -4.2352 4.9070 4.4206 0.3704 -7.0312 2.3600 -1.1492 0.8305 2.2761 -5.4142
-4.0196 -1.7743 -5.2298 -4.5384 -0.9473 3.6469 0.6757 8.3689 3.9531 8.5121 -5.4498 -0.3737 6.8251 -3.8350 11.1739 -7.7375 -2.1743 -2.8775 1.6134 11.2575 -1.2478 3.7469 1.2720 -4.0202 -2.4011 -2.5488 5.1929 -6.0336 8.2602 5.4700 1.9121 0.0570 9.5886 0.5371 -2.6383 6.9148 -1.8593 0.4223 -1.6968
5.4697 -1.1517 -1.0415 0.2083 3.2361 -5.1744 9.1819 -1.8907 -4.3282 3.5450 3.3751 -0.0987 -3.4506 2.1284 -2.6586 -3.5846 -5.7414 13.3774 -1.7803 -17.2494 2.0228 -5.5339 0.8606 8.1154 7.5875 0.1961 5.0348 10.0876 -6.8521 -5.2637 -4.4409 7.9393 -0.8042 -8.9762 2.0958 -4.8855 3.1169 -5.4978 -7.9484
3.3797 10.9970 -2.0808 7.3006 -0.9310 -3.1977 0.9481 5.9092 2.1760 -0.3723 -4.0968 -1.3222 6.1535 6.4741 -3.4483 6.4860 3.6618 -8.0608 -2.1976 0.4217 1.1193 1.6908 -4.5598 -6.8267 -4.1692 0.7716 0.4761 -9.3147 2.6298 2.9585 16.4417 -4.2880 -3.6101 -1.5527 -2.5057 5.6206 4.0944 -4.4329 3.5040
3.9300 3.0009 0.5518 -11.5345 -3.8867 2.6560 2.3590 -3.7798 -10.0370 -5.6492 2.4819 -3.5544 -1.7631 9.0891 -13.0812 -6.6899 -7.7796 3.1959 1.8559 -0.7767 3.8213 5.1552 -3.0244 -4.9627 -7.7229 -13.4385 0.5927 6.7268 -5.8328 4.6322 -19.5974 -0.4721 1.2887 4.8907 0.2787 0.1436 -0.8406 7.0477 0.5822
2.0176 -1.1467 1.3885 5.6425 -1.9830 -6.5202 -2.1220 2.3909 0.6716 9.4288 -5.0778 -7.6198 2.8517 -10.1698 -7.3337 -2.7918 -2.7837 -3.9379 -0.0743 -6.0325 -1.0064 -1.4395 8.4445 0.8263 -4.7265 -4.3564 1.6953 -5.3093 -3.8138 6.4686 7.1846 -1.1167 -0.8344 1.9333 -3.4296 -3.5800 -3.4501 -2.6676 10.1226
0.6438 -6.2115 -1.9741 -2.8640 -3.3895 -1.4154 0.9180 6.9766 -3.8404 -0.6327 9.0496 -11.9710 -4.7388 -8.0220 14.3461 -3.5334 0.3430 -5.0820 -8.1884 12.9174 -1.1412 -2.5975 3.1618 12.5794 -10.2898 -1.1944 -3.7942 4.9919 -1.9422 3.1256 -3.9293 -9.6470 3.2076 6.3656 -10.9618 -0.9118 -3.4309 0.0377 -2.9955
-2.1581 -2.5612 3.9585 14.8832 -0.8724 3.0143 -4.2119 -6.3365 2.7881 -3.9156 1.6500 1.4833 -5.8743 -9.0873 -3.1737 1.6535 -8.4107 1.4270 -4.5665 -7.9950 1.3689 5.4499 -4.6388 3.6632 6.4107 -4.3266 -0.9783 -4.0127 -0.3571 -1.4926 -10.6030 2.1141 0.4875 -0.4199 -2.6655 2.4082 -8.4506 9.6233 7.4135
1.0531 -0.3485 2.8426 -0.7253 5.6857 3.9698 -9.6681 -4.0816 2.1060 4.0855 2.2155 -2.1608 -1.9601 3.2046 6.7529 15.0088 -0.9209 -11.6482 -2.5202 7.6098 -6.5209 -0.0015 6.3269 5.8409 -2.7798 10.4276 -10.7926 2.7076 2.9150 4.4199 0.1796 -2.5074 3.5788 -1.9849 1.4336 -0.2478 -1.8051 7.2377 1.2628
-7.8841 5.4887 2.5846 2.1132 8.3491 -1.7427 -7.1803 6.5655 13.2410 -6.3834 -11.7600 5.6261 12.3186 -4.5120 1.4693 0.7919 12.5514 -2.7057 3.0915 11.5023 -0.6704 -6.0970 3.0901 -4.1341 -0.4292 5.4286 -0.2082 -4.9733 2.7093 0.4048 12.0029 1.6184 -1.1668 1.1055 9.4601 -1.6115 11.2855 -9.6245 -4.8245
-2.1295 10.6298 -6.7433 0.9769 -2.4550 4.6866 6.9316 5.8461 3.6215 -1.7453 1.2641 -0.4882 1.2720 7.7979 -4.3978 -5.0725 10.7657 3.8183 -0.6638 1.7314 1.1122 -7.1104 -2.6339 -2.9722 7.5213 -5.1629 6.4043 -3.4494 5.3040 -3.4201 5.8422 -8.2816 3.6446 7.0262 0.3359 1.9326 5.2680 0.8090 -1.4715
4.7399 -3.3301 1.7463 7.3025 -1.1317 6.9778 -12.0670 3.8178 -3.0817 8.7764 10.1161 -1.7576 -5.1150 7.6982 -8.0553 5.8793 -2.3743 -7.8225 -6.8558 1.6313 0.7243 2.2824 -6.0390 -2.1196 -10.0984 3.7030 -3.3224 6.7758 2.1168 1.3111 -4.9844 -3.3215 3.2997 -4.2490 -7.2334 7.2852 -9.1713 5.2075 8.3922
-2.3507 2.2509 2.7364 -0.5911 0.5776 -5.7266 -3.7910 -1.2338 13.7120 -2.8602 -4.8696 -5.3590 6.2271 -8.4189 -4.5934 4.9210 2.4003 -3.9219 4.1636 -7.1033 2.1246 -11.4545 7.1817 6.9997 -0.4519 2.8857 -1.5319 -2.7538 -4.5264 1.5869 4.0883 0.2032 -1.7592 -7.1645 5.5926 -1.2289 6.5562 1.7720 5.1146
-5.3752 1.9884 -5.4443 -8.5364 8.3930 2.4477 -0.1169 8.0788 -1.9774 -2.6141 -6.0450 9.2668 5.7671 0.5722 -6.2998 -6.0383 3.9670 5.5140 1.7313 16.2571 -1.9328 0.7776 -1.7757 -2.6698 -0.2002 -2.6134 8.4674 7.9030 -6.1956 -8.4423 4.8883 -0.8137 2.0958 2.7135 6.5496 -3.3367 6.0151 -5.8715 -4.2311
0.6580 -8.0045 2.5377 6.3923 2.6402 -8.2344 -3.7995 -4.7671 9.7075 4.0011 9.3046 6.9526 -1.5901 6.4477 3.2881 10.4827 0.5622 0.4168 4.5130 -10.8487 -8.4568 -3.6146 8.2186 3.0788 -1.6356 9.7772 -1.6045 7.5142 -8.7711 -0.8851 -0.2125 6.0101 -4.0360 -9.0765 4.4912 -1.1857 -2.7925 -3.4801 7.1254
-2.3530 6.5411 -2.4391 0.0102 -0.6879 3.1021 -4.2558 7.3007 6.2070 1.3544 -5.8105 -9.7700 8.8166 2.7058 13.1392 2.1239 9.4669 3.8458 4.7764 14.5822 -8.1133 -8.0450 -3.0591 -1.1631 0.8043 10.2008 2.6698 -2.1249 9.5213 -2.6599 -1.9925 -5.8041 -3.0907 1.5888 1.6529 0.5684 6.3927 -0.8070 -7.1682
0.7815 -3.8702 -0.4858 8.0137 0.6271 -7.2094 10.4015 -10.2923 -5.3121 -6.3336 -0.2250 11.1962 -2.3582 -4.1085 -17.3108 -7.0541 -8.8541 15.4459 -4.4439 -22.6596 9.3500 1.3273 -0.4982 2.5979 3.9213 -8.4736 3.1309 1.5596 -7.0185 -7.9192 -2.0297 14.4198 -7.7897 -7.6146 0.9159 -8.9793 1.1138 -6.7234 -0.1695
-0.3358 10.5608 -5.1151 -9.2060 2.1061 1.9123 11.3367 -0.3230 -12.7871 -3.9847 -0.3007 7.8873 4.0908 5.7229 17.5512 -10.4878 -5.1113 10.1552 11.9557 19.0260 -4.6052 4.6039 -6.9252 0.1682 3.9048 -6.6254 10.0206 -10.5032 4.7847 -11.5966 -7.5908 -7.3164 0.3835 13.5962 3.2205 -5.9574 8.6494 -3.2386 -7.4989
3.4314 5.5744 -0.2614 0.5331 1.3082 8.3602 -6.7584 -3.3055 6.7626 0.7734 9.3652 -5.5965 -2.4699 4.3945 -5.6348 5.8830 3.6506 -5.3525 0.2402 -3.4872 -5.9185 -2.7312 -2.4087 -2.6905 -8.7059 -0.1541 1.7106 0.1745 3.7837 8.3913 -9.6997 -0.0432 4.4136 -0.3526 -2.2797 -2.0889 -2.0313 0.7456 6.4082
1.7988 1.8466 -1.9147 -11.2389 1.3987 -0.6751 7.6926 -0.1548 -10.0842 -0.6727 -1.6308 4.7451 -1.1031 4.4107 -2.7361 -14.7484 -1.9874 13.0563 5.3111 4.2942 1.1839 8.0753 -3.6654 3.4232 4.0847 -11.7562 15.8992 5.0875 -2.9222 -9.7850 0.4722 6.8270 -0.1491 0.6383 2.6855 0.1723 7.2087 -16.9331 0.7577
4.6450 0.5424 0.2584 -3.8886 -2.9224 4.7308 1.7150 2.4707 -3.9089 4.4374 0.2367 -0.6102 2.8464 -3.1231 6.9538 -5.0134 0.9434 -2.9836 4.7154 11.7933 4.7965 2.9136 -3.4455 -1.8519 -1.7734 4.4289 3.2761 -6.0678 8.8038 0.6420 -6.1079 -6.0399 -3.0864 6.8649 -4.9573 1.2097 -0.4972 0.8548 -5.5813
4.5839 -5.6128 2.7545 0.2966 -5.3289 -9.1661 -4.5913 2.0904 7.5630 4.3901 21.7263 -9.2221 -2.5801 10.5597 7.0895 10.8960 3.5973 -3.4403 7.7830 -6.3661 -8.9344 -5.0793 -2.0062 4.9909 -9.8599 4.4254 -5.1889 1.4623 -0.4430 5.0012 -11.8015 -1.8710 -2.0075 -4.6400 3.7986 -3.6089 -0.0773 1.4205 -1.9438
0.9776 7.7597 -3.6235 5.8089 -0.1540 5.7545 8.7593 -4.8607 0.5883 -2.4525 8.7591 11.9055 -4.1312 1.6764 1.2556 5.0940 2.2352 4.4924 3.5142 -3.7955 -1.2269 -2.6307 -6.3845 -0.7295 8.1166 -2.6105 5.9196 -11.8424 4.6226 -3.8143 -1.5803 -6.4512 -1.0953 2.9844 1.9576 1.3412 -4.0905 7.9947 -0.6280
5.2353 4.6438 -2.9133 8.3946 6.3564 -2.0361 5.5692 -10.0954 0.2635 10.5269 2.0782 9.3540 -4.7188 -5.4635 10.8684 0.8612 -11.2704 -1.0269 2.5157 -4.7735 -7.9539 11.4651 -5.5205 -2.5196 6.0599 -1.1860 4.5758 -9.9406 6.8023 -4.3696 -0.6646 -2.3212 -1.0507 1.4632 1.6500 -7.4398 -4.7736 -4.2989 -2.5015
4.6214 3.1597 -1.2440 11.4534 0.9737 4.1023 3.4889 -4.8626 9.6573 4.9769 5.3495 15.8087 -3.6425 5.6053 16.6985 -6.3798 2.3202 6.6670 12.2355 13.2652 -8.0883 1.9697 -4.9152 -6.8330 11.0436 1.2939 11.2862 -4.2342 3.6620 -8.1707 2.5587 -7.2965 2.1657 9.9620 2.5520 7.0030 1.0622 5.5443 2.4109
0.3001 -0.8061 -5.0920 1.2421 3.9992 -8.0907 -2.3370 1.8914 7.6205 -1.9401 -2.7264 0.3606 0.0000 0.3017 3.1519 3.9238 0.7984 -1.7784 6.7309 2.5280 -2.8925 -0.7974 3.7994 -0.2938 -0.0883 13.0227 0.7074 3.6221 -3.1085 0.3687 1.6582 -1.5556 4.2669 -3.4350 -1.9586 0.1361 5.5276
0.3948 10.4092 2.8228 15.2744 12.2472 -8.2034 0.1925 4.8576 6.7641 0.8701 3.3286 -0.5994 -6.9203 -1.5025 1.4915 4.4617 7.8897 -5.1105 12.1632 14.0867 -4.9466 1.4193 6.9989 -14.8995 18.8716 3.2754 9.8276 -2.4374 8.9472 -0.3166 5.3145 -1.1752 5.4594 2.9962 -2.9399 -5.2081 5.0711
0.7355 -1.5971 0.0714 2.3541 5.0255 4.4785 -0.6054 0.1606 3.7951 -1.5103 4.1398 -1.0373 -0.4629 2.7314 3.3378 2.5465 2.8237 5.0032 7.4516 -2.8599 -7.5553 1.6341 -3.3652 6.7564 -3.0471 15.2730 4.2363 1.5319 1.3966 9.5954 1.4062 0.5054 3.2010 -0.8047 -4.1899 2.0013 -7.2147
-0.3129 -0.1348 -0.0922 10.2346 1.9509 3.7366 -2.4059 2.9774 4.0662 -5.4734 -0.6905 -0.9466 -0.5897 -1.0684 0.2856 5.0757 1.4131 -0.7622 10.5856 -3.5116 1.0459 1.4843 5.4388 -1.6504 -1.5763 10.9457 4.7318 -1.4615 4.4051 2.3600 -1.7694 0.6274 -0.7460 -6.9793 2.2864 4.3874 -1.3842
-0.6210 2.1555 2.0919 12.7712 8.4080 -8.3762 -0.2078 -0.2631 13.3702 2.5971 -11.0667 -8.1782 -5.0202 -1.7804 2.0180 6.5260 4.1436 2.1673 8.5771 4.4964 -0.2080 -0.2992 4.6157 1.3641 3.8485 0.2603 6.8932 2.3676 5.6570 -7.3043 -6.2218 3.2894 0.8518 -3.7499 3.6028 -0.7100 1.2737
-0.1861 6.3983 -6.4165 10.8266 10.9009 -14.3446 0.2244 1.9736 11.5622 0.9722 6.4978 0.3762 -1.4218 1.3493 0.8911 11.1921 12.6396 -4.0630 2.3557 12.2385 -2.5197 3.5550 7.3462 -5.0219 6.3255 6.7027 7.5309 0.4383 6.7846 -0.6051 5.7803 -1.2266 0.4525 0.3662 6.1394 -0.6952 7.5606
0.0177 0.2939 -8.2563 6.6297 6.6968 -7.3171 0.4839 1.2260 3.7105 -0.2474 -2.5064 -0.0706 -2.3422 -0.2303 3.9651 4.9436 1.3128 0.9457 6.8352 0.2231 -5.3115 0.4782 0.6608 3.1265 6.1704 7.6610 5.7826 3.0239 1.5876 2.2935 3.9182 -1.8169 5.0559 -1.0957 0.5433 0.2122 8.2823
0.3107 4.6669 -1.6055 11.3052 7.1565 -4.0517 -2.5555 0.0552 13.8013 -2.1200 -7.0483 -2.7179 -0.0726 1.4623 3.0838 12.4712 13.3550 8.2672 13.5867 2.0554 -4.7384 -0.5737 9.0802 -3.3126 5.4882 12.7444 4.9541 1.8035 7.8612 0.7068 5.9789 2.4761 2.2383 -3.4740 3.2472 5.4373 0.9650
1.3972 2.7842 4.0359 15.2328 13.4841 -0.9438 -2.3314 -0.2205 8.1861 1.2211 -0.5717 -2.5073 -0.6400 0.5806 -1.0828 16.2204 8.6960 1.2589 11.1692 7.2556 1.6702 5.8326 6.5256 -4.6584 -2.5021 7.6268 9.0258 -7.1456 13.3167 -1.4408 2.6064 1.5211 -1.6028 -6.0320 6.1513 1.2223 5.4928
2.9155 3.9068 1.5126 9.7237 4.5548 -5.7202 5.3470 -3.9664 7.6363 -0.2873 -2.9953 -1.6128 -0.1272 3.1249 1.9111 15.9500 11.4042 7.6676 11.8115 1.2361 -2.1297 0.2480 5.5437 -5.7271 5.8224 9.9527 10.1327 -0.9528 15.1777 -1.7160 7.3923 2.1310 3.3721 0.3460 4.4786 6.7024 -2.9700
2.2740 -4.1125 0.2020 3.3265 -1.4194 5.6937 3.0517 0.8543 2.9005 -6.4520 8.8965 1.1819 0.0733 0.2249 3.2717 4.8972 6.5018 3.1143 14.3330 -9.2262 -7.7916 -2.3841 -5.1322 3.0449 -0.2335 21.8418 3.7068 4.0196 0.7161 12.3888 -0.8260 4.4248 0.8771 4.6158 -3.1381 7.9340 -18.2185
2.1089 -2.8843 -0.8306 3.4319 10.7728 -8.6557 -0.8302 2.9003 13.1591 -1.4240 2.4585 1.0904 -0.4702 1.5629 7.4954 11.3219 5.8780 2.1398 23.2035 2.3410 -4.7563 -0.7261 3.2179 -2.0839 0.4368 20.9235 6.3552 1.3538 3.0859 -3.4146 1.5509 -0.3493 5.5446 -4.3980 -6.6886 -0.4170 0.4394
-2.5128 -1.2976 -0.8006 12.0121 6.3617 -1.0421 -0.9144 0.6335 6.1078 -5.5100 1.7008 -0.0023 0.0000 0.5182 1.5691 4.8475 6.1591 1.9702 10.2736 -3.3137 -4.6124 -1.3969 0.4005 6.1854 -1.6541 17.2441 6.6500 5.7813 4.9679 2.8147 -0.6103 0.3449 0.3114 -5.6481 1.6025 6.8736 -4.3325
1.4313 2.5046 -1.4351 5.2335 1.4402 -5.3254 3.0061 -0.3212 4.1629 3.4814 -5.1285 -4.3675 -0.4288 1.4679 0.2820 12.4260 8.1577 6.3598 2.5197 2.2568 -0.1627 0.1476 0.4056 -0.6499 3.2577 4.4391 8.0839 2.9315 12.9536 -2.4708 4.7562 0.3647 1.7226 -4.3364 0.8629 1.2455 -2.2485
5.1748 1.8629 -3.9294 12.8511 27.5782 -12.9439 0.5691 1.4993 13.1888 -4.8914 19.0986 5.8078 -2.2085 2.2280 -0.1601 11.8553 9.1044 -11.7822 6.7095 20.2507 -3.1750 2.7607 5.0581 -9.8153 3.6654 8.7749 10.4860 -4.0121 10.5075 -3.3202 6.1129 -2.2991 6.3629 2.0763 9.5293 -3.8844 25.3655
-2.6543 8.9761 -2.8661 11.0006 14.4884 -14.5334 -0.2523 0.0695 6.1392 2.8187 -5.3126 -3.4701 -2.0169 -1.1278 2.1619 9.9114 8.5837 -0.0982 3.0223 6.6925 -1.9290 0.0954 5.0397 -1.8115 10.5346 2.7045 6.2740 1.9189 5.8630 -4.6609 6.2307 -2.0966 4.4002 -0.8389 2.5275 -0.3849 11.4080
0.4881 5.3634 -3.6398 14.0846 18.8876 -9.3825 0.3321 -3.1541 1.2298 -3.7927 4.4944 -0.3303 0.0000 5.9694 0.2004 10.4511 3.9435 -4.0920 8.7218 8.5345 -3.0178 3.6529 1.5399 -3.3759 5.7038 11.7351 2.6715 -4.9875 3.0283 -4.7553 9.1381 -2.1717 4.1516 1.7300 5.2415 1.6347 14.8930
-1.1898 -0.4186 -3.1828 9.7639 15.9621 -4.7697 -2.7392 0.8760 5.5105 -4.0603 -0.3890 -0.3802 -2.8278 -1.6584 0.8194 1.4389 1.2508 -3.3307 2.5993 5.2463 -4.8638 -3.4038 0.8780 5.7051 -0.7419 7.4229 2.8042 0.5564 -2.3156 -4.9731 -0.0554 -1.2874 2.7853 -3.4127 1.8827 0.1650 13.3489
-2.4745 4.6307 1.1000 7.2522 5.9838 -5.5969 -0.7147 0.1676 1.0498 0.4366 2.4523 -1.8178 -2.3667 -0.5760 1.4833 2.3867 5.9343 -0.5675 6.3007 3.5754 -2.4805 -0.3198 1.7578 -3.5890 7.1572 5.7525 2.3824 3.3908 1.6320 -0.4462 1.9213 1.9939 4.5160 -0.1083 -2.8446 -0.7071 1.0375
-2.3944 14.8693 -0.4686 10.9415 15.3685 -14.4421 -3.0611 3.7130 11.3977 -2.7926 2.3443 0.4089 -1.1738 -0.7961 0.8012 12.4730 21.2560 -0.4689 9.1070 10.3198 -4.3604 -1.9548 13.3982 -12.6470 18.9955 7.6719 9.7096 0.1950 10.9843 -2.0767 6.4467 -0.5043 6.7306 1.2820 0.8390 -0.5799 9.4071
2.7295 0.5614 0.8646 13.4450 13.4402 0.8025 2.8129 0.7925 3.1378 -0.9151 -1.4256 -4.4258 -3.3482 -1.5852 -0.3821 15.0112 3.5584 4.6426 15.1744 5.9197 4.5658 0.8565 5.6989 -3.3638 0.7952 9.2417 15.9233 6.0596 19.2534 3.0630 2.0602 -1.8693 -0.8967 -13.1984 2.4511 1.2069 0.1321
2.3235 -2.4650 -2.7525 1.8747 2.7577 -8.5988 0.3116 1.0480 14.4855 -5.2872 7.9711 5.8622 0.0000 -0.5762 5.1542 6.7670 9.5126 -5.8589 12.6588 2.5297 -6.0297 -2.9972 4.1150 -3.4241 -0.8325 15.1240 2.4246 2.4034 1.7302 -3.4496 5.6636 1.8469 0.2848 -0.3964 3.4813 6.6445 2.9160
2.9798 1.5990 -3.7577 8.3471 6.1387 -3.2402 0.4108 -0.7387 5.4102 -3.2580 -1.7831 1.2851 -0.5699 1.4428 0.7482 4.8851 4.8805 3.0718 1.7959 1.1862 -2.5161 -0.7478 3.1955 0.8412 -2.8742 6.9680 8.1126 1.0181 7.7592 0.8013 3.7590 -2.3027 2.1532 -2.3343 7.5698 2.5952 9.9004
1.6667 -0.1511 -0.2008 4.5465 4.7236 -4.3139 4.4946 -0.4159 3.4385 -0.6024 13.2416 -0.7079 -1.2392 1.6445 1.0745 6.4035 6.5400 -4.1460 2.1119 5.7093 -2.1377 2.7020 -0.5629 -0.3601 0.2345 7.5702 4.3675 -0.7603 2.5734 5.8596 1.0064 1.0662 -2.3443 0.7449 2.3861 1.6979 -5.4203
0.3799 -0.0813 5.0009 15.7703 10.9166 -7.6593 0.3377 -1.2205 12.6673 -0.4866 -8.6011 -8.7661 -2.4975 0.5692 0.8931 11.2256 2.0900 -1.9429 13.2863 1.7021 0.9660 0.8733 4.8241 -1.7402 1.6428 6.1654 8.5912 0.8160 8.5982 -6.0553 -4.7805 4.7121 3.2804 -11.4306 8.7654 4.1491 7.3419
-0.7362 2.2450 -0.3306 10.1790 21.2776 -14.9456 -1.5725 -2.0836 13.1351 -3.4316 -4.9210 -0.5617 -2.4041 -1.5856 3.5115 2.9122 8.7931 -2.7811 1.4381 8.9455 -3.1548 -6.9497 3.5262 1.1055 0.2374 -0.9008 6.5935 4.8886 1.4174 -10.0105 2.4198 -1.0775 3.4859 -4.0750 3.5700 1.4803 13.4575
4.7128 3.9933 2.9531 9.8800 12.3614 -6.5144 5.8628 -2.1706 5.1172 1.9471 -5.0530 -2.5548 -1.6517 1.8230 0.9621 12.2317 3.6508 1.1270 5.4993 12.6596 -5.6624 1.7922 4.5039 -6.0894 3.8265 6.3471 6.3231 -1.6563 8.2467 -4.6297 8.9382 -2.1781 4.7847 1.4682 1.2766 -2.8493 9.8885
3.3626 0.7042 -8.5116 13.3433 12.0371 -3.6003 -0.5109 4.2235 1.7144 -5.0681 11.2171 1.1327 -1.6518 2.3255 -1.7220 8.9135 2.0704 -7.7626 6.8796 8.4046 -2.4634 5.9652 -1.5009 1.5977 2.8539 14.0925 9.8189 -3.8437 5.3546 6.6513 2.6587 -5.2373 -0.3621 -1.1826 8.1178 -2.0762 13.1255
1.2198 2.7328 -3.2989 9.9075 8.5315 -3.4517 -0.8266 1.7749 4.2799 -0.6147 6.4119 1.2627 0.0000 3.2342 -0.7269 7.8022 4.9483 -6.7913 1.2238 8.9755 -2.4297 3.8947 2.0412 -1.9776 1.1423 5.9248 5.6988 -6.1950 6.7832 -1.8719 4.4884 0.0000 -0.7964 -1.1340 4.9984 -0.6501 7.0906
0.2540 -1.2138 0.4632 7.1039 13.6937 -12.7434 -1.2810 -1.1249 13.1730 -0.8342 -5.4285 1.4198 -0.8621 -0.1250 5.3934 3.6976 5.9258 -1.8573 7.0288 2.4424 -6.5701 -6.0585 0.0195 0.3490 0.2160 5.9423 2.7910 2.4771 0.2306 -9.4356 2.3322 -0.6622 3.7494 -6.0656 1.2670 2.0080 10.7969
0.7487 3.0690 0.9637 19.1036 23.1490 -8.5600 -0.2673 2.2247 13.3803 -0.0425 1.4573 -3.3651 -3.7350 -1.2951 0.6535 10.4946 7.0120 -6.4190 4.4071 11.3650 -3.0864 0.2461 3.8824 -2.6665 0.1551 5.5721 6.8084 -1.6076 6.2726 -2.7076 1.2182 -0.4349 2.7154 -6.1989 8.6636 1.8741 19.1242
-1.7445 0.4359 0.1865 11.2288 18.1337 -15.6028 -1.2830 2.4572 19.0047 0.5748 -2.7102 -2.8388 -3.2583 -1.5621 5.9269 8.0259 4.4506 -6.5634 11.1815 6.6997 -6.9577 0.6221 4.4527 1.0916 1.1444 9.7018 2.4592 -0.0139 -1.2008 -6.2458 -0.1489 0.3028 2.7150 -7.5822 5.0850 1.1132 12.2834
1.3560 2.5749 1.7667 17.9151 7.5050 0.7340 0.9214 2.1682 4.7604 3.1807 -1.1307 -2.7113 -6.4640 -3.1724 0.5329 11.6797 0.6637 -0.3586 18.3739 8.8173 2.4689 1.9922 4.3191 -7.1711 7.7920 6.2334 14.6010 -0.8857 17.6452 -1.8429 3.7698 -1.7782 -0.7909 -13.1381 -0.7385 -2.0542 3.9284
0.8740 4.5901 -2.5206 12.3328 10.0991 -11.5621 0.2671 0.6439 12.6929 0.3182 -3.1003 -1.7745 -4.8154 -1.7335 1.7359 6.4200 3.3587 -2.4292 8.6495 8.8126 -0.6859 -3.0816 8.2416 -7.4021 7.1909 3.1001 5.8242 3.5507 5.0669 -3.0965 3.7741 -0.6454 3.1193 -5.0794 6.0860 0.7615 11.7878
1.8941 4.2447 0.8661 3.5634 9.4007 -4.2234 2.6771 -0.3886 8.8907 -0.3367 3.2572 -0.9037 0.0496 1.4384 0.7913 6.5514 7.5447 2.2130 1.0876 6.1538 -3.6308 0.2396 7.8627 -4.8771 1.1743 4.9123 4.6015 -1.7876 3.3032 0.1948 1.6335 2.4358 1.4387 2.2232 2.3809 0.4791 -0.7111
0.4324 2.0352 -0.0835 15.9341 0.3009 -0.7011 -2.5415 6.3528 5.3807 1.7974 -3.5057 -3.0276 -5.9066 -3.4369 1.8515 9.1552 2.9126 -5.3113 22.6787 7.5050 2.2531 10.3997 10.0348 -15.2197 15.1045 3.7384 7.0325 -0.4794 9.4865 1.8807 -3.9932 1.3450 0.3558 0.1044 0.0178 -3.0665 0.7452
-1.1639 8.8716 -4.0280 8.0069 7.0161 -11.9460 -1.5047 0.7951 14.9823 -0.8717 -9.1233 -4.9943 -0.7221 -0.2307 6.3264 12.4767 13.7444 5.8303 13.5906 -1.6309 -4.8380 2.4191 15.7272 -7.2485 14.5832 20.1221 3.4552 3.4787 0.5044 2.3816 -3.2076 3.0795 5.0579 -0.1814 -1.3690 1.7054 -1.4892
-2.2314 1.8033 -0.1063 0.8922 6.4154 -13.9902 -2.1642 2.0347 5.9391 -2.9807 -4.7714 -5.3041 -1.6000 0.0749 7.1865 11.8622 6.8864 1.4804 16.4498 1.7283 -2.8416 1.7483 8.4742 -2.9966 10.6443 21.0719 2.1945 9.7217 -0.7446 -6.3002 -0.9574 3.5836 7.1391 -3.6791 -6.5115 0.6073 0.3319
1.8519 0.7782 -5.3450 8.5953 0.2718 -2.1307 2.9164 -1.1857 6.4532 2.5147 -8.0536 -3.8271 -0.8989 -0.4469 1.3851 14.0628 3.1448 7.1715 11.2688 -4.0319 -0.8364 7.4984 -1.0563 5.6706 2.7817 19.4998 5.8905 3.2659 3.4917 11.7401 -3.7177 -0.4956 -0.9566 -3.5780 0.7264 1.5787 -10.6961
0.4871 0.7008 -0.2315 3.3180 3.5298 -1.9766 0.2337 0.4830 2.9639 -0.4736 0.3665 -0.3934 -0.7445 0.0958 0.7225 3.2717 2.3418 -0.2739 3.6965 1.5586 -1.2681 0.3834 1.3508 -1.0974 1.7332 3.5335 2.3031 0.1277 2.1167 0.2140 0.6822 0.1301 0.6054 -0.6074 0.7983 0.5788 1.0897
-7.7979 -0.5103 -2.1383 0.2234 7.5230 0.0000 0.0886 -0.2037 -0.0686 5.2600 -6.2802 1.3874 3.6199 2.0060 2.0423 3.1030 0.0367 -2.6044 -1.3052 -4.8327 0.5932 5.2844 8.4842 -3.6242 7.1556 -3.5366 -0.3347 0.6474 -0.8278 -1.0650 1.1095 1.0569 0.4816 6.7441 2.1090 0.0000 6.2209 -0.8085 3.8006 7.9969 3.4143 3.3664
-3.5036 0.5567 -2.6974 -2.1605 6.5898 0.0000 0.1631 0.5684 0.0037 2.9513 -1.3323 0.9802 8.0430 2.6561 -1.4616 -3.7779 2.8231 -2.3916 -0.6044 -4.7538 -0.1141 1.3702 5.7027 -2.9581 1.5722 -0.1295 -0.6854 -3.7006 2.2677 2.9297 0.1925 1.4646 0.4290 4.7916 2.4034 -0.7246 2.6488 0.3032 5.9773 4.4629 4.1907 3.0301
-2.7373 -0.0774 2.0044 0.0196 15.4847 0.4020 -2.2265 -0.9951 1.5443 0.6672 -6.3507 -1.9719 6.8766 2.6922 4.2353 0.3455 1.0168 0.2899 -1.5115 -10.2248 9.2427 14.2709 12.5351 -2.9345 7.9253 -7.4698 -8.2263 2.7592 1.4950 2.7778 0.4137 -1.0020 6.6893 4.1508 9.9285 5.0659 6.8481 -7.4518 1.0807 13.4729 2.9033 1.4720
-19.7460 -2.4316 -3.1941 -0.9077 31.2876 0.5268 0.9232 -2.3906 -0.8299 11.6261 -15.8543 7.5060 30.2529 14.5345 5.6234 3.0405 9.0920 -5.6797 0.2005 -15.8548 10.2871 22.1615 28.8729 -15.1600 19.4898 -7.4744 -13.7712 -7.6125 2.2032 0.5111 1.3720 2.4995 4.4517 17.2274 19.8975 4.9563 21.1835 -4.6836 12.6911 38.2326 8.5743 11.8422
-8.1923 -0.4408 -6.9637 -1.8713 18.2479 0.2230 1.6512 2.0173 0.1086 5.7616 -5.1981 1.0872 17.7053 5.1049 2.2492 -3.1325 2.4416 -5.9825 -3.1539 -13.9702 4.6439 6.0950 17.1546 -10.1357 14.7164 -4.6296 -5.1125 -5.8610 -0.8998 -0.3746 0.1002 4.7332 1.1573 10.6114 4.3250 -0.0920 8.7510 -1.6637 12.9027 20.7161 9.8689 7.0771
-1.5111 0.7926 -0.5263 0.5205 5.3287 0.1201 2.7016 -0.1494 0.5867 0.5643 -5.1073 0.4876 2.3580 -1.0129 -0.6299 6.5569 0.7982 -0.6234 -1.7344 -7.0511 2.4183 3.0519 6.7358 -2.3745 6.4398 -2.3672 -0.4728 1.1884 0.5178 0.8881 0.9783 2.1272 1.2767 4.9203 2.8129 0.4072 4.8448 -1.0681 0.3206 7.0463 0.3286 6.1514
-3.2924 -1.1338 1.7866 1.0439 3.3045 0.0000 -0.5406 -0.2313 -0.0338 2.6630 -3.9706 0.5630 4.1846 2.7924 -0.7029 -3.9038 1.5053 -0.9840 0.0733 -2.6683 -0.0965 2.9354 4.7425 -3.5225 2.3876 -1.0671 -0.8662 -1.2293 1.4222 0.1192 1.8281 -0.4024 -0.9793 3.8515 2.8397 0.0000 5.2387 0.5093 1.4149 3.3484 -0.4289 2.0076
-16.0292 -1.2861 -7.2990 -0.2210 16.1608 0.0081 -1.3156 -2.6114 1.2508 8.7630 -19.8175 7.5508 15.5068 12.6570 5.3087 2.2731 6.7208 -6.7063 -1.1236 -13.1227 3.2207 15.5092 18.9036 -11.2166 13.7386 -7.8512 -4.0686 -0.2938 1.3259 -0.9332 3.0011 1.6150 0.9532 14.0454 7.1355 0.0121 18.0524 -2.0846 6.4163 24.9318 3.0259 9.6142
-1.2736 -0.2890 -2.9552 -0.5236 5.9900 0.3366 1.5125 1.0631 0.4873 0.5899 -3.1663 -1.7165 -0.0422 0.6637 2.0834 -0.6597 0.9719 -4.8193 1.9231 -7.2040 3.8930 4.5948 6.6096 -0.1717 5.6363 -3.5167 -4.6393 0.6519 -2.0209 0.1322 0.1404 1.4670 3.7959 4.3663 -1.1997 1.6591 4.2493 -2.0590 1.1394 7.1895 0.7165 1.6919
-10.7815 -1.5731 2.1869 1.4027 12.8684 0.0000 1.5615 -0.0206 0.7335 11.4780 -8.5769 3.0216 7.4164 0.7574 1.6844 8.1344 3.0224 -2.8988 -1.2109 -6.2845 -2.7439 8.8600 14.7486 -9.2540 14.1103 -4.8218 -2.1726 0.2187 -1.2990 0.8894 1.6480 2.3106 -0.0179 14.8855 6.7105 0.3826 15.7577 0.4563 3.3772 15.7474 4.3460 4.9732
-6.3895 -1.2677 2.4815 0.2856 11.5717 0.0029 1.0662 0.6105 1.2146 8.9693 -4.9932 1.0188 6.6156 -2.3741 0.8475 7.3310 1.1874 -1.9502 -0.6931 -7.7375 -1.4058 4.3597 10.0345 -9.1140 11.6722 -4.5566 -0.5348 0.8622 0.0842 3.3800 1.6048 2.7789 0.0130 11.3985 7.4110 0.6382 13.5703 0.0176 1.3612 11.5525 3.1508 7.7893
-0.1338 -0.3777 -1.4971 -0.5315 1.3530 0.0000 1.0439 0.0308 0.4128 1.2622 -0.2640 -0.5280 -1.7805 -2.3868 0.4590 3.4373 0.6095 -1.5829 0.2581 -2.4589 -0.0956 0.3099 0.7921 -0.4555 1.7931 0.0927 -0.1969 2.0198 -0.5120 2.0099 0.3583 2.5154 0.2759 4.7537 -1.1953 0.3518 2.7248 -0.0445 -0.6736 2.5897 -0.1993 2.3699
-0.0552 0.0000 0.9647 0.0000 0.0294 0.0000 0.0000 -0.8629 0.0000 0.0348 -0.0307 0.2240 -0.2688 0.0199 0.0781 -0.0314 0.0118 0.8553 -0.4946 0.3747 0.1266 0.7786 0.1336 0.1369 -0.3081 0.0326 -1.3112 0.0145 0.6769 1.2442 0.0125 0.0000 0.5790 0.0030 1.3914 0.6556 0.1593 0.0225 0.0000 0.1509 0.0000 -1.0336
-8.4134 0.0000 -2.1473 -0.6947 14.5780 0.0000 -1.3671 -1.3149 0.0000 4.2706 -6.2431 2.3276 14.8379 7.0610 0.6552 -4.1558 2.9273 -3.4999 2.9357 -5.5841 3.6961 9.3571 11.7683 -6.3031 7.1327 -5.0262 -6.6127 -5.5707 2.4347 -0.0251 0.5163 -1.4338 3.0252 6.1862 7.2242 3.6926 7.8537 -1.6942 7.1794 14.5638 3.4645 -1.1128
0.0584 0.9653 0.3600 0.0000 5.5895 0.0000 1.7118 -0.7900 2.2375 0.2726 -3.5448 -0.9330 2.3892 -4.7067 2.1626 3.9076 5.4051 0.8300 -2.8646 -5.2180 -0.5546 1.1751 4.2714 0.0041 4.0163 -2.4358 -0.2138 2.6299 -0.1038 -0.6390 0.0000 -1.1454 -0.4716 5.2798 0.6617 -0.3766 1.5173 -1.7213 -0.9153 6.5437 -2.9282 3.1162
-8.9942 1.4284 -1.0166 -0.7714 8.6154 0.0439 -0.3229 -4.4358 3.4389 3.4349 -7.7987 9.7519 14.1546 10.7985 1.6750 -6.8598 5.6718 3.2498 1.9977 -10.2273 -0.6647 6.5776 11.6865 -8.6880 4.9033 -1.4103 -1.0330 -5.0035 6.2777 4.7701 1.3883 -2.7735 0.3753 1.9465 14.4228 0.5735 10.3612 5.5834 4.3651 14.2113 5.3670 2.7449
-8.5902 1.5831 0.9014 0.0562 9.9467 0.0000 2.6258 -2.4697 0.6734 5.2907 -5.3217 1.9490 2.9311 -2.8577 0.7465 5.2004 2.0481 -2.5095 -1.3389 -2.7993 -0.8802 3.4553 9.5388 0.4149 5.1478 -0.9371 -0.6607 2.4137 0.1261 1.1342 1.1153 1.2449 1.4781 9.5794 1.0587 -0.0352 3.7498 1.1464 4.5870 5.7477 1.2603 4.5788
-17.2690 0.5488 -2.4897 1.4073 15.4550 0.2032 -1.1483 -5.7107 0.3115 5.2948 -17.3975 11.3235 15.2648 8.8731 -0.5133 -3.0405 4.7076 -4.2649 4.4421 -4.3168 1.3044 6.8804 19.8018 -8.1640 5.6632 5.7558 0.2050 -2.9893 7.8019 13.7868 2.1738 -0.1573 0.5543 11.6224 10.2781 1.0357 15.4460 8.2469 10.8539 20.0757 8.1346 11.3309
-1.4468 1.5426 1.6119 1.4267 -1.9164 0.0000 0.5533 -5.5794 0.5811 0.2874 -4.2305 8.2779 0.9648 2.9983 -0.8355 -1.6483 4.4256 1.7465 1.2760 3.1182 -2.0223 -2.8890 0.1082 -1.1853 -2.8412 6.2839 1.5049 -1.9747 4.9419 4.0902 1.5353 -0.3141 -2.3741 0.3614 3.7279 -0.8505 4.2842 6.9441 0.1018 2.5425 -2.6803 7.0145
-23.3342 -1.4340 6.4819 1.4216 19.7013 0.0232 1.2860 -3.8116 2.2083 16.0829 -24.8021 4.0748 7.4011 3.9074 5.9514 -1.9780 8.3061 -5.5678 0.3535 -10.0931 -2.0125 18.2526 28.1661 -10.7140 20.0052 -6.2567 -6.9766 4.7071 -1.0194 1.4396 5.6004 2.2193 1.9177 22.3018 10.2878 0.2985 25.4411 -0.0509 6.7554 26.3857 5.0782 7.5923
-4.7709 0.8947 -0.4141 -0.0871 12.3462 0.3972 -0.3982 1.1896 -0.0008 2.2420 -5.8519 2.4453 14.1845 4.6802 -0.9413 -1.1382 2.1214 -2.2460 -1.9262 -5.2366 3.8596 6.1579 9.3141 -6.3743 6.3552 -1.3395 -5.8783 -4.4922 2.6080 -0.4528 0.6486 0.6446 1.4440 4.0003 6.7708 0.7647 6.3078 -1.4702 4.8103 9.5678 1.7592 8.3422
-4.5434 1.1308 -1.2160 -1.0745 4.5619 0.1156 0.3085 -2.4425 -0.2582 1.5057 -3.7102 4.0864 2.1310 3.0242 1.4647 -1.4803 4.0459 -0.3201 1.2804 -4.1698 1.4883 3.9061 5.5647 -1.4576 1.8961 1.0736 -0.8088 2.6836 1.6138 4.7908 0.5765 0.4953 1.7737 3.3555 3.1492 0.7661 4.6894 3.3481 1.9343 7.5391 2.3617 1.4854
-8.8496 2.5549 3.3576 0.5130 14.2459 0.0000 -0.7263 -4.7762 0.3446 2.1746 -9.3285 5.8606 16.4232 6.7273 -4.6519 -6.0776 5.6742 1.5936 -2.7731 -0.2540 0.3505 5.1656 10.8031 -5.1442 2.3093 4.7828 -3.2986 -4.8187 6.9179 2.4530 1.3793 -2.4827 -0.0454 4.7586 9.0582 1.4088 4.9561 2.6478 9.3657 9.7909 1.9946 8.5240
-7.7536 1.5332 1.5180 2.7711 8.6876 0.0000 0.8293 -5.9707 -1.1332 3.4901 -13.7743 3.6762 3.2867 2.1520 -2.5659 -0.9570 6.6595 -1.3575 -2.1885 1.6089 -0.0860 5.1925 10.8931 0.2241 0.8638 4.3754 -0.2248 3.7277 4.2814 3.5583 5.3066 0.1843 -1.2525 11.3473 1.6946 -0.0856 6.4759 2.4433 3.6034 7.9102 -2.9512 8.9365
-7.5600 1.7317 1.3114 -1.3327 12.2616 0.0000 -1.0419 -0.3460 1.6381 3.4307 -5.0009 1.3379 12.0954 2.8237 1.2576 -7.9999 5.1127 3.0922 -1.7085 -7.6176 -0.3688 2.3954 11.7430 -6.3892 7.8717 -2.7173 -0.5139 -1.3176 1.3710 0.6375 0.3266 -1.5775 -0.0896 1.4961 4.6778 -0.4036 3.2625 1.4244 7.7655 10.9258 6.5674 -0.9818
-1.3771 1.6155 3.7461 1.1333 7.1871 0.1493 -1.0589 -5.2017 1.4991 2.1382 -6.7219 6.4300 5.3711 0.4223 -3.0372 3.2284 2.4250 -2.0406 3.0155 0.1599 0.2550 -2.0500 3.2254 -6.8243 2.0374 6.8231 1.8742 -0.8862 6.4743 8.5227 1.3876 0.6098 -0.7780 4.8688 6.7748 0.1619 12.8090 6.1527 -0.6671 6.0151 -1.5036 12.7337
-27.2251 -0.7857 -1.5122 0.5368 22.6316 0.0314 -1.4479 -1.1998 0.0000 17.8253 -25.0015 8.8143 12.0349 7.3256 10.2196 7.2360 4.1371 -7.3469 0.8082 -15.1014 2.9670 25.5550 30.9773 -15.8862 28.6206 -15.7184 -5.9468 5.3533 -4.3309 -2.3722 3.3350 3.2641 3.1003 21.0099 13.3503 0.4775 28.7225 -4.4064 8.7491 36.5368 12.6545 8.3734
-1.2287 3.2462 -1.8028 0.2288 3.9162 0.1007 0.8250 -0.4995 0.8093 0.5104 -5.8884 5.4631 2.6248 -0.3390 2.1298 5.6646 2.0356 -2.1697 -1.1258 -7.1698 2.4390 5.3810 2.7265 -4.7189 8.5818 -5.4196 -0.9503 2.6275 -0.6122 -1.9885 0.0000 0.4563 2.0533 3.4573 2.2429 0.2050 8.9247 -0.2807 -0.6170 9.8980 -0.8601 9.4092
-8.9100 -1.1375 -1.2957 -1.8873 12.8053 0.0000 -2.0435 -0.7713 -1.1479 5.0638 -7.3407 2.7306 16.2725 7.1434 -2.3769 -8.0462 4.3240 -3.0704 2.1060 -5.3223 0.6263 4.1129 11.2735 -6.8440 1.7311 2.4719 -1.0837 -5.7579 5.9897 7.9268 1.7567 1.1087 -0.2582 8.7891 7.8082 1.5677 8.2109 2.4743 10.3902 12.1915 5.1017 4.4194
0.0989 0.6992 1.1085 0.8607 2.6543 0.1077 0.9718 -1.2275 -0.2753 -0.3066 -0.9987 2.9554 3.9515 2.0347 -0.9935 -2.6909 1.2968 0.1550 0.6508 -1.7935 0.8596 1.2627 3.0353 -1.9235 0.8276 1.5104 -0.4278 -3.8776 2.6078 2.9334 0.6810 -1.0879 0.7712 1.5723 5.9381 2.6138 4.0660 2.8949 2.1236 3.7736 1.3007 2.1388
-20.2333 -2.6716 -3.9230 -0.8291 16.0770 0.0000 2.2236 -0.4634 -0.7178 9.4932 -13.0383 6.1513 17.3335 13.5738 2.3728 -6.9234 6.9718 -9.8284 1.1322 -7.1141 0.1410 11.6376 21.6157 -6.8608 11.9881 0.9948 -7.3195 -6.8298 0.3620 -1.1119 2.1956 3.8253 -0.4933 15.1162 11.2420 1.2084 11.6607 1.6420 15.2278 22.9776 6.6453 6.0689
-1.0948 1.1917 0.5652 0.0000 7.5235 0.2539 -0.7275 0.9537 1.2603 0.4212 -3.3898 -0.1331 7.3269 -0.3061 2.9400 -1.8875 0.6345 1.8895 -0.7212 -9.6177 3.4729 5.6701 8.3574 -4.9437 8.7156 -6.2467 -2.0332 -0.2463 0.2462 -0.0348 0.4727 -0.6186 0.6149 0.3556 5.7664 1.3897 5.0709 -3.3325 -0.0289 9.8427 0.2121 2.2691
-0.9893 0.0282 1.8483 0.3373 3.2101 0.0000 0.1349 -0.7499 0.0000 0.7378 -2.1858 0.0093 2.0124 0.3552 0.5681 0.6752 2.7398 1.8456 -1.3402 0.2412 -0.1578 1.4168 1.7438 -1.0291 1.0784 -1.3155 -1.0876 0.5400 0.1914 -0.5175 0.2658 -0.4203 0.4584 1.9021 0.7151 0.1361 0.9611 -1.0626 0.0582 2.4696 -0.4896 -0.1264
-20.4124 2.1756 -6.4222 -1.1134 25.8036 0.0000 2.0559 -5.4640 1.9114 8.6561 -19.5913 8.7484 21.7469 7.9941 0.2225 1.4220 8.5307 -2.8597 -0.4072 -15.9059 -1.4367 10.0012 28.4129 -15.9091 19.7504 -1.2548 -4.0034 -0.0608 3.9249 8.5321 3.5866 1.6772 0.6286 18.9864 8.6329 0.2043 20.2552 6.3094 15.1823 32.6936 9.9812 10.6114
-5.0308 -0.1076 1.4111 -0.4763 12.4112 0.0000 1.0311 -2.4506 2.8039 3.7374 -5.0205 3.3905 6.7151 0.5427 2.2631 4.1690 6.2048 -0.0828 -0.8098 -4.2043 -2.9065 2.2583 6.2012 -3.8116 6.5181 -1.2093 -2.3737 1.4373 -0.1665 -1.1318 0.0000 1.1724 1.5007 9.1252 1.5745 0.9875 6.9617 0.2461 2.8108 10.3606 -1.0133 4.9675
-5.1855 -0.7356 1.8994 0.2640 10.6801 0.0000 -3.1810 -1.8847 1.9794 3.6617 -7.1961 0.8409 9.0296 0.9245 0.9836 -4.9301 3.0454 -1.4710 0.8628 -5.0100 -0.4724 2.9183 6.7021 -4.0249 2.2135 0.9933 -1.3452 -1.0417 4.0805 4.8665 0.9489 0.7068 -1.1408 7.0867 4.9207 1.4409 6.6636 -2.6080 1.1256 7.7669 -0.7477 6.1268
-18.6094 3.6591 -2.3520 -0.2015 21.4723 0.0000 4.8066 -7.7660 5.2253 7.5281 -21.5580 8.4535 12.3321 3.4016 6.3560 1.0593 14.2257 -1.0598 -1.2029 -17.1451 -1.0767 14.1677 26.2489 -8.2964 17.5660 -6.5647 -5.2632 4.7241 0.8573 2.7302 3.5544 -2.9883 2.6165 18.6327 7.0048 0.8950 18.6271 3.2309 7.5472 30.6844 4.6802 8.3274
-0.5398 0.0950 -0.0190 0.0260 0.8117 0.0060 0.0071 -0.2358 0.1058 0.2237 -0.7342 0.3094 0.6233 0.2619 0.0048 -0.0773 0.3283 -0.1060 0.0681 -0.4750 0.0906 0.4771 0.8335 -0.3575 0.4048 0.0081 -0.1115 0.0206 0.2531 0.3285 0.1298 0.0146 0.0723 0.6219 0.3985 0.0867 0.7056 0.1267 0.2894 0.9192 0.1519 0.5010
-2.4790 -17.0993 -9.1120 17.6620 -3.0500 -4.3784 1.0848 -6.2620 -5.9386 29.5725
-1.9055 -0.4949 -3.3426 3.2287 -2.1092 -2.2850 0.0000 0.5718 -2.7858 9.1224
0.2168 -0.4297 -7.3133 0.9629 -0.9990 -9.2460 -3.7327 -7.2004 -2.3297 30.0711
0.0000 -0.5550 0.0000 -2.9238 0.0000 0.5550 0.0000 0.2770 -1.0748 3.7215
12.5071 -13.4851 -19.1222 3.2767 -5.7348 -15.3387 -9.0741 -18.9145 -22.8497 88.7353
0.0000 0.0000 0.0000 0.0000 0.0000 0.0000 0.0000 -2.2647 0.0000 2.2647
0.2768 -5.3196 -4.6758 8.5466 -4.7133 -0.1298 0.0000 -0.2348 -0.7112 6.9611
2.6177 -9.3245 3.5738 8.3720 -4.8725 -7.6295 -3.0008 1.3702 -11.5002 20.3939
0.0000 -0.5429 0.0000 0.1225 -0.8485 -0.0024 0.0000 3.9815 0.0000 -2.7102
-0.1423 -4.9137 -10.0598 1.7840 -2.0829 -6.3952 1.1356 0.9539 -23.8131 43.5337
0.5848 -9.3033 -11.5500 8.4319 -6.1671 -9.3735 0.1254 -4.9926 -4.0020 36.2462
4.2449 -8.3625 -3.0119 1.1060 -6.9556 -8.0610 -5.5851 16.8629 -4.7827 14.5449
6.5616 -17.6285 -8.9847 8.9927 -16.0197 -18.9971 4.6599 10.7784 -23.3474 53.9847
1.5380 -10.4774 -2.4955 1.4884 -3.4915 -10.8028 2.1404 -6.8124 -16.8587 45.7715
4.6432 -3.0807 -4.3304 3.2863 -7.9442 -4.7415 3.5509 3.5388 -5.9832 11.0608
-5.1873 -9.7906 -2.2714 21.8604 -12.5655 -3.9790 1.9909 4.8214 -7.9416 13.0626
1.4398 -2.7433 0.0000 3.5884 -3.6858 -4.4473 0.9643 -0.0384 -2.6827 7.6051
6.7257 -7.5194 -10.1912 -3.8862 -3.5689 -15.2575 5.5938 2.1425 -25.2007 51.1619
0.3891 -6.1119 -5.5075 3.6693 -6.6443 -5.3802 -3.2997 0.7134 -4.0039 26.1757
19.6401 -7.2322 -7.5405 -0.7623 -2.1559 -6.4813 -1.7167 0.3587 -13.4070 19.2971
-6.1248 0.0000 -5.1363 1.3950 -3.1228 -3.5737 -2.6104 -0.9525 0.0000 20.1256
-0.9562 -3.9558 -5.8575 -1.3290 -2.6501 -6.4134 -2.3294 2.3090 -1.5977 22.7801
0.4163 -10.1064 -16.6561 12.8369 -3.2936 -10.6319 -1.0163 2.3558 -11.5347 37.6298
2.7243 -3.5310 -21.9593 8.0286 -5.4487 -7.4755 0.7675 -2.0467 -15.6599 44.6007
1.1714 -5.7445 -23.3217 1.6182 -4.9364 -11.8787 -4.1554 -13.6346 -25.0417 85.9234
0.5085 -2.9487 -15.4052 4.4766 -10.5869 -7.3383 -0.0922 18.2698 -5.4821 18.5984
0.5684 -0.2900 -0.4451 0.0000 0.0000 -1.4033 -0.3420 2.9357 -1.0332 0.0095
-3.4016 -15.2778 -6.8371 15.5971 -10.5815 -9.0176 7.4639 4.3671 -22.2204 39.9078
5.2505 -5.9348 -14.0862 3.3955 -4.6928 -6.2151 -0.2747 3.4893 -26.1935 45.2618
3.3967 -2.4380 -0.2760 -0.8152 -2.4779 -4.2794 1.0776 -3.8978 -16.2763 25.9863
0.0000 -1.8989 0.0000 0.1033 -0.1033 -0.9731 0.0000 0.5858 -0.6982 2.9844
-1.0615 0.0000 0.0000 0.0176 0.0000 -0.5147 0.6888 -4.4979 -5.6564 11.0241
4.0834 -2.4582 -2.5812 -0.0052 -5.8374 -2.4384 -1.8309 8.7541 -5.1144 7.4281
-0.7487 -15.4523 -19.7313 22.6427 -10.6530 -8.5838 -3.5287 -4.7013 -16.6505 57.4070
4.8313 -13.7654 -24.6137 15.0034 -17.5757 -10.5622 -10.2850 17.6522 -13.5469 52.8620
2.7065 0.0000 0.0000 0.0000 -0.3653 -1.4888 -2.2227 2.0057 -1.8138 1.1784
6.0886 -16.7344 -20.5077 8.1553 -19.5106 -17.5845 -7.5587 20.6609 -17.8904 64.8815
5.2730 -3.3606 -2.0635 0.4678 -3.7345 -6.8757 -4.3159 12.6306 -2.7320 4.7109
0.2393 -2.8457 -4.8517 -1.4109 0.0000 -9.2853 3.8390 -5.8395 -5.1131 25.2679
-4.4766 -12.9853 -18.8483 2.9116 -7.3286 -12.5084 -0.9231 -13.1406 -18.7437 86.0430
1.8851 -0.0338 -3.7238 -1.5691 -10.1285 -7.7337 4.2905 -4.9948 -12.0622 34.0705
3.0969 -9.5203 -2.8308 -3.5305 -5.6496 -5.2702 -2.7801 15.4026 -21.1195 32.2015
0.0417 -0.1042 -0.0833 0.0625 -0.1042 -0.1042 0.0000 0.0417 -0.1458 0.3958
