-69.6553 24.2522 -17.8816 -49.3851 -51.3208 43.2919 6.5925 109.0296 24.0650 -27.6180 22.5316 76.2828 -50.4285 71.7499 51.9626 20.3647 50.2662 29.9705 5.8896 17.9411 -19.7656 32.7774 -42.8063 10.6773 5.0346 -8.7339 -12.4445 52.2565
-55.1493 54.3997 -11.4355 -66.5513 -28.0011 54.3380 10.1094 34.5635 -37.2774 -38.2120 10.4263 60.6639 -22.5470 15.9710 46.8607 15.3966 18.1568 49.5018 4.0668 -15.9469 -27.5998 5.1562 -33.1207 13.1591 -5.1659 45.0928 21.5576 10.2498
27.0835 -11.1553 22.2362 23.1442 -7.4170 -1.1146 14.9843 -21.1725 29.6421 -20.2678 31.1586 -35.7010 4.3522 -5.3612 -53.1743 3.9168 -7.1464 11.1063 18.8529 11.2240 11.4211 -16.7564 -20.8575 -31.9922 26.0175 -46.2888 -27.2014 6.1580
14.9279 33.1166 -15.1801 4.5654 9.2904 -15.6786 2.5083 -64.1060 42.6292 -21.2948 15.2484 12.6098 25.0064 2.7943 3.1811 -8.6361 -47.2733 20.1493 -20.2857 -13.9348 -5.5388 -28.2073 53.9183 47.4359 -33.1068 10.0792 19.9956 -29.6446
-3.4063 19.1526 14.5281 73.4096 49.1361 26.3672 46.3918 -17.1738 0.0429 -29.1860 -19.3443 30.9601 5.3536 -15.3011 -48.3919 11.1563 -13.2827 32.0039 55.6691 35.9550 -6.6146 4.1680 42.7507 0.3124 -7.8170 43.5572 45.6445 -26.7020
-1.5178 -17.0580 9.6627 -13.7028 25.4935 -15.0423 28.3089 -1.3084 -33.5047 0.1359 -55.4190 -6.7234 26.9113 -36.8031 -42.0163 5.0290 15.1580 -1.2432 26.2772 28.4237 36.1665 9.2043 -20.7333 26.4764 -9.3430 19.4362 -47.3264 23.9295
29.3142 -36.1751 -17.4447 24.8355 -35.6884 85.6937 35.2298 77.8937 -40.6806 -12.4661 -1.1865 7.5020 7.0928 21.0215 -57.4753 -1.1007 23.5489 -11.6660 88.5921 41.8702 23.9935 19.1199 13.9463 18.1995 23.9777 -44.9136 -2.0413 64.9784
-33.2055 -45.1768 -11.8838 -95.0450 -12.7411 -47.8438 36.1275 8.5656 -37.6802 -32.1657 -48.4004 28.1998 35.2141 33.4842 -8.1708 9.5287 -22.0947 -11.7553 -10.1923 10.8339 -19.5780 -8.5533 14.7080 -2.8159 -47.9484 7.3663 -9.5714 -12.3971
-4.5597 14.4858 -23.6693 4.3806 -25.1593 8.2517 5.9097 -27.4208 48.3620 -0.7064 23.4472 -10.6986 -0.7424 4.1220 8.8823 -17.2888 -9.3141 46.4231 17.8459 71.5543 -21.1718 -26.1112 41.3434 -2.9511 14.3336 -43.5301 16.0622 8.9621
5.1493 -27.9254 36.0611 -22.3264 10.5427 -8.6447 25.9197 14.5306 -10.0166 -19.7037 -5.5702 -1.3787 14.8157 18.5942 -26.1677 27.1641 7.8986 -2.6061 54.3066 12.1874 7.5964 6.0446 -23.8356 -6.5981 11.4510 11.7243 -23.6364 34.6749
-3.5914 -15.3342 5.7108 33.1989 16.1291 -25.7731 55.3235 26.4297 30.7625 -10.2200 -49.9321 -1.6526 17.9536 22.3700 -65.6575 10.6763 10.5722 -17.5583 -31.2870 43.4493 54.6725 4.8853 -38.8530 24.7918 -21.9135 8.9570 -44.5836 -0.5302
-32.7918 4.0145 -5.8457 58.1340 31.9049 -38.4119 41.6400 -8.4728 34.3349 -20.2234 -22.4172 6.2269 49.4087 1.2018 -45.8154 -11.3264 19.0423 1.1015 2.5004 50.3489 4.3272 11.5835 -17.6590 12.1932 -18.8096 0.4535 3.4087 12.5970
18.7784 8.8053 41.3083 42.2202 48.3994 -35.0762 -12.0626 -61.4791 -50.6936 35.5870 -7.6045 -56.3468 33.1123 -82.3976 23.5289 5.1661 20.4290 -2.7816 -84.5264 -109.9204 19.1500 -54.2083 20.8943 41.7603 8.4198 8.8419 -19.5210 -61.9020
57.0230 -10.2969 19.3714 -49.9865 -34.4452 3.1993 -1.5451 22.6012 21.8732 13.8526 -21.1734 -11.0102 -30.7467 34.5160 8.9674 -4.8249 -26.2864 -4.1046 -6.3798 39.5210 17.0296 -19.3578 36.0815 -14.2947 -1.4879 23.8103 -22.9984 -22.9040
-19.7707 -10.1139 17.6610 -9.1485 16.5063 -17.5206 25.8149 -22.6316 24.3830 -19.2340 20.5707 -14.9643 35.9255 -5.8339 14.8231 13.1571 -1.2008 49.4532 -31.0638 -15.6755 -14.9424 -33.9087 18.1318 14.2405 6.7648 33.7770 10.3864 -43.1010
11.1465 14.1921 16.9376 -19.6931 -31.3394 -25.5028 4.2573 -9.3284 -52.7293 -6.6554 -17.0892 7.7984 2.1142 -68.5833 37.5629 0.3553 -28.0708 -0.7486 -79.5943 0.9964 -4.7730 -4.5821 -11.7029 -15.7645 -0.8232 -17.5501 11.9217 -54.9047
-45.1483 17.5188 37.1833 58.4547 20.1957 -58.4313 41.1153 -12.8800 73.0784 -31.2754 1.9111 -20.5037 46.0111 -7.0841 3.5957 13.5662 15.1040 -5.4569 -71.0195 -51.3364 47.7497 -19.7280 -56.8686 -0.6482 -25.8842 14.0026 -22.7209 -3.5736
50.9318 -43.5320 36.2386 -10.0514 -34.7582 -30.6570 -50.3242 -31.5913 -19.9734 2.9406 28.6229 -47.4308 -10.7053 -42.7617 7.5178 -7.3564 -17.8877 -43.1926 -16.0250 28.6547 -2.0606 32.0014 -38.0884 -39.2247 50.5502 -75.9153 15.7741 1.8787
11.2185 6.1463 9.8265 2.6193 -9.9095 -58.9620 -3.5021 -4.4400 126.7686 17.4438 64.6620 1.2839 -3.8550 95.4594 -13.6331 -20.7615 -16.9946 6.1211 30.4296 80.4200 -14.8027 18.2902 56.1090 -35.5791 10.7410 31.7233 15.7340 1.3708
4.6360 10.6015 41.3930 46.8322 -4.7265 22.9362 -21.3639 -31.0581 72.3810 -27.1081 -13.8899 -19.0419 -30.1797 -4.7359 -1.5157 -9.4038 -0.1138 -49.2084 -11.0339 23.4236 22.0706 12.2194 1.0926 -8.7143 14.8498 17.8659 -19.7779 34.1052
42.5819 18.1430 -47.8152 -11.6684 17.1372 30.9512 9.6283 -19.7359 -18.1955 40.2578 -20.4588 -20.0877 -35.4800 -47.9829 58.3553 4.9833 -27.1241 3.7451 -43.2305 -5.5532 6.1608 -39.6629 -20.9318 44.5885 -25.2929 24.4286 35.3304 -62.6638
1.2922 6.3144 -9.6923 75.0124 61.8459 -15.8930 1.8052 -14.2163 37.8533 36.5821 -27.6293 3.7915 -16.2346 32.7358 -17.0085 -9.1897 5.1555 -34.7896 19.8182 42.3116 26.2487 27.7701 -26.0202 -28.7495 -38.8410 29.7665 0.9821 17.7754
-17.7623 -5.3368 50.5043 68.8172 11.1513 18.1898 9.3818 45.1352 86.3966 -32.4742 29.5981 37.6779 8.6923 60.9564 -49.0609 1.1704 17.3963 1.4590 49.7594 31.9123 17.2109 44.6501 -4.2885 -11.4382 -19.9035 -34.6720 3.6544 44.9511
23.1029 -0.6837 47.1768 130.6255 11.7208 30.2074 11.8971 -41.9229 6.6125 -14.0426 1.9024 -18.0647 37.6454 -53.3089 -39.4620 6.9309 -14.6512 -30.8338 -6.5378 -37.0170 38.9799 -7.5093 -4.8159 25.9247 3.8083 24.5063 -10.4911 15.9853
22.9676 -5.5421 4.1013 1.3718 5.1502 -26.0784 10.9138 27.6547 53.0863 22.3913 28.6181 -11.0090 0.1646 33.0700 -11.7618 0.4065 -6.8561 -23.2042 22.6732 -16.0271 19.0779 -2.1154 -12.6443 -10.0969 -1.6352 5.4521 -9.7998 3.7976
-3.9564 23.5496 24.9353 70.0235 -21.1239 -25.3988 17.6564 -70.7182 157.7835 6.0321 26.7760 -4.6225 32.5403 -13.6721 -8.7690 -9.7868 -44.7897 -7.7095 -45.4979 10.0023 12.4091 -19.1161 20.8716 23.5464 -12.1311 12.5986 -30.2171 -8.2693
-2.5558 60.8681 -35.0710 -10.0742 -7.4330 -34.8885 -11.6569 -18.1576 95.8125 6.7481 26.4065 28.3387 -39.1697 18.9505 42.2134 5.3129 -56.7714 31.8336 -18.9445 76.8045 -32.6188 1.3115 -2.5830 -36.4362 -12.0719 35.0365 -12.5723 -34.2723
-33.4293 16.4983 24.6146 28.7210 -23.8645 3.4142 7.0195 -7.2996 32.5492 -29.2786 -29.8363 19.7804 60.4650 -5.3146 -2.6875 2.6125 -7.8275 -15.7234 -22.7184 -26.1791 -0.4250 -0.9717 -1.4131 18.6067 -26.5501 20.7817 -34.7498 23.3278
-28.7486 -10.3651 -36.2822 -39.6976 -25.7967 0.8975 15.5611 59.1025 -28.1558 -3.0857 3.6665 17.4148 28.3146 55.2546 -10.2214 -3.3424 4.9871 4.6198 -22.9719 -65.1877 -42.2668 -30.5682 29.6522 -30.0436 -24.1918 -32.7847 -12.3540 -22.2669
4.2265 38.4240 -10.6846 32.3050 -12.2723 20.2572 -11.1183 -38.2687 88.1004 -14.6760 40.0511 11.0290 -8.8114 18.0969 -0.3268 -11.7473 -36.4145 24.3726 29.9602 45.4992 -13.1746 1.6954 22.4374 -23.1785 5.2851 25.1761 -32.9550 20.7171
-3.6716 36.5033 2.3347 -31.1316 -3.2980 -22.1751 -14.7883 -20.1830 108.9643 -20.3904 43.7093 27.3484 -26.4014 29.7571 4.7429 5.6090 -19.6646 25.4970 7.4375 46.3920 -5.9009 18.4173 -64.5720 21.9764 12.9427 38.7122 34.9830 -0.3381
54.1611 -29.0032 -34.6786 7.5017 -45.3314 -40.3185 -23.4618 -36.7338 -0.3451 25.2431 41.1163 -43.8847 -27.6968 -4.3580 7.0177 -2.4260 -50.3203 -55.0283 -20.2057 -1.1637 19.0140 1.8978 -33.1971 -21.3181 21.8363 -41.1572 13.2138 -5.8868
-12.4810 -35.2497 11.6826 -39.1446 -37.1258 40.6225 -29.4173 45.7420 -148.4118 -6.9476 -35.9717 16.0362 -11.0267 -18.8057 -6.9626 3.0400 42.4868 -43.3472 33.0972 -16.1014 16.3838 46.5736 -51.3612 12.1674 17.7521 0.2959 17.3577 62.0828
10.4637 7.6284 1.4031 -34.4744 -56.3777 40.5749 -56.6102 -20.7684 20.8424 -1.7498 27.6504 0.3310 -38.6803 -10.7596 88.3731 8.0142 -29.9179 -21.8184 -25.7562 -44.6080 -14.9306 -2.2135 4.5165 17.0741 7.7411 -3.6158 5.1762 20.2902
-13.3887 2.6908 -12.0704 18.3596 10.8037 36.1099 19.7757 64.6574 35.9561 1.9551 7.4786 14.0787 12.6095 39.9007 21.7829 12.8178 53.4095 22.7757 58.0290 27.8357 4.0868 0.1142 -10.5891 -25.0256 -5.7287 1.4286 9.5084 40.3634
-38.9087 9.9014 -23.1547 -27.3180 -29.7967 16.8651 38.2775 -0.3790 76.0930 -21.3279 43.4810 5.4796 -24.1119 22.4525 25.8002 -0.7617 -16.5356 54.6772 17.9514 29.1688 -53.3892 -28.8799 -9.8725 -18.8808 27.7893 -46.1030 -4.1450 7.1912
-8.3591 -40.9858 -25.8166 -10.8403 22.7239 59.7119 51.6073 19.4764 -5.3362 -19.9495 -18.2318 -14.9006 5.7604 -44.9197 3.0882 10.7874 14.3813 36.8640 10.3731 9.6386 -23.5250 -7.4904 -24.4751 44.4311 6.4438 -71.1693 -2.9308 -4.1934
-31.2862 42.1977 -23.2220 -9.4730 55.4762 35.1031 -9.0597 -18.2882 123.2032 7.1219 14.0007 35.6142 -47.8868 36.6836 -6.4934 -4.4789 -0.1211 67.0423 10.0907 47.6947 -11.6227 8.6559 -5.2878 55.8955 -20.9133 0.0457 14.1544 -26.3620
-5.2410 4.7009 1.0398 34.4752 5.8874 2.3247 15.9120 26.5345 -3.7246 5.7265 27.7312 8.7709 -9.2529 40.2121 9.8399 1.7844 32.1535 -15.6838 29.8373 -57.2096 22.1741 -7.6436 25.5466 -13.8011 -7.7634 -16.7220 6.7360 41.7088
-42.0753 33.8730 4.5414 23.3500 15.6638 64.9848 41.2964 38.0215 101.8941 -35.9894 -7.8566 54.1658 -4.6231 86.1300 -33.7584 -2.2503 9.3994 66.4471 83.8894 111.6921 -26.8954 12.1120 11.7389 26.6323 -15.5480 46.3178 41.8969 26.3011
49.8032 -30.9220 -57.5110 34.7373 95.5409 -17.5065 -1.8968 41.8567 8.4723 -19.9840 4.4080 34.2342 -134.1423 68.2164 -8.4707 -1.0301 0.0000 36.8773 71.6357 149.9779 22.3402 2.5681 48.2272 67.9782 -34.0956
88.0167 -42.1885 -130.3035 -40.1894 57.2923 -52.5494 -2.4605 -19.7810 2.1489 -36.4489 39.4827 -6.4117 -6.8574 51.0785 -9.0722 26.3799 -18.7917 2.2848 36.0900 154.5276 6.6899 -13.3404 83.5673 31.0936 28.1471
25.7802 -46.2817 -81.3552 -15.3822 138.5461 -20.3220 7.1312 4.9421 0.0000 -28.5397 75.7251 9.5398 -116.2888 61.2138 16.3770 27.5609 0.0000 2.8010 38.2839 132.7013 39.5407 -15.9108 46.7530 90.0268 22.9603
117.4058 -14.0013 -102.5485 -23.4481 190.4912 -42.7697 -24.1137 -90.8629 41.7387 -2.4530 84.8320 -10.9372 -70.1877 16.4198 11.2478 -0.2187 -4.7991 68.1976 64.4766 261.3010 61.8327 36.3780 78.9458 46.1816 6.4008
70.7559 -44.4889 -52.1365 15.6086 9.5215 -19.7074 -2.6536 -35.4097 3.9925 -5.9747 7.9199 44.7015 -0.1952 -23.5273 -6.4631 -1.5312 0.0000 14.2003 42.0070 123.3534 19.4378 20.0610 -2.4503 6.7622 9.5429
73.0662 -26.1499 -32.9591 40.5546 72.1625 -23.4737 5.0388 -11.9473 0.0000 -24.6130 18.2422 0.4182 -14.7319 48.7958 9.7175 9.9873 -15.1491 -13.8661 65.0086 86.6308 25.2957 14.1067 0.9567 54.4600 -26.0325
84.7913 -13.4142 -54.1618 41.9360 38.7348 -3.9462 28.9803 6.5462 0.0000 -32.0088 22.3117 2.6269 -93.6394 56.6709 32.4623 -3.9957 0.0000 -18.6849 56.7665 126.6215 38.2273 -2.9471 -8.7291 32.7016 -41.9590
33.2343 0.0000 17.5873 6.9436 60.4230 2.9305 -6.5158 -12.0710 0.0000 17.0902 33.0075 -1.6367 -30.4417 41.6580 -1.2976 -9.8625 0.0000 23.6255 -1.8784 77.5753 60.1684 18.9284 12.7109 27.6324 -34.3034
75.8818 -56.8914 -155.1433 -4.1145 101.0962 -37.6874 -8.4605 -31.4815 0.0000 1.7091 34.3982 -16.4397 -62.2914 5.7032 9.0413 9.5389 -12.5314 7.1928 0.0019 201.9023 14.7721 -32.0344 171.2013 -15.9790 103.8354
27.4868 -36.8851 -34.5182 -0.4549 80.6671 13.6208 -12.9617 3.1774 12.9044 -7.6630 24.3025 5.6520 -62.9964 32.1475 -8.3524 -9.6386 0.0000 19.8736 0.2218 115.5575 11.2062 5.3533 40.6070 45.0969 2.0713
53.5366 -14.9105 -81.3343 -11.0707 76.6709 -35.2514 -6.1919 0.8966 0.0000 -20.6034 15.5656 -26.4472 -44.2542 34.6809 -7.9712 -1.9564 -23.0098 13.8542 -5.4018 121.1143 8.0460 -21.9477 78.8489 28.0686 25.0495
-0.0975 -28.3916 -30.3200 -39.9025 146.7468 -13.9304 -34.4931 22.0664 54.6949 -15.9507 30.3226 23.1176 -84.4297 62.3821 -0.7682 -11.0270 0.0000 30.5304 16.0343 110.3683 16.6664 21.6121 70.3691 61.8947 -18.4730
41.1019 -22.3494 -17.6747 22.5963 45.5574 -49.1804 0.0555 -16.1313 0.0000 -6.3346 24.8905 28.9551 -55.7595 25.9502 0.9935 4.9849 -7.9307 -17.4919 19.5998 99.5345 42.2203 0.0000 -1.0969 34.9945 -14.7071
42.0180 -48.6532 -76.8152 -16.3656 147.5363 -29.6933 8.5986 44.3396 0.0000 -33.6246 24.4756 29.7562 -126.2394 67.5492 3.0456 13.5598 -4.5075 4.2273 57.4424 156.5156 33.7267 8.3908 54.5279 74.5276 3.5884
93.7587 -58.1518 -38.6222 24.7729 110.0523 -16.9036 28.3171 32.0050 0.0000 -64.7733 -34.7501 26.1106 -13.8621 86.2614 30.5320 31.0473 -3.6683 49.6672 109.7003 118.9140 14.2480 41.4898 1.5533 151.5109 -88.6599
83.4411 -36.7534 -128.2273 20.9526 121.8552 -8.2755 -1.9120 -19.2493 0.0000 2.3767 89.7185 -66.7690 -85.9046 5.1664 19.3374 13.7565 -24.6852 3.1889 15.9385 177.4494 21.2104 -15.9954 141.3969 7.7057 59.8758
21.1918 1.9468 -93.6572 -26.0641 111.0246 -117.7971 0.9124 -13.5286 4.2721 10.7692 90.3867 37.1241 -68.6520 192.9486 -3.0518 -1.3705 0.0000 10.4618 15.7125 183.0090 57.0250 -6.0271 34.9975 133.8773 -5.4876
126.8658 -75.9445 -39.3027 30.7414 121.1867 10.8678 28.5032 10.5028 0.0000 -67.6233 -61.2324 21.3842 -74.4998 -6.9467 18.5562 -4.1595 0.0000 30.8137 82.2925 136.4515 8.3935 53.5942 -2.3067 13.7399 -48.6830
47.2243 -12.8545 -96.4515 -8.6562 91.6108 -98.7916 -4.0551 2.3020 0.0000 39.4222 31.1924 14.5537 -124.6912 87.9324 25.5525 -11.1367 0.0000 -18.0183 26.2901 213.4401 33.5687 -22.7532 89.7942 67.7156 33.0871
57.5042 -107.4313 -159.6006 -78.4013 218.2103 -35.3234 8.6093 0.5974 0.0000 10.8460 34.6200 -9.1670 -165.6332 33.0441 17.6160 30.4582 -11.4442 15.4516 53.7299 294.5895 0.1021 -28.1306 184.8618 58.8839 102.1163
22.8558 -39.2504 -50.3592 -26.0685 202.9747 15.7552 -28.4067 54.0565 17.7078 -5.6632 18.9951 -34.6122 -196.2508 76.0040 3.2534 -9.5035 -8.8493 26.6567 38.8586 213.9952 33.3812 -5.0966 112.5749 66.7333 -17.2483
10.8473 -1.4145 -59.7158 -13.3436 215.7489 -82.5782 -14.4292 63.4801 24.8653 38.7711 43.0892 16.1731 -205.8558 83.1809 36.5566 -15.9490 0.0000 -21.0876 78.1954 181.2718 52.6462 6.9291 67.5771 108.6023 -41.6429
76.1457 -38.6698 -14.0094 52.6525 4.4758 -5.4455 15.3512 -22.3490 2.2447 -34.7833 -44.5347 32.5638 18.0289 -38.0801 -2.3392 -0.2929 0.0000 44.2010 36.9344 46.4664 1.6822 40.2905 -42.2718 -8.8072 -39.1837
10.3324 2.0796 -70.0895 -11.3943 88.1139 -22.0839 0.0328 30.8333 0.0000 -6.7677 12.3031 -36.1574 -45.7329 31.9218 55.0821 -3.6590 -1.6291 -46.1207 38.2722 80.8628 3.6521 -11.3482 36.2042 39.7760 -13.6612
16.6510 -24.5662 -51.8705 -29.3205 141.6582 -6.6787 -13.3320 19.2529 27.6762 1.5912 18.8835 -44.0260 -85.5284 23.4077 66.0902 -14.4305 0.0000 -10.5197 46.4594 168.8706 2.6586 -31.3903 86.6006 50.5850 46.7249
36.1831 -36.3387 -77.4931 54.0715 147.7053 -31.0499 -3.3855 12.8122 0.0000 -6.9397 47.4810 -0.1556 -45.6378 34.5066 47.8522 -5.2502 -7.1818 -22.5016 -17.3284 149.2905 40.0929 18.6853 44.7379 67.0056 -2.1676
25.6886 -30.6132 -30.3513 0.7871 42.2379 -20.4768 -11.3665 -23.4755 14.3443 -7.9883 -6.8756 22.3526 -48.4951 -5.4417 29.1295 9.3491 0.0000 -25.8280 21.2189 115.1692 21.0341 -1.0273 25.9702 24.8864 6.1688
94.1125 -19.5417 -21.5926 23.8123 120.2028 -50.9873 11.6370 -0.7969 5.7674 -24.6110 7.2579 53.7216 -100.6261 74.4637 0.8458 -9.3777 0.0000 9.6896 67.5417 175.6017 51.0248 10.1895 36.6251 50.5022 -27.7558
17.8836 -9.9229 -21.4363 2.5368 31.2319 -7.8278 -0.7599 -2.7221 2.4438 -5.6665 7.9282 2.5002 -20.2132 12.2774 3.2824 1.0435 -1.7197 3.4990 10.1795 46.8782 8.2403 0.9122 16.3691 13.5611 1.8483
-19.5179 0.0000 -5.8642 15.2652 55.4564 40.8012 112.2444 6.3066 15.3815 122.6930 45.5927 17.5284 -10.2180 23.9902 -59.3054 -34.2288 -31.3825 23.3837 0.0000 70.7881 9.3508 -28.2829 -9.6695 2.2342 15.4022 -5.5605 13.9590 0.0000 -0.3086 -72.7954 -49.1633 30.3693 4.6577 70.6079 32.6780 91.7561 62.8811 -43.8329 -32.7947 -22.9792 71.0766 -42.2199 28.3744 0.0000
24.1724 0.0000 -1.7041 2.6414 1.1196 1.5132 21.3627 0.0000 6.3091 12.9330 9.5260 6.1829 -9.8043 0.0123 -7.6248 -45.4868 -10.3439 -17.9936 0.0000 -1.0681 33.9182 -5.8153 41.1201 13.0231 0.0000 0.0000 7.3799 10.5473 18.8823 18.3025 -4.8378 5.3656 0.0000 20.1681 -0.6114 -1.4867 11.6097 35.3491 0.0000 -0.0147 26.5152 8.7149 1.7861 0.0000
28.5743 0.0000 2.5927 12.2086 39.6086 40.5671 82.9490 0.1253 -9.5324 80.3256 31.3658 7.3064 0.0000 24.9855 -25.5838 -33.3097 -28.9985 -8.8205 0.1254 43.6273 62.9030 -77.8470 26.2519 26.7052 3.6758 -5.1863 -25.6954 9.4979 38.9381 -12.7541 -61.5430 18.0779 0.7902 34.2278 13.6428 38.6976 57.8746 -14.7883 -2.0309 -2.6468 48.8298 6.0760 18.6834 0.0000
57.8072 0.0000 19.4355 5.6916 0.3420 27.4813 38.8537 -2.7247 8.1457 75.9778 0.5111 27.6598 -2.6342 0.0000 -31.6399 -95.1574 -43.8106 13.6167 0.6396 22.8128 60.9583 63.7978 55.7800 14.1642 -14.1975 0.0000 60.9491 14.1271 16.2420 43.7928 41.1396 22.9770 0.0000 31.3953 -2.9614 31.5418 28.1919 33.8833 0.0000 -68.0767 89.0779 4.4974 -3.9078 0.0000
112.7773 0.0000 14.4228 64.0876 58.6724 85.2884 310.6828 3.1825 36.3804 375.3304 197.7707 102.8516 -6.4172 33.8436 -93.3231 -199.3341 -154.7517 30.0054 7.1182 173.9062 106.0025 -175.5581 99.0742 36.7484 12.7939 -4.8836 -25.5766 22.0832 107.3509 -41.2404 -168.7795 68.3644 -11.6267 91.9373 12.1799 207.0368 208.1539 -33.0135 -43.7488 -51.7401 241.4069 -32.4960 97.2309 0.0000
4.3331 0.0000 -4.5418 0.1005 -2.2639 17.9380 26.3513 0.0000 2.0894 58.7742 4.1679 27.5183 0.0000 0.6988 -19.4616 -0.8367 -33.2433 3.4391 0.0000 32.9619 28.2491 -34.7080 10.9112 3.9938 -5.4406 -0.3769 -5.8909 0.0000 -7.7936 -39.9892 -25.7180 9.7715 1.0369 3.7651 23.6720 9.6373 28.3051 -5.9976 -6.9622 -0.1885 22.0600 -23.0605 8.6690 0.0000
24.2914 0.0000 -1.2326 1.3253 4.1825 1.2039 23.1268 -3.5564 17.0064 -0.2334 21.1937 7.3024 -25.8316 0.0000 -13.4727 -10.6830 -4.6880 6.1246 0.5336 17.1752 31.9908 -26.3926 7.7749 5.7363 -0.8053 0.0000 3.9996 0.6883 6.6322 6.2151 -9.4051 -16.7140 0.0000 20.5896 -5.9107 21.1912 31.3212 13.7189 0.0000 -0.2380 16.8267 -2.0462 6.6946 0.0000
54.5623 0.0000 3.6175 10.2089 -1.3845 2.2277 35.0419 -13.8825 -9.7215 62.1343 43.8219 28.3329 0.0000 2.5153 -9.3633 -16.7702 -25.1044 34.5758 4.5419 22.0895 1.3577 -19.8466 24.5734 7.6117 -5.3446 0.0000 6.5100 7.5021 12.1958 3.3897 -8.6743 -3.3434 -3.3545 -2.9504 -16.5910 48.0803 28.3193 -8.1870 -4.9569 -10.1211 43.9428 -7.3748 1.0725 0.0000
0.0000 0.0000 0.0000 0.0000 1.3370 0.0000 0.0000 -2.3014 0.7749 5.9109 2.0312 -0.2580 0.0000 0.0000 -3.7100 2.9868 5.5823 -0.1012 0.0000 5.9559 0.0000 -6.5921 0.0000 1.5083 0.0000 0.0000 0.0000 0.0000 -1.6457 -2.8850 -4.5771 3.6330 0.0000 1.6067 -1.2951 8.2544 0.0000 -0.9770 0.0000 0.0000 1.3907 -2.5791 -1.5526 0.0000
-4.1669 0.0000 -4.5598 1.2362 -8.6958 71.4730 56.1262 1.7791 35.9523 176.5828 35.5156 134.6039 0.0000 0.0000 -8.5631 -55.0113 -54.3490 12.7754 1.7813 120.6881 23.1969 -103.1023 35.3633 22.4427 -68.2672 0.0000 0.4240 -0.1518 4.5971 -96.0489 -76.0618 26.8443 0.0000 -6.3699 61.2635 32.0971 98.4697 -18.7937 0.0000 -12.5273 107.0700 -53.8260 3.4189 0.0000
14.6066 0.0000 -1.1508 20.1265 69.8822 116.2649 153.7931 -3.7300 54.2638 238.7103 47.5796 91.0553 -18.3407 41.1855 -95.6892 -45.4507 -75.3461 51.8220 0.0000 156.4813 80.2769 -132.5529 13.3348 12.9900 -27.3038 -13.0290 40.5342 0.6884 -10.8615 -133.1712 -69.8183 32.4538 0.0000 135.2352 71.5201 171.1994 182.0819 -54.3073 -7.9251 -57.6000 151.2468 -65.4810 36.7395 0.0000
27.1846 0.0000 -0.3434 40.5251 62.2566 107.9870 226.0009 -1.4111 42.6098 267.6011 101.6140 86.3847 -15.5880 36.5264 -62.9827 -112.1352 -119.0558 35.8361 2.0779 87.3540 88.8351 -104.5666 37.8577 29.1672 10.6433 -8.9293 5.0638 14.7263 52.7837 -96.4977 -75.3595 37.0912 -2.7301 123.1996 104.5875 163.4711 171.7786 -21.1731 -27.6110 -51.8767 121.1342 -39.7314 48.3389 0.0000
59.4031 0.0000 9.7167 9.6085 -15.3039 13.0737 72.4715 -14.7174 8.8849 126.9636 43.6361 50.2172 -20.9743 0.0000 -53.8404 -52.5510 -46.2204 57.0620 6.0896 48.9651 34.7194 -33.9512 34.2878 19.7778 -28.5305 0.0000 44.9570 9.2527 -12.1576 -13.8134 14.8518 24.7494 -2.4703 49.8688 6.5219 72.3152 67.1813 32.1196 -23.8029 -43.4698 68.7956 -41.0703 -4.1742 0.0000
0.2752 0.0000 12.6183 0.4345 -26.1468 46.0273 75.7592 -1.2307 33.9661 193.7509 25.8819 76.5055 -5.7261 0.0000 -33.7950 -51.4808 -39.3047 21.3337 0.6261 111.7023 65.8665 -87.1091 50.9535 7.7046 -35.0420 0.0000 -1.1559 0.0003 23.4088 -48.7246 -94.5890 44.4798 -7.5216 -2.2621 3.8248 34.0207 78.4196 -5.5736 -19.2652 -3.4738 104.5434 -69.1687 14.2160 0.0000
7.9344 0.0000 0.0000 11.1502 6.4272 5.9747 40.9071 -0.5281 0.1779 35.1753 36.1735 -0.6374 0.0000 0.0000 -8.4191 -24.9991 -20.4282 6.9534 0.3900 10.4371 -0.8636 -13.5015 -2.8822 -3.3979 29.6659 0.0000 -11.4220 0.7409 10.4531 -3.9059 -5.0570 3.4147 -0.0754 9.2929 -6.7506 26.9329 17.9837 1.7811 -7.7827 0.0000 7.6523 -3.9073 22.0048 0.0000
15.6832 0.0000 0.0469 5.9834 -12.4148 -1.8079 7.0517 0.2703 -2.8911 21.4628 18.9248 24.6411 0.0000 0.8988 1.1896 -15.4726 -12.2050 6.3964 3.5241 3.9285 2.1094 -17.3625 19.8526 5.8564 -16.3452 0.0000 -0.8126 2.5277 8.5274 9.8533 -7.6143 3.2707 -1.7976 0.1312 -4.3228 -2.1945 3.8959 -2.3539 -3.2117 0.0000 19.2628 0.1901 -5.1665 0.0000
-5.1128 0.0000 0.0000 0.0000 7.8576 0.0000 8.1421 0.0000 0.0000 8.6706 1.6936 0.0000 0.0000 5.3147 -1.2195 -1.8204 3.4362 0.0000 0.0000 3.2179 0.0000 -3.5552 0.0000 0.0000 0.0000 0.0000 0.0000 0.0000 3.6662 -4.6102 -7.2528 1.6944 0.0000 -1.0675 -0.9476 3.7936 5.5808 -7.7683 0.0000 0.0000 4.9231 0.0000 3.9458 0.0000
39.0091 0.0000 6.5276 3.3035 -12.0918 -3.8746 9.0539 -3.9623 -14.2731 22.6374 16.8502 8.4603 -5.1017 0.0000 -12.9382 -4.6833 -32.2307 16.6011 1.4656 34.8678 30.6388 -15.3944 22.2218 5.0890 -5.9035 0.0000 -12.0619 1.5393 7.8782 15.5466 -15.6509 -1.6480 -4.7229 -9.2764 -32.1082 5.9706 7.5073 10.4585 -3.9548 -6.1940 37.6188 -8.7315 4.6478 0.0000
68.0464 0.0000 -7.3881 44.8315 35.9122 34.1111 141.4062 -3.2297 67.7751 99.1082 103.9534 23.8260 -26.2752 8.2440 -92.8887 -99.0388 -107.9547 6.4894 1.0033 70.2179 73.8047 -31.0516 46.3597 -8.5967 21.2530 0.0000 18.6052 7.8818 -2.6536 -36.6213 -52.2948 -1.9229 -0.9923 97.2104 41.7199 119.3282 141.8113 9.6819 0.0000 -16.6375 128.5960 -11.3526 46.8778 0.0000
73.1521 0.0000 -4.7018 32.8858 63.2366 88.4459 275.4110 -11.4878 37.4911 346.6852 149.6889 85.4966 -17.7720 31.7282 -108.2955 -72.7313 -105.4167 56.6776 3.4894 187.1837 87.4265 -222.4851 54.0465 17.8007 15.0634 -5.9397 -26.4356 8.5703 38.2994 -115.7714 -173.4656 43.5612 -7.1958 97.5588 47.0423 218.9287 203.8311 -58.8477 -43.9163 -8.3870 177.8919 -75.3679 81.1491 0.0000
-11.5408 0.0000 -8.4800 0.0000 0.1444 55.5709 43.9011 0.0000 21.7808 91.9325 7.6826 74.5283 0.0000 0.3252 -0.4956 -24.1944 -19.2706 4.0953 0.0000 55.5650 12.3373 -67.0261 17.9128 14.6300 -27.8176 -0.1754 0.0000 0.0000 -6.0237 -40.2054 -45.9616 19.3634 0.0000 -0.8218 37.7139 19.9537 38.9414 -7.1504 0.0000 -0.3215 37.3710 -20.5750 3.8529 0.0000
5.5981 0.0000 0.5646 0.3918 3.7524 3.5443 5.3175 2.5062 5.4103 7.9475 4.5958 -3.2295 0.0000 0.0000 -10.7286 -9.3539 0.6794 8.3880 0.0000 10.7454 -5.3040 17.1885 2.3648 -9.7994 0.2673 0.0000 17.3279 0.0000 -3.6258 15.4510 4.8309 1.4226 0.0000 0.2880 -7.4518 13.2949 -0.2733 -8.2989 -5.5857 -6.0537 17.4108 0.0000 0.9390 0.0000
4.0737 0.0000 -1.2125 11.9298 33.9034 20.4816 140.4142 5.6863 17.5314 172.1507 73.2440 13.3424 0.0000 18.8472 -56.5005 -56.7961 -25.4834 16.3463 0.0000 106.1899 8.1166 -63.0168 40.9933 4.1874 18.6590 -3.7195 5.2067 0.4485 14.2865 -50.7185 -101.7031 51.2801 -6.3489 52.8679 -25.5323 89.2245 54.2389 -29.0890 -47.4630 -9.4138 133.0691 -54.4446 32.7975 0.0000
33.1307 0.0000 -3.0614 6.4463 -32.6073 27.1128 93.6448 0.7603 21.2906 154.8575 59.7063 74.1461 0.0000 0.0000 2.7786 -86.9604 -30.3219 -7.4572 1.5178 61.6770 55.6194 -109.0492 84.9788 13.5734 -10.1867 0.0000 -8.5198 5.4586 59.0402 10.8895 -77.3872 27.8303 -17.4301 18.9271 -32.4549 24.1023 56.7057 28.5401 -6.8058 0.0000 98.5030 -18.5643 18.1871 0.0000
58.5889 0.0000 -0.5546 26.2437 20.6012 33.2721 87.8058 -5.6508 9.6376 81.5363 56.6497 52.6052 0.0000 5.8430 -14.3190 -55.7006 -45.0168 20.8765 2.7537 29.9653 0.3220 -48.2521 22.1511 24.4505 5.9231 -2.8025 20.0176 12.2007 10.3198 -36.7606 -24.3082 0.6569 -0.3393 38.6592 -9.8225 75.7012 71.6871 -1.8547 -6.4966 -25.5716 83.3703 -5.3885 29.5622 0.0000
1.5861 0.0000 0.1578 0.7118 1.1010 2.0276 4.8823 -0.1675 0.8268 7.1215 2.3726 2.1275 -0.3987 0.6901 -2.3491 -2.4366 -2.4791 1.5395 0.1125 3.4568 2.5029 -3.0758 1.7188 0.6309 -0.1563 -0.1721 0.3550 0.2911 0.6767 -1.7181 -2.2181 1.0636 -0.1083 2.3098 0.6982 3.9414 3.7944 -0.8557 -0.9442 -1.0640 4.2389 -1.3276 1.0293 0.0000
91.9731 -6.5264 -22.7004 -6.3405 11.0755 43.6189 -19.0911 -8.6134 39.9583 -3.4537 18.9884 -14.3158 49.5482 93.4190 2.4046 0.0881 0.0000 13.5061 21.5500 -12.4375 0.0000 -23.1063 61.0172 3.3755 -16.3386 -8.4303 -21.3153 -5.4326 1.5167 -9.6680 0.9200 -0.3431 0.5129 14.7728 -17.4046 64.2780 55.6002 -7.8353 63.1439 -4.2265 -2.6890 21.2205 -11.6695 19.4249
0.0000 0.0000 0.0000 0.0000 0.0000 0.0000 0.0000 0.0000 0.0000 0.0000 0.0000 0.0000 0.0000 0.0000 0.0000 0.0000 0.0000 0.0000 0.0000 0.0000 0.0000 0.0000 0.0000 0.0000 0.0000 0.0000 0.0000 0.0000 0.0000 0.0000 0.0000 0.0000 0.0000 0.0000 0.0000 0.0000 0.0000 0.0000 0.0000 0.0000 0.0000 0.0000 0.0000 0.0000
3.9399 8.5896 -6.8442 24.2525 -0.0918 41.0802 2.1934 0.0000 18.2462 11.2639 7.3709 -0.1443 0.0000 34.9572 3.8095 -9.4456 0.0000 -9.0641 -5.9701 37.0946 0.0000 -7.1199 0.6456 6.5973 29.7312 4.0206 1.6763 0.8309 3.9128 -12.9737 13.7427 1.4505 2.2884 33.9378 -21.4988 -6.1247 0.0000 0.0000 3.3310 -1.0708 -8.5078 16.1706 -9.9438 4.4931
0.6219 -4.8172 -6.0443 2.3454 1.2609 10.2122 -2.6523 -0.5967 2.2941 0.0000 3.2012 0.5794 5.8854 8.7050 0.0000 0.0542 0.0000 -5.8789 -1.5999 7.5862 0.0000 1.3133 6.2842 0.0000 8.3594 -9.0304 -11.6884 1.1297 0.0000 -4.9087 1.4482 0.0000 6.0684 5.1702 -0.2054 -2.3964 4.6324 -6.4317 2.2260 -3.8245 0.1782 0.3416 -0.6328 -0.3196
6.0302 -7.2009 -13.4108 12.3913 1.3670 11.2816 -4.3878 -4.2297 17.9034 -4.6113 6.2920 -4.1353 10.7026 27.1351 -5.5075 -7.0675 0.0000 1.6078 3.0465 2.9520 0.0000 -4.4397 20.9826 -0.2081 4.9632 -6.7742 -6.1054 -2.9160 -1.5544 -4.8700 2.2609 -1.4741 0.5853 0.1241 -16.7055 11.7634 12.6809 -1.1621 7.3736 -9.7122 -0.1180 8.5575 8.4837 10.0173
35.7664 10.1270 -30.3341 68.8453 -1.9287 77.6451 -1.6351 0.0000 49.8480 -4.3346 34.6342 -11.8872 16.7495 96.7020 4.2655 -25.8716 0.0000 -15.3452 -0.9676 50.8079 0.0000 -31.9818 24.4333 1.9666 43.5091 -6.1147 -9.6083 7.1173 -5.6124 -21.7781 17.6688 0.3806 32.5639 37.7804 -71.3289 14.3111 14.2053 -2.0632 36.1540 -18.7324 -28.1772 47.4344 16.4234 22.9814
47.9273 -0.9520 -33.9354 47.2436 20.6880 65.2111 -19.4135 0.0000 65.9703 -6.4281 15.6330 -8.1009 49.2003 94.7295 -4.4173 -22.2136 0.0000 -18.1183 6.5989 36.4187 0.0000 -25.8390 93.2839 0.9382 47.3309 -32.6027 -42.4315 16.2127 -0.7394 -14.3280 7.7419 8.1131 0.3711 9.3660 -47.5195 28.4834 52.2010 -8.2454 29.5265 -39.7795 -4.4182 39.9235 16.7751 29.0859
2.7334 -5.2201 -3.0078 3.9441 4.6098 3.5320 -3.1091 -4.6906 7.0571 0.2616 3.5984 -0.8161 11.0460 8.2445 0.0296 -0.9305 0.0000 -2.6273 1.8783 4.6535 0.0000 0.9467 -2.3257 -1.1070 11.8946 -4.7616 -16.8188 5.0410 0.0000 -3.3552 0.6064 0.0000 7.2560 5.1336 -4.6792 3.5757 2.8427 -6.1570 2.6715 -3.2603 -3.1738 -0.8990 6.2511 -5.3048
30.3097 24.3795 6.6989 38.5950 3.0665 23.8847 9.3873 0.0000 32.1130 16.0847 -0.0998 -2.5812 6.1431 41.1503 6.8891 -2.4579 0.0000 -6.2170 -14.3272 18.3922 0.0000 -16.9617 10.8972 21.0878 38.0517 24.0867 -0.4266 2.8050 5.0923 -1.0615 10.7261 1.3994 23.9471 15.8997 -28.8289 12.8278 13.0104 -1.0581 -8.9518 -17.6857 -23.6248 24.6114 11.2170 14.2911
159.3499 5.2490 -45.5857 60.5272 23.4820 173.1061 -35.5395 -0.7779 123.0617 -10.1218 75.5663 -37.7278 90.3576 230.4614 5.7463 -28.1019 0.0000 -27.4917 23.4609 51.5134 0.0000 -54.6583 140.8608 10.9715 71.1582 -30.7397 -104.1241 17.7224 -6.7184 -49.7885 16.0174 -3.8231 32.0101 32.7707 -107.8070 84.9869 118.6319 -13.5962 97.5077 -66.7190 -45.6660 94.9424 27.6697 68.4396
83.6786 -21.7524 -40.2228 56.3898 18.5441 111.0987 -17.5057 -13.8967 92.2856 -15.8688 44.3151 -15.8239 70.3647 162.8369 -0.3543 -14.0836 0.0000 -5.5212 17.4163 27.8029 0.0000 -37.3152 59.5671 0.1066 51.0040 -20.6835 -73.6534 9.9573 0.2974 -38.1492 17.1334 2.4736 38.6619 31.7502 -87.3131 55.0323 67.7662 -14.7233 64.5320 -29.5489 -25.0963 47.2985 7.5394 31.9679
47.0452 -25.4482 -15.6463 8.6519 -2.1215 80.5166 -3.2510 -20.0383 41.2018 11.3163 38.4843 -7.0352 29.7847 98.6366 7.0933 -8.7682 0.0000 -2.9924 5.1045 39.3626 0.0000 -5.8477 2.9016 2.4117 36.6879 -8.2709 -34.0413 -6.3455 1.9326 -37.8417 22.3007 1.7325 28.5052 53.3692 -51.2373 25.7757 38.8951 -14.6664 38.8476 -0.5020 -18.8980 24.6072 -5.4832 10.4213
1.8636 -0.3328 0.5990 -2.2024 -0.2118 1.8999 -1.2343 0.0000 -0.8834 -0.0363 0.5687 0.0000 0.0000 0.0000 0.0484 0.0000 0.0000 -0.3449 -0.3388 -0.2118 0.0000 0.9378 0.0545 0.7805 -0.2783 -0.4296 -1.7547 0.0000 0.0000 -1.0467 0.0000 0.0000 0.0000 0.0000 0.8713 0.0000 0.1150 0.0000 0.0000 0.2481 0.0787 0.0000 -1.0830 0.6716
0.0000 -0.9308 -4.6577 7.9929 -0.9790 3.0545 0.0000 0.0000 7.3008 0.0000 1.8687 -1.0074 0.0000 8.1942 -1.5202 -4.0728 0.0000 -1.7573 0.2197 5.4226 0.0000 -1.8963 8.2173 0.0000 2.1338 -2.1102 0.0000 0.0000 -0.1552 -1.5160 1.7371 -0.1472 0.0000 0.0124 -6.9691 4.6008 0.0000 0.0000 -0.3218 -3.8266 0.0000 2.2027 3.1728 3.8850
96.8866 36.6829 -29.0640 137.2084 -0.9040 186.2689 3.9226 -7.4639 123.1559 25.8858 65.0458 -30.7899 46.1085 224.1234 12.4832 -46.8023 0.0000 -47.4968 -19.2510 145.5498 0.0000 -50.4597 48.4617 27.4802 131.0670 9.9013 -33.9861 27.3347 -3.1298 -59.8092 51.5005 9.7056 59.5121 105.8018 -145.3045 35.1803 39.6615 -4.2213 42.7839 -55.3350 -66.7013 107.0887 26.8418 64.1810
135.5725 35.7638 -21.4982 86.5494 4.9355 142.1898 1.2613 -18.5809 140.8796 28.8866 42.7581 -26.6578 67.0529 233.1351 20.7012 -12.3528 0.0000 -6.3763 1.1712 89.7964 0.0000 -66.8000 74.4061 35.4611 79.5340 43.4281 -11.5261 1.7067 12.8653 -35.1574 44.2320 5.9161 34.7713 88.5785 -117.1376 99.7395 63.2677 -7.5902 69.3795 -28.3539 -60.0282 83.5287 -2.9567 48.5516
42.1091 -8.6318 -34.8639 51.1393 4.1213 77.2591 -13.0672 -6.7001 66.4576 -7.9924 30.5153 -13.3127 23.1756 89.7470 -3.8422 -17.6767 0.0000 -21.9213 11.6628 40.2765 0.0000 -26.4595 75.9422 0.9076 45.8288 -22.7992 -59.7916 5.6007 -4.6656 -25.6355 10.3332 -1.5188 9.5630 11.0469 -59.4813 34.9179 38.2443 -10.3684 32.9217 -27.1255 -12.0039 43.2148 15.4265 17.3337
2.5801 12.9689 6.4242 -0.8494 11.4532 2.2026 -6.4759 0.0000 16.0224 6.0179 -2.2108 -3.1545 17.4192 6.0076 4.5806 6.7387 0.0000 -0.1052 -0.0557 3.7690 0.0000 -2.6293 -4.4302 5.4814 21.7396 9.5301 -19.1874 11.4446 5.3581 3.5679 -1.9404 0.4893 -4.1143 3.4969 0.6679 4.4445 2.7703 -0.7471 -1.7247 -7.9040 -13.3359 2.1065 8.3279 -2.9828
3.0188 -8.8145 -1.7736 -5.8762 -0.1979 1.8835 0.0000 -6.6652 1.4760 0.0000 0.7360 -0.0879 5.1413 5.8093 0.0000 0.6059 0.0000 2.7841 0.0000 -2.5618 0.0000 3.2383 0.1906 0.0000 1.0933 -1.4072 -1.8967 -4.7679 0.0000 -3.6483 1.4335 0.0000 1.8916 1.5171 -2.2939 4.6737 4.7651 -2.3851 1.8178 2.1568 1.9909 0.0000 0.0000 -1.7207
113.9753 -6.1670 -72.0174 81.6428 1.7318 138.4148 -23.9465 -7.1223 112.9241 -9.1407 76.0396 -42.4958 62.2503 186.0395 -19.4359 -32.1565 0.0000 -38.7507 24.3843 77.3719 0.0000 -38.5596 146.2646 8.5913 48.2570 -44.1340 -71.0985 8.2701 -10.3649 -51.0992 18.9786 -6.8185 21.9213 41.6666 -91.0149 83.2444 80.8858 -20.6949 74.7337 -64.9957 -18.1469 79.6092 33.1984 65.3119
35.0269 0.0337 -3.3504 -20.9806 -0.1128 24.2422 -6.1596 0.0000 -3.8632 -0.0377 10.7824 -5.2989 3.9110 20.4946 4.6985 -5.4263 0.0000 -3.9980 1.6843 5.8854 0.0000 3.5876 7.1214 4.9370 -0.1706 -2.4847 -5.4540 0.2464 1.9926 -9.4549 1.4652 -0.6805 -1.5911 16.5800 1.2970 11.3847 1.1015 0.0000 21.0000 3.6255 -1.9463 6.9747 -4.9535 1.7196
140.9258 31.0116 8.6695 -11.5250 4.1680 122.8864 -21.8522 -7.9817 65.3377 41.1142 43.3579 -41.8505 56.8162 128.0382 9.3535 0.0868 0.0000 -47.2158 -7.7781 86.2343 0.0000 1.4160 102.4791 38.4391 63.5147 -0.9101 -69.6328 21.8318 1.9517 -44.2280 17.9017 2.7620 -21.3234 61.3906 -8.9929 68.5920 68.9993 -16.0163 34.5404 -49.1421 -19.2181 60.5008 1.6574 52.5612
100.9415 13.6571 2.3670 1.5514 11.8423 33.6504 4.7712 -16.1169 35.5892 27.9042 -6.8148 -10.4343 57.2467 87.3008 9.5411 11.3876 0.0000 23.7639 -11.7059 -6.5972 0.0000 -13.6280 58.9206 27.3335 18.3013 23.0369 8.6890 -11.7406 10.2274 0.2596 16.4172 -0.0812 -5.3307 25.1192 3.8804 74.3518 98.6231 -13.3421 23.1284 -25.4885 -8.2208 22.7757 -6.8923 57.1028
22.8243 26.3906 14.6308 5.0279 6.9572 -0.0373 3.1965 0.0000 13.9156 14.8206 -12.3647 -3.7599 15.3063 8.0302 5.2201 6.7814 0.0000 -2.5627 -9.0275 9.9868 0.0000 -3.1601 9.6392 16.8785 25.3362 23.5337 0.6846 8.6583 6.0023 7.4691 2.6349 2.7472 -7.9760 8.9005 8.9255 14.1291 11.4440 -0.5772 -15.6682 -13.0002 -9.4021 8.3034 3.3150 9.0770
9.2920 -6.9433 -9.4502 20.1286 4.8821 16.4596 -0.1833 -7.8768 22.3514 -3.7998 6.8412 -0.8512 12.3524 36.9852 -0.1699 -6.8569 0.0000 3.0013 2.1656 10.0196 0.0000 -11.3153 3.4792 0.0000 14.3236 -0.5134 0.1619 -2.6395 0.0000 -6.4585 6.0889 0.0000 16.0180 8.3235 -32.3059 7.5645 6.1797 -0.8862 10.0905 -4.6836 -6.1529 13.9142 7.8363 0.8920
0.0000 1.3100 -0.3544 1.7972 -0.5379 1.3732 0.0000 0.0000 0.2088 0.0000 1.6390 -1.7213 0.0000 0.7910 -1.2846 0.4746 0.0000 -1.3479 -0.0823 1.3922 0.0000 -0.6581 1.0252 0.0000 -0.2531 0.0000 0.0000 0.0000 -1.3479 -0.4620 -0.1392 -1.2783 0.0000 0.1076 -0.3924 0.0000 0.0000 0.0000 0.8417 -1.0568 0.0000 1.4808 0.9176 1.2024
16.8794 19.7217 12.6891 -0.5682 2.4190 5.1302 5.7520 0.0000 17.0880 19.7849 -22.2684 1.4021 10.1188 4.9514 10.0786 15.6800 0.0000 0.0198 -13.3247 1.7617 0.0000 -8.1339 30.7733 19.6994 18.9193 15.4109 -2.3822 0.0000 8.8802 8.8698 2.4033 0.0000 -16.3309 4.5604 14.9131 15.0513 16.4076 -3.5496 -2.3679 -4.9615 -0.4991 8.4052 -10.1912 3.8290
4.1055 -8.9115 -7.8562 0.0926 -0.9196 8.6352 0.0000 -4.4225 1.8893 0.0000 5.8039 -0.4663 5.1279 8.7115 0.0000 0.4020 0.0000 -4.9190 -0.0717 6.8220 0.0000 3.7591 0.8692 0.1652 6.7811 -5.9286 -10.7708 -1.4853 0.1076 -7.2313 2.4465 -0.0243 8.5719 7.1819 -1.1373 2.0906 3.3938 -7.9950 1.2221 -0.6190 1.2772 -0.0282 -0.3755 -2.8529
123.9712 21.9473 -6.9722 19.2339 0.6041 73.1749 -8.2509 0.0000 59.2365 16.2027 25.3356 -24.7296 32.4974 113.3839 5.2854 -2.8430 0.0000 -1.8818 7.0611 13.1056 0.0000 -30.0484 83.3073 25.9617 6.3461 10.6429 -23.8334 -2.5799 4.8123 -16.1818 11.0011 -4.7773 7.4546 32.9604 -28.4430 82.5132 67.6325 -5.7089 57.6585 -25.5521 -21.7797 39.6609 -4.1671 45.5944
115.6569 -4.3573 -27.7445 13.0086 14.1840 110.8260 -30.6075 -6.3896 74.6269 -11.2207 59.0656 -26.6272 64.8034 145.9550 8.1587 -12.2514 0.0000 -9.1980 27.0270 20.1925 0.0000 -33.2820 60.0012 7.4723 31.9943 -12.1993 -81.6607 13.6648 -3.5810 -36.2864 4.1252 -3.3960 17.5534 23.4062 -67.3900 58.9431 55.4944 -8.5418 74.0378 -21.6577 -30.0699 55.5972 8.6572 21.1210
90.1912 38.9755 9.8919 30.7239 12.9469 51.1759 -1.4848 0.0000 40.1607 11.5756 6.7193 -8.5802 34.5183 63.9078 11.8636 -10.6583 0.0000 -23.7997 -3.0690 31.2707 0.0000 -19.6431 39.4760 20.7305 55.8513 25.9024 -27.0281 22.5236 1.2119 -6.3715 7.6361 9.6070 12.0863 20.9206 -23.5503 36.1512 26.2001 -2.0228 -1.2914 -21.2263 -24.7574 42.5278 4.9336 16.0689
74.4055 -16.5254 -19.6541 25.6381 9.1580 50.9157 -18.8878 -13.7141 75.6825 -11.6534 36.2750 -15.0608 62.3625 120.8996 -0.5027 -1.6013 0.0000 18.1006 24.7765 -11.4509 0.0000 -37.0512 46.9136 -0.5803 -10.8717 -10.5105 -29.0406 -3.1719 0.0000 -17.1280 4.8035 0.0000 29.3337 6.5875 -62.4616 65.6264 47.5087 -8.1028 67.8443 -10.2378 -23.4869 25.5528 4.3038 17.5437
6.7102 0.0522 -2.9109 0.0000 1.7710 3.0304 0.0000 0.0000 3.9319 -1.9931 2.4064 -1.9550 6.9606 6.5025 -1.0181 0.0000 0.0000 1.2275 2.2359 -3.4193 0.0000 -1.0361 3.0829 0.0000 -0.0190 -0.6611 0.6001 0.0000 0.0000 -0.7773 -0.6328 0.0000 0.8393 0.0000 -1.7217 3.1519 3.5299 0.0000 3.4563 -2.1803 0.0000 4.0150 1.5941 3.1276
78.9356 16.6403 6.9090 19.5295 -6.0119 109.6649 -14.2973 0.0000 39.5060 8.0706 43.6965 -23.7890 4.2996 65.4675 17.9413 -11.0555 0.0000 -54.7385 -7.6452 64.3243 0.0000 -3.1447 38.1719 19.4271 72.9011 -4.0720 -92.8945 27.0239 -8.3790 -43.9570 11.8787 3.4869 13.1527 15.3028 -40.3769 16.4030 11.7365 -7.2327 3.8740 -25.2850 -20.8362 58.9180 11.3512 17.6139
81.2650 44.5413 -47.3153 149.8994 1.2005 201.0665 -2.7326 0.0000 137.3774 13.0091 80.6179 -33.7238 21.5156 218.2837 22.8213 -56.2454 0.0000 -84.6930 -9.9051 180.6895 0.0000 -65.9204 51.4196 21.1230 158.2691 10.7464 -69.9446 42.2848 -6.5881 -65.5471 44.6127 6.9970 63.4350 87.9112 -176.0568 22.4430 -1.8040 -3.0233 39.2351 -51.4081 -72.3274 123.1252 38.8023 18.6036
150.9668 2.7515 -65.1643 123.1406 10.4457 193.8132 -33.0063 -10.1128 163.1149 -6.1072 90.0311 -52.6884 89.6523 245.6981 -13.2447 -36.3672 0.0000 -64.8660 22.6349 116.6574 0.0000 -50.1535 184.3988 15.5682 104.9926 -47.5717 -140.3125 35.6614 -13.8118 -69.6441 27.3058 2.6224 37.6972 40.3727 -130.2897 101.4860 103.4088 -26.1193 69.0458 -96.9082 -40.8134 111.8275 51.4983 88.1398
14.6955 3.5971 -24.1868 39.0996 -2.2652 56.5453 -2.2045 0.0000 23.0675 1.1336 25.5438 -4.1353 0.0000 52.6585 -1.2082 -23.3290 0.0000 -16.0473 -0.3512 42.3945 0.0000 -11.6906 6.1108 1.6151 33.2568 -4.9313 -7.7730 2.1931 -2.3047 -20.3765 13.9016 0.8608 22.0817 36.3123 -43.2597 -2.1696 3.6689 -0.5181 15.6300 -7.4937 -18.4901 27.2968 5.1020 9.8923
107.8967 -12.4668 -48.9985 48.6643 25.2613 119.7218 -23.6248 -11.6714 89.6953 -13.1767 59.1366 -28.8549 85.1740 164.3482 -3.2407 -24.5845 0.0000 -28.4833 26.8986 54.1860 0.0000 -25.0798 95.4765 0.8675 69.2954 -28.9820 -100.5601 24.3711 -4.5105 -43.9605 10.4704 1.8682 23.0063 29.0327 -75.6199 60.7077 80.9448 -19.9107 53.9925 -52.8613 -27.7841 63.0678 30.2415 38.2299
1.1050 -0.5346 -3.2097 2.1254 0.4109 0.7185 0.0000 0.0000 2.5125 -2.1835 1.4495 -0.4935 1.1683 2.7072 -1.1731 -1.3365 0.0000 -0.1364 1.4733 0.2681 0.0000 -1.0350 2.2107 0.0000 0.8672 -0.0422 0.0000 0.0000 0.0000 -0.2592 -0.0916 0.0000 0.6621 0.0000 -2.8312 0.9146 0.0000 0.0000 0.6120 -1.2673 0.0000 1.8133 1.9660 0.3014
0.0000 11.4949 8.2992 -4.6124 -2.3531 4.4472 0.5703 0.0000 2.0326 10.2370 4.2885 -7.5727 0.0000 -6.3411 -3.0668 10.5834 0.0000 -7.4582 -2.5926 6.3059 0.0000 1.9455 4.5892 3.9198 1.9112 4.1959 0.0000 0.1070 -3.3430 -0.5890 -1.2528 -5.4434 -12.6984 4.1315 11.0725 -3.0040 0.0000 0.0000 -0.5266 -1.9186 4.8546 7.9293 -1.3178 3.0994
217.5031 41.7672 -68.3423 159.6172 24.1655 235.6860 -21.2176 -7.7836 188.4381 14.1510 92.9737 -43.8456 111.8616 331.5036 6.7973 -63.6921 0.0000 -45.2959 18.5980 134.8515 0.0000 -86.0524 163.7279 28.2858 140.0739 -4.6021 -85.9387 32.2017 -2.3211 -62.4697 44.0218 12.2773 68.1531 115.2951 -174.9847 114.3774 130.4409 -16.7840 105.8452 -86.7735 -86.5873 146.2327 42.8226 91.0385
6.4708 2.9370 0.8601 10.9337 1.7478 13.4646 -0.8518 0.0000 15.5882 0.4706 7.6057 -1.6169 4.1505 18.5305 2.8549 -1.1066 0.0000 -1.3626 1.7983 7.5861 0.0000 -11.7008 -0.6255 0.7075 7.6193 0.7470 -3.5275 2.5891 0.2152 -3.1898 2.4130 -0.6210 8.0369 4.1953 -19.9628 3.0341 0.0000 0.0000 10.0048 0.1923 -6.0801 7.7387 1.6100 -4.4581
6.6648 -3.2059 -10.9688 9.5464 8.4702 14.8696 -5.9143 -2.6220 22.5860 -8.0195 6.7279 -2.6060 15.7686 28.7919 -3.1946 -5.0520 0.0000 -0.8297 5.7341 5.7627 0.0000 -9.8436 13.5528 -0.9498 17.3288 -4.4303 -13.6245 3.4642 0.0000 -3.3177 1.4107 1.5417 4.7022 0.2375 -22.3278 5.5077 7.6756 -1.5396 8.7077 -8.6492 -5.5485 10.5140 9.8945 -0.3157
0.0000 0.0000 0.0000 0.0000 0.0000 0.0000 0.0000 0.0000 0.0000 0.0000 0.0000 0.0000 0.0000 0.0000 0.0000 0.0000 0.0000 0.0000 0.0000 0.0000 0.0000 0.0000 0.0000 0.0000 0.0000 0.0000 0.0000 0.0000 0.0000 0.0000 0.0000 0.0000 0.0000 0.0000 0.0000 0.0000 0.0000 0.0000 0.0000 0.0000 0.0000 0.0000 0.0000 0.0000
0.9932 0.1354 -0.1416 0.3489 0.0670 0.9581 -0.1132 -0.0832 0.7178 0.1170 0.3822 -0.2281 0.4673 1.2173 0.0989 -0.1338 0.0000 -0.2362 0.0622 0.5605 0.0000 -0.2424 0.6408 0.1781 0.5824 0.0051 -0.4905 0.1430 0.0092 -0.3124 0.1797 0.0368 0.1659 0.4268 -0.5722 0.5659 0.5184 -0.1141 0.3684 -0.3024 -0.2416 0.5289 0.1195 0.2914
-3.5051 -104.7186 -25.1760 8.1728 -60.7618 -20.8175 -16.3809 10.0317 96.4220 116.7333
0.0000 -80.9791 -5.3018 -2.7717 -82.6685 -39.7793 -48.0165 55.0939 110.8432 93.5798
-6.4125 5.9873 4.3885 -5.0068 -31.5292 -43.1971 -27.5193 51.5659 85.3842 -33.6610
0.0000 37.8257 -24.1507 -17.2192 -60.2200 -28.1340 -100.1305 22.1115 145.0657 24.8515
0.0000 -58.0378 -38.6511 -6.5471 -69.9858 -15.3353 -34.3308 -28.9276 233.1538 18.6616
-17.2022 -10.4535 -50.2915 -33.9921 -154.5814 -94.0879 -134.8405 12.0872 478.5011 4.8608
0.0000 -19.3658 -1.1930 0.0000 -14.6553 -1.3665 -2.3480 15.4603 5.4103 18.0581
0.0000 -1.0408 0.0000 1.0408 0.0000 0.0000 0.0000 0.0000 0.0000 0.0000
0.0000 -46.2337 -29.9355 4.2573 -57.9980 -46.2272 -21.8770 -40.8572 214.4686 24.4028
0.0000 19.4487 0.0000 0.0000 -8.1472 -15.1049 -24.7471 32.3395 4.4565 -8.2455
-21.7084 -80.6864 1.1281 -10.1838 -112.5708 -131.1904 -63.1467 -41.2633 403.3013 56.3204
0.0000 -56.0938 -18.0503 -17.9166 -66.9489 -19.8938 -17.2972 -16.0400 163.0138 49.2268
0.0000 -25.4002 -11.3051 16.3705 -12.6131 0.0000 -5.8647 0.0000 18.6557 20.1570
-44.0808 -96.3494 -11.5041 14.5010 -64.5649 -117.6479 -127.3591 -29.8630 388.9261 87.9420
0.0000 11.5063 2.8248 -4.3130 -25.2491 -20.2707 -10.5346 22.6190 39.7889 -16.3717
-2.9261 -1.0239 0.0000 -5.3489 0.0000 -19.8887 -40.8336 23.8511 46.2555 -0.0853
0.0000 0.0000 0.0000 0.0000 0.0000 0.0000 0.0000 0.0000 0.0000 0.0000
0.0000 -32.6858 -13.0168 4.8289 -21.5889 0.0000 -28.1180 -26.6471 122.7228 -5.4951
0.0000 -29.8660 -33.5848 -4.8322 -54.3167 -36.4848 -25.0449 -9.7496 134.8446 59.0344
0.0000 -19.9220 -0.8200 -16.3626 -43.7438 -45.2910 -61.6871 16.7859 213.7125 -42.6719
0.0000 0.0000 0.0000 0.0000 0.0000 0.0000 0.0000 0.0000 0.0000 0.0000
0.0000 -49.2191 -14.9686 1.0448 -90.6248 -81.2393 -70.9989 67.9783 212.2355 25.7921
0.0000 -39.2030 -7.5926 -25.4458 -40.1390 -7.3896 -26.0783 18.1359 130.6200 -2.9076
0.0000 -25.9416 0.0000 0.0000 -11.5692 0.0000 -5.9213 38.9747 3.3953 1.0622
-18.9393 -13.9032 -15.2398 18.4094 -119.7552 -90.8322 -159.5650 49.3165 274.8692 75.6395
-3.9823 -66.7667 -12.9554 0.0000 -51.5776 -36.4976 -33.0692 18.5458 60.5400 125.7630
0.0000 -37.9420 -7.6496 11.1124 -24.9106 -5.8436 -29.6562 6.7633 50.4291 37.6971
0.0000 -5.2166 0.0000 6.2153 -5.2804 0.0000 -0.8971 19.1847 11.6054 -25.6112
0.0000 -4.2884 0.0000 -2.4452 0.0000 0.0000 0.0000 8.5505 -1.8169 0.0000
-36.2683 -141.1331 -45.3555 -9.5921 -233.3961 -195.7111 -240.3825 48.7935 697.7032 155.3421
-11.5606 -80.9565 -33.8250 19.0208 -69.5847 -73.9830 -77.0122 -17.1453 264.6684 80.3780
0.0000 -2.1447 0.0000 -3.7938 0.0000 0.0000 -0.0733 2.2180 3.7938 0.0000
-10.3198 -30.5339 -9.4745 18.7970 -22.6589 -50.7696 -48.5833 -14.3943 152.6519 15.2854
-23.3977 -5.9715 0.0000 -5.0774 0.0000 -30.1213 -44.3236 50.6227 73.4495 -15.1807
-10.3313 -32.6588 15.7056 -14.9061 -127.7183 -118.4601 -106.4294 63.5051 228.9045 102.3888
0.0000 -93.3302 -42.2063 10.6475 -70.8340 -31.0921 -33.4257 -31.7982 185.3883 106.6507
0.0000 -54.7558 -9.1511 3.1172 -27.1638 0.0000 -5.4449 36.0839 54.2769 3.0377
0.0000 -14.2695 -9.0018 12.9448 -2.1555 0.0000 0.0000 0.0000 13.7290 -1.2470
-23.4301 -29.7103 -16.4855 -9.8421 -71.0693 -117.6910 -146.3068 -44.5065 405.8520 53.1895
-34.7145 -74.0057 8.9097 6.7002 -118.4617 -135.5022 -161.7053 45.2691 405.0886 58.4219
-6.8824 43.7192 0.0000 3.8779 -40.4747 -16.8917 -88.9639 52.6825 12.4268 40.5063
-18.5412 -10.5893 -28.7708 -5.2215 -22.0897 -40.5010 -32.9249 -15.3130 185.7510 -11.7998
-54.1401 -90.3997 -47.5028 -82.2187 -240.0398 -224.3321 -268.2106 41.7997 895.5360 69.5082
-16.2825 -10.4753 -0.6733 -4.6243 -67.7964 -103.5778 -115.0772 -4.6068 345.8598 -22.7462
-0.0270 -0.0811 0.0000 0.0000 -0.1351 -0.1081 -0.1351 0.0541 0.3784 0.0541
