2.2927 -6.1092 0.7366 0.2088 1.3750 0.9335 3.8366 -2.7024 3.0129 -1.9088 7.3424 -0.3212 4.4308 3.2161 -7.7885 2.5127 2.9617 -2.4571 4.8958 5.4589 -0.7683 0.0797 -6.7124 5.9838 -1.5548 4.7300 -3.2110 -3.6381 -4.2465 -9.5416 -3.4992
3.2743 -2.3710 -1.7249 -0.8469 0.2966 -5.7939 2.6550 -0.9858 6.6336 1.9045 -6.4282 -5.3779 -4.9439 0.0637 1.5168 -2.6715 6.1448 1.7183 -0.6149 -2.9047 -5.7547 3.8150 2.1953 2.3590 -1.2897 0.0872 -7.5507 -6.2426 1.5886 -1.8225 -1.9570
2.0783 2.8679 2.1699 -1.7629 6.4827 5.7982 -2.5865 -2.1353 -2.9063 5.8666 0.0013 3.3051 9.6574 -0.8687 2.9265 -6.3842 5.5909 0.9255 7.4342 1.2521 2.6982 -6.0010 -2.4670 0.1043 1.0595 -1.9265 -1.9719 -5.1744 1.5325 9.2452 -7.6934
-2.5741 1.8770 0.0529 0.2118 -0.1000 -4.3242 9.4650 0.2375 4.2377 -3.4424 6.7445 2.1246 -6.3478 0.8046 0.1786 2.3468 -0.6675 -3.4661 -2.6233 -3.8931 0.2797 -4.6226 -3.9219 7.3158 2.0292 0.3352 0.3335 1.4592 -5.1276 9.9735 1.8794
2.2047 -4.7516 3.5208 2.1874 3.0760 5.4995 -23.9621 3.6138 4.6440 -3.1075 -2.4472 -2.9271 -0.2396 0.5964 1.7528 6.5377 4.4018 -1.5787 -1.7541 3.8785 -8.7800 5.9325 -8.2701 0.8521 -0.2466 2.4997 5.4024 -2.4624 12.2348 -9.4272 -3.3163
0.4051 3.6835 -2.1127 0.3555 -1.1960 -1.9628 -9.6494 0.5468 3.6764 0.3062 -1.5824 2.2531 -12.0009 2.9289 -4.4309 -0.3687 -0.3077 -5.9919 -3.2950 3.3730 -0.7428 3.8268 -2.8272 -1.5144 -2.7330 -0.7751 -1.4468 -4.8050 -0.5029 -7.7663 -3.5259
-0.6416 4.2249 -1.6454 4.4942 3.3692 5.7459 -12.7163 1.9959 1.6622 -5.4108 3.0566 3.8457 -3.7982 -3.7606 -1.1490 2.6081 -6.7190 2.3089 -2.9637 1.7166 -0.8397 -2.0611 -8.0474 2.1205 0.9206 0.3791 8.3869 6.4328 0.0566 4.0117 -0.3016
-0.6403 -4.6544 -2.7708 1.4896 0.5430 -1.0550 -4.9405 -0.5083 6.3017 6.2021 -4.2440 2.0126 -1.8909 -0.9951 4.5252 0.4724 -0.7848 5.5474 -0.7501 3.6653 -6.1696 -0.2305 5.3604 0.0033 0.0392 2.8692 0.7147 2.0290 4.7613 2.3652 3.5241
5.9463 -0.4642 -0.2538 -2.1737 1.9427 -0.7066 -3.6850 -3.0955 -1.3502 -1.1008 0.9353 2.7385 0.1686 0.1159 -0.8593 3.4106 3.3232 1.3651 -0.0466 2.5947 -2.2276 0.5651 -8.1120 -1.2401 -3.3913 3.8400 -1.3987 -3.7222 0.6227 -2.0249 1.7801
-0.8988 -5.3584 0.1183 -0.1719 -2.6071 -2.9628 -1.8735 1.7204 0.5856 4.4253 1.4521 4.6684 2.1348 -2.6077 5.3950 2.3671 7.0107 -1.7166 12.4792 -7.8662 12.4587 -5.0133 -0.5092 0.3861 1.3667 -4.9381 0.2331 -0.7800 3.8705 12.5887 -3.5081
-3.1793 0.3849 2.8538 3.3422 12.0549 -1.2048 6.0192 4.8676 -3.7934 -2.5123 -0.8180 2.6050 5.8556 -1.0093 6.4192 -6.3576 -2.7161 5.3007 -4.3209 0.7835 2.1040 -1.0682 -1.5395 3.8282 4.7215 -0.8184 0.1344 -0.9406 -2.7210 10.3039 3.1683
-1.1411 -1.4150 -4.3498 0.9469 -1.3255 0.8212 1.4814 -3.8035 -0.5206 -1.7514 -2.6108 5.3366 1.5450 -2.9488 -6.6206 -1.2756 -0.9126 5.5474 8.1019 5.2215 -3.1562 3.2171 11.9733 -3.6750 -0.3247 0.3360 -3.4497 -1.8345 3.0256 11.9299 3.8233
-3.3212 0.3966 1.6120 -3.3312 0.7187 -0.8589 -7.1082 8.9378 -1.6982 -3.1753 -2.9672 -6.9012 6.9035 -1.4926 2.4862 0.6380 6.6777 4.1389 4.1022 -4.0244 -9.2505 1.7542 3.3746 5.2985 1.7044 -3.0778 3.7913 -5.2074 2.4013 0.4181 -1.3409
2.3342 -2.3155 -1.0207 -3.4128 4.5387 3.6196 -0.4729 -0.3755 3.7080 6.9249 -3.3112 -3.4783 2.2526 -0.0288 0.4944 2.4998 -1.9668 1.6268 0.1050 3.4363 0.3497 -0.6264 0.8595 -4.3861 -0.3399 -1.8590 -5.0482 -2.4122 0.9856 -0.9672 3.0290
-1.1998 -5.0088 2.5035 -4.0330 -6.7958 -5.1068 5.2548 -0.7398 5.6022 0.3038 -7.8851 1.6422 -4.8762 2.8476 -5.7616 -1.4819 4.0241 -6.5212 10.6132 0.2911 -6.1950 4.3643 2.6415 -7.1858 -2.0744 -6.7613 -3.0170 0.5608 3.4834 8.5280 0.2700
4.6640 3.9872 -1.4631 -3.8065 1.6561 2.1167 -2.7438 -2.9283 -0.4512 5.2229 7.6173 -2.7326 2.6589 3.7613 1.2775 -1.7014 0.3666 -6.6317 1.4663 1.4026 2.5648 -9.9972 -0.6643 5.5830 -1.5361 2.6361 3.9781 2.4605 -3.6904 -2.4014 -8.5120
-0.7799 -2.0906 3.2450 -3.8318 -6.1018 1.1140 -1.0755 0.7613 -1.3674 0.9601 5.3421 1.8412 6.4443 -0.5919 -3.8195 0.5483 3.1913 -0.6905 7.3592 -9.3482 1.9066 -3.8260 5.3398 -5.3530 -1.8348 0.4845 0.0153 -3.1214 5.4181 7.0939 -3.7637
1.6053 7.1820 4.9394 0.4311 2.5531 -0.3375 1.2922 7.9548 -2.8700 -3.6962 2.2194 1.0849 2.6218 0.2654 -2.4513 3.4436 -2.2975 -1.0887 -8.3494 2.9686 0.3219 1.2072 -2.0025 3.7772 -0.5773 4.9352 -0.9634 -1.3607 -4.7443 -0.6832 -4.9900
8.0552 1.5208 -0.5469 -2.1978 2.6918 -1.1775 -8.2421 -2.5597 -4.0233 1.5496 -6.2103 -2.1243 -3.8170 -0.4695 -7.0697 -1.1357 1.8913 -0.5244 6.1748 -4.5318 -7.3943 6.5590 -0.3020 -5.2124 -2.6375 -3.4785 4.3308 -0.0083 6.2632 0.5362 1.2593
5.5628 -3.4021 -0.0250 0.0495 -6.1521 -7.4600 -2.5146 -2.4488 -1.7895 -5.1501 1.3964 -4.2949 -0.0483 2.0576 -9.4116 0.5622 1.2691 -1.7841 1.9704 -2.7668 -2.1808 4.4840 -4.0421 -2.7902 -2.3254 1.1430 -0.3376 -4.0372 1.7286 -3.5308 4.8793
-5.2562 2.0353 -0.5345 1.0939 -3.4330 1.9225 -3.3275 -3.3257 0.3435 1.2425 -2.3950 6.7038 -4.4799 -0.0518 1.7921 -0.9513 2.0059 -1.3402 -3.6166 8.5024 2.9749 2.9448 -1.4427 -7.4589 -4.7639 -0.5829 -4.7358 0.0578 2.1068 8.3399 1.3118
5.1127 -1.5283 0.3080 -2.3411 1.0280 2.0624 -3.6064 -1.7771 -2.1048 -2.7009 4.6866 -4.8510 -1.1772 2.4476 -8.8644 6.3808 -2.1979 1.0547 -1.8688 2.8208 -5.2693 -2.9628 -4.8976 3.1528 -2.4517 1.6090 2.5003 1.5425 2.7816 -0.3559 2.9365
-0.0737 4.7465 0.1692 0.9423 -8.3731 1.7864 -8.4786 -4.4123 -2.6940 -7.5933 -3.2537 -1.7848 -5.4117 3.5374 -5.7756 -0.3535 0.6470 -5.1547 0.5541 7.4848 -4.7616 6.6724 -6.0725 0.9374 -2.8320 -1.2659 2.0833 3.4214 -0.4520 -8.1731 1.0964
-3.0119 -5.6320 1.1464 0.9256 4.0711 1.9139 -3.1262 0.8407 2.6252 2.8553 -0.0972 2.9161 4.6490 1.2715 7.2700 4.3736 3.0674 -1.4327 -0.6875 -1.8808 -1.7613 4.8698 0.8801 1.0887 1.4885 1.9704 -0.1651 -2.9712 0.2710 -2.6517 -7.7690
0.9038 -5.2999 1.7943 0.5749 6.1238 -1.8062 2.5734 -0.9471 -1.5621 -1.8027 2.9396 -3.1235 6.0381 -0.6119 -5.4661 1.0602 -2.4558 -1.2755 -0.4782 -6.6216 3.8916 4.9456 1.9070 -4.0664 0.0907 -3.1302 -2.9466 -4.1599 -0.2534 5.7158 1.6625
1.1547 5.8466 3.1313 -0.5034 -0.3799 2.5477 -2.1381 2.2178 -1.8737 -3.0008 0.5824 -1.5142 2.3330 -0.8513 -1.0944 -0.9387 -0.9407 -1.8935 0.4250 -2.9076 -1.0474 0.0712 -3.7675 3.7509 0.3458 1.2192 0.8819 -1.9027 0.8083 -1.0360 -2.8771
-3.6154 -0.7101 -5.7418 -1.3957 1.5152 -1.7964 7.0536 -4.5915 0.4949 0.2607 3.7371 2.4039 -4.4981 -0.5374 -1.2695 -4.8589 -2.4414 -2.5388 2.0050 -3.3348 8.2503 -1.7867 2.6070 -4.5897 -1.6642 1.9935 -5.0683 -1.6101 -2.8751 -2.5876 0.0563
-9.1479 -3.6956 2.4983 1.4782 0.0553 1.0834 9.1982 1.2876 -0.1079 5.3585 -4.6125 1.7597 4.2699 0.0962 2.1213 -1.3544 2.1985 2.4139 2.7331 3.8725 2.1321 0.6137 7.4059 0.0839 -3.9625 -4.3052 -3.7485 1.4088 -0.5148 3.3906 -0.7785
-1.3869 0.0794 -2.5399 -2.8958 -7.9205 -1.2460 3.4457 0.5080 -5.0053 -3.5108 -3.1764 -4.8984 2.0615 2.9483 -1.9233 -2.9933 0.2156 -1.2192 8.2903 -3.9671 -1.9344 -0.8534 4.0665 -0.3625 -0.0129 -0.1148 2.4742 -0.5648 -2.3491 -7.8716 3.5595
6.2858 -1.9045 -6.9880 0.2195 4.6167 -5.0407 -9.7954 -2.8934 4.4293 0.4154 -3.8939 -10.6000 -6.2597 1.7553 1.8400 3.4167 5.0893 -4.0772 -1.1545 2.5304 -6.9792 2.2715 -9.3957 4.2329 -1.1463 2.7766 0.5090 -0.4745 1.6265 -5.6689 0.3931
2.4885 0.7858 0.0027 -1.2852 1.1498 -1.4088 -1.3476 -1.2635 -0.9735 3.0337 0.7242 0.3015 4.0482 -2.3096 6.3872 -5.0441 4.0781 -1.8936 4.5562 3.6826 7.5744 -8.6189 0.0995 -3.4706 -0.5964 -1.1823 -0.2884 -3.9979 -2.4526 8.5294 3.1936
4.9526 1.0372 0.8143 -3.8298 1.4490 4.0434 7.2434 -2.0292 -4.8957 1.6983 -3.4416 1.2956 0.6505 1.0990 -0.5507 -0.3329 4.5736 -3.6869 7.4832 1.4866 0.0546 -1.8972 3.9668 -0.3803 0.0645 -1.3246 -0.1827 2.4842 -2.8733 -0.3522 -5.3487
-2.4707 -6.0124 3.6765 -1.7775 0.5053 -3.8165 -1.9994 6.2450 4.1417 1.4181 -0.3162 6.3920 1.6018 0.6231 3.4853 -0.4791 1.4061 3.0208 1.4182 -1.8064 3.3563 -1.1757 -4.1691 2.5910 -1.2586 -5.4336 -1.5614 1.4840 1.7709 3.9341 1.9646
0.3167 2.2020 6.1576 -2.6655 -0.0590 3.9401 3.8339 3.1232 -3.5153 3.4152 0.3460 0.3095 6.0942 -4.0004 3.5871 -1.5251 5.5833 -2.1485 7.2349 1.2782 6.5212 -7.5750 -2.1190 -2.3510 2.0385 -4.6897 2.5328 -1.3884 -2.2323 -1.9212 -7.6294
-7.4343 4.4273 3.1458 0.1560 1.3693 0.2544 11.7402 7.2209 2.3529 4.5838 -0.0697 2.3293 8.5621 -1.8203 9.2842 -3.5056 -1.3901 1.3484 2.6600 -2.7956 5.5736 -4.9486 4.5504 -0.6286 0.2311 0.7325 0.4146 -1.4073 -0.8673 5.3146 -7.5866
-1.9909 -0.7649 -3.3890 3.8383 0.9717 -2.3688 -5.8837 -1.4595 3.1695 1.2267 -2.7203 1.7299 -5.7786 0.2759 -1.2271 2.2057 -2.6910 -0.8741 -2.1947 1.9497 -3.4386 5.9200 1.5369 -4.8937 -3.1861 4.9353 -1.1459 -2.4358 3.0786 1.5821 -0.3870
0.2631 4.1501 2.7329 -4.6073 -1.5275 6.5453 -6.9575 6.4210 -4.6142 1.8092 0.0135 -0.3875 5.5496 -6.2972 1.4753 5.2864 5.1610 -1.4301 9.5513 -1.6256 6.8925 -6.0565 2.4535 -2.9755 -0.7237 -2.5365 7.4722 0.1220 2.1390 -4.0845 -3.2485
-0.6080 -3.9713 -0.7845 -2.2295 -4.7509 -4.7897 -4.7688 0.0748 4.0440 -1.2328 -0.3290 -2.0613 2.2618 1.8439 -3.6150 -0.3439 -2.3044 -1.4358 1.9361 -4.5996 -2.1119 -0.3891 2.1059 -2.9236 -3.7178 -1.3778 0.1631 -0.0782 4.1101 7.2711 5.1519
-1.8168 -1.0138 -1.5216 -2.6110 -9.5363 -1.9723 3.9057 -2.3273 -1.0901 0.3654 -2.6558 0.8127 -0.7133 0.7701 -2.8978 -2.7305 5.0153 -0.2501 5.6930 -0.6247 1.2861 4.6588 6.7073 -0.7475 -3.2203 -2.1455 -2.6598 1.6742 0.7566 -0.8672 -1.7938
-0.3381 0.0672 5.4843 -2.6110 10.5472 9.2135 4.8116 8.2571 4.1323 8.9130 7.9451 10.7424 9.1587 -1.5805 7.6956 0.4354 0.8077 4.1073 0.1023 2.5667 5.3217 -8.3950 10.0950 5.8236 2.9862 0.3773 1.5065 3.1919 -4.8198 17.9774 -1.4748
7.3404 0.5695 -0.1854 -1.4072 -1.4962 -1.5450 -0.7863 -3.9360 0.0932 6.6894 4.1764 -6.2221 0.2064 1.4939 -1.0471 0.6741 2.9379 9.5777 2.4477 -2.6222 -0.8977 -0.0531 2.6818 4.5629 6.2152 0.8242 3.2016 1.1105 2.0127 2.9060 -1.7731 7.7322 5.0879 0.5836 11.5342 13.7601 3.0305 -3.5144 1.2845 1.5424 13.5153 -0.6952 -2.2616 -4.0595 4.0455 -1.3095 -7.4291 -5.5944 0.0000 -3.3794
3.9714 -5.3057 -0.2484 -0.7777 3.2975 -3.6854 -4.8769 0.0000 0.0186 6.1813 0.4537 -5.9843 0.5887 5.2273 -2.7751 -0.2943 5.7955 -0.4201 -0.0717 1.3376 0.7881 -0.6584 2.8628 3.5749 6.6537 0.1144 0.9889 1.8552 12.1197 3.2435 2.9487 3.2571 3.7179 -0.3805 1.2065 6.4590 0.6049 0.1652 2.2525 0.9118 -0.6922 -2.0517 -0.7024 -1.6541 1.0355 1.6587 -4.7080 1.3607 0.0000 3.6405
0.7217 -1.0746 -0.1280 -1.5226 3.5094 -2.5948 -0.9639 0.1823 1.1757 3.4091 -0.8840 -3.3409 -3.3728 7.3914 2.0722 0.3220 -0.0459 2.3987 2.9429 2.4991 0.6242 -1.3826 4.7819 2.2133 5.3270 0.7617 2.8755 -1.4508 4.8325 4.6713 -1.6785 0.4393 8.5748 1.4224 2.4672 5.5996 -2.4834 -0.8346 0.5894 5.9002 5.6556 -3.2424 -0.0965 -2.5932 0.2413 -4.3748 -4.4623 3.6416 0.0000 0.0498
7.3847 -9.1733 -0.1121 -1.6168 0.3853 1.0329 -8.3296 -0.3904 1.1455 12.0534 -1.3315 -3.1049 7.6298 4.0183 5.5527 0.4228 1.8647 3.3659 -1.7353 -1.5021 2.5521 0.4055 2.4556 -2.5792 11.1850 1.4093 7.0822 5.2396 6.8569 4.3973 -5.9437 5.4848 11.4191 -0.2271 12.6963 6.5513 0.4161 -0.0301 1.8385 9.0288 8.0552 0.5381 0.5310 -4.4549 1.8599 0.0575 -8.0180 -3.7266 0.0000 5.9270
5.7881 -9.5896 -4.8653 -0.2183 -3.7947 -4.4117 -2.7004 -2.3691 0.3229 14.4712 4.7836 -9.1288 11.3210 6.0044 -0.8407 -1.1705 4.9395 5.3817 -1.9863 -1.6526 -1.5631 2.9283 10.6160 -2.2688 2.0553 3.3445 1.6142 2.1797 -0.6619 2.0419 -4.7299 4.5592 15.0008 -0.5243 18.6384 11.1434 -0.7008 0.0000 -0.1604 6.3138 16.5432 -1.3960 5.2582 -0.7466 0.9539 -4.1997 -5.2290 -8.8230 0.0000 2.8246
3.8381 -7.7395 -1.6150 0.2929 2.9526 0.0366 -7.9696 0.1504 1.3187 8.0643 1.2568 -8.0683 1.9768 4.3608 1.2107 3.5911 2.6999 7.5003 2.0148 -3.3604 0.6052 2.0182 3.8642 3.5093 11.2848 2.0881 6.7920 3.1847 6.4952 0.2022 -0.9421 4.8718 11.9441 -0.9049 7.6287 7.6207 1.2024 -0.2817 1.4188 2.1651 10.3370 -0.4387 -2.8666 -6.2393 5.2080 1.4280 -6.2744 -1.8579 0.0000 3.4840
10.7848 -7.1550 -0.1516 -2.0830 -7.0804 -3.0960 -1.7664 -4.6843 2.5005 14.3537 5.1624 -7.6186 10.3797 9.9525 0.5722 2.3372 -0.5091 10.7977 1.8577 -3.0117 0.8638 1.0811 9.5076 -6.2666 9.1486 3.4905 6.4168 3.8620 4.0047 7.3021 -0.9389 3.1950 11.9632 1.8169 21.2074 10.6439 0.4483 -1.6606 3.6795 1.5843 10.7764 -3.0571 1.3986 -6.3292 1.8912 -9.0096 -7.0288 -5.8779 0.0000 -1.1331
3.6930 -14.5739 -1.6139 -4.7748 -1.2816 -1.6397 -2.5116 -1.1829 2.8445 13.2572 8.5084 -10.0704 10.7355 7.0239 5.9708 2.1856 4.5644 10.0590 3.5259 -3.1536 0.3862 -1.1017 6.7946 -0.9968 5.2840 1.4531 2.7869 8.8239 -1.5107 5.9356 -16.4805 2.0741 20.5313 0.8835 14.6507 6.2150 -0.1239 -1.0044 1.1766 7.6980 12.3386 -3.3118 -0.4435 -2.1742 2.9804 -8.2410 -0.3184 -4.1592 0.0000 1.3664
3.1937 -6.9153 0.2783 -2.9338 2.3093 -4.4515 -0.5654 -0.3880 -0.5671 3.8478 5.8309 -5.9346 0.0462 2.1622 6.5262 1.4711 4.2793 7.5264 1.1036 -1.7514 0.0778 -1.1371 6.0059 7.3321 8.8912 -1.2303 3.6253 5.2329 3.1847 4.0671 -5.8529 0.0788 10.9252 -2.9516 5.5866 4.0581 -0.8217 -0.6667 4.3272 2.9801 7.4477 -1.8634 0.0574 -1.0787 3.1356 -7.8409 -7.1924 0.3378 0.0000 0.3573
6.5619 -1.8029 -1.6215 -1.1247 -2.4012 -1.3992 -0.8855 -0.9388 -1.4471 4.4103 0.4454 -6.5676 3.4382 3.6427 -0.5064 2.0814 0.9977 3.2543 1.7530 0.4886 -1.5874 0.5146 2.6762 2.0217 5.9733 2.9480 0.5348 0.4090 3.5049 2.9750 0.9631 2.1588 5.7552 0.0796 10.7431 7.6530 2.9422 -1.1488 1.8948 1.3115 9.1604 -1.5089 1.0567 -4.9153 3.6477 -1.8182 -2.9722 -4.6238 0.0000 1.1334
2.6013 -16.8225 -1.4699 -8.3106 -5.8168 -3.8102 -0.7811 -3.2016 6.3851 17.1744 11.6647 -11.7573 11.0666 8.0144 12.7873 1.8397 10.6746 15.1572 1.4668 0.6167 -0.5750 -1.3184 11.1752 6.0472 9.9915 -3.2943 2.9952 12.0529 5.4860 0.2913 -15.2831 3.6253 18.9113 -2.3878 6.2971 8.9427 -0.3949 -2.1746 5.9216 3.2124 12.0043 -3.5668 0.5600 -0.8401 2.8483 -9.9465 -1.9571 1.1786 0.0000 2.9404
8.5681 -6.7544 0.2534 -2.2926 -1.0894 -6.1645 -3.0741 -1.4917 2.5494 14.3036 2.4164 -6.0949 6.6653 10.9972 -5.3816 1.9417 4.5928 6.2540 5.5742 0.8980 3.0290 -1.3114 7.3296 -4.8239 4.5511 5.3328 2.5557 7.1134 1.1856 10.9336 -2.1574 1.4350 14.4715 4.1050 10.8583 8.4870 -1.5236 -0.8227 0.4963 3.5004 2.8858 -4.1077 -2.9086 -4.4570 0.7246 -6.6323 -4.1681 -2.4073 0.0000 1.1041
8.5861 -9.4313 -1.6941 -2.0949 -2.4819 -10.9768 -0.6491 -5.6715 -0.8822 14.2853 5.7477 -10.0930 5.1680 15.7881 -4.5132 -0.5422 -0.7131 8.5910 5.1097 -0.5914 4.5058 4.1660 12.5920 -3.4434 6.6999 6.6147 3.3080 6.1680 3.8484 5.0649 -2.0545 1.5206 19.8718 1.5297 17.2471 11.7139 -3.8294 0.8999 -0.4012 8.8901 10.0084 -1.5871 -1.4667 -4.8772 0.2783 -6.6944 -4.4680 -3.6676 0.0000 1.9644
7.6554 -9.9431 -0.5269 -4.9988 -1.9050 4.5838 -4.5927 -0.8057 1.9636 7.4631 2.5491 -6.5466 8.7147 1.6980 10.5193 0.2250 4.1844 3.2830 1.3358 -2.8180 0.6413 -0.9815 1.5923 3.9302 9.6627 -1.3844 1.0915 9.7531 4.3222 1.6046 -12.0219 5.3927 9.0275 -0.2533 6.7597 3.8438 -1.6145 -1.7771 5.9242 1.9000 6.5473 -1.7958 0.2768 -1.4372 1.9448 -4.9234 -5.9847 -1.2268 0.0000 0.3338
12.5752 -10.8385 -3.2951 -0.6203 -4.4568 -7.4554 -5.3271 -5.5212 3.2489 22.0294 7.2338 -13.8639 13.6443 13.8762 -2.1261 1.2260 5.7460 9.3189 2.1537 -7.2817 -0.1837 1.9212 10.4313 -6.6014 4.8384 7.9026 5.1885 7.1806 5.5166 10.1810 1.7433 3.4773 20.1724 2.1768 25.3238 19.8028 0.7144 -3.1556 1.2340 5.6861 13.8121 -1.5108 -1.2221 -9.4811 4.7439 -5.4355 -4.5170 -11.6257 0.0000 3.4205
5.6143 -5.0751 0.1296 -1.3746 0.6165 0.3082 -2.8579 0.3062 -2.4950 3.5022 -0.0005 -7.1681 1.5089 4.8400 2.9094 0.6903 4.6166 2.8736 3.5814 0.2306 1.2397 -0.0044 1.8905 1.1987 6.9561 0.9634 2.1314 4.6848 2.3556 4.8197 -0.0998 1.0024 11.7073 0.5164 9.2398 4.2085 -1.6590 -1.5374 1.8853 3.0732 6.8693 -5.4530 -1.3981 -2.6902 2.1799 -5.6291 -3.6263 -2.3274 0.0000 1.1019
1.3940 -7.2354 -1.6492 -2.3210 0.4866 -0.2779 -4.3931 -1.7219 2.6506 4.9622 1.8565 -3.7695 3.7524 7.3581 4.7169 0.7777 1.5195 6.2254 4.0019 -2.7593 0.2005 -0.0571 -0.5337 -4.2043 8.0377 1.0435 3.4761 4.8447 5.6814 6.5358 -0.2933 1.7717 7.2708 0.0583 11.2505 5.8383 -2.9408 -2.1226 4.0258 -1.4857 5.2560 1.8333 1.9700 -3.7701 0.9779 -2.2377 -1.0103 -1.6479 0.0000 1.4325
3.4011 -4.3006 -0.6939 -0.9044 -1.2070 -1.8915 -1.6644 -0.6010 -0.2097 9.1842 0.1687 -5.4503 3.4453 6.7126 1.3020 1.2802 2.6809 1.1880 1.2345 -0.7906 1.9331 -1.5203 4.7984 -2.1982 3.8686 0.6345 0.5577 2.4983 2.0799 3.2167 -2.3376 1.9902 10.1275 1.0090 8.0848 4.5863 1.9184 -1.8029 -0.0872 3.0225 1.3046 -4.1382 -0.7772 -2.5339 1.4938 -4.1148 -0.1504 -0.5159 0.0000 0.7651
5.9464 -9.1943 -0.3278 -3.0394 4.3348 -1.6667 -10.7658 -3.7403 3.5871 15.5958 6.6826 -1.6536 7.8843 5.2858 3.1996 0.0940 7.1000 9.3907 2.8252 -5.2433 -0.2231 0.0937 1.6722 -2.9106 16.8858 4.3198 7.6175 2.6531 13.5219 9.9318 -6.2349 13.6535 4.4275 -0.6310 20.5905 17.0075 -1.3278 -1.5984 3.9562 -0.6406 13.2936 0.3306 1.8941 -7.8414 3.1627 -1.9426 -15.8945 -8.5030 0.0000 3.3847
2.8773 -8.9190 -2.3928 -2.6690 -0.8925 0.3636 -3.5004 0.0089 3.8824 14.9978 0.1879 -3.5703 9.1341 10.4381 -1.8367 0.8668 6.2381 1.3647 -3.1380 0.9915 2.0494 -0.5127 7.6961 -8.4386 4.8853 1.9551 0.3792 5.3482 8.6572 0.2691 5.2581 3.2227 9.0866 0.9816 5.4458 4.8723 -0.6826 0.7864 -1.0935 2.6188 -3.7356 1.9831 0.2647 -6.0534 -1.5100 -2.5867 -3.0694 5.2332 0.0000 6.6785
9.8375 -6.3764 -1.4257 2.2015 1.3079 1.7198 -8.0767 -1.3852 2.2489 17.8787 3.2321 -5.7749 8.2533 4.9723 2.5856 1.3159 6.9919 2.5882 -1.4071 0.1118 0.6238 0.9515 4.4571 -5.1672 9.7151 2.2175 2.5071 5.9248 10.5143 1.7074 -2.3471 6.8113 6.0738 -0.7274 15.2464 16.1576 0.1072 -1.5406 2.5455 2.8338 3.1083 1.2010 1.1402 -7.1934 1.5387 -2.6804 -9.6947 -3.2614 0.0000 4.3854
6.4954 -8.0304 -1.6829 0.8725 0.5476 -6.1608 -12.1772 -2.7955 4.4093 18.4701 6.7366 -7.7997 6.0027 8.6020 -1.1776 0.9288 3.0567 4.4347 5.5446 -3.0290 2.4002 2.6553 2.0464 0.1782 11.5346 5.7760 7.6316 6.3675 7.5720 6.4101 -3.4220 5.5983 5.5682 1.2660 13.4543 11.1100 -1.9302 -1.8069 3.0866 2.1326 4.2342 -1.8381 1.7538 -5.7396 4.3795 -2.6788 -4.2231 -7.5354 0.0000 -0.1909
8.9734 -4.8806 0.1509 0.6120 -4.6452 -2.7408 -0.2821 -5.0384 2.9356 8.5236 2.9155 -8.0128 3.2813 7.7188 1.9427 4.3507 -4.1937 14.9948 5.3826 -7.2114 -1.9352 1.1697 7.4423 -1.4914 3.5133 1.8631 6.5489 -0.6943 -3.7547 7.7054 -2.5371 1.7187 15.2521 2.8339 19.7607 8.3290 1.6067 -5.1930 2.6781 1.4640 16.5088 -3.7924 -1.9298 -4.6688 3.1885 -2.4687 -9.8944 -11.9193 0.0000 -1.4340
4.9126 -8.0417 -0.8420 -4.2913 -2.1157 -1.6384 -0.6379 -1.7690 4.1643 7.2156 1.6099 -5.4640 6.9373 6.9908 2.3238 0.1831 6.9680 3.7871 -1.4072 -3.8267 0.4124 -2.4448 4.9926 -0.2523 6.6015 0.8091 -2.3820 10.3832 5.4102 2.7178 -0.7273 1.8144 10.6594 -0.4118 3.6106 5.0061 -0.5300 0.0626 2.5729 2.0759 2.3557 2.4113 -2.0298 -3.1722 0.3045 -1.5963 -0.7446 -2.0687 0.0000 3.7246
0.8440 -8.3659 0.2933 -5.6312 -0.0028 -0.5168 -1.8014 -0.3279 1.9905 6.6255 4.8705 -4.2476 6.1384 0.7501 2.2529 1.3079 5.4312 7.4258 1.9805 -0.6167 1.2778 -1.6808 4.9749 2.8234 3.7680 -0.3732 -0.1044 7.7617 0.3335 1.3695 -5.8306 5.2670 10.8521 1.3695 4.7152 4.9653 0.1661 0.1229 -0.5112 5.3719 8.2437 -1.4664 -1.3071 -1.6000 0.7618 -2.0140 -3.3089 1.2606 0.0000 2.8749
5.7129 -5.9963 -0.7900 -0.2798 -0.4886 -0.7115 -2.1084 -0.2701 -3.5071 5.7403 1.5613 -4.2192 5.4584 5.1188 -1.7701 0.1121 6.9551 1.3919 -0.0395 1.7430 1.4653 -1.2071 1.5329 -1.4004 1.1461 0.3650 2.4487 1.3589 1.4084 4.3328 1.2767 1.4192 8.4386 0.4744 6.7430 2.1837 -1.6513 0.3370 2.7391 0.2270 1.8817 -2.8787 -2.9930 -0.0384 4.6762 1.0038 -2.9727 0.9364 0.0000 2.8497
7.9258 -1.9453 0.8256 0.2159 3.8761 -2.3577 -8.8797 -1.8267 1.1391 9.9399 0.2590 -0.5916 -1.9352 1.1416 -2.6149 -0.3860 2.3185 5.5395 1.5188 -1.4954 2.4202 0.7854 2.5484 0.7257 8.6722 1.6826 8.2622 0.0759 5.6566 3.4650 0.2575 9.8127 2.4175 0.6082 10.5441 12.7762 -0.4801 -0.2189 1.5616 4.5556 10.9856 -1.0574 0.6604 -4.8158 0.2584 -0.0684 -17.6622 -1.6002 0.0000 -1.2283
3.6606 -9.0579 -0.3256 -2.8166 3.3305 -3.1415 -2.6523 -4.2899 1.2269 10.4569 3.0252 -5.0001 1.9452 19.1483 4.0511 3.6413 -3.1039 7.4033 11.5018 -1.3656 -0.6133 0.8500 8.1217 -3.9700 9.0563 1.5155 5.2456 2.3244 10.5632 4.8922 -8.9144 2.7006 14.8632 3.3678 17.8890 15.9204 -0.9873 -6.3812 3.0550 3.7373 5.1263 0.0315 -0.8576 -10.4103 -2.3254 -5.5082 -6.0618 2.5273 0.0000 2.3624
2.5427 -3.1794 -0.1664 -0.3560 -1.8695 -1.9956 -2.5805 -2.5988 0.2171 10.9802 -1.6549 -0.9777 0.9802 4.4330 -3.2236 0.5288 3.8192 4.3134 1.8008 0.2172 5.7864 0.0997 4.7778 -0.0318 3.0060 0.4690 4.1756 3.7905 2.4206 1.0085 3.4112 0.5937 6.1658 -0.0490 4.0241 3.2752 1.7016 -2.2341 1.2295 1.0613 0.8858 1.8099 -1.1952 -1.5322 -2.5247 -1.4223 -4.7149 -2.0229 0.0000 0.2303
11.4076 -6.8243 -1.9249 -0.7843 -4.4380 -2.9150 -6.4501 -4.6417 5.9222 20.4897 6.5149 -12.4780 12.6022 7.6493 2.8846 -0.4895 0.4810 13.2998 3.6809 -2.1794 -1.8201 3.0425 5.4533 -1.0305 12.1580 5.3231 10.0996 2.0402 3.4868 14.4228 -9.6375 7.5997 16.5863 2.3452 25.5351 15.3094 1.7908 -4.6325 3.9467 4.8822 20.5917 -7.0129 3.4081 -4.7897 8.3100 -4.2215 -8.3091 -14.9632 0.0000 0.3093
9.4088 -5.3720 -4.0096 3.2743 3.6245 -5.2461 -13.7136 -4.4032 1.6264 21.8998 3.8190 -7.2825 6.3215 6.5631 -1.3682 -1.4078 7.7038 5.0465 -0.6613 -0.9768 0.2111 2.7913 4.7963 -1.4225 13.0372 3.7990 5.8592 0.3245 14.2289 4.9056 -1.1494 13.7077 5.3275 -0.4210 18.2699 21.3582 -2.8549 -0.7508 2.2489 3.0121 10.3291 -1.3108 1.8068 -8.7596 2.3678 -0.9457 -13.0269 -3.4453 0.0000 1.1124
1.6812 -1.9331 -0.3044 -0.5475 -0.0930 -0.6606 -1.0639 -0.6157 0.3779 3.1874 0.8172 -1.9028 1.4579 1.9396 0.3272 0.2718 0.8655 2.0874 0.8575 -0.3970 0.2395 0.2378 1.6390 0.0104 2.4522 0.7298 1.1307 1.1946 1.3189 1.5428 -1.1463 1.2316 3.3888 0.2351 3.7823 2.7406 0.1078 -0.5974 0.5991 0.9994 3.0013 -0.5478 -0.0512 -1.2615 0.5685 -0.9590 -2.0046 -1.1393 0.0000 0.5239
0.1507 -0.0235 0.0000 -1.5380 -2.0789 12.3476 -0.7352 -8.4240 4.2071 0.0000 -2.6731 4.4849 3.2949 1.9173 4.0732 2.3682 -10.3163 0.4749 4.7712 14.1381 0.2104 0.0000 -5.2666 0.0159 -2.3024 0.5745 0.4474 -0.7797 4.2111 0.0997 6.0165 1.4959 6.0266 -0.0929
-4.5790 -1.1386 0.0000 0.6200 -4.7630 24.3992 1.7281 -15.4127 10.8864 0.0000 -14.0030 8.6640 6.0883 12.7738 8.0920 12.7453 -11.2758 0.5352 4.9607 23.4969 0.2892 0.0000 -4.0332 -1.5820 -3.7817 2.0689 1.2823 -1.6018 18.6190 4.0047 -0.4493 4.0261 9.3443 2.0011
-0.3680 0.3620 0.0007 -0.0011 -0.1474 1.2885 0.3902 -0.4412 1.2067 0.0000 -0.0272 0.0491 1.6594 0.4415 0.8480 -0.4250 -1.0938 0.0000 0.7311 0.8081 0.0000 0.0000 -0.8170 0.0000 -0.1531 0.3537 -0.1250 0.6040 0.4073 -0.2128 -0.4603 0.1192 1.2829 0.0000
-5.4076 3.3415 0.7555 0.5844 -5.2579 27.5773 -0.5918 -20.3890 24.4443 0.0000 -7.3585 14.1799 11.9916 11.7629 22.6654 5.4200 -29.6317 1.8086 -0.0381 30.9894 0.9494 0.0000 1.1360 -0.6044 -3.6740 3.8000 -0.7163 -7.7030 15.5817 1.1116 3.3068 1.2153 16.2396 1.4856
-9.4523 -3.4918 0.1179 2.1056 -11.8352 42.9630 6.1443 -22.4602 25.1539 0.0000 -13.3514 11.8760 14.5377 14.5845 14.4315 14.9342 -31.6230 0.6936 6.5864 48.3480 0.4510 0.0000 0.8988 -1.4041 -5.9589 0.8691 1.7855 -8.5636 23.5570 5.0616 11.8155 0.1619 7.9310 2.2741
-0.1502 0.0625 0.0000 -2.1524 -1.3932 7.5235 0.1885 -5.2611 2.5255 0.0000 -3.1212 0.7593 0.2741 -0.1609 3.0230 2.1650 -2.5660 -0.0104 0.0000 3.5698 0.0000 0.0000 0.2239 0.0000 -1.4464 0.3851 0.4383 -0.0674 1.9492 2.8799 1.6849 0.6891 3.8412 0.0000
-1.5847 -0.3147 0.0000 0.1738 -5.9508 10.8831 3.0151 -5.2349 3.9573 0.0000 -2.8914 0.8569 2.2140 2.7209 3.6601 2.9614 -3.8152 0.0000 1.4023 10.3479 0.0072 0.0000 -2.3535 -0.2265 -0.9240 0.4580 -0.2197 8.2198 5.2264 2.6510 2.7438 0.2530 1.8027 0.0737
-2.0570 -0.0134 0.0066 -0.2800 0.0000 6.3647 -0.7182 -3.3251 6.4362 0.0000 -1.5218 5.3717 3.2570 2.3832 6.6604 2.7998 -7.6389 -0.0125 -0.0241 11.2793 0.0293 0.0000 0.7140 0.0338 -0.9397 0.0000 0.0000 -6.5453 2.2336 -0.0705 0.2212 0.7332 4.5903 -0.0306
-4.5231 -0.5851 0.2677 0.3433 -4.8028 30.7283 1.7467 -11.7586 13.0329 0.0000 -9.8613 15.1200 5.3144 9.1337 12.7112 12.1238 -13.2958 0.4401 2.3178 23.3813 0.2989 0.0000 -1.5725 -1.5185 -6.3287 0.2834 -0.3277 4.4916 7.6626 4.8696 11.3118 -2.2856 2.8500 1.0114
-5.4007 -7.0890 0.3197 5.1098 -2.8977 20.0493 10.3955 -14.3677 14.0006 0.0000 -6.9722 10.1250 8.7620 23.1070 8.6998 15.0649 -18.6702 -0.1274 4.3352 39.1700 0.0000 0.0000 3.5475 -1.1312 -1.7313 0.4168 1.9470 -8.8747 25.9045 5.9455 -2.8523 2.5689 -0.2598 0.5207
-0.3804 0.0127 0.0000 -0.3510 -1.1496 5.0519 -2.8689 -0.6022 0.2567 0.0000 -2.1793 1.4411 1.0765 -1.5208 0.8607 0.5560 -1.6093 0.0000 4.4954 3.1081 0.0000 0.0000 -2.7395 -0.5883 -1.5952 0.0000 0.1423 0.8546 0.0820 -0.5965 5.2865 -1.1391 -0.6724 0.2155
-7.2387 -0.9103 0.7642 -1.9178 -9.7438 36.9067 3.7904 -27.9165 24.1632 0.0000 -10.1853 13.6822 19.8215 23.1355 17.4659 4.8412 -30.6014 0.4765 6.3363 43.9466 0.3886 0.0000 -4.4447 -0.3008 -3.1657 1.5899 -0.6730 -8.5220 21.7993 4.7930 -3.8653 4.6912 21.5229 -1.2951
-11.0416 -6.1069 0.3984 1.5730 -16.5522 56.7927 12.8271 -32.3713 32.7229 0.0000 -15.8351 16.5268 20.3167 28.5756 18.3742 19.2378 -47.1277 0.1557 5.9467 71.1214 0.2739 0.0000 4.8979 -1.6150 -6.7384 2.0331 1.3021 -11.0756 36.9867 8.2295 9.6479 2.0458 9.8345 0.4615
-1.4777 -1.6961 0.0000 -1.9593 -2.7112 12.0873 4.3851 -9.4915 5.1414 0.0000 -5.5524 8.1731 5.9063 7.7684 6.2313 6.8863 -11.1531 -0.0322 3.7353 21.1978 0.0487 0.0000 -2.7238 -0.1763 0.6558 0.7372 0.0565 -8.4713 12.6266 4.8533 0.9852 2.3847 6.0366 0.3420
-3.6181 -1.3520 0.0454 1.8361 -5.1267 12.9962 2.1429 -7.4896 10.0713 0.0000 -4.9396 2.6998 7.6937 8.1519 9.1154 3.5859 -6.0005 -0.0119 1.7355 11.6684 0.0904 0.0000 2.4062 -0.9361 -2.8250 0.1573 -0.0599 0.3273 6.0312 0.8531 0.1443 1.1723 5.7788 1.2684
-1.8473 1.6844 0.0000 -1.6779 0.3488 12.0663 -2.4137 -8.6493 8.5155 0.0000 -1.4004 5.5413 0.6230 3.9978 9.2187 2.0965 -15.4668 1.8191 -0.0423 13.4212 0.8452 0.0000 0.5589 0.1133 -1.9106 0.7982 -0.6860 -5.8507 2.8596 -0.9979 2.1335 0.0099 6.9873 0.8286
-5.6272 -1.6116 0.4156 -1.1863 -4.0561 31.5052 3.2130 -20.6893 21.2288 0.0000 -9.4669 24.7293 13.5438 17.4096 25.6523 14.9156 -30.9379 1.2269 4.8915 44.1692 0.5977 0.0000 0.0845 -0.6836 -5.6135 1.2665 -0.1523 -11.6842 17.5990 1.8780 8.9836 1.4611 9.6957 1.4023
-2.5748 0.0000 0.0000 -0.8141 -0.1284 13.5788 -1.2554 -9.6043 9.2783 0.0000 -3.2908 8.4662 4.1965 2.7995 7.9266 5.0866 -13.1113 0.6709 0.9312 18.3785 0.3341 0.0000 -0.6417 0.1348 -1.1231 0.3714 0.0000 -11.3214 4.1099 -0.2383 2.4455 0.3038 7.7183 0.7673
-0.3507 -1.6555 0.0121 -0.9216 -2.2586 9.2811 4.0515 -8.6609 3.8576 0.0000 -3.1492 -0.7456 3.1751 13.4104 1.4424 1.4318 -6.4680 0.0000 0.2676 9.8855 0.0224 0.0000 0.8125 0.0000 0.4221 0.0000 0.0178 -4.1864 10.8324 2.0562 -5.9926 1.3342 2.2876 -0.1706
-0.5709 1.1159 0.3306 0.0000 -0.6151 10.2549 -1.4217 -7.4666 8.7336 0.0000 -1.7937 5.5347 2.1912 2.8961 4.2473 1.0799 -8.7036 1.5471 0.2163 8.6274 0.6920 0.0000 -0.7642 0.0466 -1.7995 1.4247 -0.1966 -4.3136 4.0984 1.9198 1.3637 1.0834 6.2730 0.8689
-2.0451 -3.0250 0.1104 2.2115 -3.1288 8.6673 7.1843 -1.6129 3.7286 0.0000 -1.8983 0.4776 4.6516 0.2326 -5.5423 5.2390 -5.7736 -0.0941 4.0202 17.0716 0.0000 0.0000 -1.3579 -0.2388 0.2179 0.6071 2.0537 -4.9571 14.9000 3.3675 5.4524 0.4136 -1.2922 -0.0177
-0.1488 -2.3835 0.0000 3.3462 -0.9216 3.1843 2.6116 -2.4501 2.5939 0.0000 -0.9046 -0.6483 2.4286 4.0211 -2.7754 2.2344 -0.3654 -0.0100 1.3733 7.3886 0.0000 0.0000 -0.5798 -0.3804 0.0516 0.0767 1.4258 -3.0537 6.5784 3.5194 0.1096 0.4323 0.6520 0.7476
-1.4545 -3.8360 0.2807 1.3695 -0.5174 27.1172 3.8947 -17.7734 15.4999 0.0000 -4.3879 14.1140 5.1150 17.8750 11.1636 13.1085 -20.4012 1.5208 1.4273 34.7901 0.7065 0.0000 2.1343 -0.9721 -4.9797 0.3419 0.3784 -5.8541 15.4819 8.0067 4.7627 -0.0783 6.4491 0.3591
-8.0308 -2.5669 0.5677 0.9191 -17.7254 67.8371 11.6722 -40.3851 36.9844 0.0000 -14.9119 18.0809 19.4811 24.6042 21.7228 16.1439 -44.8341 1.7643 3.0905 63.6172 1.0030 0.0000 -7.4773 -0.9206 -7.2820 4.7085 -0.6035 2.0459 31.8487 9.8981 22.0533 -0.8948 16.9350 3.3909
-2.6064 0.8698 0.1975 0.3352 -2.9762 10.6255 3.1625 -5.8764 7.2914 0.0000 -3.4209 2.0817 4.7561 6.2325 7.4390 2.7796 -8.8857 0.1986 0.0005 6.9493 0.2147 0.0000 1.6052 -0.3467 -2.1555 1.0262 -0.2910 2.8036 4.5300 0.4592 -0.2425 1.0557 4.7783 0.2886
-0.0378 -1.5514 0.0000 1.1096 -0.7668 6.2689 0.3389 -2.7809 2.7798 0.0000 -0.9346 -0.6594 0.5087 4.0898 -0.0170 1.2687 -2.3349 0.5016 0.0096 4.0546 0.2452 0.0000 -0.0526 -0.2438 -0.6156 0.7288 -0.3449 3.0186 2.8293 3.1096 0.4703 -0.4543 1.6177 2.2414
-1.4945 0.0240 0.0000 0.4304 -5.4129 14.5878 -2.1340 -11.9443 8.7423 0.0000 -8.3768 2.9982 6.2288 9.1994 7.8998 6.0681 -9.0065 0.0850 3.9550 13.1200 0.0513 0.0000 -4.2280 -1.0010 -1.9991 1.4249 1.6060 -1.4426 11.4805 1.0383 -0.3114 2.0353 8.0390 0.5411
0.0809 -2.8499 0.0000 3.8735 -1.2895 4.4070 3.4257 3.2119 1.4087 0.0000 -4.0727 1.4271 -0.1606 2.8287 -0.1583 4.5582 5.6105 0.0000 0.0000 2.4526 0.0553 0.0000 -0.0982 -0.6304 -2.2896 0.0000 -0.5429 6.1130 1.8209 5.7630 3.3515 -0.0889 -1.1672 1.0190
-1.8879 0.2283 0.0000 -2.8441 -2.4059 23.3512 -1.5107 -10.7324 6.1218 0.0000 -4.5229 7.0465 1.3309 0.0801 2.8119 3.5841 -10.8393 0.8496 1.6150 18.1380 0.3912 0.0000 -2.3609 -0.3268 -3.3236 0.3011 -0.1933 1.6011 3.4288 5.8941 9.7553 -1.4453 3.7272 1.0562
-0.0063 0.0409 0.2524 -0.0102 -1.2694 7.9394 1.0014 -3.3599 4.6821 0.0000 -3.2382 2.1139 1.8795 3.7483 3.6417 1.3921 -7.2044 0.0000 1.1884 7.2144 0.0000 0.0000 -0.4574 0.1128 -2.1200 0.0000 0.4740 0.8846 2.4644 0.2143 1.4528 0.5551 2.1531 -0.6123
-1.0222 -0.9375 0.0000 0.6602 -5.6657 4.6949 3.8465 -2.0217 1.6943 0.0000 -5.5446 4.1208 3.6929 2.9849 6.4577 4.1277 -2.7580 0.0000 2.8373 10.8280 0.0258 0.0000 0.6237 -1.3002 -0.9330 0.0000 -0.4082 2.6116 7.1508 1.7403 1.2068 0.5959 1.7723 -0.3749
-1.1303 1.9191 0.0000 0.0912 -2.2524 6.5476 -1.3150 -6.3349 6.3473 0.0000 -1.6740 2.1625 2.9994 3.8994 7.0905 -0.0406 -6.0102 0.8224 0.2386 4.3823 0.4198 0.0000 0.4810 -0.4084 -0.0922 1.6313 -1.2005 1.0884 2.1892 -0.6409 -0.1376 0.0571 4.4271 0.7663
-1.5564 -1.4339 0.2610 -0.6160 -0.3518 23.1831 -0.7517 -12.8181 11.7587 0.0000 -6.0064 13.7449 4.1922 9.2908 10.5949 8.6571 -20.2255 1.2517 4.0402 29.5362 0.5636 0.0000 -1.5537 -0.1877 -4.0663 0.0476 1.1003 -7.3361 9.6204 3.1006 7.5455 -0.0962 6.4208 1.0436
-0.3676 -0.2328 0.4300 -2.8410 -0.1804 12.9034 -1.2668 -8.7572 6.3069 0.0000 -5.4998 9.5495 1.4277 4.5919 10.6499 5.0732 -6.5713 0.0000 -0.0067 9.9384 0.0000 0.0000 2.2608 -0.1151 -3.5135 0.0000 -0.2565 -4.6376 2.8529 2.7547 4.0993 -1.7264 3.1412 -1.4000
-6.8034 -2.7236 0.7057 -3.3225 -13.6758 44.1141 7.8802 -29.3454 28.6566 0.0000 -14.7794 14.7159 17.6307 26.3616 28.5057 8.9000 -37.0661 0.5592 4.3699 50.0883 0.4309 0.0000 0.2817 -0.5960 -5.0646 0.4868 -1.1452 -6.5126 22.4309 7.8456 -0.9715 5.2623 20.9678 -1.7935
-4.6065 1.1473 0.3784 -1.2084 -2.7054 12.6754 0.8221 -7.8879 11.1914 0.0000 -2.0656 7.3387 9.9227 5.0341 11.1803 1.6307 -18.2015 0.3114 -0.0038 20.6944 0.2995 0.0000 0.7557 -0.3088 0.0298 1.2246 -0.4685 -6.7294 8.1072 0.3460 4.3956 -0.2792 7.9824 -0.0622
0.0000 0.9872 0.0000 0.0000 -0.1917 5.8989 0.0130 -2.9405 3.6305 0.0000 -0.4296 2.2347 0.3194 2.0167 3.2426 1.1333 -4.3022 1.2220 0.2203 4.0499 0.5630 0.0000 -3.1325 0.0000 -0.8082 0.7697 -0.6750 3.3408 1.3344 -0.4177 3.9660 0.0284 2.1358 0.8059
-0.0574 -0.0592 0.0000 -1.4311 -0.0938 3.6255 0.9047 -3.1700 0.9045 0.0000 -0.5292 -2.5170 1.1769 0.2655 -3.0710 -0.5009 -1.9334 0.0000 0.0032 4.3739 0.0000 0.0000 0.2115 -0.0279 -0.1649 0.0000 1.3678 -0.3373 2.8411 1.3473 0.4364 0.2519 1.1415 0.1051
-3.8897 -2.1417 0.0000 -0.6703 -2.4691 26.2617 2.8721 -14.0830 13.3778 0.0000 -9.8423 21.2129 6.1961 10.7271 21.3582 17.7310 -16.5392 0.1618 2.2825 33.1040 0.1438 0.0000 0.7035 -0.9546 -4.5631 0.5828 -0.3551 -3.6413 9.5774 6.8633 12.5720 -1.0772 5.8094 1.3961
-1.2753 -0.1916 0.4069 -3.5292 -2.5409 19.2266 -1.0432 -11.3749 9.7201 0.0000 -5.4222 13.5233 7.3923 6.3926 14.4012 4.6004 -16.4595 -0.0273 5.9803 24.8365 0.0000 0.0000 -5.0076 -0.1967 -3.0035 0.1610 -0.2234 -6.6446 7.3317 4.0973 6.4705 1.2373 9.5584 -2.8923
-2.7030 0.3932 0.3973 -1.2127 -9.1102 26.1564 -0.0630 -18.0542 18.6739 0.0000 -4.0875 7.6455 13.4254 6.9339 9.4537 0.6767 -24.3339 1.0369 4.0851 31.8352 0.5702 0.0000 -1.8727 -0.1577 -2.3264 0.8082 0.7329 -10.7733 14.2857 4.3956 8.8862 -0.0618 11.2765 -0.0106
-0.2085 -0.0077 0.0305 -3.4582 -0.5146 11.9598 1.1460 -10.4346 4.1170 0.0000 -1.2088 2.3984 1.8713 4.8648 -1.7495 0.5012 -7.0205 0.0000 2.2955 12.3961 0.0024 0.0000 -2.2425 0.2291 -0.8482 0.0000 0.0000 -5.0710 4.4935 4.3551 -0.6122 2.5350 7.9051 -1.5036
-1.8682 -1.4163 0.3934 0.2939 -0.0000 7.4963 2.6262 -4.1018 6.7959 0.0000 -1.0388 3.5633 4.7081 2.5931 4.8382 1.6478 -8.4825 0.5844 1.0731 13.0450 0.2682 0.0000 0.5403 0.0512 -1.5632 -0.0952 0.6313 -1.8330 5.2461 0.2960 1.9087 0.0979 3.8725 0.6404
-0.1046 0.3761 0.0000 -2.5921 -1.5497 8.6041 0.0668 -4.9721 2.3761 0.0000 -4.6341 2.6300 1.2802 3.5766 6.8764 2.5081 -3.6929 0.5095 0.0597 5.9464 0.2737 0.0000 0.0294 -0.4929 -1.4747 0.2672 -0.5847 5.5009 3.0510 3.6601 -0.8033 0.5418 5.7012 0.4955
-1.6494 -0.1432 0.5682 -1.9218 -0.2377 14.7765 -0.4102 -5.8322 8.2336 0.0000 -2.2974 4.5679 2.5202 3.6122 6.1041 0.7892 -11.8146 0.4485 0.5536 15.1061 0.1905 0.0000 -1.6772 0.0673 -4.1671 -0.0676 0.0000 -0.6690 1.8431 1.3071 2.6291 1.4973 8.1301 -0.6903
0.1027 -2.4564 0.0000 1.9790 -0.4754 3.6498 0.0403 0.4798 1.7384 0.0000 -1.0289 0.6545 0.0138 1.8862 1.8905 3.4535 -0.6522 0.2388 -0.0002 3.9789 0.1045 0.0000 -0.4676 -0.3209 -0.3238 -0.0360 -0.0248 1.9368 0.7497 1.3632 4.8380 -1.4641 -2.7830 2.0661
0.1447 0.0000 0.0000 0.3046 -3.0299 5.9138 2.7338 -3.0201 2.1959 0.0000 -2.9228 -1.9877 2.4541 1.9071 -1.1660 -0.0980 -5.4312 0.0000 1.5218 6.0695 0.0494 0.0000 -0.6866 -0.2588 -0.5043 0.0000 0.7398 -0.4771 5.7657 2.0377 0.2147 0.8677 2.9093 -0.6925
-3.9344 -4.3056 0.4193 0.7245 -5.8450 38.7336 7.0424 -22.2995 15.9362 0.0000 -9.6574 14.7581 7.0494 24.0789 8.8064 15.2180 -20.8504 0.2881 5.6488 41.4281 0.1460 0.0000 -4.8713 -0.9522 -4.6778 2.2571 0.5748 0.9863 23.8463 6.4467 9.2869 -0.2719 -1.1361 0.5363
0.0000 0.0000 0.0000 0.0000 0.0000 0.0000 0.0000 0.0000 0.0000 0.0000 0.0000 0.0000 0.0000 0.0000 0.0000 0.0000 0.0000 0.0000 0.0000 0.0000 0.0000 0.0000 0.0000 0.0000 0.0000 0.0000 0.0000 0.0000 0.0000 0.0000 0.0000 0.0000 0.0000 0.0000
-2.5320 0.1864 0.0590 0.4988 -0.4598 11.0938 -1.5918 -4.6326 7.7367 0.0000 -1.5114 6.5263 4.3507 1.1618 5.8296 1.8554 -7.0811 1.3560 -0.0004 10.0811 0.7095 0.0000 0.9538 -1.0179 -3.1549 0.3050 -0.8590 -0.3933 1.9160 1.6257 1.1394 -0.4653 7.6934 0.6057
-0.1585 -0.0747 0.0208 0.0059 -0.2207 0.9611 0.1692 -0.5246 0.5675 0.0000 -0.3095 0.3859 0.3821 0.4331 0.4957 0.2804 -0.7476 0.0224 0.1290 1.0896 0.0149 0.0000 -0.0969 -0.0229 -0.1286 0.0408 -0.0112 -0.1009 0.5445 0.1778 0.1583 0.0527 0.3868 0.0437
5.1463 -2.0859 -8.1274 -2.5633 8.8860 -0.0756 -4.7830 -0.4964 -2.5873 6.6867
0.2798 -2.0046 -0.6420 -0.1473 2.9953 -1.7925 -2.9953 0.0000 0.0000 4.3066
0.0000 -0.7461 0.0000 0.0000 0.0000 0.0000 0.0000 0.0000 0.0000 0.7461
6.9131 -0.4298 -1.6965 0.4298 0.0965 0.0000 -1.8124 -5.4146 0.0000 1.9139
-0.5931 -2.5074 -6.4572 3.0618 0.5858 -3.7521 3.7660 -1.7103 -1.1756 8.7822
10.2727 -40.8144 -19.5036 21.5718 11.4956 -50.0033 -16.7562 -39.4253 -2.6022 125.7650
9.9778 -18.1021 -15.8746 -5.1577 18.2319 -14.7114 -8.9805 -16.4452 -4.4301 55.4920
10.4553 -19.5391 -13.8242 22.2013 2.5486 -28.2142 6.9900 -20.1418 -5.3303 44.8543
-6.3468 -13.2447 -6.8019 -3.5408 0.3239 -9.9643 2.7172 -10.7193 -5.8299 53.4068
0.0000 0.0000 0.0000 0.0000 0.0000 0.0000 0.0000 0.0000 0.0000 0.0000
-0.1677 -9.7326 -2.0002 -6.5467 1.4471 -7.4194 -0.2861 -7.9439 -1.8655 34.5151
2.0881 -15.1995 -1.9510 6.0772 0.9510 -5.7917 -8.8525 -7.4664 -2.1360 32.2810
4.8442 -6.2460 -7.9271 -3.3891 3.8256 0.0000 -1.1642 -2.7056 -3.2798 16.0420
5.7406 -36.2944 -16.7173 -15.6952 18.1571 -23.0766 -7.2816 -40.0931 -18.0136 133.2740
7.9775 -15.4758 -8.3314 -12.8440 -1.8996 -29.1960 -5.9446 -28.5961 -0.5649 94.8749
9.1971 -3.6810 6.5621 -0.3377 1.8031 -8.3941 -5.7872 -8.3464 -0.8544 9.8386
0.9538 -18.0013 -7.3636 6.5296 17.3624 -11.3910 -10.1910 -16.4752 -10.5889 49.1651
0.0000 0.0000 -0.2867 0.0000 -2.3118 0.0000 0.0000 0.0000 0.0000 2.5985
0.0000 0.0000 0.0000 1.3717 -0.5736 -2.1651 0.0000 0.0000 -2.4124 3.7794
-0.1560 -19.6521 -4.9727 -1.4464 6.5091 -9.5582 -9.8041 -11.6493 -9.1970 59.9267
0.0000 0.0000 0.0000 0.0000 -3.0253 0.0000 0.0055 -0.5876 -0.0055 3.6130
0.0000 0.0000 0.0000 0.0000 0.0000 0.0000 0.0000 0.0000 0.0000 0.0000
6.0034 -1.9785 -1.5606 0.8777 3.5437 -6.3701 -1.1623 -3.3457 -0.5591 4.5516
2.0865 -0.3952 0.0000 -1.0831 1.0010 -1.0010 0.0000 0.0000 -0.5198 -0.0885
0.5562 -3.3409 -0.0619 0.4651 -0.3525 -2.9015 -1.0747 -3.4804 0.0000 10.1906
0.0000 -0.1738 0.0000 0.1738 -1.8160 -0.5255 0.0000 0.0000 0.0000 2.3415
1.2186 0.0000 -0.2067 0.0000 -1.0119 -1.0425 0.0568 0.0000 -0.0568 1.0426
12.0283 -6.7433 -3.5539 -2.7014 5.4966 -14.2550 -5.9710 -20.7126 3.7296 32.6826
4.6867 -30.2104 -25.3050 11.4973 32.4723 -30.2537 -6.9464 -33.3101 -10.6276 87.9969
3.6382 -12.7606 -0.8872 11.2168 -5.3752 -6.9714 -3.9297 -11.4155 -1.5169 28.0014
-2.4074 -29.6744 -29.2879 3.9809 7.2247 -26.9939 -1.8233 -15.9684 -7.3457 102.2953
0.0000 -4.4277 -1.5392 -1.1068 3.6778 -0.8707 -1.6317 0.0000 -0.4071 6.3054
-8.3093 -10.7829 -18.2015 5.1928 -2.9109 -16.2257 3.6466 -23.9081 -10.4115 81.9107
1.4942 -0.1995 -0.0300 0.2627 -1.3835 0.0000 0.0000 -2.0245 -0.1793 2.0599
0.0339 -0.1186 -0.0847 0.0000 0.0678 -0.1356 -0.0030 -0.1356 -0.0479 0.4237
