A 83167602 83167658 83167811 83168092 83168134 
DLcrZ 83167530 83167567 83168172 83168213 
Dvj 83167463 83167907 83167936 83167946 83168204 
EDrXxUzVOy 83167408 83167422 83167434 83167495 83167522 83167528 83167654 83167683 83167689 83167726 83167847 83167867 83167959 83167974 83167990 83168001 83168090 83168114 83168116 83168137 83168205 83168212 83168272 83168287 83168317 83168319 83168346 
FeFwXarPP 83167518 
GPLOEbC 83167498 83167570 83167640 83167763 83167778 83167791 83167906 83167954 83167960 83168021 83168043 83168266 83168291 
HJzcW 83167541 83167987 83167992 83168065 83168126 
IeOQl 83167479 83167714 83167888 83167919 83168050 83168257 83168285 
IxEacMS 83167409 83168106 
JyLirkDAuv 83167433 83167489 83167681 83167785 83167905 83167973 83168104 83168228 83168329 83168381 
KELll 83167748 83167749 
KlQcFdjm 83167494 83167891 83168113 
LPskwaaHO 83167668 83168136 
LSYdwp 83167407 83167665 83167815 83168009 83168148 83168160 
MTYl 83167499 83167553 83167616 83167645 83167745 83168115 83168122 83168284 83168389 
NBxUVimpf 83167519 83167605 83167628 83168192 
NLibPUfhG 83167423 83167579 83168252 
OlhmXZReqI 83167865 
Owvpp 83167448 83167586 83167874 83167915 83168056 83168316 
PVK 83167590 83167742 83167789 83167860 83168128 83168234 83168271 83168309 83168361 
Pi 83167580 83167671 83167691 83168039 
T 83168343 
TtRSxpi 83167625 83168269 
Ueb 83167617 83167869 
Vwuk 83167589 83167712 
WB 83168397 
WNqhh 83167856 83168127 83168138 83168294 
XFJPoPjFiS 83167569 83167587 
YNz 83167719 83167776 83168195 
YVJU 83167613 83167835 83167836 
YzVpp 83167464 83167517 83167572 83167759 83167868 83167985 83168017 83168085 83168100 
aRyVInZ 83167614 83167921 83168193 
bDLkuXec 83167438 83168169 83168222 83168374 
bxoYgAa 83167652 83168261 
chEFIxHfB 83167533 83167983 
cmCmg 83167512 83168099 
d 83168163 
eRMojekpn 83167659 83168131 83168178 
eUjABVKd 83167717 
ffjO 83167412 83167731 83167768 83168025 83168049 83168063 83168278 83168360 
ffjl 83167452 83167606 83167607 83167746 83168328 83168330 
fiBMullzB 83167618 
g 83167417 83168362 
hlQyqQey 83167822 83168171 83168216 
kLG 83167535 83167650 83168341 
lQfO 83167506 83167863 83168005 83168135 
lc 83167500 83167577 83167881 83168231 83168288 
lelcp 83168098 
lnng 83167478 
oW 83167897 83168029 
p 83167551 83168400 
p 83167633 83167812 83168401 
p 83168350 
qd 83167760 
r 83167718 83167926 83168142 83168308 83168315 
rDKPzVjv 83167584 83167598 83168141 83168209 83168250 
rpDsOPLEEY 83167556 83168191 
skOqOG 83167624 83167821 83167880 
uKKMjza 83167943 83168270 
vCCrU 83168235 
vOmxkLhKUD 83167751 
wK 83167470 83168096 
wnPve 83167477 
xBVyotRt 83167447 83167532 
xKtTXuQWY 83167764 83168060 83168349 
xthHBg 83167623 83168229 
zLbfAsu 83167773 83167920 
zrRzSD 83167971 
