A 30535243 30535337 30535780 30535872 30535935 
AsBHTL 30535231 30535253 30535447 30535469 30535535 30535542 30535730 30535757 30535758 30535773 30535857 30535890 30535900 30535913 30535916 30535945 30536050 30536065 30536114 30536125 
BEowsE 30535263 30535800 
BIktAyE 30536110 
BkUhTG 30535490 30535634 30535638 
CLEp 30535286 30535313 30535494 30535563 30536053 30536103 
COuLJqStQ 30535176 30535197 30535199 30535209 30535212 30535284 30535331 30535336 30535360 30535410 30535439 30535451 30535462 30535487 30535533 30535548 30535589 30535601 30535602 30535618 30535625 30535636 30535653 30535678 30535686 30535688 30535754 30535771 30535777 30535816 30535827 30535833 30535855 30535862 30535869 30535871 30535886 30535893 30535930 30535949 30535994 30535998 30536029 30536057 30536092 30536142 30536145 30536149 30536153 30536160 
CRcspOGEOz 30535324 30535409 30535431 30535479 30535498 30535674 30535745 30535801 30535923 
Cx 30535182 30535246 30535368 30535541 30536037 30536040 
EKTUM 30535185 30535271 30535290 30535596 30535616 30535659 30535854 30535917 30536060 30536077 30536083 
FJnurE 30535265 30535309 30535482 
GGKVDHW 30535497 
IJ 30535606 30535864 
Jme 30535584 30535611 30535614 30535741 
Jo 30535328 30535997 
NAwRwH 30535207 30535433 30535529 30535667 30535770 30535794 30535835 30535836 
NLKSaGfnwr 30536112 
NeWWk 30535377 30535414 30535504 30535809 30536130 
NhFydGZsF 30536010 
OERfTq 30535408 30535921 30536148 
Qyg 30535233 30535526 30535716 30535831 30536163 
RhT 30535483 
TJTFJleCl 30535219 30535293 30535296 30535510 30535811 30535856 30535981 30536117 
U 30535200 30535229 30535262 30535310 30535333 30535373 30535438 30535572 30535615 30535648 30535728 30535733 30535799 30535802 30535832 30535834 30535838 30535851 30535973 30536071 30536108 
UmMU 30535188 30535196 30535264 30535459 30535883 
VaaDTuKZr 30535363 30535430 30535644 30536011 
XPngSAbb 30535198 30535412 30535587 30536036 
Yoemon 30535559 30535597 30535655 
ZlrOabmdb 30535537 
ZnYsLZ 30535705 30535861 30535877 30535898 30535961 
ZoJL 30535354 30535454 30535739 30536024 
ZrLB 30535379 30535403 30536080 
bACx 30535778 30536006 30536023 
bO 30536082 
dtq 30535578 30535822 
duIqboQ 30535175 30535260 30535321 30535345 30535513 30535569 30535588 
eQXMaRzL 30535205 30535749 30536026 30536052 30536067 
fwCtYCRBA 30535208 30535988 
gWHO 30535870 
hg 30535502 30535515 30535580 30535621 30535704 30536124 30536157 30536165 
j 30535791 
lE 30535355 30535365 30535947 
ncGXs 30535325 30535453 30535610 
o 30535511 30535881 
oKXKp 30535411 30535676 30535691 30535915 30536135 
pWtrebkLt 30535683 
pcWortl 30536106 
qUpGXAz 30535734 30535798 30535892 
qv 30535581 30535612 
qzP 30535649 
r 30535311 30535737 
rsiACPsNd 30535225 
trUYGZ 30535442 30535456 
vCrvXax 30535826 30535897 30536042 
vrfTvit 30535909 30535972 30536100 
w 30535928 
zZFLNZOJv 30535977 
