AAfYji 47457100 47457102 47457103 47457104 47457105 47457106 47457107 47457110 47457111 47457115 47457116 47457117 47457119 47457120 47457121 47457122 47457124 47457126 47457129 47457130 47457131 47457132 47457133 47457134 47457135 47457136 47457137 47457138 47457139 47457140 47457141 47457142 47457144 47457145 47457146 47457148 47457149 47457150 47457152 47457153 47457155 47457156 47457157 47457159 47457160 47457161 47457162 47457163 47457164 47457165 47457166 47457167 47457169 47457170 47457171 47457172 47457173 47457174 47457175 47457177 47457178 47457184 47457185 47457186 47457188 47457189 47457190 47457192 47457195 47457196 47457197 47457198 47457199 47457200 47457202 47457203 47457204 47457206 47457207 47457208 47457209 47457211 47457212 47457213 47457214 47457215 47457217 47457218 47457219 47457220 47457222 47457223 47457224 47457225 47457226 47457229 47457230 47457231 47457232 47457233 47457234 47457235 47457237 47457238 47457239 47457240 47457241 47457243 47457244 47457245 47457248 47457249 47457251 47457252 47457253 47457254 47457255 47457256 47457259 47457260 47457261 47457262 47457263 47457265 47457266 47457267 47457268 47457269 47457270 47457272 47457273 47457274 47457275 47457277 47457279 47457280 47457281 47457283 47457284 47457285 47457286 47457288 47457289 47457292 47457293 47457296 47457297 47457298 47457299 47457300 47457301 47457302 47457304 47457305 47457306 47457307 47457308 47457309 47457310 47457312 47457314 47457315 47457317 47457318 47457319 47457320 47457321 47457322 47457323 47457324 47457325 47457328 47457329 47457330 47457331 47457332 47457333 47457334 47457335 47457336 47457339 47457343 47457344 47457345 47457346 47457348 47457349 47457350 47457351 47457352 47457353 47457354 47457355 47457356 47457357 47457359 47457362 47457365 47457368 47457369 47457370 47457372 47457373 47457374 47457375 47457378 47457380 47457382 47457383 47457384 47457385 47457387 47457390 47457391 47457392 47457393 47457394 47457395 47457396 47457397 47457398 47457400 47457401 47457404 47457405 47457406 47457407 47457408 47457409 47457410 47457413 47457414 47457415 47457416 47457417 47457418 47457419 47457420 47457421 47457422 47457423 47457424 47457428 47457431 47457433 47457434 47457437 47457438 47457439 47457441 47457447 47457448 47457450 47457451 47457453 47457454 47457455 47457457 47457458 47457459 47457460 47457463 47457464 47457465 47457467 47457468 47457470 47457471 47457474 47457476 47457477 47457478 47457481 47457482 47457483 47457484 47457486 47457487 47457488 47457490 47457492 47457493 47457496 47457500 47457501 47457502 47457503 47457505 47457507 47457509 47457510 47457511 47457512 47457513 47457514 47457515 47457516 47457519 47457520 47457521 47457522 47457523 47457525 47457526 47457527 47457528 47457529 47457534 47457536 47457537 47457538 47457541 47457542 47457543 47457544 47457547 47457548 47457549 47457550 47457552 47457553 47457554 47457555 47457556 47457557 47457558 47457559 47457560 47457561 47457562 47457563 47457565 47457567 47457568 47457569 47457570 47457571 47457573 47457575 47457576 47457577 47457578 47457580 47457583 47457584 47457585 47457586 47457587 47457588 47457589 47457591 47457593 47457596 47457597 47457598 47457600 47457601 47457605 47457606 47457607 47457609 47457610 47457611 47457612 47457614 47457615 47457617 47457619 47457620 47457622 47457623 47457624 47457626 47457627 47457628 47457629 47457630 47457633 47457634 47457635 47457636 47457637 47457638 47457639 47457641 47457642 47457645 47457646 47457650 47457651 47457652 47457653 47457654 47457655 47457656 47457657 47457659 47457660 47457661 47457662 47457663 47457664 47457665 47457666 47457667 47457669 47457670 47457671 47457672 47457673 47457674 47457675 47457677 47457678 47457680 47457681 47457682 47457683 47457685 47457687 47457688 47457689 47457690 47457691 47457692 47457693 47457694 47457699 47457700 47457701 47457705 47457706 47457707 47457708 47457712 47457713 47457714 47457716 47457718 47457719 47457720 47457723 47457724 47457725 47457726 47457728 47457729 47457730 47457733 47457734 47457735 47457737 47457738 47457739 47457740 47457742 47457743 47457744 47457745 47457746 47457747 47457750 47457751 47457752 47457753 47457754 47457755 47457756 47457759 47457760 47457761 47457762 47457763 47457764 47457765 47457766 47457767 47457768 47457769 47457770 47457771 47457774 47457775 47457776 47457777 47457780 47457783 47457785 47457786 47457787 47457788 47457789 47457790 47457792 47457793 47457794 47457795 47457796 47457798 47457800 47457801 47457802 47457804 47457805 47457806 47457810 47457811 47457813 47457814 47457815 47457816 47457817 47457821 47457822 47457825 47457826 47457828 47457829 47457830 47457832 47457833 47457835 47457837 47457840 47457841 47457842 47457843 47457844 47457845 47457846 47457847 47457848 47457849 47457850 47457851 47457853 47457854 47457855 47457858 47457859 47457860 47457861 47457863 47457866 47457867 47457868 47457869 47457870 47457872 47457874 47457875 47457877 47457878 47457879 47457881 47457882 47457884 47457885 47457886 47457888 47457890 47457891 47457892 47457894 47457898 47457899 47457900 47457901 47457902 47457903 47457904 47457905 47457906 47457907 47457911 47457914 47457915 47457916 47457917 47457918 47457919 47457921 47457922 47457924 47457925 47457926 47457927 47457930 47457932 47457933 47457934 47457935 47457937 47457942 47457944 47457945 47457948 47457949 47457950 47457951 47457952 47457953 47457954 47457955 47457956 47457961 47457962 47457963 47457966 47457969 47457970 47457972 47457973 47457975 47457979 47457980 47457981 47457984 47457985 47457986 47457987 47457988 47457990 47457991 47457992 47457993 47457994 47457995 47457996 47457998 47457999 47458000 47458001 47458003 47458004 47458006 47458007 47458009 47458011 47458012 47458013 47458015 47458016 47458017 47458018 47458019 47458020 47458021 47458023 47458024 47458028 47458029 47458030 47458032 47458033 47458037 47458038 47458039 47458040 47458041 47458042 47458048 47458049 47458050 47458051 47458053 47458054 47458055 47458056 47458057 47458058 47458059 47458060 47458061 47458062 47458063 47458064 47458069 47458070 47458071 47458072 47458073 47458074 47458075 47458076 47458077 47458079 47458081 47458082 47458083 47458085 47458086 47458087 47458090 47458091 47458093 47458094 47458095 47458096 47458098 47458100 
C 47457722 47457808 
C 47457749 
CUVoQupLa 47457123 
CowZrFMgFD 47457411 47457495 47457508 47457807 
EBXtr 47457466 47457475 47457773 
EJz 47457803 
Fd 47457649 47457940 47458080 
FjicV 47457143 47457797 
GB 47457327 47457736 47458097 
HjFZHi 47457112 
HoFyBH 47457427 
JynXYTHD 47457227 47457341 47457590 
MMfZDkESJQ 47457545 47457974 
NFKhTXum 47457820 
O 47457432 
OYIn 47457291 47457337 
Ow 47457151 
PwEsRZLv 47457154 
S 47457388 
TNNWerRKH 47457205 
UfFKRs 47458045 
UxMX 47457360 47457399 47458008 
XVBKvkXb 47457445 
YbhXhfHzy 47457640 47458005 
Yq 47457959 
ZLgJftKfHh 47457621 
ZPqquE 47458084 
aFCM 47457658 
dVSq 47457603 
eGAbQdk 47457358 47457472 47457717 
gWAQxUU 47457715 
gbkK 47457939 47457965 
jbDQVJHdu 47457191 47457340 47457442 
os 47457616 
phz 47457936 
te 47457518 
yImnMZ 47457109 
ybohXA 47457462 47457784 
zg 47457216 47457613 
