777777777777
777777777777
777777777777
777777777777
777777777777
777777777777
777777777777
777777777777
777777777777
888888777777
888888777777
888888888888
999999999999
999999999999
999999999999
999999999999
999999999999
999999999999
999999999999
999999999999
999999999999
999999999999
999999999999
101010101010101010101010
101010101010101010101010
101010101010101010101010
101010101010101010101010
101010101010101010101010
101010101010101010101010
101010101010101010101010
101010101010101010101010
101010101010101010101010
101010101010101010101010
101010101010101010101010
101010101010101010101010
101010101010101010101010
101010101010101010101010
101010101010101010101010
101010101010101010101010
101010101010101010101010
101010101010101010101010
101010101010101010101010
101010101010101010101010
101010101010101010101010
101010101010101010101010
101010101010101010101010
101010101010101010101010
101010101010101010101010
101010101010101010101010
101010101010101010101010
101010101010101010101010
101010101010101010101010
101010101010101010101010
101010101010101010101010
101010101010101010101010
101010101010101010101010
101010101010101010101010
101010101010101010101010
101010101010101010101010
101010101010101010101010
101010101010101010101010
101010101010101010101010
101010101010101010101010
101010101010101010101010
101010101010101010101010
101010101010101010101010
101010101010101010101010
101010101010101010101010
101010101010101010101010
101010101010101010101010
101010101010101010101010
101010101010101010101010
101010101010101010101010
101010101010101010101010
101010101010101010101010
101010101010101010101010
101010101010101010101010
101010101010101010101010
101010101010101010101010
101010101010101010101010
101010101010101010101010
101010101010101010101010
101010101010101010101010
101010101010101010101010
101010101010101010101010
101010101010101010101010
101010101010101010101010
101010101010101010101010
101010101010101010101010
101010101010101010101010
101010101010101010101010
101010101010101010101010
101010101010101010101010
101010101010101010101010
101010101010101010101010
101010101010101010101010
101010101010101010101010
101010101010101010101010
101010101010101010101010
101010101010101010101010
