5555555555555555555555
8888885555555555555555
9999999999999999999999
9999999999999999999999
9999999999999999999999
9999999999999999999999
9999999999999999999999
9999999999999999999999
9999999999999999999999
9999999999999999999999
9999999999999999999999
9999999999999999999999
9999999999999999999999
9999999999999999999999
9999999999999999999999
9999999999999999999999
9999999999999999999999
9999999999999999999999
9999999999999999999999
9999999999999999999999
9999999999999999999999
9999999999999999999999
9999999999999999999999
9999999999999999999999
9999999999999999999999
9999999999999999999999
9999999999999999999999
10101010101010101010101010101010101010101010
10101010101010101010101010101010101010101010
10101010101010101010101010101010101010101010
10101010101010101010101010101010101010101010
10101010101010101010101010101010101010101010
10101010101010101010101010101010101010101010
10101010101010101010101010101010101010101010
10101010101010101010101010101010101010101010
10101010101010101010101010101010101010101010
10101010101010101010101010101010101010101010
10101010101010101010101010101010101010101010
10101010101010101010101010101010101010101010
10101010101010101010101010101010101010101010
10101010101010101010101010101010101010101010
10101010101010101010101010101010101010101010
10101010101010101010101010101010101010101010
10101010101010101010101010101010101010101010
10101010101010101010101010101010101010101010
10101010101010101010101010101010101010101010
10101010101010101010101010101010101010101010
10101010101010101010101010101010101010101010
10101010101010101010101010101010101010101010
10101010101010101010101010101010101010101010
10101010101010101010101010101010101010101010
10101010101010101010101010101010101010101010
10101010101010101010101010101010101010101010
10101010101010101010101010101010101010101010
10101010101010101010101010101010101010101010
10101010101010101010101010101010101010101010
10101010101010101010101010101010101010101010
10101010101010101010101010101010101010101010
10101010101010101010101010101010101010101010
10101010101010101010101010101010101010101010
10101010101010101010101010101010101010101010
10101010101010101010101010101010101010101010
10101010101010101010101010101010101010101010
10101010101010101010101010101010101010101010
10101010101010101010101010101010101010101010
10101010101010101010101010101010101010101010
10101010101010101010101010101010101010101010
10101010101010101010101010101010101010101010
10101010101010101010101010101010101010101010
10101010101010101010101010101010101010101010
10101010101010101010101010101010101010101010
10101010101010101010101010101010101010101010
10101010101010101010101010101010101010101010
10101010101010101010101010101010101010101010
10101010101010101010101010101010101010101010
10101010101010101010101010101010101010101010
10101010101010101010101010101010101010101010
10101010101010101010101010101010101010101010
10101010101010101010101010101010101010101010
10101010101010101010101010101010101010101010
10101010101010101010101010101010101010101010
10101010101010101010101010101010101010101010
10101010101010101010101010101010101010101010
10101010101010101010101010101010101010101010
10101010101010101010101010101010101010101010
10101010101010101010101010101010101010101010
10101010101010101010101010101010101010101010
10101010101010101010101010101010101010101010
10101010101010101010101010101010101010101010
10101010101010101010101010101010101010101010
10101010101010101010101010101010101010101010
10101010101010101010101010101010101010101010
10101010101010101010101010101010101010101010
10101010101010101010101010101010101010101010
10101010101010101010101010101010101010101010
10101010101010101010101010101010101010101010
10101010101010101010101010101010101010101010
10101010101010101010101010101010101010101010
10101010101010101010101010101010101010101010
10101010101010101010101010101010101010101010
