null
true
true
true
true
true
true
true
true
true
true
true
true
true
true
true
true
true
true
true
true
true
true
true
true
true
true
true
true
true
true
true
true
true
true
true
true
true
true
true
true
true
true
true
true
true
true
true
true
true
true
50
1
2
3
4
5
6
7
8
9
10
11
12
13
14
15
16
17
18
19
20
21
22
23
24
25
26
27
28
29
30
31
32
33
34
35
36
37
38
39
40
41
42
43
44
45
46
47
48
49
50
0
true
301
true
302
true
303
true
304
true
305
true
306
true
307
true
308
true
309
true
310
true
311
true
312
true
313
true
314
true
315
true
316
true
317
true
318
true
319
true
320
true
true
7
true
8
9
0
