511 737 8888 5743 2202 3127 -4417 -4369 1286 5384 -2126 79 4436 3653 -1087 1699 -353 549 6172 5372 -1781 1537 -7085 3584 5780 5015 -1667 862 418 -556 2041 7562 422 -1855 7730 -5399 -8326 899 4908 -1788 -3001 1197 -334 -6221
1861 -2080 1962 7351 11911 7270 -4117 -4038 -605 2010 1338 1257 1732 -517 -2270 2774 -3451 2290 3064 -5079 4814 5048 -6779 2132 678 -3142 1407 -64 -3228 4815 6618 8331 3013 216 2529 -2436 -4998 1706 -5053 4295 10248 -24 4071 2068
2916 2804 273 13863 8503 -5970 6094 8202 -678 1603 2599 739 3674 -750 6158 8185 4333 65 -3286 5045 3737 11129 5321 2018 2648 4028 -1269 -2675 -1779 -3742 3838 3514 2412 3885 1139 5411 -4 -1834 7277 4255 284 -768 1243 37
1931 1985 12349 7474 980 225 5205 2054 -4542 -3597 2229 5568 -82 2912 189 -2063 4980 -3308 -5810 5506 1035 4388 2655 -7309 -4933 2733 1850 6227 4669 -1605 5079 -8905 -5474 1738 -4125 5368 6666 1175 549 3616 -85 -5766 -3340 -347
2752 6165 15216 7738 3244 5879 115 4032 2835 10394 -2542 -7214 7925 16584 12846 -3763 -2 -201 11009 -810 4740 13351 5846 2713 1532 5017 11779 12543 11392 3823 -931 5179 8778 -3502 8264 11186 5864 2841 4812 3954 -1407 -2158 -121 -3975
8484 2477 -276 8461 16115 212 -2104 2853 -4927 3118 7997 796 -1960 3602 -6578 -3220 264 765 -1268 -7384 4092 1552 -669 -3031 3112 940 -2539 4629 -1883 -3260 6679 7320 -4032 -580 10783 4365 -3117 -818 3496 -5208 -1845 309 3389 -1120
2872 -185 6550 15379 7842 -4931 -936 3205 10153 33 5557 5712 -3853 -13074 -6639 4836 4119 -7023 105 3655 -2652 -3299 5778 -3601 -3592 311 -5320 -1860 -3744 3576 1314 -4865 7598 3474 -4104 -7535 9061 7651 -11593 1113 4458 -3993 -8919 6325
776 10216 8839 -976 6461 3431 6579 468 2240 -2126 2872 9289 -8461 -7902 11267 9504 7562 9260 -2401 -4066 6492 1171 3020 13667 -3326 -10586 -1528 5585 -2814 -2528 8460 12341 -3264 -3610 3836 3 -2602 -801 6589 -7372 936 2985 -4387 -3601
-2646 -4455 6122 11778 7926 -7172 -4442 4681 2471 3199 -3743 -3373 -1916 5390 8803 -806 1224 1264 -16692 -8065 -2927 3207 7403 1358 -5815 6020 -1978 -5708 6339 9616 -3650 5915 8523 -83 -7248 4496 5178 1958 6514 7402 -1591 1993 2726 1294
2039 2856 11184 -534 6041 8854 5544 -7319 513 -315 712 -2530 7412 7178 5123 1832 -3177 -3729 9629 -1618 -4103 7171 3357 1691 -2644 -3302 -7194 9995 -3048 -4537 -5773 7314 -1775 -4370 2454 5332 471 2025 3277 -2959 -3111 3333 -4873 -3847
-7012 1384 5567 5916 6417 -907 3596 -2305 1261 1478 8476 294 148 -4181 -6084 1783 -4673 215 -1749 2758 -560 -3560 1111 8731 1539 -3296 2795 1823 -5419 -2126 -5267 3375 1539 391 -643 -275 -6213 -1578 5589 -2872 -4520 2169 1912 -2684
3074 1207 4552 9182 4027 3952 -3709 -282 2639 7577 5207 1376 -311 -6586 -2727 -1070 4738 2553 5202 5558 -1304 1032 587 -2508 11780 9490 -4089 -2026 11646 3596 -6636 -548 8723 2235 -6205 -4572 -1077 1039 5759 2043 1615 -5042 -4560 -5375
-2810 19 7276 4744 4648 -3966 -6199 2419 12266 6890 13 972 4305 -5652 1241 3541 347 3675 -2737 -9219 -2182 -666 -6422 -606 -584 7405 5873 -4850 -6433 5165 -1893 -4905 4086 5872 -1499 1462 10256 3652 -7023 -3613 1959 -6579 -4255 -2730
842 16061 9248 7790 2599 5060 6065 -1873 -1540 1385 -1457 -1003 -3333 -1641 5715 5935 6704 -3325 -776 -4952 -4739 -1380 8271 -806 -4448 -3751 -3148 -6048 6469 3138 -2328 2648 12038 5755 2195 16448 7940 -3227 8699 -3829 4524 1259 926 -2574
1966 -312 1055 13059 1587 932 -40 8897 -2082 -13274 4836 10660 2246 -1637 5440 -2214 -113 -5294 52 5990 2423 -463 -219 5064 4342 -8937 -3349 2870 2522 -4083 4763 2612 -744 -2526 2672 101 2900 12624 1131 -2399 4981 -1123 -1101 -4018
8548 -5223 1991 15469 7438 -1783 -2048 -684 -1733 4979 1707 -7080 3888 6338 1225 -12013 -5216 3287 2525 3015 -5247 -5526 -2729 7622 4538 -1755 3775 11929 4131 959 6254 -2510 2812 2260 -1042 -3387 2827 -7076 5920 13289 -2502 -144 5491 1038
-4680 2679 8736 3729 4003 890 -2298 -1515 -1821 10964 -3480 -4089 6386 -7905 -2475 -5003 10927 1605 -2135 -319 11803 310 -746 1400 5788 13912 1237 -6464 -2690 12805 -950 -6167 -2455 1252 -4188 -5304 -7018 -7125 7455 2907 2672 1863 1485 872
-3075 1869 7868 6643 11467 -4858 -3180 3348 2719 2239 -3073 -448 -8582 -7914 3549 4483 8002 -4573 7825 386 -3031 7525 1687 -2096 1326 10860 3221 -7815 -3007 -939 -2076 1509 2826 5629 -186 -3518 -622 10162 -6860 -3661 2426 774 -3528 -545
2231 4449 8790 5962 3954 6199 10735 7280 5615 -2078 -4259 4959 2297 -1910 2808 5478 987 2142 -7570 -4779 10298 9060 -4263 -3614 3472 -2737 -6316 4943 -1720 -8629 2221 4422 3586 -3087 509 935 512 -7450 -10323 -451 -7108 -2947 -2455 -2594
5233 -3595 3097 10279 2737 -9665 260 5224 3858 -3664 2150 8331 4125 2762 1621 551 -11375 -19 6088 2598 -4092 4 2400 -1148 2235 -244 -6385 11026 8631 -2485 -1358 3742 11776 -787 1665 3632 6412 4711 -4201 -3999 2256 -5864 -7919 1875
5333 5454 4976 6343 10013 -3611 -2764 2862 -11722 7442 6695 -5454 -2230 8067 -3103 -6779 -1335 2073 993 4141 -2889 -48 -1652 3915 -10277 176 13819 3743 -325 -5427 390 -1970 -4292 5513 3736 -7004 -2527 11553 2090 1671 -605 -9263 2234 -1399
-4361 3337 11516 7352 4590 -3701 5663 -2126 -810 3996 1626 526 439 -2400 728 1763 6663 -5109 -3278 6452 3359 -2525 4231 9851 4047 3200 6859 -11181 306 4635 -144 -1375 -3801 -3610 1483 2253 -2640 -1307 10027 8274 -3137 5950 3880 -3350
-979 2649 11134 9484 4448 4401 -642 -3192 3801 -834 -1191 -1900 -2606 -2817 -319 7485 6225 1444 -7243 -5872 2103 6076 -757 -2791 5237 3615 2573 -581 2216 -5839 1298 5156 4888 815 -5351 -3520 820 2425 5637 1396 1733 2257 -4111 -3072
-792 1579 1974 -581 3953 -2827 -9357 -666 8436 -2228 -7516 1365 5470 3518 -5775 -4116 -1317 -3482 -2386 381 -3809 -421 444 3282 6907 5808 -2829 -4587 7032 4920 2706 -5848 8485 4364 -3148 -4100 3095 9203 -6013 -7619 8756 2794 -2528 -3197
983 3660 12717 5843 6300 9020 9198 2327 7645 -2217 5613 8929 5339 -1975 7920 -3327 -7531 96 2234 562 2423 6216 669 4289 454 -6935 -697 7853 -564 -1650 2713 -622 12587 3310 -2359 1935 -3904 4641 -3367 -6732 -6927 -2183 7676 2971
511 4729 2143 7469 2827 -6044 71 11704 -7171 2345 8988 -3460 -3336 5704 2866 -11932 6719 4314 4632 2159 2233 3515 -3423 -1006 -4896 7668 1987 -8660 3943 12265 -1293 -4905 2133 4128 4503 3661 1504 -614 -792 326 -5462 -9055 3783 -1921
-981 -397 4269 10231 10192 893 -455 4905 5113 11035 1600 3136 225 -3463 -2637 -1174 -1636 5610 -3305 -2909 5466 3429 -3941 -3615 -1742 5220 199 2103 -57 -1189 1117 5029 -2958 1724 5914 4635 2939 -4560 3381 735 -7465 -3311 -603 284
4132 -2001 7437 15146 409 -8037 -61 441 2627 3236 -3172 -7288 -1358 4954 2721 1389 2558 7731 2862 -1200 -2236 -2981 -739 -1645 3129 2411 -2597 -3772 -6149 -334 778 -8350 -4004 2675 -6408 1600 1365 875 3498 -5597 -3694 -314 -1905 -4421
-1636 -170 8386 2274 2408 4585 3780 -3883 -340 2173 1011 1434 3798 1198 944 4824 2883 156 627 -3236 -9215 -1570 -2928 -4128 -1189 7247 -2336 -783 5872 -1373 2983 1499 7477 1227 -6008 84 6044 7519 3528 -2946 -2772 370 -1035 2539
-2594 8293 11873 7076 8389 -686 -7215 983 3516 -329 -3977 14764 -8416 -8234 12672 10164 -4195 -4943 1543 5097 -7300 1383 -6442 9818 5664 655 23 901 -1969 240 10441 7763 -5585 5233 4611 -7471 879 4237 -2021 145 -4159 -7918 9763 2410
-2579 -388 -540 3765 9589 -8862 -2334 -308 1357 3622 5766 -673 4814 1068 -6051 1902 -2561 -5879 -3012 326 5277 1426 2759 -362 332 3158 -1434 629 2421 4066 407 2819 2174 3071 3816 -2709 -48 6370 2821 8799 1302 -7770 -1036 635
7330 11451 4400 1874 12142 -3631 -2653 9804 9017 2606 3129 3743 3347 -3007 -2507 7394 1092 -4587 -8548 4751 8959 6221 4059 -1380 -2520 1088 3619 -7655 1713 6135 2109 434 3266 -3566 -81 3566 -1029 3555 -2590 -2245 -4452 -6275 -3882 1838
1010 -4735 -1277 13354 3609 5405 8998 -2234 -5561 290 11023 2410 -169 4560 -1024 -7145 447 -1128 2464 -74 -572 6671 271 -5221 -2519 3198 11941 4259 -5814 -9583 9093 9241 -2660 -6578 1420 4055 2491 739 4742 -4333 3207 1943 -3974 3083
-3569 -2806 13331 9406 2854 5217 10447 -4650 93 5172 -7242 -7903 206 6145 -2591 1354 11329 7037 -4427 3748 -4020 633 2088 -8278 3837 5838 -1543 -6455 -668 -4378 -4992 4637 5276 7258 1553 -6658 -3331 1330 6888 -9518 -1573 3423 -580 -2463
-913 -621 9759 9174 3067 -1987 1319 -4338 -5077 -4306 1537 5815 -832 -3839 4696 356 -4875 2090 6304 -1028 -3233 -4333 156 3228 -8141 3981 319 227 1893 -5188 -1932 -724 3979 -4319 -5101 -372 2702 -1030 -924 -1041 1972 -1662 4988 1759
3162 10282 678 -1780 2237 -3713 -4133 505 949 -161 6518 -3339 -1849 -31 1557 2764 4492 -125 1749 -2718 10045 -1285 -6178 -4071 3996 5530 150 3234 -2674 -1980 -4169 5136 2169 5298 9353 -4618 579 12102 626 2875 1354 -405 -6532 -767
5303 7484 3884 4799 5512 3015 -26 -2293 -1117 3716 -2586 8500 1294 981 5080 6090 5369 -5249 472 8335 2826 -165 5403 -212 2701 2393 4975 2685 -1173 2883 252 7906 3689 2623 -1789 6711 3892 -8359 -1669 -1857 -3602 -8304 896 1519
1014 401 8518 8741 -4481 -4000 10530 16701 6559 -3049 3389 7338 -2259 -4962 3440 3135 744 2151 -130 -1402 2121 -728 6318 581 -7609 -1382 5601 3350 -5196 3796 -1938 -1061 4554 83 -1785 815 -3569 -249 7243 1205 1225 3629 4092 6586
4163 -4124 -37 16414 14451 -13 -3544 989 6739 1687 -5856 -3531 11372 8064 -7955 -8319 385 3406 4232 -3153 1655 14580 12598 -514 -7425 8464 1703 -3585 6144 2539 290 1285 -10899 6616 4120 -4924 -1674 -1322 -6523 -5736 4814 3595 -8187 554
-4197 -350 9232 5228 2310 4313 -4031 -5981 -5691 1144 -2591 -438 -906 462 2439 -546 -9131 -7691 -758 -5331 6579 160 -6550 3139 -719 1051 -6805 -1984 -2996 -4721 -2425 -3565 -1339 467 -4558 -3664 3692 295 1928 -3847 1649 462 -2757 941
-4658 -4 8897 2417 2622 1455 123 -3046 -5911 4992 8498 -3416 -1725 -901 2440 1816 -2003 4701 -1347 -1190 -300 -5800 -3832 -589 3 -9054 -337 2824 -4036 -501 -9785 -7596 -886 -1319 2900 5488 4662 3297 -6126 -7555 2704 -4362 -5714 -3836
-6000 -2222 -1602 -2242 -3759 -6098 -2141 -2574 -6519 -9303 -3538 -2727 -5073 -5647 -5369 -1727 720 -6404 -2755 -3203 230 -7090 -9464 -4186 -2007 -1670 -3823 -1380 -718 -3218 -1163 1277 3218 -4222 -1382 -1928 -1967 -5207 -103 -4383 -4288 -6211 4453 -632
3524 -1814 -5676 1464 2456 -3775 -4863 342 -2498 -3109 -10008 528 -5610 3078 -2982 -3814 2684 525 -4531 -6908 -6976 -5435 4972 2511 -1668 -5245 682 -1206 -1256 -5103 4437 -4980 -854 23 -2144 222 -8064 -4884 3324 -4926 -2507 1914 3919 -142
-360 1587 -565 -740 6813 944 -3643 -3262 2479 -1515 -2654 1264 381 4689 3885 3351 -4975 -5003 798 -440 671 205 338 3489 3296 5449 892 -2777 -3327 -1568 2333 -1777 -4411 -5232 -3229 1379 3212 -6901 -1162 -3984 1393 -1975 -2389 -3872
