566 -844 1448 721 -570 481 2056 350 2325 119 1216 -1082 -519 155 -1725 2819 -289 481 1194 329 2111 3424 -2840 1204 -1602 371 -1049 1440 3033 -217 1674
2258 1498 2056 3438 788 2644 -2806 938 1625 3199 1863 4392 3050 3857 1383 850 866 4142 2263 2607 -465 767 -674 4270 4267 1440 2169 14 -1065 -401 -67
546 2893 2237 5116 2717 374 4863 1254 3249 3756 3991 1367 450 1986 3988 1515 1823 -1488 2357 4340 2611 3851 5431 2272 844 -1807 3940 2104 -479 1678 -1228
4619 2630 4088 359 5313 1541 5933 1041 1083 496 1680 4059 4426 6041 4569 942 -2995 3233 3287 4574 620 1876 2218 3461 4796 1729 2115 -107 1964 -1465 1105
-1305 3090 2170 2223 5171 3532 -4019 5203 2737 6095 1636 4373 2765 718 2083 1475 4736 4070 93 128 4212 1528 4222 2420 2543 4812 2159 4423 -816 -3121 1224
4476 -914 1186 803 2959 3154 2566 3074 7683 1865 -2126 -1089 5928 6222 1562 1694 -753 3042 3264 376 1678 1585 4115 -2600 3062 4844 3587 4125 2304 -2276 -180
1585 1036 4134 1592 1852 3700 3325 -262 6878 3608 2419 3914 1556 2417 2643 4107 258 5783 2767 3135 -1231 6205 -628 2255 2033 4975 4083 814 5747 -3496 -1471
2398 3872 2636 2274 915 2456 1040 8692 1924 2900 -3865 5467 1944 3058 626 1803 4828 3625 243 790 1607 1511 4316 -496 3200 1565 4217 4691 579 611 -2911
2353 -1057 1588 2413 3871 1147 1691 2518 4583 3581 2708 2823 2317 2300 4320 6928 2936 1561 -1165 -904 3692 4460 -210 3309 6858 -2133 1204 4739 1603 322 -1824
2656 4321 4257 2944 -960 6260 -421 811 5223 2130 3416 -1340 3677 3027 708 1020 4616 5608 4117 1252 2683 2389 -919 2402 3205 2898 -1487 4970 2106 -65 -575
-12 366 3828 2630 1049 3231 866 262 213 2307 6012 923 869 6989 1254 2681 5131 955 1454 1114 581 3154 2076 1877 1871 4062 1530 -37 3400 1733 -1217
-955 -1948 4637 1072 3820 2339 5466 1351 1102 852 4191 4651 -1339 1469 4810 3015 650 3298 4719 4909 3960 -1040 885 4903 1499 1365 3398 -453 5404 -1370 -629
-372 3406 -342 -599 2471 5141 -913 3321 2023 3561 812 5373 2038 167 2232 7307 1878 429 -710 5192 435 1976 1240 4002 2266 -181 3167 5053 2382 -1072 -1844
-2115 -243 2635 -1848 2724 4856 5361 1905 1415 2744 2936 822 2278 2054 1070 3770 3263 564 4400 4793 4224 3135 2192 3465 2122 184 1312 3060 720 895 -1409
3819 205 4744 -1683 -211 2441 2069 2699 5908 2870 3795 904 2381 747 3633 3029 2787 310 5206 1760 2178 2743 4087 2161 1646 2534 2259 2493 1225 -1199 897
3321 604 745 1082 2424 5116 2999 -610 -275 3506 3904 3076 4952 1297 756 4669 531 1112 4137 6424 1052 4274 3181 5137 -3506 -899 3455 6403 1884 -668 -1703
4071 5624 962 1376 2776 4389 5371 -2837 3830 4197 4910 2146 1419 2802 476 3143 5136 209 -1359 1349 1243 2353 4936 2791 2648 2230 7610 -1683 -1280 -911 -184
2540 -1025 5053 147 1090 6982 5364 2882 -1384 3093 3516 2642 2322 5569 2334 1609 -217 1631 4230 1075 -1390 2689 2819 -373 1815 2524 1475 4577 3456 1858 -2549
2473 3178 4017 -1318 149 2295 6432 969 2649 3429 1118 2640 2690 1772 3467 2016 3161 1455 2442 374 -2571 2336 6257 240 1683 3216 2526 1158 -418 1880 -906
1603 640 2933 2546 1243 4735 2111 2059 466 3692 2079 3694 384 1781 2873 2826 2960 -2163 3484 3799 4764 -195 6117 -1282 1570 4486 4704 183 370 16 672
534 3097 6400 -569 -2587 3374 2903 3914 3250 3802 982 925 2055 1159 1509 2116 1705 2715 3406 2508 -1079 3604 1727 4829 2120 3262 -512 4193 1852 2382 -2034
-361 -678 3813 4514 3638 595 3848 -1005 2681 2531 -416 1485 6276 903 2413 801 4615 1613 3492 6210 1718 5786 -29 1413 1087 3752 4959 1558 82 84 -319
1039 41 4444 6179 2343 1210 2358 924 1979 4754 1695 1713 1912 2785 751 3731 2941 1128 3744 2645 2124 1286 3966 147 5165 3621 3411 2341 1120 -149 2168
2274 1717 -667 2848 4982 2141 -626 2062 4023 3217 2511 -1607 1730 2080 4378 6343 -601 4654 1870 5387 3022 552 -493 4369 906 2502 1784 6310 2712 -2388 228
288 -2510 4502 1903 5978 837 3490 738 1354 557 4299 5510 3179 862 1811 232 1418 7178 697 4341 3024 1569 -1629 4399 1740 3291 2964 3047 1403 -3405 943
3360 -76 -48 1228 2899 2830 1329 5090 -640 5364 4159 1933 1831 1654 2459 1698 3677 284 5179 1306 4038 2990 -616 2030 1748 2390 1989 4686 2208 -3460 -179
265 1671 513 4169 4351 -234 1021 637 2190 3039 5045 -96 5594 2883 -1606 1975 -1109 3944 3861 5281 2969 4929 292 1858 1764 102 3466 2425 3583 -1508 -2331
2264 291 1985 932 2251 2927 3950 1737 2363 -313 5297 924 2343 2733 1837 3754 3781 1124 -1849 4023 3200 3632 5045 2049 2256 357 4240 4417 3395 638 -5039
3325 -3445 3343 3609 5241 4431 -769 2405 901 4733 421 2881 5217 3161 2188 752 1190 -2180 3688 2918 3461 3601 3692 2001 2077 3027 -817 -130 4450 1088 100
3321 3127 2575 1880 2904 1813 5253 961 3612 705 -819 4229 3990 12 625 5037 2640 1677 2009 2251 4118 1705 3235 1336 5184 4446 1235 2622 2675 -53 -2686
3476 460 658 4671 2181 3657 1915 -1944 1019 3483 2411 1178 2421 1785 915 1417 -1018 -758 3471 896 2578 2857 1456 2155 5332 1175 1018 924 3325 1750 -1884
