5178 -4377 -1116 -7123 -5045 -6110 -11973 -5168 -7072 -5536 -3577 -9013 -7537 -2900 -10400 -3428 -14815 -7000 -1309 -6034 -4930 -6365 -7230 -2377 -7812 -6448 429 -8163 -6157 -5172 -8740 -8775 -5563 -3640 -6002 -9991 -1880 -9139 -7228 -4191 -6460 -5348 -7488 -11535 -6947
2822 3115 570 -1944 -10115 -7442 -4994 -7190 -3091 -2975 -5767 -5393 -1044 -4422 -2264 -1284 390 -6646 613 -5069 -6447 -10264 -5949 -761 -4708 -3734 3310 -1814 -4304 -3315 -6355 -7313 -9238 -2699 -3077 -3209 -1523 -1149 -3323 -5064 -1215 -5907 -9663 -533 -9685
4386 -2882 2012 1575 -2962 2377 3542 4231 -7071 -1329 1537 -1818 2704 -1241 -2458 5034 -5110 1901 -3361 -1353 -2479 -6304 -903 -2679 -1830 5857 4745 -3747 1600 -2240 65 -1014 1435 -208 767 1546 -2288 -7526 2002 702 -5168 1664 -3812 -4974 -3501
6073 1865 4428 1535 -742 333 -2816 -3937 -1501 -358 3112 -1513 7 2406 5585 -5932 4478 3349 4505 -340 -6963 -3199 33 -197 -6021 4304 3073 8461 -3760 4423 -3603 -2161 -7360 -436 -4820 2273 3500 231 -5087 3273 2803 -8995 -4604 -4157 -9278
5084 -1183 12088 546 -3428 3376 3061 -577 -12553 218 -2526 -1974 1217 7741 8 2925 -1505 3718 -10414 498 7128 -4854 5774 4947 3587 1066 -4180 -1540 -1071 -3627 8801 2926 3201 625 6273 -8629 -7715 3128 7817 -3708 -3229 902 -7963 -9345 -5671
6386 -3300 -2129 5011 -707 -576 -2308 3602 1470 -3499 1603 -3593 5641 658 -5221 -217 9740 442 -3290 5901 1558 1853 -3449 3991 3581 547 -358 -674 -118 4254 -2625 -406 8422 -3024 147 899 978 -7522 -510 1716 -2008 -1761 -1289 -4901 -3566
3806 672 1785 5166 1209 -2663 -6139 -2120 -4366 -1843 -5062 -18 6741 7734 2429 -2177 -350 6048 -7077 2288 1323 -631 494 5685 3413 581 -5119 3970 3834 -4152 3938 -5904 7078 3301 3818 2463 2504 2269 -7607 -1082 385 -640 -11855 -2227 -3413
12400 -1438 3276 9840 4136 5 595 4337 3230 -1117 3219 2885 -2084 -8750 4540 -5995 -2237 -107 8679 -4194 -142 5756 -3025 -1355 5356 1037 -2749 3837 9099 9179 -4428 4665 -4593 5724 417 -2051 -2414 -553 -1253 -5143 -171 1258 -2430 -6664 -3109
-428 3157 -765 426 8950 -1346 -1985 783 -1958 -7962 5720 4683 1300 5869 10 4473 3149 -7189 -808 6153 1954 -739 5423 -674 4260 -4218 408 -1733 1192 -3383 53 -5007 511 -1984 -1971 -121 -360 -6926 3700 6032 1665 -6363 -5076 -3945 -6773
8853 -1533 2261 -1262 -5322 1716 -4088 -5727 -503 -429 -8340 4854 -4811 2379 1940 -3696 376 2464 -1552 -867 -423 4535 -422 -2387 -2518 4669 1530 -1357 -903 -996 2595 7723 -1062 187 -988 1308 1327 -44 -5903 -793 4253 -4540 -8204 -2437 -2810
3391 8634 -2015 1628 7495 -52 5888 -4686 362 1628 -3041 -4800 3982 2859 -5663 6434 -8550 -3032 5578 2160 -6701 -2026 6497 -3371 -2683 2040 6521 922 4121 1488 4342 950 209 4184 -929 1426 -3296 3381 707 -1406 760 2477 -11172 -3561 -8607
5742 4711 8050 2098 -1859 4237 -9311 -4242 3554 -255 4700 6358 -1919 2553 3126 -1763 5450 -117 3563 4891 -6642 -4154 -2806 2772 -2621 3894 3059 6498 1008 -1031 9087 643 -601 4038 -2179 1647 503 -7393 270 -1461 -4525 -2964 -4501 -4457 -2365
4156 -447 2601 6957 -1363 -1665 5554 -287 1563 4247 6019 -128 1278 3357 277 516 2004 1737 354 -4489 7711 1179 242 -3360 1365 -4465 1822 3039 1479 -2988 -96 -474 2062 3293 1558 1084 5493 617 -1199 -6583 -3389 -7419 -7598 -3303 -8325
5573 4919 3752 5203 5261 2780 -3370 1010 -4940 1422 7107 7457 -4259 3491 -910 -3703 999 2235 -24 1966 -1253 64 -449 671 237 6678 -1613 766 5646 2766 885 -1228 3799 943 -2670 -129 -1581 7204 -633 -3632 -4139 -946 -5471 -1491 -2847
4449 154 2700 2250 -247 6476 9458 -7668 7716 4619 1638 -5952 3257 -3269 -3744 1136 -470 -6252 -1967 549 2287 1960 -2608 3464 6030 4146 -866 2512 5412 2867 -6281 6069 1578 5896 6230 5227 2864 5140 -2641 -2652 -510 -4297 -4062 -8331 -6567
2618 1597 3168 2608 2836 -217 1549 5441 -4184 -1462 3329 2423 -6883 -332 -3215 -4833 1581 7320 -2373 3059 -1663 3738 -3516 -6752 8936 2524 -2608 643 -8575 1617 5106 1279 1970 1848 2800 -1030 4275 7937 1004 -5464 6555 1252 -4180 -5584 -3929
5309 7708 4121 -2569 325 1432 -4491 1292 6913 -3820 192 1288 -5596 -5590 3879 2510 3082 -4902 3005 -4121 -163 -2376 2004 -1509 1545 -1291 3741 -1325 -721 5254 325 2449 -4023 -499 6979 -4183 760 1751 -60 114 3084 -3207 -5148 -4397 -3658
6103 -1246 2580 4624 2915 3138 1355 3778 3057 11239 170 -3140 -600 -1243 -4968 688 -1804 3969 -3727 9452 -782 337 5635 5572 786 -1716 6113 -2661 -6465 6313 6300 7365 4946 4755 3854 522 -126 5265 -3583 -1882 -1152 1436 -4598 -1630 -3570
1499 3149 5975 4501 -3205 -4819 -1271 -1893 3648 3574 7545 703 1795 -1968 6330 2694 1132 -67 -2321 -5199 3016 7095 118 -826 -1143 599 936 582 1245 -818 -2877 4468 -5664 -2145 1701 2502 558 -3821 6137 4825 -5409 -1394 -1112 -1001 -6351
6135 -3093 1279 2492 -764 1730 5905 2440 1775 3977 -2292 3518 -1866 -509 541 -957 -546 7650 -3190 3303 -7407 354 2589 -3999 -5875 3918 -8665 -3419 -4037 753 -732 2921 5433 -5861 2411 3928 5057 -6681 1801 -3378 2731 -5845 -3463 -934 -3781
3655 3903 311 5052 -292 61 -4883 10567 4024 5118 1504 1859 1123 1521 3433 -7193 -29 356 218 -5273 3642 -228 163 3298 -7558 -5946 3115 1144 -540 -2031 3491 1883 1135 1032 -59 3273 -1741 2166 -381 2072 165 1061 -9320 -7002 -6180
3772 220 837 -3298 -4546 2775 6993 528 3460 3569 -7265 5606 -327 3215 927 1457 7693 -785 1183 4187 -2671 -3677 7406 -530 3812 -2700 -3220 5549 3802 1238 3348 -1201 4193 2895 -371 2823 4049 -489 -874 -2486 -127 -2108 -1811 -1742 -8836
6031 4677 -2258 2287 1617 -8008 531 -986 1026 4121 464 -4032 3357 -6258 26 -1912 334 -5086 -264 2337 6008 -2849 -618 5634 -2889 -3458 -1853 -5404 8909 673 1103 -3582 1217 5349 -4884 3325 -418 1381 2096 625 7110 2069 -10858 -3670 -2440
3786 5873 -2260 -380 3378 60 1204 -3894 4495 6784 1245 4565 -1638 -1445 5995 -3034 -3704 391 2038 -1199 -7798 3086 -2781 -995 5881 3086 -7856 5885 -3521 3504 1379 -10397 3866 -2049 -2536 451 5638 -11308 4913 -10148 5464 -946 -1659 -3995 -8358
6353 -774 1125 4876 1692 -1226 3236 -2815 -1469 5810 -598 2553 -1721 -4546 4642 -645 2887 -3574 1520 6452 6697 837 4172 5923 -3693 1607 807 -516 6629 4422 4115 -1651 1071 2575 3838 -2447 -3756 1669 -48 3835 -2319 -1674 -4783 -3598 -11155
3646 7477 824 1607 -4696 1387 1445 -3220 351 -5305 3546 -2522 -1503 -2671 1887 -9296 -1727 2428 2304 508 5702 3677 2749 -839 6302 -1425 2904 76 -4441 6886 -2262 -1691 659 -1525 2215 7984 -6599 476 5 3063 792 -3484 -7570 -555 -5112
6545 3074 4101 25 -2477 4808 1446 3034 2094 -2058 -4028 2134 -2662 6001 -1734 6048 -888 2697 3958 4242 286 4576 8197 -3772 -7044 3494 712 -1169 -188 -1088 10535 1132 1227 2782 -4407 -4568 3180 3668 -469 7223 -757 6234 -10308 -8318 -4770
2673 8652 3485 6706 794 -2696 1388 -665 -2481 -3166 7613 -1244 2164 289 -2335 2572 5097 2555 -1164 6890 -4585 -552 -3024 17 -5351 -2791 7642 5874 -7298 117 430 -7453 4256 -4004 1962 -414 2902 3600 -118 7364 4582 -4043 -2481 -8593 -6285
10114 1900 1208 7478 4867 -90 -279 5528 4190 604 1877 2626 2315 -1925 -1052 4655 -1626 -43 -761 -2154 3530 -5430 -2427 2471 758 -3632 -6202 5777 -653 1185 -2928 -649 5883 -8351 -3040 848 -109 2799 4672 -563 4679 4592 -11160 -6593 -5197
1920 4810 2115 -1146 7668 276 1913 -3409 809 2353 2067 805 6273 -1047 -2610 4737 1442 2530 3137 913 -3487 -2966 -657 -2766 2180 7200 5958 -113 6060 5615 -8463 -2025 2013 283 -4027 10477 -1895 2491 -1390 6836 -3432 -1511 -3943 -6716 -289
3408 1341 6504 543 -3954 2508 -4800 1466 -1074 3696 4906 -2421 -770 1606 1562 -733 -2550 -2509 641 -510 2921 -2157 5802 -1972 7263 2959 -2737 632 2311 -1372 651 2232 -5129 5859 4829 -4769 4237 2619 3312 4546 2670 -6007 -4879 2 -6397
2257 278 356 1209 6468 -2493 -356 4230 3109 -571 4955 806 97 4684 3922 2870 -5352 7080 1204 -1457 -537 3356 -653 1418 463 -48 2670 -942 485 1957 -719 -4534 -2805 4257 -3195 4537 -2906 -139 2761 -1905 -3372 -556 1929 -4099 -1877
5445 5937 5197 -1465 -7717 2532 -12029 3107 -3705 4410 128 -263 5573 2411 1930 3430 6640 -4633 3218 -3565 -3646 779 1720 7384 2479 -1046 5537 -5186 -4863 1127 5800 -6639 2975 6349 -752 -1986 10168 -5476 3838 6638 -8012 -5385 -4879 -9612 -9103
3118 -6616 4926 2639 2548 -4299 5750 -4178 2661 845 3983 -1868 -1511 4017 -6019 4329 4255 5972 -5786 4511 450 -2257 4280 2355 -8401 1787 615 -2566 -1122 3159 -499 973 -2563 -1043 -2438 -204 -4805 -4192 -195 -1879 7814 4706 -7469 -1512 -1535
5343 680 314 2303 2161 -2532 -5276 10138 726 2968 2483 4597 4230 749 11013 3270 7943 -7090 1406 -3547 -593 4399 1971 3110 3997 -4003 -1780 4033 462 -5000 -740 -2067 867 -1262 -7858 2102 2811 -5187 3580 -2932 80 -3571 -3055 -11050 490
4119 5179 3714 -2270 1098 -834 -2176 373 3684 1414 5444 1137 -3038 10777 -5891 7567 -2654 5585 -3039 2748 -763 -530 -1204 -370 4316 4293 -1548 11052 -460 -1917 -6357 1415 -2117 3149 -1071 -1708 5881 -610 -5047 2469 1585 -8451 -4786 4484 -7998
1855 429 -553 -867 -4992 2894 509 9608 -4368 6112 -505 -4232 -5509 -2463 6829 -848 -4472 -7226 4660 -2328 4817 5008 -2425 4058 -3754 -1420 3590 3175 2924 4444 4202 -6694 4729 -3649 1386 -4565 -4209 72 2020 -1311 -3693 3331 -5301 -4219 4049
10744 358 2929 4123 -1743 -8193 4066 -7014 1153 -2302 95 -3982 3882 2284 -9347 6833 -5165 -3910 2557 6438 280 -2924 8351 921 2333 3202 4403 3143 2520 4877 1577 1241 -1711 10063 -1476 3782 4123 -5482 3743 -2160 -6907 1903 -2698 -2492 -6830
1883 1982 5509 -3413 2083 2518 121 4458 -715 3045 -2837 -1060 419 -1517 10932 -3043 2788 4021 4104 -2229 9647 1672 7006 -1511 712 513 4608 -5134 6800 -1382 6447 -1655 9179 437 6143 -2154 -820 687 3389 3824 389 4103 -3100 -2728 -3354
6389 1056 -87 3896 1256 5759 3641 -2397 1251 1624 -43 -1132 2019 -5273 -4774 2916 -3712 212 5122 4266 930 297 -3426 -1059 -213 3069 2024 4838 -1889 3245 -3 -2526 623 12023 2088 -1534 -2130 -554 -3911 -769 1215 -5027 -10069 -1797 -9915
2809 6439 1573 1956 4196 -3332 5416 5918 -9574 5067 -622 -6318 2408 -1457 -2989 -5642 2258 -1370 -12185 -2667 3644 -6523 -2758 10128 1502 7758 -662 -1575 2775 -7200 1600 -232 675 997 4744 1926 -139 -2445 3682 8587 2600 2427 -8830 -1276 -4470
6778 -4985 -100 2917 2247 1858 1737 2173 1182 -153 -3687 6698 -2617 -3587 -145 3599 -3035 3066 2345 5431 7297 -2153 409 2491 3394 1095 5288 748 4234 4739 -5675 5388 -3473 6182 -8805 2267 4775 456 3944 6900 5095 -2389 -1709 -7126 -452
5924 6868 34 3967 5935 -509 5883 -81 2843 5479 5095 923 6570 -1713 2257 3575 3458 -3312 -881 1141 -2428 2616 11432 1877 6117 8390 1673 -3469 3541 -4565 4856 1276 4409 679 3423 2782 4867 5070 6868 -1231 6934 -1329 -8784 -8050 -3165
3067 959 5235 1062 1059 5745 4822 1195 1677 1096 10616 6965 -2126 2371 6489 -4258 1368 1347 -3631 -1093 2176 -292 1835 554 1685 1601 -1042 -1118 -3667 5476 2807 3603 -5050 5851 -265 1614 -856 4955 5402 2367 -4370 2851 -2538 -4261 -3395
2858 4767 500 9393 2123 1236 6101 1072 -172 3707 1840 4607 2464 -3601 2874 7350 -294 9704 -136 -3691 -599 9400 -799 751 3940 7481 3950 1284 4373 3901 4299 7804 -3130 2266 9212 -1076 3660 2794 3386 723 1115 -603 -466 2792 402
