320 3167 1897 3118 1746 2697 2216 1401 3278 5447 2338 -1071 4635 6008 1183 3653 6292 1885 5887 7159 2620 1162 6302 2946 2224 6372 3040 4065 4927 4517 6949 6184 2106 3931 3388 1569 3549 4528 4304 1748 7497 4470 2937 6159
-1427 -68 4106 1075 4181 2188 2358 1610 1638 3089 4144 5494 6088 4338 5831 3183 1637 4162 1079 700 340 -661 4818 1378 573 5553 2865 2563 3841 2533 3776 -398 7119 3889 1170 2063 4159 4201 5424 1592 4189 4328 4906 4561
98 -342 -558 5794 880 1435 3731 -1441 -2085 4127 5046 3956 669 -828 1834 -1463 -640 -1238 5100 -2671 -2728 838 631 -3864 550 -409 1027 3545 930 639 1550 3260 6496 1369 2759 3900 161 -366 2082 4059 3765 -2690 -236 5790
-1243 732 2717 -3277 -944 1615 2371 2833 -633 616 1593 -520 -1557 3028 29 1071 -151 3432 1527 -1208 2652 935 -2550 -1007 1770 1143 5353 1729 986 2141 4065 3128 934 1509 3993 2003 2749 -36 -268 3993 510 180 -618 1999
-1967 1786 1222 3807 5758 4026 624 2864 1817 -581 -900 1525 3820 -864 1710 -876 3775 -1364 1904 431 1193 712 4859 4333 -457 -813 3710 -1635 -346 -2839 -1311 -4213 4121 2867 -685 164 1212 1847 2245 -3610 -841 3251 -1240 2922
-748 4344 1951 862 325 1867 -91 1116 5243 366 -3332 605 3150 1866 -3607 2730 3150 3360 3027 2774 4130 -1175 6981 3119 297 3609 -3355 -811 -280 381 -693 4342 3222 -1155 1559 3826 -566 2372 132 1419 3561 1103 2898 4561
1460 -80 -497 -279 1128 1205 827 3561 6677 749 1596 -1415 -257 5396 1739 1001 3289 1340 19 931 1589 5986 -971 -1984 3530 3083 2676 -673 2489 3886 4740 1788 -2644 266 4518 -1352 -3009 2462 3288 5560 1750 1286 -912 4231
-629 -2971 -2816 3961 3020 2509 -2362 -2736 -435 2507 2282 -824 599 142 1052 -2042 1235 -4124 2501 -1739 2764 27 4173 3084 1026 3315 2500 3234 2138 1402 -966 -358 -1291 -799 -265 3215 4173 3316 125 2211 1483 -4902 1179 764
-1524 -122 6011 1929 -890 -2818 1073 1449 -448 -924 4133 4829 -570 1020 -3583 499 1028 5751 -1012 1639 -2359 5378 -1758 -497 3111 3228 -3011 -5476 3173 1723 2025 2039 139 4249 3830 3401 3778 -1765 -1630 -2861 -1948 154 -364 3994
2001 1529 1462 163 739 294 1499 475 -901 3430 2218 -500 1601 -478 3625 1458 3998 -4248 2740 2377 1501 -376 -3030 -970 1898 -216 -2501 7700 1632 2506 2677 -821 -2096 2632 3670 -1865 -4413 2628 860 374 2704 4249 3369 708
-883 -709 1507 3863 -119 5119 618 -5065 2367 4240 2167 2354 7406 -285 -1530 4512 1679 3447 2248 6572 -2544 -2500 5481 6261 1991 -2413 4360 2714 2772 -2028 1146 2722 1629 -26 767 -824 3071 1635 2127 2333 1291 2185 1423 3492
-6567 530 6279 -1005 1703 1625 488 -849 3691 -1474 -3480 6491 1317 -2248 2299 1239 3836 1770 4928 -1463 -3857 2871 958 907 -848 1863 1191 2455 -1519 5464 297 -4988 -312 1926 2143 -2559 -267 2842 4006 794 1872 1112 2433 6067
1548 6385 -284 -1996 1938 1261 -923 -2459 -23 25 616 1762 438 -371 4097 2135 -1648 1529 -1571 5916 1225 2535 -921 -1693 1827 2851 6263 3303 3730 -4112 -2428 -11 3464 3659 4012 301 4373 3200 1109 2662 3957 2781 -866 2979
2412 -2178 253 3875 1552 1748 979 3643 2651 773 835 -605 -4281 3993 -369 -1239 6192 1701 2636 848 1424 1723 1537 249 2037 -1278 -1074 2496 2932 -187 -1008 5479 4097 -1479 -936 293 713 89 -2348 1186 2223 -3038 1311 3475
-896 760 6463 2391 2737 983 2825 2114 -2930 2239 -2554 4074 -11 -106 684 6160 2745 3020 -216 -1506 1424 5676 -1652 711 2736 2556 2799 -898 1153 863 3790 -1927 -1395 1510 3386 -4236 2988 -481 306 3560 1723 513 -440 2116
1381 2533 2208 1911 -2908 3655 580 1920 4833 1661 4028 1045 1213 -1300 3563 1383 443 -3671 2482 5522 3599 -2436 2919 -449 572 -1317 183 -61 -1580 -86 3242 4001 3043 3721 -750 3482 3600 -777 764 -332 1848 2064 -574 1843
-1392 753 2425 -898 638 4282 -353 2352 2535 2310 -1073 2298 -5444 4117 2523 185 -3467 6330 6681 -1872 -3621 494 1425 3289 -648 -1989 -2518 4813 1898 3055 3051 3161 3350 -2613 -2541 475 631 -1960 254 -1779 -556 3266 -289 2439
4177 -758 479 2494 55 230 1899 3312 -1691 1244 7001 4655 4929 3855 623 -2821 3978 2831 569 -1626 2632 3364 1804 -40 2271 4727 5116 275 -2159 2595 1739 -869 3050 883 1404 853 -1939 1345 1180 -107 1227 906 1238 3424
-5021 2509 3909 219 412 -1700 511 2379 3130 4449 2366 -1102 539 4003 -392 -1382 2528 2378 -1353 -1175 4765 1341 161 4651 -442 1454 4253 3316 -101 -2000 -581 2618 2086 -2029 7758 -395 912 200 1396 863 817 2856 991 5401
747 2782 -1297 -258 -4412 1049 -28 36 368 3375 -630 -1968 1158 699 2297 -1569 3648 4771 2088 -1492 3160 3075 5358 1966 4714 1381 671 517 5383 -3191 2151 4879 3920 2116 -2045 2407 2590 2800 1081 2969 6762 506 -1754 6108
-1689 1998 -2375 -792 2232 697 2952 369 2493 -411 1413 2935 5381 2497 -796 1272 3581 4524 1973 2749 1184 3120 325 2450 3314 4308 2750 -327 2899 3420 1124 -2200 238 2523 2857 1617 857 2467 -1265 2311 4953 2460 738 1169
-1978 -14 2464 4974 2568 4134 -2006 -1274 630 -697 1956 -2072 1785 -2548 -1333 4366 -1017 -1510 -350 -520 1168 -2737 -377 -439 -2620 -1565 860 -652 -580 4536 1848 -1878 -676 2145 4133 2968 -2561 -1934 1502 -2743 -929 -1589 -298 1748
-1262 4875 994 -1910 -873 -2696 3501 3944 -596 -5191 -1800 1480 239 872 434 781 627 -1879 -744 2168 2646 -4307 -4985 -1068 273 -793 367 1065 2722 3091 -1117 5341 1927 2306 1636 -2299 -823 -266 -3956 2687 2454 999 1110 2141
-2147 1365 3274 2317 -1039 -640 4437 2647 455 -192 384 2082 2455 1989 69 -317 47 1889 -384 -1315 -2090 2457 6314 3885 3299 510 -2402 -2341 1318 1784 -3250 -2667 1226 2918 43 240 2967 -111 4096 486 1584 760 -2009 2188
-1961 224 -1575 587 1210 538 6051 1886 2464 3099 4024 -6667 589 3248 290 2056 -1416 -210 4313 3109 4070 4665 437 2507 1124 3459 -2229 176 2965 832 -2015 1521 3722 -734 2671 3445 1208 3920 612 -2404 1350 -1905 -70 5475
933 664 762 -1996 1069 3111 5909 856 -1106 3089 2538 -407 3027 2275 3066 6283 33 2271 3995 835 3322 -570 2346 -65 3256 1280 -1265 -1418 5923 -880 903 4798 -780 -935 3570 2473 -805 218 1726 4583 3402 2935 179 4696
-325 -589 421 568 171 -1803 223 -1590 3604 7456 -1409 2874 1008 -2225 2430 -1537 -962 1900 -1651 -1286 -3092 1282 1293 -1018 -1545 1970 1557 3025 2862 -1464 422 -151 1407 2552 908 3211 1853 2307 5994 3381 2570 912 3559 2228
-2016 231 2363 -2614 2104 6287 1540 -1595 2559 -2000 514 -2287 -1072 1990 3011 228 5321 5016 -886 3457 3994 251 570 -2900 -446 1005 743 -20 -1022 -3827 46 2576 4489 823 -3635 1850 3342 4273 798 2217 -216 2010 -394 6149
3899 3837 690 3124 990 2825 -1453 -2079 -759 1519 1615 -463 2606 4108 3152 97 3308 1556 3916 227 997 -1049 -3891 -2815 3071 1530 -4468 3261 7011 2966 2920 4130 -2207 1781 7819 1887 -1919 1896 3967 3366 3536 3309 2227 2907
1157 492 -32 -1052 4751 -1802 -3186 2597 1929 6451 3752 1135 2882 485 -1083 1862 -355 2709 74 4421 2335 1615 -911 5235 8884 3563 2777 6534 -1562 83 1583 2621 -651 2598 4249 861 -346 4244 2398 1352 5277 1414 -1324 3194
-3117 -2041 916 1615 -863 5411 2933 -528 4842 3292 1234 1411 -2932 -634 -136 1868 1532 -1309 -2529 3584 4735 3008 -194 1447 -2552 -2742 1252 2295 -661 -886 3421 1893 4026 4413 -1131 277 3265 1753 146 5228 115 -258 -599 427
-1842 5845 4519 -145 797 -129 3245 6158 4556 1925 17 -3521 -581 -439 836 -886 -652 1455 4444 1980 67 -3780 449 954 1076 2137 301 4677 4850 3031 -2732 3076 477 3133 1116 -2441 1805 -3864 3543 2805 -34 3260 4474 1030
1083 2429 -335 5237 1935 794 -353 309 -2597 -1420 1546 3888 -2419 2805 3379 3357 2783 3071 3037 5614 2485 -3190 2000 8676 4270 537 2263 879 -4760 -1836 1856 -2419 3377 3176 -3387 2459 3151 4974 3463 -2800 1255 3109 -3801 5112
-1497 350 3245 1124 131 -3046 -237 328 2168 -810 5499 886 1760 1067 3707 3871 -458 -1481 2624 3814 1449 1262 7944 1679 -4326 -1647 -957 2360 -870 846 1436 5446 4766 1464 3896 -963 -253 1621 -483 -252 772 476 2708 2635
-2678 2513 552 2013 4031 -93 2257 2045 229 1339 -3073 -2281 738 -250 2471 -2734 4143 524 2210 102 1399 3932 1702 -5067 1995 2823 1076 975 2850 3732 1607 742 2460 996 -666 2035 -2106 268 5484 2494 -93 832 -2348 3379
3521 36 -200 2017 4377 -67 1061 -5044 1145 208 1021 -982 -5465 2255 3552 1028 -807 1261 806 -1501 1078 1298 -675 2234 1812 2932 2762 4562 -1685 -498 1846 3684 755 240 4723 -999 1888 6341 3760 -980 -3064 -2007 798 1507
-2108 1800 1392 3920 -1216 1569 2842 3866 1198 1523 1204 655 3688 5690 2651 -2407 2018 5472 3589 1772 878 1818 2096 4671 5050 -1694 3440 3931 -279 -632 6671 2723 -799 -356 2866 1274 4174 -2635 -400 -1323 5581 4970 54 3342
-108 -209 4855 4460 4868 3789 3733 5440 5735 5981 4529 811 434 5964 -993 2679 4585 508 -1977 1284 4678 1744 148 1705 2808 -336 -2818 -172 2509 2235 944 -2385 4231 4046 -1899 -981 -2287 4261 1481 3052 6771 5049 -4500 2476
1264 1616 -2930 3568 -1327 2977 4584 1790 3150 3048 760 40 889 1067 4103 -1311 885 -2909 2634 4502 4386 112 -3297 714 189 -4 2262 1567 1251 -967 -4399 2272 3117 -1831 -4585 -1781 5153 1113 1149 -588 -1517 1510 2115 2377
-4622 -1674 6798 -30 -1043 1143 1031 -608 1875 2268 2015 865 4653 5085 -3966 -2664 554 1115 1507 4036 -1674 -5077 2185 5184 -2227 -124 2731 -1245 -1058 -1979 1619 -2595 -2520 -3112 1579 4567 239 -2909 -1423 417 3660 1209 -2069 3870
161 3840 -244 -1057 -825 2283 -1160 -1528 3732 619 1722 2361 3476 -2520 -1644 2514 2768 -190 522 2711 -1633 1183 1615 1002 -2110 3816 2234 -1838 2207 942 2163 2723 1356 6607 3751 341 -2172 3604 4108 3414 -3463 -1338 26 2744
866 -331 1342 -1849 2673 1241 3303 293 2155 471 3368 3356 3099 3496 4367 436 -4339 -616 4137 1911 2437 -707 2222 876 3211 3585 1115 4306 5752 582 2524 3981 3608 1140 684 4321 257 -260 1365 359 -554 -579 1391 5733
-86 2648 -390 726 -2042 -2034 -1218 1266 -2938 -3889 1372 2008 -2124 1060 781 -3976 -452 4756 -1565 2748 -2077 1383 2404 905 -1203 577 865 449 4131 733 284 25 -104 -168 3236 1367 -2217 -833 772 3991 2794 2248 397 914
2061 -4341 -5774 -4159 -2775 -2810 -3429 -4279 -4460 -3458 -1344 -3817 -3822 -4187 -5723 -3158 1265 -4272 -5087 -4876 -3338 -3310 -1635 -7793 -436 -979 -3071 -5620 -3193 -3711 -3786 -2380 -6060 -1556 -4129 -5809 -3813 -395 -710 -5011 -4195 -3436 -2773 -1893
