178 6205 746 -402 -6515 -1744 -6541 3483 -7341 -5151 -5844 619 -5159 -1273 -4870 -622 1596 -3348 -5653 1591 195 -3577 -7084 -4757 -1690 997 -7324 -7262 -2582 -2222 -5778 -9119 -719 -56
717 -9725 2601 -1107 -937 -6886 -8823 -7487 1363 -6005 -9293 -13004 244 928 2117 -6869 -13574 -6319 -10150 -5389 -12321 -7497 -12291 -5306 -6489 -1286 -12925 -7628 -962 -11560 -3527 -808 -660 -7207
-2695 -3527 -1591 3616 4634 -2207 -6674 -266 -1138 -303 -2411 1140 -5494 -8620 -1980 4398 -2127 -10266 -7442 -2093 -866 -8114 5520 -4891 -3549 -789 4707 -442 -5232 2860 -3143 3019 3257 4193
-11067 817 8774 1963 -12780 104 1164 -1588 -9214 -1368 -5258 -3393 -8637 1927 -2054 -8815 -5885 1511 -4808 -1949 1633 -4604 -4273 -1912 9100 -4076 -842 2915 -8947 -14135 -5597 4521 -1303 -5239
3065 -7339 -2503 116 7705 -7895 -9584 -12402 -8867 -1188 941 -4990 -216 -4050 -3097 -1703 -655 1530 -5005 -2038 -2525 -312 -1302 3967 -10843 -5951 3725 -1389 -7772 -1187 -1795 -11211 -4064 -3696
-4011 2836 2843 -6407 1144 -3489 2369 -1158 -12953 -7062 3188 9669 -9094 -6468 581 -3251 1110 -2642 -6951 -13682 -9385 -6114 -2339 -4977 -2527 -2866 -4370 -5450 240 -1427 -9403 -2863 3847 856
-2636 -5552 1692 9156 4369 -5298 -6703 -5483 -7 1366 -9712 6224 2941 -2901 -6172 -11379 -1164 -2914 678 -5688 -8286 -10275 4134 -542 -6388 -4936 2542 8071 2838 -13800 -5972 -1025 -248 -161
-1473 -1326 4039 -1432 -7650 -1993 7268 -4266 -14477 -14207 -948 -1875 -848 -5029 1899 1713 -4253 -7836 -8317 -2875 -1553 714 -1754 5454 -183 -2630 -1433 -2503 715 -3977 -3899 -3100 -1136 -3269
-12907 3143 870 1474 -11463 9650 186 -2499 -7461 -7080 -10987 8114 -6336 -5035 -8196 -447 -896 -1205 -2987 4809 -10536 -6786 -1445 1332 -6493 -8914 -7158 6166 -1093 -476 -5804 -1598 -4350 6301
3230 -6308 -7096 8404 5124 -2092 -8745 -3620 9548 5098 -1774 -7133 -12542 3201 5078 -4651 -5876 841 -5639 -6760 2341 -7521 -1184 -11675 -1445 -1970 -2113 -10028 -4046 -1916 4680 -3264 -406 8675
-1335 1444 8786 2099 -7461 -11680 5386 -752 268 -4483 1578 -15232 2038 -2350 4034 -10160 -3063 -4685 1413 -7988 -5905 5499 -5431 -8252 -6613 -142 900 -8290 -4111 40 -2382 -2163 -1799 -4806
-4546 -6994 5237 -823 -5553 -7983 178 1719 -16 -1662 -9084 -610 -5003 -5354 -6121 -1872 -845 -886 -1092 -731 -6107 -7751 -7448 -173 2065 -1629 -5235 -1997 -10707 -6274 -2021 -1224 -4065 1479
-5415 2574 -148 3021 -3422 2537 -7318 -4252 -4355 8922 -1586 -1961 -4781 122 -7986 1205 -81 -3949 873 6010 -115 -4869 -9182 -11981 4052 454 -5835 -6633 5292 -7462 579 -6049 2324 3748
-7973 4503 3835 173 -939 1657 -5882 1801 2416 -3029 1618 -3773 1718 -5111 5946 -4093 -4124 -4810 428 -3461 -3015 -3661 -5659 -1618 4598 -5078 -1608 -91 -3322 -1263 -3562 -9598 -7166 5118
4375 -8402 -3357 7036 9729 -2264 -12814 -9161 399 6310 -8739 -15374 -9888 3820 1498 -3126 -2510 -8659 -12070 1642 -242 -2487 -10046 1367 -8261 5603 -5519 3453 -5675 -5414 -8481 -8388 -6843 3928
-7222 2247 6056 4279 -7752 -8242 -3703 -5399 1697 -9286 -3406 -5947 -6411 -4009 -2095 5550 -5988 38 -6673 -3864 -3901 3170 -6447 -12536 2939 -5614 -323 -11667 3558 -3298 -3174 -2422 -4254 -160
691 -4463 -4151 6043 -3941 -5437 -4501 -2447 -4928 -1541 6122 -1769 -7588 -8131 -3078 3873 2684 -7429 -7120 375 8505 -619 -5408 -9070 -3948 -1976 6613 -3591 -5032 -2877 6279 -6834 1127 -376
-7197 -1528 6471 2738 -6061 -2364 -4014 -406 -3027 3507 -2848 -5284 -8144 -3973 1354 -5306 -4724 -3107 3674 -10547 -1415 1120 -11039 -5339 -1679 -904 -10671 -1002 -6661 -2890 -1148 8299 1242 -2415
-5723 2589 2709 857 -2896 -1230 -6337 -1922 -351 -2858 2739 -6440 -3169 -8464 -7846 -5347 3859 -2604 -8438 -1175 2963 -6038 -614 -4845 -4894 -8127 4736 -826 -7749 -8494 4034 -432 -763 -3482
877 -252 -1658 -3071 -7262 -1371 -460 -6380 -482 -2575 -5870 -1813 920 -10762 -5423 -2782 -9037 -3831 -172 43 -1342 -4324 -5647 -3923 -931 -2409 -7610 -8775 -6235 -8140 -568 4989 -2521 -5208
-4054 -4522 -2021 -2414 2645 1067 -3965 -7632 -8324 -4171 -2558 -5176 -119 -2298 -5186 -3667 -1546 -6741 -4246 -556 -2122 -2387 -2777 -278 -7385 1830 -4338 -7366 -13687 5546 -4304 -161 279 5554
-1940 -4936 3082 8633 515 -4457 -9405 185 2829 85 530 2630 -7428 -8987 -3049 -4831 -5640 4357 252 -10577 -3453 -1207 4718 -3923 -7201 -7964 -2146 -362 549 -7815 -2424 563 4927 -193
-304 -3863 9177 2085 -9073 -5159 -3419 171 -872 -5646 -4382 -1846 -661 -825 -1717 -3417 -429 48 -16206 -4635 8432 1899 -9935 1534 91 -9656 539 -13 4995 -5385 1372 -307 -6148 -5971
-8613 1541 2607 556 -6352 -3221 -1052 -12315 -11209 -6483 502 -1988 -3369 -3930 -4783 -2649 -280 -8857 -4408 -8371 -5897 -4344 7917 -4169 -2922 -1896 -5835 -4004 -9967 -2885 -975 -1799 -12222 -3801
-7961 -4341 5358 267 -11032 -2654 -8209 -6168 -3445 1920 226 -2229 -7381 -8123 -8495 2680 -2337 -9049 915 -2374 -1639 -14219 56 4956 2086 -9539 -9632 -8535 -109 -1261 3576 3354 -5593 -3913
5206 2285 303 -3904 -618 -684 -3186 -6182 6482 2867 -10474 -10370 4376 60 -2437 -4960 -3393 -1553 189 -7352 -6455 -4670 -304 -2736 -9419 1407 -5667 -11505 478 10505 -4629 -3003 4285 1134
-10084 -1151 4827 7229 5214 -5424 -4584 -1176 -5793 -7563 5321 -4436 -6770 343 4668 -7286 -4709 8158 -6597 -11391 -1642 1029 -2654 312 -2741 -6694 -397 7951 -6285 -8292 -465 2318 -984 -2435
1809 -815 -2117 -660 -5820 -5657 -3905 -5869 -1862 -6376 -2142 -6399 -1086 -9296 -5779 -970 -2609 -5924 -11172 -4306 -2732 -3951 -3519 -4167 -2165 -1049 1419 -7820 -10646 -2623 -4194 -1675 -1663 -2897
-7776 -3364 3513 1330 -1120 1042 -5444 -6107 -1916 3205 5436 -5655 -16003 -2134 2979 -1804 -2520 2200 -7688 -3516 1253 -6371 -1261 -5406 -2756 566 -1995 -578 -3546 -7716 1184 -3762 -4525 -759
-3946 -2911 2011 -2883 535 -586 -1970 398 -3726 -1252 -4669 1159 2882 -4998 -5729 893 -1367 -6851 -8118 5254 102 -5794 -2388 -119 -3635 -6762 -4624 -9529 249 469 -1639 650 -2860 -3447
-6165 2815 4793 6651 543 1866 -6216 -2156 -1949 633 -1027 -2248 -1641 -7158 -4936 1248 474 -2413 1675 5063 -6293 -828 1353 -5700 305 4446 -5496 -1109 100 631 -5259 -1330 427 4622
-613 1820 2404 5259 6466 3293 -1275 -4379 2139 5193 2495 -2566 137 4692 7838 -7255 1968 7889 4297 -3782 907 2390 1068 1508 -2726 163 5758 4892 713 3700 1925 -824 1150 7456
-1998 1737 3319 -1283 5121 -988 -1762 2884 -5975 -472 1765 5644 4495 -1830 -4330 163 1088 3900 2 -2349 199 6050 -1730 -7575 370 -940 -821 3648 868 -2724 1267 1436 486 640
-1962 -1710 3868 1991 1567 -32 2094 260 1593 -2003 2369 524 1423 2935 -3565 -5990 5144 142 -4400 -2449 254 3248 -517 2178 -3256 1391 4135 2241 237 -3091 5103 -1274 152 4682
