5355 -1432 -5244 1231 139 1802 1747 319 5315 2294 -7019 -1663 1298 -1144 -389 2809 5099 -5390 -5295 -3256 -367 -1115 -1096 -557 -3513 160 1357 5018 10 3636 -578 219 -865 589 -373 -1039
-2706 -2570 -4896 -5055 -3241 -943 -3442 -2799 1059 -3670 -5413 1256 -6895 -2215 3219 -3071 -9771 -11182 -6375 2804 -8382 -5043 -5785 -3498 -6253 -5499 1 -11071 -8024 -9788 -5004 -6147 5292 -10982 717 2376
3637 -5553 -5049 -3250 -7039 -2909 -1940 -1030 110 4191 2552 -6442 -2922 4966 1419 -5028 -2894 888 53 -1138 1218 -3929 786 -6642 -2278 -1380 -90 -5447 -3168 3794 -1518 -255 -879 -6774 -3789 2473
571 1458 -7098 5466 -3332 1122 2660 3957 -715 -7385 -4454 -2080 1220 6537 2508 974 -869 2910 -4099 -1149 2988 4563 7103 473 2467 530 322 -5020 117 6054 -2463 -7866 4498 -5993 2830 -4140
-66 4082 -2331 9837 -1984 -2300 2855 5352 1322 -2813 46 6688 -3579 -5283 668 -3534 -6051 -7673 -2859 -2919 5168 1769 -1697 -8406 -5920 -6586 -978 -236 -948 3573 -730 2070 4770 -676 219 -3859
4885 1545 -4113 3995 -5021 -1506 -223 9328 3421 6229 -10065 5936 -4695 2240 2669 423 -1521 -5867 -848 -6734 -224 -3225 1146 -740 3078 2404 10019 6442 -5464 5486 12687 -266 6664 -7944 2039 -5600
-2080 -2083 -7018 1618 -3492 696 -6779 -1424 -4229 4702 -6946 -10019 2711 -1431 4409 -670 2924 -1467 -5006 1980 1230 68 -7 5084 -7636 -199 1853 -1269 -9193 460 4369 -5616 -2120 -8586 -2795 4159
5787 1864 88 1897 -3090 -2416 -1731 5654 -7276 3584 -715 2034 5989 3603 -3634 6874 60 4162 172 2004 7829 -9491 -1818 -5718 -1441 -8257 -317 -1758 -5198 3128 1995 -201 1466 393 -2237 779
3269 1986 -12098 -1155 -7844 -5084 8853 3414 2564 786 300 -4308 -1801 3582 8010 767 -2396 -2811 -2904 894 1142 10717 1587 11510 -4289 5121 26 4729 5273 4766 -2844 -584 3733 -8066 -4493 -4448
5740 -743 -1248 8056 3878 873 -397 -4630 -8697 3746 690 -6400 -4144 3334 -1615 2445 -7999 -3875 4085 940 -3378 3107 -1257 -2677 -2900 63 5099 2475 6490 941 -5010 5673 2821 -3164 546 -35
9521 1062 -961 3156 1568 838 -3266 9339 -4351 3848 -3445 -5843 5944 2055 -4496 -178 -624 -1822 -2390 -666 -4962 -1315 -6732 144 -9364 3282 -5716 1585 -6063 -131 3194 -4246 6622 -5209 4110 -2363
4791 -2385 -7200 -4569 90 -4188 -962 5499 3996 -2610 -7092 -1059 1796 3128 -5373 7105 -119 3273 -2352 5775 3226 4516 -1073 1703 -2986 -2571 -5589 -2504 -2389 -1003 -3553 -3888 -8453 -2051 -9531 -2699
3626 -639 -6484 6839 -909 -7319 -3041 -463 -2359 -8546 -2325 3051 -4824 6110 -4809 5876 2639 -5035 1573 993 2071 -1478 -5320 3685 406 1640 4723 75 7480 -1259 -6972 256 1907 -4987 -336 -839
2729 -6348 -4982 1718 4498 -8731 8635 -1822 -690 -4187 -4405 -6265 -2524 3973 -6618 -539 -5655 -1639 -2479 -794 -5021 7578 -5217 3410 -2889 3115 4053 -649 1176 5567 -3511 4848 -749 -1040 -3562 -3376
4355 -3711 -6514 8842 6117 -5838 10729 2294 981 156 2329 -4131 2377 2583 516 -724 3244 1610 902 1648 -1030 -5067 4265 -7667 -4392 -3081 2394 -7375 -1744 3491 -1618 -1143 1258 -2811 3225 -8257
8043 -8400 -8821 120 -318 -10523 8900 -1336 -1037 -5793 92 1730 -2448 -2622 2797 -1117 -216 -1949 -442 2900 -2478 4701 -2251 2563 -6331 6091 -4152 3008 3031 -1879 -898 -2638 3406 -3078 -1919 -1914
5561 -1418 -6244 7146 2311 -7117 2728 -4594 -3722 -1487 5020 -9219 198 2825 -2321 -5934 -1185 -4616 3624 1763 2769 -2245 7192 3421 1775 974 5961 2593 1364 783 1995 2381 8720 -10867 778 -3252
7293 365 -8156 1224 7316 -3357 7835 -894 5605 292 -2730 -3988 3080 8750 -5687 -889 -1108 208 -3425 -3415 -4874 -11848 -5161 4507 -5750 -5500 5311 -1136 -3700 3188 -4017 -770 -1340 -9643 648 -2179
407 -4024 -13331 3738 7418 -6612 -2430 3594 1132 -3123 1752 -4620 2191 -4464 -1545 -11356 143 -520 -4635 274 1365 -3607 1977 2224 -4109 -1563 -3614 -7604 44 1030 -5835 -3319 1715 -3972 -4605 -6299
2191 -2763 -12670 2489 1405 -2878 1235 5904 -720 -428 6804 -3340 -3195 4013 885 -176 5098 7399 1955 6108 5405 519 3325 4343 4835 2028 2595 -4820 -1049 1114 3264 839 7178 -4052 511 -6612
4596 -2498 -12463 535 -603 4236 998 -18 -2121 -3000 1951 2048 3649 -5085 3234 -1954 -1323 -4927 61 -6346 6641 -2113 2514 1388 -4252 -4458 3960 1862 -1294 8769 5073 -99 3227 -1602 -1418 -7218
2893 -109 -7179 3526 4641 1191 219 -3078 -123 -2780 -612 -2462 1335 -2902 -3411 -1174 -5067 -898 -956 -563 -8331 -4691 -918 -12712 -335 -3367 1748 -459 -577 -3453 1018 -3914 3731 -650 -1665 -1876
3168 -2663 -825 2395 -528 -1241 -1100 -3566 6153 904 725 1592 3734 6270 4999 228 1748 1514 3549 -4539 1209 -2431 1860 -6200 -3388 -4686 524 -4367 -5645 8035 -456 2998 7155 -7914 -4803 -4504
-1478 -7723 -12678 3678 -3814 3147 5619 -479 715 -4761 1283 2961 2220 4754 187 2742 -4524 7379 625 3270 6535 -517 2942 1484 5793 -771 1723 2422 2748 -2945 -791 -4290 3280 -8137 948 -1251
6869 -1029 -3010 1118 483 -3097 -1377 -774 501 1487 5111 1056 -10021 -2617 738 120 263 -1504 3132 -2332 -1826 -3271 5542 -4718 6382 4847 82 110 -829 -1429 -575 3261 6261 -2826 -2300 -1535
5772 4043 -9070 -3069 -2974 1831 -379 -5052 -3598 -5503 4130 4096 -3276 12235 -332 -4286 -4707 -953 -6026 2514 471 1095 -782 -3659 -3200 -1070 -4402 -2233 8065 6369 2009 1346 3750 -5763 -8980 -3143
6386 -432 -890 87 5026 2777 86 2111 1190 -1605 -875 -2104 -7605 -2237 -1669 3930 5670 5268 -2718 6079 5204 -5788 1248 364 -943 -5172 18 1653 -2392 -3186 -1273 -3495 649 2875 -2911 -768
-136 -736 -7286 -1283 929 1349 -1613 3073 2546 482 1508 303 -7054 1014 -1057 2151 -745 10839 -3788 4924 262 3162 -5688 -6740 -3373 -3066 526 3251 -3422 833 630 6421 5152 -1979 626 -4905
725 -5404 -8791 -5115 -7901 -9875 -4082 -1681 -3477 -3916 6789 2181 -2158 3829 -5424 1303 -1807 6112 -6713 -1587 5118 5294 5024 -400 -859 515 -947 -3048 -2170 4305 -976 1813 -1232 -385 -7466 1447
5848 -1238 -614 1526 -1065 1244 -794 604 2658 -7207 -4899 1297 -8559 -631 -578 2872 -1523 8100 -5579 2721 1406 4445 -6605 4120 -2662 3917 -4050 3091 -5294 15 -6022 -846 5733 -381 -2266 1002
1871 1567 -3431 3573 -121 3667 6268 2136 4665 1203 25 2102 -6492 10094 -4488 1194 -4585 7873 -5717 3981 -3744 -4311 -7984 -3499 -7890 -6616 147 4289 -3517 4590 41 1198 3333 -2629 -8850 -2185
812 -5929 -3755 -2020 6947 1324 3544 720 2166 -3437 10086 3177 -10355 589 -7813 -3059 -3295 3631 -5934 -1705 -219 6573 -1718 7968 -72 -5073 -2685 1482 -3927 6046 -3054 -1649 -2813 816 -877 -666
1009 6676 448 3448 4393 -1919 512 -2988 -944 -2794 1592 3198 -1877 7095 -1130 5523 2325 6441 -9167 8706 1970 7018 -7425 -568 1505 674 1759 11045 2310 2588 3635 3449 10394 324 -4360 667
7418 9302 2137 -59 4610 3683 5194 787 5248 51 10572 11396 2815 7366 415 462 639 5278 3667 2323 -1113 5135 -3226 3430 4894 -1018 -695 4701 -2241 -1947 3199 -2206 2474 2459 -4497 494
7214 7140 3242 6046 8733 10254 4783 10857 8797 5036 7858 9143 3779 3394 1688 575 -383 4374 4455 9613 6129 14979 13042 7893 3757 5762 5336 6464 4344 3783 6008 -332 569 4409 -682 721
4172 4803 1166 3394 4416 2472 1318 -1922 2824 969 5263 2636 6460 2257 3076 2684 3894 7038 4728 5745 1551 4285 3992 2960 6026 5505 7320 8261 3248 6307 10002 1830 2886 9115 -3148 1705
