825 2714 2053 2156 3095 3077 2403 4158 3930 2038 3452 1349 1786 3270 3171 3736 3358 3155 3287 1886 3704 2788 3110 2969 3142 2191 4027 3105 4613 4971 2973 5497 1458 3762 1342 2656 1196 2622 1587 4008 3375 2687 3908 2469 3754 924
248 2174 1511 1889 -295 2756 3553 140 4706 1196 3605 2348 4139 609 2788 2278 1464 1344 2276 1493 1738 795 3593 2640 4732 4266 4200 4143 4336 3321 4019 1688 3563 2546 2769 3660 4683 3679 3536 3443 4280 3956 2898 5136 3370 2986
2203 228 3673 1334 3328 1437 2767 4193 1414 4872 3784 3582 1872 2151 1172 720 4810 3101 1254 4363 1503 5125 2069 4048 3244 1440 3275 3174 1044 3076 1128 1429 2167 1920 3946 3384 2059 2772 4056 475 3927 2068 2281 1578 2830 1135
1504 1880 520 3192 892 1837 1764 869 3725 1819 3891 2398 2968 1227 3766 3461 2861 3207 4175 2933 4590 2710 3478 481 3455 -192 3021 1145 3598 1354 2931 3800 -31 3624 1430 1105 3950 497 2860 3909 173 2684 556 3058 2196 1131
838 3838 2345 1409 3297 1007 1665 1877 1493 4817 1559 3673 682 4892 -120 2679 668 2738 1377 4284 2378 1362 1520 772 1488 4077 -741 5349 1747 5493 3693 2201 4787 1781 3303 2874 500 3697 695 917 796 1457 3777 2800 4475 531
1548 2765 4075 1687 951 2740 1781 3875 3154 2746 5332 144 2174 -216 2589 1810 1576 4792 1324 3127 208 2480 2603 4319 2227 3740 2422 2470 2713 3018 2584 3141 2152 3072 2557 1811 2908 1765 2472 3551 2805 3090 2523 2325 978 578
3095 -216 2588 1313 633 39 3445 955 4264 1809 1028 2993 5 2365 2501 2490 2318 2367 1753 1874 3304 2092 3650 4556 1520 1272 1137 1614 3549 2061 3578 3769 2971 2833 2731 2670 1516 917 1048 1240 2496 2226 654 -82 3259 254
900 4563 1253 3100 3075 1818 2689 1431 1224 1011 1112 63 2268 1710 1460 3116 2917 2622 2819 2729 2140 1951 1419 1752 1109 1775 1975 4157 4007 3459 2670 899 3729 2387 2103 2169 1571 807 3513 1218 2583 1278 1569 283 317 1704
2634 1806 3813 1531 3257 2237 2951 3933 1693 3026 1491 2197 2429 3407 2964 2433 2046 1637 1196 -136 1798 2736 582 2536 926 2355 2270 559 2053 1146 1324 1933 2800 4005 3265 1695 2464 2644 3343 4300 1828 2306 3069 3068 1013 2376
1627 2542 3265 1822 3117 951 397 1085 686 -73 738 2740 2649 5376 3497 3411 847 361 2525 580 1448 3245 2443 2739 2730 2937 3130 2139 939 2514 1983 2938 1631 2820 -127 4456 1771 4269 2295 1689 4486 147 3452 3338 2853 795
1458 2556 178 2576 528 1575 2308 -121 2614 308 1710 4391 3197 2875 2631 1454 1984 681 2056 1283 2740 1603 4176 338 2970 1210 1757 1984 1659 1445 1223 3120 1617 3628 3337 3751 4794 3274 2169 4318 -442 5412 -70 5213 2874 1289
1079 3393 2693 382 2262 1632 3146 1679 1096 2806 1736 2579 2418 1197 3219 978 5217 2281 3053 3234 2196 4107 1119 5590 2935 3992 1729 2529 1839 2693 1603 2608 2645 2331 3194 3774 616 3353 2394 1321 2216 2339 3737 2227 2842 1390
2894 1898 3281 2821 830 2582 -425 3804 1093 5178 1862 3914 2317 1559 4322 4322 1742 5220 -557 3985 1301 2822 2097 1283 5606 610 3293 2079 1744 3513 2353 3479 3202 2680 1836 1808 4315 -629 2706 1854 1191 1379 2500 1548 1649 -223
1401 4025 197 3603 1684 1858 3246 2508 3273 2278 4555 372 3025 1574 1349 3867 2269 4273 2840 3424 3078 2751 4875 1612 3192 1732 1623 1930 3256 397 5883 795 2107 521 3070 -69 2458 3577 -1311 3065 1184 2368 2034 2313 3273 2742
1880 4481 3363 2021 3269 2208 2346 2972 1761 3757 2584 2552 3688 962 5150 3528 3095 1901 3759 851 3336 927 2735 3739 1928 4063 860 1757 2566 4282 693 3995 -793 3246 2360 3638 1829 3158 1994 2892 2985 2508 2032 2739 2937 643
2555 1206 4420 -55 4278 1310 2992 1879 3330 3248 4092 1542 2981 4066 2202 4028 1369 2361 -146 2657 834 2346 1294 1420 1027 -654 867 1771 246 3073 805 1455 2059 1314 3215 1934 1520 870 3490 767 2946 920 2412 2342 3014 2232
1349 2016 1576 4139 3100 3903 3303 3013 4101 1065 3425 1370 1639 3954 2575 13 2155 1622 2579 1709 3552 2179 4277 1642 2901 1453 924 2105 2948 2445 3259 3557 3682 2518 1848 2773 1285 2921 3918 3073 4950 523 4370 1881 3859 -186
1062 1223 137 3438 1150 4475 2317 4220 3987 2291 790 3330 1076 2325 1301 1716 1363 1591 3790 2399 2106 3816 1321 2310 401 2578 2818 2647 3903 3863 1484 3804 313 2856 2061 2866 2758 1978 4350 4072 460 4543 1967 3975 1938 3087
681 2472 3599 801 5214 1261 2766 1373 597 1758 1972 1486 3732 1397 662 2072 1237 2630 1766 1334 2649 1760 1927 1853 2002 1266 4978 2681 2953 2019 1031 749 2313 2203 717 3030 1125 2363 -883 3782 1545 1793 2983 4504 847 1066
1551 455 1764 4602 876 3288 2719 3076 3391 3107 3163 2753 741 2737 1633 2201 1170 3645 1376 3318 2519 3346 2478 1447 2766 1337 3216 1669 2191 2722 3814 1566 3401 1556 3233 1063 3985 1749 3886 -82 2242 2673 49 3070 1347 434
2504 3219 3880 4750 3156 3569 487 2888 654 473 505 284 1281 1929 4724 475 5229 1772 5110 1164 3549 3032 2229 2708 2547 3419 1950 1114 2284 1944 3455 2017 1513 2737 2875 3573 1118 3981 689 1060 756 1447 1258 3061 1812 2103
2135 4512 4305 1806 4194 -805 4236 1223 4644 2589 3410 1150 2799 1181 3969 1244 3258 1717 3674 1349 2596 1504 3247 1275 3968 -499 2345 3606 1147 4500 2983 4311 2929 3832 4369 3374 3651 938 3759 3252 2269 3435 3140 2689 4571 1033
2752 3147 2656 2710 -382 2504 1871 3306 4020 4117 1380 4205 2278 4278 2411 4012 1102 5259 1707 4450 1874 3660 1371 2078 1862 1885 1063 3744 3105 3399 1846 1627 4528 1048 3380 518 1931 2777 342 3624 1627 688 3375 89 2707 -346
2152 2447 1777 671 2916 1635 4390 3677 2484 2653 1363 1479 3104 1388 1675 1871 2838 2287 3094 1561 3918 2354 6197 2162 4393 1792 3098 916 3150 2895 4021 3114 2739 4056 3121 3955 2050 4075 2305 1375 938 231 869 3432 -474 2392
2231 -181 382 1879 680 3887 -273 1217 473 877 2938 2185 2956 3866 2700 2060 3231 745 2264 1706 3418 4659 2850 4517 536 3321 391 3682 1608 3619 2355 2838 608 1886 2835 3135 2651 2719 1578 1931 1266 4223 1224 5332 2338 1318
198 2995 -240 2419 3594 810 1933 2071 2847 3240 3687 3633 3179 1834 2588 1301 510 1051 629 3103 2014 2906 1157 2209 704 2425 2777 3692 4832 2650 2077 2062 3060 2576 3394 4564 1702 2203 3756 552 4539 3140 5808 625 4886 -832
1114 1093 2966 1234 3785 2008 3178 3678 2737 4468 1369 2091 3206 999 2380 1920 1170 3645 1216 3814 1191 2671 376 1901 886 1218 2891 2739 3072 3227 2643 2135 2966 3637 1678 4156 2466 2775 1715 2902 3015 2419 2622 904 1533 823
1799 370 2480 1727 2261 1941 3285 4014 4794 909 4167 1481 2390 3839 2750 3372 3488 4917 3431 1853 5045 1746 4019 1332 1316 2715 3016 3824 3417 2330 4009 1739 3503 3255 3266 3510 2857 2008 3588 2202 3694 3096 1520 3786 773 1867
2090 2502 1871 3432 1278 3581 2232 2600 1034 2733 1083 3942 3008 3131 3057 3416 2326 1419 5055 1575 2448 4003 1941 3014 763 2351 2941 1840 3423 1760 2673 3999 1774 4252 3295 2127 2719 560 2123 2024 2372 3535 2882 2302 4184 810
1040 3498 197 1630 2284 1954 2362 1901 174 1112 1540 3198 2061 1877 964 1528 3193 2329 2234 3619 3236 2083 3686 344 2929 2713 3687 2411 3625 3494 4021 3302 3929 2106 2187 1321 1850 3400 1346 4808 2193 3372 4317 2176 2658 1317
751 1502 1550 334 2188 4492 1116 2492 1144 2508 981 3224 867 1534 2447 1436 3038 3410 2301 2520 2075 4562 0 4039 630 5338 3602 3273 1836 4815 1516 3981 2161 3904 1327 3430 -191 2395 3723 1447 3983 1150 1500 2443 415 1831
1294 965 3043 3570 3392 4039 2771 2738 2650 3401 2608 2523 1806 964 139 2566 6 1368 806 1937 680 2985 1501 2995 4263 2051 5527 2944 3093 2400 3015 1303 2617 1657 3490 2084 3132 3872 2482 2985 759 2048 -341 1961 1455 1111
1924 3388 4266 4053 3605 3382 2978 3276 3684 2180 3676 594 5050 1448 2650 3797 2277 3261 1546 2732 1472 -250 3068 503 2239 2156 1222 3243 3214 966 2917 1612 146 3683 -447 4372 2423 2685 5641 953 2165 1645 858 2002 1556 598
2891 2643 3588 3467 1541 3367 4350 1022 2337 1768 1385 2582 1966 3143 2923 1598 3877 2990 2328 1247 3190 129 3867 2002 3023 2279 2400 1954 2972 2277 1320 2275 2251 80 5144 1374 4388 2284 2646 2312 1761 1081 3279 1989 4413 292
1593 4207 1317 1549 1524 2396 2933 2794 2630 1953 3882 2637 1469 2836 3244 4180 2807 3103 2763 1327 1709 1218 2123 2645 2277 2095 4234 3134 4020 1726 2961 2002 3175 4014 433 2608 884 65 1228 2038 2353 4002 4813 2808 2515 225
3319 1185 3093 736 3071 2627 5003 2284 3223 4444 3927 3481 3800 2377 1145 4582 1404 2096 1673 2230 1420 4438 738 3653 1338 1478 3066 209 1289 1749 1436 1977 3603 387 2676 -540 690 1996 -209 2653 1137 3737 1848 3546 198 1523
2399 3361 1827 4182 2151 3283 1247 1606 1492 2376 1189 2911 265 1100 3772 1655 3676 2935 3315 2747 3848 1532 2470 2023 4351 379 3408 4496 2389 3242 4237 3066 2240 3915 99 4725 1455 3888 3148 438 3429 2462 2062 2873 1390 2118
2668 2093 1254 2014 3607 441 4052 2144 2609 3910 1646 1857 4164 2156 1257 4448 1270 3130 1606 3510 363 1784 3414 -439 3781 4075 2298 2135 3253 1863 1323 3615 -381 2460 2476 1760 5715 650 3652 1699 2307 320 2774 -1059 3282 -652
1038 2510 11 1740 2645 3762 1485 4362 2504 3907 4481 2563 3068 4419 2404 677 5182 -315 3314 865 1394 208 -240 4371 -361 4484 1518 3056 2616 5386 3004 2054 578 684 2136 4898 620 3536 2596 2798 2655 2322 379 3498 2150 2648
975 3261 3641 1946 2893 866 523 1341 379 1739 -26 3120 59 2307 1332 3319 437 4894 2282 1214 2863 -8 2159 2265 4263 2270 3445 3846 2733 3233 3048 1414 2328 2130 4404 1894 5252 965 3170 3553 404 2713 3331 4221 3497 2702
3090 285 3086 832 785 1580 1850 1985 2931 2879 1850 2344 1182 -215 307 915 3224 212 3383 1782 115 1899 2216 2805 2026 1986 1934 2795 3454 1828 1377 1945 1238 2947 2342 2833 3171 3086 1883 704 1249 450 2309 3093 2754 692
1583 3645 1162 1519 -343 2660 1026 2969 2091 4263 4739 1816 2951 1581 3347 1999 3526 3317 2505 1788 3844 2407 1800 3639 1428 3919 790 521 1238 1637 333 1385 2644 3873 3658 2713 2336 2181 3825 1721 4297 2817 3242 4770 368 1055
2694 3026 2573 3597 1933 3425 2466 4198 3320 3539 3163 1313 4159 1791 2927 2591 2716 1898 3347 1079 618 2417 3364 1606 4707 1630 3278 953 1047 2017 1042 1094 2680 1833 1994 3699 1616 3918 2614 3290 2729 3595 2065 2074 1526 -449
893 3065 102 1608 3514 1421 4933 586 3216 1595 2260 2064 1219 3750 1000 3915 3118 2838 1714 2952 2757 2888 1898 2039 -309 1128 965 1469 3855 3457 1613 4468 3179 2306 3981 1601 4618 2176 1400 4139 373 3434 2972 2059 3258 2159
1428 842 2878 1186 2930 3248 1924 3161 491 3647 3095 4790 3151 3390 5301 2274 4349 630 2396 2529 3066 1456 2048 1227 1685 2187 3316 3077 194 3003 413 2883 1150 4383 -737 4617 253 2437 1129 857 3309 3091 590 5135 1747 2864
1573 2173 1987 2210 2865 -32 880 1254 1510 3003 1861 266 1937 843 -574 2742 -1212 2530 -1310 2339 842 -642 -123 2162 1753 1757 2303 641 1880 -971 3493 -543 3598 540 2652 1642 1714 825 2888 1451 1903 3580 1602 2613 3316 321
