gmgja
gmgjb
gmgjc
gmgka
gmgkb
gmgkc
gmgla
gmglb
gmglc
gmhja
gmhjb
gmhjc
gmhka
gmhkb
gmhkc
gmhla
gmhlb
gmhlc
gmija
gmijb
gmijc
gmika
gmikb
gmikc
gmila
gmilb
gmilc
gngja
gngjb
gngjc
gngka
gngkb
gngkc
gngla
gnglb
gnglc
gnhja
gnhjb
gnhjc
gnhka
gnhkb
gnhkc
gnhla
gnhlb
gnhlc
gnija
gnijb
gnijc
gnika
gnikb
gnikc
gnila
gnilb
gnilc
gogja
gogjb
gogjc
gogka
gogkb
gogkc
gogla
goglb
goglc
gohja
gohjb
gohjc
gohka
gohkb
gohkc
gohla
gohlb
gohlc
goija
goijb
goijc
goika
goikb
goikc
goila
goilb
goilc
hmgja
hmgjb
hmgjc
hmgka
hmgkb
hmgkc
hmgla
hmglb
hmglc
hmhja
hmhjb
hmhjc
hmhka
hmhkb
hmhkc
hmhla
hmhlb
hmhlc
hmija
hmijb
hmijc
hmika
hmikb
hmikc
hmila
hmilb
hmilc
hngja
hngjb
hngjc
hngka
hngkb
hngkc
hngla
hnglb
hnglc
hnhja
hnhjb
hnhjc
hnhka
hnhkb
hnhkc
hnhla
hnhlb
hnhlc
hnija
hnijb
hnijc
hnika
hnikb
hnikc
hnila
hnilb
hnilc
hogja
hogjb
hogjc
hogka
hogkb
hogkc
hogla
hoglb
hoglc
hohja
hohjb
hohjc
hohka
hohkb
hohkc
hohla
hohlb
hohlc
hoija
hoijb
hoijc
hoika
hoikb
hoikc
hoila
hoilb
hoilc
imgja
imgjb
imgjc
imgka
imgkb
imgkc
imgla
imglb
imglc
imhja
imhjb
imhjc
imhka
imhkb
imhkc
imhla
imhlb
imhlc
imija
imijb
imijc
imika
imikb
imikc
imila
imilb
imilc
ingja
ingjb
ingjc
ingka
ingkb
ingkc
ingla
inglb
inglc
inhja
inhjb
inhjc
inhka
inhkb
inhkc
inhla
inhlb
inhlc
inija
inijb
inijc
inika
inikb
inikc
inila
inilb
inilc
iogja
iogjb
iogjc
iogka
iogkb
iogkc
iogla
ioglb
ioglc
iohja
iohjb
iohjc
iohka
iohkb
iohkc
iohla
iohlb
iohlc
ioija
ioijb
ioijc
ioika
ioikb
ioikc
ioila
ioilb
ioilc
