wmjpj
wmjpk
wmjpl
wmjqj
wmjqk
wmjql
wmjrj
wmjrk
wmjrl
wmjsj
wmjsk
wmjsl
wmkpj
wmkpk
wmkpl
wmkqj
wmkqk
wmkql
wmkrj
wmkrk
wmkrl
wmksj
wmksk
wmksl
wmlpj
wmlpk
wmlpl
wmlqj
wmlqk
wmlql
wmlrj
wmlrk
wmlrl
wmlsj
wmlsk
wmlsl
wnjpj
wnjpk
wnjpl
wnjqj
wnjqk
wnjql
wnjrj
wnjrk
wnjrl
wnjsj
wnjsk
wnjsl
wnkpj
wnkpk
wnkpl
wnkqj
wnkqk
wnkql
wnkrj
wnkrk
wnkrl
wnksj
wnksk
wnksl
wnlpj
wnlpk
wnlpl
wnlqj
wnlqk
wnlql
wnlrj
wnlrk
wnlrl
wnlsj
wnlsk
wnlsl
wojpj
wojpk
wojpl
wojqj
wojqk
wojql
wojrj
wojrk
wojrl
wojsj
wojsk
wojsl
wokpj
wokpk
wokpl
wokqj
wokqk
wokql
wokrj
wokrk
wokrl
woksj
woksk
woksl
wolpj
wolpk
wolpl
wolqj
wolqk
wolql
wolrj
wolrk
wolrl
wolsj
wolsk
wolsl
xmjpj
xmjpk
xmjpl
xmjqj
xmjqk
xmjql
xmjrj
xmjrk
xmjrl
xmjsj
xmjsk
xmjsl
xmkpj
xmkpk
xmkpl
xmkqj
xmkqk
xmkql
xmkrj
xmkrk
xmkrl
xmksj
xmksk
xmksl
xmlpj
xmlpk
xmlpl
xmlqj
xmlqk
xmlql
xmlrj
xmlrk
xmlrl
xmlsj
xmlsk
xmlsl
xnjpj
xnjpk
xnjpl
xnjqj
xnjqk
xnjql
xnjrj
xnjrk
xnjrl
xnjsj
xnjsk
xnjsl
xnkpj
xnkpk
xnkpl
xnkqj
xnkqk
xnkql
xnkrj
xnkrk
xnkrl
xnksj
xnksk
xnksl
xnlpj
xnlpk
xnlpl
xnlqj
xnlqk
xnlql
xnlrj
xnlrk
xnlrl
xnlsj
xnlsk
xnlsl
xojpj
xojpk
xojpl
xojqj
xojqk
xojql
xojrj
xojrk
xojrl
xojsj
xojsk
xojsl
xokpj
xokpk
xokpl
xokqj
xokqk
xokql
xokrj
xokrk
xokrl
xoksj
xoksk
xoksl
xolpj
xolpk
xolpl
xolqj
xolqk
xolql
xolrj
xolrk
xolrl
xolsj
xolsk
xolsl
ymjpj
ymjpk
ymjpl
ymjqj
ymjqk
ymjql
ymjrj
ymjrk
ymjrl
ymjsj
ymjsk
ymjsl
ymkpj
ymkpk
ymkpl
ymkqj
ymkqk
ymkql
ymkrj
ymkrk
ymkrl
ymksj
ymksk
ymksl
ymlpj
ymlpk
ymlpl
ymlqj
ymlqk
ymlql
ymlrj
ymlrk
ymlrl
ymlsj
ymlsk
ymlsl
ynjpj
ynjpk
ynjpl
ynjqj
ynjqk
ynjql
ynjrj
ynjrk
ynjrl
ynjsj
ynjsk
ynjsl
ynkpj
ynkpk
ynkpl
ynkqj
ynkqk
ynkql
ynkrj
ynkrk
ynkrl
ynksj
ynksk
ynksl
ynlpj
ynlpk
ynlpl
ynlqj
ynlqk
ynlql
ynlrj
ynlrk
ynlrl
ynlsj
ynlsk
ynlsl
yojpj
yojpk
yojpl
yojqj
yojqk
yojql
yojrj
yojrk
yojrl
yojsj
yojsk
yojsl
yokpj
yokpk
yokpl
yokqj
yokqk
yokql
yokrj
yokrk
yokrl
yoksj
yoksk
yoksl
yolpj
yolpk
yolpl
yolqj
yolqk
yolql
yolrj
yolrk
yolrl
yolsj
yolsk
yolsl
zmjpj
zmjpk
zmjpl
zmjqj
zmjqk
zmjql
zmjrj
zmjrk
zmjrl
zmjsj
zmjsk
zmjsl
zmkpj
zmkpk
zmkpl
zmkqj
zmkqk
zmkql
zmkrj
zmkrk
zmkrl
zmksj
zmksk
zmksl
zmlpj
zmlpk
zmlpl
zmlqj
zmlqk
zmlql
zmlrj
zmlrk
zmlrl
zmlsj
zmlsk
zmlsl
znjpj
znjpk
znjpl
znjqj
znjqk
znjql
znjrj
znjrk
znjrl
znjsj
znjsk
znjsl
znkpj
znkpk
znkpl
znkqj
znkqk
znkql
znkrj
znkrk
znkrl
znksj
znksk
znksl
znlpj
znlpk
znlpl
znlqj
znlqk
znlql
znlrj
znlrk
znlrl
znlsj
znlsk
znlsl
zojpj
zojpk
zojpl
zojqj
zojqk
zojql
zojrj
zojrk
zojrl
zojsj
zojsk
zojsl
zokpj
zokpk
zokpl
zokqj
zokqk
zokql
zokrj
zokrk
zokrl
zoksj
zoksk
zoksl
zolpj
zolpk
zolpl
zolqj
zolqk
zolql
zolrj
zolrk
zolrl
zolsj
zolsk
zolsl
