pgjpmm
pgjpmn
pgjpmo
pgjpnm
pgjpnn
pgjpno
pgjpom
pgjpon
pgjpoo
pgjqmm
pgjqmn
pgjqmo
pgjqnm
pgjqnn
pgjqno
pgjqom
pgjqon
pgjqoo
pgjrmm
pgjrmn
pgjrmo
pgjrnm
pgjrnn
pgjrno
pgjrom
pgjron
pgjroo
pgjsmm
pgjsmn
pgjsmo
pgjsnm
pgjsnn
pgjsno
pgjsom
pgjson
pgjsoo
pgkpmm
pgkpmn
pgkpmo
pgkpnm
pgkpnn
pgkpno
pgkpom
pgkpon
pgkpoo
pgkqmm
pgkqmn
pgkqmo
pgkqnm
pgkqnn
pgkqno
pgkqom
pgkqon
pgkqoo
pgkrmm
pgkrmn
pgkrmo
pgkrnm
pgkrnn
pgkrno
pgkrom
pgkron
pgkroo
pgksmm
pgksmn
pgksmo
pgksnm
pgksnn
pgksno
pgksom
pgkson
pgksoo
pglpmm
pglpmn
pglpmo
pglpnm
pglpnn
pglpno
pglpom
pglpon
pglpoo
pglqmm
pglqmn
pglqmo
pglqnm
pglqnn
pglqno
pglqom
pglqon
pglqoo
pglrmm
pglrmn
pglrmo
pglrnm
pglrnn
pglrno
pglrom
pglron
pglroo
pglsmm
pglsmn
pglsmo
pglsnm
pglsnn
pglsno
pglsom
pglson
pglsoo
phjpmm
phjpmn
phjpmo
phjpnm
phjpnn
phjpno
phjpom
phjpon
phjpoo
phjqmm
phjqmn
phjqmo
phjqnm
phjqnn
phjqno
phjqom
phjqon
phjqoo
phjrmm
phjrmn
phjrmo
phjrnm
phjrnn
phjrno
phjrom
phjron
phjroo
phjsmm
phjsmn
phjsmo
phjsnm
phjsnn
phjsno
phjsom
phjson
phjsoo
phkpmm
phkpmn
phkpmo
phkpnm
phkpnn
phkpno
phkpom
phkpon
phkpoo
phkqmm
phkqmn
phkqmo
phkqnm
phkqnn
phkqno
phkqom
phkqon
phkqoo
phkrmm
phkrmn
phkrmo
phkrnm
phkrnn
phkrno
phkrom
phkron
phkroo
phksmm
phksmn
phksmo
phksnm
phksnn
phksno
phksom
phkson
phksoo
phlpmm
phlpmn
phlpmo
phlpnm
phlpnn
phlpno
phlpom
phlpon
phlpoo
phlqmm
phlqmn
phlqmo
phlqnm
phlqnn
phlqno
phlqom
phlqon
phlqoo
phlrmm
phlrmn
phlrmo
phlrnm
phlrnn
phlrno
phlrom
phlron
phlroo
phlsmm
phlsmn
phlsmo
phlsnm
phlsnn
phlsno
phlsom
phlson
phlsoo
pijpmm
pijpmn
pijpmo
pijpnm
pijpnn
pijpno
pijpom
pijpon
pijpoo
pijqmm
pijqmn
pijqmo
pijqnm
pijqnn
pijqno
pijqom
pijqon
pijqoo
pijrmm
pijrmn
pijrmo
pijrnm
pijrnn
pijrno
pijrom
pijron
pijroo
pijsmm
pijsmn
pijsmo
pijsnm
pijsnn
pijsno
pijsom
pijson
pijsoo
pikpmm
pikpmn
pikpmo
pikpnm
pikpnn
pikpno
pikpom
pikpon
pikpoo
pikqmm
pikqmn
pikqmo
pikqnm
pikqnn
pikqno
pikqom
pikqon
pikqoo
pikrmm
pikrmn
pikrmo
pikrnm
pikrnn
pikrno
pikrom
pikron
pikroo
piksmm
piksmn
piksmo
piksnm
piksnn
piksno
piksom
pikson
piksoo
pilpmm
pilpmn
pilpmo
pilpnm
pilpnn
pilpno
pilpom
pilpon
pilpoo
pilqmm
pilqmn
pilqmo
pilqnm
pilqnn
pilqno
pilqom
pilqon
pilqoo
pilrmm
pilrmn
pilrmo
pilrnm
pilrnn
pilrno
pilrom
pilron
pilroo
pilsmm
pilsmn
pilsmo
pilsnm
pilsnn
pilsno
pilsom
pilson
pilsoo
qgjpmm
qgjpmn
qgjpmo
qgjpnm
qgjpnn
qgjpno
qgjpom
qgjpon
qgjpoo
qgjqmm
qgjqmn
qgjqmo
qgjqnm
qgjqnn
qgjqno
qgjqom
qgjqon
qgjqoo
qgjrmm
qgjrmn
qgjrmo
qgjrnm
qgjrnn
qgjrno
qgjrom
qgjron
qgjroo
qgjsmm
qgjsmn
qgjsmo
qgjsnm
qgjsnn
qgjsno
qgjsom
qgjson
qgjsoo
qgkpmm
qgkpmn
qgkpmo
qgkpnm
qgkpnn
qgkpno
qgkpom
qgkpon
qgkpoo
qgkqmm
qgkqmn
qgkqmo
qgkqnm
qgkqnn
qgkqno
qgkqom
qgkqon
qgkqoo
qgkrmm
qgkrmn
qgkrmo
qgkrnm
qgkrnn
qgkrno
qgkrom
qgkron
qgkroo
qgksmm
qgksmn
qgksmo
qgksnm
qgksnn
qgksno
qgksom
qgkson
qgksoo
qglpmm
qglpmn
qglpmo
qglpnm
qglpnn
qglpno
qglpom
qglpon
qglpoo
qglqmm
qglqmn
qglqmo
qglqnm
qglqnn
qglqno
qglqom
qglqon
qglqoo
qglrmm
qglrmn
qglrmo
qglrnm
qglrnn
qglrno
qglrom
qglron
qglroo
qglsmm
qglsmn
qglsmo
qglsnm
qglsnn
qglsno
qglsom
qglson
qglsoo
qhjpmm
qhjpmn
qhjpmo
qhjpnm
qhjpnn
qhjpno
qhjpom
qhjpon
qhjpoo
qhjqmm
qhjqmn
qhjqmo
qhjqnm
qhjqnn
qhjqno
qhjqom
qhjqon
qhjqoo
qhjrmm
qhjrmn
qhjrmo
qhjrnm
qhjrnn
qhjrno
qhjrom
qhjron
qhjroo
qhjsmm
qhjsmn
qhjsmo
qhjsnm
qhjsnn
qhjsno
qhjsom
qhjson
qhjsoo
qhkpmm
qhkpmn
qhkpmo
qhkpnm
qhkpnn
qhkpno
qhkpom
qhkpon
qhkpoo
qhkqmm
qhkqmn
qhkqmo
qhkqnm
qhkqnn
qhkqno
qhkqom
qhkqon
qhkqoo
qhkrmm
qhkrmn
qhkrmo
qhkrnm
qhkrnn
qhkrno
qhkrom
qhkron
qhkroo
qhksmm
qhksmn
qhksmo
qhksnm
qhksnn
qhksno
qhksom
qhkson
qhksoo
qhlpmm
qhlpmn
qhlpmo
qhlpnm
qhlpnn
qhlpno
qhlpom
qhlpon
qhlpoo
qhlqmm
qhlqmn
qhlqmo
qhlqnm
qhlqnn
qhlqno
qhlqom
qhlqon
qhlqoo
qhlrmm
qhlrmn
qhlrmo
qhlrnm
qhlrnn
qhlrno
qhlrom
qhlron
qhlroo
qhlsmm
qhlsmn
qhlsmo
qhlsnm
qhlsnn
qhlsno
qhlsom
qhlson
qhlsoo
qijpmm
qijpmn
qijpmo
qijpnm
qijpnn
qijpno
qijpom
qijpon
qijpoo
qijqmm
qijqmn
qijqmo
qijqnm
qijqnn
qijqno
qijqom
qijqon
qijqoo
qijrmm
qijrmn
qijrmo
qijrnm
qijrnn
qijrno
qijrom
qijron
qijroo
qijsmm
qijsmn
qijsmo
qijsnm
qijsnn
qijsno
qijsom
qijson
qijsoo
qikpmm
qikpmn
qikpmo
qikpnm
qikpnn
qikpno
qikpom
qikpon
qikpoo
qikqmm
qikqmn
qikqmo
qikqnm
qikqnn
qikqno
qikqom
qikqon
qikqoo
qikrmm
qikrmn
qikrmo
qikrnm
qikrnn
qikrno
qikrom
qikron
qikroo
qiksmm
qiksmn
qiksmo
qiksnm
qiksnn
qiksno
qiksom
qikson
qiksoo
qilpmm
qilpmn
qilpmo
qilpnm
qilpnn
qilpno
qilpom
qilpon
qilpoo
qilqmm
qilqmn
qilqmo
qilqnm
qilqnn
qilqno
qilqom
qilqon
qilqoo
qilrmm
qilrmn
qilrmo
qilrnm
qilrnn
qilrno
qilrom
qilron
qilroo
qilsmm
qilsmn
qilsmo
qilsnm
qilsnn
qilsno
qilsom
qilson
qilsoo
rgjpmm
rgjpmn
rgjpmo
rgjpnm
rgjpnn
rgjpno
rgjpom
rgjpon
rgjpoo
rgjqmm
rgjqmn
rgjqmo
rgjqnm
rgjqnn
rgjqno
rgjqom
rgjqon
rgjqoo
rgjrmm
rgjrmn
rgjrmo
rgjrnm
rgjrnn
rgjrno
rgjrom
rgjron
rgjroo
rgjsmm
rgjsmn
rgjsmo
rgjsnm
rgjsnn
rgjsno
rgjsom
rgjson
rgjsoo
rgkpmm
rgkpmn
rgkpmo
rgkpnm
rgkpnn
rgkpno
rgkpom
rgkpon
rgkpoo
rgkqmm
rgkqmn
rgkqmo
rgkqnm
rgkqnn
rgkqno
rgkqom
rgkqon
rgkqoo
rgkrmm
rgkrmn
rgkrmo
rgkrnm
rgkrnn
rgkrno
rgkrom
rgkron
rgkroo
rgksmm
rgksmn
rgksmo
rgksnm
rgksnn
rgksno
rgksom
rgkson
rgksoo
rglpmm
rglpmn
rglpmo
rglpnm
rglpnn
rglpno
rglpom
rglpon
rglpoo
rglqmm
rglqmn
rglqmo
rglqnm
rglqnn
rglqno
rglqom
rglqon
rglqoo
rglrmm
rglrmn
rglrmo
rglrnm
rglrnn
rglrno
rglrom
rglron
rglroo
rglsmm
rglsmn
rglsmo
rglsnm
rglsnn
rglsno
rglsom
rglson
rglsoo
rhjpmm
rhjpmn
rhjpmo
rhjpnm
rhjpnn
rhjpno
rhjpom
rhjpon
rhjpoo
rhjqmm
rhjqmn
rhjqmo
rhjqnm
rhjqnn
rhjqno
rhjqom
rhjqon
rhjqoo
rhjrmm
rhjrmn
rhjrmo
rhjrnm
rhjrnn
rhjrno
rhjrom
rhjron
rhjroo
rhjsmm
rhjsmn
rhjsmo
rhjsnm
rhjsnn
rhjsno
rhjsom
rhjson
rhjsoo
rhkpmm
rhkpmn
rhkpmo
rhkpnm
rhkpnn
rhkpno
rhkpom
rhkpon
rhkpoo
rhkqmm
rhkqmn
rhkqmo
rhkqnm
rhkqnn
rhkqno
rhkqom
rhkqon
rhkqoo
rhkrmm
rhkrmn
rhkrmo
rhkrnm
rhkrnn
rhkrno
rhkrom
rhkron
rhkroo
rhksmm
rhksmn
rhksmo
rhksnm
rhksnn
rhksno
rhksom
rhkson
rhksoo
rhlpmm
rhlpmn
rhlpmo
rhlpnm
rhlpnn
rhlpno
rhlpom
rhlpon
rhlpoo
rhlqmm
rhlqmn
rhlqmo
rhlqnm
rhlqnn
rhlqno
rhlqom
rhlqon
rhlqoo
rhlrmm
rhlrmn
rhlrmo
rhlrnm
rhlrnn
rhlrno
rhlrom
rhlron
rhlroo
rhlsmm
rhlsmn
rhlsmo
rhlsnm
rhlsnn
rhlsno
rhlsom
rhlson
rhlsoo
rijpmm
rijpmn
rijpmo
rijpnm
rijpnn
rijpno
rijpom
rijpon
rijpoo
rijqmm
rijqmn
rijqmo
rijqnm
rijqnn
rijqno
rijqom
rijqon
rijqoo
rijrmm
rijrmn
rijrmo
rijrnm
rijrnn
rijrno
rijrom
rijron
rijroo
rijsmm
rijsmn
rijsmo
rijsnm
rijsnn
rijsno
rijsom
rijson
rijsoo
rikpmm
rikpmn
rikpmo
rikpnm
rikpnn
rikpno
rikpom
rikpon
rikpoo
rikqmm
rikqmn
rikqmo
rikqnm
rikqnn
rikqno
rikqom
rikqon
rikqoo
rikrmm
rikrmn
rikrmo
rikrnm
rikrnn
rikrno
rikrom
rikron
rikroo
riksmm
riksmn
riksmo
riksnm
riksnn
riksno
riksom
rikson
riksoo
rilpmm
rilpmn
rilpmo
rilpnm
rilpnn
rilpno
rilpom
rilpon
rilpoo
rilqmm
rilqmn
rilqmo
rilqnm
rilqnn
rilqno
rilqom
rilqon
rilqoo
rilrmm
rilrmn
rilrmo
rilrnm
rilrnn
rilrno
rilrom
rilron
rilroo
rilsmm
rilsmn
rilsmo
rilsnm
rilsnn
rilsno
rilsom
rilson
rilsoo
sgjpmm
sgjpmn
sgjpmo
sgjpnm
sgjpnn
sgjpno
sgjpom
sgjpon
sgjpoo
sgjqmm
sgjqmn
sgjqmo
sgjqnm
sgjqnn
sgjqno
sgjqom
sgjqon
sgjqoo
sgjrmm
sgjrmn
sgjrmo
sgjrnm
sgjrnn
sgjrno
sgjrom
sgjron
sgjroo
sgjsmm
sgjsmn
sgjsmo
sgjsnm
sgjsnn
sgjsno
sgjsom
sgjson
sgjsoo
sgkpmm
sgkpmn
sgkpmo
sgkpnm
sgkpnn
sgkpno
sgkpom
sgkpon
sgkpoo
sgkqmm
sgkqmn
sgkqmo
sgkqnm
sgkqnn
sgkqno
sgkqom
sgkqon
sgkqoo
sgkrmm
sgkrmn
sgkrmo
sgkrnm
sgkrnn
sgkrno
sgkrom
sgkron
sgkroo
sgksmm
sgksmn
sgksmo
sgksnm
sgksnn
sgksno
sgksom
sgkson
sgksoo
sglpmm
sglpmn
sglpmo
sglpnm
sglpnn
sglpno
sglpom
sglpon
sglpoo
sglqmm
sglqmn
sglqmo
sglqnm
sglqnn
sglqno
sglqom
sglqon
sglqoo
sglrmm
sglrmn
sglrmo
sglrnm
sglrnn
sglrno
sglrom
sglron
sglroo
sglsmm
sglsmn
sglsmo
sglsnm
sglsnn
sglsno
sglsom
sglson
sglsoo
shjpmm
shjpmn
shjpmo
shjpnm
shjpnn
shjpno
shjpom
shjpon
shjpoo
shjqmm
shjqmn
shjqmo
shjqnm
shjqnn
shjqno
shjqom
shjqon
shjqoo
shjrmm
shjrmn
shjrmo
shjrnm
shjrnn
shjrno
shjrom
shjron
shjroo
shjsmm
shjsmn
shjsmo
shjsnm
shjsnn
shjsno
shjsom
shjson
shjsoo
shkpmm
shkpmn
shkpmo
shkpnm
shkpnn
shkpno
shkpom
shkpon
shkpoo
shkqmm
shkqmn
shkqmo
shkqnm
shkqnn
shkqno
shkqom
shkqon
shkqoo
shkrmm
shkrmn
shkrmo
shkrnm
shkrnn
shkrno
shkrom
shkron
shkroo
shksmm
shksmn
shksmo
shksnm
shksnn
shksno
shksom
shkson
shksoo
shlpmm
shlpmn
shlpmo
shlpnm
shlpnn
shlpno
shlpom
shlpon
shlpoo
shlqmm
shlqmn
shlqmo
shlqnm
shlqnn
shlqno
shlqom
shlqon
shlqoo
shlrmm
shlrmn
shlrmo
shlrnm
shlrnn
shlrno
shlrom
shlron
shlroo
shlsmm
shlsmn
shlsmo
shlsnm
shlsnn
shlsno
shlsom
shlson
shlsoo
sijpmm
sijpmn
sijpmo
sijpnm
sijpnn
sijpno
sijpom
sijpon
sijpoo
sijqmm
sijqmn
sijqmo
sijqnm
sijqnn
sijqno
sijqom
sijqon
sijqoo
sijrmm
sijrmn
sijrmo
sijrnm
sijrnn
sijrno
sijrom
sijron
sijroo
sijsmm
sijsmn
sijsmo
sijsnm
sijsnn
sijsno
sijsom
sijson
sijsoo
sikpmm
sikpmn
sikpmo
sikpnm
sikpnn
sikpno
sikpom
sikpon
sikpoo
sikqmm
sikqmn
sikqmo
sikqnm
sikqnn
sikqno
sikqom
sikqon
sikqoo
sikrmm
sikrmn
sikrmo
sikrnm
sikrnn
sikrno
sikrom
sikron
sikroo
siksmm
siksmn
siksmo
siksnm
siksnn
siksno
siksom
sikson
siksoo
silpmm
silpmn
silpmo
silpnm
silpnn
silpno
silpom
silpon
silpoo
silqmm
silqmn
silqmo
silqnm
silqnn
silqno
silqom
silqon
silqoo
silrmm
silrmn
silrmo
silrnm
silrnn
silrno
silrom
silron
silroo
silsmm
silsmn
silsmo
silsnm
silsnn
silsno
silsom
silson
silsoo
