1.50 -0.50 -0.25 0.00 0.00 0.25
1.10 -0.11 0.11 0.58 -0.13 0.08
0.94 0.05 0.09 0.78 -0.40 0.36
0.78 -0.47 0.31 0.88 -0.32 0.38
0.58 -0.26 0.96 0.88 -0.38 0.62
0.36 -0.01 1.19 0.74 -0.28 0.22
-0.57 0.14 0.86 0.57 0.14 0.14
-0.67 0.16 0.73 1.22 0.18 -0.22
-0.14 0.06 0.60 0.18 0.46 0.00
-0.12 -0.27 0.42 0.58 0.67 -0.74
0.14 0.14 0.14 0.29 1.29 -0.43
0.41 0.39 -0.05 0.13 1.25 -0.83
0.82 0.17 0.04 0.30 0.88 -0.82
1.17 -0.17 0.33 0.17 0.83 -0.83
1.07 -0.55 0.21 -0.17 0.45 -0.66
0.95 -0.04 0.15 0.56 0.56 -0.95

0.91 0.70 0.04 -0.08 0.87 0.05
0.65 0.49 0.49 -0.80 1.07 -0.41
0.33 0.16 0.43 -0.23 1.03 -0.19
0.67 0.13 0.75 -0.19 0.61 0.06
1.11 0.14 0.65 -0.22 0.67 0.33
1.44 0.48 1.42 -1.00 0.79 0.13
0.30 -0.26 1.00 -1.11 -0.26 -0.70
0.43 0.29 1.14 -1.00 0.29 0.00
0.38 0.07 0.98 -0.71 -0.25 -0.34
0.33 0.20 1.20 -0.63 -0.14 -0.62
-0.19 0.42 1.05 -0.56 0.01 -0.92
-0.14 1.00 0.86 0.00 0.57 -0.43
-0.04 1.12 0.91 0.34 0.95 0.11
0.14 1.00 0.85 0.68 0.99 0.08
0.39 1.00 0.87 1.26 1.13 0.04
-0.23 0.68 1.14 0.91 1.17 -0.37
