0.47 -0.40 -0.36 0.07 0.60 0.04 -0.04 0.32 -0.02 -0.10 -0.10 0.41
0.11 -0.36 -0.24 -0.09 0.17 -0.08 -0.08 -0.11 -0.23 0.50 0.06 -0.36
0.49 0.74 0.21 -0.15 0.05 -0.36 -0.54 0.48 -0.87 0.78 -0.60 1.08
1.03 -0.50 0.26 0.42 0.21 -0.53 -0.05 0.15 -0.08 0.34 0.43 0.03
1.18 -0.35 0.69 0.40 0.32 -1.01 0.21 0.13 -0.16 0.52 0.12 -0.29
0.86 -0.68 -0.26 -0.77 0.16 -0.23 0.08 0.11 -0.62 1.05 0.25 0.10
0.34 0.20 -0.04 -0.40 0.57 -0.17 -0.08 0.06 -0.88 0.70 -0.73 0.63
0.94 -0.15 0.02 1.12 0.54 0.15 -1.06 1.36 -0.19 1.35 0.22 1.19
0.26 -0.70 0.06 0.35 0.85 0.19 -0.46 0.44 0.50 1.32 0.82 0.40
-0.56 -0.94 -0.52 0.03 0.59 -0.13 0.88 -0.71 0.05 0.02 0.89 1.22
-0.13 -0.41 -0.65 0.21 0.62 0.51 0.05 0.28 0.05 -0.14 0.11 0.49
0.60 -0.97 -0.54 -0.42 0.65 0.50 0.41 0.07 -0.21 0.94 0.02 -0.06
0.27 1.17 -0.46 -0.66 0.33 0.06 -0.57 -0.14 -0.94 0.71 -1.22 1.08
-0.26 -0.40 -0.32 -0.41 0.16 -0.14 0.30 0.27 0.04 0.17 0.06 0.36
0.63 -0.65 -0.04 -0.16 0.43 -0.37 0.03 0.44 -0.23 0.57 -0.19 0.00
1.05 -0.13 0.13 1.04 0.56 0.04 -0.74 1.12 0.03 1.28 0.25 0.93
0.08 -0.66 -0.07 0.04 0.81 0.24 0.12 -0.33 0.28 1.05 0.46 -0.13
0.17 0.18 0.05 -0.71 0.43 0.01 -0.72 0.61 -0.46 0.32 0.20 0.29
0.03 0.50 0.05 -0.49 0.04 -0.19 0.19 0.02 -0.78 0.44 -0.66 0.33
0.46 -0.38 0.41 0.68 -0.20 -0.73 -0.17 0.19 0.25 0.38 -0.25 0.27
-0.10 -0.76 -0.33 0.23 0.83 0.51 0.59 -0.62 0.55 0.63 0.65 -0.40
0.72 -0.46 -0.51 -0.12 -0.41 -0.30 0.25 -0.06 -0.26 -0.15 -0.02 -0.22
-0.48 0.01 -0.69 -0.71 0.10 0.24 -0.12 0.47 0.28 0.32 -0.21 0.43
0.01 -0.11 -0.44 0.51 0.46 0.31 0.29 -0.39 -0.17 0.58 -0.05 0.25
0.86 0.13 0.26 -0.03 -0.64 -0.44 0.49 0.35 -0.62 0.21 -0.18 -0.02
0.62 -0.80 -0.49 -0.06 0.68 -0.07 -0.38 -0.13 -0.31 0.53 0.46 0.12
-0.57 -0.75 -0.33 -0.96 0.60 0.06 0.03 0.28 -0.67 0.42 0.14 -0.23
0.21 -0.13 -0.09 -0.08 0.27 -0.02 -0.74 0.05 -0.54 0.22 0.61 0.31
-0.77 -1.00 -0.77 -0.27 0.36 -0.07 0.52 -0.42 0.07 -0.09 0.72 0.61
-0.36 -0.71 0.08 -0.58 0.89 0.28 -0.45 0.08 -0.30 0.84 0.93 0.45
0.32 -1.06 -0.03 0.02 0.80 -0.58 0.22 -0.49 0.47 0.37 0.63 -0.94
