-0.98 0.68 -0.15 -0.34 0.32 -0.30 -0.73 -0.08 -0.15 0.32 0.72 0.01 -0.13 -0.20 0.91 -1.00
-1.36 1.42 0.07 0.30 -1.40 -1.09 -0.59 -1.33 -0.78 -0.79 -1.79 -0.85 -0.04 -0.57 -0.30 -1.60
-0.97 -0.81 0.85 -1.91 -1.17 0.32 -0.23 1.90 1.22 0.82 1.91 -0.53 -1.37 -1.41 0.21 -1.73
-2.46 1.56 -1.66 -0.22 0.76 -1.95 -2.18 0.96 1.79 -1.44 0.74 0.80 0.82 -0.52 1.56 -2.40
0.07 -1.33 1.81 -1.36 0.86 0.10 1.41 0.40 0.40 0.39 -0.94 0.27 0.07 0.85 -0.12 0.71
-0.96 -2.02 2.08 -2.10 -1.72 1.08 0.53 2.66 0.81 0.93 2.17 -0.65 -2.47 -2.44 0.13 -2.54
-2.27 -1.54 1.15 -0.17 -0.37 -2.15 0.50 2.14 -2.12 0.35 -2.20 -1.34 -2.51 -1.18 0.84 0.48
1.81 -2.47 2.01 -2.05 0.42 -0.15 1.02 -0.67 2.26 -0.47 -0.61 -1.86 0.08 -0.69 -1.64 0.78
-1.27 1.29 -2.49 -2.53 -2.84 0.33 -1.06 0.39 0.81 2.82 2.01 -1.24 1.66 1.78 -1.71 1.53
0.39 -0.73 2.27 -2.08 0.34 0.43 -0.06 0.40 0.81 0.22 0.26 -1.09 -0.90 -0.58 0.29 -1.88
-1.98 -1.01 1.39 -0.11 -1.18 1.43 1.28 -0.21 -1.03 -0.92 0.12 0.68 -1.23 -1.79 0.45 0.11
-2.37 2.42 -2.61 2.32 1.90 1.07 -0.82 0.45 1.60 0.90 1.72 0.83 -0.13 0.33 -1.38 -0.08
0.60 -0.22 1.33 -0.59 2.08 1.22 0.42 -0.45 -0.73 0.13 -0.77 0.67 0.19 1.77 1.14 -0.72
1.87 -0.93 2.27 -0.55 0.25 0.13 1.85 1.00 0.89 -1.15 -2.49 -1.20 1.54 -0.93 -0.10 -0.74
1.77 1.53 -0.16 -1.72 -0.61 1.86 -0.43 1.79 -2.17 1.84 -0.77 2.06 -1.30 -1.86 -1.40 1.36
-2.20 -0.82 1.40 0.52 -1.14 2.24 1.89 -1.80 -1.24 -1.96 -0.26 1.52 -0.45 -1.77 0.26 1.09
-0.60 -0.18 0.89 -0.68 0.60 -1.80 -0.33 0.25 -0.03 0.32 -0.56 -1.31 -1.09 -0.16 0.37 0.12
1.58 -0.71 1.03 -0.53 0.25 0.97 1.19 -0.17 0.19 -0.66 -2.01 -1.48 0.72 0.12 -0.87 -0.68
0.01 -1.59 2.01 1.34 1.45 2.29 -0.75 -1.54 -0.43 1.61 1.45 -2.77 0.63 -2.28 1.00 -0.66
1.92 0.23 0.28 -0.77 0.60 0.71 0.91 0.43 -0.60 -1.52 -2.18 -0.12 1.18 -1.14 -2.01 0.08
-0.53 0.14 -0.89 0.18 -0.65 1.05 1.35 1.06 -2.18 2.73 1.16 -1.40 1.36 1.00 -2.15 0.85
-0.56 -0.37 -0.37 0.60 -0.56 1.24 0.50 -0.42 -1.17 -0.14 -0.82 1.09 -0.68 -1.59 -0.25 0.57
-0.49 -2.04 0.95 1.26 1.63 0.15 -0.04 -0.90 0.57 0.85 -0.25 -2.27 -1.55 -0.98 -0.11 -0.39
-0.69 0.20 -0.72 0.17 -0.76 1.06 1.09 0.86 -2.04 2.68 1.18 -1.60 1.34 1.00 -1.79 0.96
0.77 0.79 -1.28 0.13 -0.69 1.17 -0.24 1.02 -0.98 -0.12 -0.94 0.93 -1.04 -1.87 -0.17 0.69
-0.11 -1.05 -0.72 0.80 0.82 -0.34 0.40 0.15 -0.47 -1.06 -1.45 0.32 -0.08 -1.86 -1.08 0.21
0.32 -1.12 1.31 1.13 1.24 1.70 -0.28 -0.88 -0.37 1.08 0.97 -1.80 0.66 -1.98 0.29 -0.42
1.36 -1.46 -0.35 -0.01 0.15 1.35 -0.74 -1.75 0.70 0.62 1.52 -1.35 -0.34 0.08 1.39 1.40
1.82 1.33 -2.05 -1.71 1.67 2.05 2.33 0.45 -2.21 -0.31 -2.31 2.51 2.28 0.47 -0.93 -1.96
-0.81 0.08 -0.86 0.59 0.28 0.98 0.31 0.51 -0.38 2.05 0.08 -0.28 0.64 -0.28 -1.47 0.28
0.71 0.26 0.35 0.72 0.14 -0.13 0.14 -1.55 0.15 0.21 -0.32 -0.06 -0.74 -0.53 -0.81 1.25
-1.01 -0.40 0.75 0.49 -1.25 1.26 0.79 0.49 -0.89 2.51 0.51 -0.56 0.47 -0.39 -1.64 -0.52
0.42 1.02 0.25 0.02 0.12 0.25 0.61 -0.29 -0.28 0.92 -0.48 1.16 0.19 -0.71 -0.45 -0.17
0.22 1.22 -1.23 0.21 -1.45 0.86 -1.64 1.01 1.52 -1.99 0.44 2.23 -0.63 -0.13 1.41 -0.63
0.11 0.05 0.03 1.38 -1.00 -0.62 -0.35 0.75 0.92 0.76 -0.49 -0.10 0.34 0.12 -1.21 0.40
1.93 1.56 -2.32 -2.02 1.79 2.27 2.72 0.67 -2.64 -0.50 -2.78 2.88 2.64 0.60 -1.06 -2.34
-1.08 -0.82 -0.07 0.46 -0.80 -0.88 -0.18 -0.85 -1.21 1.45 1.65 1.19 -0.22 0.34 -1.31 0.35
-1.09 -0.70 1.38 0.83 -1.28 0.61 0.11 0.34 0.27 1.80 -0.09 -0.55 0.11 -0.91 -1.12 -0.92
-0.50 0.29 -1.70 0.34 -0.72 0.33 -1.00 -0.76 1.55 -1.13 -0.61 1.46 -1.15 -0.34 0.68 0.29
0.92 1.69 -0.48 -0.13 -0.94 0.68 -1.15 0.81 -1.66 -0.23 -1.52 1.47 1.99 0.31 -1.30 0.12
-0.02 -0.96 -1.87 0.11 -0.37 0.35 0.13 2.15 2.45 2.41 -2.45 -1.52 0.41 2.27 0.33 1.55
1.25 1.42 1.81 0.55 -0.42 -1.67 -0.05 -0.99 0.43 1.50 0.90 0.86 -0.57 -0.32 -0.80 1.68
0.69 -0.48 -0.85 1.25 -0.14 -1.20 0.34 0.61 1.43 0.07 -0.71 -0.78 0.19 0.38 -0.96 0.45
0.67 0.12 0.53 1.14 -0.29 -0.43 -1.58 1.02 0.63 -0.51 -1.05 0.45 0.13 -0.61 -0.71 1.01
2.34 2.06 -2.53 -0.14 -0.53 -0.96 -0.16 0.61 -0.89 -1.38 -2.60 -2.52 1.91 2.05 1.76 -1.14
-1.09 1.62 -0.40 0.59 -2.01 2.68 -1.33 -1.36 -0.86 -2.01 -1.70 -2.38 0.40 -2.33 -1.41 -0.32
0.17 0.49 0.59 1.13 -0.71 0.51 -1.98 0.18 -0.29 -1.00 -1.80 -0.28 0.42 -1.65 -1.47 1.03
-0.11 -0.90 2.21 1.14 0.85 -1.30 -2.25 0.18 0.71 -0.72 -1.34 0.87 -0.98 -2.26 -1.84 1.39
0.56 -1.39 0.57 1.33 0.80 -0.21 -1.34 0.85 1.00 -0.11 -1.80 -0.30 -0.36 -1.52 -1.10 1.67
-0.31 -0.63 -0.63 1.68 -1.70 1.66 0.89 0.83 -0.91 -1.53 1.03 -0.30 -0.43 -0.71 0.40 -0.52
-0.14 0.48 0.33 0.83 -0.72 1.77 -0.19 -1.07 -0.28 -1.45 -1.24 -1.27 0.11 -1.11 -1.23 -0.30
-0.69 1.31 -0.28 0.96 -1.57 1.94 -0.74 -0.98 -0.43 -2.02 -1.24 -1.65 0.20 -2.19 -1.33 -0.73
0.10 0.18 -0.35 -1.27 0.01 0.65 -0.57 0.07 -0.52 -1.11 -1.11 0.64 0.59 0.02 -1.09 -0.51
-1.09 1.65 0.56 1.63 -1.65 -0.34 -0.30 -1.21 1.17 -1.81 -0.41 -0.07 -0.57 -1.71 -0.97 -1.72
-0.25 -1.74 0.92 -1.05 0.75 0.30 0.74 -1.27 -1.53 -0.12 -0.53 0.74 -1.30 0.70 0.47 1.66
1.61 0.18 -0.87 0.82 1.80 1.58 -0.24 1.42 -1.66 -0.99 0.22 0.13 0.89 -1.35 -1.61 -1.40
0.65 0.49 1.25 1.77 0.11 1.26 1.04 -0.58 0.54 -0.57 0.10 -0.63 0.16 0.80 -0.66 -0.60
-0.45 -2.59 1.71 -1.23 1.13 -0.09 1.78 -1.52 -1.41 -0.30 -0.43 1.15 -1.58 1.25 1.07 2.14
-1.79 0.42 -1.30 0.63 -2.34 -0.16 0.18 -1.72 1.51 -2.17 -0.88 -0.59 -0.58 -2.27 -0.49 -0.67
0.23 0.56 0.96 2.09 -0.27 -0.43 0.30 -0.93 1.90 -0.78 -1.00 0.53 -0.95 -0.18 -1.00 -1.79
-0.50 -2.68 1.72 -1.36 1.00 -0.06 1.85 -1.59 -1.48 -0.39 -0.26 1.10 -1.54 1.15 1.10 2.01
-0.81 0.61 0.23 0.88 -0.30 -1.06 0.08 -1.32 1.72 -1.26 0.13 0.25 0.15 -1.32 0.01 -0.59
0.64 0.01 -0.43 1.99 1.26 0.03 -0.88 0.33 2.20 0.31 -0.67 0.65 0.40 0.41 -1.19 -1.77
2.00 -2.00 2.00 -2.00 2.00 -2.00 2.00 -2.00 2.00 -2.00 2.00 -2.00 2.00 -2.00 2.00 -2.00

0.62 -0.46 -0.12 0.44 -0.64 -0.11 -0.19 -0.64 0.10 -0.19 0.13 -0.27 -0.48 0.22 0.09 -1.04
1.49 -0.37 -1.50 1.05 -1.90 0.39 1.33 -0.80 -0.10 -0.05 0.65 1.48 -1.98 -0.98 1.27 -0.56
-1.04 -0.18 -0.76 0.51 -1.48 -1.01 0.12 -0.35 1.73 -0.25 0.23 -1.80 -0.70 0.30 1.08 -1.38
0.55 -1.65 0.07 -1.63 -1.08 0.04 -0.54 -0.81 -0.39 1.27 0.36 -0.64 -0.08 0.69 -1.21 -0.38
0.37 -1.28 -0.94 -0.32 -1.81 -0.25 -0.31 -0.66 0.39 0.50 0.00 -0.78 -0.48 0.52 0.03 -0.90
-0.33 -0.71 -1.14 0.89 -1.40 -0.81 -1.34 -0.49 1.06 -1.14 -0.41 -2.03 0.20 1.29 1.05 -2.13
1.30 -1.68 0.05 -1.49 -1.53 0.16 -0.26 -0.28 -0.06 1.00 0.71 -0.68 -0.23 0.58 -1.61 0.48
0.90 -0.94 -0.88 -2.08 -1.87 -0.28 0.97 -1.01 0.98 1.29 1.26 -0.73 -1.47 1.32 -1.72 0.19
0.11 -0.96 -1.91 0.45 -2.31 -0.46 0.20 -0.92 1.26 -0.36 0.24 -0.84 -1.18 0.47 1.01 -1.45
-0.66 -0.59 -1.86 -1.24 -1.39 0.60 0.93 -1.88 0.89 -0.30 1.04 0.13 -0.02 0.45 0.12 -0.09
0.92 -0.38 0.37 0.79 0.59 -0.89 0.74 0.22 0.98 -0.55 -1.04 -0.67 0.52 -0.90 0.22 -0.76
-0.65 1.86 1.95 -1.38 0.28 -0.93 1.93 0.61 0.91 1.51 2.03 -1.16 -1.10 -0.34 -0.68 1.17
1.00 0.11 0.89 -0.94 1.55 0.35 -2.12 -0.42 -0.89 -1.53 0.98 -0.80 1.31 1.82 -1.45 -0.45
0.08 -0.14 -2.79 -1.09 1.60 -1.55 2.73 -0.58 0.18 1.40 -2.13 2.23 -1.87 2.40 -1.12 -1.80
1.44 -2.10 -0.82 -0.21 0.50 -1.14 0.07 1.48 2.19 -0.60 -1.48 -0.47 1.18 -0.68 1.19 -0.22
-0.60 -0.79 -2.43 0.00 1.46 -1.83 1.80 0.29 0.22 0.61 -2.44 1.15 -2.01 1.23 -0.85 -0.72
-1.03 -1.67 -1.66 2.05 -0.01 -1.26 0.81 2.21 0.24 -1.25 -1.78 -0.84 -1.68 -1.04 0.23 1.82
-1.04 -1.01 0.43 -0.10 -1.70 0.23 0.36 -0.52 -0.55 -0.82 1.29 -0.35 0.82 0.45 1.34 -1.30
-0.52 0.26 -1.00 0.35 -1.06 -0.31 1.96 -0.03 1.37 -0.31 -0.15 1.37 -0.63 0.51 1.42 1.92
-1.29 -2.24 -1.30 -1.22 2.00 2.81 -2.84 -2.80 1.27 -2.66 2.30 2.91 -0.51 -0.15 -2.44 0.23
0.76 -1.12 0.84 -0.40 0.78 -1.80 -0.36 0.90 -0.19 -1.31 -0.42 1.67 -0.71 -2.46 0.67 1.94
0.27 -0.93 1.43 1.70 -1.07 -0.53 -1.77 0.67 -0.71 -1.00 0.04 1.68 0.92 0.54 0.88 -0.49
-1.49 -0.77 -0.02 0.65 -1.68 -1.24 0.66 -0.22 -0.64 -0.75 0.38 1.29 -0.23 -1.24 1.66 0.15
1.21 0.71 1.25 -1.77 2.01 1.24 0.11 0.39 0.10 -0.21 1.05 0.48 -1.58 0.84 1.30 0.56
1.03 -0.72 -2.11 -1.54 -0.10 2.50 -1.31 1.40 -2.32 1.44 1.47 2.03 -0.66 -2.42 0.40 1.69
0.11 -1.36 -0.66 -0.66 0.06 0.29 -0.99 0.01 -1.30 0.25 0.32 2.08 -0.50 -1.22 1.37 0.60
-0.85 -1.75 -0.33 -0.66 -0.31 0.82 -0.47 0.00 -0.61 0.34 0.38 0.73 -0.58 -0.53 1.10 0.33
0.13 0.46 1.29 -1.63 -1.60 -0.93 -0.36 0.80 1.24 -0.21 1.01 1.44 0.26 -1.00 0.84 2.25
0.81 0.15 0.47 -0.70 -0.09 0.87 -0.96 -0.95 -0.13 0.76 1.47 0.07 -0.38 -0.67 0.16 0.89
1.20 -0.60 1.50 -0.03 -0.18 -1.33 0.82 1.21 1.52 0.10 -0.16 2.14 -1.13 0.43 1.60 1.56
-1.96 -0.86 0.95 -1.44 -1.59 0.30 1.07 -0.98 0.45 -0.27 1.60 -0.76 0.89 0.37 1.47 -1.10
-0.02 -0.14 1.64 -1.00 -1.82 -1.45 0.13 1.02 0.69 -0.62 1.08 1.26 0.17 -1.42 1.26 1.41
1.46 0.91 1.09 -0.56 -0.33 -0.04 -1.47 -0.64 0.31 0.72 1.08 0.28 -0.01 -0.96 -0.06 1.85
-1.69 -1.92 1.67 1.80 -2.41 -1.13 1.87 0.11 -0.36 -0.31 0.38 0.19 -0.61 -2.13 1.23 0.62
-1.76 -0.17 1.14 -0.48 0.79 0.58 2.19 1.60 1.00 1.17 -0.79 2.11 0.63 1.47 2.28 -0.92
-0.65 -1.81 -1.31 -0.60 -1.56 1.98 -1.97 -0.22 -1.04 -0.48 0.31 1.20 0.72 0.20 1.02 2.03
0.31 -1.12 1.04 -1.17 -0.70 -0.67 0.17 1.19 1.69 0.58 -0.48 0.05 1.16 0.49 1.40 1.10
0.48 -1.28 -0.66 0.35 -1.07 0.71 -0.48 0.62 0.63 0.49 0.56 0.22 -0.17 1.45 1.24 1.31
1.03 1.85 0.51 1.10 0.01 -1.32 0.36 1.19 -0.36 1.66 -0.73 -0.55 0.85 0.12 0.72 -1.07
-1.18 -0.29 1.20 -0.73 0.88 0.70 1.98 1.01 0.79 0.75 -0.87 2.00 0.60 1.03 2.16 -0.89
0.17 1.19 0.32 0.89 0.07 -0.88 1.12 1.18 -0.03 1.25 -1.06 0.12 0.57 0.40 1.19 -0.92
1.22 -0.62 -0.12 1.20 -1.00 -0.62 0.66 0.57 1.09 0.65 0.19 -0.17 -0.64 1.41 1.14 1.02
2.24 -0.13 0.00 -0.21 -0.78 0.50 -1.21 -1.76 -1.52 -1.38 -0.63 -0.12 0.93 -1.69 0.65 1.65
-2.17 -2.66 -1.69 -0.73 -1.98 2.54 -2.63 0.85 -1.05 -0.19 0.89 2.12 0.27 1.12 1.07 2.29
-0.45 1.40 0.77 0.03 1.51 -1.20 0.50 -0.79 1.59 -1.14 0.01 1.29 -0.75 1.29 0.34 0.80
-2.55 -2.89 -2.02 -0.90 -2.24 2.89 -2.69 0.89 -0.91 -0.06 0.76 2.34 0.38 1.38 1.07 2.68
-2.50 -2.82 -1.92 -0.86 -2.14 2.88 -2.61 0.84 -0.89 -0.02 0.70 2.33 0.31 1.38 1.06 2.62
-1.35 -0.94 -0.91 -1.19 1.73 -0.95 -0.26 -0.38 0.02 -1.27 -0.94 -1.45 -0.79 0.45 0.75 -1.63
-1.30 0.09 1.04 0.12 0.54 -0.60 -0.29 -0.90 1.20 -1.68 0.93 1.37 -0.33 2.11 1.20 0.98
-1.79 0.49 0.59 2.20 2.41 1.55 1.21 0.17 0.23 1.69 -2.49 1.73 -2.14 2.28 -0.15 1.79
-1.03 -0.96 -0.56 -1.23 0.95 -1.32 -0.01 -0.68 0.88 -0.90 -0.03 -1.41 -0.85 0.47 0.60 -1.87
1.69 -1.33 0.25 -1.65 -0.23 -0.40 1.08 -1.99 1.23 0.48 -1.92 0.69 0.45 -0.86 -0.50 -0.75
0.24 -0.03 0.42 0.43 -1.20 -0.60 -0.82 1.10 0.09 -1.48 -0.24 0.94 -1.45 0.24 -0.32 -0.48
1.12 0.86 0.09 1.91 -2.16 0.52 -0.44 1.79 0.22 -0.42 -0.57 2.34 -1.28 1.27 -0.57 -0.01
1.14 0.95 0.08 2.15 1.96 -1.87 0.51 1.16 1.05 1.27 1.88 -1.14 2.50 -1.90 0.22 0.10
-0.57 -2.26 0.66 1.19 -1.59 -0.32 -0.78 -0.06 0.87 -2.30 0.95 -0.37 -1.17 -0.47 0.31 -2.09
1.23 -0.01 1.44 -0.34 1.61 -1.15 0.86 -0.49 0.51 -0.18 1.40 -0.48 2.12 -1.53 1.48 -0.92
1.96 -1.92 1.95 -1.89 1.90 -1.93 1.94 -1.90 1.96 -1.95 1.94 -1.90 1.92 -1.92 1.95 -1.94
-0.04 0.12 0.33 -0.88 0.76 1.43 0.53 -1.91 -0.54 1.84 -1.72 1.75 -0.33 -2.30 1.10 0.85
-0.19 -1.85 0.63 0.07 -0.87 -0.72 0.04 -0.27 0.74 -1.70 1.08 -0.75 -0.44 -0.48 0.79 -1.61
0.90 0.43 -0.01 2.36 -0.55 -0.55 -0.09 1.73 0.68 -0.08 0.78 0.47 0.15 0.13 0.02 -0.24
-0.13 0.59 -0.09 0.67 -1.85 0.53 -0.37 1.61 -0.50 0.18 -0.15 1.49 -1.10 1.28 0.02 0.78
-0.92 -0.81 1.30 1.24 -0.70 1.27 1.03 -1.17 2.51 -0.48 0.03 0.48 -1.95 -0.03 1.22 0.19
2.00 -2.00 2.00 -2.00 2.00 -2.00 2.00 -2.00 2.00 -2.00 2.00 -2.00 2.00 -2.00 2.00 -2.00
