15 15
-1
11 11
9 9
16 16
40 42
-1
5 5
-1
4 4
4 4
-1
15 15
221 230
20 20
2 2
10 10
6 6
-1
23 24
6 6
-1
-1
20 20
12 12
3 3
-1
-1
80 84
16 16
12 12
1 2
309 323
72 81
16 16
-1
18 18
6 6
7 7
4 4
164 178
25 25
4 4
3 3
1 1
-1
-1
39 39
7 7
10 10
-1
7 8
-1
8 8
8 8
-1
10 10
-1
3 3
7 7
9 9
14 14
23 23
27 27
-1
-1
4 4
22 22
53 53
13 13
1 1
-1
-1
11 11
1 1
9 9
4 4
6 6
8 8
-1
-1
4 4
11 11
-1
12 12
3 3
55 55
31 32
51 52
4 5
2 2
7 7
1 1
12 12
28 30
15 15
11 11
-1
12 12
60 61
-1
-1
13 13
2 2
3 3
-1
5 5
-1
-1
-1
3 3
94 96
-1
-1
-1
22 22
21 21
483 496
-1
9 9
9 9
10 10
-1
65 66
8 8
14 14
-1
4 4
14 14
-1
11 11
15 15
-1
19 19
6 6
3 3
8 8
27 27
-1
3 3
4 4
-1
20 20
-1
7 7
12 12
27 27
11 11
-1
5 5
7 7
78 80
-1
1 1
15 15
5 5
-1
8 8
4 4
-1
12 15
460 471
10 10
6 6
7 7
-1
5 5
22 22
12 12
2 2
6 6
63 64
8 8
5 5
11 11
12 12
-1
12 12
-1
-1
18 19
-1
5 5
10 10
2 2
2 2
-1
-1
6 6
-1
-1
-1
10 10
-1
-1
14 14
-1
-1
5 5
-1
5 5
-1
36 41
8 8
-1
5 5
12 12
12 12
-1
1 1
18 18
59 61
-1
3 3
14 14
-1
-1
5 5
13 13
77 79
2 2
-1
47 50
35 35
7 7
-1
6 6
13 13
7 7
10 10
21 21
-1
7 7
6 6
-1
-1
11 11
7 7
-1
14 14
13 13
-1
-1
-1
9 9
19 19
11 11
25 25
6 6
-1
14 14
-1
9 9
9 9
-1
6 6
-1
-1
17 17
11 12
11 11
4 4
11 11
22 24
67 73
2 2
-1
-1
-1
35 35
14 14
18 18
90 90
-1
97 97
10 10
162 163
23 23
18 18
-1
1 1
4 4
14 14
1 1
7 7
-1
8 8
49 50
12 12
11 11
13 13
-1
19 19
8 8
-1
10 10
-1
16 16
-1
48 49
1 1
-1
-1
1 1
-1
21 21
7 7
-1
53 54
40 40
81 85
318 325
25 25
4 4
30 30
18 18
17 17
-1
44 47
23 23
17 17
6 6
8 8
33 33
-1
1 1
14 14
4 4
15 15
11 11
-1
12 12
-1
-1
4 4
-1
9 9
23 23
-1
19 19
114 116
17 17
96 100
7 7
9 9
-1
-1
-1
13 15
2 2
-1
20 20
-1
11 11
-1
68 68
41 42
-1
-1
3 3
3 3
21 21
23 23
2 2
5 5
7 7
-1
5 5
6 6
16 16
20 20
9 9
-1
31 31
-1
14 14
1 1
9 9
7 7
3 3
37 37
-1
103 104
14 14
-1
7 7
13 13
6 6
-1
12 12
5 5
11 11
8 8
-1
-1
120 129
3 3
-1
-1
-1
-1
-1
-1
-1
32 37
-1
16 17
-1
-1
-1
16 16
6 6
7 7
8 8
4 4
9 9
338 344
11 11
5 5
-1
-1
27 28
-1
-1
4 4
-1
-1
31 31
9 9
37 37
10 10
13 13
7 7
47 49
-1
17 17
56 58
-1
-1
5 5
-1
25 25
8 8
4 4
14 14
10 10
-1
11 11
6 6
-1
4 4
42 43
13 13
5 5
5 5
-1
1 1
-1
1 1
-1
-1
-1
8 8
184 185
34 34
-1
13 13
5 5
10 10
16 16
52 53
-1
35 37
10 10
23 23
11 11
29 36
-1
-1
77 77
10 10
34 34
13 13
6 6
5 5
12 12
15 15
-1
7 7
10 10
57 58
9 9
4 4
5 5
-1
3 3
72 72
11 11
-1
6 6
10 10
-1
9 9
16 16
-1
3 3
-1
266 278
7 7
16 16
126 138
5 5
69 70
-1
8 10
6 6
3 3
5 5
64 66
15 15
49 50
2 2
3 3
10 10
11 11
7 8
-1
13 13
-1
37 38
39 39
5 5
-1
11 11
4 4
2 2
10 10
30 30
11 11
12 12
-1
-1
14 14
2 2
57 70
-1
62 65
4 4
-1
1 1
15 15
9 9
-1
-1
8 8
-1
-1
-1
49 50
27 27
7 7
2 2
4 4
8 8
5 5
4 4
8 8
-1
12 12
9 9
-1
-1
6 6
5 10
7 7
74 75
8 8
-1
-1
11 11
11 11
10 10
-1
7 7
18 18
-1
-1
3 3
14 14
40 40
56 57
-1
-1
-1
-1
7 7
7 7
5 5
6 6
111 119
-1
-1
-1
5 5
9 9
-1
-1
-1
-1
-1
-1
151 155
-1
1 1
6 6
2 2
6 6
54 54
12 12
-1
3 6
5 5
8 8
37 37
-1
-1
-1
28 28
-1
-1
1 1
30 30
18 18
40 40
31 31
8 8
-1
31 32
6 6
22 22
15 15
-1
5 5
4 4
10 10
-1
4 4
9 9
-1
5 5
15 15
5 5
59 59
-1
22 22
9 9
164 171
30 30
5 5
5 5
-1
-1
11 11
18 18
83 84
3 4
-1
12 12
11 11
12 12
-1
2 2
4 4
10 11
9 9
12 12
19 19
85 86
37 37
13 13
2 2
37 37
5 5
-1
-1
86 90
14 14
9 9
36 37
-1
89 91
156 162
-1
1 1
7 7
5 5
-1
2 2
3 3
37 37
5 5
22 22
28 28
3 3
8 8
4 5
-1
4 4
4 4
-1
7 7
18 18
7 7
2 2
-1
11 13
11 11
14 14
-1
2 2
-1
-1
565 585
-1
3 3
-1
7 7
6 6
33 33
2 2
3 3
10 10
5 5
-1
2 2
66 66
-1
18 18
-1
16 16
474 490
11 11
18 18
-1
-1
41 43
12 12
40 43
15 15
1 2
4 4
6 6
8 8
33 33
3 3
25 25
2 2
45 47
18 18
9 9
4 4
10 10
-1
4 4
1 1
11 11
10 10
13 13
-1
-1
3 3
38 38
-1
3 3
-1
61 62
4 4
-1
-1
-1
-1
11 11
10 10
10 10
-1
17 17
32 32
20 20
3 3
17 17
7 7
10 10
7 7
5 5
26 26
12 12
20 20
75 77
-1
-1
22 23
7 7
4 4
15 15
5 5
2 2
3 3
12 12
-1
-1
22 22
20 20
1 1
-1
-1
3 3
7 7
36 37
3 3
-1
-1
2 2
2 2
10 10
8 8
8 8
12 12
-1
8 8
-1
23 23
-1
-1
1 1
6 6
13 13
-1
13 13
-1
10 10
-1
3 3
22 22
4 4
3 3
-1
16 16
1 1
10 10
-1
18 18
10 10
3 3
3 3
9 9
30 30
10 10
-1
160 164
6 6
41 41
66 68
2 2
11 11
56 59
3 3
1 1
8 8
-1
190 190
12 12
-1
-1
5 5
10 10
1 1
-1
362 373
8 8
-1
11 11
69 70
-1
11 11
10 10
21 21
6 6
45 45
-1
-1
-1
-1
5 5
2 2
-1
2 2
-1
939 953
30 30
10 10
-1
43 47
5 5
9 9
3 3
5 5
13 13
-1
1 1
16 16
-1
-1
22 22
38 38
-1
4 4
20 20
53 53
1 1
7 7
-1
10 10
-1
15 15
43 43
4 4
-1
-1
-1
-1
22 25
5 5
13 13
1 1
-1
16 16
-1
10 10
9 9
6 6
6 7
9 9
-1
19 19
33 33
7 7
12 12
6 6
-1
3 3
4 4
-1
12 12
-1
15 15
-1
11 11
11 11
-1
11 11
8 8
-1
1 5
-1
5 5
-1
-1
-1
44 44
-1
16 16
9 9
-1
43 45
29 29
8 8
105 109
-1
-1
-1
-1
127 131
-1
33 33
5 5
5 5
27 27
5 5
-1
17 17
4 4
-1
-1
7 7
45 45
-1
27 27
12 12
-1
29 29