-1
-1
-1
28 29
12 12
9 9
-1
2 2
6 6
14 14
1 1
13 13
25 25
-1
28 29
7 7
6 6
-1
-1
-1
8 8
-1
-1
-1
18 18
7 10
3 3
3 3
1 1
9 9
-1
18 18
2 2
41 41
7 7
2 2
18 18
3 3
-1
-1
-1
-1
21 21
9 9
-1
2 2
31 33
10 10
-1
10 10
2 2
9 9
-1
-1
14 17
1 1
13 13
-1
17 17
1 1
5 5
-1
-1
99 101
33 33
-1
1 1
-1
13 13
11 11
65 66
-1
10 10
-1
-1
3 3
-1
18 18
12 12
25 25
2 2
-1
-1
117 121
23 23
68 69
-1
41 42
9 9
1 1
6 6
21 21
23 23
9 9
-1
4 4
474 487
12 12
11 11
4 4
26 26
6 6
-1
10 10
5 5
-1
-1
126 145
10 10
-1
12 12
6 6
20 20
-1
-1
-1
4 4
14 14
-1
73 75
43 43
10 10
26 26
3 3
-1
33 38
5 5
4 4
-1
71 71
14 14
7 7
3 3
12 12
13 14
6 6
20 20
8 8
1 1
8 9
226 236
9 9
11 11
5 5
9 9
-1
-1
26 26
238 241
-1
2 2
1 1
2 2
-1
-1
-1
32 32
-1
1 1
-1
25 25
208 219
5 5
-1
34 34
2 2
12 12
4 4
-1
47 47
-1
26 26
10 10
8 8
-1
12 12
409 428
17 17
-1
-1
2 2
114 115
3 3
23 23
19 19
1 1
64 64
12 12
-1
-1
5 5
-1
-1
19 19
-1
-1
35 35
8 8
7 7
-1
-1
-1
7 7
3 3
-1
6 6
5 5
9 9
-1
909 921
39 39
19 19
11 11
-1
13 13
35 35
11 14
-1
-1
7 7
2 2
-1
2 2
49 49
-1
-1
13 13
5 5
10 10
-1
8 8
3 3
-1
5 5
-1
41 41
6 6
-1
-1
12 12
1 1
-1
-1
-1
3 3
-1
22 22
9 9
-1
-1
10 10
18 18
-1
25 25
16 16
4 4
5 5
-1
6 6
98 98
31 34
14 14
9 9
13 13
63 64
9 9
1 1
27 27
14 14
15 15
-1
-1
58 58
17 17
17 17
19 19
21 21
3 3
3 3
12 12
6 6
28 28
11 11
16 16
9 9
8 8
12 12
-1
18 18
14 14
799 818
18 18
-1
41 41
10 12
10 10
-1
233 234
8 8
16 16
-1
8 8
10 10
86 87
147 151
15 15
12 12
4 4
-1
38 38
26 27
13 13
-1
4 4
75 76
-1
12 12
43 43
-1
-1
-1
1 1
-1
3 3
4 4
35 35
-1
-1
2 5
-1
6 6
2 2
15 15
-1
7 7
21 21
11 11
9 9
9 9
-1
-1
-1
15 15
8 8
21 21
-1
7 7
15 15
2 2
-1
12 12
27 27
5 5
-1
11 11
-1
16 16
3 3
17 17
30 30
412 433
3 3
11 11
323 328
10 10
5 5
24 24
24 24
-1
1 1
39 39
-1
14 14
-1
-1
12 13
14 14
7 7
-1
9 9
-1
24 24
-1
-1
4 4
-1
22 22
-1
-1
10 10
-1
-1
110 114
-1
-1
-1
2 2
4 4
-1
11 11
6 6
-1
-1
3 3
4 4
91 95
6 6
-1
1 1
75 76
-1
59 61
98 103
-1
6 6
36 36
16 16
7 7
11 11
-1
-1
7 7
10 10
10 10
3 3
1 1
37 37
12 12
22 22
14 14
-1
1 1
5 5
-1
27 27
-1
15 15
-1
-1
15 15
10 10
-1
11 11
-1
9 9
-1
8 8
-1
-1
-1
12 12
13 13
26 26
-1
-1
19 19
7 7
3 3
-1
17 17
32 32
9 9
-1
7 7
30 30
-1
14 14
35 35
-1
22 22
-1
4 4
12 12
1 1
12 12
-1
2 2
11 11
-1
214 221
7 7
13 13
3 3
8 8
5 5
2 2
82 86
6 6
486 493
-1
19 19
12 12
-1
-1
5 5
-1
9 9
10 12
10 10
22 22
22 22
-1
4 4
4 4
12 12
203 225
4 4
64 65
9 9
7 7
13 13
4 4
23 26
27 27
-1
15 15
-1
17 17
21 21
15 15
5 8
15 15
2 2
-1
114 115
9 9
13 13
9 9
-1
107 108
-1
-1
-1
-1
3 3
89 91
-1
-1
6 6
7 7
-1
8 8
-1
10 10
14 14
2 2
5 5
1 1
18 18
-1
9 9
14 14
5 5
10 10
11 11
8 8
-1
7 7
-1
34 34
6 6
17 17
13 13
-1
17 17
8 8
32 32
2 2
1 1
-1
-1
10 10
9 9
17 17
9 9
27 27
-1
121 128
183 185
-1
-1
11 11
8 8
1 1
7 7
78 79
-1
-1
76 76
1 1
101 101
10 10
9 9
5 5
-1
-1
12 12
9 9
11 12
1 1
9 9
150 155
22 22
7 7
-1
14 14
16 16
-1
4 4
1 1
10 10
-1
19 19
4 4
-1
68 70
-1
11 11
15 15
56 56
149 150
-1
26 26
-1
2 2
4 4
4 4
2 2
104 106
9 9
888 919
19 19
5 5
10 10
4 4
-1
3 3
-1
2 2
22 22
-1
15 15
-1
-1
3 3
2 2
5 5
6 6
-1
-1
-1
-1
10 10
34 35
-1
7 7
7 7
-1
10 10
-1
9 9
48 48
17 17
-1
-1
19 19
10 10
6 6
-1
-1
9 9
11 11
40 41
-1
-1
12 12
2 4
3 3
22 23
-1
13 13
2 2
2 2
28 28
1 1
-1
6 6
4 4
4 4
-1
14 14
10 10
21 21
-1
-1
-1
3 3
-1
3 3
-1
18 18
60 60
4 4
14 14
4 4
4 4
53 53
-1
26 26
-1
19 19
-1
6 6
41 41
6 6
3 3
-1
7 7
1 1
12 12
16 16
19 19
248 253
82 84
20 20
-1
-1
18 18
7 7
-1
18 18
5 5
3 3
2 2
73 74
-1
21 21
44 44
7 7
-1
10 10
44 45
15 15
-1
-1
19 19
3 3
16 16
18 18
111 114
6 6
44 44
29 29
28 28
12 12
9 9
300 315
867 900
-1
-1
14 14
-1
-1
8 8
-1
2 2
-1
36 36
85 90
-1
1 1
-1
12 12
15 15
-1
450 463
11 11
6 6
-1
7 7
4 4
566 595
-1
39 46
-1
12 12
30 33
-1
-1
-1
7 7
50 51
51 51
5 5
-1
-1
395 405
-1
7 7
2 2
9 10
14 14
2 2
7 7
-1
4 4
114 116
1 1
-1
-1
9 9
-1
14 14
3 3
5 5
16 18
11 11
1 1
-1
-1
7 7
15 15
4 4
33 33
26 26
16 16
8 8
-1
11 11
20 20
7 7
20 20
1 1
32 32
-1
-1
7 7
2 2
10 10
-1
-1
403 403
1 1
4 4
4 4
1 1
9 9
-1
-1
18 18
15 16
14 14
4 4
4 4
-1
10 10
17 20
7 7
-1
10 10
6 6
22 22
-1
6 6
16 16
29 29
30 30
-1
4 4
10 10
-1
7 7
41 41
68 69
-1
1 2
-1
4 4
2 2
7 7
13 13
65 65
-1
18 18
10 10
11 11
16 16
-1
110 110
-1
6 6
-1
77 86
153 159
-1
3 3
-1
-1
31 31
-1
6 6
-1
28 30
20 20
7 7
19 19
13 13
15 15
13 13
1 1
14 14
-1
-1
-1
37 37
1 1
-1
2 2
80 82
10 10
-1
2 2
21 21
-1
25 25
2 2
36 36
3 3
-1
-1
-1
143 146
-1
-1
2 2
10 10
13 13
28 28
10 10
-1
10 10
2 2
22 22
6 6
-1
8 8
4 4
-1
-1
27 27
277 279
24 24
20 20
-1
2 2
13 13
-1
7 7
6 6
234 254
-1
17 17
-1
-1
-1
7 7
19 19
9 9
-1
-1
18 18
8 8
-1
5 5
7 7
2 2
15 15
6 6
-1
127 133
27 27
2 2
25 25
-1
-1
82 82
-1
12 14
10 10
154 154
27 27
24 24
89 90
11 11
19 19
8 8
-1
-1
33 33
3 3