8 9
-1
6 6
-1
41 45
9 9
-1
6 6
-1
1 1
1 1
-1
60 61
-1
13 13
-1
-1
7 7
-1
45 45
8 9
27 27
22 22
11 11
4 4
-1
10 10
17 17
2 2
11 11
-1
6 6
3 3
-1
350 359
10 10
-1
-1
47 50
10 10
2 2
12 12
13 13
5 5
1 1
6 6
-1
42 42
6 6
-1
31 31
44 44
2 2
33 33
51 51
87 89
9 9
-1
12 12
17 17
-1
8 8
133 136
37 39
1 1
23 23
-1
11 11
-1
11 11
-1
7 7
24 24
5 6
-1
-1
-1
12 12
1 1
50 50
40 40
9 9
-1
-1
29 29
35 35
-1
34 34
-1
9 9
12 12
-1
21 21
135 140
16 16
15 15
-1
22 22
1 1
3 3
11 11
4 4
-1
2 2
-1
-1
-1
-1
27 27
-1
6 6
8 8
6 6
31 31
11 11
-1
-1
7 7
3 3
13 13
-1
-1
-1
-1
10 10
4 4
-1
-1
238 242
17 17
6 6
15 15
3 3
36 37
-1
9 9
-1
6 6
4 4
14 14
-1
-1
11 11
-1
-1
-1
33 33
57 57
-1
18 18
448 475
-1
14 14
9 9
2 2
9 9
5 5
13 13
-1
8 8
6 6
5 5
11 11
39 39
7 7
63 64
8 8
11 11
-1
11 11
-1
10 10
7 7
2 2
7 7
21 21
-1
14 14
-1
19 19
20 20
2 2
12 12
117 122
4 4
-1
4 4
9 9
10 10
-1
22 24
10 10
10 10
3 3
35 35
-1
9 9
1 1
25 25
7 7
40 40
15 15
7 7
-1
93 96
-1
-1
50 50
-1
-1
16 16
10 10
-1
-1
4 4
8 8
4 4
7 7
-1
1 1
-1
7 7
7 7
-1
5 5
8 8
-1
7 7
29 29
-1
-1
628 642
-1
800 821
19 19
-1
-1
9 9
14 14
4 4
262 272
-1
11 11
8 8
-1
2 2
15 15
7 7
5 5
8 10
31 32
2 4
-1
89 93
-1
5 5
22 22
21 21
17 17
3 3
2 2
17 17
26 26
16 16
8 8
-1
13 13
3 3
3 3
19 19
11 11
4 4
3 3
10 10
-1
-1
-1
4 4
22 23
18 18
32 33
20 20
1 1
-1
-1
19 20
12 12
18 18
11 11
-1
8 8
17 17
11 11
7 7
-1
5 5
-1
-1
8 8
2 2
111 111
15 15
-1
3 3
17 17
-1
12 12
-1
1 1
16 16
808 830
1 1
8 8
-1
-1
-1
-1
6 6
9 9
14 14
16 18
14 14
-1
9 9
-1
-1
8 8
-1
85 96
-1
2 2
6 6
6 6
26 26
-1
6 6
-1
486 496
22 22
2 2
8 8
247 250
-1
36 37
-1
-1
-1
43 44
1 1
1 1
91 91
-1
-1
-1
15 15
7 8
29 29
-1
9 9
-1
2 2
14 14
-1
9 10
-1
-1
-1
1 1
44 44
8 8
-1
41 41
20 20
-1
4 4
32 32
-1
10 10
8 8
-1
4 4
26 26
-1
6 6
-1
7 7
-1
19 19
-1
14 14
-1
65 67
29 29
-1
2 2
44 46
26 26
11 11
-1
15 16
6 6
5 5
40 41
-1
13 13
-1
3 3
6 6
-1
8 8
918 937
4 4
7 7
-1
9 9
8 8
-1
17 17
23 23
-1
-1
13 13
13 13
4 4
14 14
-1
5 5
-1
35 37
23 23
41 43
2 2
12 12
5 5
18 18
8 8
-1
10 10
2 2
11 11
14 14
11 11
26 26
9 9
21 21
32 32
7 7
-1
-1
-1
-1
16 16
7 7
-1
12 12
8 8
1 1
17 17
15 15
-1
6 6
2 2
6 6
-1
14 14
8 8
-1
3 3
6 6
14 14
14 14
13 13
-1
4 4
2 2
-1
21 21
1 1
-1
-1
7 7
34 34
29 35
8 8
-1
-1
701 719
5 5
15 15
11 11
5 5
-1
14 14
9 9
-1
10 10
4 4
-1
-1
273 277
-1
14 14
2 2
6 6
-1
4 4
-1
5 5
16 16
63 65
49 50
7 7
13 13
316 318
71 71
-1
7 7
88 90
11 11
-1
-1
-1
313 315
8 8
16 16
24 24
-1
24 24
111 111
21 21
-1
-1
3 3
-1
22 22
12 12
4 4
35 35
8 8
70 71
30 30
4 4
2 2
10 10
26 26
18 18
7 7
11 11
13 13
21 21
-1
11 11
-1
13 13
73 76
3 3
-1
11 11
10 10
28 28
26 26
5 5
-1
6 6
17 17
-1
3 3
-1
-1
15 15
4 4
84 92
3 3
10 10
-1
-1
7 7
155 164
7 7
10 10
13 13
2 2
-1
33 35
2 2
-1
-1
10 10
36 36
1 1
-1
-1
5 5
26 26
53 53
-1
317 331
2 2
10 10
-1
10 10
7 7
7 7
17 18
15 17
91 94
1 2
-1
11 11
13 13
4 4
-1
7 7
9 9
-1
7 7
9 9
60 60
3 3
10 10
-1
-1
3 3
1 1
240 247
26 26
2 2
5 5
-1
10 10
1 1
4 4
18 18
4 4
-1
5 5
-1
5 5
11 11
7 7
9 9
-1
30 30
-1
-1
37 38
2 2
14 14
-1
-1
-1
15 15
9 9
10 10
4 4
21 21
16 16
8 8
13 13
-1
761 789
6 6
-1
1 1
2 2
-1
4 4
73 75
2 2
29 29
20 20
1 1
6 6
2 2
6 6
-1
16 16
4 4
19 19
3 3
12 12
12 12
98 98
-1
10 10
-1
9 9
-1
15 15
6 6
10 10
7 7
10 10
7 7
8 8
10 10
117 119
15 15
-1
-1
-1
-1
-1
-1
2 2
-1
9 9
6 6
3 3
-1
47 47
33 33
12 12
7 7
1 1
4 4
12 12
-1
3 3
-1
-1
26 26
-1
-1
-1
-1
5 5
39 41
-1
13 13
3 3
10 10
10 10
1 1
18 18
-1
-1
22 22
5 5
6 6
5 5
2 2
1 1
-1
22 22
86 89
2 2
6 6
8 8
13 13
-1
202 204
124 125
-1
42 42
5 5
4 4
25 25
1 1
7 7
13 13
7 7
2 2
15 15
5 5
7 7
12 12
14 14
11 11
-1
-1
9 9
6 7
15 15
-1
10 10
4 4
-1
7 7
19 19
30 31
-1
10 10
18 18
3 3
30 30
4 4
11 11
13 13
9 9
5 5
-1
-1
-1
-1
-1
28 28
9 9
1 1
34 34
8 8
-1
-1
-1
-1
13 13
4 4
1 1
24 24
14 14
-1
-1
159 162
43 43
2 2
7 7
3 3
9 9
-1
4 4
5 5
-1
-1
1 1
-1
-1
-1
-1
-1
9 9
36 45
3 3
40 42
-1
-1
12 12
11 11
7 7
8 8
26 26
5 5
7 7
7 7
908 930
3 3
14 14
-1
4 4
620 635
122 127
4 4
384 384
6 6
-1
1 1
12 12
-1
-1
218 229
11 11
1 1
9 9
4 4
-1
67 69
60 63
50 50
22 22
10 10
29 29
20 20
12 12
5 5
33 33
-1
27 27
26 26
-1
30 30
-1
11 11
23 23
-1
2 2
4 4
25 25
-1
-1
2 2
62 63
14 14
-1
16 16
19 19
95 97
8 8
21 21
11 11
29 29
13 13
-1
8 8
62 62
7 7
4 4
-1
30 30
80 81
8 8
-1
12 12
-1
30 30
-1
6 6
5 5
4 4
8 8
157 162
-1
-1
-1
11 11
12 12
5 5
-1
-1
17 17
-1
3 3
2 2
6 6
27 27
-1
62 68
5 5
8 8
11 11
-1
5 5
-1
70 70
9 9
12 12
-1
5 5
28 28
69 69
-1
29 29
7 7
-1
17 17
9 9
1 1
78 85
-1
-1
10 10
146 149
-1
7 7
-1
3 3
44 47
4 4
65 66
11 11
-1
44 45
-1
15 15
10 10
10 10
13 13
5 5
17 17
75 75
12 12
142 144
18 18
9 9
-1
-1
1 1
2 2
-1
14 14
-1
19 19
-1
-1
-1
16 16
32 32
11 11
38 38
-1
20 20
-1