RID: 6a8e5165a6c2ba1fb1ed8648
是否完全通过: False
错误种类: 其他错误
状态: Compile Error
编译信息: ["template.c:45:29: error: conflicting types for 'LeaseManager'; have 'struct LeaseManager'\n   45 | typedef struct LeaseManager LeaseManager;\n      |                             ^~~~~~~~~~~~\nIn file included from template.c:1:\nfoo.c:9:3: note: previous declaration of 'LeaseManager' with type 'LeaseManager'\n    9 | } LeaseManager;\n      |   ^~~~~~~~~~~~\ntemplate.c:47:15: error: conflicting types for 'leaseManagerCreate'; have 'LeaseManager *(int)'\n   47 | LeaseManager* leaseManagerCreate(int ttl) { (void)ttl; return (LeaseManager*)calloc(1, sizeof(LeaseManager)); }\n      |               ^~~~~~~~~~~~~~~~~~\nfoo.c:31:15: note: previous definition of 'leaseManagerCreate' with type 'LeaseManager *(int)'\n   31 | LeaseManager* leaseManagerCreate(int ttl) {\n      |               ^~~~~~~~~~~~~~~~~~\ntemplate.c:48:6: error: conflicting types for 'leaseManagerFree'; have 'void(LeaseManager *)'\n   48 | void leaseManagerFree(LeaseManager* obj) { free(obj); }\n      |      ^~~~~~~~~~~~~~~~\nfoo.c:37:6: note: previous definition of 'leaseManagerFree' with type 'void(LeaseManager *)'\n   37 | void leaseManagerFree(LeaseManager* obj) {\n      |      ^~~~~~~~~~~~~~~~\ntemplate.c:49:6: error: conflicting types for 'leaseManagerAcquire'; have '_Bool(LeaseManager *, int,  int,  int)'\n   49 | bool leaseManagerAcquire(LeaseManager* obj, int resourceId, int nodeId, int time) { (void)obj;(void)resourceId;(void)nodeId;(void)time; return false; }\n      |      ^~~~~~~~~~~~~~~~~~~\nfoo.c:43:6: note: previous definition of 'leaseManagerAcquire' with type '_Bool(LeaseManager *, int,  int,  int)'\n   43 | bool leaseManagerAcquire(LeaseManager* obj, int resourceId, int nodeId, int time) {\n      |      ^~~~~~~~~~~~~~~~~~~\ntemplate.c:50:6: error: conflicting types for 'leaseManagerRenew'; have '_Bool(LeaseManager *, int,  int,  int)'\n   50 | bool leaseManagerRenew(LeaseManager* obj, int resourceId, int nodeId, int time) { (void)obj;(void)resourceId;(void)nodeId;(void)time; return false; }\n      |      ^~~~~~~~~~~~~~~~~\nfoo.c:51:6: note: previous definition of 'leaseManagerRenew' with type '_Bool(LeaseManager *, int,  int,  int)'\n   51 | bool leaseManagerRenew(LeaseManager* obj, int resourceId, int nodeId, int time) {\n      |      ^~~~~~~~~~~~~~~~~\ntemplate.c:51:6: error: conflicting types for 'leaseManagerRelease'; have '_Bool(LeaseManager *, int,  int)'\n   51 | bool leaseManagerRelease(LeaseManager* obj, int resourceId, int nodeId) { (void)obj;(void)resourceId;(void)nodeId; return false; }\n      |      ^~~~~~~~~~~~~~~~~~~\nfoo.c:58:6: note: previous definition of 'leaseManagerRelease' with type '_Bool(LeaseManager *, int,  int)'\n   58 | bool leaseManagerRelease(LeaseManager* obj, int resourceId, int nodeId) {\n      |      ^~~~~~~~~~~~~~~~~~~\ntemplate.c:52:5: error: conflicting types for 'leaseManagerHolder'; have 'int(LeaseManager *, int,  int)'\n   52 | int leaseManagerHolder(LeaseManager* obj, int resourceId, int time) { (void)obj;(void)resourceId;(void)time; return -1; }\n      |     ^~~~~~~~~~~~~~~~~~\nfoo.c:65:5: note: previous definition of 'leaseManagerHolder' with type 'int(LeaseManager *, int,  int)'\n   65 | int leaseManagerHolder(LeaseManager* obj, int resourceId, int time) {\n      |     ^~~~~~~~~~~~~~~~~~\ntemplate.c:53:5: error: conflicting types for 'leaseManagerAliveCount'; have 'int(LeaseManager *, int)'\n   53 | int leaseManagerAliveCount(LeaseManager* obj, int time) { (void)obj;(void)time; return 0; }\n      |     ^~~~~~~~~~~~~~~~~~~~~~\nfoo.c:71:5: note: previous definition of 'leaseManagerAliveCount' with type 'int(LeaseManager *, int)'\n   71 | int leaseManagerAliveCount(LeaseManager* obj, int time) {\n      |     ^~~~~~~~~~~~~~~~~~~~~~\n"]
运行信息: 
失败点: null
完整返回:
{
  "ok": true,
  "rid": "6a8e5165a6c2ba1fb1ed8648",
  "result": {
    "isAccepted": false,
    "status": {
      "code": 7,
      "name": "Compile Error",
      "textZh": "Compile Error"
    },
    "errorType": "其他错误",
    "score": 0,
    "timeMs": 0,
    "memoryBytes": 0,
    "compilerMessage": [
      "template.c:45:29: error: conflicting types for 'LeaseManager'; have 'struct LeaseManager'\n   45 | typedef struct LeaseManager LeaseManager;\n      |                             ^~~~~~~~~~~~\nIn file included from template.c:1:\nfoo.c:9:3: note: previous declaration of 'LeaseManager' with type 'LeaseManager'\n    9 | } LeaseManager;\n      |   ^~~~~~~~~~~~\ntemplate.c:47:15: error: conflicting types for 'leaseManagerCreate'; have 'LeaseManager *(int)'\n   47 | LeaseManager* leaseManagerCreate(int ttl) { (void)ttl; return (LeaseManager*)calloc(1, sizeof(LeaseManager)); }\n      |               ^~~~~~~~~~~~~~~~~~\nfoo.c:31:15: note: previous definition of 'leaseManagerCreate' with type 'LeaseManager *(int)'\n   31 | LeaseManager* leaseManagerCreate(int ttl) {\n      |               ^~~~~~~~~~~~~~~~~~\ntemplate.c:48:6: error: conflicting types for 'leaseManagerFree'; have 'void(LeaseManager *)'\n   48 | void leaseManagerFree(LeaseManager* obj) { free(obj); }\n      |      ^~~~~~~~~~~~~~~~\nfoo.c:37:6: note: previous definition of 'leaseManagerFree' with type 'void(LeaseManager *)'\n   37 | void leaseManagerFree(LeaseManager* obj) {\n      |      ^~~~~~~~~~~~~~~~\ntemplate.c:49:6: error: conflicting types for 'leaseManagerAcquire'; have '_Bool(LeaseManager *, int,  int,  int)'\n   49 | bool leaseManagerAcquire(LeaseManager* obj, int resourceId, int nodeId, int time) { (void)obj;(void)resourceId;(void)nodeId;(void)time; return false; }\n      |      ^~~~~~~~~~~~~~~~~~~\nfoo.c:43:6: note: previous definition of 'leaseManagerAcquire' with type '_Bool(LeaseManager *, int,  int,  int)'\n   43 | bool leaseManagerAcquire(LeaseManager* obj, int resourceId, int nodeId, int time) {\n      |      ^~~~~~~~~~~~~~~~~~~\ntemplate.c:50:6: error: conflicting types for 'leaseManagerRenew'; have '_Bool(LeaseManager *, int,  int,  int)'\n   50 | bool leaseManagerRenew(LeaseManager* obj, int resourceId, int nodeId, int time) { (void)obj;(void)resourceId;(void)nodeId;(void)time; return false; }\n      |      ^~~~~~~~~~~~~~~~~\nfoo.c:51:6: note: previous definition of 'leaseManagerRenew' with type '_Bool(LeaseManager *, int,  int,  int)'\n   51 | bool leaseManagerRenew(LeaseManager* obj, int resourceId, int nodeId, int time) {\n      |      ^~~~~~~~~~~~~~~~~\ntemplate.c:51:6: error: conflicting types for 'leaseManagerRelease'; have '_Bool(LeaseManager *, int,  int)'\n   51 | bool leaseManagerRelease(LeaseManager* obj, int resourceId, int nodeId) { (void)obj;(void)resourceId;(void)nodeId; return false; }\n      |      ^~~~~~~~~~~~~~~~~~~\nfoo.c:58:6: note: previous definition of 'leaseManagerRelease' with type '_Bool(LeaseManager *, int,  int)'\n   58 | bool leaseManagerRelease(LeaseManager* obj, int resourceId, int nodeId) {\n      |      ^~~~~~~~~~~~~~~~~~~\ntemplate.c:52:5: error: conflicting types for 'leaseManagerHolder'; have 'int(LeaseManager *, int,  int)'\n   52 | int leaseManagerHolder(LeaseManager* obj, int resourceId, int time) { (void)obj;(void)resourceId;(void)time; return -1; }\n      |     ^~~~~~~~~~~~~~~~~~\nfoo.c:65:5: note: previous definition of 'leaseManagerHolder' with type 'int(LeaseManager *, int,  int)'\n   65 | int leaseManagerHolder(LeaseManager* obj, int resourceId, int time) {\n      |     ^~~~~~~~~~~~~~~~~~\ntemplate.c:53:5: error: conflicting types for 'leaseManagerAliveCount'; have 'int(LeaseManager *, int)'\n   53 | int leaseManagerAliveCount(LeaseManager* obj, int time) { (void)obj;(void)time; return 0; }\n      |     ^~~~~~~~~~~~~~~~~~~~~~\nfoo.c:71:5: note: previous definition of 'leaseManagerAliveCount' with type 'int(LeaseManager *, int)'\n   71 | int leaseManagerAliveCount(LeaseManager* obj, int time) {\n      |     ^~~~~~~~~~~~~~~~~~~~~~\n"
    ],
    "runtimeMessage": "",
    "firstFailedCase": null,
    "caseSummary": {
      "total": 0,
      "accepted": 0
    }
  }
}

