RID: 6a8e57e9023f58c7f1f40bc6
是否完全通过: True
错误种类: 无
状态: Accepted
编译信息: ['Note: ./Solution.java uses unchecked or unsafe operations.\nNote: Recompile with -Xlint:unchecked for details.\n']
运行信息: 
失败点: null
完整返回:
{
  "ok": true,
  "rid": "6a8e57e9023f58c7f1f40bc6",
  "result": {
    "isAccepted": true,
    "status": {
      "code": 1,
      "name": "Accepted",
      "textZh": "Accepted"
    },
    "errorType": "无",
    "score": 100,
    "timeMs": 814.363,
    "memoryBytes": 43712,
    "compilerMessage": [
      "Note: ./Solution.java uses unchecked or unsafe operations.\nNote: Recompile with -Xlint:unchecked for details.\n"
    ],
    "runtimeMessage": "",
    "firstFailedCase": null,
    "caseSummary": {
      "total": 10,
      "accepted": 0
    }
  }
}

