-1 -1
9440 9440
10469 10469
12468 12468
-1 -1
542 542
17762 17762
4956 4957
11036 11038
8852 8852
12469 12469
15816 15816
8709 8710
-1 -1
20399 20400
22285 22285
21764 21764
-1 -1
-1 -1
8646 8646
23597 23597
15811 15811
23448 23449
-1 -1
4459 4462
2697 2697
3618 3618
23020 23020
12629 12631
614 615
-1 -1
-1 -1
6454 6454
-1 -1
-1 -1
-1 -1
-1 -1
22436 22436
1696 1696
22139 22139
-1 -1
-1 -1
933 933
-1 -1
-1 -1
-1 -1
-1 -1
19643 19643
11300 11301
4954 4955
3161 3162
-1 -1
19575 19576
-1 -1
4537 4537
779 779
20337 20338
11580 11580
16857 16857
14721 14721
12869 12869
11925 11925
-1 -1
5933 5933
-1 -1
16455 16455
-1 -1
1550 1550
17740 17740
-1 -1
-1 -1
15584 15584
23916 23917
15664 15664
-1 -1
14494 14494
10882 10882
-1 -1
1048 1048
8150 8150
13284 13284
2938 2939
8431 8431
-1 -1
2691 2691
23265 23267
-1 -1
5031 5031
-1 -1
18149 18149
22186 22187
15169 15171
-1 -1
1845 1845
21594 21595
-1 -1
21316 21316
4529 4533
15950 15950