-1 -1
-1 -1
7356 7356
-1 -1
17628 17629
15396 15396
22254 22254
11908 11908
12879 12879
19881 19883
-1 -1
-1 -1
-1 -1
18685 18685
18222 18223
20889 20889
15760 15760
11299 11299
19329 19330
19929 19931
16721 16721
18620 18620
17070 17070
-1 -1
12557 12558
569 569
17106 17107
10038 10038
-1 -1
19454 19455
1314 1314
7264 7264
25203 25204
26705 26705
5484 5485
12937 12937
-1 -1
19469 19470
9600 9601
-1 -1
15764 15764
6543 6543
-1 -1
13856 13856
-1 -1
1863 1863
13053 13053
-1 -1
-1 -1
288 289
-1 -1
7688 7688
-1 -1
21868 21868
24859 24859
-1 -1
-1 -1
-1 -1
24945 24945
19586 19587
-1 -1
-1 -1
20916 20916
-1 -1
-1 -1
21975 21976
-1 -1
-1 -1
8176 8179
3246 3247
22039 22039
16881 16881
22458 22458
-1 -1
5814 5814
3493 3493
8258 8258
21491 21492
-1 -1
19911 19911
-1 -1
10240 10241
-1 -1
12286 12286
17325 17325
2411 2411
-1 -1
12307 12307
6839 6839
15528 15529
4460 4462
18850 18851
-1 -1
-1 -1
13542 13544
3942 3945
20395 20396
25137 25138
-1 -1
-1 -1
-1 -1
18018 18018
-1 -1
13580 13580
6355 6356
6862 6862
11685 11685
13231 13231
14631 14632
11708 11708
1025 1027
-1 -1
6899 6901
4722 4723
25368 25369
-1 -1
19653 19654
17729 17731
5296 5296
-1 -1
20644 20644
23687 23687
6832 6832
-1 -1
4251 4251
-1 -1
5399 5401
-1 -1
16198 16198
8381 8382
23695 23695
17767 17767
16844 16844
-1 -1
-1 -1
3124 3125
16771 16774
23654 23654
2140 2140
23452 23452
-1 -1
25544 25544
-1 -1
-1 -1
-1 -1
-1 -1
8645 8646
16457 16457
17879 17881
-1 -1
-1 -1
23117 23117
10228 10231
7357 7358
26511 26511
-1 -1
-1 -1
14590 14590
21859 21860
-1 -1
-1 -1
8821 8824
23041 23042
25930 25931
11807 11808
24928 24929
-1 -1
-1 -1
1192 1193
23550 23550
9029 9029
17566 17567
-1 -1
-1 -1
12793 12795
-1 -1
2470 2470
9941 9941
8204 8204
8971 8972
-1 -1
72 73
-1 -1
1146 1147
-1 -1
711 712
19240 19243
-1 -1
-1 -1
10368 10369
-1 -1
782 782
-1 -1
3033 3033
23038 23038
26320 26321
15812 15812
8977 8977
7548 7550
11093 11095
12478 12479
-1 -1
17305 17305
25418 25418
15045 15046
5528 5528
10431 10431
-1 -1
-1 -1
-1 -1
-1 -1
-1 -1
22700 22700
-1 -1
-1 -1
25807 25808
16823 16824
8821 8824
26804 26804
17683 17684
18775 18775
-1 -1
-1 -1
-1 -1
329 330
21506 21506
-1 -1
1771 1771
-1 -1
10853 10855
4878 4879
25114 25114
22417 22418
-1 -1
5746 5747
-1 -1
98 99
11467 11467
15282 15282
-1 -1
26247 26248
9806 9806
22504 22504
-1 -1
5971 5971
1371 1371
-1 -1
-1 -1
14411 14411
20686 20687
3336 3337
-1 -1
-1 -1
9008 9008
-1 -1
-1 -1
24829 24829
12417 12417
8608 8609
15604 15605
16760 16760
14586 14586
1579 1580
21578 21578
-1 -1
9540 9540
13257 13257
13253 13253
12228 12228
23731 23732
3276 3276
-1 -1
18707 18709
-1 -1
896 896
-1 -1
13532 13535
-1 -1
-1 -1
24608 24608
22051 22053
-1 -1
-1 -1
22940 22940
9245 9246
21452 21452
4794 4794
2389 2390
-1 -1
189 190
26842 26842
-1 -1
19874 19874
-1 -1
20827 20827
10055 10056
24738 24738
8494 8494
25183 25183
-1 -1
-1 -1
22189 22189
10871 10871
20165 20166
15616 15616
4316 4316
12804 12804
-1 -1
-1 -1
12312 12312
11545 11546
3863 3863
22931 22932
222 224
16277 16279
1364 1364
23076 23076
7049 7049
18091 18091
16377 16378
7328 7328
21486 21486
15102 15102
9465 9466
23595 23597
10115 10116
2231 2231
15134 15134
15168 15170
16277 16279
19069 19069
24979 24979
3251 3251
13942 13943
-1 -1
-1 -1
22504 22504
26529 26529
-1 -1
-1 -1
6450 6451
-1 -1
15335 15335
7095 7096
17897 17898
8381 8382
9569 9569
7931 7931
20397 20398
-1 -1
-1 -1
8217 8217
-1 -1
4631 4631
22042 22042
1381 1382
12215 12215
-1 -1
2093 2093
9966 9967
1628 1631
4305 4306
16006 16006
-1 -1
12431 12431
-1 -1
-1 -1
-1 -1
18145 18145
-1 -1
-1 -1
15006 15006
26571 26571
-1 -1
-1 -1
1119 1119
16024 16024
-1 -1
19635 19636
1911 1911
22450 22450
8479 8479
18777 18777
23928 23928
23814 23815
4114 4114
2282 2283
16896 16897
-1 -1
-1 -1
-1 -1
8634 8634
17628 17629
2066 2066
5340 5342
-1 -1
6608 6608
-1 -1
-1 -1
20999 21000
2899 2899
4362 4363
5946 5947
-1 -1
17746 17746
-1 -1
18105 18105
-1 -1
-1 -1
-1 -1
15630 15630
10409 10410
-1 -1
-1 -1
-1 -1
23009 23009
7551 7551
9473 9473
11225 11227
15336 15341
-1 -1
8773 8773
-1 -1
-1 -1
20524 20524
13276 13276
179 179
-1 -1
-1 -1
-1 -1
23918 23920
26225 26227
-1 -1
22406 22408
15703 15704
19537 19538
-1 -1
3164 3164
26541 26541
903 903
-1 -1
-1 -1
3526 3526
9488 9488
-1 -1
4947 4947
25160 25161
22255 22255
-1 -1