8532 8547
907 919
4206 4223
2144 2155
4341 4357
9861 9876
6800 6816
9086 9104
6638 6657
3817 3835
6817 6839
10999 11018
15450 15469
4912 4925
2125 2143
56 72
11647 11661
13063 13079
15915 15927
5815 5823
11319 11333
3720 3737
491 505
10066 10083
5957 5972
4382 4396
6755 6769
13163 13176
8459 8470
10890 10904
4169 4185
7650 7659
14001 14016
14797 14817
8275 8293
15555 15564
2338 2357
306 315
12914 12938
14865 14879
2299 2311
5164 5193
10336 10354
5824 5839
8429 8447
2957 2974
10325 10335
12092 12098
9192 9214
3485 3501
3100 3119
6569 6583
373 385
13943 13956
6584 6599
2214 2228
12836 12854
7002 7018
15626 15645
13740 13752
3614 3636
7596 7616
1524 1532
7525 7546
13163 13176
14166 14178
4810 4828
131 144
13269 13286
2338 2357
5694 5715
9391 9408
11738 11753
12643 12661
3071 3087
14321 14337
2999 3012
2599 2613
13769 13779
2097 2111
9915 9926
6384 6400
4868 4885
8389 8402
7133 7147
13675 13692
12123 12137
7378 7391
3547 3566
5562 5579
7281 7295
5505 5519
13533 13551
2037 2050
7405 7425
6467 6474
800 816
12188 12203
13475 13491
15555 15564
12115 12122
15882 15899
2156 2168
10943 10966
13080 13096
540 565
9643 9657
5744 5766
4224 4241
8403 8414
1734 1747
6337 6348
10790 10804
2388 2404
14880 14902
4145 4152
5357 5380
2881 2893
9323 9332
3817 3835
10107 10124
3679 3701
7378 7391
9363 9376
11125 11144
6028 6049
894 906
15501 15517
13097 13107
14031 14051
2691 2709
11964 11973
12432 12447
8059 8069
15714 15725
5326 5340
15714 15725
10207 10217
4685 4709
11050 11065
4898 4911
15320 15328
15231 15241
14734 14749
351 372
3234 3247
7851 7866
14708 14719
5799 5814
10662 10672
13620 13644
1533 1550
11662 11681
1703 1717
2214 2228
15676 15689
3673 3678
1569 1582
2834 2843
1079 1089
14880 14902
5230 5246
7038 7049
3765 3782
2691 2709
11815 11825
9143 9158
8582 8601
10011 10028
3258 3266
11091 11104
14408 14424
14441 14452
73 90
3473 3484
12483 12493
11953 11963
5663 5683
15928 15940
3071 3087
7829 7850
6272 6286
6322 6336
15062 15072
4543 4555
3473 3484
4101 4116
3720 3737
10689 10710
2577 2586
2631 2644
5341 5356
13844 13864
12052 12068
11451 11466
8728 8747
9806 9818
3435 3446
1657 1669
12340 12353
14131 14145
417 430
15565 15584
6584 6599
8998 9017
14880 14902
12855 12868
14786 14796
1090 1108
13373 13389
11994 12012
5481 5504
1145 1161
9686 9698
3881 3893
7345 7361
12381 12398
13865 13879
2645 2665
7441 7461
11467 11481
11390 11407
5663 5683
15062 15072
7782 7790
1162 1182
11156 11168
7920 7931
3836 3852
11662 11681
2376 2387
8998 9017
13080 13096
7829 7850
10871 10889
12761 12781
1524 1532
14369 14380
15518 15534
7677 7695
10848 10870
14302 14320
6004 6017