26242 26263
852 882
5266 5294
9805 9834
29025 29047
9594 9623
1454 1474
16515 16540
22330 22359
19742 19767
26924 26961
8532 8555
28689 28728
23118 23152
14722 14748
9835 9857
2628 2659
7087 7121
22845 22873
15857 15875
10236 10269
17662 17695
9169 9196
26204 26241
4022 4056
6689 6711
22221 22247
24757 24775
5039 5064
26406 26436
24677 24696
6334 6359
8057 8089
5039 5064
23788 23817
98 132
883 903
4775 4800
27441 27471
10799 10821
8057 8089
14072 14103
27415 27440
21712 21746
7621 7645
27621 27642
27867 27903
25088 25112
20594 20627
16704 16731
819 851
28229 28253
16426 16453
10046 10078
2384 2415
363 398
14131 14155
28170 28201
25152 25172
26544 26573
2776 2802
17877 17907
28777 28798
4619 4645
29265 29293
25786 25821
24463 24489
4988 5011
18709 18740
13923 13953
15907 15940
28428 28456
20741 20766
8971 9002
8322 8347
14327 14350
20937 20978
10366 10397
14828 14853
7736 7769
20077 20102
16829 16854
28002 28023
4146 4174
13106 13140
8885 8916
23568 23601
21014 21040
15789 15817
24697 24721
4119 4145
16963 16987
13163 13196
7169 7200
20648 20673
21252 21285
25650 25676
14190 14220
28146 28169
25088 25112
27728 27753
27962 28001
11257 11276
27643 27663
17662 17695
12208 12242
19768 19800
8663 8691
11127 11151
13516 13543
4674 4700
21102 21137
21991 22019
10554 10583
14156 14189
21138 21164
1706 1736
20767 20814
25132 25151
21455 21495
2868 2900
6572 6594
25132 25151
11453 11483
10855 10883
21363 21395
28397 28427
3355 3386
23273 23297
18028 18049
20876 20910
5065 5094
15433 15450
26082 26112
11310 11327
1683 1705
1783 1815
3896 3937
23388 23416
12106 12134
2717 2748
12726 12760
26786 26815
13493 13515
28254 28287
10079 10118
21854 21885
15328 15359
28081 28103
4022 4056
20876 20910
11040 11065
3070 3094
12544 12572
12208 12242
24426 24462
19801 19829
743 782
10673 10708
25786 25821
6334 6359
8007 8034
11375 11396
10079 10118
9682 9716
17389 17424
1612 1636
8283 8321
19487 19518
24677 24696
18764 18789
19290 19324
1093 1128
9975 10006
8057 8089
29120 29144
11660 11687
1309 1332
1985 2007
18741 18763
5128 5157
4674 4700
13197 13230
17958 17991
7396 7418
17786 17809
8057 8089
23032 23059
28613 28636
21286 21308
25053 25087
2166 2189
29004 29024
25261 25295
25173 25191
13141 13162
20568 20593
1839 1865
13954 13982
15328 15359
15701 15727
28202 28228
1008 1029
17530 17555
16334 16364
13001 13028
18263 18295
9805 9834
14585 14607
18330 18369
10799 10821
11634 11659
12913 12940
4869 4906
24102 24135
22330 22359
17786 17809
19487 19518
12208 12242
13493 13515
9251 9274
22845 22873
399 421
11184 11210
2749 2775
5555 5577
12961 13000
25590 25625
8613 8638
12369 12397
16062 16085
8118 8145
14877 14917
12695 12725
16086 16115
12106 12134
13832 13854
25558 25589
28170 28201
15762 15788
18263 18295
27441 27471
16988 17015
22967 23002
7201 7230
17810 17843
1285 1308
18080 18108
5517 5554
6822 6852
11688 11718
9367 9393
9394 9414
28872 28895
15636 15667
12695 12725
15451 15474
9143 9168
16116 16145
2113 2135
15071 15098
16086 16115
23060 23084
7886 7910
22967 23002
14379 14414
3591 3618
5517 5554
17389 17424
9306 9340
2384 2415
23981 24005
16175 16209
14660 14691
16267 16300
975 1007
11574 11602
24722 24756
5201 5243
23925 23956
17222 17261
11007 11039
1816 1838
26844 26877
13141 13162
18370 18412
11310 11327
29370 29395
4501 4529
1428 1453
9717 9752
27441 27471
16210 16233
12493 12524
27090 27112
24136 24168
447 481
19553 19579
11127 11151
4836 4868
21747 21766
19259 19289
21970 21990
7677 7714
11350 11374
1155 1179
20130 20161
7593 7620
18591 18614
17016 17049
3460 3484
1 30
22845 22873
18815 18835
24102 24135
18136 18171
11375 11396
14918 14944
18503 18526
18028 18049
7970 8006
1737 1759
3985 4021
11906 11931
1953 1984
14608 14636
26640 26665
21165 21194
21496 21516
11574 11602
22565 22588
13762 13791
23474 23497
4057 4087
19018 19042
8692 8707
9394 9414
8663 8691
852 882
5968 6011
1333 1367
10337 10365
8885 8916
21517 21550
19122 19150
7593 7620
29048 29086
24975 24997
15099 15134
25296 25326
1612 1636
22758 22788
2062 2084
28428 28456
6074 6097
24463 24489
8425 8448
9069 9086
2008 2038
3268 3293
17936 17957
1637 1662
26757 26785
24520 24545
447 481
17136 17167
3869 3895
24998 25030
25385 25404
14489 14526
19290 19324
6474 6507
21429 21454
20497 20526
1368 1398
26574 26608
11634 11659
23568 23601
2972 3008
5642 5673
8118 8145
24359 24389
20401 20431
15297 15327
3147 3179
11965 11997
11827 11849
26242 26263
1985 2007
2062 2084
5945 5967
13792 13831
3121 3146
24198 24229
9115 9142
1706 1736
12761 12791
3520 3556
21830 21853
11906 11931
14722 14748
22142 22162
1093 1128
22503 22540
18109 18135
5419 5445
5704 5745
22940 22966
4203 4236
23032 23059
23388 23416
14973 15005
3432 3459
16234 16266
10584 10610
15275 15296
20979 21013
26962 26990
11778 11801
23060 23084
23714 23748
12604 12634
13573 13604
22817 22844
1309 1332
18764 18789
15789 15817
3807 3835
26734 26756
4558 4592
8007 8034
29145 29169
24798 24823
22191 22220
4146 4174
7036 7060
12493 12524
3095 3120
6451 6473
21603 21627
1683 1705
8798 8828
3619 3647
1532 1557
29170 29199
18836 18861
13605 13633
8035 8056
11719 11750
7396 7418
18080 18108
4146 4174
18989 19017
4801 4835
10646 10672
22541 22564
15512 15544
25113 25131
21747 21766
4619 4645
28613 28636
10337 10365
22845 22873
4727 4754
22163 22190
8613 8638
21661 21682
14556 14584
27326 27356
27326 27356
10236 10269
4057 4087
27867 27903
11152 11183
14131 14155
15223 15248
26320 26341
21767 21799
20594 20627
4418 4448
5811 5841
3807 3835
24359 24389
12310 12331
22845 22873
17050 17076
13605 13633
2717 2748
12544 12572
19487 19518
25879 25907
23298 23328
27022 27048
12573 12603
29120 29144
22020 22047
11965 11997
13792 13831
4175 4202
1008 1029
13197 13230
8449 8474
27218 27250
8708 8741
883 903
2190 2208
28229 28253
26878 26896
15275 15296
23273 23297
17016 17049
5704 5745
19259 19289
8508 8531
26320 26341
18989 19017
9275 9305
20911 20936
27218 27250
25053 25087
10398 10428
27804 27839
5555 5577
11751 11777
21886 21915
26342 26374
14327 14350
2628 2659
20285 20310
17992 18027
7508 7538
28729 28753
1581 1611
6951 6979
26897 26923
11751 11777
13605 13633
17741 17759
9394 9414
24573 24605
8613 8638
10482 10511
1839 1865
15071 15098
19666 19694
20838 20875
16116 16145
17077 17104
3967 3984
883 903
20311 20340
25879 25907
6334 6359
11152 11183
18790 18814
24390 24425
11066 11095
28457 28495
25327 25353
10429 10450
25850 25878
20568 20593
14040 14071
6740 6768
3460 3484
17662 17695
13404 13435
16704 16731
16765 16799
14007 14039
10584 10610
22142 22162
26515 26543
7201 7230
14797 14827
14854 14876
15789 15817
16488 16514
10884 10911
5158 5200
5295 5327
3355 3386
3713 3752
18836 18861
21455 21495
23628 23660
24606 24638
9876 9900
22077 22110
1663 1682
5674 5703
15193 15222
27495 27523
2319 2341
16855 16879
3268 3293
28428 28456
8829 8855
577 604
26640 26665
5244 5265
15390 15432
11998 12024
20285 20310
12369 12397