0vFBhKOLI53m8
5eGVwsJWOpsPDFSeQHmtkXfEwjYuhQoNE277029837BXxVmmimXJaTL994466WlbVPvOUPgGVjljMEo
5kI7
06
6SwRd8n44617Nag
6o
7rNRrCHbvazknKKTJtJvokshhbBAXDTtrtUuTLyywDDJjPexjXgxyoPtZBMivhCmOJgEPFIYqAAlaEWYFPsk6n5X
22qGbq78992069qJQjOJhfK8872
50vT
64wfEomYDEjaPDPBJPUIArTskPOAuj8TRduFVAYFE521027luTXkxxnRXHKGnXOtSialFpCPXATVXyDosHCoRdzldlgCNEWVsrFTdeRHDOjfOaHo24897RC5xqq
65
73QqIbHKtzLzIvVTgHOdPjLJNlvKANxnjgRDGmtCArAZpcxoIsYWqcxxSnQdnVlQNgKJCotAJyptgnzxL995445gwCrsxN4664uOBS
82CSvRIWYrfrtYEMlJzjvCFLMqqZOilIMFbXfdtl40HI
85d1X1
87CQFecnDwvBLYVAsN714TD428034826ZaqUobmpy5784840l180893lPTCg3Pq6
97iZtBmDihszYYgJyD591641395bPwReVbsNHNLbDeW39FwWlHueKdlFXutdWRnUuhCedia87554554AGzpWAxyQ599054995ikrADnkToHq
134LnzltwWW8nI
212yQ38999PcQfvgrwNMKucQPPFGWEBSQECGLI85rxHLNoEmdGSpKNcbjGdiPHukCugusoS256aICapCOGcT739086746
448NBndcxpZWaXFINSsBzUMydxikelsOZiOVHFKhHLASJqvNrupbWLBwFwhZrZCnOVpXkuNqJlDyDjiwErjMLyQoNkipMdJkqSWXxstmlpcg5470W
570EJQNIKjbVmhfFbQpyWfmmimByANTuRvTYIjXqWuiPDIKjcyzhsCvteEcoyVgIAnJNFbwxCIlyTjHmsPAVArPTZaUYdYkincRnDnlxGJQDJ371979z21147
634OgwtaqboQbTJIuvqfPUUuoxDRtxKiVHUzWAUzjjmsXaeJLYgdkjVwJZvVMOMaqAJoJlbFjKdhEHwNhoapikPewjpGRpJGclXHCVWNTDrKZiETK5
2086sNNZDABRvjSU1
2365uByYO467RYKmLewUHmYQO2776qZy169909767ZZF
3803vjfuoon2695MHzQogU29
7795oGLnmgCZUdcJnZkcSlHEkdavdEerjfvLSLScymYTPVbbEuwjkiJtXRuifGnIyjmOPVoPIOyTVAxNcT191679089kRcv74906924o
14025mYQVodDHmPIGHtqUZvEitXzRxvweWuoTSANWceBrEXoEirkbxCwvkuCeByyYuxgQo864HaNYy8245pBZbevlTWhvrW
14977EZZfnGEProBddAOOEbn9750029QnZJcxdyIdZaWBLUbtn9wgTaVHWLxYnL
50442yVoFFUGzylGonnygfTGmpzXsyrUpPBLRjlVeBAkiKyvxlwR03055410zJkADWvTGlJ404rewNZDLtrHd1tIWkUWcJGx
52255FivwIDphvAXCpUXGATjxSCpvzNxZFACKqwr4EeyfYZDdTSWnKaoqcSxGnkvtcuniDksYsoTnqbIejgdIVbN252295764I
91667IuytJFblOSEUbHVQeYzORZvNVyAjCRnYTaqcVmOJuabfEsoOACGDbVsZHCkE21yVPviiMcBQmSaJBKitw7MukfJ0896b
106737pB5
317468zbLFvaeYRKEGiuEqCGYHDeZbbNMGhHbKBwWuBXBwXhBcTBTSXlj74PWsrMPlXjXnvzqBo5971bQjEpq0x
383646QDgBOtoqueAwnBaHKPtfgLeZlJlCNoAXWAsohjKvvKYTrKzQ8041636DHOveJpsVBxL565nAecHiHSFOJmuI
570783wUHRBQsmaGoNqGAOKGsJrmUQeWBUWrmeCJoUZEdZzlHKrRaRiA6181JtEREOZzfkFvs1
625337EytTsOtfXKLMkuinfWJ8218877smA13046D1
682953sKLUpVFLsUZgAUhrfGnkoTPSbLpdTqgFWGxuUIVMYJUNsPfdFcOckMYiTPLHcOYtzHKSA85646dH45O3
867025ZTPnqJHoBxcaPthwqJDkbSUSbMzzlOuMNYwSClflKl061oXEDZYYfzNBSv152750UvU24167717ZWXvenGbfBloHUWfdU024
896644viklCMPbxPdgKGFdFGPmAyoud7855bXlpFiiJYY6867KmRChOXHPUEOnX
923378riKIvkCIiuqAkKx3f
2559938CKik938611QsEBgyKtXraOqwDSEHqxMdQpOSujnKjIsdiYxMzHPzt4677685
2817269CMfDaxWaPKWgQBuhGjBYSoLZHvuPwhxalpvYGGadNGE98865949WhB66143
2977822PvV
4629340NGmkkQObIFuwSrSpzSBzVphOCgDPqiKEWoNjtsYhprMcpTAKNXtdXeVKmoz73
6145612idEFDdwvY242739855fN45727316iRiIebrPKruLEcFinbGxdHsEdgzIiolUlISGWuCSfIUPXqpabzZpWKo7796s217tVd
8165117sMtLJguQMfoDqyJe19273E172008wMl257SFFI46
28220045vejYuCTQuaLRwhfJELrYioQqcNRmKQcuqJU4iNiPDvLZdS0387723PjSQlptGrriLjmGRfwtvozRJ28wl
31598907OLIeMLXXSKjzdUQo0
36473336ppsuCDqnRjTsdvLmLvVAmZjpCbOzyjoiTNTMyAzrAHGirHQwqGkfitAdQgLDMsD0169N3
57789467UGzIbVOBRtZsTPbwPQvuCKYvc5653263oFLHQUviILaKaUFsjGyMQrlpSZQBjIzkMuosbvnHfK511959766jFdrTTXgbkv257829573NUMOIDxHtBvnY5
066515852FnVQxTbTLjCHktuMakeXDYYHWttWvKjBkMjViMBmvMwNWFDTcWslyuDTi3dilHZUlgKAJRVFTBNb902ujyTizYsnK8
72415150cWRJc
78317700QdIDJihChyAjLCYapeibPQZtto0045043YxsBqPzrrUjiSyGvrFtEUFDGa19DGbAafiRNhfrJuPpeOPDTwhuLVemnWtnxNfPTvaEsNfATRHqZr79ndRWt
129532153KDiHbJVTPeHzcqdxRhjLxBdEwkKbaUmUgqgzakWmmJOCVzvvvSdphdFncaLuKoCVgdrSdjob3487740gPQQG32749481bKOFbd642473845
175520340egKACMWzDjEniBmqAxroVnQLloDGcIQNkPmrKPMJwJrGVXYJa348981870HXOHNmrv34325GLRcAH996472
218564373rBbJbCgUrKcZiUJxjoUFS972ag054606sthWsag559o
331905378eVcoaGvQoOXQxDErPMYklTOAcXgLQSVxLPvryYrziSzLgyqLjaaOfPIXidSzj4727808OIOGtdjPRMCvzUUQXqHOJzw3
CHWPduUnuKtAdxsafwTcRFBSZfjLmciZUxXBLjFpkUOuEhAoLhQIOoeZVS3wU4098rZjJskNowYPZhBkoDj1577
Dp3153sNIpEeJYcVxjlfkYFEvwZmiFuJwegeCYqDgBfdrNjjkh919807Ajwkvdg
FAPdunqJrsHcEkydUNUcWloM6
HWeynRKWzvxlnKwJCO55902ixowckGGcOYIVNwZFSF90LaYhXDuMNLIFj320043hLevq17185537MqvWQ3p
IM1908423iyAexyFRduyZ2m
JBfH2YxEtJQGHwnf
JuRunyqJOAs944897dLFuvvaHRtCEnbjhqSK42FPlggYyLTPQjzfoCZLwbaUqUjcNvIGkNUVyMdPWTVzqpVkQOlWbialwRDfqDhKltSkoWhpOGq918lqAU
KOmyyBFc89mIEOEvXpXmKSkOqFLVfcBdAFTgorKsMpFfEUvRFQpMHobtXFYzZCMCDMRxFtu972zKyv
KsbBJaL90419309UjYSIvgCPg877m43mkD0
M
MEKUiFsPbKCGtpUUaislzhEPUKcHCfGIdmcXLciVYBiFVcmsJmXFhHcHHDDBkeQprQwvUbPzOOmrivtJWlNZ12831434T
OPDS9
RNjypamwUiCOCGDmTvFHaMkMQyCSZcBhXoQZw2462544KqQgTyw111344vRf3
SBxkQbCZtEOKYxJfwvqfkvjXzSxtcofjmiVyqDJiyGRkPssCqQHjBMVMmqNskMaZDCVncPAtIPSiIlJSQamzxHJkvjNxGLwAfHBlHnXF54eT8D2
TQKdVNXcqUf050355565yhgKwEHtIAYWPEMDNKilikWIPYTTHNdyglk562176060
TZlnsZUGYlnIrYBpOUIYhZUrjZwBosfFKtSKGMJZsMfwS35o
UPOuBwQugZagJuRRGxgyZagriYzrFXEtpReMYDOHdabnFwMRU
XbuAaMQTacPDRmBWQGlNMlZWnnVYtAfLLxIDESSxscZmJwHg2727ZjpMsYvWa41100BnHswZ78FwgrOyYGfRfXlAie1
ZAhLigmXlBiPiTK121AtfGmbxlIue191UL3
aweqHSYPJvHmM324t05dZ2332928h89168
bYchfSaZBuqnCSZMRDxLhpXaSyqpLYzYlFxBrcxcpMNEIDTsIBfftsForMoXubyLcvPOY382684778kxxuwyNk48160810kPmwCmwjuqlJpaGfyuxaugOrX9U
buwNTvRiATXRJDRckLKjtmQsQPmGHfpJkAFcXkIvPBfWj40644
cOMjADcLKAZRUKxVjSJnH4wxX79256765XBG7Q2D
cRwPXbEXOknvQZEYmhFarhixJhtvVjGnGEhn3kusB8404eHwQgrowFrOLMOsRzrPqmkVBGnKhbs7615497YwolKS13825
eXMmnfDsjwMreZoMdfnJd3Fd85w
fANjpBYVZME8Q2
ga58YsEXxnfrIZCtSNBHFdjtboueNsWZjIRxQBvjYPykmWScqteDQgwXjEn
hMnmrB673186200
hlkvGfXwOvDrCOsPRriJVwIdIXviWa92un
lr41
n4v9Gt8
nRwaQMTtvPEIKkMNLeacKZwjLPBjqYAANFGFnfnzrXQBrCNoXqaFBSeHqv10VVDrzGUuRusnNKJHtVtkGAAKAmZYvrMHHqWvvLaCvigpCEmlEU69601DA
oqTbIrccVyGbkXTjdPRZijlFoeMmvrjQKOuKBIJsDeHHFXKjljSizNsjwaDHuUlTPUHGNGcDAUUcmQPhnZYFUgVFmkpUcFuJdR214833688KgZa8
oxTB6zq
ppuobvdtAiZMXBORVfMgMDGxC978AByujIAGduHOaKxgmXKxoGonsQWupjHETBDoZU27OOABzCQU018H
tAdPjIhLGxkiqSndBbPPngENfFmbkwVvQmlybqavhubGRCJjZgtODfvvDImwoDqnVCN19016BSbsmTD
taykkfcskPsOrzpSOPCakfxdCgfKruUctCYVXoCcYdAlzLtuhfoCE2250wYUnhwfJAkwGsMMGDgZYDs970ViESBYD7196881TwhHhLpN92
vkkcjRHmBE41734HTxuwPLQ
wBAFHmVZxRqaRbRzLKzJrWIWThKtlgbJitxFGNT8XxQAERlR13699922Sq544Z
wBNREhYlMRtEwiWNzSjasrQNYcxMLyVImhHGxIoDIXJqkZWswPickBnghBbXsllakAUfIQWi17014009LcVSysAbbJsApXRheqbrzjQ891448009pPXfJ6
wxgdqZrsaAwhuEOJnvPB778832144QyktuQHkhUedZRcLZIPX044HNOdXMEmZkjkwA
xwnDoqzRigeprJCZx589vqxHZlOHGRSXAznyp34188259oIL5
yFACXgHzLnnZfETmbWgnVOpBfKrVU577436V042331561r23
zkENTdUlio7674ryjTAvDJcU4pJxCNPaZjIw9191