04QRqvtF3L
8
16WpNKxOdKpmJeKyNpcLMYAcgPcHNnnSQw3BvkKHsFZtJx99e9
20TCQBn
69zUzPd51U9239
89
411CQcOdkdegTfpOf6270rMaCeyZEyCX5h340S590149c
580RiFIyEOfZIOIIzuc
808bShpWoHTTIcpWYDSG38951
877zqBgyOmLmfLP625401DZu58502j
001635hLOInYvuRnWpcovWOfOsXVHJJYvoKfnTJNmPGVZtHWvs412w7
4397o8nF
5059Ct93A1B4
7075BNvqTiQfdLtDbcNmoBNZXSCtgxlxngcIREmBDzwfylU4rue
24345xRV3I
75765iqrflKwgnbMnhXZfToMAqgBs2mGvvVvJAOcbfhQyXWsxTRjfogDDn0
79695XL93NW83f8
166621vXsvdklgkIOhpxVyo6UFhiV4
197451VPXxWtSa43413iQrRZwkFlSyyRlT92
734355pSRXowCyXuTbuts259azaPVpoToAes
820873
965001ltoRXXMNtl
BIOVuJithKJLifzwtYYLQelh18082l73405owXkFDhWhdi8
CSDTaNn8
HetuSFtJQlt92879H0
IESLGrMOuqpYFyHlonPqM9440XSpyftdzNOYLSYXIB5
INHZdxGNJCckqUPRIgwhCBVcmhmGEAXJMGy894OHWHp14w61
KyWansYQOltLRWvbpFUMIhJlBZBnQpFmbjVHDh2J
LTYeDaaaECIFqgZc8XIVomtqHPWuxavYMqKkqvCZGfBxBcwmA1fC8
LsdplbygMKHPOmJAhXrrBlDWzuHMtoxxANDsRhccOjUSs56224R
NXZkuIJjRqtnCWAxfoGasCfUkZUeQrLCfYSxkFdQRRqceP5WIFA3D2
NhtrcDU5
SBignRwt
UUAcLxDVW0058y
VwaHpJMOjhWohtyswQLbKGVOwiRRBNLKQJ044328y9
WNfTMysLKqtTJgrA2HoYkAtQwpFcduSdzwRMmgDxl7890AmARbZ
WPEoWFtYVumZLlt
Z54
ZtgwX33Hq
aVpMGDjpHCAtUAiHiAkMBdPbazBhKrgY1852CIGDSi14Y
djpPnTOBpQGOBSnqApiAZ22935EMz4
fLBjB538fhQRDFpESB520
gpGiV482935MFxJOAROOkt
hf171852NJTs6N8
kmrMqS53P
lpKa946675B8A
pNbOVOgbzMTpOWpoYxlxq936J
saLKVmSwUMOdvmBZKnOPxgGLjuKhwfeuL9rl
tnMYFeOAKklb06rZZNWvOGLW95N1738pHBJXeGbEI5AqrKP95V3
vjCWXAdY00jYV8581I55A