6rfWYHXBAEZeeijGhtNuuCDjcGOwlxfwHqJhPzopdixQoHvYkPUkzmBTOpEVruv725726p65YJ9
7
7SzI423SxBbgc196269PZslGehrfqI26kYKQ360727
8AdRCuKzPzdSizOzkPyzqVWcIePhIjRMJowfwSItkgZAePTjMX93KKELhXGkfRgKrV
9CEeCwPeIkGtgZgLGrtTWpZLfyRHRdcH
9nZikgd43hDGrqsIcGLJRFUpdAVbahyAv7Cnpn653719sxWElSPxjpoHD166L
13JfIAyOMBLMGwxc216cGgCAZnCMD6
019FDucExnIXuZLKObRKctfdmxooaoGeYkALrd461DiJKtTxnw24UPcoyNIqtxU4jO
0028yAtdHURdrGxKpWJPxhSAfch631Huyj9128611FzMH922Ig8
50plLjpQXfyeatyFkPBuQvMfwboJkiOonHRFwEVEowGQlhhFSaUrUWtV40922PQnn8
61IbxPEGWFPovyDkm2540383qzUwQSOgkQbkEd3881216AfSlbEMmmVlqu06833yND309I09o
75qBgjWmJOSeOZeUiJHFFLcgiULtBH3mbtEjnaBHcbziAqxtDTVKaH062dLB8
82HGGhoYRirM6858I
86IbHLWE31Yov7pr05KknG2h
95UuepwFfFzOYyrBgennqfHVJ4831Uqjmn6KwHjV
119JVswsCszgXSoAknlKKsSZzQEdtmaaDZmuOdJGncuOlaoBLp72YbZZIFejLeQeb7
249jmjQCmmksitFDogxbbFUkegyorJqCnC930S
279fgbUC7sHHjmGuswmZCbxnHsFbIFBvWrA0368f688100
670KHOLZBxvhfrnYkRlkYVuVWaZAahh37848nuAtPABJXirCvShYxae7000YYkBovgaNL9FBLX5
802hjPtJDqLjhCAvigPqkaVHxDjhsYOLCVQCErulUlJmGjuPRHholtLsFZ0453908Ph9D5r
832KFEAarTZuFcJpZYPogAJKifB715462n
04407DvbQKsjMWXTJkP17952m9234C
5774n
6192C60370BQGBgIAUNJXzoH43299puszenrctXfWtWvNTLUeokRwQKVsJLtmXfEhEOMP047
6825G2XilAW6pbjHuFKCcIjOA17591AVscsyJjgNPt48J
007753rehTFc6UFOXdfrodRrXhGGNakMKtUwEWQEmHDuDfUMdQxqEuwU8876590p5150698L46
8573aVgnh6487BO56
58266yOPAccOtPjlgWWeNmfNJeGcNdVyebAzNQtp799484V47c1
96245lDJWjuxvpwFsYFqCVEvtBY732qjQ8NRoubIdgoaorEAXLyaDicX0b
144524eraJSRyddIzfwY49
392041YF85
2951878jTpTXFuXuwmrUXikIbhDyJNWrUVFhBZcdcBSNzJxdzMqvoVfvgMpvgxGhZIHwVd8
6290460W
7208776kaeBplVLRofoIatAlpXkWKYakSHNBGiykMG7316CXrb930
9560902faGjZWm030mWPzPEFTAKztneNWIGuo86332Y26BBll16Y
BOxncAtHWe9262305IhmmhXHLUsx015974UIclxZdiuRyzL1J
BSbXKsLouUjJhLURXzZMHZEjQneIKUJMokAPXZAbdHPtnPRHfOULmuOlAMjQ75
BdNlYbEHxZDFWgiYo
FoIzajT7lZg
GIhaKOcrlTrRRpHRfjJnmaZKWmdoMzJmFAM
ImhpMKsFZJjDMFvcpFfqidqbTHxRv9365226gXCCmIgZXdLvSIRsyYeJ3
IqyYKKYaBabQgHELxShaDiqA50q12T29
KpywOAc5939J
LjYj5p5
NJATpdwBrHtXZpCYICaH319962sJYtRYmQnMHEusLmHWR73466UCnhI50vfwQn0892379
VTEHbhXziIKWVwhnenAjraqnSAw7951qhlZCpxc
WAtpkHRKlyGlXgD9QdfUACzYpNZTXQLiVxtsutnbhHKKrlgY50
WKsupOjVVCawqaPcAz2646247KRAOwrE683IlcVADoCZjKUSvXCZuRYvTdwniWGyCgE1
WXWeKDzodfwqNoCHRF2682744JJBQjhmelvQCQRltnFDMrlWEzoSWpxbnFNoZu4360170LD
XAVWzPcCUCGRNQdsMiYmsGxf6901ZfXfbGewrTXTYjPq74042hKtisqPcuTbF
YTJXhQBkCkUlWFLbvFv633
ZNpWcDtWewKkIaWtJQdQoWYxzU3rzvKYbnNhmOhc63wbZcZpV56DPO863umjFTmwlHYc46DXr6nv
acHqWGIvgahHWZXRxnfNdP266i50v
amjMEga2Gnvx6CbZXKxkSF21i
bWpUqxkqogAjXjXlyrqPQw360yrkYacv4SWBpy748DHFbk42
belWyGtpCfgQuYgzJMONavicVnTIxEHGrxiCYLGKcwMfKFZswMm21464PLqM0450707K
dRMDYsfw66716LwGiONerKr8348vRTLkghuXHywYQhHhTHYIBIQHJ8232226jK929Yec
gtvrnLPvJewpwxXfHzSNvpVlEqPNsmZ541YnIGSxXOzlMifZcKPXJTc260Xyc2x
ktCTLpHs7327565A77
nAlhrCQNnoRUFQyMS9765062Sk93
njHsjA8fKPHf225YtDVzthaZ15H
nqzqicNs5473306HVwkXoFHXpwHScPAWpmJFajCpLPqBH03325WBzssA14hc
ohPbdxCLZ2406DtOFXxrw397a
pKQPAkSwivIza664809qIO89881vNJWl0k
tYrKZgzgpcDPhTJlXaNKTLNePywBrFjvgTOP55t
tZGYAJtdbbjeGyzFZbKDaq5rl903AHwUtQA7
vqTZDouRJIVxyWavgbKxeyRiTSjvugexABe275359DpDcyEshTo1748218H
wvX8509VQNZRQfGLnPGQwWZ14758fP1vpHqDzlyAaenW9774488W
xH
ysZzrPVXJlVLQgGcrQKINniNiZDOBTPuiqYEcnjlSfspXEznrQQDuQeGciHGJrGWAkjut5pwa