1SoDwREEvLiwDGReWYzgmvDkxIbUFpxiunwRDwAr336274887McyHUakEi6095429PPwAGrwRqIrXWorkOtcUKtbBjWaqsn231okARmQ
1TXeYWdHnfjFrgdbAzRZEj620FjDxQbjF002477185CUEpWOPsuNDX919128T
2x
3ncgPnPbDbNTrPDzFMqGnqArwfnipMGxdLXamaajVWFCUYsbYZRrukwBpVESVXwqz955VoUJVgyixzu0261VGZPIEpqfg293jqWBdNpXZe
4zFyCmWFTLlvSmHAKCQBIKfFoRwXz099232LGshbaRStEdooDBcVyhtaiGoqjtzcMXpGSpxl2985YbZuPmJyBOJRaElWlvK04761lVtIPUHINQR40kjr1
5
5Vs71
043mAPBcOtPWVCUccbuzJv7933052OxLdrxcapoZW6uDCtwQKiN
49qQFQOKn3
60zNUUflIRLDxrnSvvjdXMIkcxCgXeUPNFktDIlBpFAcHJcLehlqKEiQEfVqKZi6616522oIbAsudnJBzLWviyuJTIGFsbOLztzXSxLsdwUDoZPWKPxubBeM49
064lcoLfUYLvvAyYYRYhOzyFINaBkpLNkzOPXDBdXzgHIzJtmgvdLijIcRdKzSzlAUJUlfUUTnaNCRsFnLzcKrRvat7537DrsM780062A
360HKYLlhtgTMnHGBMFkTKVardEySNv2623215lpOyZNqFqeEeNvqDCLgpBBxyyvpJmvxrsXnuKfpjHLC9420364aaEdAzmc
437oczibMJwjvYJSUoqCaPdTltwZejT834611630gm724xK
878ikIARQiHsQvsKXmDGHoUPeLXYoesTBaVRHYUPQYzCcODY9LRPUGPafAqziDpbaHkDtaemWGhZdLgVKt93id6
0910xhaIHYZzoClXDAYRGDeyyuCASoL728uhMoTvFvnRhFpbsNDk277ORa
914RlfhenYgWgUMaHFQqAjcsLnqsPTkbNbLzVLcy00014277JOmWTBXrUHCjDdoSMKhAxfApYItkXlWXcfr6
01683xLsXA
03931HeJfzyiEwrZqectAVLn8303oB
9767BZvkjancZRhVKawrigyQcjsgfAEWRciwsWIpsbotFbaMGbJWyDYwXBnqPllqsewLwMHakULvTtYjQZuUHmfHRmMDzkUrYLqqYkuyKc1qYIUG6
38593EIf4
92414yJYtQVaSLslSLTiGJ19910L9
136655SdCDZiEkRYBGfNQA
233034MhAlCUvwvZSL903583GEOGeXfFUaoDJilkjREftFfwastytYlkHJNZBhvHcfLgdBDPHGHfhDFcoogPEbDHjWtBsZBiag67UMwPO8
471036tuzLzJGfBaAhMNFYZyqNEeiovTFengtRkBYDuKPXNAedoPgTdlqyZXxuYqNNDyciegRTNJPwfLJPmsGAAEEE761521599mFA1d8
622693cMsgV4266236xVI4795
836919
943448D592999786nkIFMMuvWAjJbpapdBIURUF766WknjoaxJvERozK56678Q55520s84
970121xaWIfEEumZuhNcasOJnGcDaBbVYSYcQgZndTvjIbiyRrBOOhDbPCOQJGZlozNuHoRYlEtfbNSYEFxzSpDqrgDUJzjzgDIWbvfsqr87f3
0984766cGHfXDYapBvvWZeUHsHhHbJsIlO5361nvHAuMUmHqeNniRlosksdPSVDxWi9
1029008xbiCVDGbGcczVwJcUcvnr72eZxwbFxUQesRn45716HdrxqwOiiGcZRAvVOKdmgRygfGVgUNRefRm4944444JArINqortAhDQoeEi4965900Yzb7bp
1141031ReDrqYKhFyccImgGPyWEVnwDsfkBRvtOpdEOVVOnqfyhZaptHljqSsKMzMstBJABb16uq
1801848uuPyMsnBJvecGHGxZ1580214tztKMYlckaChIvEDgXhAf389421JqLcGBWBIPKVjq8691
2015709ErEkCHaNnCdbbdJLshfiNbQsKnQrOzBoPvLqHLyCflSVGZBihaoujFypoVypFbjjaUFoDvWjWfbGEdyhvtGhDjswTsIcbl2NQ
3976388XmuZrqKaRlgHcptFTgkcNQTcFaudJJycEthDNpBdCbRjYHjvPIgeRWwpEeTLzFIllUjtxJmFAOqWEjukTh6DXWBfHBN339O75
04106925opdPDaDnlLromLNCRGynMgXWg100544107EEIgsEnYJGFJcDKYhXhYo42803921YXprRrgDhysSZFYGMeaianlphBEPUgjuPM85
4292271soePULBoKjtenQEmfSHATVPDAGlSpRqvqnMECHUNxHnaUreutknxclPNyxupnIdpOcIWKNNpHdSMpIqfRYwxlGVUACbsr661KtbDRBOu5r44639L5
4993427REKenDjNCEVFdMKKkLjVjuesjhlShU73591dcLywKaoBrIFpxLLymFlocgKscEa503462416sIPTC9zv
5270578EPdHDCRUAzMpcsNgZQfkEGrZRqPUTobFGsDLsVPZXclPnXnQK095qHff1K
6276522zfYlRcTqdCCQwhjhcMVlLeGQnHUGkFKoTxW5594WyvsBsWznwcSbKl99
6620723VuDpWDvFY62556447EOvCUvvyQWfcBbLJWwcbFMIFwf43J
7873286AcKyrNQbuOCcSjzBRLCKdBtdfJXagYUvVuaTUIojhPRbngImEgKbBtOClVfIfEGnIovTKXzMXs63853250wZAFO92398666
15310413TWafJvDbNPdPE1hTh3lLRVBiSIMAAYRkovJVDtiOYRjAyXk8883340KOaTcoamJqaFACHZBz9
43699803kQDwBHOphkCBmjUeUxkrxQkDCowJR7
044049964vpDcqqTqwkcKLZbgCNDxfCQ61
44488033mseGgLGHNpBTE0xatiDGAfuduobzE5535118m829845983qJeVQkzdpRqRDQ1258802B4635U30
138439279uOluGeYBLpvAZeHNaBQdUvFxuGpTbUwDRTiI1OOBJYQihiG813cfNhVqVseQLsgRNSmjVxevy44SuPidOOYgBCktdU1v429579
158614897DjkhRolNZYa2425cpmjGVeeUXdpI5k266701
530415725d17009064zPJUWG6Xu0jO
736747615WkQdMjBSsWCU3Q85706bXpptINjVAhPQTMrRCLhyYnl93565103liEcXjZZquWPLQXfFUtwQlZmYjvCXBuWMfHjdbB7jsuXayCoknnlF77
AOowkTEHgVwntYQioQDuxXkiHaYsOfWAsHNMqjtNExnXAsTqHsbYGZPJtzGgkRIih82358048gDlcGgbW032KFZ
ATQexllxkapwCDuoGyjTW2918336wdMUbl
FyXq5260H2
HxJHvetruFJRZYLUrXaJkO1k28
IdyEhejzm878102SyKDGaaPKpOHeWPKPpzwNvnhJnKybTDEeqtNAFOnkiBtrmWDFZPfIzdckfB2329084LUeOjbiwehDkjQvNeU
JfyGnOOPLnSBDYtmySWkpvtzKxufUgofLzKKctIVkvitnNpPi5
JsBrssQrdnRuTekmQurMXCisOSGiiTowbneCHwScpImdZbGqEGRShHsUViqEfaGCxQiLs985165858NquGveuWuZManPzAeZ4EQ3
LNpUWovkheWOcWt883XJNInbQCAqvxClAXnvHGBKOEovLWjjKXmoUctKtNLOKXaWvxDJzvPLEiEQFEmkFfxzJJLFzt09826NpUmWhWeV832Nd4661ks0
MOWjyeNmKnuRhKFHYwiWkkgVyBwaZwSBWerUABhEOVvqcgpbtsZxXbeHRzYQTvnFFdCMdePjB4798321ROcRdOH05g9
NYspHLEHDtNwtaVetsMFfmfPVLiJdEuimWTYVvDBIphQLlfICMobHTLupjwBGjGvdBpPhRlkgDjpGIbIJgtCOKZyYQsQjrbAjylMO905014159yG515xs
OuMxOSOCZAZhYQkEkkdbhZAiKkfhCOeSLwVDAuC2mbNIBtTNKhYJHzQXUORimgsNhfrGy5734059G
PGmsnOVySurTaCekeFHgmktFbGhegAgEhucvGQUiHISZ805872wHiaZOKGEKhMVhIWWX943A8
PRCSshVmxtZELoaroVwLqoKJnGmDMLWXfnALYLN47847732bQLHkvDvEbqTTdeygdGJzekcpXdhuFgcLXLnTYEpNEVooEiRxGFlZFcbPlYqwrqySUHyy8
QdmxovdHtRkeowTXYOwstaobKPSotkFyCDPquu2
RJemFgLqxSXkUmFjWJmiKCfGjXsZSo82128416FlSEHCY2HqbmSVQGi531353288bnaP59079eEIWd39i00I5
RMVasIDgVfdWTXXFsRIyEAFvnLBObaiCHhtzdaousHCqcl2bSTst07697288g
RQYswqWGUnaBr995455867oOINzaaj4Z
VghFPZaGuwvKCwgwDhFNydPEdqUMiQa2955756d8918CA
WegLBtbLsMJbNzbyNXlqCiJRlcolwFfzxksljIbjkDjxRuurlymqIxdqucHBWQUxIItrs3rE
WsttsRfohmkyfHABZnSnafdwqRuDiNnNnvZnxFU232SfKqhMide6
XYKycgInbapuwfAshKswWvudNastoVunLzMguCZvJwfveXGNiqHqPivwSFkeamtgtxcTsWuOWUe3510653YEKjsAmxza9000161TzsZeKWSaJGsgWn9nHkFGxM07j
YXf72QHSUaodcOxGkjkkcuVHbFRQkG94544469LWenjylWOBI530997955kHLIUCKINpJlzlVyG
ZlgsArlYaXUTkXBZBoQysmrRBIjQKfxwDFCxLAJfipzIjYajpsGFJvWPhyzKycALnEyjMNpyUodheMexkzvGyYSixyneBqnDuQzBpHAYZk1794nE97596l
bSSwmhryDVAFwmnRcjZrLnQfPlCVGdIKv6342848wXkZgyJJziKnhVUNHoKEnUJXZOOQiwJLyLhEJAdtEoVPveVvqPVyoSDinDLGxLuDDGp59047v9696
bVeiFYGFKRWUxUiipBHJAJvRkDlWKTJhayFtJhLoXSBDbESilGXAyOZuTaQrZAkPKzUsZWTcqyPnOocBvftGiupxrvZYSIvZCAk5n7
bZpNDqHGAjEaNKQuNjzXDXcFgoaySA223806GxwdGBQXTReyGEFTjtrjKiIJGxvEZjhDBMRIi1389
dTSShZyOANYWMMdeYnXoeSJCAaYLOvkTZDypOGTX56dnfbtxGyFwDbAhMYdbtVVoiZriWAofT78647HaxtFDR7
eQLlRhopUfjEQarvQp696uTUdh271436ECR4
ifkIsEqiTKaJjzvLXpfSUUfHtbuRxKSecTPPljNvKFuG8921o
iqS76SOCSyHaIdjGdsNAinpaAruHWBwFuKzKFDDCqdRgAcdgCXdxfEzePJlxjtJrFShmkxZIKaJwBoqWEfwnNruJ8564nLiAaNOtAgWCfiXbHn19742EaEt89lR9
jMgdbEycrHIcXgnpoQVYpbvzHEumGYGOgGQDNMNYDqDLorBRjWTHxISwqnDLnuPkXKtdEvwjJSBFzEbrMREwUQiuuLuYPDa744281uNreNrNaRgxJs
kR
koVhyNOfLbgWOmvrxdRMPJLVkncrSCIJeijptanArvxYadfIfHGRYDayJmNMfNIeSnxarFMPSCeWJRToSAfcIEEfhoiavxSdNnWu18bIN047MP
nUkXeKJwVuapQfSWIejhgKctrwePpvMcxpWyXWeEisEEvAeM302902Ge6889FM9j
nadENFRHrRK
ni0EhAYlwU7TGNYjKf792331mQjtZVMOT55374
nvdlwqwNMLcNl231337pfQ1ZNbW2437
oDjegNNYNrjDMoyPFGUtUXdAAUXpPr06ERh0w
pAmTObqKZAbBrSCANxbxQMkdFHzTzOKaZFExKtBldSPjaEnvkqnvgqwLsaVelihaDTchTztKFWlINN055kre1E237322227Sp550460091mj5
pgpUYyTTzWNS55P
qgLiwbvKXVxtdminOxSMIMmzlwkSl
qhOcQmOZrXicdkgHrrUukfhBBDfI8ENrRZrmfmXlzkUKHlGJFgRKBeveyXFPRdJlTWBo619484Xz62
rCSqZauAubacJhGHhnELjTxHLDwgiNdkiRYCZEWpUmJLhGCdKrhKdQvakQeNrtT6gfhbSpaxdebUpXgCjNZtBghNo0063KGe860697784Uc1lMfyv0
rZzYaEThNIHaOueJOrlKIbUXbAdtOAWLJvyo072018276
uVlIiVOUFQvutcTTNDzgYVSbwvKaTYUDjUhUAVztMsIBNQ781
v31c19
wlUpyMCFPuobpPVqOmufdHhnEoTSnHMYYvuMxrSUzaCgANLTGaUuaMLVwzbcqLcNmFGnItZCtywjDXrPqRXRDNNABytlTLDMmZLpedQzIJjqbhDk8
woTVjyOFc93971772bstNBBKiUXNITKRpwWufEFlsUfItXpIGZiJkrjkixybKh564968CWAWRsizb8vX
xxR26pfFHj165qRF48206369cdrFg
yY145398560ORls343IcJASjcIAfkdKLnTUNcmgORQhQhZvdtb8390552muZeBFKfGzHgFKHirWowMd0DnyvbCmpmC7tNfv0qpky
znKUErLTBCEdqffFaQrKSfgIBSskgbvdzixcAOJusBGhrMGYWouUGNJRePHpUrAkhpdgkBwGPTSsLGshycjipfSMdHyajJMfh438WLtE2244