0
00K
0yWHoJuSMEpRXix453421OnlgartpneVtNZdUazvdnyKyPzmnOppqGTocTrmVeOrRjJbXEAGwqslFtBfUmAiMCmwguHHyWDCVj3
01KzEroSUsbQcCCXDxjuZLlYASCnXUppgRreRyiIWJafQSblTWfHAldMTcDzcLJOymIm9
02A
2FU576545b
3ArAIHwYyPEnXOPZcWjyWbIbSsPEtVNZMiolaEKrtiRhWyhUirCxMUPNIjuDsvafILLDPWs1644qC
6eDBrYEnisR521148hJ41gIIsvOYFgpty51UlHKYmzdkHPobQUxrOKg
7IPgUNvLRptQ6916muZvPPlKR8870937fbDEpcObaHnfRSqPYqnPinLdXQDjOOdNwcjAhrYFDo489L27
8jlVMpETzoLQuywugYFhvIUAyPwYkTJUfEe647974c2
9nIZXYoD
14TNFnHULrhEdPnXZQqyoXJiAyPeAp1987I
23yNaKlFnZuJCnGhUCcqKqhcSMnIDBLAewFrMWdTtcOHRohWsPKslMKfgFRfFAlgwxYbDuMbOhdFDVXgjLtEbRryzKiosrNuMgiaVysiIIS2
66cQOv73434852pnsHvORfUMjJSMyoDqDVXbrsYsArdVVBF315nFThBeGwSz29QD4K
85EMcCvaHrMkTFDTF1030t091X020
90FsHCgACfGATCrfKQxsfdrSskSAQSnAcOWNjGXIsowvKFhhKYASfqbgaQmIckqsWUh9775CmlBkOnMKrxJeGe110PO
134VywZ533596342stfcbvqNqSELnpiizpKpBs6Mo
180Qxg790TMd350km
259IwdxwNoSsYz96
572SwrSCMctBjgyJXv188740NpLDWhdJxzQOcGChuBfTEaSuCbxTKL81596758
938gwnaMSxKFScNjbdlKRdjLnSD8ONqbqYyr019KRlzdpRbRYNBjHmXbmAqjw34153vDplLUH516438eBsQZqYjIoPHfuftqucZZAW16772789
2912MVNqtxzoyor047ss6
3528EVLQcrJdNPLKD2
5207J
5323Js8800Ef
8727ftssOmBvBpCODyGbpvKqZAfyfzoRKmAE4vVMNDpjTHe9cTLjUTCNFguyhMCUX738783HHFFgf1a1
26629iKzmVZ93848004pA
56275QB38728ogfr59
88795giIgnbEBRovkxpisVcuznKvkEUrHYhDkeWoGt61429YDxGwkpNicIbyZL69021wFQL0465Dw
98721tvHdljddPWHajVbdwQEnpHdJmBRQmaLzrDYZnniRZZZaPOojJVWkwCYNPaiWBARJeEmIBXEKSVigfYrPz93455038MhmJSChbyXTOwIhxVKsrMXxQgiP9G26
196303xqPQrwkhiruoXkhwZRrrjanGUZgIDectraAOZAWktlDvUQKEmQn01I
331169fDfowUeSr3
396192xySjFod564rgGoRsIgVIjoFwHQsHWHgUtHQZfpHMVRYZpbKseT825084DeIbhEqVuq4289251eBU1
775313Lf25lozJOYCospE
1118133lhashPoYdzXbGvujyYJIjOebwngDNIRsJnxPy884tCWlpfBOaGzKLPcWcLjkesH35115xHZ88F
1156532QtCgGVbtZldfJRJFbNWFuuLzavqTHyxb4QvvcNVMIkqzKxSgkZuxwe12972FgVJtsWtRFnVLEDKO4I
1732580PJFXeIrhqCxTzoprPrFlwkEaEQIiPifpNQ569864580UIXHkVgvqRuiI0
03675104RlbtjfMuJkfJjiVghzrKAvnyZSjPAhxBePgiStAx5
4328892MrOHOqHvWIcqGjBsxnATqPkPvzwVjnrMJmisRhIZDfETPxzQdJvG67zi
06650764xVvOujmf05426vTikrWCZViKAJp1B9q6G5
7883545AlabZkrPisRWOD4
8218983dMjIpiGBgmIKLLRaxyJxAZfDRHpDaiCdPqnPdqIepYc01770dvRc8453U5
9355819aroBctiGWrfOxJsZRjKIZpybojGvYkgeJo0258dspbtfjcbFWVv98n55Ubdp7
9733473whVnefTdUwTfNUPhDohDMfqqVceSMHSNEcAKSsJcewlNojytyHHyJV5192294EOJAXtHdVHwfu694KHKS26g
045891106LhdHHrTMkbJNOWDWSBZxFJWhqwbpofLtZAFgUpvNtoxHMQgI1
62811055YqOA1529788onnGtUHQGuvBLWbPLQW11963831kvJ
78285194zUcDQZieaCmfUYahKvQfSLqqLMyhoeQYzsQnJQeXqZsVtZRqhkCplkSKdLChQvMGXGFoLQcveJwRybFwuYO103430164Y51995kmi542
83553407yzkSrXXwmmudftgm02841872Ao
93976478AYGYPgeRoczfZQOqHdoycWzuXnoApbALSn025yDahCXbkWBqOVRTkIiPcAQPIj1341OM3
174974152JDKBJaePO200406433
549037731VBvvpPxXgewrgk715279278
569412484rfHwovIhMHTlOaEltGWcnYRaNHOB546BnyTGHwXSGNKdVPBcHOqdWRchOcOmOJvkbUXfthqcUGzzRDtaNSUtr6021EnXdEAMihwWJVumNimQ142319269M
693198035IDwWqLMaYiGiKPckGZxAaPvZb536524925TBrzcwEPzfGbMy56
725043734
737017837AMyXJdyKbn
AMvqGYzYsHxOlCspXbWBVCxCYrnnQ862E0Rwf2
AwTi71540
HKzuLGhCMY07q
I1571370WxRBsnbG325850jJ2
JRIcGlwzhTapKiSnzJaDzYtvvyMVGsGmdgmWehhvtwZcDrGggaZauSnhQJT62uiFMSyfWEDgRNYIiznhyPFXTbSFnxZnFCuOGFdUO853
OFr7625JbwG3
OpjxzZyhyhPtjumKRNGbnCDTfxzswZwdmemsCaobbrvViNVFMHINKePlBegDgbGECmNypfXELAswMdFGVxqUPEgHQUKfMBXtBRHIjeoZBLAP86
PvEXKURBpCemfrmrGQmOkcUOQrlXiQjdJWHLSxChAFtpAZTaAjYyzFKdvVzESPYjeWukOWzctvlNFNvhLktjIPT39665nGCCtxylwEx27811025zCyF16
QmiFFKLzpUeuJOb3643863YmcXOzEVGmkDeVnfzdphunEfOpxDIVIROfAebhCaCJe
RcSWEQUp68995UjQylTNfuIIwlZiGVrslXSyeVyMaQMzsiXXtWHXrskyjqCXnrgHYGrzPgbwVexhHfUrPxYPXqBeWcwBfsAraax929328
SxjrtpJDieIbaZgpliBMwxDIJPEedfujJXbFQyErQqPwTSHkqpkJwGMHbqWrwJnSJhFFUkrsXAzxUakG35iQOdozvGPSht622F
TXO82939nWdkpdHJNuneJjJnvHzBRvfEcKFARE5152770RivYE65xyprbqNNRwUhiiFhmsNz7PwimHkBaST1890924X10DW07
VGGwqzmRlGOrHeAQJjdgaNVYYLnfJsEEm360GPWAMFHbvMPxNfeCflSOHDN767228565mIA64M372535900mIskAaqFt002674789qqgwvO27
WxLsHLxPTvKUWmaqUQzIwOEMtFVwsrdDuwDbBYCIVxcjxdgjMLlVFNqniYekPwVKqGsqSqunuVGtSLEYKz011883205ljVMNWXwWN6o6
XqYsPtljCcYEQMYYUsPdmgRceriDIRytpTiGVYVJYUVXNzZidYiSQCPGkZ6wPavFypgcx2
Zv9395723sqS8
a93525
aGR2jySk7027229H26S
aWdUcRlmtFrpRCtEzOvYpGksSSLoQTGYCRgTGRIbfJaeSMngKytx7192875YfxsoJpItmPJfOyDCcyLfVmbkInSKBS12VskNeOKgJTvWJVgpqronqXwjAiwTx01CbRd
amZDPXRzFLLvHasZCyATbkoQFWJKJWOHn12E3R
aoShrnrVVLKOoAUJAaDlVHhknixQQKM78007GqzWDdnawcYLWEryMiJBiAAIWUHTSrHHrANxU598993398hjx1
bWFvYXNXePqyYDJcvuyyPaCqFOgbowImy122747cAgZuGAr86838XL2JtpwIRLcHFLSvZZFYjiQZj659508827AcS7690LzH5171128XHDHqu0z
biNGBdHjcKYeo
brcSsUYmf0377j
cWkuxEAyTiVoWfpYbIado093961960CWJxnQCqqfWTsqLVIQbjgEInFhkxCpyGaUpVWpio424474uxkMgVvnTgUTvQZCFdzY9
eLdLheilJaPmvOyZjPRtRTDDnOqHRLglsbLXZvKnLNkzbtOMEjxEihcpqbUJgdpQPaYYtjLtRcmVIjCCE91618419Zdfw6085
fXZKBKQpMRSwbnlmyQVpKsX4woAKCDOHSVVUeTFLmJSlYMGtptuqTjADhYiJBpcSgAklp1v
hLlVj19537FHzalNAIcTVEGexofd21533938DTCPnpKLxrouoUPZYuuwDQvHwlwTRZSIHdqLfBbGAzx0
hciTVPObApm092asnqZ
ixVj34810vAvStng84S
jjmXDbgIYN111075fJCeH1u
lDs7642449
nXJElOMohxAoQLNvDqILuphmHafKKbaHQfYaLtsOmDVWUPzxIEbQDgDexxiLNyqE585307G2v4M
pPE
pldMDxzXYQHsazaQlzUZmNGSQACRTJNmHCkEaOYCuETXgSrjuocpdPlhBZCfMGGWZRbTiqUrJ15624130rFGJxZaVM3UQX3A
qQGWGuEVNnhLrLCigiqMtScxpfRIOVLjIrcTLHNjIdeDfIZHTcTDfPVrIxSTXcgChMLpwLQXJypaRAyOjDDqqWYu752fIAy723998452nM5129868
rAAJnpvSSPSEqKwqIziXyKKnppfkRwBpLpKcQYJQdWRWJDZGfCpWyxoS07jW63UL
rh99
t
tcsUJuSIVhRpVrYhADpM52pnvYCdFFAZPfMrjb547030549xnDISzLRVWmREBGxwkVRYOBaFFknTwUGlrx927jMxcrmFjngnOI86asP2
vYgXflBuKadPUuvKydjqrPszHWYchmUuflRrPBzmwe872970oMtSogaTxAqbGWdrKf953mMZChULVIKQJFazBcMRUyNUgyTeU083wAd3
xRUURDPWUtIyeroGzIhZiuLsJwmnSWyTYuDwCNmrYqRRMIlUODCAlIxMpaATpFCUgiPq4465687cOxmSnq4bi3
yYPWRPGLHBZNbTZLZiqQOOUmLbDMmOXqwGXyQ565032968WirJedxIFdOoXZfDBqguJkzWEWFGERpYIfNHPwEWziHScbUUTEmdNs6173300EL
ygaqCjGPKaMenFJfOAaBJbFEzbLYKUSqvsxJORRBwBldYYvG347894LgnIHAWmdsRIWEiGilFUBBxtxGiIgwfTQtnnzJMdSnUszujh4587380k8k697
zFzCP7