null
0
15
92
null
0
null
92
0
null
15
null
0
null
0
92
27
177
177
null
27
null
49
null
0
0
null
null
null
0
14
0
130
78
203
14
-1
-1
37
-1
0
null
null
0
2
null
72
2
119
-1
-1
-1
null
0
-1
null
0
-1
-1
109
-1
-1
-1
62
-1
-1
-1
-1
-1
-1
-1
27
null
0
-1
0
-1
null
87
17
-1
null
-1
117
null
0
-1
0
-1
129
-1
-1
-1
-1
-1
-1
-1
-1
-1
11
30
176
11
null
9
176
217
-1
-1
-1
-1
0
-1
-1
-1
0
-1
-1
-1
-1
-1
-1
0
209
-1
-1
-1
-1
-1
107
-1
-1
-1
-1
-1
131
-1
-1
-1
0
-1
-1
-1
-1
-1
-1
209
null
-1
-1
-1
-1
0
-1
-1
-1
-1
-1
-1
-1
-1
null
-1
-1
-1
-1
-1
-1
7
-1
45
-1
-1
-1
-1
-1
0
-1
null
-1
0
-1
45
-1
null
-1
-1
-1
-1
null
-1
-1
0
-1
-1
0
-1
-1
-1
-1
-1
-1
-1
-1
-1
-1
null
null
-1
-1
0
9
0
32
-1
-1
null
0
-1
0
-1
null
-1
null
