AGTjtxmo 98059034 98059036 98059038 98059039 98059040 98059043 98059044 98059045 98059047 98059048 98059049 98059050 98059051 98059052 98059053 98059054 98059055 98059057 98059058 98059059 98059060 98059061 98059062 98059064 98059065 98059066 98059067 98059068 98059069 98059071 98059073 98059074 98059075 98059076 98059077 98059080 98059082 98059083 98059084 98059085 98059087 98059088 98059090 98059092 98059094 98059095 98059096 98059097 98059098 98059099 98059100 98059101 98059102 98059103 98059104 98059105 98059107 98059110 98059112 98059113 98059114 98059115 98059116 98059117 98059118 98059119 98059120 98059121 98059122 98059124 98059126 98059127 98059129 98059130 98059131 98059132 98059133 98059134 98059135 98059138 98059139 98059141 98059142 98059143 98059144 98059145 98059146 98059147 98059149 98059150 98059151 98059152 98059154 98059155 98059156 98059158 98059160 98059161 98059162 98059163 98059167 98059168 98059169 98059170 98059171 98059172 98059174 98059175 98059176 98059178 98059179 98059180 98059181 98059182 98059183 98059185 98059186 98059187 98059188 98059189 98059191 98059192 98059193 98059195 98059197 98059199 98059202 98059203 98059206 98059207 98059209 98059210 98059211 98059212 98059213 98059214 98059216 98059217 98059218 98059220 98059221 98059222 98059223 98059224 98059226 98059227 98059228 98059229 98059232 98059233 98059235 98059239 98059242 98059244 98059245 98059246 98059247 98059250 98059251 98059252 98059253 98059254 98059255 98059258 98059260 98059261 98059262 98059266 98059269 98059270 98059271 98059274 98059276 98059277 98059278 98059279 98059280 98059281 98059283 98059284 98059287 98059288 98059289 98059291 98059293 98059295 98059297 98059298 98059301 98059302 98059303 98059305 98059307 98059308 98059309 98059311 98059312 98059313 98059314 98059315 98059316 98059317 98059318 98059319 98059320 98059321 98059322 98059323 98059324 98059325 98059326 98059328 98059329 98059330 98059331 98059332 98059333 98059334 98059335 98059338 98059339 98059341 98059343 98059344 98059345 98059346 98059347 98059348 98059349 98059350 98059351 98059353 98059354 98059355 98059356 98059357 98059358 98059361 98059362 98059363 98059364 98059365 98059366 98059367 98059368 98059369 98059370 98059371 98059374 98059375 98059377 98059378 98059380 98059382 98059383 98059384 98059385 98059388 98059389 98059390 98059391 98059392 98059394 98059397 98059398 98059399 98059400 98059401 98059402 98059403 98059404 98059407 98059408 98059409 98059410 98059411 98059412 98059414 98059415 98059417 98059418 98059419 98059420 98059422 98059423 98059424 98059425 98059426 98059427 98059428 98059429 98059430 98059431 98059432 98059433 98059434 98059438 98059440 98059442 98059444 98059446 98059447 98059448 98059449 98059450 98059451 98059452 98059453 98059455 98059456 98059458 98059459 98059460 98059461 98059462 98059463 98059465 98059469 98059470 98059472 98059474 98059475 98059476 98059477 98059478 98059479 98059482 98059483 98059484 98059485 98059486 98059487 98059488 98059489 98059490 98059493 98059495 98059497 98059498 98059500 98059501 98059502 98059503 98059506 98059507 98059508 98059509 98059510 98059511 98059512 98059513 98059514 98059515 98059517 98059518 98059519 98059520 98059521 98059522 98059523 98059524 98059526 98059527 98059529 98059530 98059532 98059533 98059534 98059535 98059536 98059538 98059541 98059543 98059544 98059545 98059546 98059548 98059549 98059551 98059552 98059554 98059556 98059558 98059559 98059561 98059562 98059563 98059566 98059568 98059569 98059571 98059572 98059573 98059574 98059575 98059576 98059577 98059580 98059581 98059583 98059584 98059585 98059586 98059587 98059589 98059590 98059593 98059594 98059596 98059597 98059598 98059599 98059600 98059602 98059603 98059605 98059607 98059608 98059613 98059614 98059615 98059616 98059617 98059618 98059621 98059624 98059625 98059629 98059631 98059633 98059635 98059636 98059637 98059638 98059639 98059640 98059641 98059642 98059644 98059645 98059646 98059647 98059648 98059650 98059651 98059653 98059654 98059655 98059656 98059657 98059658 98059659 98059660 98059661 98059662 98059664 98059665 98059666 98059667 98059668 98059669 98059671 98059672 98059673 98059674 98059675 98059676 98059677 98059678 98059679 98059681 98059682 98059685 98059686 98059688 98059690 98059692 98059693 98059694 98059696 98059697 98059699 98059701 98059703 98059706 98059707 98059708 98059709 98059710 98059711 98059713 98059714 98059715 98059716 98059717 98059718 98059719 98059720 98059722 98059723 98059724 98059725 98059726 98059727 98059729 98059730 98059732 98059734 98059736 98059738 98059739 98059741 98059742 98059744 98059745 98059746 98059747 98059748 98059749 98059750 98059751 98059752 98059753 98059754 98059755 98059756 98059757 98059758 98059760 98059762 98059765 98059766 98059767 98059768 98059769 98059770 98059771 98059772 98059773 98059774 98059775 98059776 98059777 98059778 98059779 98059781 98059782 98059783 98059786 98059790 98059792 98059793 98059794 98059795 98059798 98059799 98059800 98059801 98059802 98059804 98059806 98059807 98059809 98059810 98059812 98059813 98059818 98059819 98059820 98059821 98059824 98059826 98059827 98059828 98059830 98059831 98059832 98059835 98059836 98059837 98059838 98059839 98059840 98059842 98059845 98059846 98059848 98059849 98059851 98059853 98059854 98059855 98059856 98059857 98059859 98059860 98059861 98059863 98059865 98059866 98059867 98059868 98059869 98059870 98059871 98059872 98059873 98059874 98059875 98059877 98059878 98059879 98059880 98059881 98059882 98059883 98059884 98059885 98059887 98059888 98059889 98059891 98059892 98059893 98059895 98059896 98059897 98059898 98059899 98059900 98059901 98059902 98059903 98059905 98059907 98059908 98059909 98059910 98059911 98059912 98059913 98059914 98059915 98059918 98059919 98059920 98059921 98059922 98059923 98059924 98059925 98059926 98059927 98059928 98059929 98059931 98059933 98059934 98059936 98059937 98059939 98059940 98059941 98059942 98059943 98059945 98059946 98059950 98059951 98059952 98059954 98059955 98059956 98059957 98059958 98059959 98059960 98059961 98059962 98059963 98059965 98059966 98059967 98059969 98059970 98059971 98059972 98059973 98059975 98059976 98059977 98059978 98059979 98059980 98059981 98059982 98059983 98059985 98059986 98059987 98059988 98059989 98059990 98059991 98059992 98059994 98059995 98059997 98060000 98060001 98060003 98060004 98060005 98060006 98060007 98060008 98060010 98060011 98060012 98060013 98060016 98060017 98060020 98060021 98060022 98060024 98060025 98060026 98060030 98060033 98060034 
BCniNhGro 98059079 
CRkyjYkaMl 98059236 
ELeCsvD 98059862 
GpaIhozit 98059704 
OcuGZ 98059205 
PGLTePG 98059436 
QM 98059396 
R 98059504 
TsWnBbzRc 98059588 
U 98059968 
XBR 98059457 
YHpvnZUPBW 98059359 
YXJmqe 98059265 
aHn 98059935 
cfgQCM 98059733 
dyvgKJbNZ 98059173 98059249 98059437 
fVh 98059999 
fZvgeLenq 98059194 
ihzIVdqS 98059932 
kFLWWJMO 98059196 
mOhpFnOe 98060027 
mPCiHgV 98059285 
pDtH 98059491 
s 98059140 98059737 
tJaNRyBR 98059237 98059622 98059623 98059825 
tkgTirgGAI 98059111 98059557 98059890 98060015 
tsqbxEkuk 98059381 
uEXC 98059294 98059695 98059944 
wXwMUan 98059610 
wgahdjUSk 98059089 
