BaAaAa
CaAaAa
DaAaAa
EaAaAa
FaAaAa
GaAaAa
HaAaAa
IaAaAa
JaAaAa
KaAaAa
LaAaAa
MaAaAa
NaAaAa
OaAaAa
PaAaAa
QaAaAa
RaAaAa
SaAaAa
TaAaAa
UaAaAa
VaAaAa
WaAaAa
XaAaAa
YaAaAa
ZaAaAa
AbAaAa
BbAaAa
CbAaAa
DbAaAa
EbAaAa
UNKNOWN
UNKNOWN
UNKNOWN
UNKNOWN
UNKNOWN
UNKNOWN
UNKNOWN
UNKNOWN
UNKNOWN
UNKNOWN
UNKNOWN
UNKNOWN
UNKNOWN
UNKNOWN
UNKNOWN
UNKNOWN
UNKNOWN
UNKNOWN
UNKNOWN
UNKNOWN
UNKNOWN
UNKNOWN
UNKNOWN
UNKNOWN
UNKNOWN
MbAaAa
UNKNOWN
UNKNOWN
UNKNOWN
UNKNOWN
UNKNOWN
UNKNOWN
UNKNOWN
YcAaAa
MbAaAa
IaAaAa
UNKNOWN
UNKNOWN
UNKNOWN
UNKNOWN
UNKNOWN
YcAaAa
UNKNOWN
UNKNOWN
UNKNOWN
UNKNOWN
MbAaAa
UNKNOWN
MbAaAa
UNKNOWN
TcAaAa
UNKNOWN
UNKNOWN
UNKNOWN
UNKNOWN
UNKNOWN
UNKNOWN
UNKNOWN
UNKNOWN
UNKNOWN
UNKNOWN
UNKNOWN
UNKNOWN
UNKNOWN
UNKNOWN
UNKNOWN
UNKNOWN
UNKNOWN
UNKNOWN
UNKNOWN
UNKNOWN
UNKNOWN
UNKNOWN
UNKNOWN
UNKNOWN
UNKNOWN
UNKNOWN
UNKNOWN
UNKNOWN
MbAaAa
UNKNOWN
UNKNOWN
UNKNOWN
MbAaAa
UNKNOWN
UNKNOWN
UNKNOWN
MbAaAa
UNKNOWN
UNKNOWN
