4.41 3.88 4.48 4.36 3.88 4.28 4.01 3.90 3.95 4.50 4.68 4.32 3.86 3.97 3.82 4.59 3.78 3.95 4.43 4.01
4.33 3.59 3.18 3.84 3.75 3.15 3.60 3.65 3.82 3.74 3.70 3.91 3.72 3.69 3.50 3.64 3.79 3.30 3.97 3.77
4.44 3.98 3.64 4.29 3.45 3.51 4.21 3.89 3.47 3.93 4.24 4.05 4.25 3.13 4.09 3.86 4.01 3.84 4.43 4.23
4.45 3.70 3.43 4.25 3.62 3.15 4.15 3.67 3.35 3.71 3.93 3.74 3.90 3.15 3.84 3.89 4.01 3.92 4.33 4.06
3.03 2.79 3.35 3.05 2.74 2.95 2.59 3.09 3.31 3.37 3.21 2.95 2.78 3.12 2.71 3.20 2.96 3.14 3.60 2.75
3.55 3.11 2.79 3.61 3.07 2.91 3.26 3.08 3.22 3.40 3.39 3.09 3.26 3.01 3.14 3.08 3.26 2.99 3.69 3.40
3.64 2.35 3.83 3.33 3.23 3.31 3.05 3.09 3.10 3.85 3.57 3.11 2.71 3.17 3.07 3.74 2.67 2.63 3.28 3.25
3.16 3.24 3.59 3.57 3.88 3.50 2.83 3.18 3.49 3.37 3.42 3.56 3.23 2.87 3.14 3.31 2.98 3.54 3.29 3.59
3.03 3.09 3.55 3.45 3.32 3.17 2.77 2.88 3.16 3.33 3.33 3.41 3.10 3.33 2.96 3.19 3.01 3.56 3.95 2.88
4.80 3.40 3.65 4.32 3.58 3.58 4.20 3.51 2.99 3.88 3.93 4.07 4.51 3.33 4.33 3.82 4.14 3.56 4.47 4.38
3.11 2.79 3.04 2.75 2.98 3.14 2.58 2.59 3.06 3.28 3.40 3.34 2.94 2.67 2.71 3.25 3.11 2.78 2.90 2.95
3.81 3.12 2.69 3.23 2.80 2.36 3.50 3.26 2.68 3.17 3.41 3.22 3.71 2.45 3.15 2.97 3.42 3.03 3.11 3.42
3.74 3.62 3.93 3.81 3.50 3.56 3.29 3.80 4.02 3.92 4.22 3.89 3.90 3.63 3.71 3.65 3.46 3.62 4.59 3.64
1.87 1.93 1.99 1.86 1.84 1.61 1.82 1.86 2.00 2.10 2.07 2.04 1.78 2.05 1.47 1.99 1.89 1.98 2.05 1.64
2.84 2.33 2.48 2.85 2.10 2.31 2.69 2.35 2.20 2.78 2.77 2.64 2.91 2.24 2.72 2.44 2.74 2.68 2.78 2.86
3.59 3.09 3.99 3.77 3.68 3.91 3.33 3.40 3.66 3.60 3.76 3.65 2.94 3.45 3.63 3.80 3.10 3.58 4.48 3.08
4.67 3.62 3.23 3.75 3.76 3.27 3.84 3.62 3.69 3.54 3.55 3.76 4.11 3.23 3.79 3.75 4.41 3.98 3.88 4.10
2.59 2.75 2.61 2.68 2.60 2.43 2.49 2.64 2.79 2.76 2.55 2.74 2.45 2.85 2.54 2.84 2.69 2.88 2.81 2.27
2.95 2.90 3.55 3.08 3.32 3.01 2.58 2.88 3.44 3.18 3.52 3.12 2.72 2.73 2.72 3.33 2.55 2.70 2.84 3.03
4.05 3.38 2.88 3.92 3.42 2.92 3.88 3.74 3.27 3.44 3.76 3.58 3.51 3.05 3.44 3.51 3.55 3.31 3.71 3.81
4.58 3.84 4.42 4.53 4.51 4.57 4.01 4.01 4.50 4.59 3.97 4.46 3.88 4.22 4.13 4.20 4.13 4.09 4.62 4.65
3.89 2.95 2.88 3.27 3.03 3.05 3.28 3.13 2.98 3.33 3.45 3.57 3.43 3.36 3.34 3.09 3.93 2.88 3.15 3.30
3.58 3.23 3.04 3.50 3.16 3.54 3.42 3.14 3.10 3.64 3.52 3.53 3.75 3.19 3.21 3.01 3.47 3.25 3.71 3.50
3.44 3.26 3.62 3.65 3.39 3.67 3.12 2.91 3.31 3.84 3.79 3.58 3.32 3.43 3.04 3.79 2.88 3.28 3.71 3.38
2.84 2.70 3.02 3.01 3.22 3.06 2.43 2.61 3.07 3.24 3.11 3.21 2.80 2.87 2.56 3.24 2.89 2.88 2.80 3.17
3.87 3.23 3.13 3.56 3.15 3.04 3.34 3.24 3.11 3.39 3.44 3.53 3.61 3.17 3.41 3.11 3.46 3.52 3.47 3.59
3.85 3.42 4.17 3.88 3.93 3.81 3.08 3.41 3.92 3.62 4.06 3.58 3.37 3.01 3.71 3.36 3.21 3.34 4.08 3.54
2.28 2.36 2.43 2.30 2.12 1.93 2.32 2.18 2.54 2.50 2.22 2.35 2.13 2.48 2.07 2.34 2.54 2.17 2.62 2.10
3.83 3.24 3.08 3.72 3.33 2.87 3.58 3.56 3.22 3.46 3.58 3.48 3.31 3.31 3.36 3.35 3.80 3.12 3.52 3.51
3.52 3.28 3.92 3.64 3.73 3.53 3.18 3.47 4.17 3.58 3.83 3.72 3.08 3.36 3.58 3.44 3.04 3.64 4.49 3.35
4.54 3.46 4.37 4.47 4.41 4.09 4.29 4.22 3.71 4.14 4.45 3.98 4.00 3.43 3.88 4.01 3.82 3.64 4.54 4.25
4.60 4.19 5.07 4.66 4.43 4.12 4.29 4.94 4.67 4.57 4.89 4.62 4.12 4.15 4.04 4.47 4.44 4.39 5.30 4.13
4.23 3.99 3.75 4.20 3.74 3.53 3.77 3.86 3.88 3.72 3.87 4.40 4.14 3.63 3.91 3.82 3.85 3.85 4.15 4.22
4.62 3.59 4.77 4.06 4.08 3.75 4.18 4.15 3.92 4.13 4.58 3.98 3.79 3.47 3.51 4.00 3.84 3.67 4.66 3.77
2.21 2.46 2.66 2.86 2.64 2.97 2.26 2.51 3.03 2.85 2.67 2.86 2.60 2.73 2.38 2.92 2.55 2.92 3.27 2.78
3.98 3.79 4.27 4.23 3.94 4.01 3.62 3.75 3.89 4.14 4.14 4.22 3.92 3.96 3.74 3.93 3.66 4.05 4.71 3.88
2.21 2.24 2.81 2.61 2.62 2.35 2.24 2.60 2.63 2.60 2.95 2.37 2.72 2.29 2.23 2.57 2.44 2.58 2.74 2.76
3.52 2.77 3.79 3.55 3.58 3.01 3.22 3.26 2.79 3.33 3.46 3.24 2.83 2.92 3.01 3.16 2.84 3.22 3.55 3.35
2.85 2.38 3.25 2.96 3.11 3.00 2.47 2.68 2.83 3.02 2.73 2.90 2.51 2.87 2.75 2.84 2.71 2.96 3.22 2.90
4.26 3.92 3.16 3.91 3.59 3.38 3.94 3.99 3.51 3.62 3.78 3.85 3.88 3.28 3.58 3.58 3.89 3.83 3.76 3.82
3.01 2.95 3.05 3.01 2.98 3.25 2.69 2.89 2.88 3.38 3.36 2.92 3.06 2.92 2.63 3.26 2.82 2.85 3.12 3.03
2.33 2.74 2.53 2.52 2.47 2.30 2.30 2.46 2.61 2.36 2.48 2.70 2.49 2.71 2.46 2.61 2.47 2.76 2.94 2.10
3.89 3.08 3.59 3.38 3.15 3.48 3.31 3.43 3.05 3.65 3.73 3.31 3.00 3.42 3.39 3.56 3.36 3.01 3.77 3.24
3.31 2.94 3.04 3.07 3.13 3.11 3.30 3.37 2.78 3.02 3.40 2.93 3.54 2.78 3.01 3.19 3.11 3.07 3.65 3.14
4.33 3.95 3.42 3.91 3.78 3.27 4.06 3.91 3.56 3.67 3.78 3.57 4.02 3.29 3.70 3.70 4.06 3.84 4.10 3.96
3.66 3.06 3.73 3.51 3.64 3.77 3.41 3.58 3.49 3.78 3.58 3.50 3.22 3.59 3.25 3.93 3.29 3.69 3.99 3.52
3.61 2.99 2.61 3.62 3.28 3.24 3.46 3.16 2.98 3.59 3.59 3.26 3.69 3.08 3.16 3.20 3.67 2.95 3.51 3.44
3.41 3.16 3.46 3.53 3.32 3.18 2.85 3.11 3.20 3.27 3.62 3.29 3.30 3.11 3.25 3.23 3.09 3.42 3.76 3.48
3.01 2.71 2.97 3.45 3.06 3.06 3.01 2.69 2.91 3.08 3.00 2.98 3.32 3.24 2.98 2.98 3.47 2.63 3.11 3.43
3.35 2.83 2.97 3.07 2.94 2.78 2.84 2.67 2.65 2.94 2.86 2.89 3.16 2.86 2.95 3.11 3.03 2.70 3.31 3.19
4.38 3.38 3.09 3.94 3.68 3.45 4.00 3.42 3.32 4.02 3.69 3.66 3.92 3.44 3.45 3.15 4.08 3.04 4.00 3.84
4.05 4.24 3.90 4.20 4.07 3.79 3.97 4.00 4.10 3.83 3.73 4.15 4.19 3.95 3.99 3.75 4.06 4.01 4.51 4.03
3.45 2.91 2.78 3.65 2.98 2.93 3.41 2.94 3.08 3.15 3.38 3.22 3.60 2.88 3.21 3.00 3.41 3.10 3.66 3.65
3.75 3.62 4.26 3.75 3.64 3.52 3.55 3.74 3.78 3.64 3.99 3.68 3.15 3.42 3.44 3.79 3.33 3.35 4.32 3.19
4.40 4.55 4.52 4.77 4.35 4.37 4.04 4.40 4.13 4.32 4.55 4.42 3.99 4.19 3.88 4.60 3.96 4.68 5.07 3.98
4.47 4.36 4.44 4.25 4.12 4.28 3.90 3.98 4.21 3.98 4.50 4.10 3.97 3.84 3.98 4.57 3.90 4.10 4.58 3.90
3.13 2.00 1.95 2.85 2.25 2.11 2.64 2.47 2.17 2.24 2.69 2.40 3.04 1.89 2.73 2.18 2.83 2.35 2.61 3.09
4.16 3.66 4.07 3.66 3.56 3.31 3.64 3.81 3.72 3.87 4.07 3.57 3.26 3.44 3.16 3.61 3.84 3.53 4.28 3.21
4.80 4.34 4.10 4.65 4.37 4.40 4.65 4.23 3.90 4.19 4.54 4.56 4.51 4.31 4.58 4.48 4.66 4.34 4.89 4.52
4.86 4.32 3.73 4.27 3.96 3.37 4.29 4.54 3.80 4.19 4.49 4.43 4.23 4.06 4.14 4.00 4.48 4.08 4.45 4.11
4.10 3.50 3.48 3.94 3.74 3.66 4.34 3.73 3.43 3.81 3.79 4.07 3.90 3.39 3.66 3.86 4.10 3.53 4.29 3.84
2.96 2.82 3.04 3.65 3.00 3.06 3.13 2.59 3.02 3.27 3.06 2.90 3.39 2.91 3.15 3.14 3.51 2.73 3.62 3.44
3.98 3.64 4.02 3.56 3.75 3.56 3.58 3.75 3.57 4.11 3.88 3.93 3.14 3.60 3.28 3.72 3.50 3.99 4.43 3.25
4.36 4.55 4.25 4.44 4.21 4.29 4.15 3.92 4.16 4.01 4.01 4.27 4.44 4.43 4.23 4.05 4.21 4.10 4.62 4.36
3.59 3.65 3.82 3.36 3.24 3.24 3.30 3.44 3.85 3.59 3.75 3.41 3.03 3.29 3.34 3.45 3.28 3.36 4.40 2.93
2.49 2.33 2.65 2.56 2.68 2.58 2.29 2.42 2.72 2.85 2.56 2.68 2.39 2.49 2.52 2.74 2.53 2.47 2.61 2.76
3.42 3.04 3.47 3.31 3.13 2.99 3.02 3.00 3.27 3.33 3.68 3.04 3.21 2.58 2.93 3.45 2.82 3.15 3.23 3.20
3.93 2.94 2.78 3.89 3.19 3.03 3.71 3.19 2.98 3.53 3.47 3.35 3.98 2.95 3.28 3.00 3.54 2.85 3.51 3.79
4.02 3.52 4.46 3.88 4.20 4.04 3.38 3.66 4.03 4.18 3.77 4.11 3.38 3.88 3.75 3.80 3.47 3.64 4.30 3.88
3.38 2.90 2.46 3.21 2.82 2.75 2.92 2.76 2.66 2.94 3.10 2.99 3.38 2.50 3.04 2.71 3.03 2.91 3.45 3.22
3.50 3.41 3.61 3.14 3.21 3.29 3.01 3.30 3.54 3.23 3.58 3.38 2.85 3.07 3.17 3.45 3.22 3.05 3.52 2.88
3.46 2.95 2.72 3.57 3.04 2.98 3.34 2.85 3.15 3.29 2.90 3.04 3.35 2.95 3.10 3.00 3.38 2.76 3.33 3.41
3.51 3.07 3.01 3.21 3.25 3.03 3.25 3.26 3.14 3.22 3.08 3.34 3.43 3.05 3.26 3.15 3.33 3.09 3.29 3.63
4.65 4.08 3.52 3.90 3.64 3.49 4.20 4.13 3.30 3.76 4.15 3.72 4.38 3.47 3.79 3.57 3.70 3.80 4.43 3.94
4.20 3.52 2.96 3.86 3.11 2.96 3.56 3.48 3.15 3.61 3.59 3.52 3.47 2.95 3.66 3.28 3.71 3.49 4.27 3.42
3.17 2.68 3.28 2.52 3.19 3.07 2.73 2.58 3.16 3.27 2.78 3.11 2.29 2.84 3.00 3.11 2.59 2.75 2.77 2.96
4.40 3.62 3.07 4.18 3.36 3.11 3.41 3.51 3.86 3.47 3.39 3.51 3.91 2.81 3.61 3.04 3.49 3.36 3.46 4.13
3.46 3.02 3.41 3.35 3.20 3.58 3.17 3.13 3.31 3.50 3.34 3.31 2.96 3.45 2.96 3.36 3.19 3.12 3.79 3.23
3.69 3.18 3.09 3.42 3.50 3.27 3.76 3.45 2.87 3.53 3.54 3.71 3.95 2.98 3.29 3.51 3.62 3.23 4.12 3.58
3.52 2.38 3.63 2.57 3.14 3.30 2.15 2.72 3.44 3.18 3.61 2.82 2.73 2.52 2.39 2.76 2.52 2.28 3.15 2.72
2.89 2.94 3.36 3.23 3.48 3.56 2.78 2.99 3.22 3.19 3.03 3.40 2.95 3.00 3.00 3.41 2.60 3.45 3.56 3.06
3.33 2.82 2.75 3.15 2.91 2.70 2.93 2.89 2.91 3.03 2.93 3.21 3.34 2.68 3.07 2.89 3.11 3.04 3.34 3.38
4.05 2.81 3.70 3.69 3.76 3.46 3.30 3.37 3.31 3.79 4.00 3.53 3.79 3.03 3.56 3.42 3.27 3.14 3.71 4.10
4.46 3.80 3.65 4.27 4.01 3.85 4.31 4.29 3.66 4.03 4.19 4.13 4.22 3.80 3.96 4.14 4.09 3.91 4.69 4.26
4.95 3.81 4.00 4.23 4.07 3.39 4.27 3.93 3.89 4.18 4.33 4.40 4.87 3.92 4.04 3.99 4.64 3.69 4.12 4.45
3.41 2.81 4.03 3.91 3.81 3.57 2.82 3.78 3.22 3.57 3.67 3.61 3.23 3.16 3.29 3.54 3.06 3.30 3.77 3.33
2.88 2.59 2.92 2.79 2.65 2.78 2.36 2.91 2.65 2.84 3.23 2.56 2.96 2.53 2.81 2.86 2.85 2.83 2.94 2.93
2.31 2.42 2.92 2.51 2.69 2.66 1.98 2.31 2.81 2.61 2.34 2.70 2.15 2.53 2.33 2.51 2.11 2.50 2.65 2.42
5.10 3.89 3.78 4.92 4.22 4.32 4.53 3.87 3.76 4.20 4.12 4.11 4.71 3.80 4.53 3.96 4.59 3.83 4.88 4.91
4.22 3.73 4.37 4.38 4.26 4.20 3.58 4.09 4.44 4.26 4.27 4.59 4.01 3.74 4.30 3.99 3.81 4.03 4.66 4.34
3.23 3.41 3.24 3.25 2.97 2.90 2.93 3.28 3.10 3.26 3.32 3.49 3.35 3.35 3.21 3.44 3.02 3.42 3.67 2.80
1.83 1.89 1.88 1.58 1.70 1.61 1.69 1.82 1.87 1.93 1.80 1.92 1.81 1.82 1.65 1.87 1.86 1.92 1.87 1.77
3.79 2.65 3.06 3.63 3.36 3.23 3.71 3.22 2.75 3.40 3.39 3.46 3.71 3.10 3.42 2.97 3.41 2.91 3.66 3.93
3.68 3.49 3.75 3.49 3.38 3.50 3.30 3.43 3.50 3.67 4.08 3.48 3.37 3.46 3.18 3.72 3.36 3.52 3.81 3.57
3.49 3.52 4.23 3.66 3.82 3.59 3.48 3.81 4.02 3.97 4.12 3.76 3.68 3.46 3.36 3.90 3.49 3.88 4.42 3.71
6.01 5.03 5.37 5.43 5.13 5.27 5.14 5.04 5.43 5.38 5.78 5.29 5.30 4.41 5.07 4.87 5.11 4.74 6.08 5.21
3.61 3.04 4.07 3.32 3.68 3.13 3.26 3.30 3.37 3.50 3.74 3.48 3.16 2.95 2.75 3.09 3.30 3.32 3.75 3.32
2.56 2.89 3.16 2.81 3.17 2.96 2.47 2.63 3.12 2.86 3.02 3.12 2.50 2.55 2.93 2.98 2.34 2.94 2.78 2.86
3.80 3.53 3.48 3.96 3.42 3.36 3.71 3.23 3.36 3.56 3.33 3.57 3.87 3.47 3.59 3.48 3.74 3.20 4.13 3.87
5.67 4.97 5.49 5.62 5.36 5.39 5.17 5.05 5.07 5.36 5.40 5.33 5.23 4.84 5.15 5.04 5.12 4.88 6.18 5.56
3.03 2.65 3.43 2.99 3.10 2.95 2.73 2.88 3.04 3.04 2.94 3.00 2.84 2.68 2.63 3.10 2.76 2.85 2.98 3.02
3.05 3.40 3.48 3.21 3.17 3.06 3.03 2.95 3.49 3.25 3.63 3.24 3.27 3.18 2.96 3.51 3.00 3.05 3.49 3.28
3.48 2.54 2.51 3.40 2.97 2.60 3.34 2.78 2.69 3.02 3.11 3.03 3.30 2.52 3.01 2.94 3.35 2.45 3.10 3.73
4.29 3.79 3.31 4.09 3.51 3.23 4.09 4.10 3.34 3.83 3.85 3.76 3.52 3.23 3.48 3.75 3.94 3.71 4.36 3.67
3.36 2.58 2.27 3.23 2.75 3.02 3.41 3.09 2.66 3.12 2.92 3.07 3.56 2.12 2.83 3.03 3.19 2.87 3.60 3.39
3.06 2.70 3.00 2.92 3.09 3.01 2.49 2.44 2.86 3.46 3.12 3.01 2.97 2.76 2.71 2.66 2.78 2.81 3.28 3.20
3.44 3.01 3.50 3.19 3.10 3.44 2.92 3.06 2.89 3.60 3.59 3.37 3.07 2.92 2.79 3.42 2.76 2.91 3.31 3.04
3.99 3.71 3.39 3.81 3.49 3.28 3.69 3.77 3.78 3.90 3.72 3.64 3.74 3.49 3.59 3.48 3.90 3.54 4.00 3.84
3.71 3.69 3.64 4.12 3.79 3.52 3.69 3.55 3.70 3.63 3.79 3.98 4.10 3.44 3.73 3.75 3.74 3.69 4.46 3.73
3.63 2.96 3.49 3.42 3.17 3.24 2.96 3.26 3.50 3.63 3.63 3.43 3.25 3.24 3.13 3.44 3.35 3.19 3.60 3.09
3.36 2.92 2.86 3.43 3.20 3.42 3.42 3.07 3.04 3.23 3.10 3.44 3.10 3.15 2.88 3.21 3.27 3.09 3.75 3.10
4.33 3.03 2.96 4.15 3.39 2.88 3.94 3.52 3.25 3.63 3.57 3.66 4.05 3.22 3.74 3.23 3.90 3.51 3.83 4.12
2.22 2.39 2.25 2.20 2.08 1.89 2.32 2.60 2.49 2.04 2.20 2.58 1.86 2.40 2.26 2.51 2.27 2.43 2.77 1.81
2.64 2.04 2.89 2.43 2.88 2.75 2.23 2.80 2.77 2.97 2.60 2.80 2.23 2.40 2.67 2.81 2.47 2.69 2.70 2.72
4.86 4.51 4.09 4.56 3.96 3.42 4.50 4.25 4.03 4.33 4.33 4.42 4.55 3.93 4.26 4.26 4.49 4.09 4.80 4.21
3.21 3.11 3.34 3.12 3.39 2.84 2.81 2.98 2.91 3.12 3.20 3.01 3.01 2.56 2.76 2.89 2.76 2.94 3.05 3.11
4.57 3.51 4.35 4.07 4.28 4.07 3.58 4.09 3.96 4.16 4.24 4.33 4.37 3.49 4.12 3.78 3.76 3.99 4.42 4.58
3.22 3.04 3.55 3.21 3.32 3.57 3.01 3.11 2.96 3.49 3.56 3.26 3.02 2.98 2.71 3.76 2.87 3.34 3.04 3.24
2.77 2.31 2.31 2.82 2.51 2.30 2.42 2.27 2.53 2.74 3.08 2.78 2.89 2.33 2.59 2.54 2.96 2.70 2.85 2.66
4.66 4.26 4.17 4.62 4.20 3.93 4.51 4.18 4.38 4.23 4.05 4.37 4.26 4.20 4.35 4.27 4.76 4.12 4.65 4.44