1.59 0.77 0.85 1.03 1.48 1.44 0.88 1.33
1.62 1.33 1.17 1.61 1.84 2.29 1.55 1.78
1.63 1.40 1.19 1.63 1.92 2.27 1.59 1.84
0.54 0.60 0.74 0.44 0.70 0.64 0.80 0.57
1.16 0.80 0.83 0.86 1.23 1.18 0.99 0.91
2.37 1.68 1.74 1.82 2.44 2.10 1.71 1.90
0.57 0.50 0.52 0.74 0.79 0.79 0.65 0.72
0.99 0.82 0.89 1.21 1.09 1.38 1.20 0.93
1.77 1.25 1.38 1.18 1.68 1.28 1.21 1.23
2.08 1.55 1.63 1.95 2.06 2.62 1.90 1.94
2.22 1.74 1.61 1.85 2.41 2.39 1.84 1.95
0.94 0.73 0.74 1.09 1.04 1.26 1.09 1.06
0.85 1.07 1.38 1.06 0.97 1.35 1.23 1.02
1.03 0.84 0.66 0.80 0.67 0.74 0.44 0.52
1.39 1.33 1.51 1.50 1.39 1.94 1.45 1.50
1.52 1.29 1.39 1.31 1.39 1.90 1.20 1.42
1.36 0.80 0.98 1.53 1.45 1.78 1.59 1.36
0.49 0.57 0.56 0.49 0.70 0.56 0.72 0.57
1.57 1.09 0.89 1.02 1.46 1.26 0.81 1.12
0.78 0.70 0.83 1.08 1.09 1.27 1.08 0.89
1.63 1.22 1.40 1.22 1.76 1.27 1.21 1.26
0.81 0.84 1.17 0.79 0.85 0.98 1.11 0.79
1.96 1.26 1.12 1.49 1.72 1.57 1.07 1.40
0.41 0.35 0.43 0.32 0.51 0.43 0.48 0.44
0.91 1.06 1.32 0.87 0.88 1.21 1.29 0.97
1.03 0.50 0.78 0.85 1.21 0.89 0.90 0.79
1.73 1.42 1.71 1.51 1.82 2.03 1.79 1.73
1.20 0.88 0.95 1.35 1.27 1.47 1.32 1.24
1.11 0.92 1.07 0.85 1.19 0.82 0.85 0.94
0.75 0.76 0.65 0.57 0.79 0.71 0.83 0.77