1.79 2.28 1.67 1.70 1.50 2.12 2.33 2.07 2.07 1.96
1.89 2.40 1.83 1.90 1.72 2.19 2.67 2.44 2.21 1.95
1.82 2.40 1.82 2.10 1.88 2.65 2.86 2.47 2.31 2.20
1.93 2.15 2.01 2.20 1.78 2.30 2.64 2.30 2.32 2.52
1.87 2.04 1.80 1.90 1.34 2.33 2.05 1.98 1.87 2.10
1.16 1.42 0.91 1.58 1.32 1.58 1.53 1.37 1.36 1.63
1.15 1.63 0.86 1.08 1.34 1.31 1.27 1.33 1.25 1.52
1.84 2.21 1.47 2.10 1.84 2.32 1.88 1.72 1.84 2.15
1.04 1.03 1.10 1.30 0.93 1.29 0.98 1.55 0.98 1.23
1.78 1.60 2.01 1.76 1.37 2.25 2.32 2.23 2.03 1.76
2.01 1.96 2.17 2.34 1.66 2.15 2.75 2.35 2.34 2.28
1.43 1.37 1.35 1.43 0.94 1.82 1.57 1.54 1.39 1.56
1.68 1.90 1.41 1.64 1.63 1.72 1.54 1.66 1.70 1.99
1.32 1.17 1.42 1.25 1.18 1.47 1.12 1.51 1.14 1.58
1.95 2.17 1.98 1.90 1.54 1.99 2.42 2.45 2.02 2.07
1.57 1.64 1.52 1.47 1.06 1.57 1.70 1.67 1.60 1.49
1.53 1.46 1.64 1.40 1.47 1.73 1.46 2.02 1.25 1.90
1.12 1.44 1.25 1.44 1.15 1.87 1.94 1.64 1.49 1.58
1.64 1.54 1.31 1.67 1.38 1.80 1.93 1.60 1.82 1.81
1.01 0.92 0.76 0.98 0.83 0.89 0.84 0.92 0.81 1.11
0.82 1.05 0.56 0.86 0.94 1.01 1.02 0.70 0.87 0.94
1.74 1.66 1.48 1.56 1.24 1.92 1.34 1.74 1.60 1.89
1.53 1.48 1.37 1.37 1.28 1.76 1.22 1.55 1.44 1.79
0.68 0.90 0.68 1.07 0.68 1.16 0.90 0.70 0.90 1.16
1.04 1.08 0.96 1.03 0.80 1.08 0.87 0.90 0.91 1.33
1.66 1.95 1.66 1.79 1.60 1.64 2.11 1.94 1.86 1.88
1.38 1.94 1.61 1.75 1.60 2.29 2.32 2.02 1.94 2.01
0.82 0.92 0.83 0.98 0.62 1.08 0.87 0.89 0.74 1.11
0.93 1.28 1.16 1.10 0.84 1.09 1.40 1.22 1.26 1.03
2.33 2.28 1.90 2.09 1.79 2.35 1.63 2.62 2.09 2.36
1.14 1.09 0.97 1.28 1.05 1.57 1.18 1.19 0.97 1.27
1.13 1.35 1.12 1.21 1.23 1.47 1.58 1.44 1.58 1.50
2.24 2.64 2.06 2.25 1.89 2.26 2.70 2.32 2.36 2.24
1.32 1.88 1.15 1.48 1.41 1.66 1.67 1.59 1.66 1.74
1.65 1.61 1.31 1.45 1.22 1.62 1.18 1.70 1.51 1.66
2.39 2.34 2.33 2.43 1.90 2.98 2.73 2.67 2.54 2.76
1.20 1.53 1.19 1.37 1.22 1.45 1.71 1.41 1.50 1.38
1.63 1.97 1.44 1.66 1.38 1.62 2.13 1.67 1.83 1.55
1.74 2.10 1.73 1.84 1.37 2.26 2.04 2.20 1.97 2.01
1.09 1.01 1.10 1.21 0.99 1.25 0.86 1.37 1.02 1.49
1.21 1.33 1.11 1.26 0.97 1.22 1.54 1.26 1.45 1.22
1.48 1.57 1.43 1.85 1.38 1.97 1.98 1.65 1.84 2.03
1.34 1.59 1.06 1.39 1.47 1.44 1.30 1.56 1.37 1.59
0.63 0.86 0.94 0.88 0.73 0.64 0.86 1.00 0.76 0.92
1.79 1.81 1.53 1.95 1.54 1.92 2.13 1.79 1.92 1.88
1.80 1.56 1.61 1.80 1.38 1.94 1.12 2.10 1.55 1.98
2.29 2.38 1.91 2.24 1.92 2.83 2.07 2.39 2.14 2.42
1.76 1.70 1.43 1.55 1.25 1.75 1.29 1.90 1.60 1.66
1.19 1.48 1.28 1.65 1.18 1.67 1.76 1.44 1.79 1.66
1.99 1.96 1.82 1.83 1.48 2.39 1.69 2.17 1.86 2.12