3.37 3.31 3.61 3.53 3.66 2.57 3.33 3.36 3.98 4.43 3.54 3.57 3.49 3.77 3.51
1.59 2.16 2.29 2.20 2.14 1.86 1.72 2.43 2.33 2.34 2.44 2.32 2.42 1.92 1.87
2.05 1.87 2.00 2.14 2.20 1.79 2.23 2.11 2.52 2.54 2.15 1.91 1.62 1.94 1.81
2.67 3.23 3.19 3.07 3.17 2.72 2.84 2.84 3.21 3.59 3.25 2.99 2.67 3.16 2.67
1.41 1.08 1.76 1.38 1.18 1.26 1.42 1.45 1.84 1.54 1.60 1.21 1.58 1.33 1.22
3.30 3.42 3.55 3.57 3.71 2.59 3.23 3.05 3.58 4.28 3.39 3.67 3.48 3.59 3.34
3.26 3.30 3.15 3.46 3.14 2.59 3.24 3.23 3.33 4.06 3.39 3.33 2.54 3.26 3.24
1.47 1.12 1.52 1.54 1.36 1.37 1.52 1.42 1.49 1.66 1.37 1.33 1.47 1.21 1.38
2.32 2.72 2.39 2.85 2.69 2.00 2.44 2.61 2.45 3.14 2.80 2.63 2.17 2.30 2.63
3.23 3.41 3.70 3.61 3.65 2.73 3.19 3.46 4.04 4.51 3.75 3.42 3.27 3.61 3.20
2.18 2.25 2.24 2.36 2.16 2.56 2.09 2.21 2.80 2.77 2.32 2.67 2.62 2.59 1.95
1.45 1.92 2.61 2.32 2.31 2.42 1.74 2.36 2.29 2.44 2.47 2.24 2.50 2.41 1.95
1.63 1.06 1.65 1.44 1.09 1.22 1.39 1.37 1.71 1.60 1.55 1.33 1.49 1.28 1.52
1.94 1.84 2.29 2.25 2.14 2.01 1.96 2.21 2.53 2.67 2.23 2.33 2.63 2.49 1.80
1.91 2.36 1.86 2.04 2.54 1.19 2.17 1.85 1.78 2.80 2.01 2.09 1.77 2.02 2.12
2.08 2.07 2.01 2.29 2.06 1.37 2.07 1.97 1.96 2.36 2.04 1.96 1.95 2.03 2.15
1.08 1.01 0.92 1.32 1.20 1.02 1.06 1.18 1.04 1.14 1.04 1.17 1.14 0.84 0.97
1.63 1.56 2.42 1.82 2.22 1.65 1.66 1.71 2.38 1.98 2.20 1.86 2.32 2.15 2.10
1.82 1.39 2.51 2.18 2.19 2.06 1.61 1.96 2.17 2.41 2.25 2.23 2.36 2.42 2.53
1.93 2.30 1.71 2.24 2.27 1.36 1.93 2.26 2.13 2.70 2.35 2.16 1.84 2.08 1.85
2.23 2.17 2.52 2.53 2.05 2.16 2.09 2.18 2.47 2.64 2.52 2.49 2.58 2.13 2.37
3.26 3.42 3.65 3.60 3.71 2.66 3.04 2.90 3.44 4.30 3.38 3.49 3.39 3.85 3.54
2.42 2.62 2.59 2.85 3.15 2.15 2.61 2.89 2.94 3.28 2.83 2.68 2.75 3.15 2.60
3.08 2.82 2.85 3.14 3.18 2.26 3.14 3.07 3.29 3.54 3.00 3.12 2.56 2.76 2.78
0.94 0.68 1.20 0.99 0.94 0.91 0.95 0.96 0.88 0.97 1.00 0.89 0.98 0.90 0.86
1.01 0.71 1.08 1.06 1.02 0.96 1.04 1.05 0.93 0.99 1.02 1.04 1.03 0.86 0.99
1.96 1.81 2.22 2.24 1.95 2.24 2.09 2.05 2.50 2.48 2.22 2.31 2.37 2.10 1.54
1.89 1.57 1.74 2.04 1.73 1.67 1.73 1.87 1.82 1.87 1.91 1.81 1.52 1.69 1.70
1.81 2.11 2.95 2.65 2.26 2.80 1.71 2.56 2.81 2.95 2.48 2.69 2.92 2.72 2.42
2.20 1.80 2.28 1.98 1.98 1.50 2.03 1.95 2.06 2.66 2.04 2.09 1.73 2.39 1.82
1.35 1.12 1.24 1.57 1.43 1.32 1.37 1.39 1.36 1.37 1.35 1.46 1.35 1.21 1.25
1.96 1.96 1.86 2.13 2.29 1.70 2.38 2.07 2.22 2.39 2.11 2.07 1.85 1.97 1.73
2.14 1.87 2.31 2.31 1.99 1.99 1.73 1.83 2.60 2.52 2.25 2.23 2.38 2.37 1.72
1.29 1.03 1.22 1.32 1.05 1.08 1.24 1.20 1.26 1.17 1.37 1.31 1.15 1.23 1.06
2.33 2.74 2.09 2.93 2.96 1.91 2.58 2.58 2.55 3.11 2.46 2.79 2.17 2.39 2.37
2.11 3.24 3.26 2.88 3.04 2.13 2.23 2.69 2.91 3.43 3.21 2.76 2.68 3.02 2.87
2.10 2.14 2.65 2.34 2.32 2.26 1.94 2.14 2.86 2.68 2.32 2.35 2.59 2.63 1.95
1.62 1.28 1.55 1.66 1.48 1.46 1.74 1.47 1.71 1.78 1.55 1.60 1.64 1.41 1.36
1.92 2.19 2.46 2.40 2.15 2.00 1.79 2.33 2.43 2.53 2.47 2.61 2.62 2.16 2.19
2.35 2.15 2.07 2.44 2.54 1.44 2.16 2.35 2.42 2.85 2.39 2.10 1.87 2.54 2.11
0.89 0.85 0.97 0.91 1.02 1.00 0.88 0.96 1.02 0.94 0.93 0.82 0.89 0.70 0.69
1.51 1.58 2.23 2.05 1.99 1.78 1.55 1.95 1.93 1.98 1.97 1.96 2.05 1.89 2.03
3.68 3.39 4.28 3.62 3.38 3.03 3.10 3.44 4.02 4.32 3.78 3.67 3.93 4.05 3.66
1.56 1.76 2.35 2.09 1.88 1.93 1.51 1.84 2.00 1.89 2.26 1.97 2.08 1.99 2.02
2.22 2.28 1.91 2.49 2.46 1.25 2.01 2.09 2.27 2.74 2.15 2.26 1.59 2.16 2.22
2.52 2.00 2.66 2.27 2.38 1.75 2.27 2.38 2.65 2.85 2.35 2.30 2.13 2.31 2.33
0.67 0.70 0.81 0.81 0.80 0.72 0.72 0.73 0.67 0.68 0.76 0.74 0.81 0.73 0.53
1.97 2.09 2.99 2.58 2.26 2.47 2.07 2.28 2.86 2.81 2.74 2.76 2.87 2.56 2.30
1.57 2.03 1.43 1.68 1.98 1.14 1.78 1.77 1.64 2.12 1.78 1.60 1.40 1.49 1.59
2.61 2.83 2.84 2.84 2.90 2.50 2.51 2.89 2.72 3.35 3.00 2.88 2.58 2.81 2.50
2.18 2.18 2.87 2.50 2.06 2.22 1.65 2.43 2.71 2.91 2.53 2.08 2.33 2.55 2.62
1.54 2.05 2.26 2.15 2.29 1.93 1.85 2.19 2.28 2.05 2.40 2.14 2.36 1.96 1.88
1.59 1.05 1.58 1.51 1.41 1.23 1.43 1.41 1.51 1.56 1.39 1.40 1.50 1.48 1.27
2.42 2.35 2.28 3.03 2.97 1.98 2.90 2.67 2.80 3.18 2.44 2.90 2.57 2.36 2.58
2.91 2.99 2.66 3.39 3.08 2.21 2.79 2.94 3.09 3.43 2.95 3.11 2.41 2.75 2.90
2.10 2.07 1.87 2.37 2.34 1.68 2.10 2.14 2.28 2.66 2.14 2.24 1.90 2.06 1.83
2.34 2.50 2.75 2.53 2.42 1.97 2.16 2.36 2.60 3.04 2.82 2.64 2.37 2.33 2.73
3.00 3.29 3.39 3.59 3.73 2.49 3.23 3.21 3.75 4.17 3.50 3.50 3.49 3.74 3.53
1.41 1.81 2.42 2.13 1.98 1.89 1.49 2.01 1.97 2.04 2.26 1.98 2.16 1.99 1.89
1.42 1.78 1.47 1.73 2.09 1.31 1.82 1.62 1.44 1.96 1.64 1.88 1.49 1.46 1.61
2.44 2.48 2.39 2.86 2.56 1.79 2.51 2.49 2.54 3.07 2.64 2.48 2.16 2.38 2.49
0.98 0.96 0.93 1.17 1.12 0.92 0.87 1.24 1.00 1.15 1.17 1.04 0.82 0.81 0.83
1.45 0.93 1.25 1.65 1.47 1.34 1.44 1.32 1.38 1.36 1.22 1.57 1.31 0.94 1.24
2.88 3.44 3.45 3.32 3.34 2.97 2.72 2.80 3.51 4.05 3.43 3.27 3.39 3.85 3.51
2.36 3.15 2.81 2.60 2.96 2.23 2.65 2.34 3.08 3.06 2.83 2.95 3.06 3.08 3.16
2.82 2.95 2.83 3.10 3.37 2.38 2.99 2.78 3.21 3.74 2.84 3.35 2.84 3.22 3.39
2.71 2.52 2.71 2.96 2.85 2.01 2.82 2.55 2.69 3.09 2.68 2.83 2.45 2.51 2.72
1.59 1.24 1.71 1.37 1.03 1.33 1.60 1.49 1.65 1.65 1.54 1.32 1.61 1.56 1.38
3.67 3.52 3.94 3.66 3.73 3.12 3.19 3.22 4.07 4.53 3.55 3.76 3.45 3.79 3.30
1.83 1.61 2.11 1.85 2.35 1.69 1.69 1.52 2.73 2.26 2.14 1.95 2.49 2.28 1.81
2.78 3.01 3.37 3.34 2.66 2.74 2.45 2.96 3.38 3.30 3.42 3.04 3.17 3.02 3.14
2.37 2.22 3.11 2.69 2.35 2.33 1.78 2.34 2.90 3.13 2.82 2.38 2.76 2.88 2.39
2.45 2.57 2.39 2.75 3.07 2.01 3.26 2.45 2.82 3.23 2.61 2.73 2.62 2.39 2.61
2.13 2.05 2.62 2.13 2.18 1.90 1.78 2.18 2.69 2.36 2.24 2.20 2.49 2.43 2.30
2.45 3.30 3.04 3.16 3.51 2.51 2.94 3.07 3.12 3.55 3.39 3.14 3.30 3.51 3.15
2.08 2.06 3.15 2.68 2.52 2.34 1.83 2.45 2.86 3.01 2.61 2.42 2.75 2.97 2.11
3.05 2.51 3.05 2.74 2.87 2.00 2.82 2.91 3.10 3.39 2.79 2.76 2.57 2.91 2.69
2.04 2.07 1.87 2.19 2.22 1.46 1.91 1.99 2.01 2.38 1.81 2.12 1.69 1.82 2.17
2.09 2.37 2.66 2.62 2.33 2.35 2.40 2.39 2.98 2.72 2.74 2.52 2.69 2.51 1.97
1.67 1.86 1.84 1.68 1.76 1.37 1.82 1.60 1.69 2.12 1.64 1.70 1.58 1.59 1.71