/c/b/cf/de/
/c/b/f/gea/bbb/
/c/b/gea/
/c/bbb/b/c/
/c/bbb/b/fb/c/
/c/bbb/bbb/fb/c/de/
/c/bbb/c/c/f/de/cf/cf/
/c/bbb/c/c/f/de/cf/f/c/c/
/c/bbb/c/c/f/de/cf/f/c/de/cf/f/
/c/bbb/c/c/f/de/cf/f/c/de/gg/
/c/bbb/c/c/f/de/cf/f/f/
/c/bbb/c/c/f/de/cf/gea/
/c/bbb/c/c/f/gea/c/fb/cf/
/c/bbb/c/gea/c/
/c/bbb/c/gg/
/c/bbb/cf/b/de/
/c/bbb/cf/b/fb/
/c/bbb/cf/c/gg/
/c/bbb/cf/gea/
/c/bbb/de/
/c/bbb/f/b/fb/c/
/c/bbb/f/b/fb/gg/
/c/bbb/f/b/gea/fb/
/c/bbb/f/de/bbb/b/de/
/c/bbb/f/de/bbb/de/
/c/bbb/f/de/de/c/c/b/
/c/bbb/f/de/de/c/c/cf/f/
/c/bbb/f/de/de/gg/bbb/
/c/bbb/f/de/de/gg/c/
/c/bbb/f/de/gg/c/gea/
/c/bbb/f/f/b/
/c/bbb/f/f/bbb/
/c/bbb/f/f/c/
/c/bbb/f/f/de/cf/bbb/gea/
/c/bbb/f/f/de/cf/c/
/c/bbb/f/f/de/cf/cf/gg/
/c/bbb/f/f/de/cf/gg/f/
/c/bbb/f/f/de/cf/gg/gea/
/c/bbb/f/f/de/fb/bbb/b/f/cf/gea/fb/
/c/bbb/f/f/de/fb/c/fb/gea/
/c/bbb/f/f/de/fb/c/fb/gg/c/
/c/bbb/f/f/de/fb/de/gg/de/
/c/bbb/f/f/de/fb/f/fb/c/gg/gea/f/
/c/bbb/f/f/de/fb/f/fb/cf/b/
/c/bbb/f/f/de/fb/f/fb/cf/gea/gea/
/c/bbb/f/f/de/fb/f/fb/cf/gg/gea/
/c/bbb/f/f/de/fb/fb/gea/
/c/bbb/f/f/de/fb/fb/gg/
/c/bbb/f/f/de/fb/gg/
/c/bbb/f/f/de/gg/b/c/bbb/gg/b/
/c/bbb/f/f/de/gg/c/f/
/c/bbb/f/f/de/gg/cf/bbb/fb/fb/
/c/bbb/f/f/de/gg/de/b/b/de/
/c/bbb/f/f/de/gg/de/b/b/fb/
/c/bbb/f/f/de/gg/de/b/bbb/c/c/b/
/c/bbb/f/f/de/gg/de/b/de/gea/c/
/c/bbb/f/f/de/gg/de/cf/b/b/
/c/bbb/f/f/de/gg/de/cf/c/
/c/bbb/f/f/de/gg/de/cf/fb/de/gea/c/
/c/bbb/f/f/de/gg/de/cf/gea/gea/cf/
/c/bbb/f/f/de/gg/de/fb/bbb/c/gea/
/c/bbb/f/f/de/gg/de/fb/bbb/f/de/c/bbb/f/
/c/bbb/f/f/de/gg/de/fb/cf/c/c/gg/
/c/bbb/f/f/de/gg/de/fb/f/
/c/bbb/f/gea/b/de/
/c/bbb/f/gea/bbb/fb/de/f/
/c/bbb/f/gea/bbb/fb/fb/gg/
/c/bbb/f/gea/c/de/b/
/c/bbb/f/gea/c/de/bbb/f/gea/
/c/bbb/f/gea/c/fb/bbb/
/c/bbb/f/gea/c/fb/c/
/c/bbb/f/gea/f/fb/bbb/
/c/bbb/f/gea/f/fb/c/de/cf/
/c/bbb/f/gea/f/fb/gg/
/c/bbb/f/gea/fb/
/c/bbb/f/gea/gea/c/de/
/c/bbb/f/gea/gea/gg/
/c/bbb/fb/c/c/b/b/c/
/c/bbb/fb/c/c/b/b/gg/
/c/bbb/fb/c/c/b/bbb/
/c/bbb/fb/c/c/b/c/fb/f/
/c/bbb/fb/c/c/bbb/f/bbb/gg/b/c/
/c/bbb/fb/c/c/bbb/f/gea/gea/
/c/bbb/fb/c/c/c/b/b/
/c/bbb/fb/c/c/c/b/fb/
/c/bbb/fb/c/c/c/de/f/cf/fb/gea/
/c/bbb/fb/c/c/c/de/gg/
/c/bbb/fb/c/c/c/fb/f/
/c/bbb/fb/c/c/c/fb/gea/f/
/c/bbb/fb/c/c/c/gg/bbb/fb/c/
/c/bbb/fb/c/c/de/cf/
/c/bbb/fb/c/c/de/fb/
/c/bbb/fb/c/c/gea/
/c/bbb/fb/c/fb/b/f/
/c/bbb/fb/c/fb/c/cf/c/cf/
/c/bbb/fb/c/fb/c/cf/c/fb/gea/
/c/bbb/fb/gg/c/b/bbb/
/c/bbb/fb/gg/cf/b/cf/
/c/bbb/gea/cf/f/
/c/c/b/gea/b/b/
/c/c/b/gea/bbb/
/c/c/b/gea/gg/
/c/c/cf/
/c/c/de/gg/
/c/c/gea/c/b/cf/c/
/c/c/gea/c/b/de/
/c/c/gea/c/c/b/f/gg/
/c/c/gea/c/c/b/fb/
/c/c/gea/c/c/c/f/de/c/
/c/c/gea/c/c/cf/gg/
/c/c/gea/c/f/de/
/c/c/gea/c/gea/
/c/c/gea/c/gg/f/c/gea/
/c/c/gea/cf/de/fb/c/
/c/c/gea/de/c/gg/gg/b/fb/
/c/c/gea/de/de/bbb/b/gea/
/c/c/gea/gea/c/
/c/c/gea/gea/fb/fb/gg/
/c/cf/b/c/gg/c/bbb/c/
/c/cf/cf/f/f/
/c/cf/cf/f/fb/cf/bbb/de/
/c/cf/gg/
/c/f/cf/b/bbb/c/
/c/f/cf/b/c/
/c/f/cf/b/cf/c/c/de/gea/
/c/f/cf/b/cf/c/gea/b/
/c/f/cf/b/cf/c/gea/bbb/cf/
/c/f/cf/b/cf/c/gea/c/bbb/cf/b/
/c/f/cf/b/cf/de/cf/cf/
/c/f/cf/b/cf/de/cf/gg/
/c/f/cf/b/cf/gea/
/c/f/cf/b/gg/b/bbb/
/c/f/cf/b/gg/b/f/c/
/c/f/cf/b/gg/b/gg/b/
/c/f/cf/b/gg/b/gg/cf/
/c/f/cf/b/gg/c/
/c/f/cf/b/gg/f/fb/fb/b/cf/de/
/c/f/cf/b/gg/f/gg/cf/
/c/f/cf/b/gg/gea/de/
/c/f/cf/bbb/b/bbb/c/c/b/
/c/f/cf/bbb/b/bbb/c/c/cf/fb/
/c/f/cf/bbb/b/bbb/c/c/cf/gea/
/c/f/cf/bbb/b/gea/cf/
/c/f/cf/bbb/b/gea/de/bbb/de/
/c/f/cf/bbb/b/gea/de/gg/
/c/f/cf/bbb/c/de/f/cf/
/c/f/cf/bbb/c/de/f/de/
/c/f/cf/bbb/c/de/f/gg/
/c/f/cf/bbb/c/gg/cf/
/c/f/cf/bbb/c/gg/gea/gea/
/c/f/cf/bbb/cf/gea/
/c/f/cf/bbb/f/de/
/c/f/cf/bbb/f/gea/c/c/fb/
/c/f/cf/bbb/f/gea/c/gea/
/c/f/cf/bbb/f/gea/de/
/c/f/cf/bbb/f/gea/gg/
/c/f/cf/bbb/gg/
/c/f/cf/cf/c/de/b/bbb/
/c/f/cf/cf/c/de/b/c/c/
/c/f/cf/cf/cf/
/c/f/cf/gea/bbb/bbb/de/
/c/f/cf/gg/c/fb/
/c/fb/
/c/gea/cf/
/c/gea/f/
/c/gea/fb/cf/