/cfa/c/aa/c/dc/
/cfa/c/aa/c/ffg/c/
/cfa/c/aa/c/ffg/cfa/c/aa/c/
/cfa/c/aa/c/ffg/cfa/c/c/
/cfa/c/aa/c/ffg/cfa/c/f/cgf/
/cfa/c/aa/c/ffg/cfa/c/gce/ffg/c/cgf/
/cfa/c/aa/c/ffg/cgf/cgf/cfa/
/cfa/c/aa/c/ffg/dc/cfa/cfa/cf/
/cfa/c/aa/c/ffg/dc/cgf/
/cfa/c/aa/c/ffg/ffg/aa/cf/
/cfa/c/aa/c/ffg/ffg/aa/cfa/
/cfa/c/aa/c/ffg/ffg/c/dc/
/cfa/c/c/aa/
/cfa/c/cf/dc/cgf/aa/gce/c/aa/
/cfa/c/cf/dc/cgf/aa/gce/c/c/
/cfa/c/cf/dc/cgf/aa/gce/dc/
/cfa/c/cf/dc/dc/cfa/f/aa/
/cfa/c/cf/f/aa/cf/c/c/
/cfa/c/cf/f/aa/cf/c/cfa/cfa/
/cfa/c/cf/f/aa/cf/c/cfa/dc/
/cfa/c/cf/f/f/f/
/cfa/c/cf/f/f/gce/gce/
/cfa/c/cf/f/gce/gce/
/cfa/c/cgf/aa/
/cfa/c/cgf/c/cgf/aa/
/cfa/c/cgf/c/cgf/ffg/
/cfa/c/cgf/cfa/f/
/cfa/c/dc/aa/c/cf/
/cfa/c/dc/aa/c/cgf/aa/cf/
/cfa/c/dc/aa/c/cgf/cfa/
/cfa/c/dc/aa/cf/aa/
/cfa/c/dc/aa/cf/c/aa/c/c/
/cfa/c/dc/aa/cf/c/aa/c/ffg/ffg/f/
/cfa/c/dc/aa/cf/c/aa/f/f/
/cfa/c/dc/aa/cf/c/aa/ffg/
/cfa/c/dc/aa/cf/c/aa/gce/c/aa/
/cfa/c/dc/aa/cf/c/aa/gce/c/f/c/
/cfa/c/dc/aa/cf/c/aa/gce/c/f/f/cf/
/cfa/c/dc/aa/cf/c/aa/gce/cgf/
/cfa/c/dc/aa/cf/c/aa/gce/gce/
/cfa/c/dc/aa/cf/c/c/c/
/cfa/c/dc/aa/cf/c/c/cgf/c/
/cfa/c/dc/aa/cf/c/c/ffg/
/cfa/c/dc/aa/cf/c/cfa/cfa/
/cfa/c/dc/aa/cf/c/dc/
/cfa/c/dc/aa/cf/c/ffg/c/c/dc/
/cfa/c/dc/aa/cf/c/ffg/c/dc/gce/c/
/cfa/c/dc/aa/cf/c/ffg/c/dc/gce/gce/
/cfa/c/dc/aa/cf/cf/cfa/
/cfa/c/dc/aa/cf/gce/c/
/cfa/c/dc/aa/cfa/aa/aa/
/cfa/c/dc/aa/cfa/aa/cf/cfa/
/cfa/c/dc/aa/cfa/c/f/
/cfa/c/dc/aa/cfa/dc/c/aa/
/cfa/c/dc/aa/cfa/dc/cfa/cf/
/cfa/c/dc/aa/cfa/dc/cfa/cgf/
/cfa/c/dc/aa/cfa/f/c/
/cfa/c/dc/aa/cfa/f/dc/
/cfa/c/dc/aa/cfa/ffg/c/ffg/
/cfa/c/dc/aa/f/f/cf/
/cfa/c/dc/aa/f/f/dc/
/cfa/c/dc/c/c/
/cfa/c/dc/c/cfa/aa/
/cfa/c/dc/c/cfa/c/f/cgf/
/cfa/c/dc/c/cfa/cgf/c/c/c/cfa/f/
/cfa/c/dc/c/cfa/cgf/c/c/c/cfa/ffg/
/cfa/c/dc/c/cfa/cgf/c/c/c/cgf/cf/
/cfa/c/dc/c/cfa/gce/cgf/
/cfa/c/dc/c/cfa/gce/f/c/
/cfa/c/dc/c/cfa/gce/f/dc/cfa/ffg/gce/
/cfa/c/dc/cf/aa/
/cfa/c/dc/ffg/c/aa/
/cfa/c/dc/ffg/cfa/
/cfa/c/gce/cgf/cfa/c/
/cfa/c/gce/cgf/cgf/aa/
/cfa/c/gce/cgf/cgf/dc/ffg/
/cfa/c/gce/cgf/cgf/f/
/cfa/c/gce/cgf/gce/
/cfa/c/gce/dc/aa/cf/f/f/
/cfa/c/gce/dc/aa/f/c/
/cfa/c/gce/dc/aa/f/cfa/
/cfa/c/gce/dc/aa/ffg/
/cfa/cf/c/c/aa/c/ffg/
/cfa/cf/c/c/aa/c/gce/c/c/
/cfa/cf/c/c/aa/c/gce/c/dc/aa/c/c/
/cfa/cf/c/c/aa/c/gce/c/dc/aa/cfa/
/cfa/cf/c/c/aa/c/gce/c/dc/aa/f/cgf/
/cfa/cf/c/c/aa/c/gce/c/dc/aa/f/ffg/
/cfa/cf/c/c/aa/c/gce/c/dc/f/c/
/cfa/cf/c/c/aa/c/gce/c/gce/f/gce/
/cfa/cf/c/c/aa/c/gce/cf/
/cfa/cf/c/c/aa/c/gce/dc/c/c/dc/cgf/
/cfa/cf/c/c/aa/c/gce/dc/cf/gce/
/cfa/cf/c/c/aa/c/gce/dc/gce/
/cfa/cf/c/c/aa/f/f/
/cfa/cf/c/c/cf/cf/cgf/ffg/
/cfa/cf/c/c/cf/dc/cf/
/cfa/cf/c/c/cf/dc/cfa/dc/cgf/c/cf/
/cfa/cf/c/c/cf/dc/cfa/dc/cgf/c/cgf/aa/c/
/cfa/cf/c/c/cf/gce/c/
/cfa/cf/c/c/cf/gce/cgf/dc/
/cfa/cf/c/c/cfa/
/cfa/cf/c/c/cgf/
/cfa/cf/c/c/ffg/c/f/
/cfa/cf/c/c/ffg/ffg/cfa/c/
/cfa/cf/c/c/ffg/ffg/cfa/cfa/
/cfa/cf/c/c/ffg/ffg/cfa/dc/f/f/cfa/
/cfa/cf/c/c/ffg/ffg/cgf/c/f/
/cfa/cf/c/c/ffg/ffg/cgf/cfa/dc/dc/ffg/c/
/cfa/cf/c/c/gce/
/cfa/cf/c/cfa/aa/
/cfa/cf/c/cfa/c/cf/c/aa/cgf/
/cfa/cf/c/cfa/c/cf/dc/aa/aa/
/cfa/cf/c/cfa/c/cf/dc/aa/cfa/gce/c/
/cfa/cf/c/cfa/c/cfa/aa/cgf/cfa/
/cfa/cf/c/cfa/c/cfa/gce/
/cfa/cf/c/cfa/cfa/
/cfa/cf/c/cfa/cgf/
/cfa/cf/c/cfa/f/c/
/cfa/cf/c/cfa/f/cgf/
/cfa/cf/c/cfa/ffg/cf/
/cfa/cf/c/cfa/ffg/cgf/cgf/
/cfa/cf/c/cfa/ffg/ffg/
/cfa/cf/c/cfa/gce/c/c/cfa/cfa/
/cfa/cf/c/cfa/gce/c/c/gce/
/cfa/cf/c/cfa/gce/c/cfa/c/dc/aa/
/cfa/cf/c/cfa/gce/c/dc/
/cfa/cf/c/cfa/gce/cf/dc/
/cfa/cf/c/cfa/gce/ffg/
/cfa/cf/c/cfa/gce/gce/c/aa/c/f/dc/
/cfa/cf/c/cfa/gce/gce/c/aa/c/f/ffg/
/cfa/cf/c/cfa/gce/gce/c/aa/ffg/f/
/cfa/cf/c/cfa/gce/gce/c/c/
/cfa/cf/c/cfa/gce/gce/c/f/c/f/
/cfa/cf/c/cfa/gce/gce/c/f/c/gce/
/cfa/cf/c/cfa/gce/gce/c/f/f/c/aa/
/cfa/cf/c/cfa/gce/gce/c/f/f/c/cfa/
/cfa/cf/c/cfa/gce/gce/f/aa/cf/
/cfa/cf/c/cfa/gce/gce/ffg/f/cf/
/cfa/cf/c/cfa/gce/gce/ffg/f/dc/cfa/
/cfa/cf/c/cfa/gce/gce/ffg/f/dc/gce/aa/
/cfa/cf/c/f/aa/cfa/c/c/ffg/
/cfa/cf/c/f/aa/cfa/c/ffg/c/
/cfa/cf/c/f/aa/cfa/cf/aa/cgf/
/cfa/cf/c/f/aa/cfa/cf/aa/gce/
/cfa/cf/c/f/aa/cfa/cf/f/c/
/cfa/cf/c/f/aa/cfa/cf/f/dc/
/cfa/cf/c/f/aa/cfa/cf/gce/c/
/cfa/cf/c/f/aa/cfa/cf/gce/cfa/
/cfa/cf/c/f/aa/cfa/cfa/cgf/c/dc/
/cfa/cf/c/f/aa/cfa/cfa/cgf/c/f/
/cfa/cf/c/f/aa/cfa/cfa/cgf/cgf/
/cfa/cf/c/f/aa/cfa/cgf/aa/
/cfa/cf/c/f/aa/cfa/cgf/cf/cfa/
/cfa/cf/c/f/aa/cfa/cgf/gce/
/cfa/cf/c/f/aa/dc/gce/
/cfa/cf/c/f/c/c/c/
/cfa/cf/c/f/cfa/c/
/cfa/cf/c/ffg/c/dc/
/cfa/cf/c/ffg/f/
/cfa/cf/c/gce/
/cfa/cf/cf/cgf/dc/dc/
/cfa/cf/cgf/c/
/cfa/cf/dc/aa/cgf/cgf/
/cfa/cf/dc/c/cf/dc/c/
/cfa/cf/dc/c/cf/dc/cgf/gce/
/cfa/cf/dc/cf/dc/
/cfa/cf/dc/cf/gce/
/cfa/cf/dc/cgf/f/dc/aa/
/cfa/cf/dc/ffg/c/cfa/
/cfa/cf/dc/ffg/cgf/c/c/
/cfa/cf/dc/ffg/cgf/c/f/dc/
/cfa/cf/dc/ffg/cgf/cfa/cfa/
/cfa/cf/dc/ffg/cgf/cgf/cgf/
/cfa/cf/dc/gce/aa/cfa/f/cfa/
/cfa/cf/dc/gce/aa/gce/cf/
/cfa/cf/dc/gce/aa/gce/cfa/
/cfa/cgf/c/aa/c/
/cfa/cgf/c/aa/dc/
/cfa/cgf/c/c/ffg/c/dc/
/cfa/cgf/c/c/ffg/dc/
/cfa/cgf/gce/aa/ffg/
/cfa/dc/cfa/c/dc/
/cfa/f/cf/
/cfa/f/cgf/