/cea/aea/dd/fga/aea/
/cea/aea/fga/
/cea/aea/g/dd/aea/cea/
/cea/cea/aea/cea/
/cea/cea/aea/dd/g/aea/aea/
/cea/cea/aea/dd/g/aea/dd/
/cea/cea/aea/dd/g/cea/aea/dd/
/cea/cea/aea/dd/g/cea/aea/fga/dd/
/cea/cea/aea/dd/g/dd/aea/
/cea/cea/aea/dd/g/dd/dd/
/cea/cea/aea/dd/g/dd/fga/aea/aea/aea/aea/aea/aea/
/cea/cea/aea/dd/g/dd/fga/aea/aea/fga/
/cea/cea/aea/dd/g/fga/aea/g/aea/aea/aea/
/cea/cea/aea/dd/g/fga/aea/g/aea/aea/cea/
/cea/cea/aea/fga/
/cea/cea/cea/cea/
/cea/cea/cea/g/cea/
/cea/cea/cea/g/g/fga/
/cea/cea/cea/g/g/g/
/cea/cea/dd/cea/fga/cea/cea/
/cea/cea/dd/cea/fga/cea/fga/
/cea/cea/g/dd/aea/
/cea/cea/g/dd/cea/cea/aea/fga/
/cea/cea/g/dd/cea/fga/
/cea/cea/g/dd/dd/cea/
/cea/cea/g/dd/dd/fga/
/cea/cea/g/dd/g/
/cea/cea/g/fga/
/cea/cea/g/g/aea/g/cea/aea/
/cea/cea/g/g/aea/g/cea/cea/
/cea/cea/g/g/aea/g/dd/
/cea/cea/g/g/aea/g/g/aea/
/cea/cea/g/g/aea/g/g/cea/cea/
/cea/cea/g/g/aea/g/g/dd/cea/dd/aea/
/cea/cea/g/g/aea/g/g/g/
/cea/cea/g/g/cea/dd/aea/g/g/
/cea/cea/g/g/g/aea/cea/dd/
/cea/cea/g/g/g/aea/cea/fga/cea/
/cea/cea/g/g/g/aea/cea/fga/fga/
/cea/cea/g/g/g/aea/fga/cea/aea/
/cea/cea/g/g/g/aea/fga/dd/
/cea/cea/g/g/g/aea/fga/fga/aea/
/cea/cea/g/g/g/aea/fga/fga/dd/cea/fga/
/cea/cea/g/g/g/aea/g/aea/g/
/cea/cea/g/g/g/aea/g/dd/fga/
/cea/cea/g/g/g/aea/g/fga/
/cea/cea/g/g/g/dd/
/cea/dd/dd/dd/aea/cea/g/
/cea/dd/dd/dd/cea/
/cea/dd/dd/g/cea/cea/fga/
/cea/dd/dd/g/cea/fga/
/cea/dd/dd/g/dd/cea/
/cea/dd/dd/g/dd/dd/aea/
/cea/dd/dd/g/dd/dd/dd/
/cea/dd/dd/g/dd/fga/aea/
/cea/dd/dd/g/dd/fga/cea/
/cea/dd/dd/g/dd/fga/fga/g/aea/
/cea/dd/dd/g/fga/cea/cea/aea/g/
/cea/dd/dd/g/fga/cea/cea/g/aea/
/cea/dd/dd/g/fga/cea/cea/g/fga/
/cea/dd/dd/g/fga/cea/g/cea/aea/
/cea/dd/dd/g/fga/cea/g/cea/cea/
/cea/dd/dd/g/fga/cea/g/cea/dd/
/cea/dd/dd/g/fga/cea/g/cea/fga/
/cea/dd/dd/g/fga/cea/g/fga/aea/
/cea/dd/dd/g/fga/cea/g/g/
/cea/dd/dd/g/fga/dd/
/cea/dd/fga/aea/aea/aea/dd/aea/
/cea/dd/fga/aea/aea/cea/aea/aea/dd/
/cea/dd/fga/aea/aea/cea/aea/aea/g/
/cea/dd/fga/aea/aea/cea/aea/dd/aea/aea/
/cea/dd/fga/aea/aea/cea/aea/dd/aea/dd/
/cea/dd/fga/aea/aea/cea/aea/dd/aea/fga/
/cea/dd/fga/aea/aea/cea/aea/g/
/cea/dd/fga/aea/aea/cea/dd/
/cea/dd/fga/aea/aea/dd/
/cea/dd/fga/aea/aea/fga/
/cea/dd/fga/aea/fga/dd/fga/
/cea/dd/fga/aea/fga/fga/dd/aea/g/
/cea/dd/fga/cea/aea/cea/
/cea/dd/fga/cea/aea/g/cea/aea/
/cea/dd/fga/cea/aea/g/cea/fga/cea/
/cea/dd/fga/cea/aea/g/cea/fga/fga/fga/
/cea/dd/fga/cea/aea/g/cea/fga/fga/g/
/cea/dd/fga/cea/aea/g/dd/fga/cea/
/cea/dd/fga/cea/aea/g/fga/cea/
/cea/dd/fga/cea/aea/g/fga/g/cea/
/cea/dd/fga/cea/aea/g/fga/g/dd/aea/
/cea/dd/fga/cea/aea/g/fga/g/dd/dd/
/cea/dd/fga/cea/aea/g/fga/g/dd/fga/
/cea/dd/fga/cea/cea/fga/g/
/cea/dd/fga/cea/cea/g/dd/dd/aea/aea/cea/
/cea/dd/fga/cea/dd/aea/cea/
/cea/dd/fga/cea/dd/aea/dd/
/cea/dd/fga/cea/dd/dd/
/cea/dd/fga/cea/dd/fga/fga/
/cea/dd/fga/cea/fga/aea/aea/
/cea/dd/fga/cea/fga/aea/g/
/cea/dd/fga/cea/fga/g/g/cea/fga/g/
/cea/dd/fga/cea/g/cea/g/
/cea/dd/fga/cea/g/dd/
/cea/dd/fga/g/fga/aea/
/cea/dd/fga/g/fga/dd/
/cea/dd/fga/g/fga/g/
/cea/fga/aea/dd/dd/aea/
/cea/fga/aea/dd/dd/dd/aea/
/cea/fga/aea/dd/dd/dd/g/
/cea/fga/aea/dd/dd/g/dd/
/cea/fga/aea/dd/dd/g/g/
/cea/fga/aea/fga/
/cea/fga/aea/g/aea/dd/
/cea/fga/aea/g/dd/cea/aea/
/cea/fga/aea/g/dd/cea/cea/
/cea/fga/aea/g/dd/fga/
/cea/fga/aea/g/g/cea/dd/g/fga/fga/cea/
/cea/fga/cea/aea/cea/cea/dd/
/cea/fga/cea/aea/g/aea/
/cea/fga/cea/aea/g/dd/
/cea/fga/cea/aea/g/fga/
/cea/fga/cea/cea/fga/
/cea/fga/cea/cea/g/cea/
/cea/fga/dd/aea/aea/cea/g/
/cea/fga/dd/aea/aea/fga/dd/g/g/
/cea/fga/dd/aea/aea/g/aea/cea/
/cea/fga/dd/aea/aea/g/aea/g/
/cea/fga/dd/aea/aea/g/cea/
/cea/fga/dd/dd/fga/g/
/cea/fga/dd/dd/g/aea/
/cea/fga/dd/dd/g/cea/dd/
/cea/fga/dd/g/dd/aea/
/cea/fga/dd/g/dd/cea/cea/dd/
/cea/fga/dd/g/dd/cea/dd/
/cea/fga/dd/g/dd/cea/g/fga/
/cea/fga/dd/g/g/
/cea/fga/fga/cea/aea/dd/aea/
/cea/fga/fga/cea/aea/dd/dd/cea/
/cea/fga/fga/cea/cea/aea/
/cea/fga/fga/cea/cea/cea/fga/aea/
/cea/fga/fga/cea/cea/dd/fga/
/cea/fga/fga/cea/cea/fga/aea/
/cea/fga/fga/cea/cea/fga/cea/
/cea/fga/fga/cea/cea/fga/dd/
/cea/fga/fga/cea/cea/fga/fga/
/cea/fga/fga/cea/cea/fga/g/
/cea/fga/fga/cea/dd/aea/aea/g/cea/
/cea/fga/fga/cea/dd/aea/aea/g/dd/
/cea/fga/fga/cea/dd/aea/g/
/cea/fga/fga/cea/dd/dd/aea/cea/aea/
/cea/fga/fga/cea/dd/dd/dd/cea/g/fga/
/cea/fga/fga/cea/dd/dd/g/aea/
/cea/fga/fga/cea/dd/fga/dd/cea/cea/aea/dd/
/cea/fga/fga/cea/dd/fga/dd/cea/cea/aea/fga/
/cea/fga/fga/cea/dd/g/
/cea/fga/fga/cea/fga/dd/
/cea/fga/fga/cea/g/cea/aea/
/cea/fga/fga/cea/g/cea/fga/dd/
/cea/fga/fga/cea/g/g/g/cea/
/cea/fga/fga/dd/aea/
/cea/fga/fga/dd/cea/
/cea/fga/fga/dd/fga/
/cea/fga/fga/g/cea/
/cea/fga/fga/g/g/cea/
/cea/fga/fga/g/g/fga/aea/
/cea/g/