6201438
6201438
6201438
6201438
6201438
6201438
6201438
6201438
6201438
6201438
6287121
6287121
6287121
6287121
6287121
6287121
6287121
6287121
6287121
6287121
6287121
6287121
6287121
6287121
6287121
6287121
6287121
6287121
6287121
6287121
6287121
6287121
6287121
6287121
6287121
6201438
6201438
6201438
6201438
6201438
6201438
6201438
6201438
6201438
6201438
6201438
6201438
6201438
6201438
6201438
6201438
6201438
6201438
6201438
6201438
6201438
6201438
6201438
6201438
6201438
6201438
6201438
9054824
9054824
9054824
9054824
9054824
9054824
9054824
9054824
9054824
9054824
9054824
9054824
9054824
9054824
9054824
9054824
9054824
9054824
9054824
9054824
9054824
9054824
9054824
9054824
9054824
9054824
9054824
9054824
9054824
9054824
9054824
9054824
9054824
9054824
9054824
9054824
9054824
9054824
9054824
9054824
9054824
9054824
9054824
9054824
9054824
9054824
9054824
9054824
9054824
9054824
9054824
9054824
9054824
9054824
9054824
9054824
9054824
9054824
9054824
9054824
9054824
9054824
9054824
9054824
9054824
9054824
9054824
9054824
9054824
9054824
9054824
9054824
7062407
7062407
7062407
7062407
7062407
7062407
7062407
7062407
7062407
7062407
7062407
7062407
7062407
7062407
7062407
7062407
7062407
7062407
7062407
7062407
7062407
7062407
7062407
7062407
7062407
7062407
7062407
7062407
7062407
7062407
7062407
7062407
7062407
7062407
7062407
7062407
7062407
7062407
7062407
7062407
7062407
7062407
7062407
7062407
7062407
7062407
7062407
7062407
7062407
7062407
7062407
7062407
7062407
7062407
7062407
7062407
7062407
7062407
7062407
7062407
7062407
7062407
7062407
7062407
7062407
7062407
7062407
7062407
7062407
7062407
7062407
8024040
8024040
8024040
8024040
8024040
8024040
8024040
8024040
8024040
8024040
8024040
8024040
8024040
8024040
8024040
8024040
8024040
8024040
8024040
8024040
8024040
8024040
8024040
8024040
8024040
8024040
8024040
8024040
8024040
8024040
8024040
8024040
8024040
8024040
8024040
8024040
8024040
8024040
8024040
8024040
8024040
8024040
8024040
8024040
8024040
8024040
8931990
8931990
8931990
8931990
5717379
5717379
5717379
5717379
5717379
5717379
5717379
5717379
5717379
5717379
5717379
5717379
5776874
5776874
5776874
5776874
5776874
5776874
5776874
5776874
5776874
5776874
5776874
5776874
5776874
5776874
5776874
5776874
5776874
5776874
5776874
5776874
5776874
5776874
5776874
5776874
5776874
5776874
5776874
5776874
5776874
5776874
5776874
5776874
5776874
5776874
5816298
5816298
5816298
5816298
5816298
5816298
5816298
5816298
5816298
5816298
5816298
5717379
5717379
5717379
5717379
5717379
5717379
5717379
5717379
5717379
5717379
5717379
5717379
5717379
5717379
5717379
5717379
5717379
5717379
5717379
5717379
5717379
6053932
6053932
6053932
6053932
6053932
6053932
6053932
6053932
6053932
6053932
6053932
6594197
6594197
6594197
6594197
6594197
6594197
6594197
6594197
6594197
6594197
6594197
8097583
8097583
8097583
8097583
8097583
8097583
8097583
8097583
8097583
8097583
8097583
8097583
8097583
8097583
8097583
8097583
8097583
8097583
8097583
8097583
8097583
8097583
8097583
8097583
8097583
8097583
8097583
8097583
8097583
8097583
8097583
8097583
8097583
8097583
8097583
8097583
8097583
8097583
8097583
8097583
8097583
8097583
8097583
8097583
8097583
8097583
8097583
8097583
8097583
8097583
8097583
8097583
8097583
8097583
8097583
8097583
8097583
8097583
8097583
8097583
8097583
8097583
8097583
8097583
8097583
8097583
8097583
8097583
8097583
8097583
8097583
8097583
7362162
7362162
7362162
7362162
7362162
7362162
7362162
7362162
7362162
7362162
7362162
7362162
7362162
7362162
7362162
7362162
7362162
7362162
7362162
7362162
7362162
7362162
7362162
7362162
7362162
7362162
7362162
7362162
7362162
7362162
7362162
7362162
7362162
7362162
7362162
7362162
7362162
7362162
7362162
7362162
7362162
7362162
7362162
7362162
7362162
7362162
7362162
7362162
7362162
7362162
7362162
7362162
7362162
7362162
7362162
7362162
7362162
7362162
7362162
7362162
7362162
7362162
7362162
7362162
7362162
7362162
7362162
7362162
7362162
7362162
7362162
7362162
7362162
