1000
75
67
67
-75
-13
-8
-22
27
57
30
-63
-59
66
74
-27
-35
76
13
-14
5
-60
-1
80
70
-74
-46
-69
64
0
25
-67
74
-89
45
-78
58
12
10
70
-7
34
71
50
47
-16
38
33
-72
70
-10
-33
-55
48
-82
-78
45
-79
54
5
34
-26
43
-45
99
-23
-84
88
-4
-3
9
-68
76
47
78
53
67
-43
-96
99
95
38
69
98
10
53
79
97
21
-62
36
-28
-76
66
40
-6
-11
31
73
-90
83
56
8
-9
-51
45
77
-35
90
48
-25
-92
-86
38
-11
-69
87
-90
-20
-8
31
95
53
-90
31
30
-6
-50
39
-27
72
-84
10
1
55
-79
-48
44
-31
-43
13
-11
-17
79
39
20
93
78
34
1
36
-93
-39
-78
-12
-55
-97
-63
-30
97
-84
85
7
-66
40
-27
41
-44
59
71
-9
-32
-76
-25
99
11
-55
78
-56
-10
27
66
-42
29
41
41
76
-15
43
61
70
8
-76
18
1
14
-7
-62
46
-5
45
72
44
-40
17
-60
-49
44
-13
-53
-85
-25
-52
32
-62
42
-31
-26
17
-95
32
65
-86
-33
87
5
87
16
62
45
-8
56
-82
68
-16
9
99
-100
-68
4
-48
17
5
17
-15
65
1
-99
14
-36
25
-22
79
85
86
32
-44
-37
37
62
9
50
-65
49
-38
38
66
-48
11
37
-74
-8
27
-10
-15
-78
-34
46
19
74
-38
29
-92
-53
-7
-48
94
26
-60
79
81
-19
-30
-91
-89
-42
60
-79
98
-16
86
54
0
-76
-71
-99
100
-7
87
23
11
-88
-93
21
-10
49
31
-71
33
-11
41
82
90
88
-31
88
-90
60
-16
53
-9
-5
31
-8
80
-76
-45
-86
-60
-26
-39
15
-6
-34
-35
-62
-88
-27
-38
-54
-88
37
85
-100
31
47
63
28
-37
82
-40
-15
-41
45
-36
-35
5
-18
71
94
100
64
57
65
-63
3
-80
55
9
-55
84
-8
-6
71
52
28
-17
31
1
-22
-8
19
-74
70
-39
47
61
-4
-75
-10
55
-94
45
7
-37
25
0
22
-38
91
-61
35
54
93
51
-68
58
-28
-69
89
12
70
83
-2
52
-35
-69
60
-36
13
33
-78
-66
-99
-96
-61
79
46
-9
-13
90
-58
65
59
-68
71
-63
-83
14
-47
87
9
28
39
99
89
76
25
91
-49
-82
54
-85
28
34
62
-78
93
-21
30
-70
19
-52
44
100
-88
-73
-11
-53
-93
-43
-91
60
22
32
73
-57
-75
-34
91
-47
42
42
-13
-16
100
14
68
-39
-79
-68
24
-28
4
19
90
-42
5
-87
-8
-59
57
22
23
16
95
-62
37
-62
-80
-6
1
-92
-61
27
-45
-25
26
35
89
-17
-3
-71
-41
53
0
95
56
-16
39
48
-11
-60
-73
97
14
38
-78
88
-22
19
-20
-17
-54
-56
-50
-5
72
45
-17
-5
-19
-89
36
-25
91
75
85
-7
59
88
74
80
44
57
-57
60
68
13
-25
85
-44
-6
-95
24
-61
-32
-28
-100
-72
64
27
-21
-75
-80
-29
-5
88
68
-86
-90
-57
-74
-62
-42
70
-38
-100
-63
0
-5
51
-96
76
-100
100
65
61
-47
52
-77
42
-75
3
58
-18
-42
-80
62
-19
77
-96
92
-22
-92
-14
-16
89
68
79
-93
-53
-26
-58
-76
-99
45
54
-67
54
37
-73
-7
56
-1
17
-25
-73
-27
-7
18
-24
64
-47
-19
-16
76
-3
-32
3
-67
-73
70
-33
14
-86
-6
31
-3
7
-43
-61
89
60
12
-14
-2
-45
-77
96
-33
-13
-39
37
78
-57
-95
-24
-7
40
-1
66
-28
67
-69
-93
-81
13
-17
-40
-37
59
81
-79
50
21
-20
-25
-63
27
4
-45
45
36
-62
83
57
-95
73
-76
23
-21
-85
-41
-25
-37
31
0
78
63
-64
92
17
-39
10
55
-41
-52
55
-66
-73
-82
-1
71
19
79
6
31
-4
-60
51
23
-33
-83
85
-92
42
98
-66
-20
28
13
80
-41
96
80
-93
86
40
89
-84
32
-3
-57
-77
81
59
-8
-26
48
1
-34
-26
-93
91
45
-89
-67
-74
-31
-86
46
79
72
-99
75
60
-62
-48
-68
44
-14
-20
-29
-79
97
87
-36
92
-31
5
-8
2
59
-92
-12
93
-48
2
-78
39
29
-83
-64
-6
52
-100
-89
-5
48
9
-52
99
59
-48
38
15
75
-55
99
-68
84
-8
-69
14
-100
99
72
-18
18
-16
29
5
-8
11
77
-1
-42
-10
36
-82
-29
-92
16
31
48
23
-28
-99
98
59
82
-11
-56
22
-72
62
37
-98
-55
-94
35
-43
-66
-69
-61
-82
12
99
-18
-5
-90
36
-26
-66
76
32
-67
-65
40
-1
20
32
79
-35
91
9
-60
11
-26
-94
68
53
-14
40
-80
-38
3
-4
-32
-96
37
98
-95
33
-95
42
36
47
-95
5
15
-86
81
55
-21
44
-95
97
-99
-23
-54
-3
67
-25
69
74
-78
-65
68
-9
-92
6
-77
69
57
10
97
-26
39
-23
-85
17
-93
-92
77
32
-21
86
3
30
-37
-98
-21
-14
42
-54
-63
20
60
-4
-45
54
-78
95
-78
83
-93
8
-5
35
