1768633
3499143
2699228
2278934
2073554
2663478
742549
2370479
1254780
2121410
2137335
1274230
619362
2199703
4148477
100818
3520795
8934480
470530
5170351
384759
5212662
8974511
255034
6076609
4040177
4610409
1386029
3674591
3617858
1040439
2281504
3053200
5016983
2071926
1220198
6097
2602445
947375
1802866
508096
4589872
4279958
3004432
1198338
14333
1679992
742571
2102222
898839
2256205
2145474
109006
81158
4193213
2809637
4622968
2903588
536279
3352371
2489575
815935
2782749
1723529
1343718
1923088
2901298
278956
1997214
1129343
576392
5085640
2243546
710064
602617
2522444
1725195
101963
126115
4105229
1524255
3134857
1168228
492688
2297524
2694384
3594097
3605793
852179
222244
2325096
2598665
6211297
1777925
4660817
1675698
2274975
2753135
1125976
749221
6127638
434247
2917393
1316494
272169
69754
4477851
2940781
3204409
1727246
4028195
1602801
3296216
5740580
9291757
5268463
1104992
1190364
777640
873396
4107420
5826820
2582266
682104
801991
3270354
3993908
8350049
1187109
629254
3148605
1562325
140126
488225
3281390
1244876
2345445
2038806
344852
5109484
3581449
385917
8808043
498457
1033944
252675
35429
5064642
2857436
3802450
471427
1741324
271929
3551070
1069520
3471037
1660915
2618953
941515
537515
3783495
68745
462148
2619607
6868031
678491
2348300
2607440
484310
617831
2565118
2722557
4878834
739700
2764883
3465776
1083341
98688
114859
1651181
3968047
2135753
6170590
1306976
2033766
4223282
2658183
3165982
601834
4965619
3470822
489815
4261949
4104594
1515932
3594746
1558228
3047048
7417683
630961
4418577
581915
590361
1157158
544515
973898
2282662
2670281
5716465
549468
4341999
936104
4196161
2139491
942856
3398836
4927742
1015361
3234397
6498271
4865180
5753605
2831932
3435466
3076057
1719608
1958211
201531
1264884
682088
956309
1145518
2277446
3358329
1978034
7507665
3225294
3765968
556028
1140947
2878987
6393916
3545888
128444
5911957
3664704
1523146
103871
3649815
4638939
1236878
1592286
135253
3449150
2088055
1145553
837242
2653811
4600830
1077298
500453
3137976
766095
2136853
2651974
2797247
365474
3671167
3159017
644124
7640185
1913471
2366266
1606169
3091358
2356193
3555251
4214890
1099228
43244
2938441
31036
45525
2419863
2387017
5767706
2628288
3850346
298424
2032772
2245128
4879658
2856888
2531196
3295720
6322062
720217
1369065
4014502
890644
628676
127045
1272164
598509
3001080
7026009
2026801
3315251
34938
1154696
3763498
1518986
1754619
1227932
2655509
4082015
1055338
4000753
2182044
7809784
5854510
1122251
6676657
4827720
651022
2915413
1955526
169812
345102
3108664
3552771
4092190
1603960
742511
494406
3070757
612152
3584753
529346
1194105
2409840
964927
1050693
1716431
6691834
87129
552544
2713448
4284804
7508049
2334090
2002294
447481
5659482
5863740
1049681
1325032
183868
814554
649434
2720733
74731
2183353
3163374
1821879
1159675
4310894
2214601
177274
1470574
2524125
1374967
992239
2585665
576933
3583179
1933499
1250866
6610391
1171142
7180998
341611
2629557
511843
1446341
76982
2486512
3130974
900321
1171724
671414
2097264
366946
2574814
3272918
6757198
1414100
89314
1285199
2785878
2207613
825560
420575
738219
3067473
4831497
3443038
3822471
3574323
612553
565145
1120891
2904110
2371459
54006
6014104
292129
4985694
1459066
3160807
5891807
5989664
5325622
782624
4912929
2622873
6565763
617536
1835892
544510
5230930
1154558
3296135
11612
2067012
1693204
2092743
224666
974202
2113417
1893190
750814
482777
3007254
1505526
659022
49341
919974
2995327
1032998
1007662
733804
29872
807273
620619
1154309
5330858
4200643
1228509
2836353
5088405
356836
1804845
442595
1662756
2803840
388138
528815
2948751
1352613
3057529
5356439
95841
1053199
892855
1809219
2712633
414378
3149520
1513551
1622397
434739
934663
2541649
383592
1572198
6054911
163873
731912
1223843
5748385
5709139
245651
45201
2327356
3848984
290975
1037898
1109459
2228214
2899549
887651
2809421
985650
4465753
25695
1773995
1153764
4098601
3463342
578322
5716694
4617580
536491
467289
2548049
648824
2369309
7308979
1605145
1326658
2645128
5823002
684601
803634
4653495
2074374
1195340
210500
4328173
1073405
5007249
1632842
2478652
540551
5603813
3702416
1505143
4395409
4331382
1279541
3926367
3421179
730781
1987852
1780107
272914
2858113
255631
2787792
6021636
5138426
5188684
2160564
501725
3957983
214393
466343
3795663
1060813
6685378
4506133
70987
7008952
800115
4602076
7525068
670680
2568579
5866812
845412
118530
4291133
2106703
2361352
3586055
1463988
6658853
448672
1372268
2095842
3012387
2021929
3243123
1701953
988191
5426942
1958738
6356519
41112
3356053
1098231
654055
2307751
983130
3266749
447521
3735637
1373011
4967567
142134
4563624
1463041
921341
904601
3697598
3153547
747757
3160014
2376833
667918
644885
740548
451639
4706836
3173217
4346558
549799
3882508
4685114
118135
4685854
4087535
530134
3258127
4963382
6488459
18656
4198226
1336416
5528723
802287
2653468
6309568
1990531
3278058
1800667
4497977
374913
1236705
22743
3853960
1911711
2265778
1023982
3512624
2468431
4979498
6864400
6093933
2217856
2460430
5174630
4701354
2429098
1360744
4649109
519659
4400147
1904706
1690742
3328689
2398162
855311
591994
968847
2842499
6771703
1164299
1684164
3634738
1787297
2888737
3117122
1637014
2488554
5183519
1378134
3739845
35923
2081248
1071425
4065565
1251673
5461585
1001505
8065139
1552043
116896
2109652
2825848
7365281
12682
116351
601699
1243067
1037048
3746824
2274744
6660366
3233385
3574124
246394
7142184
864806
563948
3125905
636409
4682644
2875033
4471487
4777604
5853794
5911822
4229425
4099520
377932
762049
1485411
1040801
1226053
6670714
150333
2911077
2221606
2718965
7692450
2555824
1912445
5165890
4058693
2620199
2985625
4580723
1309512
1270082
1947621
1496158
1746253
4601151
83491
1969211
5122056
559986
2400506
147196
2472500
4398999
5115668
4051548
7592483
1819195
1420741
5767157
5424095
2966112
3678851
5155447
4490084
3754241
2095356
886238
2360830
381697
6511182
8087236
1109152
1229223
1761142
4648004
60046
3157551
979612
2731277
616678
1291062
156666
2185690
3276488
147211
49226
1852908
1275207
1733946
4233051
967704
2299314
2421106
542477
355727
1102643
6620789
623601
846633
2071305
3622162
299855
1532250
2217955
476625
8803959
840005
733783
41228
3742069
2580981
2022721
129469
2491212
69504
65314
3966963
1896582
1504799
2363444
181044
3040355
771634
2491720
2021116
1743993
2749005
4255546
2373998
1161687
7990087
3893140
5432260
3482328
1631732
134388
831839
253908
4625686
3777440
5147877
3189712
1130529
2489202
2076686
535945
309477
3096049
3525938
3217765
318143
1377462
4476611
3214215
253775
2342087
1201234
2815530
5564925
3233484
2950868
5701626
1795240
1428813
1264700
1518444
3367186
238437
5850030
798935
1214044
360288
5690839
3034389
6629866
4557525
208048
6416068
1863983
1443591
1905747
695570
2408247
905814
1090468
4589990
88219
2722685
2123756
1265444
2001641
4348610
480127
3245762
811838
1435233
3755070
5464356
5548
511060
1725199
235991
2624452
3874569
3208346
17485
4998256
1561705
1775365
1907546
3172703
3013995
413171
4447743
54050
227500
2140534
3755397
2635929
2640675
831396
2281796
811015
1523979
7595229
2555711
1980421
3727920
125588
6908769
218771
1095161
331793
1162695
5173591
5528468
243196
2645228
2894103
2575964
1076329
788225
1014373
978784
5528888
601618
1545912
1052667
2781051
3347619
4177749
1714494
1619548
3509162
3043384
2974959
867608
1059739
210439
7147079
294395
1761180
329458
15414
6678181
661358
5315224
4368882
197144
4591146
4618207
622944
2408718
5663488
364057
2708294
2261427
908189
823543
4314214
4117740
1817515
3139271
412800
6116329
4252087
2151355
6512456
4950629
4773893
1422264
3170556
693533
1840045
221609
2184651
2173403
398782
537957
529681
1523140
3036852
3607437
4772360
1914954
6882628
3318024
4545742
3081347
4667857
769797
2661978
3401772
30855
6664549
3040507
4710546
1330854
7556409
91758
3442153
2777873
2013700
465285
1098373
4182775
3507364
741723
4800800
2139566
5067341
178790
157120
6222571
2195629
257784
1970128
1006424
194151
1166520
6054816
2556265
1023769
67189
1818648
51335
3058416
31855
445984
4088438
2825441
2888193
429359
4986657
1402792
1569574
262716
2406797
3573243
3066354
3788459
3494534
1440916
3352543
1544030
72510
3786366
1242613
2104188
1660887
2494942
1829353
4014228
1920962
4985895
1056415
3537547
2309423
3061618
7227568
658841
579467
283860
2626279
2379821
756638
1344478
6659371
2169479
4184627
125546
2084877
3906681
7121009
1087259
7548321
5297314
1365400
839129
730090
2100534
450450
2830908
2660877
1125381
1319096
2246257
275669
2203433
3649891
265798
515213
3338331
295772
1141737
1987059
1564861
2312690
4213907
471194
2958799
2613242
4495409
903698
973509
3278926
3032474
5838457
258286
1747146
813447
2359596
6779668
5950271
6726290
635851
1465248
1222546
834706
1010185
897424
237895
1232284
3077119
7869451
2385934
1930266
3726171
731475
351991
909015
1794432
3598964
889338
849990
4965532
3487990
1303475
2913143
857174
2403751
1942350
5556212
3056023
820892
5331427
577347
2491885
2942574
5850178
156959
1382664
843209
952133
5937585
347234
5165753
6157975
1250114
5548320
3030168
1338992
60032
659675
2408934
3688121
3911677
5901276
2725336
1404910
341359
1601933
5057599
4077538
196901
3658707
2953709
4230033
50923
654003
2393647
4221681
880429
2666023
1649856
2572011
104448
668123
4250867
226947
1425554
4122115
162207
1581521
1212530
434524
3686280
4096196
192803
3163343
898816
5976978
2439448
366214
4116946
1704046
2532462
256431
5378318
3307936
6212193
650540
5532335
876019
1274542
1993085
834473
477282
535958
1073601
549092
3494822
3456722
200985
3878510
1632310
2550948
3272821
2123023
6703052
2384959
1554855
4352924
3184264
2254725
2476866
1110567
1421110
111640
2517764
6204166
3241947
2947890
842925
999815
277026
262769
1332479
5397342
2066002
6843132
4947970
2283496
2686567
1331197
1043051
5311686
1235279
3791981
2398684
89873
402228
3371272
469897
1895422
3107697
407247
804317
4193161
5786596
3289789
1041730
718950
167759
3193130
1383110
815616
3968012
1893113
5587861
3232328
4153420
3518821
5325420
1600260
1059874
2737996
514013
850581
567914
280128
4446788
438349
52312
3196883
2946306
1746634
1059015
3839861
4175614
608018
373654
4389140
3429714
1105015
72199
28963
4723302
1322533
2419540
290486
265775
5963524
3876028
3748206
2507696
4435564
3629314
3656623
2300005
3130261
2714109
4036458
400596
2019270
595801
3796778
7411736
975036
453292
3824644
1074013
224941
795361
1402677
3210044
3388249
2313303
2163839
1551056
719325
3421520
629979
1410493
2247730
1165891
867847
147903
526172
1590094
4162820
2884277
7690634
4033470
6040416
822461
569771
3773002
3771012
145397
1794864
1468312
3937237
1818284
6500757
1598616
1848048
2576672
1293016
6939215
2595976
1555865
2366224
894124
2587077
494077
140311
2539532
2428765
1643780
1207425
2684175
2515588
298545
1062503
898729
990757
722785
1276328
4205745
5388818
1595964
198094
1257572
909153
2461294
2102109
2902050
1709913
811225
4308657
7221332
1323293
1898127
2686715
4302481
1857412
2518585
1362841
721294
3418898
1901001
34621
2256615
2995104
1842503
2018016
1935644
3365835
934022
2508574
904736
451584
2398904
2158723
784171
7117318
4223977
1297537
4796888
4180125
5180319
3093358
5738670
1644800
147988
279845
427662
5773654
9196191
2418309
8825424
2078961
3487200
3169148
3963489
2657143
5158976
2516440
4145146
4910490
318306
5397577
1717439
777511
279211
1445362
953097
507645
35609
6560923
539212
1605689
271547
1460084
557396
718701
200942
2821269
75621
5967152
691823
4598611
988613
3843713
6115984
2886506
1371043
3425975
4257455
111158
721621
4760293
3491665
1297367
385758
5181534
3765010
6364038
2071605
3528077
6523409
136388
2894243
234418
21087
5166474
4066659
106714
2089844
703294
4315211
1116251
2349994
2350094
1129028
992023
5931833
4507401
2133415
1475838
15039
969215
2746630
2035886
1810627
124962
252899
8280736
2738780
3836888
904108
1065846
3527244
2278086
1195915
159210
4862206
4340476
982916
663093
1496924
766089
4251851
2209337
1539972
3167362
3628187
3291159
3022730
2051398
35064
5131017
926180
4871840
4891733
1849744
1687993
3678246
2860803
264164
4445402
1700413
4597648
5166898
6613530
5170464
6224800
2278650
5194122
2698669
4932531
910517
1682967
734649
919564
3077345
2404559
914574
546759
941434
7004952
1786780
703715
2944969
1014312
2773889
2543391
4207235
1508641
567547
2646564
956583
2457600
426999
3613260
4312295
7744872
1528705
4544292
1034734
3491030
7727456
5603044
2157557
3557318
2444802
1495552
1602653
4224645
1805255
6121257
2513651
513001
656520
2084089
100686
4194889
92285
6295351
2603469
1279680
2364022
1276180
810241
348768
1692443
1284470
1469132
6462077
3400746
4902502
780860
270567
3166202
112017
4208691
1572989
1904074
3475879
216283
170660
2305027
4733661
6469211
758471
248812
155475
6221047
6424752
198387
2033011
1493584
3453669
1912096
1278812
836819
2187483
3481267
4683421
238179
8298905
1448285
3607605
526085
5456230
6830155
2119949
1172009
267799
283174
230117
447307
3922455
348603
3823458
1547894
2051554
1468428
1684871
713280
2038790
6010162
2436419
1043125
756353
7176196
2142122
6616785
246063
4477992
117844
562936
399099
1520592
5337145
1372854
1116681
53142
2445606
3988795
559659
1335762
564715
484049
5728390
25831
2922405
294073
2382847
760296
897767
72407
728484
6208970
217411
2587262
1011589
2552094
3857415
735474
1998151
2122446
2536415
102774
3868207
4516379
58171
1996111
921900
35348
1650885
3686060
322960
1376087
1252068
2578530
3861556
2721531
2582466
2294854
1837869
471614
3334030
7495787
15125
2156690
1543920
4443133
2718285
900787
275823
49059
3614403
1084638
1443527
834057
3677320
4641127
1810930
5213907
586831
4695896
1072342
4556153
655446
627500
754340
3075121
1593706
1716535
4232889
1343822
595293
1101402
5570525
823287
284771
1099040
2821373
5014016
1291618
1684355
1096747
5318337
959537
348086
520662
2369780
6229068
750275
4999311
3409056
3014951
921480
1717716
3312377
652860
1666761
7530561
1299385
1011437
510121
2351358
2250781
807028
1504767
1073461
3358299
2378595
2574292
2460338
100277
1252207
785844
732322
2732066
4413803
723357
1623784
8226236
298830
1217715
2074750
828838
898962
2658379
1390276
502889
543044
3238313
2460964
5088313
3372101
4356238
1157876
410442
3872529
1410148
2640278
6024671
2638495
2792750
2618609
7626339
1235031
6058579
2499452
4483516
2870435
4213988
1677582
1243577
421470
2623834
3455814
618698
6774128
966675
3698624
5188685
2067059
8349625
371533
3857429
6531040
44238
1626967
960317
2908303
88067
2093154
493261
1031421
5651334
426383
4897252
74269
3727291
2333532
2651193
3686390
1528852
3054692
999588
539528
720827
3835864
3290747
2617166
5421388
2807197
514136
500177
6386654
2558123
5015332
431686
419322
577750
2606564
1194903
1001295
144156
1072241
2098674
3899439
2859582
948366
2310296
100148
4168300
5035489
2291042
2162371
5294909
3356426
16071
2628909
3576137
4389550
2828225
1828139
6344804
3727282
4798991
4468590
7667346
3534113
3413637
1809679
2144519
2618740
5534547
3285515
334155
3794713
1830566
3908116
1502031
1415112
184913
1672487
2725206
4409593
27404
3707632
292780
1249975
107375
1334687
7536129
3198645
2635459
7375913
1945747
1016673
7064106
4688754
641457
337081
239878
1848952
3861735
1745225
697567
1295749
1054297
2657662
6443677
1921763
3675860
803204
2396896
627256
2314939
1599664
2176823
8589429
3409645
4212341
5743264
3760871
4055835
2771007
1280300
7383474
4275954
4122749
2346497
125642
1324195
1216582
149793
5643934
2534323
1517157
747453
459908
31438
3027291
63189
5523908
6893623
1157566
2317618
230497
3062049
2096500
2651119
767615
4127669
1079598
259473
6433825
2086412
1576839
4834710
1007629
2204375
4025791
2406004
3603585
3929178
52128
1319697
815479
4063682
1173447
5225681
2885546
5128237
3597494
1460426
3561238
640107
1057220
985223
1639666
6242555
2450106
1973275
2448929
2245077
97202
1103658
242757
1345267
626024
2520603
1652293
230748
2440456
5980733
239791
5263255
1937008
4096409
8077238
3200745
1108336
976463
325870
4585916
3965201
1051577
3709808
3984548
2340152
4345584
319155
2906420
5775843
5165069
1976866
5116707
699316
309671
2849660
883286
7099724
5341004
35038
3121203
6026371
4263514
5032757
5209446
3082120
213203
2851681
1365213
306538
3045308
114740
4316649
4814479
1234421
1221807
2840093
343283
1295613
671069
3295944
6118666
2612548
2389304
2699774
85988
3469020
1925406
409464
3148894
31253
6923425
1989300
3048042
2575592
5260276
704614
836197
1959613
4733556
1046892
184102
1607950
3668222
7229197
2542608
4842338
39667
2995061
2806561
6089954
1126088
1854186
4058386
3557295
426318
2658903
5270729
2773449
6910865
464080
995168
212180
2880090
27213
1306965
5991408
2977022
2644208
1501572
4092129
2360064
1595393
371254
7970154
1316037
464855
1921317
6705003
1428892
1815866
2676261
403756
455294
1414873
2837587
2590787
4540877
1517854
1190876
626773
2519150
5058681
2833698
6691915
599861
5385498
1045937
119030
4817445
692261
7306468
486103
1255851
4582135
2470339
2886038
6531154
677060
648117
1803884
3782096
7385670
1451621
2953837
5669283
307245
3350876
1170771
4735431
5146073
700396
2620150
7917204
8589529
4981814
7913069
2461129
932782
3821740
1058806
4079719
410895
1369618
2110001
1074792
341258
2027283
2472972
4402755
189201
2229057
624069
1619601
1081275
12405
912545
3937401
1307665
468166
1539285
104521
4110408
826888
570950
983718
673821
3496436
2010770
1093486
201241
516339
1418586
3661185
1593130
5506368
3046311
1666422
3383620
501615
497870
1972724
3523969
4232037
2473472
1062840
2407455
721725
1294716
6831601
4351636
1577198
3104604
590197
1882372
679978
60685
4959246
3417546
403138
2422770
3854195
643952
390528
1131651
4270070
5519802
4371945
5070238
2771441
144027
2577242
4132883
2664433
54639
672538
4483705
2021561
484987
3278571
5809543
687641
768927
2610423
8754908
1498447
3898993
7472543
3535705
36986
680007
1185739
3095170
1248628
5489981
2431245
3120133
1914345
3410313
3223942
3685582
1750953
8855586
3315594
89503
1149027
305674
2784140
83269
3798865
2068132
1014438
4306258
7188311
271177
1176696
1239226
3030210
1287007
1885098
3092871
1605970
3283888
350246
3670647
1274982
4112246
239706
1625886
264369
1375799
1239166
1341328
863683
3259975
5850810
3872818
1613305
1481932
1652232
1555425
988603
1202155
3814938
482958
1259083
7487933
7392655
1426170
3183882
2210256
5694579
2153680
940204
1967973
1687010
3053017
5752316
1488321
1183578
766482
6023006
7002224
6231062
3778848
1926233
782704
2227382
3782462
884716
6460294
2615676
6435512
86442
1236255
2239723
1533550
3820381
3707749
140533
568916
2467564
2289388
2843866
438387
1605881
3087535
1809690
1353349
4890267
2291817
6996219
6380441
1125985
1396533
2801848
1586468
797643
1196822
3535885
589026
1524155
2306144
2226791
1695401
2462438
1958556
1598352
3178393
3651635
279832
217300
1186109
924799
1740128
1089648
2701617
574826
5342399
1834722
620410
1329169
1506879
161362
2048334
1827576
547993
6175827
1876707
471066
198406
4267417
8204972
2140857
4919124
1231842
4839127
999140
1967528
6922016
1206714
1031844
561537
1825662
2580176
1510740
3160771
7905072
1287027
304141
3558834
5654309
1772442
2419733
7019163
758814
1764036
312524
4815789
1438066
635669
3245836
17051
2636425
2844270
1383455
4807231
808641
1728560
334210
910008
932156
1674
890311
310124
2303226
476693
242744
2902451
1170468
303794
72806
3931556
1034717
2879193
228316
2584610
2983270
710888
5270318
1148092
513480
1495512
926306
5100855
386270
1252792
492161
1496418
3164062
7455374
783615
4974651
1311134
2068369
4845033
3284670
585128
763058
1022163
5411081
561153
2587189
2485382
1290889
6514623
955903
1626775
8244957
86850
487410
6133611
2548163
88205
5044671
324063
2582095
706808
3420869
1927375
1166492
7225893
7529287
4267520
2241553
1366167
2358063
2624935
1960324
1843737
2088625
2478245
1152311
3582334
219389
797971
18525
2782721
8080162
1880457
2010552
2640917
322838
679236
3921009
1881602
424298
2273621
4597112
400142
257151
215284
6054519
3840964
4525733
788723
223046
3555039
2115555
53824
961380
1662471
466946
74925
483300
5715604
5717763
1471356
469735
565865
433927
4474548
6201907
3783697
3049680
4130603
2154420
2327062
7439687
6522166
86434
741740
1871618
567473
1072877
2862211
5414891
99698
2877021
4427869
1918750
1444987
3620679
78284
419296
1389852
582358
2454808
347776
2120996
231546
1443403
6980680
2876095
8479431
1489354
1042708
1909210
1102908
3048047
1701835
1553597
1805511
3695733
4455634
2680909
723695
3652616
776273
2029809
953988
2606988
2955806
5432528
5710794
610364
1001630
497677
1002476
64916
29411
1217759
2298608
166157
3927334
3930649
2608342
347811
3478999
3092869
5254699
157915
1589403
4248735
2571132
2348158
562479
1844274
1466646
1734888
636263
1346771
327351
504459
3008539
3273225
815692
2032379
746872
4155377
3286820
665782
4512662
380953
1241485
277945
2032722
163203
530416
1029993
879802
674085
137415
1876733
487469
4986886
411603
383642
1379835
5774874
6008411
2791383
4040868
450894
1343038
31115
5741130
1199784
1730587
460442
2401341
5730587
6110135
1281694
955649
334168
2076006
3824308
748998
2016800
219951
798982
3348981
990949
2363252
2913247
310254
3627742
3227238
3550188
3406034
7522974
1555251
2989151
2568536
2834994
5122153
66863
4042553
1789317
5961890
2066215
1527939
3995161
2523781
1076261
1487564
2752416
2534197
141900
7087389
2153270
3359197
2734191
5723965
1127022
1433647
6234767
338830
77528
6208213
2756517
5000095
1119036
1677691
597022
6204270
1387966
4530976
4161750
688241
8313885
4494761
649124
5293852
2077015
3665811
658262
614854
4093187
4704611
1773053
103999
5106704
3092259
1633885
551386
5292637
4894600
301587
2998442
1895762
3104663
4668007
2280635
566504
1860276
2279307
1790264
788787
5005292
3583292
3728583
4987176
659721
847214
5134309
315045
6250851
3879020
437100
636114
7404583
1116426
3411618
7096368
2626044
3454015
1781312
1779151
402527
246207
1270018
2227568
1653993
619019
207445
726922
2607882
4491922
3319812
4103678
1056614
1197893
1623448
4640743
604150
4383243
624202
4125357
784752
2748990
490978
1582840
4377935
2618714
3444994
3710889
4390637
2893469
3323875
476007
1104113
2485252
1307483
3010129
94001
1497705
3040876
5129216
3176172
4856184
2677316
4224333
3092381
1241586
2070092
181197
856047
382227
2055537
1188923
690817
2489227
6070854
2221645
1512463
3049695
1120980
636101
4080440
777489
2166404
1858415
5954334
4269467
639946
3537751
2989116
177406
872959
3758802
6491055
4828679
6452040
1028127
591165
16881
335867
1509239
2161270
768739
370933
6134603
2222877
1281471
499828
126667
314328
1026892
2774081
4831505
814315
3530029
4026236
1585741
2426561
6409533
586881
6052779
2198094
4202177
255505
2249138
695545
746778
1594932
6158813
3144050
6808006
4900198
6437121
2433059
2341487
3420475
36061
3809218
1676269
3761902
1461331
5794624
5141395
6995011
1789345
3131489
1573178
2619231
4809713
2818501
666673
2198861
746912
3166455
6330556
2698613
7498900
3408831
4632606
5869791
4222574
2251469
3922314
162810
1372269
6715509
6586663
638199
1427798
4035561
301987
6119245
2281214
7760049
1762600
3309313
790695
4482359
720680
876310
586500
1053575
2054938
347751
1768866
388196
2395611
7228795
4881650
1697963
2359560
7739111
110361
1030528
1196489
2335589
5859889
749237
2401047
1036935
824925
825846
2305385
4165457
823281
297624
710903
4455955
6523970
2430109
5097282
38439
3458286
3716215
944421
1157461
230189
312783
471689
1361090
60405
923715
2194300
2597894
4356217
1232952
885976
1237825
2656322
3697942
2823864
2389229
4728152
1564318
1783639
5297080
7708740
1352722
4001581
1383484
1124338
3387214
6326848
6409986
143391
815312
1696504
2227580
1735660
2023551
1392758
1900085
6782593
2728331
5376385
67221
1119330
1779362
912893
7479181
879389
2393160
2788
4926244
2032054
672645
4259078
2264687
2480829
5173962
948980
3078604
2060641
3838478
5243501
4996906
6404417
6096766
374416
4850021
1733973
2661130
516374
3847518
553973
933793
1323805
1435250
622786
2248672
102962
7095373
7393083
4964691
3005813
2751267
1902841
5874101
377447
1772828
1476193
124540
202044
128692
4556711
2453366
269046
166207
633219
8691303
407067
926706
1929228
1394747
1418265
2244362
4637230
999629
677476
952769
129765
1202671
4445417
6143407
4199752
2858600
707805
1056785
3957342
4112629
30126
1001470
1575361
370442
626443
1585019
717578
7069879
740384
1000073
2385165
551490
816317
5529272
1654919
4299626
2649637
3277713
2257696
2618575
4542554
3637820
226046
1497914
2195905
2041739
5397879
365385
2528325
598314
3325818
1360323
3943384
358917
14044
4311695
257728
4605649
4972501
726908
4740316
2701101
5138111
6700820
4142459
4090218
472964
2820751
373968
5350816
4721769
1868573
285680
2972016
1972528
3442799
6662595
2301505
2297845
996671
905483
792792
2262782
683228
3010623
1154570
3494210
5427293
4735737
17260
3495300
3712802
2962917
4379097
1562331
5344310
3992599
1133225
1390449
1809433
1621335
4457795
610980
222956
680107
299970
3342833
3050167
1399991
672421
4404123
1866387
4336379
598718
2889747
6263289
968482
438982
1698914
1913140
412125
1919404
4077198
216427
2633317
1042757
3697639
333879
1393631
5886849
1748553
2404667
4058
3518074
1480861
341520
1181321
1366917
1437331
3239525
5048756
2215872
2726804
16272
410439
995488
835562
1995227
1294902
2228705
786397
554575
6799772
5846268
4354646
865054
1999426
2065386
2419296
1350843
690000
2521634
137240
6207386
706418
3887278
2149831
354753
283483
321700
6212557
1110215
3410810
4080452
2578533
1849326
5036780
4480176
2880585
1531837
248929
7940526
422557
6801032
4556674
5760262
3371500
693109
3901715
3022127
4919192
3027018
1773221
3696288
2718452
623031
5283560
116711
1396208
3154101
2730434
2273007
1556086
2106618
1148422
6129662
1518685
904649
1027978
5319941
400550
4256863
1151372
1983698
637069
652300
4032929
1359204
676152
452512
5065187
2598702
2726979
901393
2637627
19694
5227961
2866826
1453419
2863278
541294
2260502
836457
241487
5967515
2009623
245053
800861
1364276
2057610
2121535
3209087
837935
1911409
80518
1014970
5482203
2192912
12428
322149
3447981
652664
1605944
257671
4089243
3548518
3007609
669497
5796485
1583951
1819985
1418064
603737
2379797
2373651
3139297
1018389
2887618
1155546
3108540
7559821
346552
2816252
3605935
2287681
1402981
242513
2805238
2800532
1406785
1018286
1467545
1440959
2180524
5284871
4923868
4642081
2309468
502958
964659
5168318
277140
920579
4319849
184559
2638655
252102
2689026
468817
307295
3945749
1440587
4534342
718527
2354660
4002611
1577932
1841831
628054
421649
248123
2144293
508468
822662
1568382
109344
149616
2254123
5485539
322901
553255
2274403
1373581
261626
3995980
4049548
1029964
743000
4373117
2293223
2640667
6057434
1522189
322938
3300112
8148198
1337177
2678396
2186710
4844098
2527405
1926562
3296675
831192
5365946
4103198
3910529
5835147
4864255
4008045
1117654
832100
5682136
2832183
2855992
2699308
3544412
2149205
261024
2315467
4207788
3682086
314604
3248538
7567812
6381099
727156
5311295
2886194
3467796
268603
4540277
2359039
7860308
4306617
854936
1338255
1535925
4563396
1408230
1014982
1134590
4054477
88336
342135
970582
2826516
1478648
1018219
1538584
2649641
329123
2319562
2205487
813583
2210262
8834325
4383793
434009
2588043
486021
226540
3240230
2530950
2302495
4736897
4234575
421712
644001
472458
1926049
2951041
1224798
979525
655766
2760504
4880492
1351260
6369136
1845971
1806915
1883720
586
1708375
1566696
5945976
186493
975789
1531729
1603849
3139291
2964340
263021
2333301
3365692
3538629
1691802
4046261
1394422
5006927
5124112
791569
4527985
7424299
1846582
5122949
2792707
3709592
4249633
3712190
4039594
2114710
2305629
1147436
2966118
3576599
340235
6122200
3090792
104646
2496048
535496
3278470
486114
101025
5681032
1301365
1006943
3037198
1620919
711154
7133998
860164
7122142
2559319
2743588
2982021
5283417
7138560
3092217
5239421
1049741
1862456
4684628
2361257
182491
4992634
3666905
136673
1518827
529050
959816
161490
2178362
3913386
2822005
1691762
5367665
4413392
3289050
4344523
2098203
4480968
5393277
2468304
5428569
551203
2951739
190098
647874
535414
8267116
444953
1989660
2115669
2482211
463200
1787907
4575349
1443144
2277246
1807929
2752144
1662894
3787732
1041179
3012045
3634868
245243
640416
3785339
4760157
15681
429880
4214743
104803
280122
1073455
5357956
102231
1424156
874784
2361377
599271
3339627
2953886
4626058
869405
4068273
381645
2724960
4143115
3390290
1373817
485808
1242490
184925
99785
4541550
1194898
372338
3930815
357138
3663401
2196486
4515329
1161373
1080667
3919971
592713
3188925
4106440
754881
1539214
7583586
2301787
1433741
134162
691500
5075246
747013
5508781
1437170
888785
2995907
1117748
385026
533865
227494
1395735
59169
658101
434919
3165098
1070350
5011938
342130
1749207
4881146
573406
551835
4271739
3860469
1343216
5230561
622005
356096
3779247
3824852
406468
1535250
1632815
597383
2534803
3029621
4870889
391661
2403960
4126699
2903529
3821945
321974
2488644
1016379
1315329
4337436
60658
420996
749342
633446
5889381
5259770
1898783
1895261
1523466
329923
942652
1018487
4086303
4201421
2547733
2321501
1439910
1701480
280199
817323
1274243
1534572
560198
2269335
2945774
6619500
2524477
2170156
3332422
2006454
66321
2551174
2650522
2101114
596349
3846207
2932717
1833040
6238630
1070946
4286587
4191449
1799308
411472
2229469
91547
6549951
1824381
4318321
5785280
3065278
4353721
251872
82503
6509295
6237185
1846523
1072695
4887401
2711594
2249659
3356794
1176316
5081273
2881946
260126
4171190
1080382
1772846
3345490
2297095
4024456
892940
6216991
170552
5046504
191444
450255
1370156
6519753
456914
3860181
762440
4070457
674742
3496939
301799
4867213
368681
2618778
2845703
3136833
161525
4177113
85409
1687109
1477251
1654892
3992235
1374216
3982751
2619298
2938091
362329
1118447
3277444
1016431
1559461
4341980
1855105
1724422
5974775
1567355
1474488
1351555
133130
49586
4980274
420131
455627
2452432
510103
6009558
1515619
3131727
2803059
72378
1703454
2944111
3613022
1596169
3327865
1541686
3376435
6591874
976726
1996499
957525
1876453
5166030
1201265
365864
4263111
4846662
777471
70461
1422008
1815885
323055
24823
3511296
1731524
1183927
2997175
1108064
5671310
2195432
13732
3089587
3723697
406782
808818
1270976
1959810
874632
5262785
591001
193870
429152
1874341
4527500
2054158
3652170
1658815
1247863
4554646
1159664
4164463
1041056
1439290
3204239
3170419
2671029
6686896
1738487
2678889
499018
9071301
2556153
2219461
685702
3561283
692591
1114055
430784
872781
2736749
1288096
5123602
178754
3951117
5926565
1152097
2319281
4511365
2604294
2429253
4789985
781925
2851495
719849
4844893
729957
4652718
2142608
2316904
1963247
3331398
498017
7386890
448752
341358
1039815
1153328
1809761
3533902
2364255
2121008
942859
2629184
2604201
4795613
3267449
2640382
1836463
3231626
1850939
537995
6100914
2439328
3180020
1640109
2827331
4528782
110229
3232282
2388555
331725
4971158
285845
4926152
3593860
9099078
3710058
2252108
1597945
3530053
153345
2419202
3123704
464089
894452
981025
3179675
1454262
4135627
92936
1457081
4154528
504093
210454
645987
542523
274144
2493517
2631331
5248721
2461884
6156674
4909166
272826
3143535
925566
4413518
5921642
1309603
1529863
1552465
189032
5634800
749064
6040782
3867567
7723156
1884231
4007790
6238823
2450048
557849
4828519
4360617
963404
2861844
1174971
828323
6564647
454971
1471638
6958319
1883240
1559931
1059930
238863
1759111
27629
1131749
2367797
4764392
2963193
4435690
318413
1350440
5975117
166319
690887
2110799
2726772
2913507
2260876
1023025
3550974
4987484
2712998
2122071
543793
1750466
193603
4502543
636353
729692
1459525
32103
6223677
4432195
6383383
3479817
1212732
182844
1363911
4377372
1862288
7444291
3477271
466561
1044674
2552832
880064
2267603
1594453
3914782
3251315
6416953
216592
4907897
1415698
2964178
382106
3489213
747788
672999
4478215
2647441
2296865
1680313
3571643
983966
2231591
89633
862031
28320
4301792
1579105
179293
629143
37877
1862036
4653796
346822
4579140
919239
135924
583543
24666
2577906
6580056
692964
756704
107157
3532550
1303800
3138029
7407201
4245972
2291624
5125805
2262722
3749740
2485253
7000389
2663617
6785290
3593339
1710460
4897558
308024
5716524
3888827
3711043
2426289
1935784
2681806
1144903
195484
4012211
111911
1246470
5660169
480744
3732382
1720482
558668
1830945
2977322
38818
4237454
1595332
316052
2002394
1637844
8471546
295609
2057314
2298756
4838148
2686729
3500333
5353510
4077727
2223957
2430828
2158294
1396468
3158526
1540617
5663422
1201784
1698476
2774741
3504437
4641970
4086023
2327344
2436297
2238479
3522491
5218514
3528238
801364
1897293
2339861
626134
2752561
299731
6782439
1922821
3879545
4539864
4379
718106
25727
837146
1558470
550541
7253935
1795615
1101930
616604
567398
4123026
4313541
4543704
1660409
6365972
1666941
569022
4346304
2198021
74027
2810763
3947772
1457046
2688774
1190386
1442478
683871
1817357
4485880
2209318
1934478
3652843
5723809
5712369
3213243
1130425
1390828
1850361
8167043
102448
1179658
1842726
900335
1090812
556189
2218029
740627
836770
813698
629692
4017114
2806392
2844347
1222989
1105156
2360277
2457931
1536819
3060898
4283688
1529975
3557620
624578
2858283
45811
499707
7090729
8833
2509831
3199632
1246389
5955356
3359772
3506971
254106
2520
2255820
3436999
2727103
645629
6685992
2560749
225631
2412102
4272649
461206
7146005
611696
5423522
7337099
1995516
1164491
486435
5573790
443903
182232
1632378
1381683
697587
103130
6079045
1827274
4667886
774205
422316
211965
2684901
3677000
5259829
2021086
349112
5195870
5680495
15745
3309315
1424330
1082407
1002767
1070905
2961132
3942208
3083950
308340
74093
422219
3405311
1177943
4177403
384506
2784126
1399869
3656274
3756670
4576948
1868229
124011
326670
3363373
581834
1704045
2754556
893062
2983467
3827677
615833
2641785
1931550
5287259
199817
1107073
1357421
4146866
5679500
4117855
2524098
535030
1605886
3387303
1345207
5148003
3199924
1212897
4474353
644652
953813
1607361
3487533
6009952
2194291
3232141
1396259
4483418
4834048
775857
259985
1077546
1764293
3942548
1127125
569796
1440063
192605
407651
3254928
1048366
125632
2901303
307198
4862596
196854
4287927
1412716
1148516
1686510
5242064
3649485
6394925
2439101
1059590
2140957
4610445
7879655
1099616
777223
4932070
3725040
933874
5303576
3015748
2810633
2920982
703818
1601892
6173846
4829403
2492084
2780539
4970560
2795151
1345879
1541677
545170
434643
3086173
2041256
2880245
2019394
652810
3066030
172443
4126142
3966140
5438148
524356
6454459
6677747
3107514
836518
4519510
732137
1474248
3163111
4394027
3384360
1108759
2225532
1844254
6643597
3521473
2746523
877406
1152986
5910612
4146909
1025314
1639344
571863
1965469
1394355
1444341
2380352
6360431
1358874
5064273
550375
3386936
1552618
2699507
631965
190114
2170267
143077
1526726
1797934
362092
1044386
972821
1612340
1364097
3050805
5379644
6099107
736082
1169272
238537
770478
430303
3641313
4081574
6620927
1378387
1239924
1161263
1514789
4949072
5125626
2571006
205483
3628022
3381005
1044960
2351577
2597472
4520534
3885425
3880758
3545611
424564
1424891
6255763
834591
3421734
164203
4168428
215850
1119647
3298722
5011915
2216709
3117
7654028
5255140
293355
174208
1842867
3053299
796189
769634
1117805
2381505
946000
408738
731845
621035
3078510
2677258
3420370
1802520
1428356
1909479
1240322
2332012
289841
1535753
4040290
4194432
1310143
3895209
6502050
1645607
528529
5041702
342033
1395405
863184
1151712
4142559
466073
1304259
2079612
829462
7874342
1167546
1794196
584155
1275573
403313
3330871
2767652
1969150
6703180
374869
3739581
1005251
4255053
458540
973120
408446
1128116
3239773
444582
5038262
3769191
2475202
5049958
3533162
3412752
4190915
3036497
6829997
3344481
1723331
242263
1914448
2132154
3259447
1515216
7797048
4580238
6296304
2380743
3580083
3693995
3067045
1696529
3796407
1029990
4394605
1572368
893209
1578590
3467794
3188792
4751680
1708829
5542695
2905084
7211909
354482
697947
738089
2127513
3486387
370602
3374384
3246614
1424520
30493
517028
312262
3145499
2462883
703298
6152951
57163
5169620
3116749
428039
876773
2694470
1502509
3082799
2473131
2389377
684932
4991003
2197410
1783314
3001054
6793295
2080449
5391038
811515
160080
879343
683440
2549825
3265880
799098
78457
3852974
6084736
2308613
798
5011978
3899736
4077862
1131838
4091758
3061685
2094936
240885
4040106
1252824
775463
2097483
1631138
3169918
3472175
1993008
3264511
331030
924343
4114982
4709049
3126608
746991
246658
4388619
2379613
2039652
6856130
2526142
2820674
5127700
4965312
574594
697854
4790341
1666908
940719
3483157
1653235
4835149
2253823
4403140
4482987
805620
3211978
506997
435089
1834991
6700067
2864319
5274605
3903643
858991
7541261
3492730
4473308
673891
2709937
189094
3114757
1682633
2802808
6413103
76853
981228
2561666
3928767
1410619
3247333
5341809
1938269
6035625
7445879
1885362
143401
2979114
2302337
571809
2276471
680664
2677733
2272749
2130735
4295051
756856
3800395
936599
173708
1620303
3463161
765186
166834
1193822
6797767
7387963
3531796
1676462
1238783
4864216
2654496
6280315
805118
2391537
455399
3706890
1167635
2876191
93264
3034251
397
78542
393936
3213197
2103657
332427
2369883
3193050
4060913
705609
757661
3494936
3547140
1038526
2215917
2042988
2734759
741239
4152443
871208
892185
5648802
1562252
260886
4279469
1582076
2391120
65027
3008241
105925
5864161
2726540
3588531
3848056
1044614
523705
43274
771275
4131129
1848061
1275835
462319
4595734
4750655
1275005
7479287
4300817
1006586
1918407
2348651
982877
53637
4649344
4583976
520973
4461121
2015093
994478
4022561
19524
5712440
2299590
5761412
6159018
3952067
1042922
549180
1391305
1509165
3589592
1151919
95780
5316990
1383805
3657017
3287958
2873542
2499375
26673
576224
1599893
1102227
2774833
913278
2422590
3129744
4446767
4511685
609405
910927
542957
1590976
3376699
1203968
1905984
152854
997802
3468540
6271700
5399494
3488094
946885
2686022
820307
5113978
1089791
4162146
675837
1977265
1307268
2235874
827308
1791745
2491210
5533502
6039932
3632413
3649273
1983339
1227536
3058019
1707869
1223007
2052917
1398591
1652624
1745634
4803292
2306349
3528562
2177136
399733
104970
1767671
946449
2512417
6293745
7231939
4578493
4780045
4943817
268469
823279
2572217
2166263
81228
2784965
5781198
4921074
998425
1293016
522545
1717089
1329173
417561
4786940
5664923
1551144
2059482
1451294
7524756
5032749
8099295
1470754
3075304
5661854
1060821
4098074
1002799
4666318
5708749
1183943
4598980
4806683
148370
1697177
4311263
4597722
3033382
669759
2043271
3175220
1891512
4228821
2451460
4600803
662174
5884701
1020448
5305741
2660604
5260963
2873242
578039
1507119
2604606
1733054
2243526
2108168
507548
2208483
4021275
5324376
2270457
2025804
2207967
232331
4060198
1921714
3369706
4679027
242652
66019
531341
98137
115586
298634
1421813
219332
7223204
2528882
3789451
1126509
2267106
5919896
1135895
1131636
1611406
1332378
1118590
1952092
3328704
355400
455651
7465866
887770
4052300
909739
8016057
5446712
2788743
3592501
900874
4013843
4124310
517622
7310477
507381
5651919
439934
763719
406890
4835667
1580174
6487738
1289027
389420
768871
3647572
3029756
261235
6410016
8393191
240110
1160319
5151401
1302857
1899338
2718466
2611714
4490222
4503137
3505862
390232
2805276
5099185
613589
1450832
1655507
2647862
3135454
258229
3387236
1523814
2319374
753349
955875
3579737
1979704
1867397
2161371
1983904
1884155
634640
842365
1320081
3038910
1837823
1108136
6945884
7375537
881242
4608322
2075726
308068
2281961
481526
1414463
3165996
5552360
46343
287285
3086641
4158828
1609888
1973602
3022433
4130140
5678146
2350512
1251567
5228896
5647362
8112815
3791585
1787767
4799348
1395785
556971
3637440
1952723
2993661
2048585
3699574
260215
2000314
1683254
2498628
4749304
2111455
3792842
1118946
328618
4007459
2852310
8419748
1153373
947535
3118515
2590304
919739
6600138
982111
2061425
2340929
388038
1035649
999126
8567110
1204581
2287321
2680876
4795082
1668866
4954746
4668863
1693366
4286512
333911
458451
1482212
3916422
3382650
1461740
4414301
5876226
3046612
1590642
2027261
1598335
3412492
1301643
1808902
331447
4535773
1469768
4111555
1747745
8257565
3451354
222360
670682
172790
5132984
5778933
6671605
2109077
1826053
8513426
3642921
6688258
2738947
248661
1344674
5706154
3761225
958159
2728602
1576857
2311587
2073312
430855
2305616
2665110
1570939
5365970
4240135
4298513
1153988
3318384
700576
4617435
2373470
3206262
370918
2653236
2007568
6155251
1647302
519491
665760
55309
4257163
2077637
1398639
2531596
2093974
572060
5420217
3555593
1025774
4550674
692711
1065968
315878
3813336
1746280
5457368
353395
950292
3666783
8157429
888001
5201439
3800572
2276267
449018
778734
3987574
3531490
2762797
879448
6608454
2468070
1889424
6871342
1363833
5368092
4528056
355452
1900444
4642362
949414
6345006
22180
1716181
6349934
3802746
515601
944036
621044
1636115
4818880
919078
4510141
2720582
287467
2826967
3589689
2883137
65925
440141
273380
2100133
3869102
2012936
5884614
3594989
1087158
755736
404921
785122
8280602
694174
1162380
1701702
2155329
3372975
513452
1394948
410485
3152097
4392496
1917202
3302798
897858
1780861
5506460
6713404
1487369
569491
447839
3575028
1773804
961632
337959
452704
1830681
3722456
876060
1628871
2449901
1600036
6551826
1023976
796930
714791
1848679
3596728
5569949
500520
3694998
765927
1405507
1050454
4075594
5112464
29517
3323910
872862
1727265
356851
2642909
849696
814373
135071
999894
2407035
235914
1554945
1868985
1726228
3054081
3365417
4456944
1621504
1486099
747063
5502
826603
5639624
121926
1749320
1739341
19688
1180129
5639877
1282345
1279169
5253534
1552107
3310139
4825374
166857
207626
1324065
3592191
2975457
606002
2119033
2393662
1203954
1453453
3098456
4023491
2005697
3898187
5167350
4642634
2373691
3811544
4741749
1134268
2564804
2565206
2325357
1359732
1591413
6106467
905944
7286103
2111641
1012698
172700
2010040
1080783
2139134
3109085
982294
2214260
840020
8465577
1844413
4841053
4647248
2420302
237393
4962412
4670990
2595200
6136183
484869
4171589
1940731
1945708
4627236
3882357
1172438
1630926
2188624
228321
2343398
3343128
6001630
758446
359278
1408523
831150
33296
922099
1148
2661859
2873016
2090457
1389838
452889
2243267
2607805
2720015
409341
4547362
2933425
552348
3942916
822874
3902753
5104586
522341
369334
1764966
819857
3337728
76287
1912151
481377
8516
2696570
3036453
2213900
1370542
2648470
1956709
262039
6719728
3533574
180728
2347642
3601906
1796206
2417201
737249
831535
1568719
5689953
417087
162076
4986683
3017264
181086
1584170
2049786
3467215
1062425
4294930
740672
1617342
1989816
3237838
2842716
1780651
3498170
541429
3103956
2423793
1458674
1561823
5852121
4585579
57282
115680
2259007
2489492
1789646
5698836
1758471
6864416
1761347
4738544
997087
2955088
1875545
1593912
1718273
4998343
2377896
4093643
1967198
1042635
1361479
3602138
1846701
63432
4528515
5009693
2937023
795147
142679
4564951
1055276
364780
4686939
875521
364414
3449202
3463747
1857159
894576
869726
605345
2960452
2078990
73937
2465267
2105293
1946938
6482
147362
1999583
1216318
3575008
1359062
2048327
2326014
1724577
5241639
1962910
2100005
2493203
5088346
1125696
2605472
848764
2940698
5797943
5488244
3037601
1756322
4297204
3739663
1218645
56842
3225717
6622184
2449193
2264329
3251017
910005
1575269
2895279
1977421
348095
209126
1911634
3236318
1558162
5271163
6638560
2303454
2061739
565901
1328448
15506
2467216
1537155
147036
1687488
2553451
2827736
1428977
1887460
770797
1153387
6831785
1908380
5877229
2326651
934248
586515
1218979
1388347
4344951
844249
193873
4390884
45112
1800535
42034
1148927
142834
842701
52772
968611
2497849
6420213
3087292
2489935
1144406
205648
4669694
252593
4178315
478211
19212
1117461
1001759
2179008
1661830
2400543
860971
5292809
3301073
425911
2779518
3214574
4097260
575639
6772298
3791866
3924162
124558
4092737
1060597
1350614
477281
2686066
5501445
14793
134318
1451881
2871518
4956646
4622948
336245
1992770
1207253
1541627
2452876
4525297
1893988
5599381
1540489
1612166
1202932
753540
695453
2131449
5243250
3400827
1307163
370097
6944369
3384109
2362099
518749
1327553
1440844
115479
999939
211664
104237
4512688
545250
4972980
1760137
4007650
2379962
3793657
3440152
364411
1371236
7328464
1294350
3201426
2059504
2157953
5093158
1528530
3010468
2712871
1926190
1148659
2460256
8668832
338257
2962735
2082203
2030975
1826523
3422444
1778715
1959677
6633091
3929449
3002793
2837682
2487712
8171347
672966
2139367
1793766
5115725
71805
1936881
5263507
6810837
7720590
1311380
2007687
2518458
351872
1456297
3142437
567910
1024083
1493585
1518527
995323
1751614
358779
1405069
4924330
208862
2331809
946153
1988220
2061122
5808397
6030684
2459497
4869435
3163229
919555
2205135
2014157
1534550
135861
3102492
691311
446207
55541
567835
1444981
1838007
2086985
1455576
1406634
6722674
2681553
1661707
922257
455282
1909719
5002373
7937532
2286138
6387699
485162
1245247
1392404
1544450
3046224
2486596
97061
2109245
1795223
3016736
3189370
2354937
2021312
2754088
200502
2281363
786321
417858
903978
8734934
5727372
2998031
10962
949283
7396825
6487099
381708
642426
6736988
2417938
338620
1771501
269805
2969932
1666607
473173
48594
6501744
1260912
1771895
4122880
67705
4021685
1473285
6051831
2189450
1889422
3254893
4496118
301924
1130399
4553361
2704512
334453
1062745
6108192
4159253
996141
3690272
977535
530562
1579483
1565507
6738849
681439
2729536
4043144
5843250
1922196
1208161
2464442
2486907
3022455
5788494
2903125
3532782
2086527
165391
5605907
909324
199159
4392186
2891255
932081
3835277
2440903
5167913
2069131
6968202
650899
4967211
3367512
4654574
2188229
3062584
4767191
4099316
8132249
3404145
484265
3541663
1835364
1810738
4343184
1175043
320759
3237215
3177424
2190824
1132104
45111
681091
1588081
925419
1783548
3566018
566088
1967957
351853
2347492
3242945
3758115
312065
653184
89857
6003052
1208426
3107071
770151
282499
3891686
3906963
2090025
2397069
879243
1016393
4253732
2358654
1601373
315784
3052320
3841811
2265959
1780339
2369096
6036093
3771102
1084590
4583440
1573259
4642651
6163592
925182
3741787
1874810
1142841
2088808
269198
1472740
86280
3151850
1408238
2435613
1902005
4115407
4823888
1217946
36737
2504230
2292521
1939787
91429
347122
2413775
1278085
738738
2657367
786019
364610
3461513
1729490
3024793
950921
2303229
2192365
6033847
1069527
860295
557005
1607622
1389389
2693991
673190
768445
2607425
3749781
406648
1838931
3946258
677491
6004378
3103958
5828196
2145395
7424862
3915531
3133514
5722481
1416083
3308016
2076473
4889782
1295630
3395218
6886852
5307205
438890
1063850
918745
3504168
2272601
3258403
1082203
840061
1148619
6600872
68985
2742427
1894849
257460
570826
2732584
1592879
2758118
2003552
3290481
5188765
3929350
985368
6760417
6053492
5366966
1649448
1182257
368841
2624916
273137
1532726
1940085
2817226
327577
186230
1930935
1860543
38050
2518350
6319144
5057243
2625012
1666652
4278173
1196570
84833
986418
3926818
2719369
312001
1177705
2056188
2973411
2032751
1949888
5326326
670479
3672921
1796712
936533
5517732
2231353
1974677
2490187
1601990
5733064
3000267
3248141
90327
4644967
5075822
979388
355904
2480837
2539334
4196163
5741312
3194287
2823665
6032440
1600423
374459
2312962
3229546
2800443
5343716
866289
9527
4233004
3437380
5099342
1178783
1597227
846940
389145
4104404
1515570
1350491
319399
644854
2818043
2024318
2772404
5757329
374953
3435192
2744736
6001304
614153
5317900
1964002
1557794
241805
2443689
1678605
6185657
2027579
3049567
1450967
4213321
2589123
960906
221151
420365
5826864
1670257
523200
5270608
5682619
6871305
1740471
2075365
2491917
253097
288943
752422
129259
3624299
1088952
1286374
1885878
2095818
3646688
947118
517574
1984032
7962154
2986278
90724
921092
3290269
8599408
699496
4842581
4770329
56924
956939
2416743
1747418
7070386
2107507
2869970
4470938
3473773
4367226
2881496
2927982
2178071
306610
405539
8127
1557395
3050649
7075695
2462262
5072771
3870624
2020383
3018960
2775254
522839
6059269
179152
5237841
1339474
1122488
2743467
3496453
2218296
1670170
4168792
3890111
4731618
2519428
847776
1128243
2018344
2450267
3004294
1163281
9065443
4242079
3943232
4042105
596461
2279743
3983536
2625779
1338478
1228048
2062579
3579272
3766447
328384
682266
6423520
975129
2504082
1833196
1978465
694258
1909903
89654
214803
3472024
816165
1359261
336266
538560
1691606
721729
1449383
2888925
2846878
58546
5039722
2104137
2120739
2029860
2253138
3927640
2375929
879022
378630
1486214
2379947
6434653
5055723
1554207
3373206
5050777
4850246
7128467
58960
2272889
2646484
4597378
3844165
3565658
7762154
1098777
1707109
1877282
4621290
5218840
3943436
4487138
487647
1006210
6741032
3351018
1392551
1292307
3619550
337508
1322802
7438056
2006560
889469
4313165
2615118
5649578
3237052
1928296
4077921
225580
574700
179571
3765561
1403122
3541581
6976530
927190
2238847
4008705
1248188
6246743
7224479
1715063
2112468
2459402
3339768
3035395
1032840
789529
2558121
174464
864992
1448180
4655287
3707484
5611215
3128315
5518125
2652862
2309657
1981598
2984972
5860011
3411408
6603223
1793774
2952095
328224
401393
2002293
135489
1990001
2889923
1442257
1953757
2554406
946235
1243747
4738830
2153874
290316
1806140
2560704
2148261
306820
4324273
3035268
3081268
5835592
113310
2492454
5090329
387585
3800378
2002717
4403133
3380400
1389019
4059392
2732012
3526852
6480623
1863804
6409099
2983402
4254902
2683500
37560
4319048
389685
1713933
950810
2202108
3021687
2991
363312
257611
4265669
4165968
346748
1882765
5233339
2951787
833505
688599
5318166
4403750
6903656
2230960
1434626
963818
1482938
3907036
2799309
873566
1956903
3555159
2189546
784881
1488727
2907858
254806
2355668
6039651
1172288
304672
3978563
7093955
2136307
6280709
667797
2695842
340345
3248622
3523299
40864
399926
1266316
4483226
4776094
2924220
1484515
455807
30888
8242872
1769917
4163324
3077832
96237
8342746
3041391
2864537
3567177
1610041
1892678
179567
6624058
2287830
4824591
948501
5351424
5313413
915161
845340
1288147
1693980
50945
516085
149055
1050794
997780
944029
914696
170526
1067540
1515407
4118514
881534
1798443
1144443
638590
4989030
1003144
3200181
1723311
718814
271938
2295592
5068292
1703508
635392
5476796
1464893
2188037
93739
3947083
3464832
4478757
1825562
2734429
859258
1527828
1006075
1258507
4196630
8627631
5399578
4695433
1355906
2429156
692270
3642603
724777
3679363
2779791
7211880
5392825
1344771
500053
4293774
507639
1591940
364097
1821962
4549094
282209
1065768
183420
451288
580128
964149
2396971
559366
4549956
887414
860884
3142022
409285
2047855
4439217
4493342
1702699
5532940
1389061
7700417
4024301
3274596
2258937
2002248
3077802
2688466
255263
4658268
457324
4217116
2710894
668771
1720796
1140104
299672
4450115
448373
4507525
7016431
517425
861902
2397798
447271
2479437
6866749
2277071
1449935
408645
465776
447650
1786929
4268508
2563232
628437
104656
3631404
504127
4322828
4335805
1135611
2405463
2319511
1582611
1311874
1380919
5502090
102601
5444254
3855238
1821753
4518228
6484668
2225776
977614
2257716
5993820
67906
785545
3364899
3572749
5053602
4428457
2783858
3544090
5175681
8936713
4296140
462686
2719056
254679
2903508
642059
2831440
594992
5447775
433502
6703174
1657164
4225445
1488971
4463599
2908665
1041433
3353976
1235894
4973613
7764361
2462564
2267929
5943543
2438686
2404566
1620397
8227396
2166968
501583
3263483
6172936
2437776
6032885
6310453
429215
1855596
1929891
3396338
940936
1244730
1003073
1093252
4289809
2029076
4969802
2450672
2667260
985040
134961
1914910
6153710
2256908
5877968
6672152
7693618
2995041
6253694
6979849
2653935
424305
957778
901916
415334
6572041
2149338
955934
2345407
2382391
3917171
3421111
1179260
4735259
1936981
7394696
1794286
650632
1187806
16486
186276
3105069
2083363
238991
5007716
2055270
693163
2258462
152482
392744
550979
5393531
2648088
4807104
2679605
1693957
1480412
1575371
2065761
272049
3865605
22094
3767813
1145006
4189758
1612231
262116
518934
2286171
3641720
2694920
1325952
3342619
3760775
3522110
625877
981619
1383877
5014533
1456460
1893959
3121579
5783845
2210955
832195
7184417
3134859
2118048
444488
3917408
1436230
31253
3261749
635617
482629
1940069
2403608
1379775
4007098
3354631
3007674
5295108
2102424
785924
4803618
2102738
380966
1954378
76372
2006217
1747089
5220385
1257336
1949415
3860610
3778046
2976024
333714
3745224
1976586
2946291
1867571
2770845
1706828
281158
4668059
997201
1056556
3562308
1183216
7719130
3584062
4017589
5249070
4962682
6361379
1237715
1513179
588338
2862267
1397414
1108930
737383
988369
1719135
714583
3704058
3751255
7814115
1540816
1745048
554881
4834780
2882867
286700
1857119
3785513
2200736
1772199
93316
430891
808916
921597
8377862
280126
7914592
444020
833506
1997740
24610
2188718
1559485
2777708
1078502
6725096
3940213
148027
2062684
1406154
2131615
4684118
347787
4101513
4859592
1645359
1510111
3376464
1239309
3681926
2490564
1225481
7964225
1645306
631419
5362653
3360318
584841
2614344
935734
259573
5425245
2764499
5500345
6984050
1261553
4395051
713046
819431
1690576
5327702
2440135
4545693
1476447
3763031
4187149
2576549
1425274
1475803
3858260
658173
4638403
689031
4717636
1855844
3912806
1878436
1163434
4095012
2110836
6116488
2512034
4857909
2315088
6173076
2449784
7725008
1303517
638629
3286302
1959937
1697165
118490
6071806
1764382
508870
3398504
4215971
2256099
2980566
2442669
577626
2680399
522241
1113621
2474471
1514452
7598500
1431061
3079306
316475
1880900
1437061
618835
1170146
401187
4669903
2348675
226036
8396040
554182
1772564
1593644
5504153
1174333
3434720
1472739
6756165
13545
7155648
1747147
2214522
234924
9597
2861628
314459
224913
2454820
929
1145975
2028475
899243
663399
3498844
3175184
2380251
4021067
1044849
969670
1752232
137199
2580116
1007223
1940508
2699630
4410380
1798563
480859
233496
5843961
5116591
1281387
4557663
585680
7034811
2694748
1505931
1601995
208222
3889879
2052702
1036702
103645
2352693
1099404
1283554
15064
1031505
6655592
1663684
3544391
1013690
1671452
62450
2710295
664221
5391497
7270427
712466
3131420
3076692
742718
525301
8917
1163506
6808095
810430
2812690
6191663
1370326
3934971
1190423
2579065
1586751
834269
3104297
2010754
3037483
5559271
2277821
283769
2320017
365766
4298052
236872
2042060
189847
72906
3635045
3762460
477828
2418471
3152611
994985
232162
7901062
212308
5055835
2781272
2738883
78334
2104691
4610891
4716559
1213206
273117
4009695
4374941
6259665
6839284
3509595
6765917
3781725
4350167
3848242
8164053
3534493
5977446
3728694
751474
329283
5678467
1359171
2483858
1703466
301125
761684
3912099
4114884
2719128
492178
4031302
1952244
113895
3997231
2023506
172043
5540241
84532
5302277
866579
4693304
1037558
5607479
1583336
2112990
7930382
3625517
1658426
1817627
900074
60253
6447
1440706
4282979
4399420
4816999
8334823
467970
3315104
673207
2260774
599998
1205609
204507
981063
351739
2021985
1670206
229114
488780
3286415
913101
828950
7633508
341344
5660009
473320
6341364
4105640
488739
2818397
1871481
3655827
2794218
1819124
4866249
3908381
3876141
4358521
3386982
83950
430523
3406211
1714886
7780693
1453970
5872377
2338055
3792375
3058791
188052
958122
5375459
411982
4171253
1925495
4515921
1091680
1898782
5077778
1717572
5900351
3822181
1676547
638820
1237226
4019645
1560787
983229
1884850
2462465
315407
3755560
656794
960855
945996
2501060
6741193
4095135
373657
1599256
4170926
3832175
7182913
583108
3690524
338402
1281747
1930312
2079626
5545504
5927031
1743585
14876
2088184
4954801
468518
2146528
2964715
2832358
3333405
450980
1887318
3533193
3284712
3414476
28351
6249654
6685295
2778888
1815902
2669576
1693415
2003771
196261
3679047
1780240
1364332
1132118
673061
1015400
2135397
7084150
3791391
1097470
971390
1167712
527966
4351994
3060812
5304167
93895
2387844
1315386
1855112
1002485
2504800
3448981
1648541
3244794
1664772
1479916
371796
3806156
1934031
3457190
2840647
4568432
4091050
1064392
2116851
5782670
223740
4449544
2222787
4287962
4568725
2516752
108612
2178479
4502757
277315
2309879
970799
4221516
30748
4038579
1625100
216136
2472172
1087189
1490866
2696676
1051767
8723290
2962593
1930150
193625
96146
54991
434083
2120066
1987285
48429
416037
3064773
4042265
3853349
3402067
3091925
418868
3500339
655023
2326215
1821948
1164974
2276868
583325
3539115
3351962
2628422
7136137
5010690
1184177
2136677
826736
6223248
321583
562485
3640557
1101072
3528946
877060
1213719
2325186
1601983
7444287
551678
1814827
891420
5354429
1012626
2663114
528428
6151694
3841833
894952
223447
1444615
3959297
2030213
5974143
4122060
237047
310406
2610259
3367064
2376062
2303783
37991
1882704
2623674
1080541
5548012
1037988
4843923
308221
4863918
2440322
4654151
2489894
4920746
731180
8050227
2005682
4680461
2360071
2589835
1625644
244758
6410927
3612459
1728214
6972169
1576469
2032217
46802
4975717
183025
575876
139081
2548392
254669
585252
1095794
4035577
4882849
3413681
539383
3698344
4796146
5520790
1937535
2528222
2595262
5031287
5143208
5781398
3735671
991717
3396508
1490205
1687720
4158345
6698273
2486242
501506
2168934
2678660
6960465
572944
1602852
364454
3072881
1690213
2909218
2275375
3060634
3838721
1901482
1110688
1106997
3535102
479299
4013243
2139536
740303
5457181
379629
2115420
2123401
5108817
5971802
4523704
602842
4225116
1451737
2202467
1312586
4138448
2379115
459758
3674729
5295929
667433
115572
955159
147068
6292732
2452387
2636383
4289323
3603948
146034
2501281
6366456
3550166
329049
2035744
2401367
217858
2601147
3995853
6004865
1591840
3744644
538516
4547850
2703196
725390
609748
2640058
474943
4654453
3967543
22211
3014425
1814593
7349700
126889
4009092
4494731
1073227
1069186
1151691
9594651
1136898
1239797
1477524
6233572
2778911
4643489
7774738
1651388
4443808
270074
2344195
451821
1918036
823536
3735217
7345227
595766
4041011
595355
842130
4765292
5887623
4604777
263858
5374727
6781981
1809419
5168805
5838284
1776291
3013273
4145352
3050074
581182
768948
2839570
1405509
4595252
2317680
4404370
43689
100872
1823513
2269194
1106333
2184598
4902854
4698233
2505127
1306801
1690272
2258548
1569453
4031851
4719862
1649597
6167215
1618426
1188545
1424070
8664848
2890743
2282692
674889
3911679
750807
1236558
5022267
3548222
2987101
2456402
7248225
5383128
931442
3693520
80376
554645
2725203
3082423
2108338
3319032
6867459
1004760
2895490
672476
4489233
6922778
833941
2739347
2033960
2834569
2468899
363977
482222
1253676
2346720
5780621
1784418
138355
47879
3758683
4796526
508378
6052971
1647502
201994
3100486
2154011
722596
68398
509906
3265943
1415363
4248247
444528
139485
763637
2785240
3875034
885545
525187
2294111
1791033
501825
927740
4944030
169514
1410306
702470
4781803
3916528
2195429
97875
5574027
3821189
1649150
5695409
4475650
2907709
2908345
554825
635072
674436
4948403
3603472
200663
890637
2473406
1058327
3613522
994078
2898502
5555715
4357718
4889346
974860
99411
1773481
520581
1513472
5109153
1730358
6190708
1330371
3890196
3019084
4377015
1545983
2593980
130383
347370
3528163
3724097
1979065
842738
4118774
1286141
3877018
14924
1726980
694590
2478908
4221960
2280551
1865161
2611086
2746566
880300
2064254
5020105
967249
625363
3991378
639965
1351902
2009072
4221530
8615009
2557621
245828
1099137
961976
1637300
674006
449136
2668767
2507426
529574
75089
3350100
2317259
425403
2180521
3620106
1823621
6528838
639419
6172086
781206
3219784
1222033
1694677
6402510
2096653
2353444
2862408
2420067
1465371
3477924
1438712
511219
3857292
1719322
4878314
1994171
4476965
4176719
5815057
3286946
1145713
2369991
1770335
4190956
7585158
941883
4466179
3887204
2403469
775246
1001390
765474
557555
617182
4032814
8401976
4492201
480658
1291026
4631498
549934
1040527
4030460
1290240
2212969
2208758
1810881
4641333
4262610
5041342
5351487
554924
1069780
3044385
375110
383915
3132917
2962999
3532932
340774
2590545
4438591
18142
53036
3011250
1662849
1606813
4130553
3706609
3259201
2969427
449385
1147369
384102
5812879
467086
1519814
1083358
158600
26200
3836944
2714292
4074579
6181090
5459002
960772
286321
619088
2077946
4949414
6032569
3568606
7280581
2090000
3851265
715287
3426231
245453
4960416
3243670
464667
590415
2637018
6465415
421436
3167398
666493
3980309
149968
838971
6324098
223030
1416241
1280130
3544654
1015714
2976108
2710730
1021130
507127
4148487
3254282
1023914
1233973
486162
3464472
2525227
2640761
1248464
3214650
5160176
976160
2955880
1546405
6835810
73592
1753500
3008584
111603
437938
2272912
4243793
1210042
1123811
194277
2277256
913117
1545609
4627386
1148752
5352350
1257743
2314348
1393776
784672
1267839
4815655
11618
409637
650377
959310
3659910
1069304
833022
909613
56423
4336495
667436
3044494
5218491
5830586
3178689
1075397
2122822
2381059
6931452
371842
1391250
1078852
44395
1160350
402679
5477556
6647043
5397661
5229757
2982772
583140
243353
5417658
4323669
5139600
2233161
1985354
1601188
1372658
3811871
2221820
6244203
297294
2820734
1598342
525371
443154
329180
2942383
4165952
884329
4762664
1292620
5716755
1167892
2188245
993417
3556998
1090378
3843718
1368780
5377709
3599694
487651
2490130
6049849
1572542
2893287
349222
423193
1208388
3777831
2386575
4279509
1084773
35076
433883
446376
841480
5068494
49888
2543432
995939
5847263
3802640
1307987
1247944
710429
520890
635304
1288297
38628
3159055
5595439
2075387
738770
2683986
21028
2662282
6152811
994731
1218240
1670970
3234196
948332
95150
2542690
102464
1032055
262769
89498
1277886
81340
224347
857488
6770222
3114991
3665969
150731
1707226
225949
6941929
3555775
1863391
197789
534616
934136
1809498
8343217
2027178
5164700
2970748
1867903
449992
1832293
150809
1499591
1723916
4068893
2885135
208646
2997837
617083
868813
546689
2085534
4232882
2067242
1718791
3394314
4090699
778820
6219206
3563659
2790346
323575
4917104
1102632
4337942
1563736
1917324
6830925
655023
634957
1355515
193242
259342
3479071
3896857
1390837
195269
751251
6279552
4511973
286905
6545494
2061121
2168584
2205166
1511732
3119761
250507
4653280
189783
543140
2464266
1057332
955756
6673198
2448375
2373011
3921505
500662
4005478
1769334
4189386
2286266
229293
4334753
452252
809250
4603012
4480133
3991521
613531
1350922
4295905
1245994
1231006
5891619
5118954
699261
1290113
3572826
977410
2749195
2022531
7658522
496113
1086952
405608
3676332
3460148
2637280
6508990
2974552
4193196
5419395
4411080
879103
1508272
2898179
3814663
2542835
2054803
901000
3607065
3486763
4033547
124087
2062609
2168918
5065097
2941111
184454
7177874
288179
4079878
4696927
5165770
6963134
2036083
1107091
1166163
1700931
417178
2468611
5013126
1880091
776443
6442176
3352785
1018771
4344979
2190907
1945649
20332
2807117
449308
6781427
243510
950656
268060
3807922
665125
3684314
3651104
1040543
115403
5543691
3300461
1725160
5450847
5451925
3087244
822138
79186
715087
855228
663184
481784
5451695
2764474
704996
4686370
588115
3290430
2665575
901849
1000423
2251763
1707889
82923
865957
1128164
3690021
621422
578838
4837550
4011495
174588
696185
1239681
241413
2220318
1114408
378641
640265
3527986
1171237
6410370
5205134
859209
1601960
4565902
4124316
4665609
4064429
88417
4201530
548677
4356718
5788208
3587823
2103934
3079470
595322
144929
1584979
2182366
32028
40317
890398
3762490
1282580
2644810
2226901
712609
7833780
2226389
656982
3067853
2432733
938554
2184410
4047979
1861096
1080138
239775
1341545
6018201
2933797
1335589
4384674
1724256
3931502
766927
1611258
2199418
2954991
5014922
943601
2028372
1190326
114177
1991526
716326
2201769
88641
2089444
1908658
2120956
163699
4518260
3295960
3710597
1728606
1796870
531784
2998703
2000510
133294
752606
3319205
6925520
2477634
3254172
457908
45020
1768873
574888
7238588
4870016
2991412
971390
1076936
3756054
3473489
1024473
1643245
485181
4471431
4613442
1647696
6275540
2430023
1996036
8913066
2272149
2458720
2372474
2846957
3070668
800666
1827405
3563503
3009172
6483226
1529496
773451
1790011
930356
2398944
3730322
3020492
918995
3694658
1150942
1538742
1119803
6844244
1730845
1333460
871922
4124716
1982617
2219560
2534950
4468643
1269386
1424531
1608531
1219497
493039
5473128
1997110
2922214
2408193
4113894
2819661
2870277
2302915
218473
460430
7297947
176330
874780
5213614
4684832
420800
1257777
395392
6206892
5502240
4123333
4773642
742842
2383404
2356650
1651036
4463506
4057297
171411
1463028
112651
4627747
1143268
2849424
589863
16538
2689765
1585319
940007
36334
87168
3620353
547564
1944747
1065168
3513664
1355520
3806046
201933
3926632
122849
509539
896857
6550070
635915
1219712
134422
2397714
942756
1000189
4402832
4362091
1331699
1406338
3089635
2268516
3894404
3216918
1726217
2952063
3676220
537412
3573715
1254372
1838779
898827
583957
4274905
115487
3287241
1438458
109980
2533036
6178000
3201623
1431320
657226
1854760
4416246
7825675
457516
3248986
4894083
2552655
1668173
311542
3503943
966312
1440527
386180
3647673
2359368
4986569
631627
3613900
288991
6725846
1023848
1394166
4305331
1597161
59897
2761133
3553269
736019
248246
4234229
3333670
2509576
1587775
2912467
760700
4509080
558428
340840
788540
1685022
2740842
4187104
3262162
4038288
2482926
1501170
4269466
1783140
3309548
4318609
1215439
3688768
3162840
2454704
558319
1539640
627825
3825795
3535316
1869520
2275127
995928
538590
389376
2482898
808114
326197
634872
4857030
3805675
2971603
7080795
4041052
1723986
3632009
7554370
2929829
1635986
375231
6308628
313873
687000
1268373
615155
2000777
2264953
1698849
4911431
1925083
1939414
398278
6847382
3978955
3700061
8892685
222894
680569
1302123
1861844
3824830
3664913
2493408
2556152
1019063
452564
587573
3532761
584514
3493233
344775
3927820
2686982
5122816
1979752
162230
3062674
39474
3379155
7913008
2166401
2299515
3203806
1164108
6955149
3476692
621958
855413
2481092
4408805
1022758
955946
178635
773117
2392968
1113570
4886661
7057928
3409022
5790954
2646574
4510522
6072571
5627250
2742308
2779359
1365044
655727
1106753
4799162
198660
76916
773446
5315861
6458583
5393729
806801
2738114
7309153
2458854
3059599
411240
4215784
4651452
3682606
410253
1662116
2273897
3743843
137298
2922628
4383772
3122647
3825183
653614
592849
4479052
686826
4960714
5356060
2212406
866537
3339372
2659839
2140572
246186
5640290
1571058
53213
3113977
7983411
295876
1256885
2296515
379544
1383011
1858109
146058
2925583
3718562
6408915
2564209
3027022
3310757
7070608
2559272
1383122
2408446
4675186
266633
40284
559439
33399
1220267
89924
2661502
1924153
1827548
3167806
1028759
267957
1505908
3660740
85096
3479803
3316540
231743
1882594
2254489
497269
563809
599202
932562
6485070
338693
1985071
796256
1417512
2617720
1110571
790692
528342
4931966
948775
4139576
1273889
2030817
2064600
3228724
3667876
3033843
815896
4347444
4765500
1389101
5706439
8317457
3246057
2398770
1012121
179593
1315436
98201
999468
1742655
3846671
1349373
700412
2357932
798174
1062280
339603
8149037
2520482
3997936
3096569
4533963
578589
827868
1261565
1799956
1227812
292250
3521009
179674
2202874
1244360
392904
70758
555030
5535294
3089970
639677
435970
4897546
2584733
3129246
1534707
613376
5377850
1735960
1928937
69058
1347491
2678610
3520256
1122932
4353442
1069295
824459
3864923
3325478
1136945
2254540
1190050
214875
7453213
3073919
7684724
2329076
3514771
79547
738285
874773
2064830
638057
126089
85444
4358049
2616622
1321110
2773228
792131
4813089
495378
2555751
59309
1600849
3397091
1617170
1946333
22248
411693
19486
150293
5455497
5445253
5979434
1759706
1042163
3035908
4134811
4011574
881400
3880975
4696323
5932774
141020
2694725
1895047
84465
488382
5742284
2915631
1679297
6883063
309319
367979
2151111
3290121
191106
2713911
4218
6029873
1471378
1649409
64925
2289536
635493
5972899
1036524
4525644
2473656
4248165
294889
3674984
1303499
6263502
2352187
145972
2027308
621855
1584935
2676356
255557
4550223
3989274
672957
1592837
7254878
5810184
1598097
1970516
540275
1178879
3049118
2215309
775870
3443896
3012864
556043
4652504
7741374
5455247
1197426
6936202
1695199
1257797
1932651
2626694
2440024
3186806
5643174
2267425
114008
1819699
923370
3566526
5523342
2264342
6381089
481202
1516256
1180013
913788
4313254
348909
4153758
410854
138329
2170043
466471
941143
2953326
4665334
2269630
4407088
960342
3733303
3324601
4816023
568422
2387638
389122
1472867
401190
2014922
3584020
5645523
4187249
4316862
1005712
1746074
1939242
1930032
1405839
2031441
2637179
471074
251985
1662770
682259
357193
771365
804362
1656544
3980370
3113705
3543990
6196448
1471071
94782
4678796
1645081
644017
2285041
693764
4098579
222908
3369919
3856571
3399873
3559444
2021040
3223550
632367
3337202
2051155
607477
2160824
957001
3716179
3108661
262003
711461
1034499
2292876
2559060
600076
1414773
2484814
126878
112035
103067
2217724
7210856
3123679
4411574
1012693
580877
4979652
5484795
4695539
1703193
7964507
3186602
4689862
1232413
3515715
601951
2350832
1463329
6420440
109366
4252429
4686851
2733827
364274
4406458
1123065
2793561
151130
3503162
2838306
2408399
4917911
1352525
6731940
594977
458699
6597488
2210192
1352385
2527147
2659568
2253857
4371118
2575448
2078898
3218454
7205474
2411251
4068194
267529
1498801
1184937
265493
3471677
6199126
1135967
3255947
1379224
1589207
5202614
4253551
6376438
1175569
1196157
692252
1190639
1138175
6215245
829839
3986068
6111658
2670788
7933410
1475894
2032972
267264
3224420
3935037
3326817
3805441
2645571
3836750
2933226
4544468
226813
7660584
4502081
3130950
4622086
362792
1280866
3218870
431602
967016
371596
609290
2555320
1045928
1265352
2911609
2045816
2161597
896256
666190
2110843
5015163
3650830
1859824
2041467
677150
6749537
2281235
154373
1635634
2104449
1021279
5995515
6746305
562940
2939499
213747
4943636
217655
2283786
806401
6800270
1442390
1029901
2010883
4133183
5233624
428392
4901776
2115571
317961
1418786
293907
2437985
4952741
31036
1970746
1868540
2946072
4058784
3184949
3927264
3120858
2040230
104833
1053050
350728
2209118
2570075
598293
746874
5703425
4589984
5688457
6127886
623586
3490082
759110
124448
3292564
2110744
5310108
154509
3010774
129778
1284684
2534110
1451404
3434617
2479147
305657
1589013
1185825
2713794
2066785
2308231
2834101
410702
358912
796893
3355441
3994879
3240644
736537
1992962
2002700
6040162
2144144
5097802
229731
2909023
1950567
7035064
657956
2142418
2268572
197885
1016875
790809
322523
1868813
91575
1827105
1528395
456965
102969
5191144
1128841
2663603
4701279
140310
1916857
1373529
5784445
1340047
5433939
388191
5026251
812124
2946850
5251859
1667084
6713887
3896361
1380293
5468480
1154318
2280598
3513087
4278921
1526990
2309691
1738710
3957860
5843009
1607730
3419460
1502996
2926411
6000511
2077042
2487267
109952
5458095
822821
2136543
2643570
1348793
2124361
2830888
4191768
1371297
376128
5640830
65658
1742181
2566737
1501983
227856
4744450
1444228
443133
3321231
1865916
63242
708059
2354602
2302236
3651278
4314049
4714526
2825774
509756
4970092
1631343
3420485
2158228
266840
831584
236238
2471736
4634241
2018488
8880492
4906786
7059715
827230
4649888
1531994
4128853
2729941
3649794
1604941
2620094
3036034
4505858
2662512
257550
327218
1835006
2739066
1266190
570638
3578953
2886833
2505264
1617434
4708522
1037903
5722289
2050287
6791955
3945220
2454493
2574887
4605384
1552265
572012
3230295
1026362
1078447
1385986
762815
3023924
299586
4857649
1413774
5139521
8023
1013660
2635115
3031373
1103615
1381842
526083
1321208
5058195
3340793
2354148
6023780
2381805
2443516
384366
2107873
687431
1463358
637940
1880365
241384
5656799
5093651
2133993
4784625
3530977
151165
57598
521586
885367
5165472
4188166
1951619
1523318
1385872
4731234
669341
4927880
1197975
2725773
1129612
165343
609572
2745005
2858105
2064080
2001097
3016714
415814
443084
2711058
3304919
5674095
5099332
3368897
2385448
2161142
4591460
1449461
2051603
5367026
5862651
1855652
3546772
654592
2695281
3201903
739519
1071324
1991735
5303407
1669166
2231842
934044
4298825
8402
3685698
1035283
1386769
1525953
965603
83664
2177341
632830
1508491
5558465
1074354
2095844
4289119
1915004
3330491
3118089
650208
2522805
4761046
807298
4029380
35152
1899507
3513164
5470518
4138167
3173911
3627146
576469
723596
2353756
5941195
931802
787490
6658190
1046549
3099161
216459
4634882
3367769
3270744
517166
4330826
970618
3527444
5246881
2393633
3033346
358081
5961756
226417
360724
1686251
2022082
348798
294997
501908
642162
433299
397845
4882576
1003308
5360861
4091965
2536890
3063184
6968774
353998
1727515
2122262
3948839
1545498
2151063
1183944
787985
448228
421779
2938264
2695082
959840
3990056
1405015
1127103
887752
2421550
2098675
1744388
668336
913593
2661826
1940298
3758785
1140851
800479
1741699
44522
1682170
3588803
3684079
4455679
3083984
3719719
4998589
369666
2137430
1305866
2124942
2012134
595203
2914726
599292
1607271
505155
3723095
5721758
101037
603116
2794725
3299295
2589546
895394
4691
1558392
4178631
8207004
2171383
1494585
1267076
1546613
1915040
2412933
3692862
608309
3919084
2943330
1767450
3558681
762704
683014
147657
3433730
1757424
1944210
1319086
504189
2776319
2132209
634996
5834901
1546210
854532
1817979
2418195
5904132
4162603
637315
890674
2674093
2279179
8712172
463271
706880
167802
2891378
718
3160114
3328019
4253963
1118636
1711022
5687541
1326398
291644
5607355
1106936
1847430
441471
1688458
3414735
1464689
326668
116613
1677622
2877548
4807362
6037042
4357080
4330705
1322769
1899084
3306445
191886
2747518
4903967
2585724
2224513
1772661
1373938
3041436
5533982
1944118
162140
5353372
2929695
3232751
483988
6416370
2022911
1694963
789798
5808959
1952560
2970103
2346929
2031236
5015085
2777863
41016
1980255
1618193
1750040
5719921
5240434
3074566
886280
2323052
1721655
2633466
940013
579739
348003
734361
2381300
1895567
1002509
3054989
2312731
961134
3294262
6638428
6932338
2656577
8280386
2367859
1195585
7354893
3268867
2886425
1116878
1270315
8750484
3416726
1365183
665342
838731
1443985
2408186
5956354
6066142
978942
717990
1112973
3935899
941792
5227344
2016441
4777322
2528168
1123115
2492942
1479383
1295010
1843068
747207
4229204
59251
2088595
307505
5858439
180072
2586326
209611
2870757
126358
1594687
847686
2169179
8052386
595812
4412501
2678570
61206
159801
1041220
1065468
4033210
1304851
3676002
6335829
4242667
3599950
5110
2908513
8176998
5329338
1621559
766757
4749642
557065
1310152
607554
1097632
1765473
3109685
528272
3602965
6690231
132469
603395
4327813
4021796
869597
1142255
2500716
117495
451161
5221528
2385359
4123499
1275295
3159495
2543972
72789
1457863
3820645
1152819
3590005
1765040
723388
3697111
4073618
1620228
1883613
3894631
116094
506093
1343443
439339
5418977
1947584
1625714
1296474
1549416
4325631
4866157
2883688
1002495
868507
4036106
954732
889968
3452012
2261695
5414311
125826
1513991
853217
4350882
18504
37095
2238262
2088135
3646192
4597922
4543514
2532831
5909508
1135394
2504713
256571
1310545
2043705
3229749
2832615
1827342
171869
2715610
2605872
1541856
291832
4236774
2934381
943011
7112449
5640908
736214
70877
82598
1214061
1514447
2230161
3690622
2498695
5666232
2697104
3095732
1910537
1539615
2460782
1343190
1059146
2156876
1386873
12545
2620725
668485
2115908
2068645
3835263
1566715
132221
7194992
4724489
3568574
5696303
3485042
470648
1094503
5005127
2552794
2462846
3173852
2290854
502241
2664557
3212009
4653551
483568
4848020
303640
180316
2007549
572181
2308882
2939803
3002911
205001
6840698
769939
694956
9416251
2052177
2610860
2259681
763051
4403128
2500405
4916845
2432314
765197
983739
1112655
6021638
4558435
3034860
1203751
1198719
334358
5148713
157423
7326278
434196
62223
331203
490374
1173018
4239544
2241513
2925785
1317896
853571
9427938
4903515
1212417
961201
5233272
714354
1793378
1929587
1361528
239096
4923649
982057
2258790
214099
1854801
2822201
2394220
178067
5584336
926099
3292201
4179546
21635
3091637
79624
6249887
976776
701486
8116151
806419
525435
3421941
65333
2193466
1474228
2522778
1803036
2509408
1137156
424666
807107
1068786
68073
3040073
1969570
792632
211028
1322889
1829572
4173985
2369756
2454461
3644448
4061647
1538519
3480492
4267657
5200568
1368093
7193247
3558512
1635455
5412368
5922079
1866629
521044
3776855
245101
157317
112911
3891846
959447
153591
181277
5901705
1522464
155700
1867865
575169
2601145
3410074
6951500
3392590
4381375
7806525
171487
782369
668427
463027
3722047
3211319
3613016
3364344
1956232
4619739
1923760
102411
2015092
4384473
4961837
3139659
2801177
866650
1700000
2726673
4231471
744337
2140711
4998476
799209
451322
5376263
743599
525982
3374442
3583479
5262725
1581593
1072789
5017092
3928646
251727
1087667
833982
3856775
3061286
2290112
6673701
3738336
1697117
1699740
6548849
304747
2081126
2561891
3042120
1508488
2602581
1056447
6737427
3034820
60551
637259
544218
1547324
479731
4521365
420736
176978
5560145
2388871
314407
4349231
3160120
118638
51262
4597112
6631604
2352630
1919801
1423453
6887747
232402
1031251
2960610
2348758
115648
423552
741876
642922
7340816
4505739
4638790
1304083
1432792
1453194
413858
6419531
2136089
4032512
2489512
4337363
1504338
5795630
1434561
2159160
3570694
1157315
287978
3642558
2965602
6514880
32985
4452893
1137036
195703
1992104
3305822
862472
2486301
1476838
6255811
2623321
6612691
4328136
2767564
1834877
5196635
6215469
46009
1019670
500543
5692725
5435920
4176783
2132053
855927
265927
7810671
576920
2288533
3027310
2224979
1319241
623629
502909
1038469
1728147
2792333
2834592
3122453
57151