1494284
7056552
3368782
2313701
6975509
1496265
2446635
105938
626837
1922006
1657276
2539734
1983809
1837490
3988697
1759595
4369010
5802402
1498925
1390390
3855016
2336938
797620
1325237
3283472
3396191
774400
2927450
257659
1473072
2996911
319900
1472597
2948809
1330893
6800636
3203010
47888
3254546
3860288
3012368
4005387
4443173
1468533
3646970
1158708
775272
1765227
4219526
1843156
1422396
1415528
3731780
964447
2848760
4098600
2578958
7530277
1738424
2981841
672349
3355948
456804
5512954
248729
3680055
402323
5199184
1645910
5511323
2388636
323258
3936705
919912
2557391
3709718
4392902
903358
1039300
3390349
2748272
472636
5272531
1808644
706954
3115528
646903
3309420
343220
758077
1615921
1092789
3634329
106666
1134218
1106696
453408
4638360
1470049
65497
1229283
844061
3742076
2254010
352882
2738266
3972391
1381217
2781361
528325
3354140
1084069
6998798
1750635
1462223
2692857
2856953
4006141
6339632
2080979
768381
1055208
69595
602884
7219655
556718
2750333
724997
1236269
1063444
2247787
3407889
642206
4930935
2988341
3648781
839393
1913221
411696
2804551
1415901
1872165
1119742
3423829
3901062
2855880
3080915
5769242
6160111
2957122
3010098
3305304
834279
908888
4175729
356442
1829795
3159826
564892
4482511
1877751
1534772
2709626
4584582
2492650
2053844
3558024
5123468
572688
1307266
338385
1944812
951267
383315
4111412
62920
4528781
3130161
316877
745739
2339599
4500408
5113835
4914419
1710633
3603872
3925222
6434646
1512018
2112004
2923933
78358
2225845
2803264
1747513
2190643
491431
6248885
660164
4758554
1536118
841679
5478099
3151789
4469931
6004331
1140188
993640
1733186
4341649
228704
139786
150962
4666260
133204
674855
3464546
290395
2624383
827800
2574223
689926
6719961
2436408
166134
251396
8624732
3086384
1679955
3925981
4444714
1147717
64210
1018043
3804173
2236418
1802067
1529178
178721
2923547
507049
1254460
88975
632621
4871386
1021456
1255861
1626574
2494628
2464241
76763
5513921
1874336
2962075
2089315
917696
4332668
2464527
2424345
969945
2330376
735762
6694781
1208959
7218582
1578547
2595257
2219572
4418973
2677102
2382479
5059963
1426828
5752276
873333
1032924
3987501
4529141
250864
2898151
160920
7832188
5121230
3295436
5312976
1712092
144242
4776655
1853917
87190
2764272
1696284
521426
929707
7498134
3114344
2755353
301040
3875310
702918
2242705
1808109
2850602
1194898
5720390
5911856
1662296
3840817
3226608
281247
3244806
1955730
4994661
1233353
4047168
4353928
2476702
2375559
787345
5948731
2274275
3967176
1519744
1563740
672185
4622732
3955770
1097922
2043322
1412778
2126494
3067190
5002690
2084667
1219628
3328179
2240561
1618654
1930701
4016626
3666774
289028
3061070
4253572
3325558
190453
1390796
1516139
1144328
1462334
4241805
5155631
5499349
228476
1363175
3461606
2887330
1835793
2152564
1849978
804678
1913037
2274198
2840365
3486957
2958382
4045670
1688593
2453976
2564736
1917506
1439255
768389
87220
2665329
5363693
2983057
2617707
5516996
3108747
1426922
7208497
3703198
3328410
4636160
195275
771046
2888375
1810345
3763206
8606942
270774
383276
1494866
2857837
1124582
404306
4264553
277286
314703
6088306
223830
496983
1688259
3323619
2232610
8054628
8659499
26129
7269998
3291315
1604412
940841
2339943
1756329
728057
3549809
1565122
3624746
3595677
3759380
2071931
2232196
2438471
3153571
719443
2402362
2060821
3564489
2799600
4454241
2537141
1983474
538353
458143
1605137
2504044
3614582
2401151
1829428
4895719
1300794
2312379
4643720
3204621
2585495
2758905
2947006
3274629
1732227
6758529
2454168
70524
8727743
589859
1209441
4476289
5377890
785601
1965369
1677434
1137932
6602746
1319433
4935807
471388
1395540
114970
1489845
2642587
190150
5040698
1011176
1299430
421130
1182432
90202
2301090
1006400
1469085
135565
1717332
1689979
272956
163641
2297543
5145342
4841198
1318569
4369169
2829979
1794768
3432499
1583324
500664
1919330
4276874
1023862
2136221
157918
234354
347641
2409108
1841056
3058261
4072578
259409
742873
564597
3647950
5163373
626248
93119
4389283
157672
3875237
1965008
916964
2326097
4208075
3422613
2685712
4638607
536369
2973406
2064121
79386
5759551
367290
541595
2081605
108265
1847882
4370546
2065863
1696950
30864
3652409
170212
4459969
3022548
2790013
1052166
3798138
2519973
793307
855591
2223320
1535041
406663
343906
2344562
1341987
7882482
1215030
4810163
584533
3538314
671878
2413026
3887662
320186
3890517
7927823
3399315
517011
1411756
668228
884514
3365310
4585079
516037
266985
2075947
5946270
144200
1720010
1927695
5397421
400680
1313106
542510
3837900
6525196
5685135
4272721
2132193
58045
4715439
4842453
3822113
1353132
288699
2561591
139635
254278
466942
227367
5669146
3253233
5007911
1374258
792481
2592428
1896769
2311935
476571
518971
1663050
2883537
1660678
3491962
4180180
1438157
132009
1293787
8713737
7509707
1736237
5153338
3195031
839660
5778924
1354841
386725
2442306
3900294
2330645
3443134
1228487
7219739
919048
376247
1888926
6728627
2957048
1461261
3355188
2651727
292396
1785557
2172802
1302156
3303908
4242312
2952805
2661232
2450065
477887
1333359
806411
3152180
674335
1739335
2059170
2557141
3639523
215415
2186159
3984367
147252
3314833
5534537
1889894
5103455
984254
5496291
7833702
134893
1981593
2865720
4282901
4221947
31783
5015380
3592494
6132601
1603883
6132357
2971762
357443
2982643
2676112
2565301
6407866
1430575
2547529
1949658
1290945
1872461
1742779
3901091
3590416
3824477
1356500
2667668
1523499
2374407
2616045
3303132
1395071
1689777
3213413
7121292
1024708
2666743
2193423
3658036
411824
1657483
3377739
470091
321098
5760851
351004
5080632
612575
49828
5443336
3235623
1222390
45170
1481767
48557
8518800
1560154
4498652
217626
5521161
59299
713702
4133503
810484
4360481
5528115
309240
4552592
947218
826304
1047091
42175
1910964
1204062
767105
1075831
450110
1555450
2191543
3136992
4272212
2267592
5081721
2532834
2495602
5480479
1362384
5687461
285453
6741793
5058532
2714428
4858726
5086828
2822556
2165253
630453
3888349
3785694
3598531
3843258
3342827
3552760
4257036
3278237
1460993
377816
2084725
552632
2086716
1941520
1628564
1140848
6441444
3224484
5023064
6285891
3663211
544462
672549
6108979
2316164
7102077
554622
316460
4601898
2895681
4702565
1832995
498878
2449154
1780976
1718544
3229499
2825227
5320060
6951002
1048988
1675918
5096649
99851
1111382
5652086
3635207
2385902
1957735
46217
1035668
5586784
1490070
2565406
2475970
2515319
1155236
3510569
815510
3823902
17872
4260434
1711805
145485
8016487
177459
5711620
4984283
3959635
3132240
1792905
2275068
2548480
7472737
1090308
3320475
2453468
3952199
5054497
1433454
889462
130064
6681876
4494881
1253782
7641864
6293787
625648
8154307
377161
6586340
1700977
265920
4941105
2082169
1771519
1786655
7056036
340033
109354
2941517
5006684
4026154
7550364
280764
1898194
1883149
547811
2437723
5945370
4582290
3039556
1320933
1688886
1004056
1369796
3423098
2471456
480858
196164
3346325
1697490
2648831
791788
914746
7717
599035
1866271
1559188
921511
4217390
5839201
2186250
3500780
1335903
1693747
6337116
1315776
6352761
1816475
148417
1970318
2548257
3475482
983996
1627830
4696434
5126652
1355858
1407885
3189192
166903
2950025
60064
88188
2431171
614353
3714392
1564722
825964
3199894
7069132
1395663
1588827
4441846
515617
605354
1223026
2541765
3431464
2858515
1117179
4433821
1389133
1855298
1113639
2434065
2845298
1730654
1997383
5847771
93256
85429
3600048
896557
2092271
577005
2109548
2461258
618795
2025337
2399082
6783067
3509551
3428290
1442882
2566336
1294705
176789
2235710
3304840
1324722
6781783
3335823
367584
8027635
64916
1653497
1361391
2856244
2921724
691413
1309152
1552348
374388
2062224
164804
4323516
3267102
2582377
710972
193605
710737
1315230
3273628
288405
1780947
561544
2043266
689795
5889479
701482
5604202
912652
5117012
786469
2356497
3417491
1535895
3436538
931236
358746
3711713
1652647
1135130
2076190
5153165
3387452
1522220
2899240
418554
6367423
3400318
477750
837506
5348007
4041351
1087515
3024695
1110836
4948416
818703
5072886
3003709
4006040
2476712
3580358
7727307
2992138
1336271
2571068
6467732
1117452
6721047
127323
2066146
3214160
221672
1232954
887775
252816
1716888
3702592
1695105
716738
481191
481130
5744452
2121279
2721862
6549168
138252
270108
2614110
530248
1960110
4468531
968924
1149852
6236037
337129
256325
5223794
601872
3593957
642784
330316
1478364
4058351
728276
1573861
254311
1080853
2163076
3662057
1563387
3365362
2155411
4217913
2378203
2136420
8870024
289322
321617
4234856
3090171
4908406
3087022
1177027
266939
3475869
3686821
4113782
1312598
1956984
135207
81592
969825
822788
2971442
2100374
6026811
1553827
1526713
756480
195242
692088
4252929
1517408
1069262
3908
4380154
795442
2124112
3407746
4975682
457976
691837
3588752
3935070
1365371
635303
3021580
4903429
3319359
138089
1376610
2390365
3590401
375161
2784524
693506
1284916
5840137
749103
2863940
464502
4676142
3119922
2621741
2491263
3588374
311111
742003
1588786
6547462
2809035
5370224
1711690
2338718
3753013
1349998
1285966
1085238
3933259
1160256
415302
2305227
1935432
4689986
4269871
1169923
4425012
2235971
363045
946630
3781140
4530480
2247938
2355363
3320128
5688214
155726
1611296
966142
1684630
3683568
436663
2542102
1487727
1221722
3023589
1270582
560482
415759
3001461
3565508
1318182
5887338
6760
2526033
2813825
528774
565135
2498213
436031
895243
1747739
4942854
2193029
1642689
2520636
9064572
6124989
3855815
7637723
2889089
2924390
1720760
2576304
1876843
9357105
3846192
1439567
579649
3151380
2894644
7146042
375286
1236599
1345792
2658662
6569824
3635171
2560313
5402525
1687624
4077582
1299514
3408223
3767313
3655044
4400920
506391
1117723
4500295
63741
1702598
1539754
1157623
836899
1488348
1181970
1762041
532546
1117467
1470946
1078823
541740
2992684
4801175
3274146
3378581
3173905
4844755
456788
6077896
4367946
3153213
5144169
2875165
1198760
2488049
697407
1195452
742523
1456828
546615
2029973
2129375
340785
2989149
3084802
2589705
1162747
3141913
2804014
1035670
695197
885892
4171867
2210720
2058672
844745
3858121
1086186
3571935
1534991
5607537
778440
2374379
2326017
2914942
3121817
2887853
498468
901928
1456518
792688
2088373
3615057
2996345
2311241
2612865
2206598
3265215
1658864
1645464
4907929
2100957
7305344
1893244
5548410
1200363
295509
7812648
4932218
2245191
1118144
3279402
615386
116309
2621838
2323864
407353
4185032
1002265
4734359
1853774
4766262
3943452
1446436
1642365
2175329
4209371
3077183
2014947
2987156
3589304
3835483
719633
8388729
2828656
4689783
2030980
3859222
256956
6766028
2052582
594783
2218365
3225792
4206839
4977144
1489264
2053885
1411337
7121576
3349609
2410419
3326753
2642403
1023264
865933
97223
1832764
4486998
2245378
5898010
580678
2187333
1886076
1642324
2705546
6627136
1109134
5578893
1699224
5097115
4335576
560889
3990864
7392890
6163840
4738273
1470424
3585407
152485
4113541
3026514
6874676
2036413
4920881
715120
609136
4505621
4628462
1421448
1481887
2598395
304925
3704566
1790696
7215711
33465
7822659
1233208
3119697
1554647
2035508
2112385
3444625
1027688
312395
1602344
4697079
2165232
3215777
6712524
1358491
3769414
4727194
4719783
103801
3571264
2994535
2025169
3672163
4440600
3039026
2837613
3046022
1150905
1378884
882470
2598865
906835
5017705
3688830
1295007
1530391
4396018
5615156
1316816
6230120
3551716
2954941
1390478
788488
4569164
5883051
5219095
777753
3586014
2142592
1977318
938943
3010713
2200141
1775696
1956240
8116694
6734263
4239938
1422514
7259656
901234
4681381
1717557
1847400
731812
4640320
1793883
485524
679958
3340546
2256749
2463925
2661256
4187951
4085639
4908228
6249249
4068828
899309
7186516
351383
348073
704286
1604148
1460717
6254243
1561045
3148511
274066
2342556
2012122
1838434
6923472
1692941
224805
3384406
806362
2152868
564607
1074927
3442894
824036
1467195
2350767
370696
2375038
2343909
1139686
509730
3851772
4138149
6573381
2094642
3811022
3024667
2877716
2866897
4480281
3195867
4175067
2240544
1059321
656158
965570
1142654
2763598
731247
4350929
2713426
5030442
151330
1275772
4910896
1188362
5811296
191411
4518925
2669624
383713
2891447
4642212
5383702
1586356
660743
2047751
4594109
1776852
450044
1569196
3904160
427952
637438
236621
5712688
2682475
2433675
1285302
4266750
1548556
3077493
260527
135727
4737409
321505
4238224
1299898
902011
3643911
1151385
1178456
4177909
4828741
5537176
5107226
528318
219152
3656732
8132082
375088
2244572
2163309
4301496
2334953
1132233
1885020
1367652
239640
3022232
1249644
1835032
3597890
855488
1467709
2279520
1656599
165516
4103029
3708842
3383294
466225
204406
946908
316230
4948091
184466
404252
1920377
129224
3325211
3366369
2228930
2104631
3095691
1578886
496648
231734
5317888
392316
4873819
2824474
136264
1497769
4692159
4142860
5843001
1743424
4935542
3623522
1384266
3536854
2322464
2358210
2768792
41103
1529604
5350174
3810482
802043
116675
1096571
3179967
226152
622900
512872
2595873
3986945
1414868
969889
2458301
5840463
978952
1103927
3512193
1133865
2042740
704957
6846620
6518750
306137
6491464
4836698
5230077
8313735
2500667
4333075
3686257
551694
545138
4961922
169143
1989117
5908246
3920143
230779
899142
2137252
3937604
1639078
772429
4416860
260305
1464647
2709627
8212923
3418095
2929110
2413125
1616602
2548332
3482403
1696064
5735648
5684029
263483
7364773
2450823
432749
8126826
80393
1521575
1872719
532459
583701
3070979
671475
2858821
801658
1879038
3252967
5976087
1536629
263686
2988949
4938275
3956906
4478506
300652
1822826
1375984
514149
1691760
2030285
3366161
1884629
3889819
1714957
2989940
3038327
2065855
3245378
2658389
6681845
8568801
3232932
3830578
620827
2683396
573581
1371956
5866121
3176120
2294961
650047
956922
3202558
434575
352286
7268920
2513672
279441
2692753
2209427
153368
3003699
2237571
5823046
6081185
363852
99657
1615978
459467
1383317
3862141
3193614
813170
1365196
4942990
5129187
289700
390190
4137212
505370
6833280
1820766
4248347
782906
7621263
3888913
1189266
505660
2452786
334299
93584
1370527
7625337
951490
1494167
31573
3644464
845889
284102
2977655
3728589
332608
2875664
259987
901268
3441625
4354648
1949809
2126119
4803125
1266903
1597292
5508954
1356921
401098
7119728
2433705
315125
149285
3002698
6098972
592233
3714077
429309
4038199
360566
3498263
7477634
4779750
5517948
3119471
2452519
1521680
4986428
1666103
141782
2854442
4952979
6274669
2016594
1049566
69160
1271009
2711601
4643287
1480357
4200034
6259462
125762
1533673
559300
1739572
237919
278799
1167189
4741142
1745573
5500675
4977398
2074707
7389581
857747
1664097
6841375
224314
5643985
3996290
99319
2700523
2059719
1047678
4255715
1639728
2911454
2166752
68894
1677570
4146465
2075244
742065
3874128
7349541
1191622
1361359
2536663
3074434
5754726
1148360
2753016
591149
281435
875823
2955276
3846505
983270
2509858
4142294
1458232
2039902
938658
602281
3875034
1933871
488410
2823839
105609
3796277
691000
1405824
3392704
2370037
341132
1914289
5645021
358940
386162
3970626
3076563
2585269
4491554
1461139
3142290
274267
1595821
5052396
1077771
1707829
2236637
282721
1842527
7100914
1499920
6325791
3092563
232992
2893628
4561875
1966632
4160990
315600
650094
347606
1323463
399277
4997031
2419631
678448
112154
3612007
3265765
904444
987180
1291631
511569
43719
4854907
110054
1044419
3403413
2945083
1764274
887289
1024619
462350
4581860
334690
1307569
2591827
4964079
2724090
6403142
3087008
1965402
3154617
6070728
3322056
4632778
74331
755608
4328660
1695330
186360
539813
751477
4801011
5009504
2799009
2568635
6853736
2529555
800942
5934837
1422990
1156249
2930351
303628
3039209
6219951
1538847
770876
4993855
4171185
4134037
848059
3338445
1765576
1226174
2583318
4937254
3822183
4814384
6036102
5071648
3010152
3643683
916075
1409539
1599700
343498
2935944
2383281
3133755
2494861
1629740
5775107
3967964
2927209
1138484
2650872
2003036
4253807
1906166
2179047
2318868
2711437
142651
5708565
795891
4208441
4760595
3213896
1518204
2496088
831449
1124190
3357662
3094138
240861
811808
44016
1364024
1386198
4046904
814031
40536
1155478
544037
21437
855111
884437
4789700
35306
948628
3514503
2970345
2362574
4179617
3583813
1959407
3374209
2384008
283841
3113964
1166751
739911
384038
2362138
3030158
5125490
57137
767527
2095086
62928
1768840
5277984
2118113
2417572
763286
941227
508589
2610405
3604879
802094
4281690
69927
3054236
2744924
2209109
1998961
3215783
2811462
1800060
5257387
3520135
2950049
1742166
739675
3898293
5660407
1147024
705982
57136
3561563
1362849
1066386
3773328
4994739
2727098
1447642
2825505
1461104
946521
551932
3133905
160634
471628
7892771
1544576
6205490
4945924
4754638
566672
1574562
4926952
1400428
4964137
4998611
2456188
43380
1520777
72577
541962
5411647
2752652
2779731
3404611
3614827
1991233
7019908
2912050
5497580
52975
1555208
1294008
1859534
1727294
3426332
2187043
2872455
536568
2633359
2522476
2087346
1706953
2627244
2391537
3327103
7454406
5609707
1597815
850743
5327021
1591110
4842697
5063511
2611647
2587500
2491459
3851076
1236788
4283037
3600776
716173
2438573
4511660
6008902
1651561
1847141
3455369
334189
2592867
215493
457849
845080
3653580
950631
701485
3551257
2691816
992437
2172507
1281738
2012420
4255133
2281220
1394664
1551786
1861418
3012583
2636280
4028426
1318944
5406375
66693
5943799
1234396
4135142
3437489
2111
3984020
3525459
3034186
247458
3617958
2795573
7171114
3084793
1058504
407241
2442693
934057
681340
1962845
3828672
8356663
1065210
80463
2827207
1676622
1700115
1984659
845506
3438877
3657993
2713309
2924897
110389
1437504
464435
225947
4612252
2818687
4516708
1820197
3338879
7348593
2993047
3301300
385443
2335779
1159757
2041158
61032
590982
2930822
1393345
2575812
3088529
4041789
2777850
5321089
4157096
3947600
4169404
8373816
3475555
1861431
1367201
4951664
6188394
353336
6392938
5871956
399936
4349382
4676039
693794
2820057
4866962
2483779
6818845
6046910
704445
331396
117067
1922380
408100
115893
546824
6276127
3392922
6005668
3391622
1339565
3104150
640099
2013948
147268
210448
3071443
8777506
2504214
1604769
3805114
4445328
764246
43162
43071
366354
5894424
8168973
3510609
222897
6081131
3266461
565488
3079092
2180181
2208897
440315
7633087
4026341
3681747
3151837
277248
6609631
5978669
3134130
2500909
1140472
593219
2040894
1965057
1219718
3268033
517364
1155740
3277691
699039
2451856
4545858
1217537
2969162
1374107
488473
2504391
5185242
436732
1980634
4635040
35321
1690524
5242255
1475005
2146821
4780842
16017
4916877
3472643
4788512
4827337
4088961
883135
4080226
1051303
1769961
4740500
6526049
1278621
3384166
1309143
4353665
1932780
5633572
1829873
384551
3966759
2728405
561067
2206332
1995422
1402952
2273848
1411056
672192
3739928
3653491
819397
749135
5094848
3454502
3973126
4925153
218557
4282922
3884796
5573459
903658
80976
2538382
3016986
5450750
4141389
2192329
6899192
787329
725657
5494832
1826694
170967
779046
6107879
5246686
1745390
216592
681450
2134101
2998267
962663
2805726
1601482
4047636
1284589
3121377
877548
7370313
6265973
217802
847720
55348
2191249
2380818
6107690
333648
4264791
489370
1037206
6594107
3261467
4176595
1605155
4338557
2399658
2196676
1555517
3493969
3884976
685416
2511106
6514628
2274265
2415717
1927524
4192283
315620
598711
720063
241626
3123743
23463
914157
3142542
180313
3502082
2929266
2023656
43057
1805392
4545693
1637622
4834494
6578325
5850141
4507424
432475
787749
3368449
194675
7655309
467702
1941607
1446170
2953579
1132475
4483677
490403
1075797
3801783
129141
5580970
4045193
1432318
5151803
2195583
18481
463935
2587301
914144
8284221
1825296
201430
2181993
329904
2367786
3054942
4731130
363473
1954780
3007302
5797425
200719
913304
402124
2605516
6543498
1399211
1744255
78603
1615515
993627
989833
5854020
2771072
2597808
512053
4157705
59728
317779
7923783
6648365
9010583
3614000
1115751
908103
2101053
116266
368685
3155218
387528
3276121
2464993
512256
310639
757907
5015915
1166466
1864754
2719698
3062748
8553777
4573058
1474387
5910809
516529
809139
411976
1910498
117631
354178
1012711
366634
7757375
1213810
1248380
4879342
2582886
800018
331591
67974
4244573
524084
2723710
468082
175340
2685140
5186944
1607983
145507
421485
1974719
4795020
2854909
4306027
1174727
5616217
1472670
2040712
4948104
424803
5179511
3047361
5464648
3445338
2522869
1786512
1806552
1904620
1637264
1521826
55618
2932266
2162621
3652784
1405715
718609
1889239
301488
1453926
1246164
4479047
1676904
2408309
5566534
708774
2985576
879590
2044188
4588850
1263349
2268929
445632
5569194
147262
1763630
1211078
1779596
2766109
4700959
1038312
2182765
612573
1384382
5230289
1079756
1247208
1523022
891977
304587
147190
2265122
1416144
3936122
6130368
564014
1791273
3837957
3854987
1016435
6036990
2029814
3595333
5363711
7333166
3621022
731256
1284975
465412
2197433
6516558
1458004
1001678
120041
1644114
166776
100022
1210084
2103080
1825335
2466516
3489151
2613131
3006682
261546
3621227
577800
853481
2974322
1604748
195797
2569916
994266
2295196
153394
131829
975308
6370047
4783608
2048924
325879
1218141
127331
1327072
2628177
221865
178875
223552
3830465
2293609
5380885
3504742
7287137
309262
3346561
3729233
5999397
2125310
1404467
2257251
1335069
2298939
422894
1479334
1337627
2511589
1324768
131713
758650
1687426
147391
7224644
2320162
3527296
589821
2065381
2096188
7797203
431365
4624029
759321
2770957
2317835
3401288
3331359
1955911
3142837
4056160
3279090
651734
2700010
1966887
3210150
2249498
2130592
3649984
275093
1895061
1128321
1465641
3399169
1101689
4560315
2905272
4635277
3797606
1374556
4345647
6230996
1653029
5394044
4016663
1776862
7355238
5960641
918460
3479310
1153953
2648627
2391498
2063408
2781962
1105933
2925404
1024199
846216
671362
3763286
793051
4584389
182567
2481528
1638773
7916827
237263
1914876
476997
3754526
2843295
3026343
1534713
342085
193520
1527831
1026086
506905
5234942
1304247
4184066
25170
2058449
1120983
1481070
6020357
1520237
3121993
460266
3342369
2406273
716896
295294
1163203
16673
2308092
362857
3125460
429067
266017
2294935
234338
3521954
4117774
996537
567933
180005
1540028
453126
4198967
502916
2837972
2333578
4974725
3379316
651008
1053627
7448208
2193748
237827
578140
846633
2389553
314015
3476951
1591797
4363877
747005
3628727
830615
447117
3254997
262868
1984640
6716568
2236
4213054
5475405
2169766
570289
2285693
4994103
3394923
195958
3652628
1201345
739254
2335225
2864805
7173425
2727887
2403963
3277914
4689494
5683135
5337726
161286
320985
454199
5807203
673970
54459
6557317
3047464
1249958
2960573
4388344
341014
1548192
5216635
2639375
4167554
1431403
222951
1007358
8193270
1770090
957807
1990089
2765176
3299830
656964
3981768
397749
4460746
2092966
2050768
3312778
3710850
1118380
2862177
1422640
2064582
2768533
6461038
1380942
1736752
1543788
2326406
45894
1380894
26528
5890960
3756281
2245304
2250896
700913
1091437
3720911
1695502
627509
1384355
3770597
648918
104604
482994
1987898
4422734
232845
687405
4133341
3036741
1084745
2086435
1737817
569204
7954
5627228
419094
160501
1232579
3284176
1775699
5115264
1312095
900055
3977159
2862699
2577632
2554640
1844127
3378169
6303290
3061558
1830845
786428
1681306
3648769
916844
2641614
7138394
228687
1921241
1588310
3599140
1175785
1390511
4212885
4100811
8301437
199363
911211
1142996
6518767
4221564
1016311
1626191
2440536
5613172
3127368
6276388
4140936
2459039
710030
907853
1891265
4468235
287530
216440
2734231
1483814
1337161
3440535
981190
1003537
272380
1516168
2359664
1946847
3503786
895456
1092061
394001
2315293
2445007
295127
3415371
430560
348489
4489543
2181128
3394568
5698229
3329814
7448368
1175785
5051407
1157144
2339857
6342672
305015
1494066
2199157
3132202
3224025
2644488
1496608
6215623
3197385
866831
112020
2879706
1970919
2175343
1514308
1048779
3665986
502322
2055259
2379520
2387335
4397457
752284
6535489
593174
328334
3659397
3047198
2557294
1431441
809217
3924826
2835545
4711658
118006
4306494
3635756
2150040
2732363
6911927
3848578
260269
1379158
3943283
379080
1089209
3034904
4022824
3377922
2688251
726200
900564
6294673
3884837
4020326
4159863
59036
4095183
825768
6229266
132209
547262
716076
5227701
2582098
2896060
516461
2959394
2383438
1494244
396543
1514350
1819418
7901270
905580
7254868
330667
3803161
2117752
548428
5371450
658637
1642915
97331
5139078
1656436
4444909
3336004
397863
498249
937293
369989
131519
3063093
4478874
1280319
1526055
263640
6515601
767516
2042450
4288184
3572576
5009011
3777184
68351
325949
2549913
318877
1434958
915911
837533
63869
468940
1901016
2732740
16760
369031
531233
1326699
7351147
4512167
761714
2615470
6978767
1441634
204406
1302950
842365
2961296
5949299
7405055
1424178
854372
586197
3308968
231490
38472
5827465
5508063
1058755
2210162
1331873
1188436
4196685
2356032
845066
7405590
5932820
6114577
1655794
2097204
1383130
2498737
2088250
3615653
2637377
3871661
3696165
14782
2615875
4410664
592541
4689930
3342251
559622
2797971
1280774
6142355
4911323
1249343
1777874
236865
1378548
3662214
2208278
906328
2758360
4437316
313977
2558195
1013247
416663
3422437
2243978
2314940
7972009
3808326
785511
4015752
3383458
2672208
334587
2361669
611404
7589684
1058772
965440
6267135
193073
114821
2646845
8195294
4870037
1691721
3152768
1712409
3619571
3213622
2796107
1970137
1667911
4578077
250691
3948760
1825993
27130
916596
3954092
5964938
4076869
1849434
2360412
213936
6011727
73597
2361561
386927
1866308
3629323
1195279
2353099
7542632
1749936
3799441
423191
304043
4953742
507548
601051
2466994
4906339
1630710
1927463
1177127
1030925
1083793
188040
2217467
66391
954308
1598488
4353642
5252089
525712
1356583
2895313
1641860
2697361
1052242
3663019
2657928
8652837
1847189
285556
1324986
1986517
2928868
5640999
2359034
1260733
3675845
921471
379000
1212988
1203989
2324337
4071566
90477
2601279
612706
5245400
6497548
2201006
3872097
471516
3572101
4984439
5141865
6161275
2416521
5736445
1092843
7264851
151187
6296055
815945
1291445
712926
3255611
5299390
1451097
4374004
2479398
25910
2679456
1560056
5982655
1931299
2153677
2034025
6314792
6536251
7888990
1327133
1088455
582979
6171449
5380364
626153
2712010
936551
3026040
705874
1301404
140465
3287461
3636054
4608758
4376726
2994627
943021
3765923
1236819
4222732
957462
3238966
2953561
5462490
2554908
433072
2982019
6836015
1453091
2614887
817394
3029670
4961829
5630857
901395
1446195
2348354
1467031
5761651
2572202
1196822
4308097
3357306
279131
5471129
1483485
3557215
7293572
4049403
3154594
2346960
591309
1465660
1225254
3217085
540731
1308057
416755
2229328
1250963
21024
918989
6453549
2922995
1211983
2701213
168436
1527324
2532167
2103269
509626
571336
6719436
4191847
1644887
1142693
1283802
1063455
371087
2524066
49929
1318660
219430
6721829
5498461
5140274
5683078
783472
2432030
536342
420927
1122071
1061749
2011011
5469909
415764
6123940
5456416
4694042
1649016
994875
1301220
1533720
2553925
2028835
7564468
5877061
2374342
5949475
3825742
6438675
3091872
6820728
1974508
5901713
2009002
2552117
1689534
1034186
909899
1140480
647147
676141
765586
5921686
975943
969434
4191053
477452
1507675
1740154
764579
5594440
1710574
3538965
3322854
2972838
494626
5984349
1556400
3209665
289904
420843
364021
750163
3135943
2143173
2968865
962303
3731655
1855655
2732455
2249726
908361
2036185
265797
1604012
4788035
2946549
5504773
4460553
334151
1862433
668536
2014865
6707875
3134767
3039584
904420
1487258
1032688
296871
4091123
1129235
184244
5027810
2276621
1110613
602004
1350980
2007293
1979991
2433489
4873619
568500
108058
2466890
936866
3204795
1773400
544702
4283500
3000838
1175598
407335
848506
3441035
4390084
3087270
4389149
1389912
5622240
2503084
1432968
2200533
20221
712859
4027580
1766810
1813388
817865
4009378
5647231
379117
2034998
2143712
1909814
1331864
2033511
256704
3700349
8426638
2080750
4240027
1850176
633771
1832796
5814294
2656642
734268
1236094
1439160
664794
2684067
2636468
4809121
596965
1199188
165918
5956757
486569
2377531
1553785
1944893
4677527
101675
977410
1069664
5581446
2119658
4982730
3910772
7248500
2849717
5843489
163339
2183134
6502807
3577989
4908441
4234767
6012871
98766
678009
528014
4478570
1676091
551610
3403241
2027918
3354230
237289
3970946
1637927
520584
273804
1872272
5030455
644922
6504964
1228851
188973
1760345
2361534
5326078
5338630
2921621
85512
1910918
6226112
5189192
424296
3809035
764272
743042
731205
966899
1256795
7109935
266396
4919993
1538160
1953027
4424538
3005826
509137
2609735
2282904
4090764
4283760
4224728
5397664
3661783
3651197
376768
6415972
1176032
596249
1711151
1820722
5493948
2588159
4311290
4527131
3658267
4377474
5227665
1605866
8013977
997536
1184970
2008815
411576
3956680
4341081
3518494
2949980
856504
4035888
4483996
156016
3205921
246669
894038
481538
632222
3382284
263473
137457
808828
2818420
1473485
872834
2033734
2477340
1825282
570288
4339355
2852937
5578224
2099268
1926919
4068138
2782157
321261
1247138
3910113
2012311
5174599
1181674
3366195
2360668
1104753
2501962
1318427
1074284
745923
1558989
2901541
710435
254321
2433200
2699994
256346
1551311
444687
3527097
1405457
2577324
4685668
7584162
1457376
3508307
2231340
3815676
7726524
860295
7430161
7070785
2764690
1415350
4612834
1993709
364628
5813311
1946395
1600231
2942574
3509185
249865
68377
6245756
284915
5468059
862257
6732707
1990237
880458
492437
721066
5906254
6748959
1779450
6262693
2242796
2357576
895490
417991
585286
1009566
1403888
1709226
2004127
741368
2021510
3123250
6158962
671745
796910
67626
2349279
799943
1726415
2452368
1286822
1903073
1596658
6087161
47541
1924799
958853
2974023
549462
3462559
1047636
25794
572958
4168839
2243612
504622
6467695
4185374
193977
6067454
1492637
1170803
1401624
91334
1413545
2552308
1470412
41690
2775853
3965442
5976042
2302843
5553200
2742511
5093117
1570676
1299096
2067169
648941
2996842
3639174
474996
3751381
1247878
2889939
1260050
493558
4309805
434405
2044019
1600387
6091041
6096742
4023356
3073571
1444560
616504
1611977
768978
3596311
2284283
3740424
2799391
1370981
914522
6043051
669331
982822
411101
3366769
5028906
1226528
299123
3225488
6874900
4919798
793884
1108064
1432388
6088669
4458017
7061661
1079458
2118246
4823902
785356
1715481
3122412
2608729
1494625
236547
1654654
1345934
2684467
1103023
3776775
1463508
2126921
5371792
2499596
3036269
1510545
535000
771321
316147
4222059
896889
1323541
5252145
5050910
2340091
2970891
7627861
2521772
532410
870738
1825260
4223758
349446
2778267
3555915
2715400
144915
992118
6028798
3927676
1562309
2101726
5996890
5182981
911196
1188343
589062
3627553
351224
562556
4846752
1610628
1683028
3707641
596647
4994346
1274975
6617857
119997
1353911
6436625
805792
5222958
95618
5082390
5464366
10014
3531977
5835314
2856339
1726388
2659571
6402780
603013
4399135
1783688
5536209
2151565
4351594
1383432
1457196
1209695
2017296
3445610
657122
805436
1257425
1943085
2469194
5672073
1790987
4082432
519599
2765736
1357717
4552634
3129518
1906562
4933958
519680
641604
820567
4630444
3874048
6307057
2231078
282846
2206783
8374488
5707162
399767
1072328
3399817
1424907
3466637
263962
1070762
5439037
822022
1966832
3953746
1622963
3417709
1620946
3683322
424039
2899885
1750555
5308320
4298681
354573
3261609
4042280
5751440
919178
879989
2568276
1152255
4904117
1717631
1373690
437466
2927597
1846254
1617991
1794583
5435047
967284
994484
2297689
428447
2470275
3609061
1080730
1141258
240067
1176470
1096023
2884461
2320159
3678263
3852867
4498057
4439000
1883978
1453569
4468419
1298926
4166654
1367335
2251214
3037308
6843506
1913848
2104428
2285781
3041519
4198596
242478
378662
1451212
1544828
3818058
1803037
1301191
1484699
2511254
1986520
923991
597947
1495374
717008
1026111
3283412
6345094
361699
201385
2966634
1246940
667499
950331
3923627
955404
7469276
746611
3468935
902208
445190
2392813
1557625
3879435
982795
2307402
2122505
2433561
3723051
220514
2730814
2568521
2450890
5273182
1303221
105699
2782961
1353063
1997746
1185484
483238
1067471
2244022
5952501
1496071
1976111
1427714
1417904
2103350
3718667
1050822
2212564
2095994
623101
177083
6019765
2623383
5633095
29370
3368204
3130750
4836237
830749
4594134
296837
1948671
1086655
3808295
2623598
2101727
3839449
1102318
284291
2036532
4067991
5005986
6375456
3412862
836377
4168332
2035259
708934
1751079
1415515
802187
430674
2963461
1553795
2859876
44095
596625
1536691
1122924
6442120
1412798
1014284
1755343
121427
42176
5429884
1852259
4165222
2255678
5946975
3540856
31575
362286
1466648
1569954
138789
495107
3367206
3618878
5792418
2904264
1653637
3257971
3111879
2081052
1210015
2455332
153246
802504
4231472
5495379
6500592
3902682
1071602
3499906
1411263
2480634
3400458
607933
300801
1142320
4827506
1838756
2349665
1642417
2588729
6972409
1403418
1022399
1397091
552044
5389728
3151560
354462
2336612
1686648
3280047
5038187
1566067
3731405
1306288
348709
1148903
173626
2172195
4463795
3560799
2787543
566862
2620841
1540280
3579587
1162455
3435972
890881
161503
604081
684899
195714
3177753
2618073
495903
136743
552794
1741897
1234695
925797
987578
5972749
1225535
1104369
1316976
2370746
5574201
4564174
5717632
1078572
4523470
888143
6614071
3651103
583079
2537933
1545736
3190419
325154
55131
587271
482695
2003508
2840154
1900533
2195489
336328
2438693
4939690
2753501
630679
1660784
2692681
2557250
693087
1062653
840270
67226
711587
1050787
71729
7025519
231434
590393
4012326
5995268
4377216
2845349
3692066
2199676
2631804
624470
3663206
2341743
149667
1580928
3167793
3478350
5394069
7067133
1595162
366389
2435570
1462575
1721397
2553084
1206499
1209275
68737
4155218
1078012
28011
1763264
301901
3546917
900300
4352553
3669615
1319265
1448882
1704146
145614
3406535
694784
913942
1377611
837508
5469890
1012455
219433
297671
1255321
2554078
604977
3542921
2413665
4880832
7601410
7347883
6205106
971849
2032186
3746855
2846726
486571
3557322
7559993
659698
2599215
1268622
671883
572802
1378499
2057082
68687
2937485
2338040
1634759
490179
4919988
1129545
4112147
2526206
4421010
2260464
3032860
4918563
2630892
5874230
709288
2796509
2175840
489098
41141
459816
2426346
4566419
4842956
3582378
2974958
1123395
2472566
732856
750602
5059282
4470198
5110045
1873545
710199
4380420
2267261
5743479
3092659
6258503
397208
1736107
5688692
3297231
245889
1302417
3006297
1547403
4241197
1872303
794379
170516
5624782
7405604
1864935
114707
3976727
1046189
475853
4301784
5922919
4815489
2823726
668218
1098633
1865365
5714745
979786
3667224
5704868
729026
1643515
7523107
1913907
1706762
1666786
1818635
7763160
390366
2094945
1243040
51031
3456791
678335
1413887
4361676
4981710
282002
3872976
1815482
1791077
2047740
8094292
7906273
743246
627242
1113336
5726
2871014
1657792
6300311
4677600
818207
6075314
6258620
219077
3838529
6138169
2050974
5413713
5999900
83464
1281418
5074045
4300662
3895127
5539598
2707326
848696
4843398
2200886
4467003
2285892
5802581
1768177
5053147
282394
4547924
4969342
3519345
5057073
1015432
5816548
1241139
3539329
1673008
2525678
5087608
4974298
37803
6165106
1706546
773172
2894059
2704965
343471
3913944
4087349
69338
2863805
2346021
6663329
2358894
6947309
955208
2232858
1316809
1623208
2138920
2169562
3051005
5665243
192768
1196616
1266034
707527
6330859
2557406
453964
607241
2449450
244027
1786052
4122051
663961
5816153
1018214
1618281
2367392
4799154
3383196
1109766
607766
551278
4221454
754307
3001155
85401
819483
375360
2143854
2668437
148636
6647715
1497640
2129604
563203
3816337
1279017
150288
2575199
6399661
336882
4815699
6006560
342988
250430
407637
235772
2624752
2851840
1834706
3815770
3801018
1629719
162363
1524623
115954
114412
5310849
1493183
1089881
3060295
3671905
4836482
1956297
586102
3131183
1264323
1951197
3215194
1061511
3638991
333387
245262
6571885
1163380
1735431
6863199
1655637
2226357
4224441
3284223
295438
297802
3773235
923705
3220459
2790167
3489596
690785
715505
4235067
4223365
656275
1031178
5648549
8872598
232519
2740135
1285180
166469
1742730
724957
2444395
3790199
1369658
586651
3694024
6211090
1153605
624043
5269261
3797868
2793101
4761567
604194
6834725
2183580
76077
2473842
1246919
5808075
167846
416671
2880855
5476383
2306385
1261958
1056886
3407043
885386
603842
4219098
564377
1172793
3508626
684115
3102356
384328
1331364
322373
507707
186354
1254245
2578511
1806125
2338504
4119999
3748943
828835
1324093
367752
4460650
5366670
1294726
1204157
1137357
1189035
4595893
2106393
4474707
492033
752301
938988
2542722
4289328
1617856
2102204
2134275
4272587
3412399
480478
1171944
3315972
99929
1346816
896053
1540201
1100596
3369807
5242015
1734962
54882
731086
4010216
4398823
172165
1263209
2264025
1793218
3118356
2195022
5000165
83084
2739870
644355
1525659
757715
796801
2700664
5231715
1961692
4104573
2176117
928749
388929
5601745
838500
751279
120455
408933
843003
823442
5072435
2534929
5191058
13312
3440237
1631114
438568
645160
1421073
4887697
1282956
1592399
1831791
1401072
3440868
1013631
4706566
1552432
5322357
4492016
4886681
2133036
3745035
1576653
2071023
637214
1830659
2886432
373669
11826
7475540
2261655
274537
2268446
439238
1055445
2597501
628742
2150098
2997184
7423807
2882638
5341984
4429285
1387646
862176
1313587
2024268
3086011
744719
607831
1321930
2408070
4629845
1888049
1842286
916018
221806
879282
982026
1485744
2334865
2966040
961099
4032606
2321643
4698168
562537
4249050
4902868
234239
1523791
1032984
1355635
4904042
5475078
1657301
1895546
3882266
1184333
3048864
1333558
3885134
196444
336225
183695
3623836
936441
4865740
885266
2675195
6315050
5348660
3909784
5546829
3641857
1263777
2231428
826890
428012
191324
4722470
2406268
3468512
2812955
1041718
4107026
3424944
1843388
1827771
1382042
1138908
1627970
533393
2763105
3290016
5805107
5582214
183082
863515
5286988
2169558
665503
5949411
3307002
3695031
1507336
1099460
2366812
2918082
2407123
620061
2094032
2324967
5359664
2528270
3638801
3330467
2887926
6616975
6759828
2172518
847439
2674307
3239195
1395333
6716003
2809022
527812
5649862
5014558
2404571
2005824
4430918
2425242
322865
1026486
1117793
1480555
2541794
3298786
5569040
3392003
3764786
2324240
4437238
2882859
3064302
3273956
1554495
5377984
2389787
333876
2476076
4159498
2111168
343339
1394591
2282694
380346
2050067
200983
2032126
456955
2107781
1036154
2602916
1556750
716198
2862831
6198130
5576715
7147207
2359305
2634484
1154181
476066
1202493
3773042
3247205
4205137
2627133
6937312
5228908
1934159
1366600
977565
2106841
529454
4261332
2255133
2081233
382761
4671960
543132
1485115
2270415
1652155
4218868
1437037
3299950
435696
79999
1175368
627384
4008553
439132
4476433
4089628
1294650
896280
4654703
1196027
7170282
4654631
3745412
129740
529490
1035997
937391
3550481
335049
307975
918483
7244292
2568042
2489092
4219235
5515875
940657
1967823
2230821
83778
2104462
1648531
3347444
2042036
3433177
1641777
2813570
1825461
666951
1241124
4149555
3380648
1382237
8871908
5107021
1970076
2031895
204298
5011922
165322
1354130
4064086
618768
7169783
335450
90020
4112986
1481986
2229441
2779867
641945
1425896
604892
606354
2831838
4935152
2371046
1094863
6499956
1704313
103998
995421
3039
1967597
1603202
756832
2799648
2290876
2529512
690344
3912726
4168040
221201
516972
589869
3110029
572406
2145976
5321525
1526021
5106714
5891116
2714860
786900
6965126
1701904
6050918
1021643
352449
2934060
3704027
5491515
5789255
742715
864652
380259
1111450
3497856
2622228
1653866
1405047
1437488
5483719
3110858
3582448
1159040
3078369
398764
3254594
1605127
1709932
3537779
2993384
4794629
4777225
2489753
3081622
421888
6306724
3365554
1716537
854086
740
1469165
1973084
2146278
432059
5464236
1085126
4843461
245036
699350
2068971
3713245
512066
3473762
1635835
3096444
540877
1356327
751264
889560
6050692
1815956
5822873
220415
2876147
7295725
1775434
2939914
791918
22900
3457277
573275
2363371
309927
255923
29685
3291964
3889892
149212
1170115
5015045
587814
3922811
2150377
2559244
5802896
5136532
203611
935922
1026389
6068404
3634510
2353610
4447731
611860
5277833
299904
777433
3262080
3172437
546354
1167968
911024
36184
5423593
5275206
5106548
1480074
1339033
688818
1837681
4511215
1511953
3755790
2373846
896068
4082890
6486603
1150817
2073733
1544254
1665175
267367
923047
4180046
2072399
4860680
1284400
2154809
1731454
5274064
330960
825993
1111436
6102975
236554
6361898
594528
2844969
1496160
1274400
1404919
4610472
3229833
6384879
884776
358523
1303224
4231907
5178161
1186477
3380075
3551914
9130982
1916712
4201093
390356
2750557
1220382
4063286
785471
2004371
7552530
2744635
1538941
236389
5773550
2666688
4628588
3129767
401174
2160824
2314739
4678801
3148725
82088
127997
2352150
3257111
60238
4344717
7104512
4793770
754730
685183
4399031
3369166
2228590
3023395
3649310
3245827
3815621
1034165
979350
4366714
727317
4267089
1793301
2399315
5508483
6903059
3722021
2441228
4212188
5783528
2123942
2912103
3489984
1885553
2871917
1692959
1482033
832623
5335196
521766
4770813
534919
9025
5366087
6859977
7179705
2695426
4410065
792257
4650921
941626
685467
3105561
4532291
1231087
2727235
247621
1313324
261382
5803737
1486596
3044511
5707529
1234079
2507032
2282711
851339
1482855
3732624
144543
523374
1222244
5951411
2121557
863419
2765924
3013201
5702471
1261076
3293579
2732800
645929
3320882
1656693
207196
3907685
1840912
1940974
3796307
2039831
1481128
375749
6102199
635683
850675
1258442
327049
424358
2923791
754911
3488556
103409
1248871
2221344
1237241
54124
486050
5011920
2514978
341576
2270770
3012729
2422176
6495445
1174588
324432
3076849
3318490
3239781
200554
460209
2415021
5370020
1876353
2564331
2466834
482899
1210131
2031940
965998
5165966
1662402
2011392
74160
1923439
443645
1160360
855384
349342
2201430
3187306
9352567
418061
4193501
3081452
1278378
381246
3953802
5689035
376046
2255645
1236607
142446
1319243
3091992
1578082
2626237
2718759
1794527
673670
2564244
2200065
4778866
223274
540098
1627047
2049432
1457180
2602261
1449854
3020751
7126413
2355208
1146614
4051375
4911409
3762687
7585775
2883550
2849651
4853815
3062664
2582638
279476
767583
392857
1104798
154523
3587684
626519
780448
2179734
313500
1145392
4269262
6415862
616439
3745820
3654215
2288118
903387
3118701
1435859
5318376
3610285
1677217
5228381
1801614
1855953
1655821
555299
499936
137997
3609705
2184942
2018194
2239001
1509140
967764
3186773
4559285
811452
1125567
305280
506285
7366591
640792
2967761
3010418
471669
1894283
3236432
767735
330619
2747529
7279648
480629
2663237
3978321
2306795
6198567
5475544
1203054
3081647
2580343
2512740
1404361
137038
87022
756516
6287621
1946377
5154251
279502
1390206
2509405
2274899
1012725
3624623
3700386
3694163
3458707
1213089
572713
4182843
1573545
1307846
2220567
1292565
2504423
1068222
5693702
314555
2291077
204491
2553156
7083448
50948
3563758
342699
99615
6108354
3726381
5049165
357563
254210
1244372
4612354
70133
1914845
950789
1778274
4447192
1831822
2971664
5482062
3715800
4106624
120302
160066
755767
114800
1437802
7417579
3456783
2249546
3755483
2346596
2356038
3125359
4026419
583171
6412922
3769468
4889421
443067
2643462
7710317
344571
5272520
4695539
2251697
4669587
1933382
3017348
1704252
1123043
2498692
3689077
5319942
8405241
3476888
286637
1204541
1184035
7867396
2699417
2713513
6262261
7036807
2496894
2984959
6002476
4396651
1814508
6081306
3967568
1309677
3634745
67616
301491
2819225
304214
2195951
5208843
3486135
897473
2056183
409974
3651018
4390999
1921944
3124908
749132
2944478
2435756
593784
2809783
3110213
1679914
68549
2716241
204746
2141717
983711
2674628
1227611
1048900
5178832
808880
2131565
744609
58664
1779908
394545
346368
2403769
951148
967869
1217816
3337747
2650302
914382
1620382
3760229
5897751
5451769
867645
2925196
1612642
2133005
977104
445430
4601795
1473940
926728
46403
407832
2093261
1803723
3200977
981056
1376095
37329
96368
2953821
5709066
7244895
3727955
3282665
3410247
329841
2911621
310795
390074
2032725
576733
1742297
5506021
999995
1761736
5155467
3569810
1220296
3255413
204217
3636808
3891739
6679127
121674
5976249
1921045
3466933
2020713
2691936
100416
654809
2488288
8295368
4883894
1107238
4613874
6822960
1176943
4709597
2932633
5407213
620679
1610992
3866061
1316701
2988118
793078
2603701
5202024
852
4372338
63567
1701015
2805648
3721425
1251943
733569
4102105
3368410
5517023
4920029
7824849
4512676
3413400
917778
5391446
93795
246734
854211
2927619
6763035
3613510
3913961
3002888
1956103
2502060
45036
5732711
2786297
1472311
5411289
1309150
7226691
6100403
3275498
6060410
1813091
2412943
2595019
363154
1971909
1156729
604109
2379651
12398
1327991
3146137
1525928
6426089
2489780
5207405
862343
629156
3100912
2006060
192010
379740
3422934
5028125
2556713
2025786
600157
2820956
1189941
825034
125426
1066238
2856947
621634
5831238
34819
980828
1693457
632757
3363373
1484798
1652671
1053913
4676545
3226244
4658382
3224166
1626496
1387755
802968
3421278
1062719
243760
3985778
956174
4852613
1839186
72908
3308284
141697
2176135
1049613
2294625
680191
2114265
674215
255703
2045128
985901
5685997
2769157
6015113
7686
597402
885004
2075755
4143255
1099402
4131188
1626718
5079218
3232872
814907
2730435
1087514
211619
93108
323190
6069742
1609922
2695142
3369611
6577876
1378983
47409
4540916
4311171
4571169
2925604
290211
1303352
707144
2038443
338917
4515008
2855376
2350440
3337121
2579265
413162
858208
238285
3617620
874081
209926
1373613
191848
1952889
2828568
4366641
1537503
577550
5122591
3683531
2594297
2955744
5035398
425771
1617618
3938290
104858
2886856
577380
7819
2840838
3765882
2732990
1956850
909741
2187678
1813382
1139384
6126625
313307
230097
1996960
7757703
255095
1269481
1513267
6662238
3234579
2803772
4116988
173500
286934
3173208
132219
1344483
3379111
1342073
1878319
2068730
3795338
1532680
2097605
4694889
3306165
2237227
5410361
3532574
2383169
1482884
728762
1586491
896417
4250445
467149
6104113
3570109
2317303
1227531
3531672
1713474
4910695
393882
1728909
3730606
1996129
155953
3849305
1376930
3628737
1715334
3613361
5528072
443742
2078524
155396
1701517
1111813
2136839
4734653
4349854
2628299
2184361
2644887
128508
4451570
885461
2350573
1703241
262450
975265
3046847
5649301
2117573
3372249
353351
1004163
7197813
2927323
4854708
2721341
6513974
5008624
583272
5878588
168061
4725756
3810024
559395
1554033
204489
236966
1024147
3653614
1299398
2347393
1578399
1060603
1725714
5225839
1339827
4131103
402063
1437523
4516087
1355255
1094254
1796367
1828429
7557161
832138
200307
1160987
391407
2708499
95312
250168
111296
6214733
1003599
1509562
2142276
2070081
883621
3089071
5618954
1078614
4420694
1066351
3808072
899734
3431418
3773722
253453
3445531
3547510
3006831
3490044
1696741
1788914
4236370
5154225
965989
987460
585135
4370135
1951511
5228132
2763266
96547
1697105
6398698
930948
1462448
3211964
1240109
253206
390007
1436898
3618914
1013052
6186337
262946
2194722
1740017
2172050
162644
4615761
848624
883244
719527
361585
2882583
400287
1512100
1929268
1712756
2314564
2162346
3600506
3078825
653489
1025764
2747400
2734598
159547
2724838
1118000
2115918
1149032
2882316
1906384
8039832
1298087
1464875
2992587
3809842
2129369
2619210
311657
596764
812248
1755985
2634690
1820348
4271667
2393775
3117669
829517
2194433
2996845
6599608
1517382
4399429
1296245
598920
1403774
4107469
913305
1067321
31619
1296123
1285613
2587603
6993967
161970
3264881
4489165
223163
444351
2424654
403548
6850469
6410904
1155706
705139
469597
1768637
3351660
7010
383443
2940241
1095557
4320385
1016722
1544080
474688
3355648
1398366
1284827
1514677
3249591
4836041
1737296
1140054
979949
1051615
136840
73625
5368675
2941303
4166579
2280273
151289
685636
1066206
3628556
991506
1993367
5430974
5240160
4212399
622561
372179
773352
1760768
2426556
3267417
1572120
420157
2174498
3231913
4366792
7922172
183878
125128
3339327
5290501
1893341
3292356
1150216
2839333
5057552
3620282
3388294
4740459
4714796
7873106
3312883
1196199
3718667
1518635
1757553
236188
127703
2296585
4992290
4424877
1340983
510735
3745377
2555346
2675538
1299373
3588705
955800
2010848
1521995
2745963
15611
703243
2602438
183893
1232740
2669442
3462796
2865783
2404455
2332062
878285
494567
1278833
298711
6396392
4416365
3371258
1872169
2167065
953245
5748054
2566736
3680761
327981
418926
6994033
1942683
732363
852711
2797156
2409675
1146227
3404031
1915754
3242737
2595722
4582738
6465550
826064
1323169
597129
1132524
1738745
3771363
517857
3050853
5973599
1831438
360124
6166019
923022
52582
191805
6977331
4992912
1655824
550540
3306043
1437509
1870251
794510
5351047
1023747
4393698
1763333
2964037
295030
8326433
960981
1120300
1224786
3338604
5568841
3895805
4007795
2978935
1526278
9063134
3942516
3189809
546102
1972535
5062554
4469754
502819
2006234
2760127
4974967
5955867
1078690
3197537
1140701
339644
3180490
4074543
1142984
1625530
2745112
3950670
3250156
1966799
1415882
4563524
778996
1385786
1133194
1666730
1271917
6514191
4326996
3216412
75528
2791509
3187232
1919643
281694
3982151
374223
3107921
3136522
272949
3344302
797444
4482318
1825810
2729624
1687383
2213857
1049062
6246349
2053667
6944811
11799
88169
1466178
1547837
4839366
7092
7305652
1644764
308883
246232
219003
3576592
36751
2641070
3116976
1454664
3351437
117195
3652217
128442
99310
1963263
4172720
120936
397035
31380
1248281
1001310
3042136
2358389
4279662
447724
4559232
1207070
288549
587984
4319176
5472
456921
3385634
4602864
2999455
2343227
6062335
760641
4947867
1322236
1598992
2156946
6544666
4212265
4810479
117310
653860
4931154
4162384
4144958
1168505
7282717
2945330
3417897
582174
3819909
6186526
3885298
4371764
6032562
76502
1334810
762029
1955887
6032789
330732
4736513
2988455
3845241
341940
1253498
1319044
1704705
453037
1091465
2825016
5655272
3346381
1627235
8711676
596200
2715668
611413
2516376
2127905
150853
402026
1119977
4830212
437583
3219674
4060187
2091218
1138259
303113
4629600
354986
255384
4205784
3687287
1327307
5391969
1243374
4842820
2436345
3778688
1063912
2407816
2044688
4977011
844076
4308148
6771704
837356
3456015
2406171
407766
2377261
262134
2292027
3315977
1321196
1373455
1010825
3978072
953071
4627780
6427338
298992
719200
20619
5193919
2473115
1553767
450642
3451460
185035
6503645
2109007
705313
566706
3294389
1990619
484437
5055647
3178117
1400439
110453
3028605
1775578
2254851
259952
2854493
6275115
1579588
470195
215101
3126858
1869478
4947528
1833715
2994690
882647
737808
2478349
3074129
442686
3453643
2431183
4860861
7068851
2625802
2815992
3803940
1905587
2595706
2829898
775395
561988
6719101
605726
2220740
1784455
385712
4533845
652456
5572586
1439671
2902512
1768873
979097
2981744
5823630
3085236
1564730
3012892
2239318
1571744
2672189
3552765
844519
3920974
116079
4452193
232574
1515309
2193059
1788945
776272
857595
5846270
434287
1929460
875206
4188323
3334995
4597560
5384859
6454849
152681
969734
1701312
1091483
1871401
2690586
5665840
1844251
1007787
5277901
3448364
4584958
1041905
4930924
3290508
5947383
1183093
4856239
5712947
5323571
2641858
4706816
4928259
1943955
292867
3280983
1932827
1913373
3301272
832174
1880684
3582457
2322306
675341
3727426
1221472
5833907
4866677
1758915
6604094
4671833
4452025
6197285
400876
1361092
1498460
1056211
1127236
2158008
922758
1771917
2879300
455364
3855070
3910824
1109488
671034
2232565
699894
629275
4300015
2398305
1979207
5212932
4563248
1159314
8059257
981905
3392641
1832689
804753
3189098
3575655
239620
835624
166880
1743192
2656437
1602980
3034009
3844985
5791240
728489
866060
2992411
2497533
707377
1192051
413691
3496432
2550721
1139660
2364395
3821499
6057742
1800042
991166
808594
3690413
1303705
6366676
556400
2403955
460164
1069627
126187
3109171
5690681
1902465
2953918
4137554
408181
2869351
1092294
2284826
331091
3152247
24701
598776
2435915
842580
6957059
2622593
552890
6256969
1228441
2261275
3961144
1112393
3660312
1616094
446768
1626291
736932
6387
74064
3955635
644656
4041936
3224764
833613
5882335
279039
473969
4608985
1029083
3386494
1096789
1333011
2159381
1483630
1039629
4741994
1367035
3557
2990255
1326215
7252087
8090843
526775
2253883
3101141
1381304
1141232
79618
385691
1125091
13371
883615
2836223
2399610
1556241
1476567
2016390
1598698
4759111
4419349
3216926
3279359
2507734
3055249
1577324
6329760
5191332
1916420
244509
1531535
5712057
2193207
4585897
3794389
3512962
6665953
6572152
5071927
1883703
1265943
4773163
3817585
583623
844938
3962450
3383347
5125061
1839271
916354
2460114
7229891
754137
7103
2176707
5193884
1570582
1669313
1834206
43281
2940908
5108713
593046
1527706
1106646
1359409
269971
5655574
842954
3748202
1951855
778724
3241487
353429
5452059
1268910
3705964
1536809
1001726
7343655
655018
1302432
1274668
154940
4534863
1618189
1135653
5643424
1079925
6635371
4146910
1260896
4867951
361462
173016
5076691
732884
2772515
569982
6460806
5083253
6021037
5416443
1097072
6048050
7641738
2528854
6179070
858914
745831
2062875
1396084
3223755
376034
4480767
2772420
7151641
3018684
364876
7039955
4506745
2165900
1277142
842532
2346194
3880165
5002274
3756665
4749668
3924404
94235
7429331
2155055
6168552
597965
172115
3632554
977337
4168189
541745
3752886
400955
3835825
2637658
903223
1281953
8152398
66420
4024170
4215290
2285281
224468
7436727
5098392
1245488
6975743
1662677
734157
444126
2413916
129954
345466
3528736
1836202
597928
5602825
785963
1209487
7008181
2558853
490729
4156371
4073716
313675
657775
1472609
5108762
2120796
1123096
6926655
6894456
672825
293031
2976821
2723593
1420614
1356147
4646453
4600237
5175411
783815
7452081
6279504
111187
4140512
1289395
24052
1284984
3057935
2555549
165705
76525
957021
1915570
4736528
1775478
1864984
390365
1033244
824739
4409570
3478417
5617184
964942
2229395
1804018
582765
4308591
7434538
6142699
4251961
3390149
5478054
865158
1519534
6614716
3350724
4488013
5439072
454722
2460506
1303804
2689611
243206
2709272
1830055
163902
8502228
2211954
3940152
2605883
3001834
284933
1654289
5564390
4577776
237286
2623730
998817
1207398
4875815
1453165
1934879
2319207
4891736
1861846
785860
818978
754472
5291757
1655271
3748444
2389114
134954
3527131
5983930
3372590
1681482
2102013
1721999
4700521
3244182
3489026
2081029
4657627
2626295
4417925
1357330
3766128
3616570
2327781
3436348
368111
1134080
22664
5320613
6723126
809747
2272160
1899855
2376095
1158207
1656194
2084877
7091268
66604
4941968
3688166
3535987
19353
319652
1703496
2646767
3149785
3742402
4103999
1899615
910113
4361376
93118
4673455
438680
3183640
102047
1477822
1003024
6576254
108901
3254875
711323
1426206
1775500
237854
5438982
67923
2139684
727203
453954
1760046
62239
4118069
512900
1646866
640681
1177518
2659485
4554012
879946
3238279
3443566
994424
2359274
995598
7441313
3071634
84274
408376
1652296
113956
3752222
496685
2794783
323500
2879743
2403156
3159872
4022941
1498137
5706834
782312
3391878
4074280
4974428
554001
3089756
827853
2056246
5090362
226578
2424556
2448237
438782
1200906
2950651
524525
199238
2674779
939746
924084
1750756
3475075
256609
540321
3083593
179625
258789
1026206
6461026
1785603
4917828
2307327
6984698
2531230
3674507
1882516
3026924
4613106
1207164
3167140
4782285
4330231
1947705
360264
3006319
859994
3754973
4281960
8058640
1383415
5969700
1794980
490146
2253402
3252791
538373
246587
5205735
1697874
1211800
565769
3786812
4269592
91213
362691
1992982
7387075
1838784
2641604
2897445
3109010
1252629
480475
1114464
3573575
2221907
3744679
4521854
1659186
2849999
3938
1204977
2800868
1700600
198959
3925562
2792278
533795
1853673
4023113
3679070
241014
2637688
749178
1028121
2691957
71229
3407833
3393898
3741134
1694140
2473545
1996306
1187763
747900
1032212
1528012
4571001
377884
4392457
6149683
1027476
2857379
4698591
4120682
4603367
739458
2824491
1286967
4001677
2014928
1393893
1700115
588425
1985236
3312446
379421
1206750
1456486
2694576
513470
3546167
3764990
981102
1615890
3429488
4471405
5915937
3137537
2842448
2064319
2901046
1123535
288774
5258310
173439
2630753
504299
405822
576053
3039041
2811036
1164220
4442268
3484743
2561441
3642636
2883757
1097621
1640799
467817
136119
18545
510168
3966300
1312631
1267307
2010562
7286566
4517523
155434
4052671
2257673
3516197
1643025
2809959
4820162
2873214
384156
2586065
670204
287669
667871
709256
3959547
5291872
731549
3436247
2339748
163113
116577
87928
1413824
90376
178303
783246
2996822
3439668
1867145
5301769
4692317
2799041
1879169
7225904
578180
3421587
2923194
1101055
5018716
2199465
589280
839864
2414310
4880
2711031
4315023
4352808
4635420
1551361
2900290
1562508
2468290
1051607
6611794
4173846
316229
1636915
86314
2985346
399081
1993242
716908
7128646
954521
292193
1057873
1614094
243411
1034465
592149
3473637
2974923
450058
2072500
1004290
1184415
1055726
1516766
4870025
216169
356999
2384686
2600001
883513
351077
1197523
7317535
811913
3041233
118826
1389909
4893478
2609413
2109044
959802
3127571
3757898
5250892
576661
550287
2981878
5263
7377497
655184
585183
327315
4488320
1080434
1604797
1190817
1040105
2471606
5363590
1411946
2277069
2504956
2178888
4620877
295758
267206
2640140
2117361
5655749
3157610
2106627
3412950
5826470
881522
357470
1664777
2147913
192333
2563855
2278508
4176864
5347349
1490224
1004416
1677266
5303421
5347950
5102645
3077905
712190
705342
5361760
3354794
4206769
444806
2726735
7233409
2371376
908270
4474576
1123480
1314957
1683377
633740
1398551
4123720
3501231
3354910
3722388
595651
1969477
1376409
270652
755701
2284326
1855362
2684322
2206406
3375091
1021802
4888517
904225
4740620
2154244
3904135
801674
4754599
2108852
2624838
114247
670613
1598063
2541980
585022
1008985
4078646
3320969
3541924
3332043
234727
4374122
4420637
1994798
4228722
98664
1168566
1613908
4143416
7540164
2838879
7891699
3965226
1828328
8035464
607495
3180156
2076993
1421541
402946
5130772
1919446
2889675
3730751
2171506
4500465
140611
4575912
2552879
2800797
2524157
481848
855917
6947288
78054
1426761
445818
2088599
102081
7397300
8147471
1350920
2542544
2042177
675027
262229
287159
4421792
2786273
3148433
1501693
4991658
1810384
7284427
2930018
8296429
2128298
7038641
6988
222974
293502
660418
2394134
464810
2113920
4673216
482628
3746992
1470134
1342911
1718541
4403079
893228
2635698
2921198
5357402
105912
5054167
3306858
3885117
3107290
3416855
2006176
2048762
1836893
1677539
2494592
824739
4341129
858270
300466
141105
3007396
2862808
1806595
29801
171855
1215143
2280184
968610
7653539
3651157
1186697
645585
2002508
2267966
1642373
86427
6267843
2659086
7075428
1391386
703412
5029517
2475456
4976829
2693576
1311437
1635587
262177
5071572
455890
1159603
892281
1034408
4960591
2767676
4630861
2509167
4154080
2694397
2543279
1686832
1093608
2666957
3949447
3520200
7453407
7738821
538509
1367120
4045492
829534
1013738
505259
3532250
5001852
50133
203150
515771
3652625
2094831
738857
2833542
847131
2106128
338068
3802562
5424518
2026714
1452221
3455024
1163901
6129162
6759349
3288985
1550639
213602
5941087
2635509
2740851
4374985
97194
2961997
4886472
3331738
1925744
4941446
4411431
539867
4655541
838589
835958
3704016
949221
545442
1575514
2369038
378638
3319709
4696140
1453801
7411242
1329852
2467076
4431835
217148
643400
6673499
1804483
7130233
954407
2111417
2636875
4509998
1727852
156472
1332913
1288236
3149879
2797121
8679141
1162340
3618366
1390672
3975948
4941600
2632169
4875772
2201773
4562671
635323
24555
3914495
120879
1083725
2338954
2014660
948756
2418012
5250600
687291
1139455
562062
1313495
3640520
260883
4069990
2357369
821989
7950386
2800545
3630517
5258590
470575
6623242
5200488
1180750
5989185
1048375
910835
1239727
753517
1140458
2593076
2266065
4452712
1552712
921163
4946286
1813892
1660338
3111064
2122456
6352583
920801
5476086
1284213
791694
1399222
3981469
4533420
2585837
3842048
1085806
3013868
5233653
2742352
129311
3009427
375736
2291300
2317266
2710779
2412757
2738604
855824
6315254
464744
2488178
47212
5836042
5040535
6040491
1270543
5245505
1427670
4043026
1079814
4029743
623994
2830084
1351930
215168
1943579
2315930
2850636
654406
3848817
4768624
2210733
2022264
1902219
1265633
2835529
922158
2149388
2065061
1391540
175832
42283
3220417
2330
7911035
1237261
4795403
4656030
344311
372485
242655
649571
1997898
2445813
2726793
3332118
1363745
516638
9554783
910703
2939132
4528479
4973270
5428334
138950
1838539
5587465
2564326
4296392
1353435
417626
6029716
2139911
184476
4248136
5196045
263712
4112838
1863051
2061299
1024172
298871
1207115
1227401
859680
1692156
2203052
3622031
1926996
4659252
2524366
1140903
761766
7058486
2298134
3933753
594299
3247931
186945
1402048
2590357
814514
4918970
445234
1340439
7967214
212389
2006899
603895
2837719
77324
2620300
2671958
132846
4013378
3126176
4197705
3407293
889716
18511
90644
601864
1082845
6087202
1144292
2924281
786001
754057
3313225
799495
108383
2628670
3089079
1865765
3259978
4834432
191514
2701433
1965705
2312318
1423125
4285389
2908298
2055426
1752817
207999
3839184
2025043
8454011
3997358
3811313
893479
940666
3908378
4495600
3383424
216743
492059
1897715
4205876
3391106
1276103
5154970
6243909
1253169
524362
7715539
3211362
1741856
1825784
3893946
3000425
2140267
2558175
228501
1177077
2995757
1403423
1540587
1119878
4442145
5902605
514874
1257595
2401698
3738798
2994974
1498461
66575
405497
5662823
1779255
1483222
3282137
3781380
3997303
1270392
1240833
1457276
1742962
160180
53536
5707850
1018011
70574
654909
223464
5700900
1631824
5386129
378751
5574512
230094
2090854
2126054
342700
1308919
4123227
6753827
866600
1580335
3540029
7995904
245924
1238398
4061670
375326
212474
4675902
1471520
1062863
1519061
7183475
568528
2705381
973077
511885
316944
2018177
3341806
4475076
4193648
1756617
723220
544097
5896
545118
2868247
5593425
1230782
2722167
1446474
2582722
2348039
106599
5746065
2153129
343673
3922540
4590728
604877
773892
710915
728637
3156369
1449373
5476006
6516801
6231394
1646371
4856768
994821
4348544
3698429
3159427
523631
2246302
2601416
2438224
1292626
432338
6166739
73400
1161146
2343198
2909741
2012887
426646
3682541
6056467
4656759
3994187
1222985
2010089
785068
2281780
1479193
4119508
1846958
1922606
5040741
866669
515321
309374
2465908
1747088
3649917
5437574
1540929
4261673
1423433
346212
6890094
479347
806686
4474398
2327974
1726977
308267
51570
3143747
90965
1031873
662714
2371847
3879038
3433850
652744
5026699
2222064
3021639
1955924
1136121
4550064
3382083
3179143
6587731
2341590
1903007
6266352
3666365
3410591
244139
2892116
391209
302856
1468958
414426
5019189
3817584
5626956
4039411
2336937
4582415
329264
1578919
688518
2878328
1110462
722542
1016018
2147336
310534
1490702
5992673
4324328
7449221
1985596
1447414
2976883
3494930
346844
341845
5291379
4401370
3688665
2340265
2878655
1047340
2527156
3332050
2675083
3379144
2567120
2793290
4677146
2247303
2803458
1845872
1944375
417206
3367190
8832149
1331928
114274
3737119
735732
4433460
1595022
2399043
2941824
1451446
1949053
3036709
1874253
2217472
2703466
684312
4513611
2304703
2395545
4406978
1113583
910351
843738
392675
5734061
250427
1224981
1237922
5857670
1290164
607533
1843591
3708979
5000693
2945095
5557669
5177092
3602931
584529
415714
1804583
488564
1665097
2018928
1042383
4378849
4375591
1031378
887929
785503
6386233
567765
690548
4768822
6473721
3292063
691166
3923069
2397932
2397362
152225
3434381
4332189
4726209
6051360
2343406
165727
3394804
4169889
2146061
5174802
1543772
3642349
2870802
2342200
1674508
975872
618428
3346497
1538029
1700357
4383372
191987
1844429
6310608
2399444
1854130
1009105
2914082
1862415
96665
5001061
2937791
939850
1494930
4546478
4265173
1318651
540443
4181831
4232054
3654517
1255622
1709166
354288
2001611
5033850
1161404
2128206
5683716
1975192
3209905
2892446
482364
1308793
2111663
4276552
4547696
3117199
1614934
2933594
649691
4468261
1875329
3760250
1051612
2734597
4881561
2977327
8069877
596785
1958209
692591
2764517
2556882
1576470
878526
833528
1291413
1503621
6008465
4261120
1455674
67270
603613
1310870
3392331
529613
3061475
1683263
3267801
7117792
179873
188983
781313
1045687
889054
896064
126933
2106386
3597453
1476583
1600636
2262915
1323890
5264880
4543181
1362084
1608432
2815279
3528914
3373080
946591
3718524
5140596
230658
359010
787893
279390
3174896
2283424
1784931
4600757
3849145
2262189
6748733
284438
537091
4695518
5350712
3604460
3172836
3522833
1654005
7303720
2847686
4874736
249477
2936825
4792307
672017
1373931
3604995
770041
553025
723122
5690384
5649901
2813725
1682111
2166385
2064006
3555665
722290
784493
4562945
5338373
2364244
791274
4919106
5753373
2453441
3944478
2489875
1568164
5356781
276959
6652039
3330723
3450897
8674852
4163894
26300
756896
1947794
666034
1292484
2721994
2177450
1281986
566895
5463512
1422601
4588036
547113
2098109
94508
2331574
3638991
4731298
614105
541454
3320795
133824
634568
720294
1518482
1373317
7220838
2002569
4695610
3323601
2543694
375566
6985724
3459837
6270744
1235244
69491
1433625
5252367
343286
3746198
2453104
5530516
5395443
4074184
921369
2916568
652951
2908532
149051
137124
891023
635147
1238391
2318985
806434
4796966
4087413
3277281
2654808
2054347
352131
1319517
3105498
1436729
6845703
1427359
708830
4139841
1485846
4523944
2405561
4851936
1193427
6855648
3902882
249483
672436
4735731
217639
1470584
3091952
96773
3452295
7987598
5344620
1176401
65136
4369275
2662436
811623
269144
241984
1948183
3632738
442319
28769
6162304
3507229
1275355
6761279
4005160
2832809
400454
2176858
1272681
5780959
3934094
2701295
223136
2076514
2475270
2247075
3608670
4058238
2747826
2930836
4322417
2198642
336214
1499333
513406
886689
1273284
1671616
3970098
444567
1843628
3838046
6811572
1470383
31427
7394405
2326287
1118557
2332457
2168096
1869080
4337216
6186268
788828
3567988
2734802
9655
2266773
970014
1463622
3291060
1234127
1313492
3510419
3406300
1369271
3795731
7121
1617531
1297101
3027730
4037049
2102211
2434741
3939388
2539374
1540823
2283311
223790
6364046
4230789
2676420
2545144
4699641
4214948
4396390
5968571
1850534
1930979
5375968
2134133
8166595
3466520
4685910
3855739
4785286
3923366
948128
1725505
4778999
1566294
221166
3501086
6089210
356966
4125028
2314964
1350428
440864
6445551
747898
6321528
1184949
6910264
772554
3568259
3951645
1531493
60765
220157
1163367
4792149
2369950
1738844
2571250
664571
217654
3352100
2030502
409918
3066721
4096722
846980
3170871
4197705
1550523
53672
8326169
3641449
3534987
1459977
1363169
300742
931994
1597106
2520137
5722591
958541
2142305
1840869
3153539
647493
3306530
368393
3453175
1009462
3817148
439027
42214
2207995
5585125
150731
4011440
65238
1000477
3905584
4452103
3692768
2825428
2421830
2239735
4866077
694372
1588433
1947189
213350
3641396
1121456
2203430
3941873
2347001
1109829
1264567
1368686
169275
366376
3583992
3426713
6203943
2469550
2766558
2048186
1506367
708487
2643919
3197325
1948319
988309
796241
1604960
603795
313001
1015207
703800
2975419
4721378
3883849
5528474
1440930
1225530
1584200
2925927
4189492
1984703
1563489
2379957
6068751
126957
537381
1060504
3628214
6531153
2570821
4229895
326710
2981785
414733
1125683
5306556
1525232
2259731
537319
3042330
1224668
1023290
1749576
1529400
46167
488495
488388
877622
1369959
4355347
2419926
1097216
5347370
3708517
395719
905061
6482921
712371
2048198
984995
6378398
105830
3293528
6378149
500268
1971724
4689676
4858407
1498408
1166696
134683
170246
2905484
1146657
1575419
604766
1955763
5814127
3822709
762391
1618160
1056157
6751026
1521296
1203689
4689271
2127015
1300314
1205296
346013
1884003
883806
1615104
2865368
3097166
3477970
6204296
1052164
688920
2504656
409226
1893830
5215371
1699074
426882
2027589
262586
3675205
4801150
6337165
544689
337488
1962972
6214667
740030
48983
1191269
1400118
2152745
113575
113943
2569483
2564608
2275143
3052684
1551005
2016718
5163438
2577105
285259
5677477
3120181
42360
2069620
3411442
5439582
115018
4059874
3256745
1362298
3593167
1414285
2097216
5335135
4425312
2322223
5761424
8891807
6368493
2209471
4754605
1093213
8433650
2377187
4073415
2288158
1151634
4702215
1439498
394833
5877233
1804263
3080904
2387029
2254365
215081
2382570
349872
129170
1493533
3301099
545139
218216
1166118
4511940
389474
2795681
4625175
8556927
1332212
3943231
2449577
1835423
954307
1826447
2028392
1844232
7518597
456133
5084474
763613
95329
1861213
2294607
2370355
3591429
1751697
1660971
3332885
1800168
1419630
5279830
3962036
3363681
4099433
3454490
2386655
7581094
85305
2305019
4485642
5835527
313670
3104116
1108526
2190190
4293479
76560
319119
2770154
2837689
3285334
5134793
4707648
1484751
3785844
543685
1404977
37782
712839
3421114
1070679
881543
1399071
2624912
2986843
385920
5043340
977561
3137349
7638226
386756
1656804
1393802
961122
2492245
3698793
2397846
4827034
966549
1962160
385801
2719761
1280572
1666631
4723696
433603
1571718
3628622
225252
1100429
6192954
21755
7596676
111626
8979722
875017
3658162
566891
2992262
3181082
4176039
473153
3190898
162047
798298
1504994
135015
4487219
574109
114698
3766107
4700453
1960066
3364286
1786245
4738845
3281852
1194155
7550790
1928871
3565586
1753894
2121384
3749378
2246785
2673245
3326495
3734077
264617
1470784
1659439
2557204
1655574
80076
1019015
1628456
1827928
561817
3817569
2758622
4903484
1479775
254638
293374
6630028
1598033
151432
2247580
1665907
2897435
3183907
4087891
795523
1262385
3520558
722188
7559826
248045
1589790
375440
2075933
3666009
9285970
716671
2205481
1753706
759089
666519
3565795
1019157
3089044
319869
1851387
5620667
1465606
2667512
7054956
227283
605269
1123504
1384572
4267474
368504
652588
1684370
1492273
2878462
861898
1153511
460342
7990682
2616238
2514605
1730660
4833469
827700
3128062
639316
4662638
2109575
6686255
2894510
1535233
1869541
482351
1369379
2976824
92140
6020997
4135692
1899703
2973129
1999042
1399020
2069244
942404
366151
183498
780506
7005153
8084574
577871
211539
2786054
3835901
586524
2408780
10754
2440637
1481819
3117645
361996
3794579
1776294
1351690
3989080
1639456
3021180
6127528
1131775
484332
1685865
2021868
3493109
3143115
4765712
1445228
1368269
855998
1980378
2336767
1888855
585425
162935
1325751
7439662
5320554
5378817
61205
4119044
607003
359958
1811985
1520868
566282
1568700
638874
880860
3884025
848063
1324748
4500636
1457281
1537984
804972
4793046
1105580
2980191
3358363
445878
2298190
75233
2275066
1884386
286488
3795147
8496884
56589
7861671
356993
822680
5476394
4558008
1763045
4682736
737960
1204541
862652
384340
617528
3119750
5870852
4126042
1268964
2474668
4094518
1712569
2411202
1537257
130252
752417
1596025
1360248
2202572
55660
704147
505065
5645218
950456
362932
4718859
425789
2066910
4855680
758511
4605516
3430582
1421670
2726964
3610764
184845
23633
1485239
5511063
5387433
1157910
4118764
1941718
5744349
3384557
2207722
616416
4213980
1990089
4982311
4187360
285139
859092
6043057
306435
3358556
3108164
1285132
6606118
541449
143333
888446
7440121
1587757
3754743
2436624
861679
55572
7572096
920772
259176
5850766
1275
364481
3174732
4509948
93786
4043315
217611
5086624
3490217
2283518
4335688
5365772
803266
1977293
2198525
6317148
220424
1282365
959340
910846
2768342
696102
4760571
2503382
1594549
878102
3145522
1781731
169427
416785
3860605
2813238
5732793
4520720
1784556
283223
4620356
5684541
1617112
453943
4366173
6403769
1097629
3401581
418867
2357320
730693
1735894
1259611
1880097
4225389
1938215
3653199
1243842
984102
4021521
978310
3357120
651444
582592
856305
1221369
1914268
1392466
2761034
1773214
4386320
652028
1547869
843177
467037
506067
7610866
3126706
1178435
7279870
7633335
2459942
1486268
1069242
4122714
169707
4561281
2496541
996714
3691576
3437816
3032811
3363562
1834880
3608038
1305089
196604
4780243
2395473
303151
4075411
2352267
3541539
2128746
3659125
348814
9200
4409628
1267669
2189852
2822190
1228731
2612222
2274655
6058254
710904
1560747
967650
5612530
165924
4562836
5982648
3599490
49571
7121024
1422322
1905371
3766609
3359268
4095629
926657
1331114
558589
229417
446924
855534
6137162
646834
2411800
847170
2883159
1353583
495308
471836
2094443
1608662
676816
5371853
1184147
1853379
5980709
320878
3107326
2484706
439608
1255557
1045883
4619423
4417024
1130515
44130
658573
1206990
7294166
884288
1399774
2187257
2026549
57851
3294041
5074937
1842855
783032
2009864
5333895
1840768
1127320
6065303
4016636
5312138
547843
4555695
51903
1710329
2870145
1702532
935951
2776920
1189333
2388624
8332033
2562381
866158
5520212
4474071
436095
6069792
5096136
2117751
65711
5106344
2137400
954129
1597680
3519451
574507
3272466
2240901
1636175
1756630
836902
1627770
2887154
1906662
3219272
6090797
2180189
4700526
5265628
2623812
5778072
715249
611254
2811029
6192526
2717886
1508056
4012038
1504913
773530
40491
1089719
7253840
641628
2605831
2783197
3196264
3115396
2066994
2402853
5000688
2637278
1463828
7350918
4172796
2598304
5644028
3833235
2920047
1435994
3057123
665702
4512594
447218
2369025
3782354
6955679
4339657
6931117
1340537
3432779
146207
263132
4288884
6160093
3525596
1954646
1862518
698501
1291293
3491601
519391
1840748
286679
655418
109013
5245977
1918174
3578934
1390396
1293742
6196315
1811943
1514399
2775119
3697151
3239012
6090476
1655817
8190893
1537830
2816657
275597
1758672
4993747
5012719
192044
1091737
6847663
6887594
1359297
871331
442022
18113
800838
4022928
6939135
2881584
49844
866825
1168737
68791
2756569
3917473
785465
573348
3576527
1323949
4643973
416152
1218944
29346
115031
2184489
2634109
5962036
4756531
3720575
1164100
1327753
3253545
2757026
3204251
2857710
5087975
4043247
3243132
4635329
4234139
1599794
395640
4112440
5759972
1710853
3108323
51721
2226079
2269051
3352187
488425
2425045
3049276
4787372
601145
1053339
2809799
1415661
731373
3062993
2648878
321601
1275857
4066635
4745673
1214680
1536643
4233381
591007
1449789
280050
634526
4364300
755680
2922858
5211383
4107453
531199
3456041
4603148
395664
6253831
1674474
1872274
1512117
2980593
2148719
258628
1126136
1572048
1510797
5036527
1300569
1733342
5854912
1093915
6302555
343956
2472711
1106876
830704
144744
1398549
1139643
2266789
1412361
1105412
5573916
2537256
18851
1099650
2693884
517404
1999361
2780026
2570469
158920
4828158
947179
6109444
708320
2746004
3768319
2428793
56687
2629211
422518
991154
1167404
5640838
163180
3255958
4765264
2057945
3194989
1086615
1858624
508199
1246221
4224309
5944701
1192016
4828997
3546690
877895
591407
3145836
484873
2232078
411668
145588
4482457
2865121
4682793
294440
1515858
3567728
1527740
715235
527240
1317151
295805
2558666
244633
2041536
1182265
3703723
5235162
939711
2248852
1772464
4164145
2554142
5010389
967208
1267865
5614801
2661102
7193741
69887
2778040
3326542
4567722
3036311
3392957
4259078
788914
4760825
3085766
1813053
1159523
119376
208558
3015938
480130
1322786
3381415
7586413
3824065
1966169
1926291
1578552
308094
6560880
765962
3924576
616625
2813389
4136519
2541756
727513
5546456
6910193
2437653
2934694
1866906
3164874
5375458
67976
315065
1662779
5243438
5343083
4233592
1496801
3190258
5821032
2535922
2239781
791995
1352157
1994508
40352
1674632
1204000
2780148
2814438
3193684
2859729
2531308
5262059
4692580
1054033
4830290
5544038
1693197
953566
200566
1699959
872066
828167
954552
2708341
1692638
2477470
1000964
3303989
183665
3800305
2821531
2008126
2582730
41789
4923467
3589773
1948974
376709
2401681
2124148
1774122
182802
1364924
1835082
125437
1531997
6403189
5813322
4489582
933044
2984668
2515869
4029880
3966003
1174117
5947139
2430852
1534593
402532
358394
2592177
421755
804409
2888492
2813075
4918353
5558369
262511
1721359
2941077
4733348
4717876
5411346
1900046
1597345
847908
1087069
1374056
2031127
4716460
2136601
4010633
2526498
5724280
3668243
4567935
2045544
3228946
6789988
2644986
5422049
250056
3709173
2614888
5963141
687803
1615550
4959542
2854652
1371540
2122241
4040711
3045560
3535162
7892605
5939810
1046092
1167517
133514
3916743
1627203
3184785
3936708
5005247
5308719
6596909
6753282
8681614
613729
175792
3020343
976031
4580797
2952542
684083
4396643
1719213
2041742
1264573
4364065
506013
1416846
1681548
4148817
1842838
3970049
5862515
7995032
1685953
4143126
1634057
942105
2669690
2775943
491450
1756080
5920022
6445484
1014941
502415
1161698
1038510
3836109
2207806
1893527
2464787
2834822
4907145
2583523
8670082
39442
2741925
486355
2533964
619705
7070080
1049313
5527392
5053176
1635831
800533
1377292
121180
1009742
1101147
4193195
170372
654291
4803778
6873889
1255103
810499
6535172
2367031
510739
3410516
4999201
2745162
5145971
409947
2094272
816403
2947580
3725083
2405398
284544
5316
2060543
1444085
32012
1154477
4603689
2920404
4990470
8499592
4068730
411646
1908693
3993038
3584769
5587424
7271323
1262219
781892
6039788
3887667
860429
949430
6066082
3141741
2789027
5169831
4073359
2149853
275894
1125572
6618293
7000540
4646548
5285994
2155477
5044062
3344318
1761421
420616
3160001
703159
3660158
4612033
2217144
1674583
5494803
363505
728492
3344400
2247859
1025903
1695233
7520964
115107
4746742
929163
668909
1088311
7242879
3390204
989366
4994128
3746249
214665
1156357
802678
34761
3170325
5057379
4163614
7367256
2723443
518797
2431583
2187592
1836790
2957525
1368258
3319527
1665034
1000963
1184610
42260
1232232
2985337
2900227
2204172
3390469
704009
2949894
2888292
2379492
5226467
1031567
3766706
1280895
974718
459102
3387867
5817944
1184871
40461
2210455
1218869
4058755
451995
2630039
2165881
189806
603297
452122
2638342
2224522
2747187
4459482
1975366
455130
4796176
1959037
7805424
1602734
2610872
5079299
3274613
3343127
599989
5915798
1226691
1889876