1890832
4735077
137768
4114518
3025972
150097
4470983
3643260
1655800
1562315
2946266
1797874
2094989
784772
4357905
1048216
2120960
1059378
3163755
475762
287850
2169444
1581992
3289144
4284920
6220445
5327936
592165
589886
1548222
2825078
2342036
1177171
3457073
612955
2014059
2675640
3030867
903442
4338221
716185
773504
3690254
106582
7491747
2558800
367329
877794
2003844
2912946
1486185
679190
2090413
3485959
313893
27028
3686012
5178561
2107177
496579
3934754
4626430
4169397
6467469
4835112
1198324
3010893
1901027
5055683
5186091
505071
1722518
5387637
3496226
316493
3618460
2100962
2073055
3863183
3047737
123998
623038
1514549
681206
561179
1871122
1072086
1031103
2956965
1895838
1303086
2005357
764314
5781179
839410
2088962
3382439
5451192
188540
1524260
659280
1615714
1428919
3116726
405381
41288
5682863
3861070
192875
1671521
1176431
2797657
4197727
1313832
3140505
5523095
6864892
4321108
3952127
3608853
576927
1774379
1891014
396810
1059903
490438
1070255
6989754
533971
1581612
2051013
5763232
2342077
1841819
4758569
1606640
1159235
657280
6024775
252129
1321885
167286
922463
471714
1428414
4500342
360343
6756772
4342864
895008
372208
640960
9327203
2950945
2473490
3255083
327130
317678
1639606
868679
646707
7309546
2320413
4763297
1105612
237351
3370449
1673721
3010851
2217656
3925426
6561983
1229466
1046113
729584
5357218
518943
3187865
272454
7034809
1991622
3247663
2089725
4981641
1518549
1853852
2253388
2035937
2751236
3092254
778741
3377006
505607
3874662
2643053
1106984
3528035
80088
92303
2454342
3378169
6362398
488260
3251077
1225794
4483824
756898
2778270
4483154
1167338
3513950
3605639
1310360
2226710
641705
5272994
380589
4908988
1922212
4714445
2472888
4158784
4421120
270904
334814
337535
967626
173167
6471810
1076808
324929
1306539
39845
370368
2680826
355113
1769076
42920
1661487
4838348
1133889
2969469
3322053
6101066
794897
175002
2943992
376162
14233
6158941
4841639
640265
1986173
3210363
523895
1137862
5249378
5824563
3051683
2601366
3737349
320383
1398015
3224491
3758799
48734
1474461
2514648
1122183
3932679
2301032
1779087
1978012
622024
1730999
6590269
6181169
122562
1348036
5565711
3879003
8709
3056640
7262291
4140978
2134917
2531158
2525391
161961
417666
242430
43622
708243
7388644
1401018
6101309
1536262
1204492
2802927
1313648
7697242
2518621
116334
6309919
1627426
6974171
919537
1600685
3661428
1831115
1489149
3152553
1555273
2358764
2737932
677038
1486651
890454
2963368
591563
3536015
2303799
602332
1180574
75020
2799804
5196931
3154322
5239371
1060815
637220
863891
5244889
1525839
1255548
2300432
2467592
2613577
187501
1149575
1918484
2236753
2634784
4009621
1946860
128564
1310458
5256622
1599500
4763167
2414663
4749234
1816603
1093199
5293302
5264352
844552
2580265
1197959
819797
2912222
1243890
4217413
1442121
3337566
3774236
999414
218280
4517342
4402611
2671109
1098233
2427177
2862815
5989748
5621765
3441241
955271
205931
4832887
1912379
5506690
2954837
1216280
2872684
2557146
2714495
5507276
2141424
5095194
563939
1069144
1420744
2101691
6335963
29588
1131903
402930
1918079
3683282
1658633
4429906
177554
1474083
5030956
596868
2373091
4749776
3253783
4485855
255750
628277
3580780
60321
4070298
1453486
3095475
1133228
2637679
3789728
1450697
496541
3624771
2607553
1864964
3002302
1894856
5182422
713919
1208176
1022501
3591689
2218167
1306800
2127009
205564
4275795
4734491
1690357
2891876
2862237
1825387
1053323
372454
2116653
2359831
1216859
2158021
5051764
2472871
236307
589242
5317968
2750974
1108022
38489
5793637
2109061
7072325
696201
3364379
9117705
856292
554150
628533
578829
5495023
2485662
366979
718770
737727
274167
1829378
1966485
370302
1395625
22112
4945416
1987943
3722825
6491733
620759
8132677
4051004
2136849
1473610
140801
3373605
698220
192966
6415013
561155
908509
163294
358068
5703457
7765432
2494458
6142785
969102
3033280
5681043
3420123
1639432
2580916
866124
6387863
2306051
3921474
1658106
3431504
2224261
6673468
1977529
1829657
1335887
4283268
1391787
4001490
1476828
1819277
1555230
44267
158995
3065115
3058217
2812554
5997225
1590515
111568
650519
5702870
3442412
2421703
1090494
722113
1429087
2657390
2796318
1073528
50148
1316916
3779174
2983459
502130
4745352
1178475
795245
1650881
297790
347044
3414325
2082211
175404
1015612
2440262
1760562
213044
1656495
2569603
4911124
1573061
461222
2494770
3942594
305027
5190396
183311
150365
1641340
2361298
570960
4566878
5781946
1236554
2755167
1706832
4060776
1734101
1095305
240714
1870619
2990609
2059930
502769
2070862
3007312
1451674
384616
911430
1531282
2213365
5549741
2858793
2547311
12679
3723230
490007
731593
410678
72370
2951057
2224336
913485
3063921
1549020
1205128
43388
2578367
251839
3047454
4640806
343816
7287486
6712308
2126644
5031138
2913504
6808800
4297001
1512
3358773
1437117
4421883
1950577
1155378
7618325
1180478
6419560
6564
1554302
312589
1528115
2664712
1392664
655117
816468
3873215
181386
897533
4878837
1602510
4170350
2875617
897453
2746405
5440329
964076
920100
248720
533174
935625
4493764
294325
321618
2842316
181559
877009
3634908
4112758
214410
1550006
7676573
4218615
156020
4217488
2215848
934443
3123614
113766
3417900
8488831
578769
2140890
207048
546228
3205539
1672973
2562654
2136026
4482100
217181
30804
292636
2981417
1578350
1662103
833274
1497302
4443514
5073577
2566767
3455725
7449852
1585643
2959738
5315711
670790
1673354
6078824
162765
2161826
3718307
2896100
1225997
1496477
2674798
329252
2268452
943392
2941223
1244989
1774119
2143988
837314
1441044
395240
5899780
3218059
738848
1720598
1905574
322755
254790
462199
5308739
123603
1458548
1959780
1840673
1983341
1710744
4297353
4082059
2078430
6139912
1657630
3884757
1034027
2895750
1771477
307788
2437914
726121
876507
2755760
541765
1023669
258672
3811570
3928703
2009405
903811
1645016
2939653
3120618
605257
867567
2236757
4863373
4168810
3090879
825005
4491524
6528448
3132884
810616
7906707
7989691
1678659
5355641
2561556
3822523
2064165
2228410
1088182
3823731
1260700
2589007
1455024
89054
159903
1186264
3056464
1218937
1587939
6071607
4838178
2871901
51068
3850488
1800933
2865842
3939173
2684467
6318468
1142525
2055267
767650
763320
4061558
89397
244730
5244013
115185
407603
4324790
4480586
511695
36780
3208909
4560416
2096100
3773434
3387959
408707
1856309
1367560
2515590
1036732
3723820
63005
3229043
3950952
1336151
196761
739861
1764496
3957481
3965774
800506
1128839
2457811
1109398
4331580
1147599
1404365
2465094
947778
1966422
4029820
4105441
4704213
4435501
7685750
661699
240168
133128
1103121
2020990
345945
594685
5209265
3509003
1348311
655069
1403334
1840733
6424242
239923
71702
1354303
4717505
2274475
5713484
2980733
2835072
959659
1264380
3125458
754334
3172707
3225902
3567075
1848030
4476454
8160138
178461
8054523
794315
4203567
4622864
6359377
55866
806880
39674
5535720
773519
3330846
818113
991209
1389108
2583285
1163899
6115039
8376715
92206
4251729
511411
6897139
1006022
139385
204789
2889601
2388505
5544062
415703
3893852
5450492
801748
8753833
4121353
6736173
2292624
1607628
4065500
1104423
3789214
3689939
2351829
3135854
3307189
5401675
550887
3575221
2444988
888598
764236
2164679
7008749
6062877
880534
1448568
4704443
835810
452829
1103500
175688
6065639
6290247
2770534
1715922
416013
4846551
5162478
3284470
318164
383080
2460866
1138078
2099421
1177593
1238465
622922
2958108
5852020
3297498
2778168
4708984
7852715
3131533
581521
12817
27334
3945589
1381865
3321292
2302698
819203
200571
2253241
6061950
1760465
3698391
4379944
3707794
1654398
2286500
2906285
2843552
1463721
3345995
2040512
3525367
2291016
228405
4540943
1540869
1843799
7464210
668134
544443
716551
1879493
4366880
4440261
4322942
6668268
1877521
1098722
198744
580169
6209584
4786544
2317223
6903442
5349400
387239
1750377
1324432
2683830
3084491
1337988
3761288
6391495
693840
1555464
1597934
3520376
2237901
7238992
1454863
1661042
4123826
2736928
1621762
418640
1903223
881581
2127740
329169
3807452
5850710
8327848
3582679
5767789
1396592
279601
216145
5362829
6964136
3649820
3329215
7303907
383918
4726351
1367817
7479141
881284
1048351
3791423
4746810
3641163
3400616
318823
304097
2852801
4245237
2637651
3202698
5313873
735658
1832617
2986740
7691874
209558
7014630
4582400
2410013
2008447
185752
4367618
2948249
3753509
7565657
4465663
4341288
5066175
313679
6989134
2195497
1759837
5355035
1403723
4026163
638642
3654981
8547409
4541079
325259
4070332
297321
3331153
3498316
1334761
2057289
1961040
3250490
669836
1272089
3139430
2502996
1319952
2212322
6139875
2848136
5232613
1105324
4124272
1239427
150252
1155520
5360603
2645900
4694127
977040
980866
3589866
4218415
3123120
2456867
2900219
90215
1102099
2389804
1556373
872622
1318432
3898753
4356287
173262
1741454
56282
856581
911762
988622
5612275
277968
320871
4100710
2827992
3910755
3706270
6531672
6774026
1548577
398053
5991212
3475551
1807260
234370
6011156
7436947
1975357
589326
820401
7320662
2306396
2588117
166913
2516872
1891088
1235156
2239321
824810
2581543
2219215
1302931
2476862
3490041
6950533
2850194
951121
1354240
3040188
1156583
3664440
547909
2840867
4056923
6533810
284892
765594
2148368
1623025
2570078
5787027
1074912
2790171
1645390
4047052
2781563
649090
2000443
1516406
3949230
3718552
4632972
460111
403657
2788084
4603106
1421825
297239
1808397
1066043
555653
1121767
1567252
2635312
638912
320866
2930997
654543
354479
1740079
439277
347334
260276
168153
1409436
20742
1000696
6725100
3706466
136306
4479302
3054588
2386346
3975680
525305
3332523
6235348
1680857
2205809
4415733
712806
2510605
510448
101080
714565
36337
309301
1474469
1153598
1923358
1274505
909058
663167
3310609
2125376
3849935
978041
2667546
1633765
3863098
4111030
1807232
550270
1735392
3738026
2671295
3855163
173460
5359773
4276650
2735868
4354655
150103
8842575
1211511
5834711
6851774
2703290
59327
2261954
809034
4820564
871819
1505573
23466
6958782
1263470
2890614
1847518
1383773
4697241
866540
1764249
4702600
1285248
454565
141005
1755848
2280320
734266
2178521
339811
7477507
1480985
292716
1288000
975458
4446367
869013
1201953
1596157
910786
3384232
3091294
2538923
148419
6015908
6675914
691955
2137673
3357708
6866408
270123
697213
1803233
394662
2432256
1563143
3918994
2358437
4334867
2976735
699783
3181331
1427684
3501600
974459
2006714
1309723
6096230
2183216
2875890
787024
3553952
6598098
2781513
1386836
259119
3829303
1512768
3218863
1280971
5119893
611699
4896938
7175809
256156
2967317
2599216
3394720
1605282
3493326
2304521
3849537
1134914
4385955
917074
1153207
3548334
1818989
2736451
2537192
111147
638512
4310720
6881401
4864827
1528251
7100510
1275765
2458982
5441550
1598076
2764981
548572
2947516
9155878
714619
6794382
5187266
5145129
421667
5426172
4835185
4366448
819466
4586105
59964
974735
5373950
1624641
1126885
910160
2705626
6793336
1219345
3400260
7092857
314719
5374096
3727116
3249570
349787
2422160
513012
1090595
1897353
3033113
3267919
4746274
1684528
1669956
1282351
333356
1323722
3263483
2864093
4211577
6013739
1288463
4923420
2273429
4704409
5888403
2443609
4344218
3686731
3933063
2482933
3269173
1525271
3388051
2988919
854236
3839849
418021
5985852
1588990
2139205
431788
3779683
1664161
798531
2290764
431189
70254
4523405
496972
884953
2393094
570167
4676290
1515981
1033046
1491972
1055087
6858926
4031257
1898354
1205034
4340857
7545687
786303
2416917
4522489
898516
5657874
244263
540219
1106663
795145
2056410
2432239
3893862
135926
4978185
7708973
3477025
3973377
555743
1294281
3983918
1333190
3555235
3444769
128239
1412303
3906235
1803477
1909273
1065504
2140105
1669855
1227976
176358
190693
4561235
4227920
1266392
928169
2256204
1963755
3649670
551785
3942482
214613
2324135
4369394
2086760
2426379
758362
1688359
249536
2348916
1569454
2996538
761446
609701
440802
3177581
2488150
856644
5222380
356489
2692874
4424440
1083518
46519
2032461
177208
3027667
1097851
2293735
4822968
239611
1211763
6241550
5272156
6024984
4068351
2834303
3118626
1502157
7657464
1645342
938136
1766136
29583
962811
1754400
3612354
288633
5398158
2333577
6340241
1150016
4384563
1418595
1044931
1326798
1657158
4007848
1388054
193285
1417120
4835619
420905
3767391
260057
513493
712583
362769
259599
2339182
4952371
994891
5859000
1328415
2608520
5286064
35930
2980043
1238775
1723613
4474023
4803797
5069372
3654518
2139159
2202946
1198392
6331217
1582796
3065323
365769
375551
2657031
4157142
6511009
2894607
24694
1319216
817727
2740498
7007643
1482519
840202
1774527
6817123
5470607
1224136
2834196
5924619
124812
1635764
4373386
172888
1683155
809475
6838513
669897
1074511
1788884
1496175
1354057
2740323
1748621
1566465
745909
2639756
2635164
22617
197718
56633
223295
5527860
1097068
2507826
2187413
1207823
2431593
1447332
6695655
1900884
2189635
5618727
1592767
5453767
2593037
128545
3578009
4227434
1874125
2663981
4605729
1689530
4412093
740840
693171
608217
2701383
3149221
459589
179685
3223861
757257
6415558
3418067
3566206
4277616
3838866
885072
3122259
1569734
1718946
1635781
3956098
370827
1533094
1351703
3038038
1285189
2016010
1287494
2694460
1120747
4179923
1534291
1621280
1494418
3519443
952608
4971362
261051
1635857
615803
136152
5191683
503835
1228091
3353949
5331230
599283
277040
2568074
6977042
4216289
399200
1935769
740626
783436
3825764
1031939
2123944
4874779
5448657
929672
4377686
5869640
207887
485073
2995471
2366575
1685442
2886746
1126803
238221
317756
5298715
1341773
607840
2794848
4513154
1466811
3927582
2418579
277196
2203443
2290824
4372586
2177563
6559254
469076
4250226
3010710
6441476
4747099
564545
1825751
6299436
245315
4230888
6420320
3165587
4152062
951893
2564262
143352
1304483
6432873
1039291
224786
415128
5527422
2728584
4696239
2529235
2400919
275112
821011
3637138
3370348
757331
1397788
141444
1677993
1016984
2632293
3139857
1329191
1845313
540922
4913521
5003643
2944482
626639
3043545
858574
4929045
95679
5108569
1091854
3617476
5978951
165404
4195973
483448
1219032
1888132
3036483
867290
2475097
1621474
1888571
982073
5355025
1583545
595904
3777649
2714500
683943
558243
1251228
1670914
732501
5838934
221187
4865494
3914820
1746339
4457041
3678762
1380010
982994
1689436
1136892
4572153
3318048
1975489
1354841
3416958
3488829
3841993
3560466
800505
2934141
1500252
448833
3703840
2817852
473877
1352520
231512
4102086
971682
2473859
2325428
2384956
1552140
3074088
1203283
785056
1020346
404881
857372
5243749
419065
1758294
2682394
1902751
5102778
594880
1735021
1924230
76678
1383129
2365674
97635
4251293
3892347
3145468
4756022
3981394
52029
1409855
1875619
2951151
172943
2110042
5510256
3981437
1435241
2214076
431010
4297038
87964
1670830
4706521
300938
448564
3131321
4508324
4869158
1326521
622682
777290
5653198
2697139
6430230
241560
562792
4205422
2159948
8488343
2754908
1941378
447454
2598903
1481299
1619837
256215
2488566
3593213
341918
3200578
5999519
3847665
29761
92981
1849802
6417151
1922446
3436676
524159
1639451
268138
443141
3058102
898478
3269388
2671443
2315866
4071236
2859523
6360314
1348836
4726922
2129478
3275860
6812984
7841178
2136569
1599514
1589781
3303125
2995157
451520
730243
1641091
4925651
2067193
717991
2874327
2368094
6846462
3872108
2377432
2811744
3644722
6651
2518610
1125234
2406565
1053539
499539
3568023
1107899
1640775
6983146
2102215
98233
3452678
585406
1930158
4003499
94200
972753
979230
4763397
5050573
2996890
2116149
336938
7298046
1961531
6016085
456650
7282333
3194623
642737
145014
5015242
576853
5702481
2286184
835016
1153523
3066498
1527695
4033090
2067634
7247420
2271445
804626
369013
784809
2492422
2096564
3129299
4142090
6888384
2486618
1666657
2795850
55148
4895440
2389269
529682
104962
1775751
5695004
4715024
2103993
1370042
4681826
1025522
5774170
1016199
8645161
857449
1954425
2120659
2100252
1608358
221333
2107592
288757
3237248
2496418
3563992
4781949
2370340
2729645
4048004
4769166
1878637
4880414
5437316
806922
826634
27700
5138479
4072200
1507348
916428
3335117
1206271
1420194
1961291
2625522
6980459
3091322
1427598
724144
633755
348742
297601
2521385
3822578
2002169
1158969
4836843
53319
457146
2995758
796688
688203
3564961
532333
3805032
2640222
1935200
4085713
4068960
2355620
209253
2485054
5115088
2334908
3102381
2304942
382100
4576654
1473596
5360405
100539
689766
6522018
2111277
3779362
1097720
4122959
1815023
2957505
151047
5631808
4128582
2449064
4212609
2306354
4339225
6654053
3700399
37898
1958798
4329109
3591753
3040727
3656130
472865
277590
4129135
2300448
2661597
129944
4386671
6442367
1903429
2829912
2918230
1547479
1915722
1371430
370721
968759
153967
4248895
916450
2640685
745922
919658
2561268
4829078
4552148
767808
3020520
1739179
8320672
1986536
2090037
1776799
2545777
3655827
1771206
1336206
1311138
310329
3364534
7972301
1244929
6896347
825761
3450060
4081396
419961
1024191
50601
605184
8666
2011893
746414
2128866
8183499
4804532
3299913
893331
1605957
2969062
1349784
2450555
200354
6385463
926685
3873369
4467435
1973841
5767808
1339438
7377189
767601
6053344
1157679
3326291
662672
2029273
6045226
2362568
3731388
7864286
2182748
1223508
79953
3693394
1187240
3411284
2359492
1284583
1203875
265603
2207978
4337049
1282326
3588478
1123258
2055919
1001430
1700539
868477
3447389
247594
2132951
5531712
2701682
5930480
2833324
54175
7658374
5309418
4409674
1287825
1944340
3866156
2316648
6324357
2494809
731104
2662196
1138305
1208714
687795
702311
25772
6353554
7352836
4809674
322621
2850044
2327378
750099
2630616
2603579
3565656
2627460
5126201
199899
4351554
1455976
6447179
1243349
1721796
597159
6147807
2382548
363794
831040
399210
240782
228316
7392610
333335
1097739
2812466
6187777
2102429
401168
4146673
2492934
202515
3355887
2316428
3193785
1736490
628306
3119047
1614858
1637649
826149
119606
88526
2811549
5186718
682798
3736272
473092
1490416
85294
4462513
1053374
1163667
1812600
3350314
477033
3771562
2438290
5586553
5606624
4137262
3474038
3241645
121166
1841337
5077443
1877752
1003805
1095848
2236682
2112187
3981316
874694
344056
996939
5234431
1280687
4676502
3558435
1448738
6316453
4198921
1063271
3706722
2198452
757755
4578378
2251529
2850558
6550553
1985888
1326934
760989
204491
3144074
1887498
6420276
4433867
304441
1637316
5356559
4277256
790966
1382679
2809035
3629180
2270191
3520886
3859873
1912615
2465137
1347375
8036323
2978017
4761156
3043656
7159140
4030783
2111692
2144267
290914
2203235
8056861
2655402
849986
5053112
1348064
1562171
3709907
557941
4604088
377180
1041703
3431004
2153701
5875813
1983231
1722256
262538
6056032
2822203
1325567
1716608
6418970
1471527
668418
768109
2746003
393001
4810061
2306801
595082
2549095
8031532
3622523
91440
1894443
4253344
3203393
5733346
4088969
4512112
6282799
704465
1576612
996707
6506950
1384074
1085023
2465256
78634
1686990
729435
5279735
1142179
2682607
1568102
3224046
7644505
532002
3682914
6261063
5838805
2667628
1471148
5353531
4032069
7284477
716046
4541999
805830
573343
2472581
183741
1140158
1865006
170922
510930
349916
3183594
125831
6338488
1117557
3288166
7836759
998575
4408350
3884877
306833
1627843
1755230
4745557
2226281
664304
720681
3580099
3975087
7299674
261185
564009
2308710
2121455
730560
4705468
1518751
799391
6297713
2171806
3687668
4335063
3732741
1714677
2889135
2163010
850410
3984443
465646
2511527
2999661
1223111
158092
215275
355876
1295325
2402669
157967
274214
3642227
402317
5275931
1874611
2411772
1718178
2275935
4763915
3017381
64104
3883188
3355707
2123524
2947515
7858434
6122530
1011896
3232918
4122109
1876809
2619035
4531118
126195
96678
708480
5464739
1149058
67300
1358125
3866270
3043495
7214043
1729512
4010084
1252848
1158760
3254824
6940792
4589086
1265099
3731132
748562
4936246
1354463
4565525
1238319
725487
3631546
331008
3482722
141280
6629349
7421784
3323753
5816192
761543
5780043
676056
562939
440173
2369151
4903950
2471794
695291
1077642
1454167
700016
1749274
1160592
85558
3193534
525709
4782396
2880704
2473221
333314
575271
986356
7428091
995855
4203087
1249765
682874
3060755
4085458
971718
2943045
428667
4351328
2993573
3910977
3059419
123078
3523418
3478593
3623813
74663
882827
6273453
6172252
495320
395173
2648431
545836
1459261
3789134
600385
475851
5929324
4046789
4008912
6876457
711135
1986708
1628675
1056288
2961661
113594
1126141
2327740
5418710
1121093
1775819
82977
1190791
1897180
2229492
95339
881269
3687003
1940861
1615803
2540009
2663782
1800584
3379982
1972680
100902
1942409
4536523
886421
1844441
397771
5184308
67297
82092
2618961
886270
3450617
2163100
3042781
741382
1354349
4990482
3772519
1888009
3735072
4439250
1864534
5684
3327574
1854219
1603147
4478776
389402
4037610
3365051
1491397
2961384
338340
3349990
5201797
1840572
711898
5921757
849445
5962610
1169501
2654894
3106114
2468720
7202928
1973371
886171
5848583
1239842
2199303
951678
233000
610890
7737263
338584
5745426
317265
3095074
2052917
3055638
3931470
506746
254694
1816676
1716145
2922559
4283012
556905
1687966
3423456
4834305
3343890
677456
87894
3276778
1842412
2080435
3993434
3218643
1669129
1492641
1477765
4017776
2405945
7467542
2884605
6077537
6310001
2331046
3411696
2946655
905727
1723872
945231
2468152
1621722
1280337
1000421
2677618
1705037
865101
245000
626595
5954279
432590
371317
304192
781711
63613
3331388
3112175
337980
3990057
473865
3402206
5406458
3243121
2090484
1407615
3838664
2045362
3255346
2856562
3039535
642596
525629
984823
2615800
1089259
766941
486511
1872335
2806617
672971
763757
2392513
161144
695349
276206
4613871
3337653
4257890
5640479
8210678
5548297
6483649
5027661
5121063
439729
1085735
2156603
2211694
1581584
5383794
5369904
3059383
568973
81917
1111168
3320776
991154
5863951
4807480
3845627
3990586
2332094
569473
2378078
2161935
3221274
985505
1080935
2776171
4247929
5394229
7968656
8297947
5120480
2977048
2038987
825119
461578
1067760
6075088
6346761
5475118
460840
119570
3573892
1675503
1376095
1955398
3605493
2452388
4053661
1180655
464759
7561850
2823787
4750270
2408691
2262673
1814271
4547402
3597018
2902118
2524029
2298426
790678
2466677
3873490
3162856
557436
3929967
5994890
2529187
381302
970530
986789
4714194
3975230
772266
4625370
395203
1866639
6596327
2991537
1350219
340195
4709635
1033632
3348676
2445951
1908016
498787
3284935
2434800
1731690
5171147
3771742
947879
5880186
5620081
1315128
516427
4902051
5214818
1146958
703102
2602271
1878180
79842
231345
3528933
1430761
3088409
562376
4830361
3153234
427818
6383059
957433
144436
2712490
3517163
254727
107513
905868
1576980
4308748
3547098
3789943
370252
1145348
1469212
143764
1220712
1834496
1512096
988269
1909376
3128721
1360700
427378
1006604
3546610
209223
1248978
2161742
5445535
538396
1268522
9098363
4716042
3792753
2594782
3317965
1319304
806510
4397996
1443812
1568870
2739803
534525
2364922
2358506
1114732
1992101
5401052
82283
3219900
6150743
1259981
8020542
2724178
283307
908084
1499696
5277765
150692
765959
1021581
3310337
194596
3394372
1840816
885502
537104
2770778
892249
891448
2593095
7238151
730181
3022491
2962590
4024530
387682
1800913
5373441
4440541
5741233
4299918
302630
837620
1712770
6865309
2758743
2314317
3168855
2511829
5322477
438201
1433514
4517558
2321030
5076855
7702558
975554
801212
2813618
4439495
5109983
3824342
7136922
1764752
123466
2323271
239443
3472657
3457106
134460
3505648
6267230
2106097
2016684
543652
1105007
987446
4979552
1992389
593937
2425761
2989958
733060
2537308
16507
242407
811872
4990493
1452181
986157
2307570
18856
251949
3088521
2302134
556162
583328
1180505
2909688
158917
2189314
1228970
651050
5485032
886474
1042654
2899940
747749
5073752
2012084
1152690
4788374
491602
2586540
459481
1349994
545452
4237965
88496
3262074
2559754
185673
953982
6941277
4076966
2125879
1047379
3187502
308597
3574291
1079487
1232796
2886053
2865216
3284343
729315
298972
282817
3653667
1399362
529617
1381175
2791998
2670808
1188580
2232124
529110
5093108
216289
1069476
2918765
1553574
800429
3442482
1611674
2646915
2565540
444105
137667
2301826
1085240
3052721
3823808
207763
415084
572033
451390
3316700
555444
1648364
669874
2887666
4363980
4319231
3906741
3062981
2689631
2884859
1811427
5286319
1138738
73565
59267
1634499
7514735
932866
974816
1092676
473416
2702469
353622
2356231
4572689
619028
371204
1609533
405663
1997954
1601355
1614335
3667325
920719
337699
1851001
2204642
3921835
2738818
3149175
1525973
3695632
713928
5000930
3903959
719946
5741915
5173124
3283794
1256027
6739859
245042
31509
2481626
884571
707898
489065
3203289
79112
419019
440951
267741
406167
5237750
3828156
2064828
3374527
4299963
1080011
4630434
5945515
168430
788582
5073947
2896915
2937294
2824589
2660621
608714
2873921
233852
347003
2403162
6724734
2474325
2290447
886820
3968371
1158644
6062929
4979528
1163609
2882788
346483
936532
42784
4749556
2691179
3278452
682265
3732092
5711661
2842563
593128
2289432
1033840
4721420
207809
1608848
449160
1311749
1106118
318286
581447
187095
5214760
303168
2608392
769948
4282748
4678908
7157310
3806982
140556
1339563
1029082
3474434
539506
1923057
1363885
2605262
738123
1322378
1955875
2498578
2502519
4143549
1455774
1245451
2605093
4092990
2609371
5786621
6481483
1952723
1121466
1652454
1010319
681716
1322838
975417
978572
1786032
121888
1135857
2150283
4777872
3056089
2181696
830135
2558379
44598
69217
1332146
2205735
5750289
854304
2256690
1930317
4872952
2007084
744479
974501
4686824
4028239
968970
1459010
910142
6725573
1309144
3316843
439293
2644888
344723
8385
1981801
4836320
2309830
2684724
2135937
3260127
2961739
3965869
7015450
3208923
715777
3648589
272346
2044095
726787
916472
154241
7436465
1872484
4875787
2334448
251969
4051201
1436599
457872
6903798
1246228
876540
535177
4365616
5486868
3049177
2406915
2003934
557837
4662090
3648906
7873909
407658
4700153
4691196
4424100
1380453
5806092
672058
3601024
3342874
2366098
345923
7097375
2343988
1792050
1137018
2743684
828951
457526
2653519
5444891
2285731
107290
6141658
4179831
5032960
2398856
623908
1701726
730592
17625
5308059
2805022
4487808
1570922
872864
4220675
6471678
2789946
981733
4863769
5827844
1019319
131549
2915067
4916296
620401
457598
12219
2544876
2476519
2849475
1142808
154059
4288466
334469
1598089
4637999
861550
188953
1079478
878667
5209440
333397
2018065
1397532
512983
1041076
684368
2449590
2224539
4084625
104512
2471747
610366
3954030
681076
3093961
3149226
2993329
3965860
1903426
5496384
5170789
2386678
6658280
625291
5974593
1143004
3367765
651471
127013
2119185
1829460
5137049
565234
1233322
785742
4839798
3909905
73138
2148762
2347023
2310858
4083267
1150568
2019300
2539233
1731525
4073641
294677
360761
6548327
269761
1525703
2098789
2365558
122664
1485508
3105242
658583
5336766
1515872
939980
3123180
1578185
3079855
3275662
3558836
3101441
1926949
2114693
1487435
1308494
1924380
4418763
4134029
1924750
1185489
3011549
554917
291003
2887675
4731379
2147787
214827
2047903
1218926
4656382
2424015
2974983
1258035
1494893
94598
7814508
1760013
3006724
2191555
1801688
802366
1881573
2975040
122648
3537455
1275848
2878984
3267708
2341030
1762506
4118931
1083325
3129946
5373884
2571053
3408051
3180684
327844
3987989
1524265
422413
1546095
90910
2867953
6499234
180081
1654000
201151
1743865
3196540
5259077
4176629
5407846
633953
3581518
1160629
3332465
657586
2002912
2443506
250100
2632969
4994879
2456138
674895
1815937
5367850
8764886
3540033
3281637
54211
742963
7425909
2294094
4279309
2808304
4763554
668417
4044893
1633959
262396
735668
4923440
6084519
1298862
1496229
5040627
942778
1307959
79109
367246
1882979
675586
1675187
869828
6126896
4111804
3483276
237723
2451777
4391061
1689278
1756516
1543547
1394280
1435361
5539935
853975
3250801
3970262
2400540
3038092
1017362
5519820
4463351
5996544
2278360
3013992
2583211
3854819
2080414
2009489
363914
2032381
4562154
1640537
1712460
1087925
1095588
1914255
1897362
799849
6364939
6765692
2938232
3477521
1736964
1964266
801556
2226455
38811
7004449
584026
3182706
5983622
289722
2306427
2566051
1392401
4369010
1008952
1410776
615725
3091056
2585852
3455924
2096033
1772827
14773
2478975
1216434
3589613
1069467
5637717
3663001
961057
6397204
298059
2987009
1629600
6071085
8327740
1507966
605682
4046967
2719725
601358
893853
1302925
3878421
768173
1783616
613350
886707
2323455
6600364
5616326
739054
2031617
2464175
408045
844720
957664
4072728
504728
344418
3156504
2916634
1499017
1125881
1077493
346919
4354974
2905303
2699658
380126
3127180
1469681
4620448
529939
1108860
8333764
1934501
4626287
186421
2127924
3202674
2237820
1705705
1147318
151
3862458
2083540
7398602
5431209
6524624
6398602
162190
6018323
3362913
5183263
646267
3635370
1984567
3231313
23204
578761
3644258
5631472
3950149
3049644
1562228
3990750
3846523
2296770
3834319
2313845
1361461
1303255
3395200
2963119
1975963
2322333
780981
497667
1078308
3800187
2425205
1554956
1198576
8048383
4105201
5076088
6950106
2831643
462625
3458839
2035492
2204059
1540446
7460597
147483
692597
725301
2507673
2771758
319173
3601603
5259071
4736473
4176378
4239012
748813
3000281
1314405
2534871
2393631
6557202
1498318
3562516
4229931
3372921
811741
304078
578573
7157633
673967
7713982
4260577
747741
3053095
1807672
4896522
1349071
1007610
3002434
2399730
491558
1967168
1717314
2697484
186570
1495479
3305762
1865329
1763829
4502428
3212242
4225688
2155239
5270550
1417058
222351
1066026
3209434
266412
2955341
964749
2985871
2683708
1422197
4048606
9626238
3508597
1156588
3538333
1317493
127832
2322891
4313822
1417603
1689405
3018859
1803446
864581
4135697
709908
4771654
2414999
4312637
7274203
3263577
545666
2242012
3901114
2204255
2608888
3736267
548012
4654333
3724139
7144896
34918
1423585
5080638
5949001
230356
2850570
6046683
3944096
1235201
2805042
4010909
4603279
3413127
3661185
7849912
3978421
845140
961664
202442
4951437
1567826
879907
2183716
1326091
4474264
3606371
3186031
3037018
2484780
1411780
4198414
777235
1780456
1242941
4004849
878609
267468
3528203
1122653
2984405
2857098
2691316
1676643
2965221
642748
1126095
2275140
1678887
498403
3105456
3663452
3469590
1546118
6135368
1968355
1684413
6067932
1965288
231163
502383
1283169
3831905
1154903
1122997
3731905
2940230
1519890
7162734
1342703
334265
2624445
878453
472012
3466160
4061348
1817856
814602
1927294
3073356
1419784
119951
2968848
4015315
592999
216956
1336924
3440782
2318668
1129967
3325369
152575
1025271
693451
3032236
1190307
3901631
386006
3078978
294003
795794
3258406
2719501
391075
5828982
605175
2290255
1064542
2021910
278551
353239
2345532
2805991
2552170
6151976
154619
4984465
4917927
732271
851477
1102116
711075
4796780
714203
1540030
3007911
333995
1933044
3518458
5136526
960288
5420743
4359798
1110453
347359
1906290
1727767
2308702
3401722
464550
1999398
4788702
5226180
945395
6535330
3852508
3246534
408758
2818431
586000
1705283
4555621
4580009
2548100
1346382
5509547
724219
5754832
1721703
3978073
741
6517697
5237719
92019
2420385
3299003
5650354
2423219
1566936
4967840
3136579
1164456
2826174
2755429
2267805
176602
6436719
363101
1400610
1043210
3527622
834353
8384197
3512125
5065807
571513
5877702
1580877
1764581
480828
4892754
416780
2756257
4546951
2811400
780077
4349314
1080425
3456130
2113948
4088927
3810853
4962807
941732
2897081
3121216
1745049
7479502
1876938
6955645
4992048
1694147
758836
1498456
4893522
2405167
3130228
776563
1294911
3235497
1099842
2315310
7197838
3323815
484074
6015688
2789036
3898285
4895479
3062358
3015565
3672899
729950
76153
1800938
8080518
5910010
1255340
195758
3189
1991057
1463037
6176201
583749
3716509
2186492
1000420
1049219
2613713
7582848
2126410
1609076
1091316
1551168
195934
1324574
5156814
6964763
170264
2781624
6214456
7655510
624738
6343728
2140647
121694
770796
4414006
1161092
3352670
1822664
1404804
3016141
6256633
1563961
2970972
2220159
739584
273845
4825535
217267
514213
97826
1824933
203854
7094403
1658350
2590598
2363485
456561
3609020
801480
5306291
552393
3297307
878257
1167384
4205102
1683187
3021077
1128490
1568220
1665108
4766989
4063941
2494347
62474
3843646
1351937
3713425
5316319
4005988
3029165
111388
668935
1678330
287016
4892572
393858
1372216
5400812
21324
1356299
4523881
2664372
720401
5186728
6491565
7003080
3295320
1983161
695620
2840093
231125
1323096
1098217
616446
3157258
776464
1191930
1045275
3056931
2966053
4737728
145583
1563548
5127238
4034554
1296734
1273617
570340
600262
3124794
3644316
686725
726998
1049451
948228
5878848
3261996
3669378
7040381
5041471
1847826
2190434
6547126
6044968
798626
2641920
2801381
488509
6076150
356637
1041672
622376
449191
3734563
5363461
3038688
1444422
4116529
134965
2439189
1018935
3410420
672516
132878
5176323
527093
2604614
1365275
3659200
1889074
2970105
923211
763936
276623
1453461
4388852
4320133
470741
5775858
7484957
1433805
343202
1371529
579911
423866
2635832
3057669
2126739
347011
1288583
2126268
253242
187768
6272566
499513
324719
4213980
868850
1778235
661517
1424478
1965846
6342493
3612544
1243040
3458141
4199389
199765
3490084
3552614
3517477
1979098
5491501
2774699
882969
2033283
5478401
2292031
2968980
218600
407321
410520
5686767
7407719
1890191
151390
1740312
727258
2536133
238410
4005948
6803049
1837264
2744574
5149755
428133
876750
2240757
4796847
2505662
4676277
2975486
1179681
2054836
616495
3275535
2921559
2900579
2632264
2084690
733683
237442
2081911
836759
982414
2780353
479198
1682109
818563
5795135
5145802
549234
2501922
463418
6133072
6818163
3470652
650484
1507035
816240
964104
1654723
7364032
325606
24069
6487527
1943508
3043169
1862062
1297482
1559251
7595559
4622382
4164981
1944152
4803722
177575
2267976
1850039
379573
767836
1940780
342683
2995392
274048
4326566
3249666
2161058
4169689
6824102
2125863
610144
1171923
766546
4321661
3242411
5973758
824223
353744
891712
3253683
5042779
5509149
1838242
1943554
280108
450394
4903402
67561
281084
862928
675610
354538
68004
1796279
3039878
2570990
1600022
3307318
2117551
3614313
4772673
4843909
1960895
903770
3336593
646926
1610607
2784683
24887
1674860
680929
1744631
913465
25603
3598468
575293
1076260
2671918
2388577
3083613
1083211
68793
313607
3217690
160522
1800120
1175410
5916660
3825311
1182371
1058613
1908366
547414
45761
472020
2500078
4337107
5568238
694030
2799459
3105078
804612
7326324
1033132
3510013
2176599
1162215
2676897
447470
893598
369
1140069
1707445
1289878
5940272
254197
894978
5073530
537265
193318
576377
989444
2447498
425219
1584624
5400569
4399962
1317125
2504285
4704060
1426328
975132
804845
2172566
797377
5027448
1484008
2001811
5232230
1823205
249916
1474120
793652
1106619
2958068
623300
606526
3818730
1689280
5126387
4130040
1160084
1400096
2529844
4257983
2748851
2130851
1398063
197653
3207218
1425230
2688000
4224271
3982190
5336419
1894910
1791614
4941100
5323235
398551
48615
2092633
5188935
3782546
337546
732377
7797127
2667988
7060031
2520565
4003301
4626694
4371741
4697958
2628181
527644
1637779
5560678
1417908
2072740
742673
4347485
3455740
6692976
2481103
2933959
1392006
4273769
1174380
193162
1188756
4023159
4909656
2082843
7257061
821025
1461128
4166447
1347261
1431245
456450
4316135
803192
6588196
600929
1152669
2611306
6742518
1023736
2692791
3568836
7882821
4842663
3519212
854074
1851386
3714694
3105858
3973714
252546
2478044
1417722
3694393
1565421
658685
2930646
1084681
1096465
67425
1172171
4451709
2552702
1614481
2594097
2895582
2900630
3437913
4173626
300155
436211
1714220
2118054
3398859
1612143
1866169
4662833
2385843
6288690
1732709
1560228
4979510
67315
47591
2929571
937225
7656237
704520
2868348
6291755
237017
6167741
2425144
686347
3174040
6146382
6117813
2897838
695460
2657750
2694232
5978206
515721
5636545
55364
1664775
1235378
2532185
459313
2349301
4683811
1536743
2735064
5386012
4745351
2857695
2024632
6815908
332398
3543413
320325
40064
4159753
4566309
3041040
2029882
3232944
313856
2225030
4190100
4294640
2796089
3689654
1321853
1923440
2142603
5986111
102158
3265333
394433
4064991
979183
3829977
286480
4996652
4081318
2191376
1621634
4104947
163543
1397461
4589689
2075898
3955169
769569
943307
2906232
2508794
1282046
7754656
745713
584942
5577972
318100
861990
401428
2199875
5215869
3155927
1823773
3511757
5624917
5245027
1165861
142051
722479
5781978
2400535
1315192
4426730
1894342
5124734
1375379
548334
244635
1142027
4236249
2417321
4891300
4030977
1806715
1347791
1061007
2350661
1578434
2088519
4932457
553866
1159098
9217171
724656
5180077
2191391
6897327
602511
4294088
271192
2255313
1489383
1142665
4587851
825926
2045813
1884983
165929
5405152
3985576
3427358
6758319
4695472
3834938
1401984
3008676
4664192
1564126
2724203
297190
2876466
2729290
2581489
1399415
4107100
4079027
6858220
2076765
5445541
4889156
1023356
4964622
872970
4692515
728928
2232814
118315
2979156
178542
7947802
202117
1199753
1065367
905827
361765
2577630
87434
6009335
2204872
683938
2001459
1460498
26370
2904399
2307143
8193925
469364
332141
2008215
144412
2243844
867117
2858242
2328543
1683252
307920
1641039
867147
1168683
4388667
1954441
2811302
6425534
704921
1076849
279619
5241379
26998
765501
3706597
7229814
1133623
1475439
1475057
1728483
3756797
1002747
158006
3573283
446846
879134
1461336
4610453
2049469
1771101
526967
2503534
2692313
5836712
4766897
3858906
6828906
3873245
773542
653513
4216127
840372
1327494
6285666
6911598
113711
4058779
1602930
1629516
45879
1366395
241271
7202026
4688325
2042690
1503676
3857841
2685611
2158973
3680428
52492
4517106
5486415
1012885
3232256
1793456
964630
1176088
678109
3932949
333408
121572
4272336
1305897
1032242
149001
6325795
1357636
6287620
5325235
1212542
1352338
7049131
1397954
2006981
5432865
511223
3342239
2626251
1253218
1402439
861998
2793215
2875199
4582763
4019478
2112558
2537677
3479710
3270227
3044245
1699323
2893507
2268516
3903459
2164597
138588
1746682
1951977
1051195
426648
3236267
795161
3009532
639639
2419665
5145798
4904334
433905
5220066
2775328
3228763
3195606
4869190
3262393
3079074
1228316
3692633
2165444
1969626
3732830
2237389
2670642
1194642
1970345
189541
3504738
886807
3241258
1691568
862540
3499413
4600164
4165273
2263655
5089549
2117378
794275
1718801
422909
4096018
4473945
2905294
4480374
2096579
1867943
4263378
2869989
2955049
409943
2952759
1656516
3136637
5149464
7028615
6330532
4430045
1715759
1320166
2009278
4148911
7249243
2869011
4193416
1375166
998275
1836903
637825
6507214
3781882
3000916
2007354
2308408
3705440
914668
2180330
3174403
7931645
3133491
6866004
5330405
4033855
293617
191007
1920693
4670927
1199215
2092764
7710753
1970442
117943
3573500
5565203
2087918
6146083
2892671
2490433
4397824
5274151
3987372
8083968
1553392
4872110
2247019
1650202
424596
5002050
1926957
1122251
4964917
3121637
682820
1955369
7833186
1344309
2699684
557836
1828292
2422829
3910558
6797299
1014869
3739332
2384188
1978866
4033759
2960100
4207528
869377
927106
2683576
4963229
1625923
1558628
3368825
2553288
1697680
1852076
7646097
5704497
3339429
3390996
4068747
6901720
3806878
1026054
789666
1780042
1654079
3866951
2174007
374448
3715213
1374795
7566247
447599
3179755
414606
1767005
5110880
383795
1233425
3269041
3202565
1459597
1616217
942973
4827941
714790
3087839
396039
1176522
1145741
2225050
783982
1863577
534622
4281133
582639
312510
4861268
86322
7290836
3952409
3258269
598054
2390280
1651890
6795134
973841
3493512
2164702
5476584
2594841
2040168
5751857
1357857
4688074
301656
5491945
246836
2249586
6005338
3249166
978111
368482
4744054
263805
371441
2331419
5827297
3219211
2705796
1036888
1798673
1634895
5499232
990240
1040924
3849447
992788
57459
3389188
2162318
1377274
2830256
1541383
3490390
509672
4277180
3680854
4789668
4467156
1436955
1764911
2663741
386196
1769102
3863749
1888549
5690261
5307616
1051706
2457726
2889526
6576205
2533917
1371614
5227778
4341851
863988
6451427
1807479
1485431
211568
5125458
1226415
670277
2910495
127181
3316787
2583090
6064942
843927
4901757
1968033
5002975
3947726
6184435
918262
4490819
2197437
68071
140716
2806361
3241751
3273026
2805933
169575
2239544
3858256
825950
3462286
411628
3961534
23348
6888902
2548767
3491811
4129227
1385168
4796727
3260456
4726831
1064451
696534
3833344
169954
1982942
1732744
5207744
391773
2327957
904381
576888
408559
3281283
6756364
3714157
346356
3826893
6016201
108972
3757884
1048522
3033664
7213665
2976742
4846790
5367492
4524856
1168088
4962095
229131
687441
307528
876810
4698268
2193394
431109
2629642
555182
4562229
5144710
1187006
1713181
3569162
790578
3875694
123212
2845717
2265949
450593
2456705
601924
1283932
2514811
3825601
662055
1624611
1775834
1559806
3346008
1457067
2316136
218639
314365
840944
1583124
1979700
162541
201263
1311269
1784181
541063
503930
1017401
10414
1287711
2804972
1453169
3175663
1373498
918221
4021138
918147
2435795
4062696
1572014
3534497
4443924
19591
3402448
3509091
258473
441003
3668942
2184002
559546
2226426
366432
4705769
470267
1759547
4443774
528488
162665
4379372
6158131
150801
3608848
4213639
1201262
3276496
3238680
2730055
6405781
1638690
485204
3658074
31443
647180
1434740
3504622
3734036
1525517
906647
1462920
4044285
1573490
6839279
3381634
3249885
2878188
4439010
4085851
2300558
6249330
4969083
1584289
1491543
2977548
2994612
1008858
1278848
173202
3654154
4735233
3602029
2369348
3289280
5137206
185970
1169710
1010089
3276840
419875
3496786
4365164
1278855
710274
750521
4901874
6573962
2623101
1041070
6191143
3720079
1110457
1649606
5707427
574216
4426836
2542126
507426
2762988
2119470
1065177
6189003
1138181
1150210
656083
2270998
1793466
438025
3440576
6108363
1001497
4544024
1549209
1102933
5117812
2588674
417453
116849
1835084
3333167
737400
857019
207962
4251850
2743627
3670843
5260410
1734616
239645
209961
3610610
1240631
8006532
1342042
3417547
212339
131195
4165166
320734
322089
3782439
5922484
503706
1344664
5959987
334137
3327638
770355
2126720
2530431
4636716
4626578
1244797
1041890
2139278
2273690
1094923
1594822
1317101
2152652
861487
5805396
4087049
1309381
1114075
127300
1734414
2149009
1512714
584032
4439499
4840187
941721
3449943
1359725
2963181
3208085
3323368
2331441
3767378
5681309
605619
2275157
2876488
234390
523085
1812105
1879947
489713
2057319
4115901
1314011
141126
7493220
1267596
2471041
1403650
4030081
304307
3108869
95897
147228
4313238
3793629
6503052
303012
3058765
1158583
3248850
4189046
6652349
696146
3224822
4637206
1118905
2150019
354873
112597
1702424
563766
931058
4245257
2015910
454654
1427835
4024069
1118776
7436950
805178
6961566
5243605
2464544
2798479
2508977
4815137
1991448
2850094
4343711
3573762
2973769
3448795
902263
3536978
23676
1450465
2744430
4063455
2648504
235911
1559546
5942230
880723
6163021
2032439
1548025
3001296
1802044
2458742
45520
832748
4018022
1396057
1815606
1253415
1948024
2132120
2603644
8785250
1114291
4884455
327246
3227668
3699267
1804532
123024
856996
2921225
5458071
1530497
1698036
6662200
4163095
1224836
350173
2306385
1018742
6597104
4086887
3855540
1737429
760938
1136805
2024641
2952039
56523
2800244
1252629
2811938
4987082
1171031
2208807
1918498
1128990
3254915
1860555
456907
1015824
3342968
7565537
4998460
1044658
590291
3242420
612439
1639043
4861766
358156
3571943
2881900
4957539
6542943
3612516
1757890
2432426
5138828
289933
1494420
1819065
148165
483177
823592
1536082
1665315
5244210
2007994
2904461
694805
1812682
2362547
352510
3667740
2194603
2664009
1612133
2016939
7987927
8885774
5817901
4560112
3803377
431828
565284
7022695
180421
410179
7012749
4084068
1179065
164403
4996875
2206421
7317741
5271293
1899318
2179043
2415517
1287411
7645817
4962198
1718117
4402236
5251383
383574
4384960
2241074
322961
1321405
3481858
3792846
703253
5638147
3106360
300682
1325218
386939
1882830
126024
3155698
1956639
4280885
1839081
4364965
4205602
1165333
7206873
1213066
2606882
4121618
23648
2528048
411880
641802
2201640
2861879
534348
3506705
1605428
155009
5617529
880744
4657467
1630686
2192730
3843273
3043614
68252
442050
2400711
528443
1204161
238812
3310112
1253269
919136
3003517
272644
7814202
648845
2559453
641908
3116254
5662127
2986897
2488856
5544696
941217
5951658
581
5677862
5141212
4961569
5357490
1112616
880450
4172496
3127995
8051309
1769258
2873113
1447372
2072304
3106208
5562984
3232041
322357
1227529
1797968
169132
1215120
6166069
1585114
2249480
4950629
1028907
1401250
661264
2215315
1331630
2348157
3597081
3723992
1981450
2715112
5044843
1876500
2769961
4157333
6417602
1674640
2193565
2635864
192681
2417821
3100218
286461
318607
2406472
4082760
677016
1932068
3474446
4025683
1083943
795889
4474146
1430850
4643150
3036730
4984108
2031913
672880
2397055
2935667
3079203
2792689
3630828
5018743
3431223
2011866
1740881
392426
1320647
1686850
2576909
2451665
3269075
1474052
269919
535365
3184786
3454675
4504512
1383134
542488
3316918
1073729
3183332
1478440
8290
276586
273916
2700273
1014727
1249521
1616642
597553
1494900
358698
3910769
3225507
1165405
596684
2177135
1729893
2277988
1768
1438391
2889252
5937573
5071187
1264407
929537
395289
1905232
397651
4883929
5251879
3193877
4491762
2848616
1178304
32958
110193
4784666
276868
724386
6726421
4619601
3011943
284919
5494661
5128224
2452382
4637677
553598
2235500
7113561
368284
1173494
4362
980083
1330106
701189
2781743
2238939
1017195
2975193
994434
706456
5206372
1467228
3468746
2673824
4109628
586506
1236172
3367292
218931
3836090
3358983
6985265
3994281
2620144
1474579
4488835
3852430
5005524
1653197
3451947
920354
316114
4379469
5151674
6362278
2935378
6277080
1947866
489893
2394364
2385953
2574835
109914
170351
560957
648473
2533059
2639347
2858443
458971
13983
4148200
2275514
1167871
1428187
958727
1833598
4954599
78936
218371
3197609
1637437
420141
3703546
6164931
7221001
1387647
5330009
1696132
610374
3255167
570422
649786
597272
4775665
4566644
1879039
561102
4325337
3162406
34395
1138346
3980410
1482439
196483
4082049
2058785
31953
6975259
4035825
1695255
1264017
914961
6070477
3465322
598514
3565654
2227530
3271127
3938623
1724795
2575706
1436460
334490
377343
2283450
7368997
733440
139086
1092755
4799852
579538
217821
320841
1649876
4614246
1161105
1747418
3152554
611504
842941
1778312
523090
2597961
675643
4258264
1101347
592387
3116203
4828494
2648234
396892
17194
430831
91574
2108075
3867301
3151146
3604866
2905069
245363
4215885
1086826
2149162
7156372
1710168
7218568
978162
885755
4792605
1466165
87239
1744067
1007148
6796310
3989262
189113
6494132
3293435
587285
2593823
1464122
1272239
6018046
2444801
4041498
1023554
72598
1090006
7653253
1408469
2666623
2102776
1349194
1076533
709618
488052
1277501
2194716
2272302
3738083
713631
4459797
370553
1200384
2392872
1236663
4286805
3403891
860835
319617
3935222
2508996
1326352
446982
441162
3861985
4494925
3695628
7104431
2832719
1717248
364822
4355494
1441669
3522425
2063758
2278839
1953151
6146452
272603
2748444
482925
4035097
3744263
1245825
2024989
98340
449806
5996053
1640084
3047918
2675828
3381495
2346906
448543
1895126
839471
1286805
1952792
656432
831213
2652050
2120818
3601593
5613665
3259458
1276933
2692875
8193737
4790954
804684
1615357
968207
1088028
782353
182586
2801834
1373354
6307111
628187
6958726
319853
3902265
4617430
5440571
1544475
422677
240857
3694167
5191436
2203558
762463
5987160
2035753
4448607
2959395
8572647
4211388
2001425
3595207
7601784
196302
1089135
947001
3250793
1795089
3053995
4306160
2955225
3082520
2520605
8838802
3737174
1043087
3629824
638986
459751
88569
420162
2020152
6561046
401739
93588
3935449
424886
950042
1355393
1063901
1994866
5560499
231211
3910388
356795
5620627
99286
2549874
4235840
380275
383415
1022566
307190
2748515
254835
5009345
4822983
5788020
301028
2612986
46179
5751575
1988951
4495702
2949881
6383865
1823141
4482784
1610671
2738663
843917
4501034
1763639
6942205
401671
1224681
5140085
2467808
2083356
6894720
2511988
2852067
291327
4388519
546737
600826
1407400
4796918
1565198
3998840
749665
2103210
6134491
5747138
16828
3680755
2014953
2221519
948778
724631
1781198
180226
505622
4396035
4240154
935770
1179038
4057298
1218342
2540040
3199091
2388079
2420826
3980622
4793494
606715
1657440
2304801
1400240
1546578
2398832
1593473
3590420
5235235
4925096
33003
483242
1394325
2545884
580175
4274320
5942886
1750621
497446
407827
1574981
865561
628596
2376823
6021296
1378184
2747458
1490540
2029840
1738496
2118558
1569009
5270838
1996978
686518
939174
2480109
1362878
4482982
4696510
2191308
1365506
4813075
1238137
5718416
1700257
4091926
4855410
641845
3418346
1192120
1542375
2034812
1895893
115764
537477
7197561
2500599
6042475
2433590
1820023
1861164
4132266
612401
1113256
1728023
1962092
718355
1881025
598841
164714
2533440
304079
1191402
1982646
6663473
3699238
83261
5565440
2272822
2563446
3097534
6161382
2816099
31862
1114509
5909772
4004879
828130
3062835
630639
5612644
1216841
3203452
2707790
2990760
712663
450123
1172895
2184720
3779113
1794480
2707399
1042641
4842276
224380
3152580
1581104
1666350
185107
3275391
1733683
1212199
1786993
2721512
3625232
2676326
2101327
3421936
494719
1586773
2886533
396251
683468
6814023
1560019
404862
6443840
399433
1275988
6425974
3791259
1185208
4221383
323503
732258
4830706
4340734
242757
2421146
2845822
3709688
5170
4681651
7493712
5849360
3132400
3948733
5186425
493674
1540262
4046820
2868264
659163
1075671
6882544
4123405
2183166
3376498
4045373
952816
836691
957573
613010
104344
2103728
1433938
680875
4221877
2801841
1858393
4329487
5791650
688073
1643519
487711
1155567
2496126
3259263
5766802
4846981
277028
2590491
1965189
2072306
1029818
1768933
904079
1730277
6795224
6428226
1720105
5458771
1040134
971698
8705054
2718444
480548
2052079
5451077
886634
1745523
102523
9020533
3331896
1329712
2851515
1958058
3511954
4387776
38177
362922
2300455
6458273
971704
919798
28511
3231574
3894559
3636455
1234526
821033
1941305
1062996
4257446
1592330
3284406
3530276
7295205
3606956
548296
7018925
4112444
224387
4327158
99719
4231079
2379736
4073697
1274428
1603419
1517154
2760627
765763
148838
5446325
6195001
3420189
35489
1744258
4001116
861587
6651815
3079829
1567984
1510152
4945952
3532104
5007181
3083315
3013707
4312560
4175616
2023338
3935930
3211481
1287091
2180151
5447511
1050631
70539
618580
975668
1243427
684379
2077244
6819263
3126466
1623446
4565897
6664263
589456
4151027
4094394
1642798
628352
2645060
7125497
5626874
3855005
330447
4144601
1835396
22286
1268405
4550726
1534763
4128627
6225517
2298287
500632
3378200
914543
4088064
2769352
4694716
5201444
93253
2682312
917684
1053382
6720274
2507867
603164
2118008
1108179
6800754
2347168
1726348
1740316
4741202
1613977
175098
51977
2196104
1217245
1694075
1281070
2244035
389596
429649
3512264
1548459
2284683
1507608
366056
3983708
3485623
168221
1470735
1646412
857006
1952237
3638760
4336509
7663336
2306338
1741050
2949654
3100943
1440528
1388325
1579749
4341508
4054076
6862962
4070789
567240
3337900
3158016
4745371
1311598
2188581
432366
4200852
5220624
3601895
3730475
2181224
2348076
344160
499577
5684150
425772
331502
10592
4732590
1475099
1376924
1169980
3177576
1795375
5655516
7333048
2401898
436884
201398
2345462
3130118
2879528
4342317
3012413
1392753
2247321
2469253
1273792
1354040
1600908
2644186
672278
3522738
765991
3797236
2464749
4035904
5159455
1744847
922786
351149
79382
6803645
388409
3127052
5360711
1158518
5217979
2176826
1099569
680588
4613165
2884664
3484444
1535754
1164980
1356494
1464661
2696706
4379147
1205059
780511
1388344
783809
1560331
160601
4978497
687061
1904428
3618428
300103
7619479
2470973
2832355
484701
117873
1879579
1828606
1352985
4619545
835299
274378
3056215
1039476
542901
733479
2041415
2407142
4177026
3353754
8257349
223773
4758670
836681
473133
1339953
341127
167988
401902
829801
1221521
2822484
2726193
211109
710504
1064852
120966
956034
1546998
4336658
4419484
3962014
908563
6646858
1114118
1614572
3828344
632325
6052679
1386364
669197
935903
620336
5834195
5625191
3135121
3092460
341026
4237727
4544708
251430
606693
5353978
1831790
496486
3338571
9259
3789619
2615485
2515954
1965987
149567
4014266
2044238
2858574
1891116
4846060
719135
855745
5270059
2066845
4242439
7816371
6939150
54593
457679
5109872
1563127
4120654
1411236
899912
4353132
3317679
624722
1620543
4924692
723193
504346
2330382
3716909
2450840
3399464
4543540
872725
4489755
6521965
3463403
5979437
3050922
1429132
3826462
935902
2054241
5409722
1804
4916457
2871447
5234290
3304836
716384
3276528
890830
4088751
500773
519831
4765126
178491
3935360
197260
418226
4304045
5076391
1814724
2881891
256713
436397
1952527
3466358
3686714
4321665
1578373
6170333
8956852
1159014
1721265
814767
4972375
5524420
189252
3000295
4954628
3133905
2905764
2104581
8302014
413284
2252073
145584
2627909
6348329
2497435
1185514
5341159
137556
14316
6048730
702741
207120
4699516
1399929
2653303
1922175
5905738
344850
1071071
558131
3552515
6130068
2409843
3181897
3427077
620396
219121
1145898
131107
857118
1159018
284469
3142090
3596049
1291526
2029349
4706957
3242380
346574
1089135
1903613
1674174
2672201
67399
3897627
2538593
1119259
51824
1716118
558776
882957
350937
3337615
859000
4777967
814972
3886764
906096
789521
66282
4238991
3674699
5843672
2432511
580099
899886
3693405
4823624
216640
6026751
1482716
1454414
1246498
3296215
650459
1284058
589396
7594457
1270359
1637848
931710
5625173
1607892
1380536
4603637
2109606
2825469
5015509
4778112
7646978
2729012
4818670
491209
2129214
4395630
1170746
5977238
1162257
6315555
495308
2055563
1980100
5694248
2715481
656065
3794098
2492326
411992
1164525
4707354
4286516
1250417
1289983
1553880
5257856
2354413
1864821
536208
3818512
1849221
6051750
3962825
5427514
79495
527879
3491117
646473
53666
1198482
1672053
479602
5435274
5208968
2578041
310957
365110
561050
353128
4583968
1879406
753730
3103486
1240457
3917906
4725742
2661093
592401
89816
1744780
1537129
5646023
7079831
5105164
2808088
656103
3260119
2029190
5771593
4719807
2086171
2728927
1556666
4702028
3945119
4715604
1684962
2479775
2440067
2229731
4454368
7053753
1639646
6155084
1736084
7626493
1778816
5151794
1339152
199028
5245814
184369
2183330
426344
4307732
4204336
2053753
3765947
2278049
13475
3074202
729864
5838007
2491293
1443796
872921
1250958
4018029
1703477
2661727
2167254
928759
7376901
294341
7286752
912981
1764697
463344
2310342
1240275
2157095
3950875
1299478
2876489
3603316
1923748
2024998
1006785
1085739
748543
1349257
5061716
1129718
379812
2566516
4681169
3283
2222091
4646375
2879431
1775749
3399358
8672869
6949963
2900212
1749440
658538
1495253
1503355
3413361
1034278
952437
1866915
1366442
3602268
1160292
1533184
3228740
590423
259890
2979269
70726
5916315
1060171
3653172
625951
1606861
540500
3493504
1263037
2686106
858684
1152176
2661122
1649164
1061928
218166
1960774
2707548
1030796
1102625
1952256
2217215
2751102
2916685
1174438
4995894
1200921
3063070
1395016
3991741
1606735
697225
686012
367638
378844
772463
244918
720101
2551789
3394845
1410092
2197663
5009749
6013900
176164
5033795
289942
4522261
562385
3373859
753986
37654
2216451
1897053
1636851
41609
5678708
4151575
2044745
3572802
165700
5021493
2627206
336104
824768
2215821
4453624
2535864
6208587
861640
5571165
1792619
3740725
14902
2604775
4148999
5264235
38227
3379044
5509406
1577484
1104059
4265091
974749
2002218
1720260
344083
845163
399737
4574114
4383880
2082260
5047582
608868
4374765
673520
3166509
7132352
4086159
288703
5662352
692344
1504423
3842304
4665553
3904220
53626
5986644
5153140
3088979
1099672
1336011
1306705
1870369
1072214
290721
2322940
3758945
2572385
3863660
5428534
3770115
4752051
689590
2991595
3451307
2385495
5107610
502518
3336766
1587977
2915846
3309565
614919
1462830
1908722
3716158
2040053
3272694
84100
900240
462946
3155428
2168837
4433864
1718364
1584466
848471
3711450
5454618
2993179
1404856
1369418
4246184
5729950
2963471
1231879
2608268
2842839
520042
1980230
5376516
3359903
2051244
6508269
6858824
1557507
2124254
4357446
1177342
297923
3011867
2581612
6071737
1613465
2227006
2114545
3054946
1371298
2362461
1151746
2811735
315980
5251588
29568
575797
4839857
5600775
2025695
161618
551845
643882
1096049
1102464
2978705
1331578
6736028
2075846
2291782
892157
1752950
843671
7467282
450728
988873
902957
7122327
2007253
715271
798518
4219913
1607601
2092370
5950314
879528
4319520
2886197
2926200
1858800
2519133
67471
4371760
5152659
2329964
2156290
1683689
1650277
3917443
4296462
6656624
2690785
486636
207334
952514
6459572
4737738
2048530
1456641
922338
2380273
970989
1752458
3416839
3416563
2648355
2280766
1174840
1998488
3059266
3656812
4054439
3210505
2137040
363726
4525266
866305
4211010
2023889
2812190
2798013
1317664
3680107
2119699
2866488
1912509
3273626
4120129
426077
776665
4571839
702036
4846686
2514809
8548557
7982500
3911057
1309661
259376
147252
616732
1474919
892865
2068174
3639733
385629
1111894
1755851
7931839
1281662
1179216
1775008
1363432
1668272
1968904
3187926
1813656
5705244
2617541
4416657
1665283
8052394
202980
2596603
3353230
1222633
3101859
765208
2345475
1657892
5127283
6439984
532621
2221286
2652630
24172
322519
166039
5496535
1025056
1432500
647721
1315582
1102194
538114
10046
3629364
950950
1053043
37544
1450197
1281988
2500622
956650
1934954
451906
959493
864428
1227875
5287833
3334479
2281865
3975053
1561694
92440
2045584
3012908
2294046
3575509
5151895
2075211
6140255
3131453
1203849
350010
6469616
5060377
255648
4923032
332899
6527634
366255
1504550
8251541
3573225
4443149
193294
1437941
1466355
1823149
1777248
2130189
4816614
3179276
2387093
5927704
2577858
2097632
4198498
738298
3530125
567021
339726
1957342
330148
2154208
553374
643373
4696170
1533861
1968351
1233208
1103333
1574931
1985084
1365842
778251
3367474
1619086
1530276
1719123
2193212
671194
4710640
574234
3873129
4186015
4069849
330786
5448453
211640
2093109
6827582
1790568
2725311
2684734
2959068
4581892
231544
78954
871562
4904944
1565410
3027279
923177
2432014
2294478
5685196
486431
3158227
2076587
513450
323501
178465
1652268
2241961
1172494
2775349
1764205
2127347
2842292
4456377
7149758
1322152
2007113
2139503
6371229
3336840
3159141
744979
1112987
8707806
2008625
1584985
251528
5228336
3956637
1227977
1544327
4456542
818988
3136069
5209856
4725447
548925
6808036
5561148
4239323
3136668
542458
31283
2274740
4104032
1373048
1991668
2971822
1179709
1018050
6733426
6272047
2080999
1733479
4451454
1601698
5135552
174325
2840298
1782385
1522187
2526465
4600495
2837173
431582
1416412
1475540
672312
1230981
1569201
5714101
51112
6463512
2161486
28042
1876630
376785
544187
1033153
3884311
1481968
4939912
2516954
5083966
1955224
534070
5004629
3019355
2924454
5390153
975700
1135109
601695
199812
2370282
1633415
4077850
3738399
3505095
1236718
3200098
1194069
480124
1537224
4649760
8124843
2903959
1203081
5430057
7467740
201738
7020383
1656781
2354213
451291
40419
45377
771431
5945801
8226063
5099858
447598
59999
1395666
2946323
2861536
5660932
3847341
6377645
348494
2169898
1520632
1564680
1398031
2853190
6443461
2319501
2878287
1745991
1586769
1352467
2431782
1113115
977827
176797
770242
45320
389007
1252327
9826
1065024
1053060
914024
3504387
1523690
2016483
1197010
5296254
51226
822614
3084589
3808249
7478041
6128699
325825
85602
3152115
2148875
1872907
4440542
8589
169432
2420005
307551
1465759
2114115
1816640
3512666
3468626
1713889
584707
6588464
6172417
519889
1513117
359998
480123
509242
3622463
981127
8013335
6130851
1366214
2170097
440433
278093
2455556
662846
204397
2930426
1474966
420566
8960115
2890850
764544
2743988
4814054
4379040
415592
2838430
2934768
607204
1118201
670443
837432
1205043
2125952
1712169
2683328
963274
1057530
1834291
3565379
159204
628257
1061823
2905577
1038476
2558727
2099379
5690638
4583202
3385360
4164707
4376093
1482402
1875090
3665196
3018329
1548331
750080
5432508
2060336
3330757
3712232
5134967
616864
3296430
3625565
1154563
731142
1023855
175373
1574916
716792
2673932
1995339
1122645
1660396
7848937
1413195
4288042
562262
3813437
4883272
257658
1756112
116987
622889
1362815
5778053
2428223
481776
605702
4811470
4156060
1580073
3121995
139160
4031817
1497809
1197320
495888
1025989
3615828
2207726
996163
1939069
351554
2022857
2938964
2299468
1047376
3225733
8636784
3601158
115760
4358564
3426063
1392196
2185789
400889
19768
5839634
695929
5303516
4184503
7686517
4559463
1638312
1738978
3714279
5096962
431767
2864305
7603211
3225323
190033
3369978
1676197
457136
356653
1552295
2832472
5695155
439970
2894936
4074920
4997305
102557
3809362
3813907
16058
5951435
2730334
392496
2643181
1786694
1491521
491720
2951511
149452
5235152
981262
2995044
450091
6711280
2335608
1498168
1673561
43084
6658074
62978
6944171
900964
3486433
3201320
2999004
3827785
209729
2528525
4456425
8151784
5091804
7381597
7960757
1453018
5797103
546483
354764
215813
1541258
2004033
4451374
4584754
1234639
6108340
3746973
1513141
4040312
2694645
179273
1057544
896657
2908920
5049803
4747773
1066281
3193326
1952478
739272
4782953
7591234
2764139
1358663
820943
1622149
1985763
1208925
2559204
71231
3717720
2216375
214786
3389229
6054970
3211496
2317188
482633
4662692
4672139
496141
1112635
6574445
2820031
1779542
1037455
2171173
2800246
1562860
5904560
238963
3650640
171299
1037671
161770
829687
5205601
30819
1538416
3400637
642296
6098142
1415574
1963279
2375678
878797
899435
4509101
3875961
1674002
4007372
2673801
4111481
3619559
730291
609618
8224586
3084095
2817408
1298065
1161711
3367047
613390
2055739
869617
1182726
359919
1110658
1082247
4094075
46983
7400047
587696
1053065
1028307
250418
195936
2473166
3174688
1385137
1865466
3056090
3805040
1717513
5851835
6501663
1329977
3736038
605292
2967004
973225
1713136
825827
4970201
2479073
3218426
1076520
2833869
510970
1871245
1921433
3802862
3648036
1344223
4483476
2005964
3713019
342387
1096300
2056376
2405384
3148999
3131485
1562084
2910256
3189688
967476
667283
97100
277238
5362148
973541
2479983
2604218
1034406
1527082
834884
2805574
1807150
2989361
8268739
1362723
2179794
2921346
3794205
2069942
2977408
6670414
1861042
15950
618999
1513166
1222530
3262607
4598143
3254641
6582199
184867
643463
2289205
412993
5473308
313129
134568
2852473
5197932
2470038
1234139
1382909
3351925
3271495
3110807
655110
607839
3268631
2105907
3614270
680862
1154163
320975
2799609
1058315
2629667
3204143
4367368
1076259
3785469
2119935
1364250
180832
2290335
2094149
4179182
4358473
1998839
3745481
86932
4945773
288485
4499663
3388390
2703118
2062713
589349
1357516
715163
6506165
2545440
193883
5482424
707797
1728512
198230
239309
630200
2890146
333527
354888
2316936
3145689
2491247
2494181
741593
1422835
7695999
436464
2613924
52534
1223374
38756
4962442
4640127
1082692
1888179
3780413
356192
3694815
2192239
206439
3841565
573408
503998
1989574
2818022
5294645
6164025
97283
3441005
2983951
2590558
862420
4859819
2101834
4198704
5371061
3395488
506242
3885424
2960782
1281332
3041614
1506881
69853
768721
279297
2662443
370032
689956
2010414
1054966
2915697
3933364
5812080
3561826
6251469
1170889
3011625
2225802
1441015
5314165
8231482
927635
2205004
2048664
2283954
4606790
953773
2146905
6462837
325378
3880496
2624362
2604750
373132
1461319
2488238
2042935
1611946
4508027
1640101
3999761
4380582
1305274
781950
3770837
4389819
7347086
1307237
4659649
1064942
1101421
3947227
5318738
1997027
2656852
2925682
68495
3725701
2084681
2986242
5414184
299508
6068300
2914106
64465
751176
2719473
1602064
4441122
5063551
5665910
3230749
13203
5001727
2632420
2883892
628931
3319363
7671278
966294
1520186
2226282
6198228
3012172
498712
2902138
2335958
4956397
3376824
1703843
964272
5843810
387301
1428705
1543757
2076679
2597049
2265235
657631
4700407
2190050
116267
2807137
1810926
4290773
3107556
5379857
961756
1593402
8138134
1768047
944384
4087205
2074749
4403080
4456829
2492832
2885190
2531132
1805319
1763302
1880047
1190610
3901421
1177242
3490959
2189054
1232644
297485
4641244
3281512
3667547
2068806
3419699
5313807
1102755
5370088
81665
4633940
608357
431273
2676310
1672103
3561327
1784032
3066942
5108562
1247991
1607876
1357162
1451349
4571299
21862
27425
527159
834987
970990
2443040
2099652
3811768
546797
2114147
208806
4471546
5168778
5719164
281409
735147
3738493
2343225
7671211
3222391
1457568
444144
1412072
1309642
5201359
2614330
2583994
915686
1178536
1865082
3357494
298546
2299129
2208453
5607995
5511994
327473
18799
36475
1773062
4763298
1936665
1622653
441
1337535
180584
48832
4690487
3543249
1444334
3696574
1035787
1644083
2050670
1751419
1237638
1699066
2825461
455670
2154900
133773
1764237
4597437
5089787
43587
279743
3004856
1510907
1053374
114232
6542518
5294448
1796543
1339980
1349692
1173487
6249544
4316477
2353899
1327070
343110
2227331
6584107
3551918
3489918
2947207
233567
1365538
3178893
4341298
2647848
3684736
3740073
4004950
470937
1716368
736426
1516854
1886206
3516749
1432562
4286592
2492716
260896
3259090
2183292
6351801
45641
4018366
890672
418269
1290587
1229050
5962573
1733865
4142398
2170754
2585930
2246304
4209232
1754255
4098217
2939280
1334991
5124437
5803913
3306520
4148780
2321643
7069238
6157383
2278054
6596739
2108012
620253
6665037
4996566
1713187
4957128
3463246
154881
1532819
1341694
1001739
4993679
764583
4211151
1127812
7293336
5221664
2772440
110604
1333262
8839
1387278
2828941
2165443
682673
2632324
2431010
178452
505996
2480726
718389
3305054
5313259
1008657
1082874
5679918
6040370
2749694
349235
2259331
1169614
5372744
257601
6656989
1505096
3481880
355984
3478307
2474966
3452465
2531752
4236867
2836531
296037
6259058
1748040
967024
3024600
2374802
3711230
639550
749894
1445842
201906
1854299
896249
2498286
589193
396728
1335249
723715
1015138
20992
761630
539864
536466
1150792
2177810
779524
2697727
3256961
3755272
1601955
1324648
1560427
1334237
1627056
4034172
2853052
2181568
1843318
3936531
2059002
6876150
1643547
681261
2594093
4396858
416962
1591310
2820902
1127796
3589740
1065487
1906312
3631473
1283679
1717923
183014
2102341
6236792
1797854
5230396
566324
662773
798644
6394570
2546108
5616112
7961548
8964431
4216856
1319754
738897
5412339
7464105
2921256
4034796
2694978
4250399
161123
245125
2130134
2616813
7639058
2072892
2906203
3601330
593006
5001105
7414178
2424895
1371316
1456686
1780834
458149
1467317
3182659
903399
2850055
4900328
929679
2451314
1248581
307094
3985755
2111894
484979
3360247
733164
1380582
3415064
406459
773106
1375889
2706772
4192230
2582203
242124
1206725
214340
5079
2945816
1122600
1014800
6491224
4704357
3782875
1314761
2890048
3396404
1339575
7423531
2961428
1977546
526946
1908397
235540
1679925
2075553
651987
106902
280082
551150
439279
4060395
4981748
1021500
1015230
1850290
3996785
2413040
5425344
191655
61385
5240874
4316162
4884579
4069344
633001
2303810
940298
96523
6703058
6917401
5189535
1304006
715255
2121511
1033473
3387450
1430865
3492778
1540934
2832381
1440111
3027406
1155476
2998356
3373703
1491738
3554142
1656545
1840155
690975
2218099
5194646
323432
5262408
3565206
660255
1801867
2445159
8072
5086936
699050
2328948
3881072
2125137
976496
1408133
3962000
2985789
1785419
397308
1405183
1930310
3256931
2320082
1251272
6797301
1754762
2932459
3670449
1978824
248188
2123959
1888943
3457173
588943
8560008
2547167
3748772
5299429
3194201
2353161
5418622
2004924
651823
795885
751219
1819014
3961530
917177
2203804
1100072
1374609
796712
597102
3694254
1563684
153639
1334177
1184481
1620592
2049368
4133105
513828
6666682
4111782
1390517
191409
3356651
350522
2385577
252086
1016771
1302145
3143527
1681582
2077067
432303
2976235
5897311
4085269
1362952
6587768
5652918
5638575
1673031
1829355
2798226
4550309
632137
1617312
1110155
1360354
1662690
1205871
6052893
930252
2037051
73830
1664175
3335693
434713
3772107
3936340
422178
1112529
1790316
1808118
484285
5685353
1460634
3720277
6503647
1771719
4627085
1729483
4660556
1087154
1045509
1691751
6096814
624831
2809811
2798356
1573522
2077059
2077899
248959
6672593
2989214
1782143
2228759
1095676
1597915
2237805
1566563
3064650
7942064
1163288
3144195
1657985
4597908
438773
4847718
2896115
2313658
4086714
2320902
4117983
3425190
310294
1381829
1127955
571807
3618501
5171260
2805653
107145
2260384
2057375
1726890
1845322
4494769
417588
2616893
6520897
2096231
3515631
4368136
26282
1934288
1210048
658710
3430365
1648134
2100457
2176757
933714
3153219
3314281
6863579
6482625
456912
2297741
264395
2900026
3007554
1335220
677884
1167261
3432590
3487527
3676307
442790
519165
1892365
5117866
4987360
6534284
458800
1836514
1897900
3681905
2573360
3682846
4090114
5655891
681443
6714389
4584896
559112
4058736
3748224
2068257
1033926
210220
404153
3718941
4793120
6572374
4477249
1735042
341182
2664144
145224
8126499
2999767
1664127
858816
5019355
57789
2611773
563444
3707559
6852015
5029657
4698440
542658
4522185
3461083
2576518
1195700
2771638
432302
2877349
370668
2594293
2562396
1894480
1406103
3614088
5363131
1023350
2467125
1679734
5130880
2851148
2622790
3938494
2240243
373319
1130469
6690928
253524
3092094
5482485
856045
2348226
6587559
4120496
5484462
1074568
3144488
3145902
1331214
972262
39881
504473
463836
3517516
2824048
4737872
5197985
3971302
494395
568052
677277
5000166
4067333
1067922
1987369
1758508
2184190
6348602
3563714
3276941
1475814
261178
799475
2241483
2401767
2815054
791196
62181
4154720
5828383
1493818
1927433
159655
1211581
571217
4323016
448391
2884545
3083088
1565367
3196843
4842761
3631644
3731814
481869
17312
1565909
237315
4451407
7581368
1523781
8008267
3174093
2691290
4882213
3542172
1126211
4905048
2579385
6495875
639058
402045
3602716
2292775
2163086
7516557
3827951
4462513
3695932
1326721
2983226
6693606
2620029
2321099
2990843
819557
954680
2609688
1314153
1254079
1301212
1231152
3618502
1196362
2506955
1325505
2103270
2939561
724777
4244154
6350525
2571203
909517
5257502
7582784
497084
788896
961420
3894163
1429969
4554993
1015201
2662094
1950052
346213
784366
635720
3790939
1131829
960039
5032755
1921519
2226697
916044
200436
2058292
5560437
2277083
1969358
2224383
2944087
4052459
1874549
675928
4118215
4746820
3552471
5288828
2615663
87052
2496608
3695111
526850
4830495
977291
2264427
996813
987434
9040767
713269
1031976
2908433
3798144
1782691
1797931
7031383
2167732
1842556
2272699
1828737
1180750
5344386
570777
964737
2069596
1024421
47287
1328161
1444044
2234269
4579285
431597
2926974
3209976
485866
2690710
3476024
4404883
5159806
740992
1710189
3574822
7287829
2560885
1048241
2887241
2373034
4315779
1054985
1793544
1213193
748028
41891
1997132
5207330
1600014
1300088
4965513
4493724
1146699
3139488
3172778
1115361
1824650
4422549
1563883
1708914
491528
857389
7650999
531664
6807436
1893200
1204877
914095
2572083
2463410
947067
1542864
3610695
3111717
667827
236554
5706662
495048
4704158
674753
5459422
1108349
264842
2190422
4637861
24726
5138143
1374143
1870521
194357
3222597
867017
1404545
704185
1257619
3718461
671002
1859801
842043
486668
1923573
4456776
3501706
5808822
1342674
1124225
739781
5374711
1574609
6358888
4988744
380941
4204533
1021116
3807453
889873
364698
1735491
4767719
1888344
5918277
2184257
2216364
3945699
2109348
2347497
3011458
4677254
1778340
73482
4515966
3007020
489096
5801336
2415939
4836101
4969785
828588
5487090
2744666
2700723
5535720
2349567
1448924
1685267
4695959
2782628
936555
2180503
1517142
2262756
6434758
2139003
3230250
571266
112174
2178020
969198
2684896
2659066
852986
3754541
2223426
3004033
1520565
495878
1001298
5949876
315697
856352
4529422
5322923
3721480
457302
234207
1179540
530874
6028523
4429108
1861562
6860264
1159585
337158
2786326
312710
369755
2983418
7253924
3199792
2171564
3045385
5552327
3025933
3751390
1287657
383164
4565970
1766534
2167224
877723
4420137
1054796
6024537
4594149
6365340
5578421
2457767
2305539
1093260
1712435
1858504
1936597
933250
1587577
4413255
664389
2141325
1125653
2198584
4446578
778827
1446247
5688568
4687492
834911
1345560
3825356
3320344
1215865
1734647
3709663
4161686
1185666
4255152
6601643
5292680
358467
13195
3783191
2312106
3861539
854487
5629759
3314250
993051
1280210
2142120
4542115
1501865
514141
2029226
4791081
1748940
4991269
4620159
1811390
2001631
4713791
1051058
2973290
3629316
5782151
597809
2012636
3357905
1500184
2556279
794747
3386163
1325780
1708460
2376063
3643651
409053
1381091
3258012
288072
2133369
670976
6685551
822944
3053324
4763050
768369
85669
3636104
775582
410167
4405965
1151038
4465600
394178
1558499
3059636
507059
1406871
3244165
3932807
2499612
1484576
66322
2632591
2354956
2172359
1642889
1094297
3190844
3355515
289228
3710988
2030196
553394
128196
3333330
4879098
1892198
588640
2307700
5087412
648777
2138214
6518136
5909356
630642
2678040
1421145
717456
5365126
5940511
2534745
4108437
5536911
5477302
5167610
3333034
957081
577963
5332174
254493
4946985
2945797
5149104
397499
2581015
2414924
113577
312930
127045
801235
3756912
1336131
5983119
2519273
1746115
2388016
4364089
947558
3018702
3606812
511002
3086529
1761372
1255241
3562370
327625
4574815
310571
2148730
1492747
2954631
2241836
4821540
3011789
1185586
4079084
2698862
7011041
4559904
5603797
2497171
549067
1612185
2567558
837775
4382921
1597376
3055377
9375796
3669351
3497228
6214368
3771573
2487699
3427981
4509063
1311646
2685208
232989
2355989
1952076
2058537
1138108
5641307
4029694
7926344
2862595
2440170
817014
3803703
1465587
2764273
459051
1809329
598166
4913106
2348047
52654
1564145
14430
207041
5026771
1174234
167449
1568288
1714972
470680
96005
4914370
3437797
1108559
861306
1346006
4728602
2122429
510
2444685
778090
3352194
3344516
3028257
3049121
6123294
137163
3551000
883392
2104592
3844943
5488411
5681739
963777
1645945
620646
5643393
4965520
1391116
1808230
5864744
618643
1479670
266151
439519
4633271
1151734
2490813
2072490
3273817
1698457
214005
1266247
1711710
430237
109340
2097391
1073023
6721317
2858275
5086923
1342958
1394019
1970497
1060850
5563374
2747816
3747302
3879739
2336937
8678867
1494314
1504455
3659713
6158783
2225090
1743088
5113076
1228946
1837130
6854908
4499388
3855751
760408
3807545
3553224
3412206
1180569
2709330
2581673
87912
1555698
817565
735433
2034251
3828682
792910
756893
2467827
3691143
683138
6610146
2163040
5814597
5049983
1136367
1695927
1200839
21568
4005482
1486223
5203976
1678160
1218938
5446352
3179727
4468622
3794082
2373824
50643
3318467
379052
4656229
3441012
3538292
1660616
2948332
2807083
257927
8715640
3992158
4900551
4464610
3536101
4303020
1454984
3863235
2780261
556594
1105931
2304126
3961274
3587235
1452542
1312454
2085037
6794949
3038476
7573533
1142108
5881695
760750
3058649
420339
962034
1467368
1559394
7332225
820176
1161150
1867114
848265
1997539
213312
3209551
551887
1507436
650812
1093250
203653
5257837
4573430
1474357
945880
3540124
3348694
5859287
2255098
855395
5342539
541157
4883076
2089894
247498
4997448
214912
1726940
773325
500029
1792984
4452375
4043481
6766882
4178210
795502
3383385
3119877
2124894
5373541
745564
1502833
771760
3451116
559267
3961917
2347411
2891085
1635832
2667129
790761
1593366
3147013
5915587
5063573
381840
3156585
261163
2887873
815923
3778637
4813384
1239817
703989
3593163
5160119
3693469
2151991
3106014
51109
279701
1100700
442288
3991475
697621
986316
466451
2480144
3112427
3624706
3919270
3663379
1180633
426992
2560105
3987892
2865435
3750308
1519517
670360
994185
4834527
2851285
3015689
5661276
433539
1781296
1427221
3886683
896797
289278
373168
3369358
2294184
6715716
1119138
486946
2336746
3844872
1199766
2324926
1263283
1445849
4412210
5047847
1439885
1730068
4331981
2779587
1499514
579848
7708495
2130706
2550700
2641309
4043246
605689
6165668
838828
3380634
6697715
1155799
7795008
796566
1142723
3053539
575582
791609
4731521
1566704
6679377
534428
2096758
1126443
880232
4062929
4100349
4743777
1196862
1623070
4099628
2965978
760955
5325867
3433171
1057987
6035168
3175384
1772060
1287623
2060819
6016653
2317968
5043065
2926639
3952902
140542
2040591
483524
2854555
1156631
3578032
3184325
1385170
484892
2104702
2362482
2378588
4948992
4389020
4235133
4041800
1682537
2525701
628258
266606
752575
1089217
463869
2361259
602380
21532
2712094
1199333
1900006
948445
3723609
2531876
5006111
460267
2951655
1962887
4455947
1642448
1419147
3439821
8504322
3195759
803821
3853698
75201
2173969
2399987
698412
3885927
1403663
6286
199835
2299060
1624541
1879772
2984155
178147
1940965
2592664
1295682
1190175
6976020
150007
2618386
1235396
5262513
3324804
541614
2048024
5721132
1345237
2455382
2979129
3401743
5378202
4601983
2692232
5414810
4706592
1059090
5642555
6301341
2892753
3061952
2400433
315057
781743
2863676
413829
2152162
1171159
5412157
724241
5868480
3272385
3910173
1162821
5743348
609020
1804966
1183095
546469
5189054
152376
6632606
2656042
1442695
2268932
949800
432354
1668098
4900100
4608075
7821471
4112428
2265052
594639
351867
7102193
6131281
4872464
93653
2483720
864234
4807608
2413507
3789607
3521474
686880
195760
2297382
36136
1661051
875765
7076054
5096915
5024368
7239453
2991847
2038468
280500
2904849
1794745
3956499
170630
196352
106870
1927148
441063
2469788
1286209
701605
1442686
1966882
2101777
74721
2782778
4927885
265809
2048061
786865
439900
549301
1185602
507340
4535878
2995601
111076
5416734
1146689
4170069
3513664
1168234
1703798
7203405
4668758
1028271
2835023
3547378
3700328
5169400
1314891
207275
5520070
335474
865109
764379
4941440
1303059
2507058
503579
3726672
4057930
252475
3322693
1660295
775063
3503451
2877716
1111366
869451
1939443
6048014
1935109
8027332
1550592
3049272
1466905
4179003
3458305
2510407
2353811