3223653
2153432
4274140
4574221
2879497
1877535
665512
1656357
6705352
657909
5154473
1652782
1030214
2296782
1722907
817586
2768526
2209393
1703263
793504
1755380
4182602
995236
88329
1484091
1997821
1405681
5610020
6272626
2668278
4902052
519510
851611
2514202
328028
2217466
6141478
595324
827798
2789883
1184415
2422662
4970890
1390320
2470834
1120840
3450010
3649787
7801658
4183660
2393330
6165679
1230437
1610085
2784053
1303124
2781927
1296008
496135
1045141
4502126
5207477
606479
971705
1423191
67103
7442099
76580
322780
1076719
760428
2193477
4500637
381616
12501
3245397
2818484
5026512
313328
1421438
1102192
3359695
402983
80165
4982202
1361094
3140063
3875477
3242262
836727
196122
1953619
6529891
391131
5048776
6146021
7605909
142154
907744
791881
3254810
2700775
1901268
612358
6736238
3803837
2424828
3856734
2050509
508151
2619081
549287
2623852
1898170
4671273
1371409
632851
1090844
5183267
445342
262652
6359547
1262101
1916969
3358492
4474995
2577083
4204998
5676297
2435989
4606920
288884
4346449
6260231
724230
921994
2650361
1052005
383115
2386015
3304363
5955951
1863256
537666
593283
1513347
447591
2804369
5226711
1369995
771400
3752249
921203
3722154
364655
490105
556252
1393246
5579126
7648832
1257809
2514789
3727834
5066045
2504555
10327
5480555
4663470
3839541
952224
514021
4229614
3503278
1078848
3376817
2986998
672451
834282
5823324
4426270
545821
107423
1275415
2973949
2570377
1188596
506839
4053377
4702097
490877
2270302
2403102
2315028
4506081
4955168
4896579
2737684
111821
1821268
1295806
1373131
7299896
891907
1559681
3143641
451984
2535803
1077274
1773047
1516883
103722
467881
3105719
1715560
2693440
1789585
86521
4537101
2860888
7593016
2732207
1452082
125209
2685786
4188966
1084641
6638670
2261233
1965642
6301884
546534
226146
1281560
1820064
733542
2622821
285570
2767419
1100885
297526
3498587
2594512
6838368
1167138
2245206
3254082
658358
285721
1673739
1809050
2706033
2112890
4265620
3854365
4260891
2690130
3509553
3466499
1298182
6838229
4118688
904278
3573671
2493220
860382
848409
1663067
2423802
2583269
3030627
2957538
2351181
2375045
1057659
1923622
1906054
1394874
56034
3238250
3273771
6645532
3635662
5812489
3189791
1694380
380129
1576188
1888198
994132
4549068
1960621
1518628
664288
427050
3866757
2642087
4297554
2501713
4692992
1012668
343763
3026996
625167
1139744
2343635
209764
1853314
4291929
1278860
856516
1605248
1409826
2081613
3597892
1601803
32874
3724645
3288410
1614615
710239
2349766
1598528
5704305
1149431
1514973
2954190
525200
888245
1411911
120239
6089478
3318959
4174126
1207661
6142602
226556
4654755
1526856
225705
5632821
3263974
3158469
1830976
2614977
1709088
3165081
5035112
429604
650419
1235705
1397806
3398977
4889242
845430
1269475
4075380
5341321
729634
3200604
1654616
4041548
2762798
560312
5011268
2193895
829880
3643369
2357477
3088695
5070974
1126727
1942723
466528
5146470
1614853
6888511
1457371
1475869
85325
1551206
4014720
3014345
3532525
1313037
359268
1679128
6618629
2619452
153553
116407
2591122
3025079
1925381
6603751
2185601
4978186
468783
137843
6307776
544940
27606
50263
1585827
4215064
5187319
4371297
1409065
1235807
1520690
2736424
1222834
773696
7179575
316393
106316
5015890
1088951
542999
4461195
212851
422627
1944108
4936519
418205
2491079
923316
3725616
3532198
1439928
3869992
527984
3881767
251019
2892005
2818556
1153868
3128884
480220
1494297
1381686
1142414
687154
1060915
380272
1435496
5542628
3475429
1506596
2777926
1154896
2694713
1112488
3531752
3027503
774658
1423922
5198978
7728279
361503
386509
1270555
2951485
1553857
3612820
1402621
1192696
5341666
2898634
471116
1195200
2043903
3219127
3330762
2623172
1882998
5292
2578331
2877999
71386
4149845
3167468
603614
63067
807541
850234
1269858
1289866
2655615
2042320
2626608
5061563
4788428
652899
3179
2786279
781742
4034893
3257447
4767456
801918
1121739
2177978
7296291
4648305
744061
139797
1210145
1217776
235144
2128783
491268
4156678
890038
1568666
4616775
760461
1182506
5694150
1014751
1190904
4216858
2527726
950648
1490219
1641243
2117860
36445
838029
3385462
2121413
4855392
4331024
955333
6035071
218715
649048
2513747
1522748
967856
3946495
6022016
1932384
1173857
4773078
1028311
1555241
3115011
1407089
4933399
45462
1261154
871482
1871193
1817918
2587758
509106
693782
7340766
3371377
2837275
2212493
2740414
1032412
4599025
226073
4197403
6978072
2719387
3875433
1078701
409135
1612887
95794
1902027
3326811
5541777
651320
4951341
2939481
3667031
1720123
5451727
1075864
2364964
4729861
1865793
3490667
6989142
603330
744468
286405
1919573
1563502
1455631
2412094
2750547
353556
2111677
2885908
1740783
625991
226182
591144
4064916
2623690
5372878
88429
2519499
1672092
1893348
3211484
2496404
985583
3138730
3940402
257103
4321609
743116
5477614
3027155
6352276
6296197
1345773
2542194
123988
112875
3441517
1258992
1206519
3470574
387427
4670363
1116009
3054468
386394
1907057
2738369
511780
1687582
1021567
4537347
143743
1798211
778325
7554135
1547231
2911546
3893775
4154572
1204923
1693969
1574775
2968372
3808671
2655998
5595000
2027150
4004689
638751
1245143
4659567
556916
1238041
5267019
3263238
232440
1943575
4773385
1207324
7718134
484014
1945496
197586
265124
4836972
6000269
1729131
3501924
851837
703237
7072243
280752
2597282
626992
1390981
7575789
4741736
2141733
799910
5579275
190833
2458730
4130417
3016441
1928875
272723
2445891
2164479
1700022
918228
4148445
4564200
342463
60311
3676835
882506
786524
2354108
7595417
156355
4653370
878430
1614214
5919000
2414777
1467406
3356941
3461899
767705
1983627
4190222
3366018
123782
646826
2017613
502212
457083
3574304
3354465
719732
5128990
3044483
3519983
882906
56591
3076567
2650777
3029085
278235
2484430
759141
4436010
4921954
3422986
4570119
58611
4431448
1795136
3371097
5610188
2647232
6672428
389423
260934
771245
1757045
1836521
4557221
442923
1722191
2289169
2285945
2276859
2834345
1179883
5473324
1298191
2371464
2075723
991692
1639560
1899835
1486559
3441510
2596929
1483649
190726
974081
7104090
3388481
2088248
4025735
4499664
1562114
5462636
4342008
1888193
126036
170697
6222799
819149
3117131
265874
5450889
1323090
1772178
3013698
536758
6956415
3908237
1209170
2860002
7207863
2801292
663110
1783893
4324345
4602993
5199587
2012873
1210258
1109154
150531
4293912
4742688
203573
2770035
2369067
288873
1087626
1428833
3859669
492497
3052383
7733358
2646930
4085491
877218
4524185
8591269
1370217
784776
3757766
1693195
300746
2987006
123911
5595440
6580669
36751
525108
1563363
1369440
461532
1494561
4380410
2862432
84458
6487615
3012834
568873
304352
2133301
247179
7974457
3006425
4102583
2757308
1254597
1181628
1755533
332807
728890
1598241
4668117
3823663
4932982
1246574
3670184
804778
5058717
187041
6732374
325441
2458421
2946175
3258117
3775359
1768393
1088482
3899827
267805
6321049
2238436
3344003
3899713
4303116
804357
1223882
1587797
4347369
5064549
1362216
5104862
2803167
2136494
1083767
1215078
1045767
1776643
6113797
2848403
918677
2149408
5665787
2431174
366749
1346385
7286464
2541768
5177310
776411
3402895
540816
666394
1677494
1180428
6206965
3294641
676717
5150631
49778
213879
2188916
3701807
1755080
4775041
2160975
5554774
1775842
4493745
594590
4270926
279540
1826333
1990157
2476551
1115694
3413689
1885312
4657381
2788997
412258
838019
596711
429073
874292
3412398
908217
113873
505588
2912285
2787572
1047227
2437160
2829241
1950885
525236
2960300
410832
329759
2767806
2886441
3859939
865830
2486259
3458105
913832
2933280
1323088
2318794
3805394
1914479
2277327
1348585
1227193
991374
5416410
2866300
5006625
1038926
1615442
367465
897489
184779
161711
695030
3233191
5079881
1514170
5872120
2513251
3691102
6400052
568246
2663325
2001023
5122299
1486499
2146057
39888
2289051
4337545
1056736
8460052
7919186
4489576
2730707
2738441
7669239
7414480
94204
3140185
423229
2307189
448481
3392790
1044826
2608506
2567144
873510
1120902
4401805
301101
471560
429560
2437153
5664908
2282919
846380
1437311
7470225
5784051
1792548
3859602
1347934
5672054
1521649
4586197
1644005
1269387
980759
763478
633426
56096
452276
3702610
1081592
541711
858689
2060949
2470189
1934294
4153338
2164580
1202010
2572126
3348196
2430527
2494183
43841
16793
814276
2010658
5845217
3247977
3202359
1779554
1076955
1221448
2710627
231359
2935356
737784
1980497
1778816
2301784
2456219
3004517
29107
5733705
1841266
580384
1020925
2920270
80435
3417172
781869
5342232
601550
531309
167610
1252060
1774686
775865
5631020
1508048
82655
4229092
5220531
3798018
1566270
5858626
3613266
2091892
2295333
2602744
3098447
2888182
4002564
6876728
881932
594980
900877
5246107
1295025
2296144
347710
1036009
3189158
400197
8442604
1664985
4789247
4793097
39154
1189548
101200
4756160
773293
3439270
3357095
79493
1669974
3665478
2119631
4025380
3393348
1792523
126542
975695
2761142
469720
23951
3651908
499752
878011
1360952
4286071
3641700
5434985
303771
5566904
1820695
3035906
3998846
2235043
885765
2725768
3789867
5389725
1507825
151072
1153912
372947
5915000
1733561
3559235
2235385
888796
2324568
6190624
3364259
1801601
756858
4806408
762592
2544890
636866
3059295
3824709
2028456
5372915
869199
1353359
5823572
1586661
2654342
268656
228223
2329964
3669643
2929076
3714362
2899516
3051331
863990
4990093
1092056
1424033
3415941
697110
3078075
2305593
764438
406118
1882037
673723
4791969
6671374
5075905
2457917
6733772
149027
657789
3357891
3318076
2989105
72313
1703087
813287
3184346
5796823
5051249
7426233
895966
3663219
1300747
3154581
39821
443055
1533536
2419220
2844858
1185650
1654572
4468052
6034525
3038094
2517372
2427084
991663
785237
2547011
4524622
2499581
1777185
1049774
5542741
290341
4479993
4089301
1956683
2196109
4143402
1038840
923140
2253906
2537622
8215583
5060180
4635947
1694598
1114155
1197637
3551576
2300379
7686574
1139706
1312823
2176788
2517135
2737594
2733117
674408
573699
123434
3548461
1420730
3203624
2945073
1229774
1707260
2943075
3521928
1043255
3888690
185441
124271
355765
1905659
195873
699688
1730388
2618246
2382163
633151
55177
64920
3510577
71293
602801
3890995
2106849
3053884
1682903
675689
1868750
1099165
2685241
3982127
7423680
996552
1434488
209751
2338770
4289119
4342147
1685834
884667
4484998
2565099
2829553
111347
456392
1749229
1050978
1294756
2322275
1471694
132887
153503
177257
1912992
5833145
814060
2335467
914630
3821927
2533506
1856070
764263
456213
53599
1101738
1450259
1250054
786659
1002933
4432202
7956318
5118753
3299165
764277
3182430
6692664
3506110
2289373
454329
2891332
2427116
112612
648665
615582
1072909
1049188
5064518
1237354
2779979
292861
2760108
5219494
1448368
605172
2400976
5935147
2421234
1685689
3946520
3742525
5154132
2324230
3452737
1114849
5196135
627968
85897
1745322
3519141
2033787
433096
8903296
370868
3924877
4020351
157941
2905329
4608066
1246401
4548746
3440802
1609453
1338595
1863072
4508623
1887405
1774958
4481726
2118279
3388663
4100682
253732
711133
9160766
1727971
7381077
4814135
7974514
5645457
712357
1899890
2378992
4165895
1505095
1035491
239905
7102534
7642507
3279137
1799484
2741672
2999355
2658193
1358511
358434
725486
1854929
3555653
2273632
1360681
927061
413190
1568889
2887737
2814436
644072
644378
600973
684689
2019443
883239
225151
772134
580477
3465618
453751
7633126
461390
547138
1132084
3574801
5186675
4869460
3135431
2951469
990015
2596167
309790
3339885
422329
5640773
91683
1238814
1484813
481258
113281
4039121
2482196
6771495
3689847
2214820
820829
5864712
226244
488106
1533942
23675
3828029
312113
7358342
46252
134654
5263117
1937802
494843
50439
42987
1902961
296688
3664221
2837576
1342648
5090845
724718
2538631
387885
578245
3351952
375840
853647
1361310
5442550
7937928
1911222
5341621
5829296
6422630
7205009
1228851
937822
314611
2623106
5249905
1643774
6671783
5031614
4499741
2093013
4287835
3383870
1197821
976147
3451365
3689949
2667222
488960
1839834
3299876
6191158
2589617
2494534
1786604
1028405
4454317
812224
317031
3132185
2749467
236316
5288862
565
1931450
3310152
492330
499854
1016268
337773
3625457
1767995
4913726
6119148
4214576
1865165
5740502
1653313
4067065
2834445
1884804
292280
1188272
4816080
4262859
3320402
846306
417688
921727
2465982
248361
3481456
3059500
1960609
687791
1285744
3683656
2159106
6683568
777165
4376487
416101
887795
2753875
470834
3062937
4949596
330009
1284292
2304651
4861506
967529
1233106
1442466
3330614
1113439
745178
4046546
4520437
1782077
2684163
437245
3415024
1449455
2521751
384338
4404960
1687737
1577481
5373670
2203075
3526748
5468755
2521656
1487598
5161942
2789254
394377
6274605
4236479
1821489
145362
1704189
989795
1444256
1482594
2587571
1014887
5593023
4398016
1836459
2485200
4840976
7109300
2040672
323320
1853390
3371988
299579
4747927
1661975
249165
2723349
1040139
2863135
3492390
1590235
723992
1099444
2073851
4558618
425492
3339569
303595
5820979
4603477
488085
2643256
939187
1987297
327697
5054299
1133390
265749
1593004
333500
3057014
760941
2572825
7492584
1798349
4680476
5329351
2464759
1572483
432694
4560735
3685366
336614
6596679
3811905
6661853
663240
4004212
5436719
423166
355429
2689813
2714299
1793218
2005185
4343036
891895
1678335
912164
2325252
1101959
2317106
4769011
542488
1541198
2156747
4889523
3125217
58896
2871057
3129132
287173
2706156
3229759
2094210
1292074
2852583
2226532
4710711
251922
2278481
1940560
8548719
654805
394104
2867838
3978262
738895
1584388
4688396
353176
198127
1021670
2705449
610396
2125998
5257632
2405113
4689092
4357122
2972448
238317
1321961
4602735
4475019
398960
103947
507022
1789009
1520731
1096255
6178735
4560221
884900
4790394
2647171
1476564
3913815
36122
1441864
5858204
610901
3383662
1527420
390347
2524833
3720330
1486123
1053006
7638982
2840487
2552616
5633615
1023485
626147
2195788
917085
2333928
1064921
3500038
236712
1380779
748757
2784894
779877
5808666
32435
3663926
1201128
29006
1311836
3835081
2283056
1034877
79580
3671975
931268
374858
2066131
2638914
4221741
4282018
1195563
2828183
5246937
166699
883897
1378650
1574536
3606062
67560
1582578
3651876
264625
488162
6211866
5033396
834468
1914092
2411972
9137248
829054
4849072
3551057
522753
5125897
3697487
2866767
3878454
658999
1773835
1316633
5852569
841985
799162
4774363
4154834
1451409
62683
751945
1198610
727159
346994
594163
3266922
218
1990303
451783
2440518
2775157
6020005
3139526
3960687
5682982
1060426
2120217
3905199
1100785
247969
4605443
5493192
4211597
476227
125752
6482031
1676580
9334507
6088589
6005934
6875111
484643
1285467
1920961
4604645
2069084
4329838
3682804
2540106
351537
805793
5540272
2151852
104074
2104568
6606591
7343008
305508
1043031
343609
319107
2058141
488641
188476
1060263
2514590
4102088
7763484
222632
4383155
3211654
1345600
3623905
1618177
1454706
470017
1746821
747455
777625
4020384
3744068
917945
3703811
2811166
3139645
1841313
255519
305694
664256
733804
1187006
2771027
2640351
4992742
5365490
1010889
374141
4196651
1150582
1705524
2780168
137110
4787307
3465203
575860
1940673
1669725
4006868
59708
29444
1349786
520603
1073745
169811
463127
3266934
5302428
895513
925538
881602
1630695
448870
423835
1630115
2379799
167384
902171
446592
700371
4346182
1917378
3726657
2010252
3227536
1970950
1372772
1871111
744632
521600
3833617
858720
6812299
5576409
1551044
540671
147721
6675306
7446440
5291782
1652867
3774149
1092420
380710
3410692
2514619
3072695
37857
7423968
6326123
330323
799226
2431905
676215
1907474
1178887
5473243
758031
1215573
1611247
4345442
2540291
2919133
1921831
6112966
3893428
6383151
2446380
480294
1028129
3040809
257306
1271298
751942
1806151
1283620
3590200
2987813
584676
641746
1765697
975070
1232867
1671406
61364
137517
1822597
5191918
127858
2892582
3788834
1091954
2903546
679309
612075
3291704
1498321
2463137
2011829
4342551
3557897
2562499
2247748
1029942
4616436
888419
430143
4710232
2644928
6798075
5676319
5527993
7046464
1516359
1383663
1258448
5102545
1045025
3052019
1017809
601306
1694401
4443708
5309063
4628976
2326843
4404484
1414309
3814490
6581790
2355896
5804239
1195182
1076298
1382892
2878099
423510
1405933
2852357
984901
5699023
1484606
4245511
2632522
223653
1288450
1245406
2945531
4543173
232082
5416477
4594402
6544334
59677
2036363
2540440
5240799
1997786
1541223
2025541
1328953
2323777
2552401
2361687
2760464
2689598
4881134
746764
1183097
4424504
3771426
6857277
2681267
5161810
978225
235705
1187836
6073757
4365380
6182286
800804
3595362
1953870
8897286
405795
1647768
1037022
4104732
2651778
1066728
8827697
2387535
2859743
7050076
3297853
515339
4442941
180315
114159
135462
5558481
1326820
284540
1577052
681408
1430546
367345
1762309
1165164
1400812
6709978
3073264
1572570
1867866
6322431
263409
1680648
1790481
4401704
4463527
5070239
3713067
2620838
424578
281769
148412
1775926
3298855
1045831
4238219
4213902
4773739
755380
659015
10978
93400
673171
1417710
3840453
4839583
3223576
848940
3528778
123597
4095619
1498976
227279
5467884
3242344
916660
2684824
1565381
3126100
2981071
23701
3263120
6618748
2980780
2083334
1575714
2175959
2056774
4382363
6168490
3308898
5981147
2343802
880162
3214707
1114909
6481961
5229759
2304718
1602887
568619
197656
5533966
1636551
5538237
2196291
215162
100068
1920250
648485
196242
1764055
4392139
626098
7984280
236996
1992297
1105413
808215
1324822
2155944
432042
1964893
1696184
1661089
2619968
4168439
6221828
469848
4922779
2427313
659711
942070
2166267
4512541
917832
2870038
716036
6678883
2254649
2410307
5668264
6043197
1475672
5568545
2422136
3754373
731638
156875
2778890
188673
194275
847586
2583153
2972952
3655749
3838745
621174
2356045
3944650
3326902
1817514
3181255
1073698
5378714
2066402
3049486
3804006
4233058
34399
1465795
1803021
3186910
823713
4384145
5328761
338806
187060
2702020
4016396
634013
537396
3188066
603255
7940644
1311029
142916
1632363
1677688
887868
4476892
1581461
587689
162756
7712619
3315987
1765999
4955944
8956008
221421
886299
1835154
2192692
2182108
138698
99395
6184566
1552883
2677616
129581
8018529
2854694
1074102
1326846
3132186
2228817
874770
1182599
2111970
1123897
870186
140761
1384380
216407
3090649
3648618
3847230
3134770
1434315
1816497
4079996
2479473
6005238
6077377
1087922
3822371
977813
1965390
1751244
4603185
83180
5930114
7557221
1429656
2366798
2303314
1032695
2591753
1270092
4599888
605987
755620
879231
6552560
2566491
2340417
675786
4321
2386909
4615482
183765
4997529
745432
8418887
569501
655257
4588359
4625824
666690
509480
1503326
5129926
62129
1389877
4470373
1043033
3326545
322108
4488104
5489546
814321
4887796
514217
2532082
1281609
5912492
7735434
3101621
5457761
2192311
2318141
2208545
151620
1384106
2046104
364483
8981000
4688682
333357
724251
4338812
167091
5130987
1123841
369382
114910
3432149
2719240
416387
1083618
2915925
861145
999727
4690867
5478085
1789686
3799402
4978373
6704062
5565698
406862
868011
1764824
4434297
2274360
922599
2533026
3293329
6299366
243161
1242705
4709660
1425368
2535689
2040816
907417
4961597
7720069
4588415
4640308
467035
1967010
780347
2391435
2146330
4989224
1803758
3519421
5983060
1287977
2404321
5663963
2150669
8812271
6514192
72430
1203085
1641326
831880
434596
2560532
6389995
1119628
1351895
715507
2029636
1197936
4034039
6541226
56487
2411017
2272826
6051025
2611926
435504
4654240
1812120
1240803
2789269
8859562
579465
3449878
945982
2283175
4042429
5467156
559852
1802886
3564047
792336
1787016
1532106
1914017
5543315
882677
466209
5343637
2970353
9129596
4622944
1913227
1456286
1395743
3140823
2238067
4643321
746604
3103158
3709136
1765588
4146039
4874717
900568
2098390
4701713
4042370
412568
2049267
795395
375326
4756351
157347
2938118
1333227
2503566
4582602
8666332
4535808
1973289
8057690
2198425
1069202
1888939
4886635
156257
1436614
903467
561271
2678852
1677250
1039084
5348163
2861150
3914132
748881
957858
2377003
3139734
4944670
4715244
2884915
2683146
4306334
3337211
150888
1535502
5365804
2338887
5896771
1971745
3298051
802736
1898316
1227454
5469013
4301635
1558756
940200
5990315
1176581
825386
4711492
5426141
7820
3423112
2165239
2111175
2908376
1408536
3361043
1356426
1747243
2025470
48012
670698
1764959
1415808
2091468
349539
2271228
887316
36198
6596955
1133956
4966116
4301149
2557401
5462546
762708
3125078
423802
6226057
1468988
1573992
1903956
396640
4937406
2738445
307078
2063767
2761110
4157211
3648062
4598840
6669462
6640297
5224514
5320842
5757269
2303185
2534062
7052943
5268615
2777852
3377358
3600072
5472532
891047
4858275
1700560
707713
2045164
4653756
2567621
1327689
1002375
1251208
23510
6428800
1048310
1793892
5601891
2420563
2220330
142396
7798850
1057651
802606
2244405
6018425
4612917
193740
91456
169701
192589
5039473
6012934
4322541
1496552
102347
3305750
9390
4419873
185725
2465261
6270286
3297298
2957701
108044
8987147
5525401
2937925
1621965
741050
1297987
2858079
4609043
851172
662579
2880284
2846490
2508984
563983
1929419
187158
118566
2012353
150058
2383575
1646518
2995006
1985882
156912
537293
3620094
722691
796351
3460018
4028107
6593744
592602
1153576
304324
3238443
1164088
3343676
2146187
3394749
432205
2307816
138624
885059
1514655
1029165
6949352
5342453
2952733
812053
256098
2086597
622719
828830
3001526
1691193
1463463
608594
6054356
4440147
726018
1787259
344798
2912052
2329224
542964
4669695
4192497
514122
3853041
3895182
2671978
2749956
1944300
7323239
2270350
2644772
7354052
3578913
5311888
2704730
1263577
753550
1059567
3089944
2751262
5379874
773723
43756
6188767
935324
1158667
155489
222314
3568979
2328994
3707546
6489745
1693697
3957502
482014
2531573
828285
2982802
6177427
7853954
1871607
1849674
2554266
2220398
75006
347425
902149
5608406
3065097
3083303
3025450
3992341
3491010
3995125
460819
733549
74214
2860061
2727585
4594425
496469
6408801
8517298
4127988
17320
1065559
2421833
836307
5700243
1408031
320393
681467
6143933
3862412
2757788
2000189
2646232
4109770
5617401
668532
745453
4956772
2165073
4690430
3612472
3275046
46666
2451055
1798956
3053835
5268575
6359174
3809008
1358796
1237269
2347986
7535215
1002593
1902317
992913
4240226
1891105
210411
1823093
3950019
1167848
3314899
4744612
942920
173871
977163
3561959
2311537
777329
929452
1657900
625032
188290
1417040
2647498
2262779
3004387
5081244
1393599
1523535
98333
2718855
267684
3845751
375242
2280005
3626866
5867839
1184567
1271066
4347755
769583
3719652
6539146
1842606
2253139
2532592
4897390
7981566
79101
2856896
5150072
3892221
2283014
910533
3487117
679757
6458650
582685
2198871
2948248
1243039
4600642
1241992
515974
7386131
186747
2147001
6663273
5269742
18681
560031
4048206
4802019
3497939
88542
3269561
887065
946182
6063717
223761
2657198
1910818
2170141
1903054
2310638
570448
4490111
2132297
2636376
6888471
7192374
2725537
1908329
2913175
7171856
3161097
3358868
3730564
3674993
806007
232770
5115927
2138320
38692
942323
874314
781814
529866
1935480
2688346
1116680
1224777
1473347
5775218
315857
3298775
1204620
7933472
4023674
2198755
2430772
3019436
760617
2171864
4216543
4883425
2495202
2299221
3862567
4011477
3250328
15201
1987826
2674587
1670617
1935806
3880960
248699
8311709
3324615
3356389
772730
156032
587530
5013146
4064004
3253957
379646
965683
175383
3146810
3163498
3520373
595403
1484145
545263
3572603
1106935
2748724
1104841
6660979
2807381
620771
3240372
2411648
4166162
3924914
140937
3522232
1417839
1859387
8316738
1191508
2848759
1456375
1957272
3399462
4958167
5309608
5589350
1473218
760782
1413721
2015011
408808
4012830
2051498
4729036
3238697
2420124
606723
4742742
1650885
1552033
2270422
4326961
5015175
6620930
1318182
4346552
3894023
794495
544561
2747173
6263505
72602
1109214
7648935
4245152
5077425
2910019
463941
702729
3999147
7819212
4342787
7569445
2057214
878521
126335
895620
3352223
418171
1574400
459136
4154028
1468903
1121270
7138115
4488019
1156884
1922262
2342467
6246836
3599959
35974
1802986
4622536
3121291
1252720
2849919
2744103
714297
2038711
2197386
4376576
4377691
2331314
1416255
1759407
1787562
1296667
1922358
1422896
4051171
3324052
1800735
466983
1260525
1736318
1044872
3787285
6954231
1371614
3077517
158179
193786
4109133
601634
4029723
2559818
2282999
1111151
4293085
4784681
4138259
4797370
4296385
2808794
1064529
2917118
2302735
3282184
6077120
3894292
1118421
1775046
67293
6370947
4249836
3731070
2968891
303256
697414
3448147
4481001
4730261
2363422
1510613
1051043
24167
1957290
6130514
3189718
527364
4553939
342859
1381929
745961
324653
945413
6037396
366095
409624
327147
1345667
3813980
6572369
6132472
1289970
6381760
3101340
2151233
5730229
5228036
985847
1790539
2324024
3805027
2562012
1388096
5758271
1375020
4289338
251865
2542096
4298748
2285356
84234
3137293
4998610
6295105
2319694
1772468
2872886
5133997
611706
3700405
1427666
789622
789170
2753060
4867926
3914136
2258958
293905
5724697
102017
459926
5588789
3898323
1224650
259785
3637344
844843
3155894
96326
999825
2392396
3781507
6977982
162036
4205049
716858
668069
218349
517146
6427171
3248791
5812872
2444991
121303
1337055
233018
2618690
2578032
3869229
820756
3851296
706559
2567926
4216362
8097199
1421856
1388841
3520703
32069
700945
736545
3281035
3071499
686034
417268
1389409
4086694
2630066
1140868
4969764
1809670
2681522
3067240
6369218
5465610
1403740
5028387
490452
1597554
1007137
418669
3833334
1505507
6842889
6796174
6344164
1926778
1146266
1265556
117015
575166
506901
3590482
4311282
2061735
2035646
1429893
2496
1094013
2795303
887038
651245
1241048
3090243
3889907
183890
607760
6382389
1459672
6509735
91015
3607840
1399106
3488151
637684
3983609
5762098
3328054
632218
4911451
1150076
4593239
682955
1775424
657959
11032
3656658
3233407
4656912
711117
309671
4690790
6010966
2900557
994147
2546842
722509
1132311
3262079
104080
1880650
4985427
423585
63443
413254
2843632
1657393
250219
4563560
180871
911096
2810916
1934011
522127
3815483
3004475
9274937
2713669
510171
418402
3891758
2358483
4176649
882058
1232806
1885288
1910948
1108959
791945
317859
862230
2083019
100131
3434784
2986530
3570257
2248248
2220846
2125113
4809728
3220009
4792681
5720225
1461223
6933555
2154216
453732
479074
285954
3207972
213453
6403168
239564
4098579
329085
1486645
4634527
829080
1559502
4194211
1426647
1084619
1459737
6562501
471591
4259139
7700423
924325
830415
1912406
1549208
1472222
159704
2000851
2783723
3398288
3001839
2306976
287551
3263628
4890933
1469613
2655988
283755
1595005
2503526
6191602
2395352
3288061
5427596
5558674
1306251
647481
4944986
1798653
2281463
1126801
2474086
858665
1834894
3203808
45950
1911375
4469088
993669
7367964
2198727
1289670
3009353
2674748
868142
1942004
1320352
1755533
118977
5293635
4972029
9236879
2063701
1741474
2456396
3044079
274791
1596729
3580356
3526662
1150969
1454443
6275715
1352873
304180
1868983
2926626
1560411
1097191
3910547
1903204
2490901
2763178
565164
2504219
686928
1710573
3197858
529351
2519374
2534641
218645
31079
1899708
2144175
5316534
4652307
1955598
2256593
1489219
1596166
1878196
1531518
3107144
81861
3800570
114487
4469035
1938413
328362
291995
962280
1804642
1578540
190338
3550780
1576508
4907237
183889
2140271
5540517
950772
2478518
174312
3842128
2069018
3310370
1249389
2012429
6938528
4739599
364135
7124706
3497788
1657924
152617
1977012
1493733
2195022
1468650
3577054
5298832
3080860
708110
704935
110887
1718608
1644113
205663
4117804
5844299
2670089
1641934
7410240
3679422
1340756
38029
421549
1226214
1354741
7815084
402349
1879727
1205097
755038
4346042
4706664
3331231
1198930
5367339
5665950
2182326
1073895
2126502
2204554
576476
492973
3383840
4107834
715861
1009278
6887184
754389
632102
395966
714452
872897
1438194
2901272
1422739
6983616
5662736
213699
203876
6089378
6471293
3281473
3467235
3916641
187043
4592491
3195210
5643167
316042
1746280
1857086
926645
654836
2985088
5569731
553504
460091
3856073
3924153
1187717
1940607
6652104
3213208
1227616
3069804
840366
3090261
5749218
1186236
2874991
1008180
2299186
4142599
3291979
3226686
3178796
176320
4523950
1553286
159475
4764204
3576156
3990721
195043
2899058
5255129
710866
7081627
5862694
1286167
1177850
4339364
6350406
2439682
112576
829968
1303255
695912
130548
641249
1521179
152206
2844142
7169883
231101
1952335
2313360
770289
622145
1737792
642386
6136617
205327
3440355
2065239
6633847
2184322
2075337
1559701
1256451
682136
2280922
2561938
618755
3424476
945924
2655309
6536307
2305763
2946281
1447064
469587
5645204
819802
1484911
1183203
3534717
2688620
1266006
796993
3007864
5277613
3776515
828837
3638447
4779859
1614641
1489023
3469094
2683828
257138
2721409
6070187
1844019
1065970
4017763
4567156
1579497
2050089
7681259
341909
1983422
1008795
5771872
237001
98049
189269
393359
5876729
1936409
1023285
3463171
1437293
2852190
2621602
775924
992348
176556
4155838
4994832
1917232
23007
5481849
1289312
2628248
3136264
7244650
744469
2483910
2559437
775493
3523117
298357
2951399
3528469
358119
998254
1687000
1610365
5369989
2483262
1070222
3938377
2682938
766022
6399222
2882126
149993
1016666
3249437
2871539
4149393
3585537
2979537
1490004
4476924
7176788
261266
4663557
1475618
2655168
1264406
4811040
2812573
1838097
4520581
5488773
2451343
3296899
548450
7173911
5152326
2830723
2198392
549350
6675153
1135263
5036631
493475
5511291
2420734
1158356
1277307
912016
2493505
3251647
7705967
1657723
4810705
1442701
2476588
1495262
5168515
2539385
2774557
1583934
29254
803290
1912256
2518964
2459566
212503
331722
2840565
4568506
2832881
3656553
4648089
2127314
1563811
4480549
772762
3533225
6701738
1801640
2713950
1261275
749692
4729478
1090003
3002522
1695887
7213006
2964562
3665654
2509651
2470963
1775933
1252664
1348830
2732482
934748
3594726
4541128
4011947
3042487
4629224
1516636
1250006
1282937
3467964
2862303
567399
340757
624605
2172924
331281
2038278
336492
3957408
5057084
1872644
1462887
2246526
6401812
2396685
7505674
820398
2946889
3288790
1236916
6598557
3297868
3567338
1831752
2350002
4668030
3792489
1094854
3264456
2017378
3051250
1179471
1434035
1872741
1479135
6503521
2203472
3772404
8359469
6194411
5894134
4158652
1010849
2133835
668855
554745
6344704
1469647
2792126
1823312
3971240
3420964
2497863
2990200
405821
1153531
3942392
313611
3746215
4338121
2382574
6146149
1668379
6549021
1037245
759512
1069703
531383
1515971
4044507
2807261
1461270
788867
408
1565333
2599174
3543839
574299
3417896
5227215
534701
391633
1699690
7111852
1069681
1381215
3347561
1024529
7019155
320665
493359
2507871
239118
3191447
6564335
713602
4437426
630528
522634
1690439
3992218
1413809
5957144
3819551
4546387
5731636
199170
2558749
1280973
2592359
1978918
5664266
5860496
3134729
2183280
3360732
194240
4130116
1161349
970477
3418909
2069975
5607324
70894
1320145
142840
4781916
2208174
2596253
2386658
1698127
2658268
2798494
2315815
3843993
2082388
5143499
1016590
3034499
3511719
5011717
4989065
4003708
3303480
2646928
3284050
2625937
741176
4691667
1182673
489147
5201201
553774
565701
2624767
2681552
798756
5682883
5971525
279630
1014965
2854402
2885750
6197025
697373
2351312
4244940
4703308
798851
5279922
1030536
5894763
1601543
2193993
2703278
1591650
2344426
389900
1003120
5909333
5708358
5421712
4444018
2123834
224607
1835426
4257696
8297254
864778
591718
2012796
121295
5890487
2627928
154566
992361
68935
587811
5652827
4919506
1177709
3767054
6329597
1486480
612630
1403583
3104101
3656725
615890
889347
311285
2504655
929921
868247
106586
557407
303051
3394120
7273087
1176805
1642813
3761646
1438688
498926
1077105
5176432
5846172
698697
4212354
2990098
1898046
4119492
1417223
286401
1829715
7109167
3919910
3354146
3708003
968155
3348602
219402
7873672
5825387
3776713
975444
3179252
1266170
1532836
968620
4216791
746195
4194519
2294734
3636764
1880050
3317489
1011950
4343032
2441150
3935809
105931
3326284
7033395
3269038
1622109
3860912
4034447
2308421
820389
4228211
2158278
4991009
3973164
2091436
104270
5875476
408062
264672
888465
5540691
1356937
5371180
3812404
701952
85700
2783543
934840
1362494
2658248
3584955
4285133
2754937
316723
5069688
5819511
2461041
1011198
2528913
82862
6530734
562456
132412
491598
1730423
5984578
2474965
879735
712595
2178503
4942748
7557388
526058
2549782
2607161
3993030
3346729
2482389
38408
1965299
526564
2265445
1577879
7396234
554234
3209623
6892190
2559763
1631294
1622311
84346
33229
2417302
1874637
5984160
293268
1137119
2072056
1324228
7155628
2497128
5394479
3911057
4154554
4470715
594807
631448
3161520
583403
561955
2158024
1845991
3193661
2890018
1936480
4937990
1299735
4784381
4211627
2214088
555166
33458
919222
2879430
2767928
4382363
1233624
3354718
1739623
3778125
173635
3123706
7728872
1682539
2700937
639433
5437838
4477223
2700171
932231
9163
5241618
3620637
515739
5258333
1723497
4690025
6570367
1439417
7209615
1136484
1889583
2560515
1460631
6598048
3707905
3162868
2366232
3747995
1286232
6357221
506120
4433075
833614
2035267
2788940
4772148
2815805
4466288
2742905
184875
5108695
57358
2110243
1500429
987108
7853629
1346602
414894
2629897
911529
2323064
3419630
2437219
2620347
612043
1779207
5076297
3779520
881336
1231170
2021070
6115026
3944489
306640
5773371
2945818
1362804
1686745
2997063
4966695
7327999
1211137
379641
6271682
2475670
1942098
2249213
1545506
3969912
501887
2155836
6640998
2066724
1795168
3163377
1669150
663243
567258
3970553
1584594
1114391
2714263
757130
311407
437997
2094533
2232626
635449
836166
3589418
1119859
96161
985765
1629522
4384268
802107
1173822
2436093
6915737
1885947
7936112
4077695
1514071
3699126
553232
5711994
1394557
3886834
3190095
1273701
1307634
1493856
1107545
4900287
2985509
1735707
5074253
4233739
3706603
4799354
907520
2439217
623615
856504
6012928
5025373
1860940
26376
3544351
1082462
3931906
8365642
2831087
1460951
121627
1280365
1312760
1742018
1393737
4044605
2665117
563104
3333338
2223450
2938533
1628502
162581
209021
369622
3146336
2432626
3201296
516516
742142
1148052
6309125
3462767
2955752
144963
3199095
3164481
32789
505652
1694268
979230
96253
1077397
2779211
3977328
2179970
5893374
724008
288371
1670894
146719
1200933
432932
2607646
2798043
6082793
173617
2178781
2643428
1788923
4822121
1957591
4382314
471306
384455
5557413
567955
319436
130657
2875854
170534
3307954
5823564
5457834
4014557
1929689
602693
1716208
1931048
953939
3271093
713596
2139671
785025
77883
6046147
681083
3408742
61378
2798430
2782705
532236
714618
2756713
4075199
2769108
3889985
3782149
3673606
2171174
3232624
1383211
1390507
331359
396717
5614155
750059
352317
1253055
17538
2157783
1294437
924392
340308
1492602
3952337
761798
596385
1799867
1086831
2445867
1428760
4018647
2562491
2365621
3125569
523553
2375736
1261315
2468700
2110627
257183
3172944
3278702
1359732
16135
2311352
2179397
2268838
4387436
1219899
2261580
8192166
148865
844449
2148558
288756
5271622
1949304
5222132
22971
2513929
1706256
4023937
758459
3170622
2428698
1062282
3137631
5172409
4040539
2388572
3993072
2812076
805992
1226340
3329229
422728
2565275
44635
2574383
1410268
470969
2339342
3270788
1836468
756241
3673729
4136882
715498
2606009
4140209
554517
1644214
3916698
5340659
1315544
424259
430391
4768357
1556395
3561820
1465756
4800514
1649431
5527070
406438
575722
4008988
5399677
2042052
4890810
1058652
1125111
1747291
966270
1282481
2294882
3789949
7805085
1484713
415059
517347
7894040
4010505
2250442
814484
3145280
3373906
5695985
6155176
3975749
3189387
1341446
84013
2866732
1201263
6434610
177910
747912
262124
325829
4239816
4922611
1953292
2558771
7189051
5059382
1001934
7027522
2307018
1086827
3412945
939322
6010448
2878681
4056529
1348504
1673140
3151752
3219634
2552374
1260787
1304928
1558383
497666
1682910
1580369
527574
2270656
1665279
3368957
5046418
4531496
3687809
3694405
2122778
3548909
3096929
2891872
5445886
2722097
1031384
794045
1242764
469924
823914
1921146
3027001
4550387
2086575
568510
2379699
1441548
499022
6623073
6032814
1245197
3443099
3970735
2956942
670698
307857
978346
1219699
1644478
600691
2436199
4379681
1078379
538615
627950
769071
3425326
510925
6020106
1203892
4925128
2160885
3833715
5472539
2686364
1264885
3155649
2921015
2458657
3136519
3252265
2639684
1458275
3100407
1934911
45196
552156
577695
733069
3945868
5799973
2316194
625779
5136531
456392
6424532
1804654
6250496
1379477
2122874
272988
434211
1301970
751032
1255185
2080149
2248965
253250
4537297
1629740
294453
4111458
3859142
1612047
7117166
3775720
5494190
5965227
391387
2719027
2135542
4734452
88372
1531547
6018217
1658154
2126565
8884
1057701
405203
758053
3136598
627603
1060586
1837612
2704283
1264948
3607041
3271410
471449
2044184
703405
287142
2866822
197366
561601
1793877
2155041
3623499
311359
7081618
6916451
1939206
6041324
3405777
6251455
905325
3866508
1839598
5697399
7622865
1682129
3600305
98845
4405090
3136421
2130238
2682378
3633032
1069631
1729563
3605820
2505610
4624258
5393333
6589880
816232
1436818
2034994
3400975
2162385
193472
2067796
4676290
54338
221020
7087913
203950
682961
2897999
7877
4053365
863990
3236193
160399
2751950
1033645
1618504
645919
4433436
982271
7920590
550370
238608
5075385
4157296
2071834
5728
341698
4947875
504035
797480
1781563
2421977
622084
1674222
2311131
1970265
1332301
1077593
3023297
1122624
1703700
89193
231828
6244375
6664080
5282360
4846493
2838873
654635
3873874
1694113
2169171
47885
3239483
3156012
1391176
6092462
757495
304796
4080064
4666093
3315710
570085
493169
2393044
3032402
883593
3286033
2244579
3389908
956815
6662439
6298279
7239784
3979633
1106974
3379992
3439322
1859247
3687344
1742138
1345458
2281496
8555825
5794938
2031823
5216381
979224
680926
1363781
799388
1663761
1897035
1206801
568316
4497359
1678255
6172701
44889
325095
1795387
1398376
759026
2865385
449832
6865182
1232260
4248024
802464
829083
653753
3090800
4207582
1356633
1930132
4055878
759560
705726
1283241
2759034
6234723
1589944
2086034
2013537
729443
473951
2673986
5177137
212804
4979739
823001
1022378
3080281
33104
857210
885716
1199371
1195270
1282825
3159467
2877133
2505872
528790
1515407
414460
1442020
1277382
386752
5249835
115944
3417083
1903788
8372089
5245576
394406
1881686
2265196
515200
1536965
9190706
1189102
2302131
4406667
2464062
1623902
83802
4043914
1879576
7192944
434995
1711307
6903210
400798
1519268
3383758
1789307
920777
423114
184690
1660648
3164721
1080439
1320118
2148836
1462260
1236997
2863938
156202
1054924
2178496
1831190
2297277
4203346
1384997
702479
1790291
61358
612079
2120633
3058459
88843
6201939
4667591
238107
203906
1650589
4249889
2705406
25469
4754327
5762538
1819353
5578515
189730
2166117
3006301
1783776
368473
4941570
813774
251086
5083974
1839066
242333
2022002
3816684
2390388
2176432
1995582
1879177
1783283
556288
5316436
1450892
2906822
514724
1290570
664083
5693540
1792061
2842594
1124854
600741
5657415
3125031
463974
3369079
2269725
477073
2158937
7975140
48647
3245476
3192148
1588040
3290706
591086
13493
1076995
2561897
1035466
3624953
3523504
1169359
2344827
6208243
5628425
2845310
3014039
3257778
1896099
3238256
3892071
2949109
2246495
521508
1648512
4828657
633042
809909
1455339
452120
3459913
163312
4567257
7634231
1130521
2313391
2891995
1298044
4702717
3308079
436253
1111579
2909829
180058
1726937
3548101
278140
1811610
1569028
513930
1025714
1258704
799339
3544865
1538833
64002
419678
4917194
806506
1003762
2925657
2527519
3310441
644337
4123304
2258401
787857
6057707
836559
1760398
1945971
1020772
716386
1349334
106134
4529326
3883378
654178
2601324
1941263
4919956
3808841
400690
893819
2519648
948994
2658183
763283
723535
1802212
3276426
1649383
506928
3413591
4807851
5942852
1994746
5386492
704906
684543
6993065
429817
823232
914427
1341986
2820641
1048084
5318324
2964611
3746266
4485953
2962001
3596191
3436217
6854431
1745137
3269924
5029599
1102950
504102
1489044
1400174
2877643
2763633
6292953
3820364
5199393
3537
5634014
4210170
966347
1859347
3218597
3276720
4747780
1035389
1617154
1069796
3675283
5506714
454073
726175
699287
5851876
3271991
1899175
1982644
1170701
4500340
1746425
3186091
2811907
1606602
2695666
3548905
699572
4419210
2036716
350780
1919833
5791582
7459802
613746
1673713
5322192
1175592
186149
356959
307817
4279852
1429535
2147029
1484012
130841
2461798
1624777
4621884
5767561
1659270
88102
5048152
1983440
2152012
1629437
1203414
794193
372710
5416676
1408294
535382
5540389
5956190
1041252
3361869
2660456
5924083
2434732
816647
619581
1870203
6011391
2122790
7361650
2014372
1014362
4927955
4620470
472018
3416681
1397735
3070251
3996679
612938
3426534
526141
789608
709079
2693903
780512
4262258
2463886
85012
6106613
3928256
940675
1078695
1167913
4302542
2074675
3164017
5943026
1932670
4538663
125645
1646529
125770
1673328
1247911
1365315
231840
424704
379317
1278055
4247503
2139321
5098530
1167486
6175186
1458829
6479217
46107
4229766
1404093
414290
2000845
2569652
2239093
2867478
2669389
1485104
893946
2124394
2412318
634751
413254
71874
4031543
3114063
6235584
983078
5542756
7274781
7027553
2026618
3657966
5328382
1370540
1246697
2087418
959528
281905
5016987
874615
3512367
2307103
365887
1129798
5596673
105632
2681275
5657735
1613233
5145835
1372120
1955677
2408940
139407
558324
3569566
2800956
835863
691875
52602
1225248
1293700
375677
1516458
1748379
2605207
158200
5823700
2637432
1158966
2897452
6383524
7150221
2149793
4296275
3953901
3635558
4533115
6418628
234752
3115308
583593
2582406
2754411
89414
659756
4629551
6110197
634521
526135
865046
1048353
1458244
2573274
1745831
2190039
2140874
5533516
1733339
601201
340855
2118509
3763716
1575887
4382775
1749897
577833
3163781
3419799
3861231
3348929
4805236
171795
2480576
7020400
1190308
3623964
1934721
162779
1523417
6644392
1826557
299631
5521044
1281122
2170337
231486
1158781
1603673
2487712
7731966
1676289
2314842
3314450
4661882
1685601
1912955
3272425
3045049
5425512
1650206
2703030
2350124
318284
5536646
372288
3575338
2727034
2240589
1055356
405492
239907
245682
188979
5504838
3823713
4376427
1761203
5628804
2667651
111317
1091618
719116
1818747
2064687
119588
77632
5071881
5031151
1856755
1525056
1369225
4421301
237413
2431748
2575809
535506
3849223
3156217
1885978
5264368
187414
2160688
1089055
719282
714990
3023924
507606
1613729
2161067
1984177
2369441
94798
3841613
1505785
3467970
2322616
5803797
144517
2262970
3893324
2743294
1319592
86366
5490159
1025552
5235487
391647
5168378
3393683
3507163
2132286
354950
1298674
582329
160887
417623
4401195
1488945
2252147
1991649
5599347
4421835
1987416
123426
2682565
1275161
2631398
2135781
1642409
3008949
588203
3140968
3055870
575725
3062460
513511
1421027
2160213
2419069
2885729
3991158
2880425
2609786
388092
410486
1909416
2673289
4265603
3498054
2613840
2394263
7314017
1386132
7191367
531174
2409695
767624
2517708
1074626
1291938
1228699
2290465
1648661
3659423
3252704
14842
512307
886015
6894428
5451364
330488
2519302
5670854
188194
2631789
932446
1524744
1551621
546267
1358137
2171142
14594
3614384
1055606
290431
4948701
2816779
117751
2471236
3341991
6581718
2422870
987358
1631725
2376181
3782071
3270979
362637
1520695
8826021
491167
474326
5229246
2663907
3442684
1513264
6040270
7104385
1297292
4676208
4454867
756200
537713
1644264
5688846
209846
3713639
1334478
1974525
151019
1548439
476834
380105
2067096
3083418
4856355
33213
405437
734212
558142
2349504
6201520
3849369
2035626
1705709
169428
1894276
1095546
1513253
1830497
2393830
156066
651076
250066
3579700
2791728
1890349
1476201
3525174
3313897
1518145
1148937
3788221
1736213
2773249
792067
718943
361292
4261310
891425
1451577
214765
559561
817566
1594244
7929800
796528
650006
5519803
1682698
474001
658155
1416760
143411
418410
3674476
4357675
6222169
3845191
1819588
2642858
2650299
1278251
3299766
40088
216667
2083401
5085360
3408680
3723956
6335893
3751025
3869869
633410
856826
3065215
4844593
5409815
880839
1014265
2150326
5548093
3153762
3749676
921056
3540308
4811037
5158702
2101614
1436839
854362
8179237
2453236
3046491
232043
895768
435625
4221730
195263
2903342
218047
776680
164535
836901
1895559
2032233
130025
4635148
3453806
7285696
4200720
884315
367882
3952276
856400
974154
2171490
1824431
5232296
161414
413033
2117280
3034587
1386813
1129646
4416005
2405871
944454
5882416
1768708
4191564
872172
2486778
1034476
4565258
7077893
2053862
292161
2242317
361389
5130469
7648189
2028806
169431
5680202
8227681
1751103
820835
22465
1885339
2617189
1240116
1565671
4033985
1008061
1753247
1913657
2094365
2061266
872348
4142245
876047
273622
5663841
3028436
4368695
1570319
362070
1807944
1327452
3632400
3413584
2941697
759812
933643
808825
3909077
1987927
2563228
1915609
1311403
926951
4378321
5401994
189747
3727173
179330
967194
3035623
4803786
3848578
3003604
4149774
785518
4191407
3246737
2240392
2553769
4726279
168009
2996758
1808785
1602205
669997
4860498
4468061
3265162
324952
3705967
1645621
6556860
1952061
5927454
3103316
270741
218315
842704
647118
1203125
1092354
3801082
6077074
1115839
8180189
4700104
3762524
671229
6485426
256296
2346361
80221
3451236
5752483
2326043
289520
2224147
413550
3397433
1322325
2756988
471794
897919
372406
3077534
4065287
1109852
4501995
4720717
2823313
2127303
5424800
490329
2671959
3479322
3162482
1375555
2737987
499017
2124475
1097938
195594
277751
116226
1592171
439486
3598142
2616609
1903291
4227583
593000
492310
2811283
5760947
1587562
2870277
4931400
846862
1179934
1505659
3420007
2454579
2288471
644840
1791936
231827
123302
1424480
3959618
4329549
4187066
1771629
5067835
201809
1693156
5571642
485990
904619
2207128
468094
72394
3554792
6468660
6663897
383609
2130548
275212
1168557
1475195
6741684
3582600
857414
700366
3852891
3066174
1430305
1396023
6264584
101883
487127
2228040
2410765
226977
6481444
3720226
2545795
1840764
495714
2827001
4611861
1678143
5782210
1620555
4843526
147503
1506153
1150423
6941767
4278454
4240031
35420
440774
3591236
6985241
3599207
1980375
2527294
753341
225507
1088238
648489
2205448
4014146
2243979
609454
116847
709467
3899028
1293915
2558927
1807662
307648
530330
599657
3942620
1764804
8981991
1586161
4035315
4856936
2049494
4685988
3718187
2224131
8079159
1606116
7938808
5465276
4685550
1803811
4543002
1283196
910078
435810
142403
3434197
2627165
4484109
2403624
4737214
3021174
3021085
436865
900406
905057
581980
5615455
4559370
1514548
1703837
1422064
688302
2988454
923366
1750047
1085756
824539
1031244
903963
359000
2379182
1305142
2054732
212521
5176302
501562
1601889
1497938
206027
1221613
3456899
526641
6455314
693588
4102410
829413
2387410
3201815
490185
3536727
281026
2190312
563575
1533528
867027
1684246
430736
4679883
887922
4526187
791897
2148768
3859575
842313
4284269
6021326
2237626
2303585
4037364
1266464
3462822
3358806
1285813
1006953
1350077
3836003
2953398
4797722
2340047
743463
1289530
1635329
681745
5564525
1802469
1511836
2969470
3728224
2945225
637773
13759
2973301
27344
4624307
3436143
5969698
2859261
178945
1943606
6419369
5033274
17275
1199848
1319469
1654915
1589354
3231464
712554
1752274
4359037
2546142
6194728
3403911
3464395
2165595
635177
639058
3930249
2598725
1661027
712064
2954042
1617821
3177614
4366607
125169
1575744
489450
3182201
3408436
3575632
5571833
3620907
2353017
1591651
3824899
5831836
691726
1664371
3476357
2411497
72593
4680273
192558
4450238
1039450
1706529
1088437
422806
2260
484874
6290739
5986633
1416195
233690
1464253
2965669
3306436
5021976
546854
1641522
2077271
871111
2911218
235884
1334781
3551357
405516
5023456
1519648
140054
3701531
798953
956540
4145896
802360
647584
1996389
1005997
3947986
3095040
1311211
3758187
1353107
25172
4262474
572820
3504915
1484127
485097
66428
149895
6314281
2427075
5644800
4851151
804447
1854950
2865394
54208
2312200
4447903
974293
1384452
2851079
546211
1941010
5202243
656522
396176
2809480
1607357
5379825
931768
5138650
2107784
7488030
935891
1265060
1060467
1513925
1486899
1609238
2436868
3103910
4211271
3672630
2554952
5287071
3204157
243372
430962
3944235
3212492
7481843
3036469
6230315
1828720
463820
1122411
4798104
1714230
3406237
6896368
5412844
2168611
3458760
2720364
889036
5526981
4853328
2447942
1858862
5548122
6471949
3774197
3227983
170943
778238
3460019
3212190
1971177
9015641
5421368
1876529
287701
173759
805823
186039
703433
3021988
6450812
585419
6576101
4865090
2509364
2721345
185253
1398191
1700573
1601203
1304258
5027619
377057
297521
187393
84881
1152012
20804
1523432
6133588
5195756
682298
3012789
4012694
3248845
1099803
258951
2207730
378095
3967463
3230477
734031
1682115
1152638
2348187
2013078
2009037
5154813
3557368
2734269
4194533
1969821
2180932
50677
2295478
4595648
5632291
2110366
1023915
93043
3617490
2762652
815464
7896409
1470518
3463290
5891312
2605287
1813885
3091792
535818
4787515
1542121
1040421
667432
762768
2367552
4302720
5332829
3677629
5118165
1840156
2389140
2139022
5666582
1429498
715780
3006266
1540043
446136
1744668
492825
1832997
4664055
6997783
1850124
1619457
19478
35653
4452228
746943
1969748
904417
1083038
4133358
868310
3627340
2409150
6247713
101990
4295897
205310
4321616
2010640
2567111
4674235
1899811
8802314
655417
2757348
4788012
3729256
2524988
864351
2743205
1008196
679289
4383715
6294408
1423050
480687
3563793
531384
5351523
4876314
207491
5452925
6532480
2514507
1555858
820223
6445379
1213700
5345327
2934669
2725965
1377172
1468106
113537
5779079
469320
850345
1096109
2236310
1269092
3105381
1578305
6415804
1416190
567813
4157799
3666859
6477533
355632
1077570
204619
975996
5294685
5088235
1660069
1187851
719682
1258388
305701
1146739
48588
6310720
3464505
2959402
113151
977810
1521477
1899167
1816353
958910
1127488
2908009
1267024
4269391
1739785
2886117
5318863
4282538
475019
1272577
28640
200153
7272304
2028462
5225514
849845
65516
1190991
1869894
2306529
786219
1780482
3331933
2422764
1392191
3680377
4948532
2604542
669001
3866827
3091611
1892015
1579752
2081080
276846
549005
949800
742282
2349915
328430
754109
1615764
5137598
6758315
700201
5574933
35361
1906768
2406091
5327006
4102045
1355863
949845
188030
3221573
5878582
3234170
2863148
484420
6299623
5259781
593120
1237258
4763908
698774
1863814
2946598
1463965
3943290
2047121
3495279
2852051
847985
1847260
22003
2018566
261089
2351586
4434815
1901974
2034302
2797792
5766979
1046956
3404393
5083718
3418915
4549181
3124672
7321201
4553792
1129273
494361
2679968
691793
1433479
138935
3795667
3382025
5196782
475148
2309733
4215597
1529934
1196160
1223979
4449396
3710859
1540093
4022495
3969262
666882
1149489
843378
1015235
67676
2131190
6593806
4113502
2447121
1762603
2589650
2351042
4188413
3010877
2147875
5238280
161548
3723080
3081179
90984
5753645
3350085
2313473
5089374
90941
2563561
6623629
2286871
5407916
4651833
692282
4163324
2792082
1482285
1227528
3485546
375155
5026388
458476
5997252
2800880
285331
2219442
1246419
1363035
944765
2115405
6886160
1188011
6269796
3465306
3463983
1970442
2642946
46526
2812806
526089
4715936
1474808
232003
981258
4376515
167633
1485147
3621640
47077
751564
1527544
2672469
2261052
510753
4533459
144527
1494830
188811
1800576
1186339
1805052
2831869
2062896
1418863
3870746
1941040
335753
3077221
1473178
3625713
1294439
432951
2154661
1405893
5089123
6807625
1497322
7743874
139015
4394831
3749981
985356
3875192
824693
2058356
1616734
2070738
3039102
7372575
4208918
1682113
441660
1399816
372843
157234
529796
1424362
4102856
2288525
5076188
1291878
2425897
4723967
1439323
660704
3430496
1278717
1490777
1051628
967375
2699239
716903
1756031
2231210
2562997
296444
1148474
1488336
1501481
554509
676470
365624
1630727
2756787
5034843
315375
470715
3837889
5123215
559067
2167588
5395222
732559
7174492
1229421
145395
398306
3542987
2521006
119006
294653
686938
558775
981137
1361210
1633071
1475087
2331000
3089290
4222468
3992676
4437171
227277
6032414
2120981
935139
229278
6814627
278163
1317311
143619
3271923
2488879
181946
320739
2858438
395762
1886662
2834056
5673674
2095667
419055
2534397
3346755
915639
1389174
3476900
1127661
4028243
499090
3000469
3938757
2371904
1308361
1760502
1650667
3673655
188750
1095244
924394
4571554
5815956
2134881
1023510
1367249
5117438
135720
6586198
5744836
1768075
6143742
4358155
2784440
3844946
4143643
5405962
6978788
1079100
1990369
2828957
4056943
1062768
57566
1725159
432702
5090575
1662424
718695
3665658
642235
379700
1026031
3277555
2283272
533485
1180520
2433986
7104614
3184597
1987734
545080
133083
376386
3523883
74966
382031
6170274
1301920
2103103
911044
6176767
4207449
1970683
168262
2666157
2655138
3768830
5342025
2735575
2954651
1058632
3421358
301231
2419405
2618642
2242339
1746066
4623726
919828
1825277
2376701
665201
252330
4183874
3496475
7091380
2875243
5771363
2454412
2723542
308737
37987
399705
3615886
2868735
4227795
2777266
2035152
5454919
2465105
5663265
3309212
5262732
2331938
3012088
2172291
1615669
3744096
1851302
1443589
1397424
5931895
869013
4474740
2659012
9208477
6293370
3832658
3523323
3211906
1650069
970364
3672288
1703170
3366882
1817840
3188113
1301193
211586
93407
736647
2464045
2448744
3024082
154413
935441
2817111
4688019
386125
88021
753241
4201066
3446669
708567
3254300
4450523
1577013
4509716
1162927
3808335
899712
3547632
3213166
829998
1869117
1701565
615883
510686
3576167
854354
3093800
253142
6285113
1227292
4366732
747999
1342557
3132732
2551717
4750179
606293
1582446
1049308
2417291
3435397
910886
4009569
6109418
296747
4816653
1255160
6313742
2064756
1915359
2959304
73738
4947071
2655759
1322662
883055
2341780
1830327
3218145
213410
1525525
1398658
3357029
1922989
3871299
2355903
899049
5648963
259349
3002944
2302945
4266642
3181868
2772821
4562601
6094846
5740097
527401
938221
4675488
751496
237677
285917
307850
3712156
855453
4365136
289767
1490343
162602
4326181
2352758
233522
2961275
496194
1342786
4555085
2525559
1301990
364283
3108331
3474452
1688819
4172193
2314822
2992215
4528427
3580021
371855
2281204
547903
1791545
1221957
1394473
1616844
1413604
481794
1835599
4635337
815276
7034671
3868095
2302120
422565
3008007
196003
1351784
3977631
2040239
550956
1632776
1312410
2034341
121740
157318
563009
403669
283678
2244220
3243776
679931
656458
79775
3751936
1995807
1052690
446513
51607
2518899
64871
2559537
884755
579980
4567143
196060
3075453
675888
4337215
2371310
3586751
2085016
1652457
4890725
3393791
379332
6269343
1119943
5242961
4317645
5350833
206078
5743900
2623032
648791
1640615
7243379
284044
4847910
858151
1097148
3829589
1104802
850904
2383304
923454
414571
2040469
1197825
6044945
4054803
1131154
690472
5784884
4565629
3309124
244242
152855
2676007
1177275
85323
244419
5017732
3019361
4859587
242230
4709522
5923522
1956560
2028621
1832204
3510511
1754623
8042681
3547592
1876100
252960
1026553
2594192
832041
1898877
2622641
2974910
2908347
3860136
426341
6664895
7703713
1018297
617903
2040799
3500296
1452027
1802710
4887447
1645969
47549
2443236
174087
6104264
2514137
4566437
102096
1366775
4239167
1226468
4676981
758846
17590
2420454
585699
2542910
5519162
5333142
473166
2137360
23129
127596
1518538
3418037
6181722
764419
3110158
2411886
2653755
1350045
3729816
800781
54840
6817501
2881492
1254731
3042190
2336437
3208251
326955
1772450
611681
1924031
5049231
1667129
1889561
4716668
2503664
5334873
2307883
6133359
2110715
4926589
2616793
4974079
236288
357033
1239170
4382659
1535498
2247836
656455
304664
1138993
994026
5951131
4745056
1688042
2780988
310929
6531223
1614844
383437
1173703
1173481
1553024
2379289
2099631
810879
2248384
599874
110162
3426276
802604
3475969
4442531
399104
4933013
6291852
7181968
1570617
199582
7544632
3038067
2835607
650763
3443377
2440280
1142508
3290445
81940
3294101
2040890
3159772
386934
3184038
41324
5777947
1339174
435327
3100556
909898
1990173
935386
3307876
4259169
5534618
3397310
2964214
58146
170605
1667473
6962641
2205584
1736394
63221
2511263
3131800
1908786
597959
5672574
6912229
2152707
608843
2320055
2051589
41884
1227677
283868
251683
1038497
2202670
4052785
36237
2322787
1522653
114384
3659454
1164829
1148101
1241921
1331927
134426
1001884
651269
5714782
3443489
1775561
1525797
1412800
2804776
322266
4494055
2065831
2631758
1752847
4016958
718582
5857192
2808884
3315678
2833704
5759400
4648585
3013736
2041
2332766
4825525
2927370
6605005
6499759
372011
1740978
895193
4403135
2638956
917259
3006007
1855123
1713711
7885486
160370
4218636
1602963
1711887
7362813
1613506
462775
2069461
7422653
670529
3435192
2326613
787999
2558919
2040495
459272
7754499
197880
1695586
4292025
6166444
5920894
5557484
2481634
2333155
5595174
3557943
7959965
99824
2396349
5383356
30024
799236
2836996
5823085
2939903
2462818
1579057
1871153
1894005
744519
2323632
5400798
1735285
2599302
571156
696072
1457649
2885685
2526545
814564
4746129
2598654
3986817
1486256
29434
2776699
1918973
1870327
2936397
837381
562159
5296980
1550290
3389505
1232891
2643355
2000850
211822
1214224
4022587
3778753
2743507
5580065
308439
6774405
2679042
7079693
2582473
1822541
4101691
5262769
2387598
1356919
1607392
3330179
4330671
1780679
269070
2525216
321523
6031764
961936
2359268
124281
1683802
874617
968915
5788329
25778
5107256
3328682
3633415
405328
2931974
3288002
7151288
7332911
815471
1406613
1256319
4005059
2195393
7319049
3431270
5187718
6937881
3611263
200436
979720
3346510
1401969
2920978
3912607
564890
1873475
1234305
111393
641709
4911312
429467
2672819
2599894
4992145
3767964
416153
2736149
3935011
1748367
4217256
3709131
3659558
949181
546823
5184802
56644
2185751
3316713
204205
2351581
6595094
16936
5860226
58112
4861012
635400
1136754
127682
107112
3673494
3093746
6581381
279476
2256873
1019035
2101976
838173
17577
3676289
1835860
4515230
968914
236571
3970412
1397145
4941300
4881672
7126262
598832
50201
4745827
863601
3034437
298812
2379735
3591331
1775052
1864809
1864743
6209734
1494741
5536982
3830506
4717390
2091860
454791
2077950
3862370
3474047
3767299
2707431
1654588
1697380
1451181
2565564
762325
1231985
140400
778978
125458
2134581
2236786
2491755
2684
810071
1194785
2148592
6480851
1788645
195741
1007128
2090751
5633672
2508790
4424055
2603313
2344683
241678
3012648
6566914
1878415
4057189
4879799
6289913
1146507
426347
2432955
418833
476234
2623251
2403562
3964892
702673
306564
5515967
2715058
3190093
4614013
2783240
1171515
3345156
2625090
4218278
2518918
2528648
1263697
4120786
4045268
2143654
309001
1932125
2913160
2582293
2476811
1145855
1325704
1970446
2368444
4901101
4338421
5621121
88116
4622861
664433
4339265
2840528
5134133
3460637
552004
5296751
894929
204967
133814
350339
2862759
329600
6057936
4646164
4448744
1531708
1284747
2292310
2716921
419491
1440019
3556177
4272965
1065802
2261463
228465
1015532
182753
199885
1409736
4769246
2905983
2692233
1279851
2517588
1657693
2261090
4968092
1627923
2189981
2045657
128995
721057
7340558
7122916
7327902
2251455
5437775
1293143
6104846
4400699
4843573
1027863
244834
3513299
7339167
171878
1643190
3305787
2029369
5074773
2957654
3237400
748108
1123306
1199686
1013955
3013917
4711041
934759
723129
3461698
2080049
1063834
6251054
647189
2117352
454957
1944294
249255
1158113
1628912
2308373
3578858
585295
3258078
1154710
1731880
6284059
236876
457375
923930
472511
2039557
429340
1358015
3814581
2190140
4097101
250745
6074899
1627753
3540375
2425504
3378184
4417007
1880748
2871729
2113983
3946236
114546
3691647
4274001
2734334
1445966
201814
7475448
317207
2046881
2731417
1361292
157831
2639300
612255
406635
381842
491677
1965746
1098361
2625227
697120
2038829
5990315
2648745
5145340
786255
2386958
5856379
5302202
6668802
2636316
6112398
354061
3350771
2620503
3701208
891751
4128937
2612619
1869520
306339
4444933
4160792
4539556
8334531
3430378
3471654
1415853
788854
1911916
434518
1211133
3005664
734194
2893314
741245
1376448
2119020
2297756
2096170
370071
1354349
662696
2312723
158495
7124921
4889400
287015
1825549
493882
878316
1033540
750382
4809289
4462357
5857869
4134742
1063062
1321741
2426890
2863533
1516495
6124439
2962103
1036392
378358
1658394
5740476
5815091
6088458
2683712
4270854
7024408
4463753
4971970
50166
2955427
1612055
2904085
1603617
1870739
2042761
5975901
1081078
1069997
727569
740261
99214
1285720
5915294
1308283
1848114
6166677
2320221
99066
819495
742936
77502
1310350
155540
744384
4550687
23546
1093631
1712260
905689
934437
4306817
5570249
53641
1257457
3196224
3464162
12461
1872422
425026
353688
1507870
2279355
7595012
4278772
180654
2155581
883330
330179
3466165
1536906
4711645
3881516
5558101
892849
2440611
4791434
555157
2288793
1453846
3298607
2547928
1757199
873473
442374
192663
8295976
1171392
198722
1327720
4509118
5460312
1464629
4113315
304133
142107
183746
674621
3509385
3814360
753343
85893
3298591
5710621
869802
2101235
647531
5547175
682926
1512238
1204757
480060
2961313
2159531
3075236
2308385
1401076
1546516
1875373
3973202
439646
538077
776197
2198658
3002647
4935918
4100290
245601
4834297
1181007
1924639
396384
3766720
1429402
2260574
2524247
4937342
355251
5139078
2438861
3566013
7836860
97340
1019955
7645809
2511895
272514
563643
5205084
2549093
2971752
704043
2155245
986412
1063036
3154366
1989816
3765469
2481053
1478449
205212
382076
4832178
2951620
2633356
1563718
810622
816406
268050
1677009
1026699
3175275
3160654
952896
328495
4107355
1565339
305895
845151
4084683
1162692
738931
2418708
221816
1847952
2695348
180786
1476236
5679689
979270
4128528
2316395
3913599
2998129
5392878
413484
6305062
832679
3060450
4310913
8483616
2927870
3313853
2819035
1040767
1054796
3710536
1692213
156952
5865217
658885
1563134
5145142
3167115
2028335
576868
179351
3326706
4215745
340543
3252688
6671345
39512
3613322
8627599
205905
2766421
2001454
4096208
3425362
1082494
389360
1500963
3564575
3677261
2752141
4635003
2906062
5225827
2588289
1755641
287950
660882
1813736
1127466
87461
5892322
727901
4741460
2704388
975451
5071885
7294082
545277
4238738
1361148
5013377
1785170
2700959
3368031
2487691
1094894
3525533
2971505
1126019
3719896
1763775
780624
6763092
901157
2561322
5945541
512406
3882208
207016
677351
116640
2584254
266860
709565
5870475
963373
2301520
3985765
564587
1528557
2482087
4105819
4295778
3277847
888129
2135350
5112661
3959757
2429557
25036
1282118
2736231
4800262
3919715
1900504
7418176
6234121
1266171
269282
3257756
1429323
1904365
2607498
3665883
3797136
2075463
85467
3332995
3262251
5629257
3993190
3060815
3173349
6852745
800963
5793567
2265901
2602269
597694
7625662
2376344
861324
1470173
2789648
2547417
1686644
397390
775563
2760985
165743
766308
6307011
114584
130981
2734763
7032610
454803
1859237
3483155
1813375
2265226
2874871
4143067
893946
2339126
339419
1539427
5034138
4154839
3573263
3228593
3512213
527409
945234
5052560
5051257
512524
417886
3116649
1992088
2896982
3806
1252582
2071695
382648
1809118
4134949
7302185
941161
4916115
867296
779545
1340944
2512974
2213447
226646
462438
4526553
1708744
1949187
5594249
1881115
3131983
954796
664721
2854702
4979325
641132
77005
968105
2775763
623529
2283199
2747950
1143533
2861660
2392445
3753372
644980
3470971
1106062
968478
4391978
2319166
2996627
2959834
1616325
856056
2125918
1987698
2482841
6943679
740141
5183304
1351367
3195371
2567714
33450
2982158
1479668
1007146
5765945
2052159
726730
3095658
4217961
3834516
6374953
1214102
208002
31553
2158530
5308984
3385620
835977
413163
5627572
82612
1494603
151149
3137548
1290057
3285910
7379866
4427132
1764659
5199698
2441812
1694237
859841
1322084
888453
179595
2053877
3820021
1057442
2873425
1109594
234816
2701637
75098
2198143
171743
1875181
3489152
2427012
1427284
3947584
144828
2122228
2826396
734677
929976
2352116
8001221
2112660
3115020
5734100
184157
1547282
966674
5360859
1090245
2954252
3199620
1445155
4602198
1378415
1277731
3386452
576571
282515
4758814
1351399
645614
1035665
1771683
3896649
3887916
4972996
2510378
2497305
2210791
3465769
1599753
4282500
2507354
896195
3454596
41972
2658374
3061053
760687
1371497
1682168
1370471
356204
2629019
946283
155846
588665
5957521
1962791
1835685
2962066
2327435
2930014
6044098
5078813
171819
1397209
446375
444857
1678050
1813099
2484581
4683442
2489523
8465028
4670681
1433667
1210783
1767816
643105
3841919
5597878
330326
1151831
3067302
1843771
409408
73334
2908971
54508
2318558
968563
3718392
7226466
4250493
1977886
2373885
1421871
1294081
3347341
3885532
989227
4641883
5756591
3903026
1363663
3392595
1110026
2351894
1199147
332221
1415367
1387482
7001431
919378
7504977
580840
1657453
1556036
1121865
1274347
1536107
3109542
5298393
2669977
2183840
1434175
3564784
3372293
356630
638838
6400210
4013825
64023
3777053
7339412
1392335
5059730
955375
2772315
2539494
3426879
974391
5436493
2845220
67313
1525379
1728944
1204839
2457654
6072646
2022890
387026
3657119
2066590
1329825
1572184
45463
69939
559294
715432
1052712
2492623
1492811
6180363
841018
2522406
1331890
3305819
1530003
460365
533078
3113411
3518149
4728774
5859913
5177387
2073584
5614540
1856051
2785086
3071099
4273879
4973191
1101549
2044787
2942291
6491752
822574
1048359
2981893
1852838
1755690
1511349
1305993
5153434
2437595
546159
3405745
1510828
2942743
2425714
249370
2661547
2598479
2701109
3972006
1005850
5934007
3398255
1114778
577899
1158521
1362965
4347361
2052494
7209466
2155565
1644015
1652475
892026
4200161
4238283
1556737
5654075
719930
2787734
9485
630723
1867365
6743591
3631528
809309
1147603
4401882
1200906
5232720
2410548
1141479
3130866
4419435
4506943
3010244
4454442
715851
1560774
943901
104397
2400341
3144440
2948028
620089
3771978
3190258
5585320
5320278
2144826
2694202
552335
3260006
75292
3292680
8308816
1049169
2579258
2742643
206729
2216687
1851356
6044869
803829
667672
3072171
650231
17516
730967
2288213
568490
7754161
741429
4282045
4294853
2609476
2895770
2093834
7986088
242342
2175798
5344840
799014
956351
1193304
1531061
6512985
2906430
4463911
1978780
2967675
6019748
5493508
435561
154695
2010337
3249898
9658
5597105
4781305
94548
7245551
1585665
4467475
2597203
118039
2037101
4781170
4648945
425009
1592993
1169057
2390507
4595637
1196983
2311530
309374
7992458
1757672
1499862
2105592
1697939
305521
4023884
3220128
67351
3553682
326313
3032364
7097557
2841540
4566416
2855105
2974502
7986069
3044126
2220095
1893827
1373887
477352
1401970
1128963
2462461
2577327
2036697
5847882
5693389
522512
4055855
2992403
4357107
186595
7998505
4742975
134949
419743
4194122
4255027
3769491
2669929
500151
6685948
141556
737623
2526142
452576
2508280
746276
1194960
675532
1514886
634789
2105222
3337626
576690
2904959
2305909
30116
190066
4097734
285068
4233557
3467012
110966
3922932
358932
562240
1149437
40348
3230590
3230923
3924592
6256796
3070704
912226
2550105
3948623
3894747
1591818
5707916
2631285
332783
4183545
6108459
4457813
881180
2243627
622242
689126
1451445
7053905
1169167
2025610
1427537
3711243
4647839
982627
354491
8963446
6193978
4334879
761489
2089320
2588149
2394683
3436448
3876790
2573987
2256352
3022132
3196182
1785115
8472122
18542
2781648
2474161
824066
1954372
1746405
1898784
4883166
213365
4406291
1082449
1582433
6472701
2138568
3788459
3271510
251797
148813
2436331
3734585
1800243
954140
1255371
6446026
3155790
282801
3503673
365653
2548392
2386385
1140258
3293018
2371214
1845201
2211553
2334243
2714052
2307597
2769637
1782461
549061
3322100
3391704
4596462
10974
2303238
693681
1784594
212181
6616280
2917178
846211
1388778
2068044
127921
1367882
2996598
3568389
3945691
6266468
719226
2534487
307691
2905251
930988
12202
2191983
956564
4756644
687197
4714738
844700
1287616
492798
245789
3255298
2386051
5790835
6290496
5058737
4218402
2042620
2706745
3356553
723002
7236606
7434367
2395185
729916
5046075
1188868
2886690
2934356
3335638
3250366
3810073
4952293
376849
867405
1912419
422042
2639193
618482
3113684
2838059
4579826
3879124
273929
2016703
2214029
2092048
467626
2755253
2353080
2462824
2440685
1807018
1038281
2716381
6076985
2771622
1933349
1915319
1193796
93934
779593
3025841
1942191
6033868
1053453
2441462
468885
404464
2014425
2487602
2132161
1895701
3272920
1849039
4037023
801544
5208524
5958670
3778881
29459
284215
4483086
370043
1035166
1330350
5379935
6492261
742932
339540
874751
240294
1966520
368708
4392447
2242829
5528888
1388999
208264
885398
866504
1496304
2944469
648617
1599370
6079360
2066644
476936
2040441
7229827
1258419
1206592
2026173
839347
1241249
3870906
1743985
6984512
1820998
5346999
7786388
4101831
5791161
1379638
3419286
2887335
1831295
2718362
6520234
2345689
7780753
1325407
5871331
2728774
2812203
1705423
2105067
2259660
3512933
3496056
143428
1764368
1592552
714313
1534216
4668441
4786278
2909812
3656689
2661225
2378204
2559215
1823349
4438740
2524154
1803540
5938197
249795
1032605
242283
3836197
596112
2995847
1000858
3740661
1568330
2508766
2796902
1158889
1320038
1627717
4316745
3754378
408844
1789539
1629235
926173
1387013
7417195
207207
1353621
5605096
1195424
1795970
1064176
1204248
2413386
947388
1587668
1523361
3982069
3636191
379619
2923988
3761413
2319515
6546563
5994857
1369772
105239
1437639
3101840
707157
6775645
5272165
2935674
1257619
1002257
2026621
4553022
1145181
1783183
82573
5414555
6545497
7141747
4489035
1058967
3109011
4501802
2225442
149160
1711151
1671332
1145098
4990621
1922468
2355475
629767
3523564
71898
2773699
1766956
418436
3997372
437589
3110217
7003309
1219187
4367522
688416
203666
600417
4190335
3598123
5629609
1175161
1683749
722823
434617
3712019
2755998
2726276
2651164
7032045
2323191
460348
1497047
1447543
3826050
1764413
2777834
3613744
2046608
4345955
422063
3684679
374717
2847803
1253351
6120149
2211281
119557
3893062
3269681
1803845
335534
1758211
589815
4906587
2558273
6977427
404243
66312
5480420
1419076
1931711
312760
5235972
3651190
2165124
3110390
3085462
4002831
2106888
4042665
2775501
156341
360922
1746834
1080886
1695480
1722874
2811400
6793765
3032113
4077189
715810
2891587
3550338
2404311
4540004
172281
62376
4557981
113325
1579385
1214172
477452
146625
5845369
3464096
2285916
3646868
4449903
4404529
5547789
3765573
647068
392190
3704565
404769
1552325
2231776
1097223
3067075
3442328
427060
2833163
195556
2497993
2246947
2307036
3286493
2774408
1732061
208539
2146679
2385876
224882
1969543
2553922
407954
936518
5677056
343043
3412448
2483605
1438420
1276707
834585
1507324
72873
1495286
1783232
354685
1780932
1972450
392381
5860820
2235824
1864554
757114
6023786
851494
6348118
5880892
1526406
1381799
2088336
313823
289695
1955497
588585
3710359
4845087
1741541
1340290
960022
1067022
2572510
370687
2442514
1506427
5762572
2731036
1236283
2652274
761721
2673043
3224451
1341329
3004859
1899663
2960726
5566718
8124785
1385143
192756
496240
1176679
4797131
1611269
3713468
3529677
2256803
8368753
1237178
3686385
2239412
1937189
1594089
3032513
1011777
416022
6162390
3913208
1353756
711746
872631
1135004
1079750
4460637
3350844
1808808
1827501
386382
1984519
2365913
6809060
1048042
1584473
435154
1629926
2481191
1004448
1013598
293163
2072230
1015617
58136
600260
3792703
1277323
2152799
2922276
190523
560374
1023431
3086273
2194226
2460035
65974
3306045
1294860
1133984
1132552
4335170
2563678
2460036
4108529
1800909
800220
19374
3245342
3864192
793806
421920
1496763
3930313
1456822
2533425
983574
5566929
869682
1274349
3950692
1081589
3528498
3176198
5671464
4934761
1402006
8216429
2125545
3366268
2694555
952076
941599
422896
4128982
3232608
2074825
1916912
1504928
2002474
2563293
2691103
559504
3521046
1403713
1430936
3105685
6445250
5262436
2547486
2193647
309745
4728369
2902913
2216557
49511
2783047
2689918
455912
2385083
2601823
4627641
2394473
4917019
1623237
3219882
808685
1634572
1107180
1797838
411351
3687541
165347
1057300
239311
820683
3960699
2173776
1817148
547285
3351238
4347560
1312852
732764
284277
1631992
1354587
2576572
2127008
2656067
915619
1185669
1888146
363321
1371146
3473378
3941289
4758467
6063937
3169055
2078065
444124
37190
395774
5591746
1598146
2217872
5714201
1866992
2261358
4001622
281071
684323
4588887
5177291
539323
146099
7052303
6790026
944352
964600
93477
8081596
4671738
3559404
1926577
1527336
4369786
1239521
1376873
5134535
2828124
1904508
491277
1534127
1465243
1462556
418365
4145775
4850246
1956639
2458241
2948235
1921840
334422
6084357
503072
3854070
173503
4244949
2755041
3564874
937650
6315685
673227
1590071
360295
1746182
450217
4483828
1556163
2071420
2990713
567702
1401086
2442226
2687612
2510571
1960960
2066035
3445904
265173
1107009
216623
2333181
2834735
1733527
229169
992429
1933389
1967025
2290026
29670
259545
2474581
2405297
444526
1478688
2476024
1420434
23158
115810
3952635
3437254
762168
1769704
5922643
4915754
1682896
7415724
2368216
1338167
160819
5820839
4316565
6643260
816506
777723
5067813
3645305
667798
1106157
7019179
1065537
451771
3860064
390495
260611
2822085
2047156
2525308
603848
918971
2516958
4240673
1034248
3942356
3972596
7017670
2429643
3970704
8578546
73868
184840
2831481
2407419
3970384
3283490
1202471
4143461
1253594
2623893
5402638
1660205
2538802
7018105
2285533
625784
1817705
560512
1442856
1702227
3408567
2834623
159522
670123
4276904
2693840
1543462
419231
102833
463835
966318
4510856
2856305
4784174
5131048
3294554
2416123
1567398
3251850
41165
4007938
4815169
5144066
58519
119231
381856
486527
1811900
7308548
3532965
3118527
3542764
3518757
5110053
751119
5288808
753900
3417802
2115196
5906881
233515
3413178
3559521
301860
3737006
1382214
1878417
784479
5924272
826609
719151
5527955
5665949
2633218
2713438
3209102
3217441
4326602
999674
413663
253655
5705420
3361092
1624487
800984
5543173
4374731
7501015
5893214
1454858
446594
6646822
1924404
493798
7129016
879487
816439
2822887
470817
289099
2805053
3484987
106055
161056
275597
2088816
1754587
7109724
2464410
1730864
4653250
3284373
566977
2502736
750543
631344
3224284
4972918
1934306
556555
3801495
1485773
1340446
3277776
7402189
1068541
2142229
4341649
1966241
2719449
8844620
2072454
581883
3344150
1805970
5172829
1799364
4975560
540426
537592
4102978
1278292
457104
4406373
552100
5237772
6953026
5222045
4354435
539563
5735326
5185859
109767
1395744
1227985
3215669
3876422
4793944
8531474
5633657
6795453
666305
115197
828998
196569
509925
763169
3526477
847945
5953008
355399
5923953
954134
2792866
4662684
1172817
3615957
6243330
2635686
506712
5780283
2466148
1824455
66428
7060797
597778
3173633
569015
5523
395609
3630324
1155987
1301014
4666139
762877
836979
672184
780503
2395825
4821558
154580
854054
810262
2407738
4062445
1502136
171933
822255
3681983
3581542
4012835
1886108
1886670
2390998
422045
1891172
931603
487860
988231
3293059
1060443
758598
351144
1954683
1047929
3950951
5794800
8838
383526
1239901
1444412
619821
2828594
2452147
2237404
142354
851562
1005410
2698329
1238050
1846929
2255413
1413752
7277047
2127667
1916083
1576583
6688770
670674
964380
3800788
3136922
2966289
3537232
5347470
7488442
2111755
403395
5453492
6650759
1363354
2705611
3323010
4766997
3928955
440763
1059538
49065
3934146
5751267
1070175
2898765
361333
2754076
2181344
6491862
805374
1415491
1976048
4168172
2794253
4380275
5690785
2860642
2343179
1767478
1467052
3156093
5300213
1363556
3469017
1039038
4620742
823922
1369003
2778361
6196765
1850089
59495
1832402
74526
3511367
1017474
2980203
2932255
2756415
633960
6309769
2788790
544546
1557157
433386
7292402
3873727
2626201
97471
3562159
2833879
1336266
5143774
7719225
1389136
6543230
7256053
5352970
1155298
314113
2456453
2108075
6028143
313485
1035856
2146037
285990
3139628
1059686
3602376
3582022
1907336
1971095
997650
60353
774222
624573
2972039
2740458
1834374
2401509
86645
1851113
989453
2297416
50709
3189785
6862793
118864
3490381
1726087
1511272
1144380
2984841
1757331
1827254
179815
450106
2907630
1173062
2614874
7733785
5037898
2380302
977511
88016
298362
1684925
175160
3354112
4698777
4593922
269342
4300523
1892947
890073
4570114
3554929
1526613
2054085
1846371
1225789
7531863
5095405
833796
4358941
1136822
1251109
3907686
637940
3396387
106206
2209936
6404426
3243811
5748425
1356437
4874768
1982559
2659862
3716603
2574279
6169586
3390636
4906844
3578115
4825371
1735417
693699
3415214
339980
1732189
383970
1694706
1376655
4825204
4160125
1196100
568122
5141630
98187
6166632
98550
73838
4758618
2213095
313040
7224466
1013315
3448906
4350836
3027232
5554960
1029191
960376
3146681
2729992
2605628
1103312
3215052
4176804
3453796
822287
2675049
3062878
3757591
1246560
2376424
703626
5132395
28876
2702112
2955865
810879
228397
1618316
1325051
1575403
2699666
5295766
1753263
513523
1357142
925092
291777
5086767
5825444
1608798
1019087
4316178
5103191
371371
3950090
3039092
1539176
1792572
1056008
3784481
574247
976189
436038
884766
567904
2509534
3744891
6521711
2611950
4686785
523675
2610653
5521325
2924916
718367
2984644
1208905
1155642
2650893
305745
1203380
492641
2517285
4047975
696741
1599114
2926815
767490
209137
6589650
4648901
1027529
1941314
1563481
1228605
6359927
97715
793599
429772
4005418
4240581
1693130
1426219
984173
589384
6957059
1436381
2192334
1768501
960379
2394766
6176703
25744
829327
3559674
731243
2108996
1796913
364085
1794117
466152
4682179
4368570
2279563
4724834
1600902
931620
1553030
330595
3538925
1232733
880638
2758719
1095886
1848798
4715326
2007676
4235046
3920247
86523
1888936
1145117
1462339
4169499
5859659
1419386
662347
2340485
206054
387599
1153622
1730527
3498823
1736635
321707
4736505
425976
3779164
4200570
1093201
1549360
2041709
3538473
1781659
727439
1595444
2116893
3097175
834447
1806112
1552463
446302
1944639
988353
2982989