217730
2444877
3822079
1993626
6972575
3202466
636243
468883
5810926
701313
132059
6469591
1330438
754859
8045385
1392431
1459107
767211
194966
5471369
170148
1831811
902729
5480264
1695633
3945838
2085496
437183
507946
4530622
1039986
958985
295521
2418525
155462
1971249
647846
1552836
166194
338161
1134169
2157419
2748051
5779189
2333815
604157
1059222
3197503
1456207
506822
3367495
3681888
5885298
3719064
4840747
1844743
6812009
235293
4409274
7857047
7553956
5868232
1792593
2411628
683973
1259422
1158093
3914517
5490372
3156431
8904388
2586645
1870187
5614011
3296200
3935908
3326370
4671928
3349225
4809295
1177075
5453755
2504455
1160348
3899640
3110620
4810534
805036
5857462
1789966
943793
2767828
1424751
4864834
3573327
837490
1824764
3736437
3336424
1408449
231569
3931321
6370306
1129080
7009067
1746340
1607203
2135100
76502
982861
2171176
4973203
2310437
870868
1881463
1810498
632197
1400076
104560
821823
800366
1448061
89374
3994631
1734887
554245
1762714
2743892
475039
1563287
1570148
1621295
2666059
1134614
3353367
211278
422491
3458990
704672
6985689
1165328
2760733
3544264
658717
1130363
3298927
227537
5518836
3003687
280716
2161202
691747
2009536
958460
316882
4803313
1173569
1835095
588792
1440319
2669542
678272
2785180
245193
2026747
179061
1513542
2678203
210138
2976605
4909597
3486349
900898
1936021
3874622
2783014
3158346
1625194
2316176
5695582
742847
999111
194610
2681670
5100166
2908364
2717989
1081699
1756147
1520844
634849
419150
306426
1050389
4317836
1926540
451540
3246766
3501896
2585587
327101
3001219
2981350
1047066
2525211
4513541
4634976
255432
2676833
6958597
1861460
1955547
2537247
2218423
2304988
453022
2442862
871959
1271615
5798850
3070714
1205554
2046128
7449067
7530482
7976084
6225060
6239911
4790417
2866243
1427914
351280
2741400
3818092
950554
3894087
2592178
3217267
1285358
1763770
3323125
2369844
2581606
2495502
2860710
3799296
1282116
6802082
6681355
2892719
4853405
1980415
2933562
1884343
535300
3563569
1794522
1208754
2542067
3020929
7661153
1025032
273972
3154189
3100476
1519890
4753819
5358885
6438702
1105099
2442398
2187694
596009
2642268
6646826
3175109
650463
6595937
2345061
6462042
1508353
5909781
6658717
6579132
6267223
3064575
2592296
4020332
6571075
77657
1926307
2661232
176298
2837381
1592091
3315258
3335703
635727
6781049
2760334
1695561
2498518
155558
3129327
1478579
315679
6440731
301731
2275709
1635944
3461424
3373836
2119033
3971706
3545261
904678
1987354
1924513
2522187
5450587
7849970
529086
2211991
4552446
841756
957738
3790301
3488570
140190
2954636
31561
3004906
378594
2715005
3380800
2199462
1413309
1885846
482325
4276638
1077922
3367793
3804369
5849928
2307744
2509859
6322562
4945434
5821354
2777615
649821
31865
2293344
4090613
1607303
310756
1034213
1516141
2653330
1365829
517569
204882
233568
1014446
1207233
4708303
7700493
2523106
1433440
769773
758449
1385886
752064
1050228
57592
7486886
1850454
2580008
2148848
1858145
1884337
3997550
2919109
5316798
4338541
1906252
2635886
2344228
435194
141729
471596
1498121
3102802
635589
1754966
902492
1357692
1946117
428560
5570300
972326
1524772
596128
2191699
6430690
2529230
5887735
1934459
4468173
7590963
285720
834024
606715
3159922
3872030
3377633
243658
518542
3534188
983194
3314618
1545173
760075
1627995
2487479
3303349
4375168
214772
5799764
1793321
539456
3389685
1124236
262224
2079972
5025192
3407038
4271192
6098661
3285818
1432887
652251
5156322
2536677
1843712
4425766
6466703
593614
3114509
1400983
821839
4977947
3976634
6141583
420594
3566281
3075610
115768
2085512
3372427
1058005
115186
4983336
640338
812712
98952
2086830
5464004
740192
6343407
3116536
2953942
4249013
225895
1720235
3701136
634326
1140395
4141791
6101035
237273
3280823
7515171
2375551
1147164
1659023
2732332
4227899
3455053
1488336
32554
5129890
8152763
175339
140762
1305254
1954681
630981
2232523
1690752
1438232
348900
1225634
1803811
4307410
487137
2789611
1340499
4542641
50427
1322900
422972
5286616
2509969
6507051
1262077
3085983
2898331
4761205
81135
506934
2598473
2919195
280815
2076123
3794665
79961
5920052
1903894
4931575
7049650
752852
460808
1896732
1534673
1521898
1349664
2153304
5160540
6873709
2335574
1736481
50533
1502404
5933904
6021729
699164
431976
733525
5559235
1284872
2634618
700454
395344
5681427
4838223
1382155
3532
2900888
1482360
2694018
595269
723046
317373
1088576
729772
98098
608389
2897830
5412975
7286728
2369683
197505
390364
9353374
3651010
4762309
4018469
5782005
1460651
41946
2737292
1297611
3414896
3328949
8471120
713919
2423517
1386284
1095651
2910362
3247018
3204982
1340917
863998
2143978
1095763
522621
921048
98817
1596224
3681833
1594541
273028
450363
3552398
1918396
5547806
2804488
4550464
1899296
1853864
2994556
206474
1196674
786247
1586498
1167359
5332570
18784
2246935
513842
3200820
4856349
1041486
3136554
3048701
5816681
3862741
5018131
977672
636906
2465906
2989189
1203246
1951798
1408549
5341629
5300011
2050352
1734231
3082086
1499892
407114
7278806
3725695
119030
2179419
2663376
2400236
1668611
117346
273570
3031266
1963685
998114
5280868
3274392
303338
2198647
2302292
2646147
1972780
3941742
444386
2591238
2403748
6265452
641096
486970
126056
1229407
7532393
5510651
4578195
4403969
1282679
6282816
5126337
3254562
1923506
461761
7023910
1502169
1837901
1009809
391558
701642
1283146
3318964
4039269
2771767
2618348
483307
633078
3381308
433804
4179012
7814357
2171908
2788243
3189996
2105416
5801294
746267
5520890
1677767
2650226
936792
2102473
3256957
691259
2581851
6890341
2907123
4765449
1306076
4551133
2789699
854048
8357174
1146250
1375437
2264381
3621629
1396645
520873
2046003
1721574
6559079
5958737
4018511
877972
226210
5102262
1211557
1594406
7490183
3894436
147723
1705448
855424
4269122
803202
1217016
2196959
945598
2140409
3411186
2953245
4515394
2103570
1020444
2097974
349548
3077649
395147
1608905
1056479
1273006
1168070
4911432
1123283
7708170
1805538
1720287
1311523
3757629
4341371
1888872
484473
551355
736285
5302465
1589589
3354081
1139725
2531930
256529
4391049
1836787
5571451
3097814
4045386
3664139
3416491
5459376
2021845
2865697
1244802
291066
866027
578976
1231426
826718
1985938
257829
2203472
868514
659461
623077
3232028
1719640
2200859
1445208
1757606
1729631
1986568
1761218
1446524
1598231
2892622
4784215
481776
2011893
4720985
1292920
363390
1075207
623202
2590706
2539495
890846
3394777
3408051
2147350
4380626
3093
2785644
2513691
3767830
1886574
1796845
1761345
4589165
1764551
2011706
1406122
107270
7281867
3608408
4919546
2096724
2687528
3008002
4015492
6783526
144271
2972765
1008567
2483966
1913132
3633586
256407
4137790
3801002
3422748
5349175
5029117
305345
1654576
2102691
3305404
3190286
1386856
1393449
6229148
2779394
3900774
2085549
167590
4610875
1676312
1724944
1213731
8671010
4057316
710428
2518409
1777102
510970
584510
5011457
3119545
977139
7724917
2909221
17413
4153127
1360102
2531118
2893978
920205
2296294
1390883
3510382
564350
1719087
5128378
4136023
6550123
1372501
5219197
1852465
3411633
426815
2957538
4825461
2100829
1253256
2065881
6592560
5124829
1273039
1585695
923972
1558696
3330601
977247
884308
2201309
4421212
1706909
163621
1822530
806188
1119636
4421865
2090514
1083130
4938525
4321819
391850
1000402
1162294
3286247
165292
258896
769108
1181679
4613230
1086349
240669
2080052
3848402
7280018
1872654
3338657
2110638
5028761
1739041
1128781
478050
1325894
681441
2076377
5933489
1536536
5595770
238459
2243637
4006008
3645584
1920875
2260925
706330
1320560
5684553
1459516
863593
491484
7472827
854098
6198975
1860762
733238
3362575
1881698
329463
229972
3940014
6207556
2036583
3540247
2633317
2446447
1016415
3026553
2163637
2268916
2246648
2138300
2971429
1448167
4123540
5417981
5013502
1935055
2450527
1750085
1678591
321652
587949
2114846
2350461
388916
1261387
1240186
1330985
1461274
4485756
2971421
4662180
2424383
1696336
5436794
1921040
2362675
4808893
4823079
4986607
1043810
2674528
2686120
4006435
690420
1153891
7630873
1760178
3492546
1457713
1906067
1999492
1505395
3081336
3099443
5213217
1525318
1165749
171682
5410031
640311
765879
2315898
1893535
663323
1082120
3727968
2009683
4585003
257989
2366509
4081142
1320379
325735
2799313
1373103
3073379
3051927
5769324
61592
456997
4396026
3124087
138149
2280389
372322
2202043
634366
3685338
4350465
4375838
3292429
4445231
941031
3604395
2305130
1756115
2429753
2862820
1796477
997686
1074656
1444193
782350
628240
4566561
4198987
2023559
1634785
6869416
659233
1391355
3898764
1308207
2012074
3977249
1759762
3553770
252478
3180293
3365316
6002666
6954131
994019
1517575
64462
594831
2495913
2893139
743808
436542
7017415
2233117
5540568
3610226
6045811
734630
6893701
1746604
2560497
1660937
3550570
1161075
1811888
2314916
922173
1178543
4250332
366565
181134
693269
373534
3053896
6733776
3324276
463497
3396990
6476253
5245669
6950690
2354782
2332015
3124083
2333513
41208
790864
3116589
2874743
253814
133321
895660
724851
2091194
1910455
7612888
422548
903515
1894597
6568682
136401
1045936
5914322
1806012
455253
598981
1685930
4440081
7040469
4738635
2525186
2546430
3265706
3244149
1215536
5528089
3295483
215519
1605759
793892
1231754
2616325
2130739
2497989
7341664
3441255
944113
278631
2432116
1136797
392673
2035396
527201
3729469
3125971
4387768
189704
657296
2627697
789209
2863661
3671049
357535
4777587
63927
3517058
1919869
2914112
7346386
3348375
687414
2884184
123173
4709012
1513350
2102941
3263881
84620
1477941
1954551
132707
7465201
1712830
1049506
1203906
2499446
293511
5090982
1715002
3152942
7325488
909423
842298
6665984
2689340
1877816
46213
1665411
1304676
1510018
3160210
2821561
288434
1006036
79132
156660
1552128
535692
1101157
5431014
355115
1605385
766425
455515
7268578
3713433
2809266
2340504
307209
807107
2730525
485175
2884861
3674795
2166716
1312262
1132385
732492
1278595
790432
1743531
5898954
1395680
645945
589205
5649045
2636330
4162806
1877068
1285945
5721068
2006943
7508129
3093235
2908541
2570791
2766783
3980475
354775
3477955
1229109
3991886
1296006
671342
5710242
84820
812199
465929
1472053
1885339
7662377
2259250
2017333
2638470
2510820
3317057
806577
4494944
4106522
2285450
354683
918909
5349413
4488163
519849
3487549
5386008
4156155
1990796
4958665
711959
2134289
385743
548261
574964
3014684
412628
4396383
213575
5230547
1993800
4566335
1927956
822950
2839895
106200
5356549
2707648
2704453
6018362
2512571
5396027
5016111
1533756
646541
5420392
2507018
4116482
2031849
1106470
7032375
281942
5658494
3909975
1844995
3591730
347946
1457046
1568798
1624936
856364
1741922
2229588
822435
6752533
2772291
4929312
1711995
230509
3833028
1960447
1561042
842137
1282003
7061606
3876186
453208
1491555
640878
709761
2904545
1465875
1199063
598120
3922950
1811229
786014
4746983
2324021
4003673
171508
2096014
5551452
576599
1235392
7350859
2233059
1462590
4669123
3519871
723215
208726
3201948
1492612
3603121
2455853
1241910
5247590
114690
2256589
3263586
3278308
2383430
4744234
4058609
5712409
4220164
5027017
5160247
8509419
2521100
2235525
3069336
1782336
4049486
6423275
261206
2183000
4486106
6316317
3288995
478332
2647274
699710
1898970
232490
1197546
663791
1823716
134415
1072369
891148
1373772
2713529
1971811
1918467
6025524
1467448
2684985
3735407
4422802
1085444
5557036
1046353
5420688
6245868
863244
2820156
1377751
6995947
3745819
498033
2136310
389516
1072380
2991008
2692290
267760
6124676
3458918
4917737
2175670
2037633
1967354
5393527
1030340
7412946
354929
2530032
5660337
3906661
4044958
2598186
1673760
564292
2149029
4943836
3826565
1194878
345055
2711184
85068
660169
3240571
1336253
2747508
4549208
2721268
2658488
1101846
628171
3461444
517584
1387797
1762635
3960584
2973465
140852
8277160
3617579
1891829
4844363
2292928
1235
4331676
81423
1729931
7031503
5770497
4167719
1404221
2749058
4422064
2051435
2449022
3147132
1944374
214342
270732
4512627
5381126
1616857
6872988
1258041
6763193
533725
7068021
2023686
809106
1585719
4079197
3008191
294418
81677
1459125
719380
2365520
3474974
392202
427224
4268511
2108646
3854113
5957599
134920
330458
2132628
950255
8202909
1232952
2222371
2746660
1482135
2479169
2626676
733593
3753952
1294748
3362507
1151961
1133829
5836695
54877
2112469
3107315
2658487
919110
7653647
215743
2051671
764226
601449
776733
1395590
2799
2752816
627118
796311
2363922
3994642
2668734
270552
3275837
92745
538071
739819
4698004
2388465
225735
1014122
4273511
2684724
1932120
1469182
432729
3075127
2956712
2870640
3505646
3065598
333606
585546
1329894
1805965
3208478
640158
252304
4254141
6401563
4036160
1291106
711685
1182413
2542706
3129156
1583345
1599235
3448593
4230386
563325
1368011
3263759
1095660
761031
4096092
3728806
5236092
2340754
1583549
3664266
1471666
3032832
4891
2640233
3170467
1733763
1428848
3713850
2087065
1581031
1642897
2892364
416649
4585173
212843
3044780
4077304
6835692
1997803
5461592
4888277
1664196
4983371
3562607
2907748
5873959
5750264
484148
4299931
7554532
3589797
1529724
1076488
3948100
1185705
831223
5948919
1675152
4295647
1873198
2979241
3905043
451953
24660
2785
4482844
4020926
2018439
2566797
1584503
6056502
768037
71595
6958739
238186
295168
1550373
137155
497787
261630
3889693
272908
2275221
2146171
700887
116447
3582842
619686
4705876
7085598
1213869
3497061
2755069
3379767
3838626
1930121
772962
2826880
5434938
859349
8145486
256903
3646075
2507942
4979804
2026831
4646950
879992
1939178
274156
2894251
4433758
4015697
124557
4089458
1979926
2908851
850762
5137825
3489582
1604926
647306
1728698
2379943
1680283
3061569
1309155
1186152
5411550
1748372
3915576
3946236
3657186
2503000
150509
3225554
2474169
5196234
873291
6961770
3164668
5036289
1218288
5466967
3700402
1275304
109892
5791867
896717
869704
3999267
2087916
2323498
1600116
1815683
2896069
2230611
5344402
4418140
7667651
7422515
2176170
2289361
291146
410655
1924993
1618278
2705027
2090137
2635633
110132
2913392
623959
540934
2335013
3802379
4259315
3877511
1309679
5561285
90735
1469483
1033710
769771
9238888
1574478
89451
1349142
1620109
5493432
1999809
6280053
1613541
1698779
450971
3116153
768436
1701741
3496198
2303907
1453939
1242531
6475154
2735282
3064284
552784
5300327
1979957
1900283
4870008
1710372
167589
2985548
5079160
433516
1768165
2430905
4763623
270217
2183632
686780
6845719
1763000
2041239
3356501
170126
155118
3460028
363913
7920354
287298
471445
2399025
1885897
2356491
3924271
2682064
144158
1563532
1756261
2687532
669059
843179
1354773
4004739
2693855
2017102
3565975
165874
2159723
1713634
3146799
3026129
1808748
4228335
1197773
1807313
3826422
2330145
1214463
127942
3244360
1499166
3987634
618360
3560780
493856
307487
1955167
2339377
650940
55768
3424119
1945391
4393072
4887827
4201115
4981531
2484260
446572
509782
440426
2021062
2170562
2761868
1398593
2961205
2945120
1413540
1818114
277474
447333
1505250
4454139
722871
301582
3771908
3227047
6763166
2759499
214754
800840
1024852
1215278
918486
3107673
3722696
3413501
4110304
2122212
242850
3155413
3402411
2329711
483541
1270072
4535290
1035862
186540
8210212
52128
3750903
595427
2225706
3443160
1093776
3334240
870210
383648
1455141
1513714
540665
3604375
1614717
338087
6080798
101589
113687
735840
2531963
2653881
802927
366081
2001006
2881631
3799049
844237
4798836
3530493
2326627
1635846
6809830
4087344
5424049
5082391
119493
3731979
1195000
3259259
2283421
882972
1507117
213830
6452232
825756
2571908
1900516
2518391
1509716
687938
8367785
1773627
3769225
2429876
3614061
497787
1793117
1549767
1925552
1728510
5894270
4270943
3284535
1024737
7299741
2699097
1176913
1291127
4119690
1187503
1174480
105190
788428
2620835
1256694
1397310
4227261
3084671
3081191
959553
350557
284262
374035
2040427
1184835
7071388
399377
3605320
7463751
4655229
2452292
7620973
5537556
41633
983018
7294349
1504152
112972
4759101
2376831
1689942
3521481
1720323
99891
1224473
5530827
1115643
1175957
3041718
496734
3493891
2597770
1129308
3261177
2665257
252858
1444966
3522163
827246
839522
1228472
4385153
825772
739688
5591228
1913097
3132799
4692730
5227585
5425954
1224044
3831987
1369604
8360880
3616640
1388011
3896639
2392931
497374
1697473
3049892
2561055
3225531
357097
4451905
3185921
3755359
7272902
3652998
7140874
300489
7650867
2979616
2193437
6518851
1084408
3546586
6920640
3021226
2080286
706330
4105588
564862
3931015
4390365
2242063
4003219
1230196
5692348
788877
3868191
2089647
1500838
2506300
664364
3711931
4746038
954838
977650
3231613
3582909
550183
881143
496287
1240366
2607679
1191811
5988250
3937153
1181597
139059
1979010
2679495
1326730
4108117
1521415
1741655
2768971
314933
2147557
2769456
984847
5711738
7289808
1871969
2003881
292192
3040406
837909
7713669
4003837
45041
1646196
342289
3469253
1382496
5951327
2339587
4086011
3323216
3302224
5739137
2745233
4009492
3535245
334035
123701
1429077
4997035
5869485
230423
300834
1200020
2860325
396882
1376382
1591796
2598464
1251423
3182893
3975773
4244427
2103316
6526749
126758
3088324
142425
2429781
563741
4676681
85980
2484751
1809756
4803093
1194444
1815435
892814
2295865
4811888
5708421
4192440
1932979
5593808
5914625
2425897
5248250
665142
311799
413035
4750469
3694514
669734
761921
2202927
2411158
3435886
1503895
5476884
471525
6337801
3696353
2152108
58624
2519344
8741154
510791
3836483
1213356
3280829
625907
1157926
3051947
695923
482022
75028
1909066
499672
2312854
1584800
351882
3599855
1619678
1272557
3123329
421621
1463587
1786899
6740929
16050
7555762
2297519
4558066
1465899
2238874
2735264
1313749
4451440
3497232
219920
736346
196942
489138
28073
4284503
448107
1067916
600543
3502084
1689625
581371
1418155
7294729
1349553
2177865
3431485
4750877
3713234
1026498
2841493
5567547
122651
429149
1702666
2865618
2300595
3570371
5017175
4566228
222089
866247
5930107
5571135
2298608
1697477
2212794
5564850
193905
2795351
525975
2946571
2325814
238655
3626131
501545
1234524
3788343
4951252
805766
3377608
1675004
295273
5549155
322274
1525958
2913566
2407892
2867760
146406
1848065
844920
204821
1217653
212734
39497
274129
5893535
515047
3511923
1220086
5484160
6757601
2709071
2745544
6803913
770232
83697
2919257
3066945
1240409
4599018
2572203
774186
5562786
4324735
760032
3476420
2955488
4654376
2290071
806023
529440
2337678
696415
1381870
1676414
2421730
2531653
684457
2439635
2600751
849422
7589933
1947843
819892
1058004
187246
15580
672026
4199462
2753925
2293123
3014362
4870197
870044
169567
1874517
1379293
365779
116009
3676012
4614943
6696176
156831
1902359
1843849
1953446
8102205
2888565
3198768
2173800
389537
697807
758254
2706218
2744994
1927919
2329446
3019042
7612978
4778748
5030400
2215983
748982
2462484
1901804
3575216
1150196
2700712
2769712
103652
2649959
2910387
3139985
1834717
3422030
4897277
387048
2283168
1166628
5047758
4179267
1767034
337298
200557
168524
951826
235045
535664
1674105
2156116
1243171
3130338
6085288
765850
2314750
1968787
650528
701949
1821067
257598
3648666
2660995
4930538
2516029
5538554
60808
1497454
1470102
3906065
1930674
1124865
477664
2279444
6261107
935368
408488
5447789
4191750
6055740
4432678
5388558
726584
229906
1025763
5452852
1626248
3704850
5487161
128777
62759
1696677
808458
6100420
4846902
1196004
5396776
815586
1958027
336260
1229316
2245964
742322
2223899
3803717
895737
1489516
4647760
4914324
3240375
2252302
313117
1643322
1071806
644856
1035352
3181857
3982797
544711
107113
2139729
2077793
2471941
395177
1682135
5611010
2481675
1896543
3896010
5818165
27084
982517
429193
1757276
2326507
3539546
2232558
912531
2454868
13242
4956292
3518303
1798265
351666
1093194
940157
4139718
1191751
2098310
271128
5595999
4700200
1357425
1119042
1810749
3184105
446549
838373
1083772
5973948
1293592
1122923
3741051
3075630
4438610
2806534
3167145
185356
4346102
5607123
1642212
1778266
1995559
475801
1568985
1835469
5900323
3348109
2829474
4591691
648140
3939146
846196
3201743
1775309
1793065
8251722
687890
257967
6923342
662200
1329035
2472967
4784623
1513032
447842
2541365
5962641
885231
5530766
2016813
2305782
37867
4700258
559041
576212
2253357
4001554
1301746
638021
5488408
937107
1284478
2409949
6855609
1201094
713918
3427729
5334590
530347
1300759
3763257
2804664
1527037
930263
2203937
2628579
452515
851317
3805637
1290528
122271
5926050
3864788
2029245
1781517
3820148
1862060
460028
464529
3831615
4636291
1709557
3774497
4311302
5097631
4803
3947769
388537
5795516
662071
42373
1997066
2227305
3080761
1024666
4696556
2041984
1105168
4631761
1890938
622610
2392683
5446281
2489346
1185940
574583
2779241
282115
4897341
4954996
1078232
2805455
487565
746964
3084563
2710654
1473829
2433955
4265579
436131
3894544
2286025
38527
771227
301763
2121468
4583905
4564109
763148
670775
4447171
3514063
3004915
2010482
541075
1206524
339729
2803284
1362549
4272156
3080712
1243252
1020267
7275901
1965009
2546364
1964345
3425999
3632866
2621631
2740121
359240
4831112
1048674
783334
2593153
3583405
382524
61606
444
417645
362244
1561631
1594902
3157641
2470467
4985891
219187
998123
3963660
182187
4485142
1952329
2136151
63614
4084522
1529455
5706339
1343859
3906720
947162
3205490
3191931
4585605
878340
4770977
35868
4145787
3577557
5213832
4282756
1758647
45093
1077721
408551
3631496
1603733
1349888
1787776
3689905
1102570
2450515
815243
1628864
4084905
1242461
374381
4822620
2152398
1056270
1822434
1214921
488884
4891393
690087
1942950
2920735
341710
6381801
2586719
873693
1824831
1479239
1999491
108786
4636676
6293244
62419
152369
3965784
189510
1263997
2408436
5682370
1505255
5815709
2796034
3450557
1288993
126342
2737734
3016508
2190949
459164
3200551
6459140
2673672
975779
1139537
148777
3635236
2215782
2107485
285972
3662349
4797858
985671
2229452
1248556
639072
4308586
214761
480341
4610551
790623
273015
3973781
681020
6211773
959943
548885
3122197
772611
2204002
1546144
522439
3921867
5078306
1279926
3262647
10918
477038
5166523
1342399
135059
495143
567461
3343970
4922877
3692842
3166540
793619
6278696
545429
1675656
7540979
2161912
1883781
2750850
4538281
2688349
1942198
496366
1872326
780400
2453161
5307447
392999
328113
873727
6004103
2243301
399651
3095929
1022765
4289273
3080672
1477580
5857345
908305
1172186
333918
4944743
4774055
367732
1331435
2166119
2362139
3475761
5358394
5520830
1433449
3176187
450863
3451291
136466
362621
4646384
984513
841580
715806
3102256
6203174
5911071
2746482
2451029
1110940
726922
2426328
3237043
36979
1950398
2935698
1385188
95743
3263948
3643913
1535721
2300000
2750882
2327365
6901545
293383
3344626
2223171
5353891
6168467
6715810
131174
226852
3985082
25925
2434536
1908545
1641724
3150927
5014217
1160649
2511807
250793
4713350
99126
3825508
3053001
5613983
631228
3559905
1049731
2997120
4324226
1162192
7469179
217159
1801867
175017
546351
1095056
2673740
649141
1187700
1063224
4811896
133950
4767654
1869107
7591344
3638323
2319200
1894227
987268
1020919
17072
1270781
2172752
285068
1340132
4617740
332933
2068726
613030
1304328
5027578
1913401
7655892
3965624
3901246
3256941
453243
1295429
2798864
6091116
1600541
718994
1324747
3498892
4943056
2034921
2073503
1204238
763881
8193908
4052775
1134164
474513
233603
3650065
678542
406316
59376
2820240
2682707
1354799
2305764
2448033
1916894
6442642
3917455
4779507
470157
710933
530402
4618291
5329524
4201736
2519783
1581225
2122555
394758
1633426
709337
3452129
797468
471983
2141355
1146566
1435343
307653
103569
3467945
3814039
432536
1560871
2883551
1194014
1348956
3353937
2724306
1903754
1352960
11427
1874608
272355
218021
681035
4210467
4414055
1938267
3403585
7807002
4215176
853568
1069788
585283
699848
1236469
640872
3037517
1507869
4455318
2899759
3187749
2242362
1955189
1672839
3331857
1374122
1803259
4422710
6885903
3195658
4932290
3853446
447562
3207211
81220
4290778
43010
1555609
1272338
142680
3339849
2885090
1198066
3167797
396756
2382216
5616458
487010
1836336
3919839
342217
58418
2172094
2549550
4734649
519238
657680
3024817
337674
2476507
920421
3141791
8394307
6824464
563288
507287
3830817
4515818
3475922
614201
254715
5426435
2339366
4250571
613084
2411545
3025419
1365449
14966
1566078
1998119
339536
5743311
2026608
1749657
1535397
3215255
3656189
1460015
4991710
2622172
4544280
1603038
666715
3969515
5211932
3387868
3725025
973671
1359249
93639
3032968
3290518
1703672
1867338
324202
2229587
3291987
7184046
3750432
3652606
922626
179011
3755624
235662
1256939
673763
141309
1402573
1617395
4320879
5745210
1813696
3971111
2305145
1979403
481463
1190437
2290196
2505438
2266974
1361011
522828
6947203
2688096
863323
762222
3104734
3112423
1315647
3102177
1532305
1156401
583819
3339317
1779224
3207372
1191810
1545621
3188388
1019129
742109
880903
106070
1168095
6279683
941140
4551836
3109544
5207235
865051
2481936
342881
3396997
4202806
810446
2873099
685164
1398273
3275367
1141165
664483
1168727
2133158
2673560
4156717
68908
412985
2345652
2384075
3257201
337643
1529460
845865
5953769
722205
2909334
3350274
743568
158152
5576604
1187755
1343521
7726336
3818637
4093217
1931431
1101638
1398486
1316046
438640
92997
1420967
3608970
4215229
710352
955679
5646208
1901514
3082645
1041911
2839202
1211755
3816174
780266
3465709
1764705
3710681
2096158
1551152
1196371
4817844
4842029
961517
1288052
1875636
2489973
7618500
4040334
3461247
1690757
333944
1573914
758139
6095902
2208566
411732
208370
777670
3339226
961210
4257042
2976410
3684724
4479849
542204
1182416
5759633
885384
3034673
4530099
698405
2196004
2978293
6051614
1675416
6137201
4205403
1074220
162271
4240550
2748654
2757617
398899
1376176
3703544
394442
747223
485703
3702068
4024499
4501280
5147731
6322089
13292
6383776
3396603
2633538
488390
928962
2154561
177354
5232948
1036046
461253
2062757
2456582
2094041
4375224
129844
2058001
1784870
499699
2350712
5777001
283623
341719
4826207
5834013
1785423
800466
1955966
540506
707706
1881537
679862
5464395
5733315
1151283
9149377
1899151
6721962
1791784
6487576
1377322
7276862
478896
963050
2415651
1712226
298120
922776
256516
3295017
7594780
900316
2494728
1951972
3946615
2142708
5130750
3203627
138882
1042933
2007058
646671
491663
1144444
2685953
572175
1990136
2266294
4537261
2013513
2411871
4862239
1768061
1942633
559661
2231786
1275744
6273260
1363945
1933684
214080
2503694
1112185
2681250
1933888
3023303
1938224
4155268
1772339
3338299
3332701
1083732
1420865
5465991
1601199
6829383
881873
104627
1639624
5157414
3207513
5137718
1211654
829818
4016633
2501398
5828473
78029
4379484
1919053
2756098
1862385
4613466
181472
113439
2267991
29554
2355076
2584378
2905443
3100623
5578467
5381228
7820043
1003055
202325
2637676
1593674
2420493
222028
1676112
4135620
1000140
213047
5911705
649273
6057060
3256303
2252902
868337
1893583
7600560
818809
1160097
728379
5133438
85656
3383285
4895416
90027
1821748
420078
2996824
1215321
3578602
694430
4299109
1683439
2358892
2381245
8208612
268520
786392
4008941
5667986
3765927
1833327
3907490
988683
3614445
1834025
1067534
5194032
5423890
3186726
3353731
1379815
5863755
3839108
762729
1047056
2950913
251367
5531824
362589
929709
6511425
5956277
557854
1220218
2012903
554926
1282505
3116902
754385
3895407
3198849
3378727
2387234
228748
1355076
3968819
3039649
117698
3356744
2497208
3602350
773743
3817171
4739477
736405
260448
282665
4872165
1153987
1775040
18136
3602006
6371420
182427
4521034
408577
4154223
1915798
2300938
2851536
287287
239253
1114415
1782519
1576362
2354650
81855
965302
2451394
7429964
1935557
193355
4657186
1376154
291476
1591441
1784748
4569902
2186805
1738161
5324318
4973479
2094043
4127892
1455644
2380832
4438427
1915542
2498988
772989
1676435
4748348
961491
3056828
3800020
3965148
2608891
1631907
745165
1083524
5064183
1167769
6621640
2289046
3257983
3463431
4113542
562443
1911405
4747929
835214
7345109
1832306
684297
1843148
4366255
4344601
4398465
3622693
2184047
417782
4764045
7192032
4250309
2283256
749484
3327136
1542540
4238008
2516319
4037922
537853
3370302
1615852
774676
861472
5544429
471976
6468502
483093
379649
112927
2994152
2108330
3001258
803739
1892792
315018
69125
3115886
156870
2349192
3777128
733635
2596640
4563383
206621
4361238
1658879
695467
2484934
1768089
44078
2097000
1078088
2723058
4614451
234229
3436403
327847
3008775
4412759
2532325
1956509
4050547
1918564
1941398
1983792
356047
3634502
4403359
5787312
3692233
52485
7250012
552818
52279
5319141
7165617
4128759
3963005
7910283
483453
1278005
361599
6795623
2155241
556105
5001853
1910148
244278
6103311
2070359
2983743
1464675
3774313
151984
2033047
2835239
2249882
1471766
1199668
2965876
1584856
1573971
2120882
280925
704341
774415
4015873
2475369
2048460
1846149
29658
2605232
1002474
4151760
190915
8723114
2395082
1342603
2567752
2572167
348018
1046503
2154778
711022
1597217
2915448
1245932
5140751
2906927
3431516
392300
3080960
7496281
576639
1243212
646131
4689314
3288290
1303785
6071748
344687
667597
4678259
1147037
2374290
7132323
204336
1832146
1884621
966114
3744602
2108105
351312
4104287
2776283
3643628
3003758
3959367
42660
6151144
3331066
1342474
1243692
2515737
995626
5769223
3785699
639849
537975
2446678
36
812676
362875
1711442
952985
2810703
1435863
227930
3905989
1690845
1433408
2191331
2456555
1915404
3930275
3480729
968936
522202
1989288
1734812
5827686
1317431
6351690
5626912
4065422
1002916
109768
767480
4551975
5934485
2563411
1413113
1490260
961717
3075620
291356
4133815
6443983
1843470
3435735
3842815
413181
8197118
6983787
789662
432678
2367959
4947570
2361816
4603855
1266041
498969
2551894
1990538
2049463
281008
479598
577706
1208753
4159032
4197622
665795
878479
3317208
1520021
645868
1842541
93350
1483815
487621
4656734
14113
380862
638724
4483486
1604715
4443743
1886655
4038518
293677
370206
3137041
15317
5254972
326519
486216
600071
355398
5416934
2342948
7170688
683094
1676309
1188258
2041121
2924033
1101396
3684664
2057588
601807
3944793
578920
2378187
151669
2908386
561221
708890
1836257
1883333
404502
1189689
127065
6288749
5551134
5231759
3759522
2976511
130724
4361420
2069176
2989517
1334537
241062
2921214
423285
1703446
8071245
195333
4034139
1103257
4218903
3175956
9414999
184176
1908566
4478971
4519169
545707
1405534
2436710
3008126
1351194
1377097
4970654
3879136
875370
4687279
5536303
628921
2813358
1630355
275367
5773425
4929972
4667602
2963709
3633366
2242977
5606483
1768388
3889307
2152876
1463936
1044309
2625671
1435932
3858976
3221372
6347520
1976244
67333
1815647
2246409
2754753
5456038
6760654
4121422
936505
342394
2558551
3297746
689861
1293866
2669623
1741919
1084867
7178486
686785
599567
1419325
1318930
3060212
1665451
1825537
6963197
43497
2247970
46836
3418180
767457
514411
6966175
1769794
5952255
1618503
462392
124061
328496
1455271
1847144
8772051
2866570
1077816
342189
425174
1334758
2231254
833909
6664997
687277
407804
3883054
5577034
19119
1325490
2839951
243393
176790
670749
235410
6719986
1136920
1007260
109823
4680612
6516431
1459103
308566
1449276
32823
3084901
1667762
3900490
3317736
2348419
5678208
4016283
2244789
3264662
4191100
1388115
6792
2671045
1725485
3507438
29626
1650635
3697034
1035445
1709729
2517014
5849085
892202
3348504
1020796
4028916
5031725
5192271
2122901
2924291
5014270
7273558
5937985
3306990
441642
3078423
4604713
886083
1461960
2884872
1415697
1108814
1539172
963748
1614170
2120844
594416
2887084
4923702
4024294
216100
2929275
568046
1278617
2912270
5108439
2377773
2816936
4402115
2343344
1841507
3379399
1045417
2761489
4410856
1188725
269098
1616514
5587861
500523
321174
1628962
288839
4591948
431422
1282204
1289634
247981
1377518
3467877
2192674
636078
1192370
268459
737812
3023734
845650
470358
1091472
5432620
1005224
1186720
1177722
190180
3931486
1341463
733379
2621085
3665688
233318
1569560
294756
3951229
5734920
733420
3037211
5921806
86319
5260300
2015467
1802774
2506914
412125
7085163
775586
387857
2382267
686807
6573480
1438735
1634931
4791728
315234
1066250
1936834
3666271
252832
201570
4172773
2726849
2823235
4615563
1975445
1685654
2042864
2218854
3796048
1304253
344594
1293823
3915416
277636
303251
937453
6951923
2977910
6280578
2139111
595205
3393451
562061
1899945
6573994
4991659
1211176
3365095
587407
2231344
1618092
2769501
6453506
1678880
377035
440165
5158586
2820824
3034254
3695723
4796974
3778566
170187
4093112
2658408
3949865
1785126
2296448
3929029
5888255
2401691
375635
581782
292243
4518461
1093093
1250209
2955479
301044
5527443
5235503
776678
3589457
3548982
2656683
211282
4139014
1751377
1976758
5738053
2110642
1096908
3344556
2735782
4341944
4117730
813399
1761538
2551512
2119727
2857217
3794655
1875109
4940128
162444
1487033
3642105
1786335
3100195
3177459
1789921
7024355
4522300
1573732
6996731
2819406
3566129
4821524
1002679
1438752
2007010
268787
1035219
5091401
1363002
2889427
627805
3364847
7569375
124200
883280
3264608
1805768
134988
2146248
199934
13829
3268583
487174
1574798
1198658
447228
4344620
676644
3504043
5735029
3005459
473301
5659231
7442711
4767736
2290942
2486653
5693465
6299646
5136392
1115877
2985719
3271025
3183675
6597951
2486871
1957467
724064
2204299
3031066
6509410
1716542
3470176
3859226
2788669
3959043
4804045
2785111
630334
2748993
1394480
709170
864257
1110474
6826534
365401
35588
343661
3170191
3523744
123771
55583
2278534
2744662
2578506
679918
4520926
7265094
3980233
1080767
2946684
383502
2740384
1770245
5608813
2338080
8430412
4152273
2862243
958597
1929069
230101
1529218
4584048
6699453
367420
1172718
2272659
352691
3472757
5770814
1420208
1957273
510177
562851
3375261
122419
1165246
2789111
2320507
2033447
498204
2662281
876419
1092820
3220415
6941527
210375
5083636
3230403
2550748
669237
3454011
872981
523356
659679
1487111
1127947
874689
367085
1390085
347944
980192
218582
644712
154123
3148540
6191547
557219
4569592
1600935
5469597
2115516
2242932
2127886
52886
4655589
5161410
3837740
1411105
1412230
2459878
1887013
925964
2629353
3552739
6502157
4768743
3953855
469413
4307161
1579175
4466423
4632811
1504660
890505
7903518
1522400
1566760
3091648
1584874
1586120
4593231
668050
1363527
1456691
6002105
2413067
1506062
1705484
5707318
519379
226222
5035670
186025
4962052
5078062
467866
3134631
435583
581763
1574864
1446825
1302335
1591532
3893695
1397433
465760
108574
1720226
7258380
122939
2538619
3364205
7166567
2831624
3254839
4427356
574132
1728482
1150670
1865639
2861451
2543663
792944
337150
1609210
4959254
6256790
2363042
29666
2279428
624364
2674922
2605227
355994
2234524
2956361
98287
3000842
308191
7197479
1142966
2324690
285792
1331022
261919
7053829
4816057
4753248
515661
3136878
1565728
4250159
2376950
2719454
8428628
386835
4868485
1277171
3946198
1808662
3222343
938616
1268624
1310187
865892
1033219
6363009
3273238
1075461
3354275
363068
779529
631494
7292310
239059
2005140
443976
158283
741366
8566909
1924878
1921620
3158195
3942088
5800404
2388241
5820273
1152911
6988840
1049478
2051508
970653
863325
4042368
4784450
6395354
2184949
1543220
232593
2203569
3408678
3893712
3011075
4064389
4843437
877835
1448667
2442214
4079921
1188266
334163
4141197
116910
1870018
2588604
2632662
2818423
114508
2301549
215909
3987529
42786
1402789
1580236
2612733
4759422
795559
125336
5072506
174618
914828
2884221
218708
5990974
3206044
4261527
1356596
1746642
8214794
551436
919167
253216
5078735
1071391
5616719
4170540
1658976
3423987
789071
1256446
4869650
2976311
1264024
4005143
1957094
2382332
2444607
313113
2716369
3358908
177919
1919923
4286877
174572
3378006
1866404
3006231
52105
2778444
79112
109277
540910
4932599
1365842
1776728
1472084
3467839
65811
1444476
1491338
1213218
2253561
396881
1967328
7086272
329767
356165
2743295
1952331
5068207
2242956
2775213
4214064
2571513
303082
5156950
6691269
799219
6272255
1011150
360892
4218702
3326859
1014348
1954272
2229744
253594
74442
1773624
1300006
2088881
1669978
979310
2402917
408522
71823
583381
447535
664487
914126
4036379
6603130
1942594
6277144
1134498
4227799
793857
219595
545046
77016
1326265
1649520
2815438
2982541
7147192
2499805
1849504
3236296
282930
874424
1739044
3747440
1639284
2947839
940138
3863870
689136
2078659
7373816
3578424
2912445
1818203
2464020
6583674
967299
1933995
676536
5606253
3750891
5474825
1445925
5088060
6647752
3398461
5281785
1449225
2900525
1423117
590458
1640917
1082916
2170915
1779947
2867548
6145775
1659769
5087378
2064387
3402195
4241730
1476068
2913141
4695319
989184
980982
4511460
2468186
121199
1427099
1731896
4622107
604096
7019084
243564
1015882
2732897
4031188
471567
137893
1595147
503455
865814
4065263
970305
6616181
2575214
849828
1316003
5457165
5143439
1814457
4288236
2524445
1265004
3017047
2729297
416930
3179302
932479
1734186
3976024
7120085
11951
569050
6668502
1883812
944763
2212631
4954931
1335399
1076664
1930165
3461302
7170178
488618
1935914
4296748
1745599
557936
1201610
1487614
632662
1465053
605386
649516
2820443
2881644
1775141
3754815
1121682
1876691
6787771
3422241
4478068
164691
4439041
454845
1195323
5357002
3575690
857790
4925513
2314708
1880660
1466765
1877723
3825745
5433568
1162167
2474966
2423674
840935
6457526
3277078
5567965
4393959
40217
580204
5546666
5638363
2270679
1807636
45834
129189
961113
4234334
2268157
1148593
4790926
2843644
3402880
1728980
943113
2331624
5406310
1590676
3097784
523543
3902660
980654
2915299
2234845
2721365
3674063
3074029
194492
843586
928745
3142892
1686410
148320
6966059
111686
947197
1117814
2239852
1866266
2882809
1151561
3348098
3136873
2653694
139680
3765913
3927331
2473667
881181
2043018
6175447
4309811
4032227
2649684
2549830
1943513
86699
2193487
2866507
1665838
1675019
488360
6461354
2784920
1519056
42635
2478328
1406964
1296127
4495302
1600398
8094267
5607779
6342945
1262034
3303246
679578
3906193
1187562
260970
6877860
1362886
3888527
3797137
957933
2562494
1930632
2119700
400317
5700027
461313
395672
284132
3456010
624299
5126681
4488500
318948
3179257
6981037
5047278
592825
418878
3149138
2283930
1572713
80183
2054541
67800
1076088
2220414
2927832
875031
48145
115401
4377148
1283957
5322370
75588
528605
169545
3241751
54961
721390
4034579
3250528
3565791
4098397
1889133
989374
2456750
6535756
1393347
1944168
533716
5807008
161023
4212587
3782451
841972
1024214
1984965
14306
2605423
2930957
831246
5462362
202985
443545
99343
1886191
2371957
4420683
1057322
1098550
5988925
122378
3169815
2223948
1455693
3917789
686037
5689757
1763105
3442690
403045
3241090
4585438
1631406
609474
4360677
3677501
7225033
3491287
276487
528865
307608
1939399
818660
2669721
1423322
592659
3682591
2483143
698815
1374880
5092319
239770
3195323
621493
5359545
6469884
174441
1026209
1689368
2752428
235481
3448889
3805535
1836965
573315
1330411
2383818
5219737
4104805
3357447
3329244
2417167
54005
6917053
1330652
3609972
5245307
22942
1338532
1120807
1977894
3584538
222502
2476729
2077202
1662177
1495385
2831391
3978275
6860177
7358699
1598020
4318895
714988
415844
6029134
898644
2457874
468654
1753736
4394263
1657028
4305559
1715398
832531
717515
2241553
2482741
729234
787512
5852905
6506042
4455625
2310901
3385673
5012900
1268136
3928073
3793102
159797
724914
510927
2202187
1466554
2134359
1538976
851299
727539
4228872
3405425
4040079
3937945
80596
4208379
540271
1308592
4925992
8326490
2529365
2695177
376433
1729247
1338358
3687417
16944
37214
2059792
2289531
534117
4808876
1622472
4879689
1618091
4309164
677877
1739670
5879911
2015110
2495148
223929
2776403
4876326
1540213
1254861
1833705
6172604
2251035
1674949
1704701
1284373
1364221
4450924
212787
3430523
825472
3950048
1463267
1355458
2330796
1279874
42833
246327
2077709
4778899
2729392
63737
648720
3392551
401987
813386
3589718
6598570
7515850
1583564
3759635
2141223
4521739
815941
657490
3091566
3555432
1091256
1606750
634354
2210945
3045754
6062120
5591108
4625102
538597
1295932
1039729
1109482
743565
540081
664829
3677394
1611725
5766478
841480
578266
225908
612477
2985332
1897924
1604908
5129001
2546497
1964003
669133
1798040
1571268
6802280
6267803
1611632
1639127
908704
105953
1436585
744741
775066
2101693
1740141
1337735
1702656
1983775
1022828
820296
3501544
239853
27986
211088
950573
2267375
4027174
1059291
2488109
514796
2631724
1622330
3622222
1947031
274720
960294
3212847
492153
743781
1558160
1103081
3888649
1561651
304577
686506
1235673
155846
494831
4577679
4559627
1001677
488792
2064570
1981596
1221575
3007209
121797
3815207
2416525
2088849
1973899
3614705
536896
3158176
2341742
3418017
6684655
599308
1993856
637714
2345757
7678930
2401416
1862079
494259
5702706
4679354
4648390
6734115
5308168
3558099
2136269
5569870
288854
1835315
2019496
8153648
1452556
4574344
3667017
1110249
336543
389322
3966821
946291
4585851
2877729
3312696
6043284
224718
1760350
662461
2250543
1722003
951946
5975603
300126
2732024
2151875
4594466
5471863
3494260
2260193
3877808
1398215
1633040
2014607
2616039
1965631
6800409
1639928
4840604
6599552
2018332
4971333
1466530
2428252
7825258
1130902
657748
825788
3750597
6235750
736916
2636986
5290342
1632447
2275423
4270024
1405007
312225
318004
2135250
2931759
757029
3798373
3223728
2240328
4563969
1933709
910467
2011366
3287341
2748401
4272933
4823862
5568688
1059549
2611029
1708250
2053060
1891820
1134239
2722696
5577615
2052378
819647
1308508
951094
3843280
273204
5458463
1911990
282353
6402056
4643794
5647197
4814555
1132511
1407885
476400
4040661
4859596
938417
6129582
3022508
3180268
1285379
2609367
3689117
3105282
913047
304565
2054471
3139864
4398555
1326089
506591
282053
2195358
1438318
2654598
3348937
3139462
1828951
1257395
2703387
1292171
946684
2672749
259463
1269987
4365114
5954441
2740562
987181
3713678
1503956
5962633
228453
1235622
581815
2401408
2292545
1789637
1967937
2383382
1854563
3275038
78924
5392889
1268439
2456713
462491
376536
1161991
3803479
3272778
3012867
1213376
3546701
617257
2295797
1281016
23300
2953048
449419
2398031
1156656
2824096
2552549
1153059
786034
592935
465098
3984326
983410
4570526
4321957
3767248
3006678
4499227
2052927
551787
1389250
870508
3935127
2123335
1057627
1388863
4135404
1215803
402477
521856
2042893
2479744
4086328
1205160
2811238
798799
4540640
841845
4854452
219069
1512408
3408509
1008036
636137
7152332
5302125
401979
326390
23735
1678302
3336771
3836274
2726134
1561171
1041757
2222184
2964574
4076856
3728095
2049246
1533076
4904974
1743254
885894
1069915
4720758
1240518
4556159
4428697
613709
2360801
4301090
864286
2388985
1462474
2290870
3051348
272578
1225211
605222
2628555
1451103
4583323
3677227
1894358
7025544
834151
1861780
3826614
2267573
498819
1538510
2168133
1449292
4339861
570280
3308146
863150
6261712
1795648
4162009
251259
6646503
2028889
958096
2816322
2295168
1523140
3494222
1922001
2440282
1324454
2229473
841140
4998558
4013924
1583157
971333
118572
5276745
3753794
1381613
1026652
3896584
4571667
383912
949931
36017
3093605
2255718
6178537
5331118
3024809
553431
2631990
1404364
157604
1351458
699363
1919505
3394851
372373
769782
3175146
2058341
4505650
3346571
2431750
4075423
2276123
443829
130457
4820353
129678
2241160
8469383
939509
2287181
1849071
2900440
1264904
1199872
3453234
1734294
1613083
2709232
603805
66973
2229510
1124994
1055193
3163543
2843058
4959600
720495
2141140
3771480
765675
678339
42788
329790
4405810
1720986
1121835
9337776
1215183
4369759
71066
246217
5892761
3278366
60582
316523
2661474
4460012
1860834
108438
4481014
4368121
2653666
211194
8279139
6196096
3274452
2853469
494800
1349051
1808145
3434609
1174799
16744
1356596
3438613
2428769
957193
4159989
3637407
252456
541286
4902231
1504730
3818575
5117188
3620455
6021718
2196971
563089
4386301
167968
1597897
1991724
5560222
3224059
2470519
411459
7557939
355122
317919
1912046
35755
5017683
160258
83519
1022101
1355821
6967925
2666052
947401
542156
2079961
4564250
1922826
1644109
960358
3539255
5504247
1361780
7113032
3192439
2409118
4308191
2769902
4455305
120987
2272673
1494468
712502
211800
3502895
1854425
2039267
818620
1254703
934624
6148998
5607074
746195
6178363
5243268
514572
3120814
5764702
841780
3403908
2558416
1600153
845415
7929201
2625904
4287532
450814
515327
3156574
310931
1355125
249604
6511541
281338
4691207
2416216
2653413
2356912
6394352
2020061
1958010
5267024
2202266
688009
4518488
2728313
1027596
1576996
7239925
2952393
1893159
2859624
643645
3677612
3482914
575285
3717854
2945950
877908
2880198
1525273
3053842
3264524
5389222
1309941
3268504
1532484
1283868
7678300
3574847
1240446
2678871
1109757
3774635
403831
2036392
678849
3335890
4023026
1503311
1192351
7512995
1011164
2701915
3025347
1217252
3674699
1398212
2452948
5295926
241211
869691
4825797
6416550
2625976
3404204
4531613
1795333
182060
1607687
2937427
541544
213201
76856
4890552
16864
2105908
2006683
977047
5356127
596451
2688980
6966998
12657
3097836
5295661
2030019
343430
2156087
4059491
5120854
1802744
2610656
35236
545632
3775955
3220506
2041827
563711
517590
369179
4760720
5202640
1471357
1353589
1403318
68581
3222665
52640
109719
2541732
5898501
838226
4791766
736838
243524
998162
234961
6084329
2039061
5429505
2871916
89284
2284493
5544074
1701982
1444436
2615489
2890398
3765413
2604910
701859
1419738
6556485
4021206
7258957
1851675
3779901
2479867
4757105
4757712
1679536
241702
2553897
3203887
6493245
1668750
3307763
289300
1404708
76917
2154061
897991
1430346
525167
1468397
1961205
1803729
1182250
1809209
7579772
240080
3643385
6678222
2291275
3444181
299178
388576
5026401
4617330
3428449
664772
5249783
2219886
1312748
921456
1978866
326547
3985628
8067009
1298833
2356685
647365
4536596
874727
8715184
1842240
1681489
172761
2124068
26368
420819
1315355
4269681
5102167
2661949
4568302
2707613
3549376
376115
904610
2607967
6472258
1554369
1041648
7283
5479162
2287060
1725808
471474
4585867
2189002
2866994
87645
144086
5024665
4487842
2058672
2183830
1708567
2549002
4286341
6421630
1149225
4339968
4176678
54221
3449869
3903337
5795452
846694
2814390
976472
1942947
660547
2167898
109729
462634
1204546
4168129
1242040
4854797
363022
833824
1173381
134511
4593275
1653988
774782
4000021
1099214
4089770
117102
1691471
421809
3783864
2149285
7816428
642047
2824692
41984
6359627
4482488
933071
1940322
6967901
3154105
1143287
3195556
4130476
350901
650968
2213435
569295
728565
5539710
3347429
2034419
3357237
2482959
798003
1797590
2152396
4973365
5483474
4687433
1440427
792778
2566763
731438
676458
2901350
299108
2320032
580154
3171323
2650230
2993026
205919
899010
6031750
1445052
986396
393769
58243
3917336
3213676
716014
1087827
76679
1232409
3549185
1196846
1930494
3573469
934036
931780
236998
5342676
393052
417623
788183
1792257
133103
320734
5078684
692499
4044281
1899786
803131
3820383
604303
4426051
293823
3853019
1209934
8071520
2291488
370648
6351418
1823123
838331
3681846
1246177
123853
5381015
5353016
406124
1247106
2823083
1154261
2266981
4553913
692358
3392106
3088796
3452948
2503527
2258704
3317617
3254956
235084
3838903
920104
4681889
732685
3171859
2862660
2258798
3394895
4993940
2907501
1007228
2303845
3222730
1249204
6635636
2201139
1406379
213171
364119
5850327
866701
4298665
2768699
1878399
5678782
158068
8155855
491930
1499434
3185531
303257
202231
3246475
1376168
534065
1058650
823068
1375729
6829421
325507
3843948
1987600
1704712
70366
517795
1561288
2063268
1376309
909625
5809032
5050274
6155892
712844
196249
3314370
1357268
1188106
2114032
2055311
475037
3282485
1766052
354157
3028369
925506
816202
4051292
5274135
1429557
5414619
1079268
2126034
154216
1561115
5775869
6138417
971879
100186
1716902
1378601
6252817
6989697
800815
2658811
1806703
3362055
527560
512107
1844584
6571273
552034
5050485
221947
522828
989100
1763461
6905467
678131
771681
1946233
4048792
5063865
3411510
6855832
2390560
809542
2722322
4693906
411498
141146
6604337
1494487
99837
3603743
5031104
3985423
760869
5336700
1995045
322326
396987
1097573
1205311
739757
552327
6751
85091
2516870
2347719
1992424
4490344
7299998
33016
3377428
4763307
1155531
2315153
609949
305459
1005244
2109977
6156998
175608
3369529
491011
3739759
2219064
572584
4206506
1592253
7667
1671260
1187650
1354639
2194251
571564
1592653
683161
4330
1743389
3895963
556975
1519096
3567184
1643691
2943505
1186721
984964
7178382
1466391
204224
4184067
1202303
3750037
2741304
448245
4970225
4365165
2587183
2062700
1427797
1605168
90760
2502473
2462861
5898100
870527
1577587
298268
1363463
940753
6457445
1417722
2625329
1011107
394842
7839940
2142614
352462
3815470
1771273
3785732
2237439
2204068
3231990
1322540
3692889
4806981
661312
2428197
837603
5223336
4073082
1101933
132037
3740942
2105909
2602010
2321696
132912
3127988
1261918
1905139
3138318
1989637
1003727
534229
4240671
848386
3027150
5029540
1909277
395866
736721
4772269
276568
5294050
816704
3845728
3828287
2092465
684232
3346807
887033
4001848
2757741
650885
1656402
2104459
1357997
1878829
1998128
6737119
1307147
2631807
2701372
966278
2164843
6876946
594491
500693
4139751
8587772
6039378
1081975
4120544
1806537
3440285
420060
4519205
7978252
81859
3807378
321462
1450995
1441642
4330784
7707324
4765559
1895509
4117439
6879935
4607413
1154092
1897713
103511
1915614
2252751
676009
581455
1620155
1491267
2114826
649906
1863465
313808
6123995
1069023
815001
795201
2580176
1386576
1331481
2268569
1279780
3145002
2518511
1732519
3201985
453272
226510
2807166
3254107
1424187
2734733
3077029
140985
3302942
6879112
676810
2221260
4006169
4320806
744722
2412777
851371
246721
2131439
338436
2644159
119637
488456
3387327
4805732
1861669
6742401
1929366
2075807
2931659
7237466
5842372
636714
3404449
1771564
3719471
3603724
2062819
357116
4696049
1241277
77903
4781045
4239895
5032221
4241907
1863922
2722785
1685717
1084184
1096198
848702
3046752
2613971
54454
80882
1840986
1492396
1339037
982656
3705521
1398280
2742692
1609834
1907305
504134
5151552
3204260
1102018
3570500
223612
1086444
168679
3389739
1487681
809832
746932
137539
7146862
2193164
2641839
927806
5896761
3606846
5536211
878509
2473814
1645328
239342
4072218
3994322
1385396
6415018
2683465
1754001
6911167
6492203
4511212
1606169
986125
6810782
1976811
3666654
762036
3916247
30200
766168
1817868
3794017
2123942
2163517
633361
5843668
2290898
1363110
796536
1314838
3065041
112007
2921647
5124440
1228168
3006553
6736640
986594
214312
2953225
424655
2119579
805086
1413568
1236836
2333036
2370506
251479
144029
1010802
225658
1339275
1505965
4560633
1920635
274038
3465123
2763833
567676
3064558
5322512
1151890
1506991
3596466
1040220
4036743
6765681
5209110
3799419
3762282
1888489
3588497
1757903
678804
6493772
511123
2263839
2212575
1529823
985681
3708893
1475667
2183757
6745956
930190
359943
4576220
1135924
509502
3358801
2289471
1139610
7054807
378940
4088409
370925
578854
1513325
4080723
2098785
2426545
4649715
113086
4889347
1301622
452394
2603132
1507624
340295
7280249
3282567
1107574
726630
1996782
1773383
1041010
5457037
2369069
1354981
256713
2326329
2762159
6123277
4612854
3156686
1071960
8233284
5651188
675008
1124607
2459736
2978248
1248724
817262
2578335
4819835
470258
2492325
1003959
4235459
177960
2150422
6348560
4568504
5197989
5444901
490975
7818436
3586374
1323242
1287233
3096345
2594759
892692
3446987
369723
5948251
28992
2187680
5177455
2984600
557146
3698561
5821082
1125847
1018340
580371
7026777
4873817
2848948
745672
1558963
8022551
7034833
3802821
861871
129971
3908131
63393
2487667
4411252
2785328
507577
2880540
1443616
1422633
4307995
3342185
1571304
1362879
1490439
4268487
5622417
331445
2669430
1075264
4240988
2000068
1653792
92613
876332
2358070
7422514
1830836
1784355
1560365
222142
2681021
3155999
1778352
3602749
263144
1057228
2597334
5263376
1833703
3751798
1294981
1064445
3942563
2250451
5397732
7660588
8238850
2489020
3245230
7150385
6304938
3033900
1340139
3871113
6016432
2218455
3168
1295806
4009012
3172342
1203945
2981855
708593
1261693
1923694
1861475
1069201
728395
4087461
1676536
1465522
5485941
2931013
1416998
217539
1556758
3727266
1367224
4536455
5794125
2826861
3145373
3688066
1967355
165108
5932811
2385763
1714522
2395588
1498139
4435979
6639031
3557231
3665427
872652
471753
1042433
4467717
5545482
1772442
3379446
3424594
4732737
3436860
5668457
5318539
451682
3102095
1515402
766701
1703080
990206
6007567
2384885
4022840
4752660
5216118
4911393
318893
2034259
67500
4139046
2313336
5609459
1090994
4548757
7563635
2139775
4293313
638933
643524
1849393
4110725
2826015
5361122
2658689
5429635
6682006
5896846
1165870
1827053
46789
1342835
884207
3899124
3102870
3481012
1745210
2149813
5322959
3278446
4636278
2920354
810357
2898768
4805397
5484033
4503999
2606625
386636
48537
1123434
5913244
1539179
4477956
7694647
2673646
2216799
2474169
1701002
315007
2862225
2985563
1155044
67987
1288423
171058
1856042
2977351
6385316
5686376
141966
1135055
3993663
590652
40895
4401424
1319391
1213535
3717191
781051
3534927
2483359
1940500
3510958
583074
424251
1577037
2610841
710852
1194578
4172388
266513
3620299
4970954
1751336
4952485
2263552
826355
2948279
703289
2956951
5389577
3624763
66135
2997447
5019196
144588
4443124
7335574
5451592
1194959
1792732
1814764
7645261
5260167
709554
580528
1779756
3705094
1703547
6482490
5398538
2071425
4673934
5354141
372798
3607507
3712508
2043775
188351
677047
4590470
1842603
1715207
765464
4668655
4200852
522554
4973423
5157833
785654
484605
401114
301076
1431483
1676281
4037749
934865
819627
287011
5101402
186864
6388073
5448682
2787433
358914
4424399
4755031
1017510
2207926
6180835
6613211
2682811
4148787
236652
7085070
1265838
4184572
5238162
2841370
1027489
696657
2106318
4002472
1766270
3725468
896896
1856857
2197327
1079278
1207050
2910048
279095
2696759
634318
550381
3791540
5049
2256135
515599
2358779
1440259
3657743
423476
7692554
1008156
325908
4880996
2486770
3984038
2703717
3725074
1432008
4291289
1766171
1785273
1406225
2003526
5861254
2042780
4131230
3403256
689197
2771750
1357954
1697710
1668510
428053
4052906
3127172
4132557
4140498
1942095
4547163
53874
6577919
1824051
1251979
1839766
5324705
2955468
1377132
820617
2658633
1410701
89963
776803
3718810
7017366
7144595
3390389
2877207
37883
1254464
5193611
5689410
1669215
1843409
4397705
612765
1538934
3763448
338049
3002361
4688605
783895
519421
6542898
4278274
729419
2070918
138242
485952
1507731
5593891
760014
4214174
3838954
4049135
2733798
8593098
1216131
1351158
688369
109566
1920929
3808205
7188416
316659
481298
3744692
1866018
1913840
5252952
219370
2103287
2491736
2697037
556535
5233292
1117932
2206214
837324
1114353
2425842
1569092
4393882
18837
3896261
1618409
924225
1043506
1683929
1781391
3152224
20064
6351770
24862
2203718
942032
632399
4960827
2890156
1437766
5888768
258730
6154848
150723
2419670
2369216
993662
841895
1101826
3291385
3862209
2542336
733102
3509816
1625788
2489135
658114
751577
742926
5837674
444596
5883376
2330164
4530071
3360848
4029572
2942155
37161
2461214
1861532
528599
1590515
2438874
637998
4785360
3742278
3468366
1897706
141422
1946339
5727624
2263181
1422420
3773852
2978960
245071
1056907
55535
328203
6587519
2269329
2194965
809398
6811982
1133650
2967481
3170333
2199182
2027214
181769
5398664
1259429
166586
4447931
1889551
3441780
4817971
553770
961803
4917236
3281457
1914071
2245070
1663545
622027
3172136
2219500
2001856
1333471
2161288
2064771
315332
6184357
4278402
407062
2247425
2342163
1832659
408865
4098932
270089
6457332
1416442
195799
600226
5945670
7611309
945412
362613
82914
461771
2582481
975168
2638018
648800
7967567
759145
3580566
545807
2030820
826594
2056536
731870
3291859
2946510
2154852
811616
3804453
355477
957094
139012
5179779
4505
3818239
1029089
1109931
2515926
1695101
4835853
877081
1593668
215458
2792441
6429416
3375718
3921284
1594118
1131077
1106124
1822286
830917
2977517
3981235
97859
1466548
602561
186947
1698364
583569
1735848
2279633
831820
4827372
2069683
588337
1733188
301769
317002
1317786
4501560
544587
380567
3741196
6555391
2452182
1566318
851904
2582581
1967087
75917
6883502
1817712
5162004
5947452
1811683
2146234
941617
305608
1088223
3050438
3191994
1193082
725269
112591
2926069
1848688
1919292
7421871
1114307
3653431
731050
3507181
888024
839080
1259823
2230434
4942167
3403090
8523693
3382899
2743225
3996474
2096418
772446
4977886
1264078
6204696
3445171
2102439
699597
596693
3740804
2297496
1647861
113651
2382269
2319582
888187
1347516
3434830
696867
2130759
1485505
2549658
1035374
8379430
2976981
1599813
1438059
5420398
4500389
1347176
3757228
787238
3821762
942602
2613650
592348
3868927
2117305
1138777
1061617
1671918
193378
3218563
1086036
4223267
1969707
2672695
500708
4858446
2527300
6276895
2376964
63679
4297158
1318328
524431
90216
3924000
3267333
608048
2761171
1944462
6116427
732892
3548785
7356984
2284407
542685
2964310
2973938
5878934
1783923
2575207
2312157
500455
1294234
533253
6389408
139606
478572
602913
2579971
4007193
2564995
8153000
5810407
6244968
986455
6283516
579985
3070022
126796
2972915
2959693
2092029
2780383
2336885
4081064
92234
3084473
2737735
3366599
2426714
2168006
7095
553491
1926097
4688922
3519775
4361483
564248
1322906
260443
1744694
5637117
17826
3473049
1819520
3134525
1458824
6653152
4548505
1572321
807399
1096220
604018
1227951
1450428
2115856
2132684
2519266
1331743
1467953
851672
184813
1521338
4816119
3789473
1046429
3039128
930060
143961
667004
637735
95231
1275898
2981542
2511801
1212188
3832581
5324104
1598057
3154242
2321659
1859330
216992
3673183
1401057
2732660
563330
3808836
2982368
4096668
2907144
3493710
4395768
8050098
1920355
1823070
5124890
863925
3826443
4144086
697142
1820389
6765015
5882357
4311729
6679874
2811941
6381667
3919398
437168
1898946
1321652
3020114
386504
1151784
1053709
4439316
7113607
466571
3296913
1518958
3579196
1294283
1704235
4896818
4635828
3868420
3258073
5497415
1815460
897928
171935
2586409
952074
1903547
380976
731961
4636305
1256720
602260
2238948
741677
5330754
488053
3878280
3077307
2608047
329476
739720
4399068
397736
7457246
3160060
135191
885372
20602
4972756
3197555
2031751
4409919
1339448
4200409
620650
115635
1243757
887746
6547511
243205
588357
1321168
6108906
4049136
1831455
6855364
1710829
5311475
970657
3384146
1451558
2319862
5272306
4014970
901607
2924840
2763947
3723263
2242901
5100189
2169991
106050
4110340
2692471
3890145
4654983
56840
346768
1814819
5535281
627264
354014
1515893
84901
153226
6478317
6470603
826003
476903
84323
4101863
868371
4031206
1492958
1142457
5437315
4396306
4550974
3507873
4744044
614248
1190843
6382615
3932609
6981338
1410091
3366937
1487891
990968
2275513
3137573
2916667
2680270
1159372
142383
3741143
3320919
863349
120869
2721190
95788
1704182
1515657
912483
981018
3670776
396842
1285822
306091
30675
2452798
229842
391397
6620095
2846805
1985941
5522726
2047917
412848
204081
1245727
1527437
2444207
812952
1068158
337821
2893113
1916550
5366717
791243
3529898
2500979
3609795
483920
2949207
587218
456687
7653012
5087042
2665422
301546
545184
2825287
3904025
4416889
46944
1391442
1107861
369456
4736239
4859601
2590936
437932
1555431
2111259
199341
6190482
1766001
1479656
5098316
742755
2108617
1017889
4665768
18169
1518588
3988836
4544279
2200773
4880056
1203031
445773
909125
3556240
4420576
193975
2134616
1388621
253850
2334418
2849625
768554
1386144
1924690
5120506
2280992
2784386
3474503
606781
1279179
2041865
1936279
2227533
1542643
835538
4001476
6891564
3560632
1753821
3867286
3812196
592895
1883505
4337461
863933
6325690
1260379
6564334
294733
1654462
329880
4115946
9239617
4070541
2227916
6347543
2185234
2590047
1109227
510172
347040
3269047
1613697
628441
419485
3288099
70503
1792931
8515887
1579912
5316506
2108823
1080634
4563388
323913
2516063
1966987
1881955
4990977
1950682
2226016
275819
260230
1656892
1157766
1339411
274971
2237548
1490297
1852585
5882766
1926366
130087
2016601
217460
928875
4726392
2830934
410648
2200261
868211
2943363
2717614
868501
4400452
4581122
3146861
2113499
3633519
5245938
2190951
2411438
5618165
1087553
2024523
2530929
1555724
4069357
7500188
4985489
2760380
4515291
538148
3842264
887127
2288140
5964141
8740
2371898
1570477
32310
1997553
3211479
3418745
383254
2375457
4586235
1290849
1638229
2124105
4195618
614764
1427636
3207943
7712491
1986742
479022
2674154
1962977
5366631
1862233
745472
5958792
158512
1127630
6862798
2139835
623627
4073295
3681783
644487
3152005
2350417
4391719
1754207
2247051
4941617
2940325
5084286
5264476
1180997
4563702
32598
2825739
1256707
1551838
1434896
2320270
4824898
152097
1818280
2947708
2600219
1563995
495196
984080
991826
2049544
2169456
2414660
841945
1835910
2382852
1170893
4462360
4148089
3347372
3380656
119538
3422378
876695
3371263
116452
4537266
2458132
2097419
990289
727086
974253
1816389
2131412
688519
1389907
1125148
3532749
3903426
1909870
243150
2799608
259768
3940438
2971580
3092224
243529
623163
818198
4977831
389761
1864566
2735879
1976591
2047886
2700864
599208
2545586
4422484
3553444
2880370
1071041
1517922
2544988
3011094
903431
822000
4284969
1098011
152832
1802983
1309284
3595202
3576786
2525480
119199
682399
4778664
6455884
1849499
5246792
3540392
199781
1574434
1735185
703739
968489
3391224
1985218
3560871
207610
1519664
5903153
3467775
347903
5314024
5534889
2014694
3984443
740966
2901282
2512864
1640379
3718539
1054420
4535611
3150962
872117
4495405
2519599
743826
1791139
2319651
2109194
1860446
2155873
295372
4420633
2931246
437041
481033
1802958
3688218
1575034
190804
801471
2045694
2175297
3497574
4230844
5967557
5494930
6481935
1198457
5129448
5581039
522144
3710176
5142725
3830557
4291908
1551180
4312321
2030013
3145150
816461
4103573
3047983
3708619
31726
1565330
474801
2404739
5044064
3388941
5563643
199355
2143376
6184506
422865
320990
2906381
4370690
3618829
3322897
507159
523779
5449778
1079252
979687
3542630
2816250
3169361
2467388
1382368
4118880
5285405
1867011
4411087
3651562
1756068
347395
2692121
738416
1066076
3261591
1566204
1573917
3137271
543193
743391
2156689
5234722
3110950
1835556
7337643
2169080
686393
1145491
1831773
1599903
5499246
6303959
1382748
1083248
1635139
1111120
1459106
1868918
380298
397019
1306082
218546
2078095
4292430
3638535
1116097
1797442
6218351
1714810
2315
531327
4428665
41691
129768
310589
2151379
4520638
1806570
178027
2189568
708546
736301
799695
5443077
228008
2537841
1654193
327342
3200703
3606883
3589604
1541613
3629828
5029850
1031496
579228
1656785
5940852
1063121
742977
88823
446328
1174110
6771454
1749505
6373407
1418495
2259675
89365
610365
2226888
3479610
1553596
1550926
1412691
3567636
2043755
778477
3983698
404986
4817097
2989392
1578064
4011241
2364469
5747603
3131121
2430889
4955129
3263984
7450703
6141360
1809664
2300929
3763517
2889114
3444716
734449
1652996
4504369
2080314
662545
1929343
1813259
1186128
2132930
4480619
1491747
2507801
1188747
6958273
5271414
4321766
400076
3329239
326092
177521
6260110
274390
57646
2818603
3228790
283300
4285988
2629922
3344937
2111870
118381
1694232
917455
879944
3964789
5713509
1324735
5219542
1080435
2324613
3865206
2827780
347437
2264473
15750
4550672
466876
4692282
766701
340095
2902648
1089341
4411935
972373
150158
2553995
80280
2651322
4443789
6342609
6747064
4015905
7083685
6594065
133117
2866365
3470661
89795
5464936
4081386
233752
483607
467051
2716192
3626754
770140
3276524
2721152
1869548
5798557
1429294
849623
5683682
1976142
2429911
3864711
811591
1987410
752946
1766103
4476130
873781
1751708
3131523
976252
1061043
4409105
2352780
5333007
1418509
1068090
1343823
2583830
1567906
4434324
4106641
132875
861587
1041658
1111026
6826893
3397080
316243
4411756
312531
1156513
4128176
6527126
4992685
5821414
1214870
1623658
1396520
1635898
2578151
1910303
2682780
1491722
1897795
140144
2542218
6637524
1070508
3031293
4754161
1762001
2215475
995057
446742
1543185
715408
3239270
2254055
8070877
3573480
1817460
831025
1090700
2406221
846500
90962
3111607
3282438
3626005
1426004
925812
2619752
1158628
3658820
2378956
757811
3839516
1111475
2026705
1937388
9631838
197768
3402283
238745
756578
3019579
2997937
790723
6885228
3655257
6964558
761466
4179286
258932
1510325
97346
2468680
587338
7644903
17033
35693
339416
5365507
3773565
2514184
2148841
2090481
2052615
1816145
1294467
4885745
1337968
507430
1418534
1256577
3543456
5058797
173408
1073212
3134517
2473936
659110
4885176
3789397
1799056
6952098
2591611
1295097
4101339
1160728
3516555
2259308
201682
818482
1305286
5540736
3360067
1482781
206496
2465578
2532074
4784481
3792260
413116
2926459
2687724
3705136
2229117
105042
123617
1437342
3062379
664939
4443442
2698923
310239
1067966
216103
7747185
729892
3554637
641685
2125531
1648176
1367104
4077225
5208424
1164182
1643174
6464923
3456214
2041060
44606
6670549
5817492
1384915
5095843
3058596
1667232
1486961
628589
4984677
1121087
712073
812206
6563654
5379117
5348798
467692
769559
2545278
2626228
781572
7106580
48099
86783
2351718
863228
3119675
1475923
4672623
812509
1742026
1866353
1696545
637988
2510763
536358
2850360
6150519
493794
2333844
1677638
3871219
7521741
4941727
1113689
1718955
3198441
4339499
5041909
2202872
137182
722439
594615
4155513
4168068
797344
157755
6642455
5618934
3651086
8623503
3096
607194
554603
2204487
3407137
5340116
3420606
3448012
491112
4867516
707019
1245874
148889
3169541
101262
825220
3314745
171476
4602864
3309142
1473553
359539
1879542
1667187
5289649
4700325
3873348
1601127
1296158
4010994
4435557
1676590
1062831
2293240
746349
21519
7862721
2088033
2809611
1376062
1197672
808520
6593554
3098947
13054
863757
778350
614728
3707301
2602694
1853199
2468617
3143632
3439027
268350
4788613
2361305
191158
1178682
2107857
1395187
339733
1828288
115335
508315
3922338
727450
6149053
732170
4066034
2675902
655489
2924867
5625223
2011750
2301563
1852179
589987
1254868
2930693
3388002
7723862
2219091
813189
2516924
331588
1385682
1134270
1803454
713363
2216448
2101053
3804371
605660
1768306
144259
1736193
2424843
3584975
3780579
971914
7658465
163707
2100673
3821106
5790615
3559549
3858075
3301157
2209161
2958001
622282
524515
3125628
25643
2519636
3971775
681645
6676830
1304513
1702380
3962989
5895003
4011377
1001546
969626
743585
3926170
4308062
301600
1544291
2964226
3648815
6142879
1899316
456998
2680024
854341
6249693
2098275
2316785
969764
4576469
4659021
3946576
3505540
1549730
856147
377853
4406530
4693538
5223998
2357460
5451552
2771803
1680808
3511254
1571292
30428
5497532
801437
3697180
741459
2494232
617658
713834
3440481
1387450
4077079
1761666
6147719
610583
4229738
1036141
1760293
1155704
976032
277990
4137484
2289707
7820530
2427034
2215881
878915
1931858
2386068
3501186
307450
4172247
6399645
1614409
615799
5084487
7758673
5457173
3360263
3779194
2348272
1832800
3782669
8422521
883147
676162
4806380
2079144
3823953
545740
2677581
3810749
4021294
646226
663940
2117474
2103718
2175150
43708
2692056
3313900
1423341
2238892
4634682
1910817
1528081
3274230
3427412
604499
4778477
4777392
1351016
2253602
4472550
683792
3402045
6690308
1539071
843840
248598
183410
1784675
1547447
3262182
3202972
1731406
199545
6687609
1695338
1562865
3831932
1188119
3373714
7645793
2621491
602124
6873641
1384301
195877
2405042
3340387
1520299
8228154
336347
908909
1317001
2795633
2511964
206547
3320837
5236511
307813
1094884
3904203
245563
3793315
499344
663694
675980
1822897
1085263
2868967
141323
652662
63479
485699
6826334
2159148
5882893
5149510
58793
4264753
5707968
814387
6774476
835813
2142050
165713
1110905
4150068
2988231
2435067
2654956
372546
320019
287741
1036795
4656046
82850
980196
3297133
6292597
2654278
536795
2565334
1159870
1067043
5899714
3723631
1435274
5408367
1291939
7658031
4843180
234457
3483563
388193
5703024
409103
2182672
86874
20183
4474584
1648656
2658352
2629523
2054053
2374665
817874
157535
566834
686500
1167713
689597
7111329
7296282
593314
6898567
1606703
5557447
538854
614697
1702156
6946188
6745689
5374513
195769
228609
2291786
1594841
261448
239770
585371
394541
683646
3197115
193909
1462511
4696224
3881623
331374
3015494
2858951
2392363
4427425
4824100
5416144
636305
3182831
3583331
4655317
3011805
1778503
2208690
200120
1656358
574964
1488265
243024
4156017
1707063
471925
1588351
7940646
5951748
96312
1845326
2291811
2456218
4490894
6351200
733519
7785566
3025382
4404743
377220
2640227
4879914
3580416
2735106
265370
2486014
5038201
619061
1032592
2423859
1673480
4320071
617478
2023288
1574724
2604164
620743
2750061
1428628
771888
2266529
1945171
4556547
5084582
435923
5733871
3350030
570824
6736524
646910
2365275
41971
1404700
3801255
966800
2603143
8181716
7670471
2283638
5311368
1052472
7864287
3913864
3787599
813890
6627968
3858807
1453470
6139055
970926
855270
2561455
393525
1681945
1744858
766409
580942
2100733
2301197
3255435
3087665
3468948
1293019
273014
4571887
5616129
1911605
1574517
6317675
6212639
5760833
2042514
4581221
483772
5225810
1728819
928162
3235968
750155
561941
273440
2724603
1337094
2852000
273573
2255230
1242564
5299119
2684460
395802
3335456
4828207
910105
4486636
4946030
5656921
540005
888949
343270
3157538
1471683
2051585
3278264
266156
1892898
968827
3449108
323546
2834841
865559
5271748
2204301
1378993
2390383
4918117
1702499
714591
1344068
7785938
787456
146809
1073456
3509055
5218292
5524
4879477
2794750
823733
3139168
212539
472550
2895692
320619
3104114
1402797
4757996
1811145
3324226
3239842
6022750
1428143
9270705
500895
4886967
447741
3262494
437536
3723665
495943
302767
7112097
430114
3278439
2183920
416138
5342718
3908355
4098346
915195
682886
1467241
863697
4271258
176665
1823434
686899
194151
1808981
5188876
309306
633782
2619260
3720516
5005806
880165
5129838
2018231
260683
527982
1265431
8425804
4443128
1751805
3118070
5031746
5524897
7313802
5181697
2036318
1178147
727954
2087520
1904116
4003625
1536270
2185539
2411958
2735304
2636913
3753938
6837437
5777130
1115885
1290077
82141
4024604
2881895
1235086
4075683
427722
1864531
225180
4656271
2927431
1863897
505482
1571552
894924
3538802
6913061
4613076
114568
3274196
3531423
6395530
4695455
5848731
3306119
527519
5393931
1836712
1996503
2840956
2150868
653403
1395349
2970721
1444144
653148
979437
1615000
1463483
66364
6457171
441080
180066
420665
1561426
178264
5715302
2585728
123238
1245722
2329357
1093533
1533209
44693
6133285
1118617
1580086
2300512
3412810
850697
2915955
2782179
2053436
1009403
1748019
2842792
4327392
627884
3440093
2844699
1570523
1234690
732088
5792968
4534740
876328
3794922
284165
531359
4837632
1111518
940728
493946
1835165
736931
2634161
1141630
3372
300785
5068390
320903
7172096
327869
2729656
5846925
5633480
2884543
406874
5278260
2866960
1283579
1827150
3262509
4409669
1136838
6887539
469717
3478742
737082
853808
4614318
3686210
2145196
171683
2297993
5709708
795848
17887
204502
5701280
1975220
2959598
2331429
615527
2161313
817870
7236975
3389431
3598925
951696
4337085
2869722
4296950
3940439
648324
2298549
101830
2636130
1905000
142839
1708763
6052984
5335848
1303096
1252177
1222479
3795595
1740076
3001549
1325830
2255446
3523746
1715521
564555
793821
1997454
417560
746425
2106763
637899
4847874
1611693
3462868
396900
229416
4824710
2172361
387885
1209165
807996
2384900
444378
1317421
928500
213149
5128689
247403
2148678
3477260
271077
225195
1598542
3080836
120582
1741318
5454580
2728510
2632721
8665028
996443
4601637
4996149
3936588
686320
3804850
1139572
1510091
509784
7500756
801020
962211
3017287
6812222
1851308
2280367
685669
4418837
2385710
34886
2984502
478445
3336116
992892
2543933
3255187
1461563
1923211
2615733
4802418
6136666
2186001
1566677
3098879
4961928
4828221
4415659
232690
2307671
1092606
6075249
3028977
2494410
882641
669341
1282251
2011549
1054036
208765
2168808
942842
247530
102122
1465220
823035
1897523
5705847
3596609
5584181
1255806
6991524
178706
1972186
1348673
4705382
4181400
2108831
1121298
576450
3758239
2419319
3057944
2098571
1372832
1292506
3609965
2482283
1091677
8145379
2318637
5893736
213897
529092
179538
841980
242219
3712676
1598529
1055914
979305
7359116
621845
255229
1616554
2345084
1202540
1337592
508458
3997831
2801628
215429
150472
2070266
8742285
1540485
1716237
487208
527300
3140773
2494220
198755
7628276
1391886
830795
1082413
2304490
1770505
2111086
3451897
2106419
3701882
2099005
4934981
2791565
4224806
181363
252080
3333664
2970668
351041
4803396
796379
1280388
4403032
339378
1842343
850597
3804560
981295
606743
4999751
1247292
7109796
3238001
484854
812539
232100
3257243
4670586
705126
1069549
2259015
2356941
2074169
7098265
2162648
2116033
673737
4254425
3811890
5614607
1627192
1019531
6763364
857559
5251498
2517782
1798404
5340892
3146350
5776099
1760923
4745568
364103
1776422
4777412
3961774
3597979
2479794
2205642
986330
2834823
7131401
1966694
3418822
1776124
3928991
7358324
274127
3787393
6447150
6083929
189991
2962806
61767
3829660
1953806
658451
1203015
2027017
5562331
565570
2879091
342332
1913884
5859187
4557998
1369689
3292195
1031704
1425843
4636931
7209665
5664445
692848
3549303
1986455
1859067
2146089
4803985
4523265
300309
3631566
1149435
2919227
2522908
2323592
58633
1936628
3730335
100338
839206
4253332
289538
3119665
5524490
5319326
2413185
816208
1893196
2809035
2142549
571271
317108
1946409
2043749
4152855
3974890
1728419
814785
1378428
1868531
9145234
3560047
920475
379834
1031893
1685322
127222
940888
1540846
4745995
924254
3354340
56281
284028
2425923
7250004
4711472
6241508
7709058
1352850
2191385
2660753
878080
1610946
2806795
5263826
119962
1415105
1232680
2193645
2482622
4908669
3513947
992950
3979154
2945073
1280862
1521951
5747836
714201
6571151
3812150
1014384
782448
942750
4734868
1677523
39574
3968910
85062
1091191
418332
234092
635011
775789
1377850
3613674
4561846
5507329
484493
25126
2937963
5971436
5500421
3620605
2894015
1035796
782703
3634947
6451366
5807129
1570214
4914878
1351680
4138088
2761597
70126
2655880
3308486
4525801
1034640
1022582
5327640
1013099
3210383
4269626
1016774
5962988
5775465
58173
6419028
1044014
4977466
4443758
1510710
536840
1983898
1738099
7359798
1631839
2540536
3928543
1375234
2507042
3901073
1080301
220006
5048801
1587352
1292261
2612258
1715212
2134241
3012823
6154707
272377
2695816
3150091
1031743
1997607
2562293
1138532
2477277
2721775
90790
3231747
2035284
581276
2779489
5409662
1908017
1726454
4085441
929973
2992957
719836
787841
881342
1846609
2209639
998880
709479
3488031
1550144
2483033
633758
6888409
363720
1428937
468886
1454826
973767
6019014
6052675
6166990
643361
8360472
1710886
4599121
248447
566342
1407633
1012140
2992330
1212983
952104
90144
411549
1364753
5364127
1986930
811373
3327234
801881
4048131
121688
3040670
1848796
4378151
3712717
1282390
3537391
2092711
3040141
2232020
3541506
5244670
2258835
2927561
1547514
3161308
3926528
101924
1786288
4623505
2699853
7722638
3206230
2063056
4877963
2083542
1040742
5896176
1270037
2855586
5612446
260584
1130165
2616022
1182425
735045
917581
1050645
4285964
2755670
3515110
391316
4011158
4893936
1074464
1383906
254111
3850226
217
377122
3346705
2252022
4052767
217958
2281379
3923022
491831
748876
653706
2285676
743741
6205128
1208799
4146224
2052001
1879487
1072581
5971337
4671204
3622663
1054136
3344826
711398
3930637
2746224
4077861
540370
1311960
848723
3330941
1540439
3097051
3694979
5474239
2786524
2653673
3928582
1883487
2166147
42241
4626534
1178980
7323838
6498114
1371138
4760649
232229
3418582
2315925
1118932
764710
764458
1372956
4415313
1914098
4066849
2913759
2641323
194596
6112497
4887738
1220333
2329029
113498
338947
190250
2118714
470512
460740
2997685
3083965
301714
1910636
3757685
552790
325622
4336309
3573705
677410
3491473
265973
2000432
2402307
1841899
3262875
3413753
5062267
2205672
1064601
2146552
2871066
507464
4348966
2094035
1363048
4687401
2887268
1805225
840189
176345
2206034
6803155
1644635
2077966
7106186
2369916
825188
4565385
3030378
331387
6012375
3281142
338700
534119
726815
1555019
2431112
218957
696147
2867063
3017054
5163652
3178616
154840
472041
317082
2256098
1482185
7161947
1234544
4274286
6316847
684311
1841324
2421754
6390339
3360503
52102
1386183
1578536
1765354
3277276
3621189
4876205
1008342
3855448
234661
1618872
5391980
3425263
2880640
4657373
3340437
2261283
2897598
1016206
1056410
2243786
1264382
858137
4804605
1216039
1161063
126556
96191
1479983
1995523
665738
5786710
260905
1883202
783902
484729
3688908
2094791
5812475
1457543
22118
3242788
2560440
1042932
1966403
6202172
2288270
825368
762583
2666250
205682
712812
1807454
398697
2755130
5108669
33361
3766145
363390
1872009
1116980
2435792
446825
829261
191528
2806172
553304
4123218
2855464
1428515
5407786
2267662
1827300
3479112
1208259
382851
2203507
212255
1552067
769288
5824798
3325609
2948570
4625021
4819229
245908
4134070
4692595
347046
3892129
2263208
3694549
402561
3608433
5101143
4969969
548863
682131
82477
1780332
3349405
2649444
2738814
631300
912082
775156
285899
1350982
2583089
596351
1743743
6084507
5030192
562323
4952023
5388345
2999103
1803918
1498082
1578915
2577045
1504714
744367
41413
2106199
1716365
1790611
908324
5271734
1363833
2981059
3707501
548970
2556170
2308367
134732
3032517
4633398
289715
5591974
100048
3048812
2477073
6156552
3853126
933388
1493508
395801
620582
4654655
200242
1131485
316897
4066780
899040
3137857
2254569
2618654
221583
106476
4020644
4228492
4988899
2708697
4740258
981765
545578
5418124
898380
4517838
2940044
5143401
1388631
1619093
7197493
441176
72029
5534063
888379
3470891
2600717
969381
3526640
342519
62950
2911148