5508713
4151600
7315750
676284
7873447
370483
2638105
1085515
7079680
2259303
1279367
4698116
1339363
1946841
6015909
1334444
4701696
6230517
641395
684206
5293947
436755
354797
4100426
1459255
3473788
1000163
1303100
2547676
5701836
5001035
5702269
2973447
622306
851013
1451581
1989563
1884038
560694
3832874
5606536
191228
216803
5725278
6356871
806180
533978
217085
4783686
2728407
2659955
329146
2789046
1412426
765467
996672
2417296
1299864
463392
4047962
2422738
765408
1048751
3628336
1390120
1223997
779932
2105460
2427459
1874478
1333097
225472
6679212
3523980
2189663
5459991
4814707
5400297
3392620
233992
167140
802304
3452093
3083904
3082656
4274817
911459
4642722
7082456
2406837
1856184
1376937
5069248
398893
3101641
487657
536635
3127569
6356460
154090
1387902
2266724
2815190
1222735
373310
983268
4489369
2304947
3383041
559164
5877419
582871
1493533
1279957
718820
3165574
3288943
3813845
1479432
1326551
322755
5470703
2490683
3101546
4500932
4150016
2559622
22402
2379724
2552243
2576453
5856266
4618633
2906497
4908456
2489872
4809412
2339886
1565235
3408047
1295870
952318
651242
5999977
5036271
3008066
5067696
165125
2653953
2886659
2786390
5715073
5191927
2312413
3164884
4699836
1050962
430429
2088559
3712677
2413464
2145344
5874672
122314
924975
2382659
958194
2032836
1044328
2445692
1250518
5920515
6417650
1382351
62113
658192
887222
1684376
3496851
6254909
237904
5098059
1934776
5441583
2138272
400980
423041
3063447
2174886
5358555
5894069
6958277
928421
1970967
3293141
3751160
5438213
4872247
1341099
2947925
1152012
2448501
1703160
4723202
1919356
1319007
1045063
309025
1034282
2426978
159234
1462744
3890566
593247
181016
1822555
3940200
1511613
161650
2513746
1279321
2149813
7544731
1895602
754128
131614
5630006
5678901
2501829
421736
390678
550805
2680654
498617
2390703
358091
1417604
2191864
501971
226352
1336880
3314219
1195560
4178899
1167958
969073
402258
4709352
685884
3484035
4655526
1944783
2166821
2552015
1047915
1090110
3074229
4194507
2222923
3685801
141711
2608127
990119
2375502
6090327
4782302
1920652
2225592
3482288
1260803
895336
2328425
436271
3161390
3592417
2260099
4370615
74882
6551495
4111990
2573623
5345974
1679143
4783639
43034
1000925
3521447
4940181
3295655
171311
357721
4295020
914190
2200294
5647992
3391826
329620
1098180
2088798
3875765
4392627
224168
19474
71364
4224862
867698
1212600
754619
661718
2743079
689292
2973451
745719
6293
2403837
3732162
3660773
310550
1540577
3309883
94195
2315754
1348056
3278407
2872118
6412616
1011060
905692
1293003
541595
534152
4205052
3124970
3217656
2756132
109714
579757
2248262
2340226
1167559
128318
2326602
1731354
360711
2315106
1235704
4718472
1127690
3354763
4083117
1049831
1444520
5133621
4518271
491400
691838
3424331
1409989
1973469
4659991
1437322
460161
3970186
581966
3337132
1985110
4475315
2395846
2001558
3677013
1011421
6381828
493163
1975553
647318
394518
2044918
1332548
193532
5718693
3125601
587533
3048724
4360403
1272159
466031
1713599
4178034
574038
1590052
544341
512667
8438020
4796178
1695967
3427629
8458931
905195
2357336
134472
1963929
1727742
2750206
2036875
4166798
234684
190665
4150651
7398
3479235
1502188
1282968
1431402
1996660
2863920
433119
555008
3579393
987629
721115
1923119
729691
1538691
2078904
4074002
667968
349733
2877611
558823
2663260
2139245
3149198
292334
133312
1515591
2054548
610883
953228
1503600
3713916
2454198
2676563
4333867
2779834
600892
581496
713151
2925108
3163330
5713166
1676944
3606164
4171625
2796184
2674500
1328753
1602714
1394699
4147957
4151925
2559595
3883659
892725
4132014
1422335
6019582
1844906
850098
387810
1517172
4849383
792684
874306
59689
3342594
5285594
3324598
3319289
1454194
605079
5855801
447795
3319506
1243604
297331
1350816
1092501
2315673
2876374
2858161
4674003
3491951
2352672
4432116
1835583
1269494
7420882
4339806
496403
862889
756136
4832227
5091371
3188485
3651049
51804
274730
10873
2197235
4406256
1013357
1264047
2897444
858793
2770566
7273637
3551938
881865
960519
4111771
1800806
920410
3888755
711311
2440457
708052
106359
1594947
1537364
6695371
4899934
1031977
4421858
587174
4662414
2388986
1681006
286179
951399
126352
254237
3348374
6233336
7843132
2144734
756677
85355
1318710
1951113
2691141
4502622
2818013
1106631
1848299
2946615
5894878
1053820
5425702
1412999
1203408
4837838
4120973
2323889
1955511
6260538
913536
2004399
1294906
3577570
1470785
2241991
6004468
159271
487063
491045
3041833
294038
2290313
1755656
3933170
6458695
3111065
607035
314481
4785009
909361
1462039
1433387
763204
1091875
1042291
2381037
6013489
4384903
2187544
727353
635675
3359265
2157242
728764
5899887
2463068
388602
684616
4402543
1004478
3257530
351830
1442975
2819122
4477069
2785985
2049283
809351
3395184
4956468
1995392
1314038
649997
7895
605196
4477846
1412470
3582970
2613996
5812934
520124
5283587
1674421
1615371
1436413
5009205
121411
2252003
2383300
1128072
2746510
1002945
566194
1734520
6966266
8511104
729157
2823758
3001111
5306903
885450
1701389
480138
292596
1761193
2309387
1516914
369987
5565881
5363833
8365101
1835524
5820802
3967646
177462
2554731
556904
4045078
1459242
4703320
2636668
540550
7577472
918037
1607797
2104935
4501556
4305881
1863385
5310874
3757401
3614104
945844
350488
2970357
1147111
3315362
809652
1256453
4009701
2970787
3884505
7025312
324792
1431669
3203540
233329
5994758
500855
1029621
1145650
3003369
7560130
2206422
4589788
1204186
2438814
772088
176407
5375448
6773752
3908182
4976123
1270533
1184476
3955819
1816082
872777
1287104
6810409
3784379
53757
1404305
237171
2497651
5722124
256734
2113807
2900519
2493214
1473291
3503189
2204061
4331686
511811
4446979
2482012
4093102
310340
3909499
2081194
2831842
1688950
5682770
1086843
1103338
1638264
5262700
185456
1665433
883363
1595667
3199078
490389
3221891
3008337
2712240
7021350
810620
2751092
5478998
2014472
5071368
1319623
34812
1767598
400606
484781
4591316
3392030
2558353
1795619
954773
4317943
4916289
3779868
2875715
1782732
1225940
2947795
1472831
4039963
2146619
1781904
3869706
727211
5563070
2890041
2567110
459441
2442632
2562150
806614
540271
1648599
2513498
1115492
7126881
4085302
210995
255239
7746761
494648
3310773
493049
45699
641956
1599206
241091
2348952
7265092
445192
1955041
1495457
3283888
148006
2967262
6104102
1961929
2356975
2695984
2268302
4035993
1267183
1014455
1176800
1875279
1202046
495478
6388199
2388882
734069
4599231
1821910
858324
1338629
1993656
5710593
2187096
325437
4711598
2792060
504024
3112119
1052047
77208
1434305
2098512
3604438
1550600
3552724
3034356
820209
5652701
2823319
3635904
1557906
4819809
2698384
3014429
4190967
466814
232137
1044087
1622905
6994330
2829497
1982643
1203950
1541302
1143794
3744911
1300433
516973
7587952
341510
2839284
113353
2411591
3409720
41026
2661952
1081742
1201840
176208
546823
529135
2914271
171708
5772569
845981
5361533
460186
4188226
785066
6260171
4835021
189577
3006563
4927252
1274197
1696689
2703792
5024246
4766858
3106296
4301307
706751
430077
2442688
3307000
1484848
7677548
589265
2458524
1786249
1336153
474222
6435
3771607
2167227
4688433
2236999
956140
5979954
3032703
1977515
4104571
4374033
318968
184504
5831645
1769891
620778
1190591
3574242
4271925
1609284
2176896
1107437
3424362
1846859
910333
899463
1472554
996915
1162558
567706
1149143
5341010
3564705
4138571
6112525
1804982
7033025
1408849
4720945
1508037
3265639
747374
1470524
5238932
3703102
3530611
2842230
787319
2298873
4235077
1257800
5004485
1183365
1068700
794896
658205
635028
410816
3785840
1608679
1129646
1667326
2156980
4136418
382215
680907
1895014
1073286
1840948
1984900
4182339
1492077
963533
3881599
1916181
3885301
1124167
67038
2680422
2334502
817441
54633
2344494
2897578
579605
4823912
169683
4253133
4750240
4282913
3615927
6239428
4592934
5586680
406722
132986
4450592
882799
168305
4273613
741335
4450509
1832001
1905037
1193461
81887
1761734
6481941
2211242
2771554
240469
1246864
1611468
1872791
256869
5562687
4118995
721605
1454490
4294060
914522
6321201
2855369
3337937
299522
574365
1584477
632650
278983
3863505
792496
1892117
7079756
1832382
537932
2045679
1792911
7240273
232356
2712201
1804263
7286484
5462972
335069
2784244
711902
1762230
5668865
880498
6048725
1334565
4431173
3719590
729082
1633648
4453397
4080451
1909949
2487929
2484653
6134402
174584
2625014
70936
4081433
1040484
5128188
3831471
4118928
5054827
3764829
2327246
176180
635600
1585826
800548
3375702
2291865
7073322
3820693
2480725
88443
2656091
1312991
49268
4125871
5091359
858106
5515231
1237210
569314
4929018
200306
1206637
2982072
640502
3443359
1802137
1991279
3082701
3893479
3489848
2855547
5554685
3014165
5287129
253452
7765364
1256524
603934
1359089
105179
1855879
1103443
3367928
502551
526799
1929183
13936
6379985
4374013
4783711
208535
2026498
993401
1195998
7307141
863314
3061668
7249423
584061
2747553
85498
825641
6683648
1942823
2330485
1088110
317849
6448491
7906094
1906741
2318608
2023290
4796294
2351884
1693062
2057322
1474231
1075829
1164245
474589
808853
1208547
2533884
1319736
3805323
4672065
44870
8846314
1902709
7824
543124
1797759
907009
596892
306190
5874805
391756
633379
3550240
2247366
6876873
713062
2532100
4288921
2150485
3492877
456453
150040
1180970
1459826
3332751
4979208
1412225
2158905
2834127
5853986
2528109
2483743
660954
5118537
1485939
2641146
5133362
3210439
2284386
2006143
20293
3375660
339555
2060337
2152733
6407798
265170
738102
541438
8787783
7314522
482912
1672127
703416
4240734
451676
4145024
1524844
452758
4655014
1487372
3102538
3209970
1103885
2354774
1730686
3231387
1722899
3059253
2605430
5635994
701598
5753264
2863361
6708296
2875848
581703
2685058
3868416
1290777
355557
2783020
1779554
3707982
4341106
5359183
2074612
3872318
4193420
579739
2462637
2333610
6325373
4321511
2822929
4860387
2671892
2561853
1584223
5571976
7732763
4325370
2949305
3619956
5367129
4625326
2060002
68565
4395885
3136990
885972
4445724
671196
2617471
2272131
3454046
4381744
4267822
6276849
2511947
6022623
704585
1341623
2434460
1606394
1777454
3600634
5141220
5049520
481917
1701944
5900535
841800
432113
899385
6369779
886843
5492567
839301
4616781
8939842
2714414
2396907
554910
4524810
3085436
788367
6195315
1075980
2877235
1718899
2473769
2156370
5985003
721373
1732873
2252338
6495727
774254
2366222
392830
6325135
1330646
551201
76155
5559505
4395406
5242070
2936521
535427
274140
5652707
4207602
4017913
2874381
4669614
6754608
3251882
3173279
2527379
5288113
4269232
687312
3957910
201858
7969487
6095555
694048
5291798
433188
2252775
4737312
1696704
3614531
767155
1795665
393989
253434
435597
2282558
3216309
4364126
5009772
3420330
3720267
3535269
1021037
2710302
841386
1656578
167516
3920954
5444053
5756444
1039775
1325981
5874630
116591
325461
238733
2304858
3285826
2758281
1697748
1223754
1019821
1314638
1817386
3470652
543711
3988657
4229633
5799809
405464
2036191
4464138
8327559
4095831
5459658
4628520
3998778
7056421
3369627
309511
2123635
2136804
1436383
1097781
1540317
4048854
6839
2947561
1362859
1027252
1383919
786405
3952671
661520
4871391
2564243
5425561
2705259
4715768
4327925
116411
2291292
1831923
530641
1882573
428261
712854
2871713
778743
1202214
314757
4400643
3776150
7049221
379172
3798801
1246261
2834803
1388700
1721382
453969
497754
4231004
2740524
1740419
30240
1513748
973181
3870022
1630711
3495689
653606
2944122
1792066
2668837
2069603
4776960
3261725
1927009
1792948
7447843
1040044
5967792
3595098
422628
4538019
5878171
2884044
1988795
1609214
1885161
3497559
815486
4138948
2446907
1484575
2724204
1581843
8231809
3777624
1176903
3317264
2091071
1408015
475322
623193
3197127
5059971
5160608
4217011
3159135
5686700
2945940
5102033
5636009
223043
5811049
732203
592219
3549374
3217019
3380205
5114989
6137051
2646589
694140
3603022
1732690
2370444
718983
507869
4212014
1968037
1178018
1392682
208196
738819
977729
2423516
1195357
233401
2041545
164524
2848333
3369379
5402328
556746
2905580
2229626
188910
258566
2172589
4755734
1253626
3207902
5244708
2499374
2493572
2332435
1406911
766269
6012535
2793688
450973
5433199
1487000
1736374
1817924
1178925
5454380
2475017
7511657
1531110
2345665
2172344
6879834
3721245
1031043
688919
2934343
2021144
1899723
4988792
8118166
1076509
3231846
2090679
527063
1748400
3012210
1142893
3010081
1246707
96492
1201247
4314360
7449120
2490104
1968496
30186
1758181
2665563
1894312
939365
4021527
3353878
1070766
1867211
1466935
5275018
2572052
349939
1472208
6032638
2441090
2695811
5536500
2540964
2352339
5620924
7309049
3140310
4672489
2039119
5317120
8790182
8318814
52791
1438561
732664
1261659
3072447
2831985
3194948
3805586
3525552
5510622
7372372
2220379
513511
558759
812138
762534
1391334
3254766
804014
765709
561418
1041855
1717150
1355736
5467619
2037867
4969159
718880
3203238
4205664
6161734
138068
2629273
4130477
4583943
1705783
95857
3839315
5474
4999950
3521606
608273
255240
618046
747314
4608918
1499615
6702750
2652318
1682270
1546084
1740630
830449
898921
2260065
237188
981619
7713042
967935
1340217
1192405
687642
1716796
2372645
3134552
2521365
893313
5132702
4032339
502237
4845514
3311756
1753041
6436201
2735522
170513
235566
23902
4213085
578430
6810130
5823119
5796271
6816990
2804190
146792
1279546
119854
1272164
4064412
795815
406077
5028841
1217326
2025471
5230283
815366
3849760
1151040
1736757
1192588
17505
181028
1810313
3038404
4925090
3574296
5532689
1862761
390007
2810132
34330
1201584
4145447
3888175
4797497
564534
4166310
796566
5624710
3585373
3901548
1234735
756432
901032
1513242
1274443
3658
1709277
13184
2904462
3726790
3114749
574927
745709
3485079
2828674
3226251
1674244
4346824
1979256
2432135
1679801
1666255
3225502
2938711
4890304
1962659
2191024
1456137
137807
6369090
2336788
4033764
5374969
708812
2617873
4018441
2232028
4390368
820208
4988866
769153
2931238
2253569
3221209
2094293
6086119
1913548
3079223
3708439
7264029
2544120
1888550
1587024
4042920
236514
5126347
7389635
4308605
3794689
5243330
3695186
5127070
2075580
469146
1456675
2831495
954911
2356868
2813359
7657
6698076
2570759
2382156
2746752
5264474
1285945
3857983
4310658
4655296
439847
4092811
819312
5219122
71141
533173
5335025
7853700
1516466
1666189
5216715
5166117
344777
4586359
1480629
163831
5049397
444984
3335142
433572
3961260
4668364
4294754
3904371
2572312
1955652
4207107
2378053
2426924
2792636
995567
1613507
3982364
886920
3703468
5853960
869410
5264811
567159
1006392
841475
7299134
1750417
165158
3716852
357833
3661605
1579926
3850814
1210478
7860046
2450865
617967
1354966
4866200
423303
378897
1745853
3245599
52189
1876147
4347891
2915688
281722
2523203
467893
1295648
941112
2388375
2702373
2065822
4080830
5910213
153361
3417491
3492778
131556
5452444
2563585
6818514
1317706
3845655
2210118
1002102
1785454
6159774
2534037
2552999
4364806
1326775
3383685
3877467
2026878
1914765
4525208
4510516
4066614
1457231
734852
4774056
1083921
3808095
517547
2867356
2443642
280403
1583664
5300179
118957
2311089
780482
242186
470425
2433755
37986
3603646
5919904
2358067
2580414
3022957
1118367
2957901
1942898
2394754
2767213
3234814
7575851
2714592
1501969
968429
5363653
751335
806793
6197617
4019895
1652348
3320670
1916612
640442
3861659
2495547
4607368
1110297
272824
1096589
5052911
840320
684938
2598866
6496434
35412
1204107
2952163
775069
133087
1994452
5894012
4741383
4251551
741628
2233517
496185
2314564
2785436
6464290
1361443
2169571
4687833
5935261
2973468
1847988
1907820
265610
5793069
287029
3043901
380343
396631
2080960
3775780
321455
687033
3865624
7356516
1754299
2471630
2213667
880444
4292634
5456406
2419058
3615359
2462101
1320947
578480
382794
1570351
1826070
4574372
1699103
1060691
880502
3998035
1793320
5314824
419168
670184
4170656
2172140
1263519
772172
2131283
1616090
220347
1947427
2213611
2278105
6031347
3459177
821721
149389
482464
1394226
917454
654943
3777796
505192
2062471
1028898
763092
4596744
5261985
2714791
837387
6534072
5267022
3745788
110282
3982538
1283237
719535
599247
1111249
2380820
4834247
222211
1545081
1521132
3726147
3338829
1328564
608254
1755647
3348797
554702
1570874
2125340
1463297
206849
1853775
2826720
2106329
7230891
517135
178026
1261683
3451935
2548024
1188344
4775135
794030
531759
1513408
1642471
3187850
5631026
2169612
1913535
3644342
2091704
4259434
294797
385240
924241
1280640
7388576
5282103
1943781
4484186
1196807
3184064
4341168
8984
61230
810584
2027172
1855584
1685897
933147
2537199
641763
4306598
843934
4438460
1293441
1251140
103182
4441994
2704321
2274731
239101
2881132
5360600
8271517
5352036
1255502
2193929
6573492
703105
7832257
4362257
2744373
5601379
2952065
201554
188214
2365633
1815224
1861022
2153522
5923232
414892
116053
1527183
2693929
1463915
2740043
133370
1570744
4375913
5888747
2417325
2869987
3288251
1051903
1340220
336396
7571916
496216
1793859
8617744
4193303
367114
596706
2429673
91597
2379450
3785757
833799
743147
1797282
616511
3270801
4291861
1655412
2324670
1018659
6208388
1786600
5609452
2995885
850947
1757602
1799055
6055624
4503820
2802406
1604931
5352854
678122
4376162
1448606
6458624
447996
1652547
1659482
1376409
861531
2079709
2041623
3265485
2415971
3399492
3190750
6171381
6612602
1533472
3195002
2263983
1054986
1032467
2596564
5595608
4326475
573113
3827875
5971142
4592356
3307805
1091629
1463824
4155598
2909413
3619336
1201148
2615400
1805759
3040219
26618
3692419
5939544
1537629
4990847
685747
5736508
2709484
5885992
3131752
1740523
727445
4479482
4754537
2925344
1151624
1310617
3301499
2510796
156981
247632
3336855
1591334
5278857
2045908
3200966
334050
6056901
4586716
4274584
7191571
6179940
2761391
1971946
600778
1685891
1486869
250617
3614980
1501440
2138424
2859941
3724341
804857
709090
4403556
2485035
529433
2457861
8621933
3462509
1608267
1530231
804821
446489
2436840
8433088
947053
6347379
1975325
3491704
3730102
4456613
688660
3515539
1648768
2896677
5894292
92836
2415866
1156719
1724337
5085085
514621
2887226
3684020
150068
948391
1336574
858210
2083911
2234247
3190595
803500
1741488
274156
1139456
3880472
1637964
4940279
6808444
73581
6495298
1671231
3611338
368621
3731920
1267990
978377
997843
6507329
2376534
1663553
1333534
3556322
2852316
698765
1200321
507203
125510
5621218
950558
1168331
1158865
873992
4578982
1024772
2114151
5468121
2102685
764026
900750
1016038
1167820
6517211
1956491
3718040
1844602
4715359
3406679
1158256
2131874
2405885
1256933
9189331
680093
2757014
3517313
1702343
2626350
729310
2842011
4695832
2750699
5577617
4969310
1703797
750248
3004132
4450942
1510855
834955
4844787
367136
3202948
1408466
2954725
1776983
6297735
5553962
1144515
2716270
4052804
496958
1548868
1565298
5444815
1360881
676300
535564
1785649
3305935
4769154
822152
4555494
3418867
322836
3521749
14969
3336623
1960614
2117540
7034525
1075856
753522
2188321
1309488
797948
1237815
2308713
3455310
1139379
251417
703235
5590300
2712738
1802444
1603071
2183911
5801188
1817764
3593050
1006162
4464983
3907709
2719567
264397
6088151
15165
6799892
4942913
2088450
4530372
4768696
1154481
1261268
2242229
6340526
738675
3391639
5335245
1526363
1984768
2675466
2155454
3026776
664675
3223044
3777814
237907
160587
2027619
4518906
1778042
6357408
4279899
4078704
735377
1655834
3808047
802869
3386697
1409099
2989709
397849
569866
2367292
1683462
3664180
2322219
4694210
830019
4399010
1125835
2173056
3569672
5046532
1240820
1205772
3360748
3350405
442432
1270106
718786
3331970
4811620
1163475
3352093
4211803
7428499
6371520
425740
2253482
274572
5920743
2335729
3790716
1060038
3769988
1330281
5041029
2912918
387478
4252723
3944732
2147163
3660292
122574
4030046
660434
5311752
3679552
253979
4237027
1905024
1019927
2732926
664973
630202
201371
1468938
5818922
1375636
2653793
1537110
1750395
997401
304284
1754687
1485819
2849210
1283922
5318501
3610954
163773
1269580
1273567
2174929
1892410
3867432
4797390
2661864
2553632
6178002
2418825
532713
756549
580642
2940520
1733301
3035947
5118755
6144866
1430494
2039070
3939619
4451900
467883
1784089
574247
363316
3654102
1213734
2836589
3266600
5984193
1179037
503855
2057480
5951334
3713132
254803
3031523
79181
1409036
302564
1664170
250978
1732795
3244218
2086312
338360
3621311
2132748
4775747
6269547
4315818
3310757
3025128
1188882
1670416
1738887
4145821
86981
6317913
742226
3464202
478805
123704
7300234
7729464
1361009
271094
134364
4100108
2600707
888628
615505
4591439
862722
1230365
786418
1506811
4303201
2451795
616119
3541693
3322246
633885
3064603
3059054
5822588
1284115
6481885
2102976
3970337
2749992
3024227
4439406
1649394
1479630
936165
358443
5590112
2012934
4023970
3064545
1885846
261115
2129274
1188838
4136453
1824529
2719679
421928
989974
58301
1121317
567748
885931
738491
1273613
639273
6526644
766040
658069
1922877
2002363
1096172
2310866
2598829
2555052
3111589
2094433
738322
116571
2617430
313589
1472365
619506
479957
3011844
1067177
5856265
4224618
2420282
596189
379662
1008191
4802742
2627933
3817989
2929559
2864682
4171902
1981653
552559
2406122
2033425
741928
285467
1755319
2934607
2254341
1174132
7365720
2652253
517288
3564515
1112363
2361870
7454398
64
634237
164882
6890521
2924768
2141601
2540127
556963
8457579
3425377
4566623
417188
2155291
3026662
5847982
1617804
236741
5799269
5382966
3128526
1253897
41476
2998913
3304850
3663232
1274556
354081
2726997
2383709
3958034
896753
3624229
2523698
5227954
3187997
108820
1244
4075663
598673
241669
1188753
3510433
4214294
1674730
6223039
2255227
770791
663192
1614306
4374442
156936
2949384
245484
125425
234696
5537802
7670242
5283404
221144
3190987
2677362
1325232
3495160
1773288
1372788
167930
7735117
3841383
1757809
1395664
1783354
927201
2883198
4476764
270886
6126657
1160730
3766005
2629818
2823297
4471691
1019874
6383717
2767528
1705029
2766494
4047081
78336
1451354
4946795
1904053
1099754
1233039
6761879
5182281
2061308
2759581
1081384
2807005
670137
2007100
1913096
396396
3394706
528665
1628938
7163267
348300
4755448
3144527
109937
3706147
4196804
121300
2359107
2393808
308994
4838945
5856394
4815738
1025005
3349601
8346875
8399883
175909
1476031
2101774
389444
2262279
871229
1131947
442383
1568219
1903873
1238680
1284221
1047988
4016580
1138283
2479997
2258778
5721055
2323303
587517
3016818
4334999
2718121
911450
3575328
598113
7101432
102766
562663
3006385
4112739
2576531
4412286
1790730
469488
2748783
1655166
6607083
989548
2779470
3285210
2612089
224845
829333
1639751
127046
1149969
591033
2458923
1575104
875842
3551863
4977871
1043721
209559
3311217
5155423
234717
2265367
2635443
3640432
2088930
639075
343900
2897932
3366122
3923290
2627043
3459696
2766407
7639503
167550
1582548
562259
1831039
1077230
2589752
2870428
2599336
3965455
3064208
990023
2439144
5674882
4555823
1442968
7597391
3249840
898236
160975
702032
6709286
1384031
1262819
592528
176716
2638927
6983249
6919915
534675
7688186
3188287
2191202
964527
232347
1549231
5206316
4826533
1818438
1012567
1781976
806804
2523786
1271860
1223884
958320
887454
2512827
3783074
1548138
2941668
259318
1120031
749618
3052980
1956834
2399563
3230687
179219
1204759
4710825
652567
4117018
5606096
4043333
3826103
5707799
7123338
3637280
5836284
182140
819232
241913
5577617
5131218
3426493
5044425
1731906
1067573
182502
5653372
6866439
7772185
1553135
786961
545703
5522956
32131
3173009
2173764
5350828
5942881
3115581
4877642
3997370
2830214
526408
4008809
1847904
2114741
4963788
2723605
3615903
3963701
1648458
3663047
153093
1687316
2975888
5091222
4965954
3087576
317127
3012212
853768
1531250
1106574
3933671
2414260
6000010
1528181
362840
420740
413786
2176159
776923
4337744
1498712
609430
1861157
3063829
5584979
3920453
4137156
5510198
3437442
1275943
920794
3587668
3146767
1745829
4394096
5761947
201562
190638
6787508
1250551
2728865
3040916
1258736
5689361
1645163
4189386
1763967
219376
2655641
686539
1424570
1176729
9161576
1618941
2614632
6234035
3305938
1290997
4258697
1254715
3510853
3675439
1832174
4858092
502985
2075755
3912433
5255980
819641
126248
2939733
4269999
3409120
172218
442024
2294886
542842
1557768
4785825
3472794
1969379
919905
6064344
1104244
1841670
4553426
2763052
2916497
3748321
536695
269534
3154280
804497
1450276
3399129
4701304
1240127
2587626
3039169
3335185
2943875
3418712
3303355
2865913
4093733
4729609
338835
2720325
3139611
12789
1521673
242560
4338456
767581
2474823
720425
2242839
4754039
2800736
1132188
611763
67767
2175390
1341018
3733084
82799
853985
952969
2102586
709527
5345249
1104933
5878415
893455
5598593
4782574
3495794
1058908
1480238
1776071
433975
515774
3913861
6022905
4762392
1615818
338192
3720625
527128
3775112
633079
2856091
1326879
1254633
1223351
136535
1573657
4102837
7527842
391362
1101006
1675572
5171590
3946581
6957295
1817857
4777199
2255698
647595
164607
864782
615913
1115965
871147
5089586
1386764
1958385
1666739
3558548
4198943
8718
1521535
4054750
3535395
4258498
2317858
736581
3525869
2738696
4657834
4089791
5327241
5662360
786528
939758
3178745
3196641
2713184
4248210
1058372
2319785
4961836
3453323
2924878
2151623
7814369
171354
2684950
99859
2951333
1055846
6033611
4404568
614436
7328010
1780908
1598200
2982714
1661607
4430499
3274467
428119
1003275
956900
2487159
138061
3671018
756662
44627
4474293
116852
1711096
457744
1606012
651902
2540505
95762
213709
5137405
3073655
610120
763063
1032248
546994
454994
6924573
1229140
3284455
6065229
4508148
630925
3510753
3227120
5234972
3545851
3050267
5488510
2459517
1780547
540354
946901
3291486
6495017
4606019
1114813
1073211
3156325
382503
2021691
75450
208133
2245602
5737871
1406816
4891554
8308747
5135284
184869
1614058
1211583
2204052
1657785
2392293
5678079
721079
2095391
2588550
3461895
2280933
4600394
3192525
5093859
4316489
1641561
616683
962367
961159
741264
3174229
3879645
1506500
1599825
9026082
4634321
4274603
325412
5407493
4613576
1717219
6019138
5036235
3187391
7803307
1617209
4943207
279378
1927645
3864196
52277
403203
588158
2449566
2797476
2763961
2735805
80890
1104773
3942792
1980900
721797
3147315
255784
179382
1020585
1769873
2880664
3330203
833292
906276
5440997
5109255
2501291
3594294
2182507
2622900
3549952
460296
156645
3060843
626825
51393
241142
370478
133389
1402358
7102961
1385987
2129277
1323972
1633606
1499126
898378
621437
4080783
1673538
1739347
1523236
5976978
1926060
2409938
1242327
3272235
6665217
6322408
5091838
4251735
4253945
767845
1071731
5100176
635194
1302819
2231112
1625770
2099013
5425614
1172521
71047
1276119
1134028
5819974
1616367
5978997
2616161
3955234
7800915
5951527
208101
5061087
4289474
9029617
7418951
620820
244277
1750332
2297428
3280242
1570487
6506572
1122689
4552389
2137181
793974
569537
1132814
6825267
2076347
6175769
4872178
1495119
364189
2376738
600761
2033120
1749406
5246903
4161411
3387965
424167
4275809
519462
1047351
6710780
1784249
785769
2653487
167819
513736
1490382
3118054
6173594
594379
3666969
6325860
151380
759709
156655
7114233
128816
6278479
5322183
1961816
5537904
2698694
4266188
4260257
3491627
835205
2754238
4397339
1519973
6857719
4657810
524498
1241887
795036
4848711
5524984
1520079
1986519
6049030
4249215
2046102
1249305
1995545
591108
4788135
1848458
374809
3291002
2989489
133722
925402
3764297
612980
5083031
4534879
1766523
26534
3443764
1024424
1357582
789664
3058870
108818
735020
729225
4016360
3109542
2142911
1371906
1076675
1142284
3699564
824364
367955
4178189
1315646
3190043
1861802
4389459
4586528
179206
3263552
4696102
910746
321132
2823563
2810562
6332794
503249
2058773
1978710
553781
423038
4682149
2688491
2736970
239746
971377
1709176
3597907
5232473
3947417
2011111
4600316
2485226
4831977
1139314
5392300
896702
2343002
3605196
212852
3271753
1106161
3301986
3574382
1155155
2643898
2482327
2694930
1169919
4454109
1523981
2621061
1542157
3179604
910028
240878
2023062
1131395
1397350
2874587
506273
1346779
1209175
2858365
6355565
1265430
282264
958408
3780743
6220959
1992684
897361
5501390
1061718
2314290
2395380
3763334
1027202
1841550
506823
571515
3696511
1461353
6379287
174813
86056
1257744
2168908
5042239
4660805
3436215
346747
2027976
3590893
4308989
3214323
4500691
620587
2839477
295689
2219577
3281293
473335
922059
1271273
944407
5557709
4549698
5037834
846327
1991660
329770
4469075
2108490
448412
958576
5890933
4861376
4595604
3446191
1590602
1500719
593656
214763
6580462
806324
1643490
6261983
1232971
6594768
4510817
276665
3401947
5461185
3452461
4218859
2812245
1078966
1009541
2746275
1756729
473623
5683378
1695351
1018285
90610
5813651
2828909
3715091
1613218
5767467
2192547
2720873
4279741
2325977
525728
979310
1557562
4380281
1537320
13908
6273699
3503508
695440
6070817
903759
6785619
1725317
4151951
1591136
2015875
2432851
2062186
322819
187477
573932
3924771
5142577
2955321
1523474
924354
547456
231488
3587992
202470
1944201
2803179
1693766
872538
962754
119246
128259
2710441
3434503
2621337
4590152
904538
5507242
2091626
7932229
1072414
2203203
9724
168222
5579552
2836782
1439996
2715270
3239464
3085687
4830327
422445
3506354
4495648
4406981
2859001
5754823
656462
4558149
1518879
2539
638131
2666166
1828629
163877
1911279
5311564
1569206
1888773
1615532
6902839
6289260
196096
788086
1356690
5933377
6706728
3131620
3191084
2088078
931418
5491501
29609
2745294
1921886
1910709
2034514
3883433
463627
2097576
184461
26925
1928238
830212
353108
3618421
4489985
36690
2629083
201687
1882182
8878854
3957745
1751083
6152033
2729998
1161018
591578
428777
2545548
1105683
6500550
443393
58111
1640017
3222347
2894412
1605623
504745
109719
3984474
2701125
558679
5032714
254052
708591
3065835
4336026
5368291
5597330
2262696
6966452
4207826
3218612
3899811
2284793
6249820
511592
4743083
2879264
1010613
1765650
1105201
3444650
478685
2814389
1357826
5799389
1310021
991941
563564
4383992
1841419
8334517
2794083
1068230
4598196
7504200
1675124
913666
179391
2257140
1386045
1608589
1630646
1189360
2836102
184805
5139293
3596045
3770950
2142825
1200173
6313596
348115
3501525
961743
209440
1478759
3195044
519201
2714922
1350612
3356705
633864
5424971
1569614
923840
2990463
712702
2983890
5649106
1459601
5815303
523518
1870909
2125367
4093231
1442937
4545646
3687698
312808
1851488
4087397
3831188
5082139
1046333
4738853
716045
3170926
17107
33396
1856336
415146
227271
5002597
67105
1206667
1209547
1928213
4292850
101353
1638360
3567505
3056955
1964501
1813750
4231712
6823498
2429363
891842
96875
4689944
189502
969953
1571796
617965
2886332
4644390
2023652
85307
798821
1422954
3353845
6311474
5430940
406845
44649
1353639
2499217
917083
3295461
2060254
2241311
5216533
5190266
823227
3216048
439122
206601
2770390
1606735
1167908
1969039
8453619
4579656
3496809
2831120
2799680
176939
1343899
261666
122653
5947120
2986436
1600864
2454111
1276248
5924214
1680704
723811
2170847
816092
2201594
518882
5857247
1171518
107142
4635919
935079
6174237
3071011
2701271
2079006
3554347
1289947
1432392
7425726
1944442
1638695
1882666
2687810
1422646
3127631
2185837
1991821
836563
992917
4026867
4153123
2786715
1912471
1928985
3059907
2910154
5765203
6009770
2626741
1810821
758508
1989335
5668307
10223
1015638
4045836
75177
3638317
649943
1629315
2869692
2503045
2772797
3584213
5238289
1740781
5551487
6290311
2061926
4730960
729284
2245600
2897408
3214591
225963
3565566
429401
433881
2770994
1256646
536610
895790
232290
2049052
279659
1302323
2019483
3256704
76996
17414
607224
321908
3355263
2543562
876598
753460
3407531
3666323
1686946
1197150
916852
4403818
5081876
2038594
1936110
4516169
1084308
3398596
523462
4154802
1593450
7382118
1159853
4355457
5884733
2336921
929173
4030969
735048
1550591
1962915
1444556
5598893
883525
2529092
3135802
181330
3193952
4416728
3364603
2858290
2374695
1868288
3330146
2333256
6721379
731046
3107810
5714365
4032378
2785666
3321089
1564514
7967486
3340827
2567656
6160505
1480244
1458278
2097907
1864262
776838
2701135
920817
72778
3401481
171408
2233445
2887845
2477241
1654521
461470
674803
1554420
5796051
3686486
7827939
1706800
601025
5355865
1186415
4351936
5915629
1908838
3239644
949945
1953476
1304494
490597
442984
1919340
3034912
1223821
536856
415709
1708935
4109850
1490469
5324141
913453
3769472
151988
191422
2125276
2208233
253993
4896110
6385433
6237748
2567846
4469300
1852531
1425320
1788556
3871063
1525859
2107084
1617205
1678496
1075026
2785609
1992222
5176783
3345064
3984121
570170
913603
1125466
1606521
4143589
213358
2173301
2998129
4277776
2631666
273280
812456
4393037
6872893
619927
1544904
340360
347701
208524
3300922
684725
3939602
6163526
5922815
3189837
1249160
2857939
1174367
116567
3969263
1816240
1208115
1122397
2017880
318054
8649324
456334
1624733
402353
190990
832845
588388
1123520
2472573
350285
4745977
1843184
2876514
3289518
26642
147522
1506367
945831
987055
2976243
2879311
268996
1304950
542579
6721391
4934564
650788
1636272
2183147
4063903
1371351
452884
2766819
489026
601631
6236764
843421
6348135
765067
3787510
2118769
81820
3274789
3778
1560874
3547885
5196902
2936732
197721
232357
5534985
205598
572526
1142218
1615344
3974480
4332716
1401302
1896215
3343865
171353
551095
7216209
3146837
477224
3058259
6253743
3353883
180848
2187233
764818
4492148
437879
3461950
760676
880225
3371136
1343969
7609394
3880462
2347603
1574569
2932069
1372902
61070
2205240
1958585
3327619
2041796
3134641
6037049
3022433
7568338
513923
3995617
3061
498252
2302536
1003784
1574379
6098133
820082
213689
4156996
4107049
4035141
3389708
4883113
3037892
2948200
3864488
2807519
4747566
438825
3903942
2000253
322609
1092400
2529727
3476389
2624777
2935828
3748066
1504404
14071
3141861
822065
958846
4075715
2553443
3337743
6467808
3806328
950616
2996909
3642782
1406587
5090684
2057979
758436
2785192
3693118
1032207
613615
3824563
1429507
5596245
489236
314391
4662730
1386049
1844584
978101
2353439
7694635
5189465
2016443
3143835
1108758
2503089
498208
2271862
7140090
3932960
2424934
4253111
307401
1335862
399922
7860102
5896912
109841
50547
229624
16071
5893677
3806523
307246
311861
255676
5374748
5141329
3125190
2259376
7515498
354864
7183586
2148170
294495
1352493
1040166
7117235
3259027
2428134
1590532
359378
689984
398251
3008380
796235
642401
158246
5140483
2631991
3699961
1408819
1931061
2835759
716846
256279
1919577
3048488
50720
2478088
4537214
3389912
2580875
1341607
3608844
7050205
3150070
3495777
3808919
2059400
4752225
155343
289686
1661530
2639802
3534743
498889
6432816
547350
4256806
1653570
891511
3726995
198603
2989909
3147201
710324
963123
4502941
2894219
2939135
5196224
984177
3057016
1918783
3270121
360459
2813199
2780361
130334
2003663
3394920
854202
298786
581448
2373030
1709571
4085407
1985623
668089
3262760
605827
4936547
3397706
1294217
3254344
5059110
3804160
4387061
1133979
2578661
1861943
4557815
5625993
6908330
2147932
3907346
6213214
4198372
7291281
1197111
2553199
386763
3296523
66597
335706
40900
1079651
3210937
3317776
319630
88399
1538754
5547221
4812201
1233997
1373982
1561168
291041
209651
2553011
446750
3606765
435104
4725717
4188314
2541387
4578353
3788742
2081650
2801560
222674
3106887
2310465
779792
169821
1585815
1710242
450107
1171616
3768003
746932
6121939
3837162
4010433
2614605
1612928
2030039
2037063
2159262
1727870
527542
2601698
3551850
4210054
1957091
4505200
4375201
1648348
770934
482475
2253383
191966
4265768
3988970
3216127
3652278
1528513
1285621
3336966
3230091
3662407
424938
5380523
2790771
3742295
5356571
3208066
1152321
2468039
1273210
6564549
1412285
2002710
6090542
3950317
3294435
1373921
3857935
1903235
4158570
3468037
1303049
1217829
5560515
4775822
1599082
3273968
1552644
1885310
2215254
240626
982861
179869
7213154
4748073
3752574
6530674
1874483
1414984
2515057
255167
4511960
4398606
1863081
1113293
2433339
223247
1124348
4859107
2935078
148349
3942883
2244366
6616522
3174522
1355296
506656
4241234
1464669
276035
1213861
3953031
308519
417661
3654280
1152355
6094678
3548040
924247
4276319
6319089
2937047
371079
3995289
1421112
3385023
434470
331841
591507
2259984
2023346
2237334
1404095
2807962
1633531
2794908
3567110
2742879
1719085
3166653
28966
1870130
290365
568436
2290894
825085
3565058
5201168
4958594
767041
2905179
6055558
4603525
2080681
2662529
3685194
3593979
829126
4891669
285928
7262645
1618668
684553
1773575
4664626
43060
6384578
1362843
4812057
2055743
247311
4250974
594193
2326247
1210889
2379933
1736579
4765234
150888
1753103
1984640
13008
2713816
1070594
1038968
435107
3186810
7707002
2484109
6383826
2845600
437380
315445
4455493
463120
4493527
585873
3204640
1209370
6141150
98921
3471644
2091470
138629
142895
3536852
112958
3130849
301241
2663023
970622
4768861
687312
3296490
3991114
1142813
3952113
453635
805496
1943227
3499057
4312260
29739
7957799
270136
5928938
57827
5561538
1928817
290955
713552
509099
1083696
57155
801678
3487652
5971796
804118
3676338
4986648
735593
1248911
1024156
6412121
3015242
5210868
1367877
7017265
1326024
1644189
3880630
4113477
4551835
17553
249230
5422562
2853419
2760316
3846691
5986268
1903776
5273814
2659605
6825438
5023389
2674146
941007
399203
3287860
4584580
628145
4074085
917810
592346
2931189
80479
130655
1559645
4287367
1582888
3136666
242693
5911689
4504525
1636934
1651727
5633855
1988584
584474
3200133
2205681
780931
1256648
3362371
3705080
3902470
2823415
4293882
1135883
1583221
5972092
2994120
5137344
1114101
2629779
6825682
4154235
4527432
8271805
1219666
2754572
1118012
2324373
1210907
1630296
523217
676329
1131856
2498646
4119349
98336
2057076
2707559
5378057
6261766
1990140
5189777
4596350
98653
1875920
1003659
1536060
3936508
1657196
1143337
3460032
2612078
1466789
4731507
4213131
4595312
145818
1549186
484318
2359890
3599776
1589424
269078
4012139
3129065
1505473
5387149
1100425
4270341
3824683
2736015
4284110
1363998
3928401
7280015
732964
242236
4031639
166567
1538420
2321376
907689
775024
3547962
542129
2175178
746906
733361
5230346
258392
4386966
6495764
2311053
1146963
441790
169703
4252925
6299349
586242
2169191
1649459
3195671
5123236
445539
3545698
1009107
1176495
5524650
1020378
4207921
629800
4466569
10569
775451
3866517
34121
593071
3471250
1160012
4228628
2741640
1177338
2302915
6141010
296973
4455610
5099317
3824296
2886430
2719619
3232689
2525434
1634052
5917398
3070419
5769726
868679
7349754
385998
2038977
1257474
4568226
2040568
3473429
1187756
821003
7042628
171035
137884
5173521
2490614
3371803
28674
3156198
818277
719098
4559911
1873636
7187692
1573005
3105842
3485362
4374683
2172946
211085
238203
5863893
127890
64092
1193010
512617
562204
637718
593341
8897672
2905617
2873125
2194485
2847086
202055
1753896
3692938
557279
2917897
1561537
4184221
2728769
3715533
1307927
3110306
299593
1159558
399495
2322819
7217496
1086235
250245
286237
1630249
5347374
3118778
81399
223425
119201
2531489
1161634
365547
311704
201982
1452995
1849737
1052108
5682980
1746945
128196
3297167
4470489
4400212
4826893
7842736
1910919
2523426
5266195
1507459
2437870
1057138
1170282
3071599
1754481
1372991
2659135
1537296
2762281
928431
323956
963331
3158107
388997
528734
4437579
2878553
2872319
3250353
1484863
1264805
3283752
2434202
840102
1817883
1404764
2259216
4023428
941954
3395070
1969407
5446032
1055031
5456417
2781149
1724728
4117741
1240360
189371
6561627
987844
722329
2171046
2880469
1935406
1629044
556222
2661754
700090
3507673
1111135
646000
1129287
279094
56291
1184475
43073
2586324
2173481
7292018
2386156
3981877
164174
152709
6120782
2022131
6181690
994401
7189587
336858
6928168
4271760
3176902
2312130
1721273
4707675
1738615
3583766
3111304
3845862
3186426
2246030
3805444
3881417
2652799
3307100
3635539
388036
3141535
2143629
3501224
1249930
5552155
5028896
694349
5002194
3194044
3506632
39959
31712
1338543
7632522
362195
5800242
1712759
657740
3982142
4872997
1757747
3615996
3966662
4764251
4825167
5427294
1467913
5272365
989612
1156547
600901
2668669
2460493
1404734
4932374
2522700
4771563
2636040
1973044
4298171
5133076
5429887
2176616
2269110
552933
3828931
1835122
2551370
1432341
5750198
1845302
1487269
3352094
2390665
4701258
701289
6666424
1409757
2508606
3471972
2233180
3209902
2121311
4451350
810021
1523209
2215948
3690277
3759444
206846
105950
440333
2288221
3993458
599029
3935418
534307
708518
1669070
3163677
2174372
3514106
2489672
2289148
4189442
1525156
4832270
481697
3120964
5085393
128895
4759311
4508883
4755189
3020281
2639750
6817936
2588102
1549636
1181002
1328274
3788906
6239453
1198062
2626379
1361032
71713
1441406
3361082
5305291
3966334
601188
1763110
119982
450811
2518218
77949
2148340
5783506
2777622
5941404
2600928
2846425
4521770
398628
2795900
1794273
2261647
1197037
1407540
2021889
5746814
8326771
379419
2246531
5779519
1168351
1939402
3861712
2818553
3793295
3251705
1951118
2467936
229085
6980343
1947495
1382548
243019
250173
967736
1223725
3359212
2385387
1004234
7795254
1852112
454120
5360177
293521
1300565
3458746
4867056
444920
3347412
502935
2800149
2445434
267740
1927836
1379554
2670408
1664160
129910
4420611
706403
2917149
760803
7883582
1498464
1032095
739753
3253379
2590356
1184052
6387371
1409199
732167
4296678
4634448
194604
1185689
1063812
4938785
2239759
191917
246516
1595270
677771
3834369
4846878
3599733
5650628
1877512
881074
2829909
1325546
116697
1938143
5694618
434306
565791
2190015
4452387
7246631
3423404
6645096
102008
296686
3036602
3152874
4532170
4107034
4981534
6570038
104335
1055209
1115171
6205537
1513567
3926449
2272910
2803531
2795508
3372675
4693133
4294455
1745015
1944897
281091
2012213
1412787
4917322
2177826
966273
3997823
70156
763659
2457555
5378105
2783492
3665360
2308414
2851450
3614778
2852795
3197015
2163890
1848247
243784
5167333
6159913
1849768
5698458
4419147
1855024
2994277
833723
2389842
570302
1989618
2476516
948229
311211
1616790
1444131
7361424
4995348
6284980
1647694
2209871
2682670
180057
1104433
6597852
842649
2164948
934247
773903
4456248
7921884
252756
5537823
2560738
5248553
4025697
1429343
4951608
3805567
1518569
386122
4763322
6152958
3852403
5963333
3198345
2393418
5048395
1076499
1597791
6321843
1756301
289471
4665370
2799994
6106336
4354752
4501512
300480
5770475
767614
696920
933729
3269379
6760530
1390738
3033308
615499
1215021
5075031
5485335
872593
1866787
1111786
957396
4671777
5064783
1050172
6720671
4248043
5482299
663804
3943868
2785604
2054521
6008684
2580882
1077721
423391
1907474
6029307
5444330
1080229
2648775
2057900
2156851
3239994
1577152
6802799
2442004
3082219
1279611
161366
1087542
4675466
697175
1031346
2307791
454442
4211474
220552
7032002
3836600
442253
1259563
6352820
3359498
3537959
3964442
910590
7030038
1467407
4133424
4885506
2082341
1513356
653955
115488
2154597
3211051
1131889
5858994
185018
1182459
352357
2351434
4857826
833721
490184
4022323
3456863
134955
2753270
3194281
3832386
970350
7495667
160270
4394058
4173107
5146135
1829650
204201
436096
190628
4188838
2561355
3852271
14102
9213994
45020
1396930
515398
3320495
2335406
633114
6028057
6087603
1284086
1444605
3984996
396384
1140049
1577579
101682
3161057
7430669
8806233
304975
486612
3323896
3739498
85482
1288889
1149684
4854717
5605662
5159777
1916500
368240
3164340
1110204
5569633
4325998
2013302
3992044
5697913
730677
3203815
2958347
1445940
4871409
4879469
1856434
5221276
1032172
6191487
5267605
1303661
4527299
3423219
6276727
3432163
1140313
1523463
5449972
3891690
948818
4442322
1930046
138411
906663
862138
1477851
491760
474646
3834311
2279313
15286
1389250
2382224
5569810
6333404
4226583
447821
3676345
3168715
933948
705009
1862663
4006888
613649
1260387
433759
2865390
960951
1040629
536378
367602
2158858
374868
136435
2613599
1664082
436712
1748341
314317
109827
1807083
4223920
630290
7624746
6382481
4723574
3417439
2402127
2734130
3431087
139756
4001450
2069664
3647174
2014358
2056877
5179875
3254399
3813034
273097
2988415
946642
41092
3644139
633919
76348
3668175
1480122
5495256
1502380
379591
3682902
494258
650633
1297855
6537398
4393139
226970
3670714
727688
5126804
686501
388144
7814620
1135381
3796198
748169
324994
2135665
329271
2181296
2054463
2531153
3200358
3611239
3589040
1578936
3351383
994765
10137
936523
1777893
1686432
888646
2741126
443528
1490628
6135524
3126458
2632099
1391165
2426605
1522363
3177268
2802196
176604
378376
1564403
3135059
1324895
5293849
324002
3942207
4349718
743411
2394457
4194967
2650626
1473444
896841
2349460
1369923
1420612
2809127
3347367
3792847
1889742
2463624
858775
3582982
733550
1886102
1472794
6015980
6962450
2078948
527328
3315602
133158
67492
6143106
951407
4945912
5725962
158980
134401
2380138
493181
374714
2034594
2883123
398651
2331144
3191362
5163277
471590
15784
700854
3138550
1451061
1317733
4408946
1788243
1586700
3086813
105024
1857898
321983
1996343
3056109
1815063
8339806
2318412
1575539
971270
1648443
1883827
2914867
1520520
2942807
6025920
4724773
2255885
48514
1744318
1964100
3140880
598187
3508892
1668315
393957
1586431
2109357
1392952
3989338
273668
680301
560711
3326448
1749444
5499841
2633256
1070646
1564247
2386237
160673
969001
798925
1563415
1916295
936946
752618
826456
2069227
5619685
713537
1163691
545636
1947485
3216257
1294667
5907083
403201
1760514
705279
1824542
141737
4781578
641839
8000543
543584
2254539
69149
1329924
1645720
1468514
719019
35106
5610524
1594891
9032450
3937080
3665820
3159651
3618592
2705015
1239909
6217382
55741
241172
1839649
1031213
2601962
196011
2014353
1165122
1248388
487635
1691512
3078576
101112
1332748
1302171
1882030
4104971
2306800
1684900
2663238
1757125
184545
1543059
1805349
1051952
1179104
138260
115437
968901
6631697
1529497
3670135
7774388
2830101
1781987
2485188
3700483
758669
14769
2623529
3109780
1822962
1519523
1612417
3494281
2169383
5903453
1913070
4488520
4677104
2745723
6148255
4678170
3351338
1577091
428065
4332341
3174824
89324
3900334
902107
2188710
505721
152676
3008056
409582
3522416
523675
3183865
4140582
4415715
283968
531695
555871
4460725
2827504
2572944
1786661
7408472
5266230
365745
2909999
3621420
189037
4074544
1953646
3910876
469084
43631
8356815
1035030
4891992
301337
4812630
1305510
496133
5867060
1316328
774051
3617961
1721030
1926792
1020686
6859102
906199
1555314
4760
7394248
762808
1728248
1798310
2679103
5126885
2347008
1126721
2621302
177292
3488088
2555500
456299
5773874
486090
123468
1602571
299416
1307401
2907090
2221703
110338
3770737
1015995
529452
6115493
5531782
212289
5527916
353634
908019
2987429
1846295
1500332
3613714
519451
4365080
694762
1143949
49737
2135321
688967
910952
5701651
2557925
2512100
3336974
1503178
2602681
2668967
1466451
2920244
476221
1721029
1534368
4425669
2896680
1877903
6785787
2298583
1402805
2945567
1305334
984728
2747978
1225948
3026028
1389726
781745
6859094
2614375
2922848
6616253
4885981
3501411
229080
4144608
2976264
5369167
1258406
436166
1474223
367377
2181594
1838720
4142527
540522
671001
2026352
424658
1641034
2054522
3557576
1368156
4600700
2257580
3094534
4030607
4146358
3272753
4332872
1763300
964071
855503
298057
1097951
3053806
4406693
1965694
644924
1384719
2958906
2118246
3066534
267044
597672
6000882
2491467
3635268
4328087
1479434
792230
2578932
86537
69024
1025327
1560527
301092
3268983
2593518
4899045
5560693
960116
4617547
186090
676962
4005332
3950158
883570
3284617
3557801
1075267
931526
1547002
2841837
3534391
2884984
3109729
4294538
5017206
3987315
4990171
3985339
765918
5442199
4912104
105340
1865201
1766106
2379014
3859019
4876229
643710
1699978
89073
5728697
1370057
4598453
247177
2816245
7031460
2029687
4800729
3967242
1524029
280832
5426711
1310129
2814992
1205915
1334942
890262
679271
3961459
919530
260280
4759658
1543328
2105617
4304670
6943413
1101430
1192196
5699268
1856606
6299758
3288771
3277439
5120747
985621
230870
2103227
2723662
74189
2787863
2553093
7271731
3533437
3139638
3096059
1177872
4414626
210070
1156457
1042860
1579655
2740357
1160004
4262609
428564
2489018
1558492
3310020
664801
2197529
5933619
3077375
3919104
6805182
2248774
2143295
287715
3528514
48040
3698795
5113814
3195224
2934993
258181
681424
7017707
5861518
619174
375531
5287183
1605124
2884168
116840
4888811
4080588
3010691
4282865
4583309
3086903
5308920
110131
1612637
269814
3308900
2218351
3544814
3471223
22376
2709948
5707769
3639755
3830237
1191359
545951
2522927
182521
5147259
490376
4610911
2597299
5802265
3138906
1253470
7073144
1873583
2375114
69612
1463711
3524826
5444503
1955901
5782558
2654438
1008265
533709
3013345
254757
2854874
704151
3335273
735137
3556480
5821487
1566507
3116252
3253756
55987
3849190
1562625
3632623
3422562
2266928
85086
7131145
2377464
3710916
986862
2426790
742939
5913395
2262427
711789
5234266
6858118
2202444
267725
5740643
1129156
1171597
3929616
665325
1339082
87111
1024085
492693
602192
4719330
387669
899065
102044
196608
1226813
3393014
539347
728590
2747913
6610699
1075972
2439549
1155953
1853705
1331403
2282796
692617
1450464
778409
283780
6452047
1247290
621911
531822
3870324
747915
7031452
721325
1848013
1315563
5211416
1918588
1695187
2528028
7188245
2192577
2644529
85845
2490272
546700
3324638
1845948
1225452
4682576
3183144
2785680
191706
3744267
2946511
3548317
457418
487814
481361
2186174
867336
7044648
2934181
2392000
522600
3171035
2172755
2890487
3620502
652347
3365488
833641
521322
7052746
5461342
4030652
1834926
2697456
998654
3256461
2779858
2935193
75099
1014040
1318369
611704
3183110
6690671
3562398
1963823
1841486
382432
1403578
772521
987749
2767388
6940853
1726810
5965280
2475676
586097
155758
3019517
2223567
607205
1954968
2736265
1140975
4397120
4670312
94695
5144227
2231068
135319
2222237
966556
348073
7145348
2874138
2474571
1496553
6058376
5381988
3801441
3076056
7941
1173129
197513
5348952
1358277
2731994
6231095
2208008
676351
991456
2063789
4643368
733534
5136049
1490995
998090
2314239
5167759
3617629
2329579
1310561
900995
43714
5377127
458037
4667848
309065
1139056
918627
140376
3060638
5971620
430651
2325639
88020
1572740
4617780
2058213
1396890
2703399
3787119
898
502116
3127898
724653
3088910
294603
1530217
4924605
452618
3164166
3317281
1154239
3620989
3685281
5043628
7917261
3552733
1185515
1869065
347085
5559063
2678155
307738
5507814
1086947
3451489
165146
4193331
3181887
414850
1307957
1729899
468034
302925
1988287
2801368
963602
1980274
5989742
2427704
2352996
6066041
5448004
1328498
5927658
1521526
6932230
5656379
531415
4447627
3339462
1123179
6365522
1803330
2608311
1084213
4733261
3499610
2354620
4146809
3981601
2713884
869985
46381
2709127
1558939
5298987
1635165
4167142
6859776
143678
4637586
1511937
1870302
2054769
2725425
3859148
106729
607324
164752
3669823
3760379
638704
174222
975231
3109263
659600
631303
598429
572085
694944
4804947
3093489
3037516
2457410
1170765
1828307
2028978
3180402
381678
3864458
714545
330112
1153291
3455241
2101400
1823556
4939115
2134760
4786614
2716820
4972302
4678502
260383
3387508
1824423
1025279
1978848
129540
3611854
190634
519242
5277862
1051453
299722
4523231
7895163
4249886
1766698
3432842
114973
822238
97603
1441922
2652876
5400315
1109799
13179
5144794
3023486
1982749
4959577
4533204
3379458
846939
225578
3938584
535244
3659757
3171982
1733817
6051742
1950268
2827297
3408152
968505
454192
1064157
27969
2278870
4563845
2947094
265670
250043
3642298
920635
6314324
6114577
1794926
1304305
6787284
892591
2738777
5280941
1053551
214779
290550
1633368
4545891
575207
5367222
1323991
4344475
2569806
518770
2511929
3748214
2628147
3696000
1253465
2438409
789670
3186274
431724
1916775
4288724
3916699
1404490
2812119
56763
5478021
1793448
6472113
4860637
161363
1935684
1106749
1327956
6294982
2676524
3538875
1531658
177567
1241701
4474839
4739340
240672
3940782
3967385
5879427
2376398
4435421
3356609
4119424
636362
3836857
154731
1867203
4155821
4971291
2377397
118979
1629283
5075828
1721958
392471
1185252
2263196
2779132
731452
3709304
1514509
2172477
3198082
1159211
831708
119537
117371
3276011
2968670
3359284
1474634
3118910
8376323
298741
50612
3950690
2358530
210637
4053031
792348
949293
2604643
1174779
2125052
826680
2990957
2981000
8873219
1639372
1685364
4526510
701246
338055
1635784
574481
2423634
119308
2231762
626538
670813
3706832
2902558
1247745
1607491
5577380
2069494
3187283
2226528
319603
1709453
6768337
1879477
2270881
4076045
433047
1282041
7240677
3658206
292440
4826305
4724017
6373238
5633754
3485902
3080183
4069448
1172065
513762
551075
866695
4925585
1721697
646895
179572
5353813
643066
262891
604366
1983630
4967276
2678712
1698032
6053969
1453797
892337
3794447
2977152
545865
1312170
4928877
2157469
1603245
204059
172222
2650416
126810
212370
4537462
2754642
1629065
1215739
4511839
1118749
4998285
889616
3206689
987948
1728772
2031998
899942
2618566
7381848
757675
4528266
8022148
7568241
1897887
2194536
3308604
2924378
6696816
3750817
3860473
2659038
6330516
5667605
95786
2651728
19049
201800
671384
233786
7048907
3201295
2331812
982863
1244475
3106935
5502289
1027089
5918487
5089896
3258930
6190849
1946680
317028
18070
614136
2060935
298680
3173262
341987
531041
2517883
4393978
343403
816144
2343497
2440029
3518036
2915376
5933120
5201256
2922877
3493488
247371
202383
3182186
2326822
3003204
1188731
1119368
1113169
1503807
4242919
2276047
5148943
1636243
3756239
88546
1007478
4115215
9079038
2703480
549373
1785481
1808362
5717828
2861345
2548855
975932
3730634
521439
1382253
35551
1233808
4416830
1006806
1697699
688575
3351481
3997254
2526662
4528816
3876225
909589
4799773
1533410
230132
1678313
280086
2684312
73316
4576488
2629909
1049118
3301990
7468474
5186131
4512050
3070465
905387
769707
474592
3909648
2855185
221942
3267457
3065719
1640312
2761262
2539717
3331759
3262687
1616013
49767
666792
1365672
1189938
1145664
470491
2941818
1594976
341621
1310856
1542312
13684
804655
2734563
2694694
1760157
5580034
2195148
24603
280113
4678573
6649584
2106912
1882724
120170
154049
4537805
3196551
5235221
2353986
996394
121568
150091
1181216
1290177
2361432
3477930
3127073
845391
1120292
502771
1470003
1946858
4591712
134059
1974922
571084
602142
1731262
901774
9350751
7558650
174850
2093087
548115
1107204
558509
6903044
4833827
2748263
1661659
3525116
6681103
8197864
2694319
754857
17209
2461802
6179273
409608
1306361
6214564
3657606
34795
4461019
3278148
3600906
299051
1810636
1467997
1580784
1814255
759131
1382575
5369793
350830
3413051
1894256
383351
2835438
4953940
112391
1191731
730025
322933
1249154
347288
1285601
2730820
3329481
2160022
3238228
2431351
7207532
7480102
2876933
3850661
4920851
1208428
5352730
287403
2442251
1116735
902868
2440427
1582903
3663696
1268084
3092701
4251163
869639
937569
1205303
1248977
4430640
4684023
121270
993903
399303
1343226
2318754
3847621
4128447
432132
910363
759415
670404
1256867
1333878
2933823
3566824
732478
1191650
3947385
1251470
349165
5083846
152254
3354975
2117927
2756779
18916
1067405
4862451
1527351
261661
46268
1283419
3879741
780699
3107674
2345128
2259353
5697705
1136653
111536
1299543
1687746
1178634
2639918
570134
316901
3427015
4631936
8972709
5564891
105250
228803
2975061
130889
978525
1701646
5365445
2835527
1282964
3351331
3042492
1333419
4321691
5969910
4367954
1850739
6575486
1623520
252313
2912483
603586
2295274
4397166
8015413
4848032
1154248
2465075
4085850
1048955
603175
923192
756037
4941915
1455043
1109710
719373
4349650
316290
711072
74455
2976513
531828
2405031
1317441
472281
3912948
545349
929597
5645350
3030547
2821010
465775
695355
1248362
2709470
235243
4445498
366572
2692886
4192965
2120870
1367370
231943
30412
2095175
646374
3573405
1233752
1888075
1822878
872691
1674504
2988262
2999040
2484398
5231159
3289651
4290156
4024107
2516156
31965
5188527
3344658
1542391
2618958
2792908
5207607
5927872
1706768
5092716
1474433
1084231
1467139
1971721
2214906
2127123
5069870
3367562
2738986
7002698
930489
1989086
467582
4207936
3774128
4149829
976361
2672766
4258923
6913186
963433
4985598
3474314
3321447
2699894
7285826
539764
1678378
2037631
5797581
737529
3369131
3182603
4397920
18893
3592862
251003
5337397
5020300
336766
1856464
5786274
4915733
568761
4472812
927650
4173202
5359144
581201
2182543
7631245
508890
119770
5529866
8034765
749237
3204603
2610450
4498302
1068634
2314166
1484184
360124
5412007
3533983
4972915
6381715
6656804
4261545
2532372
4824347
2204693
2921645
763764
731537
445111
1769883
1813835
2587877
1492826
1329278
1399561
985318
3045033
3595033
628676
3195855
2510649
1503474
4740595
2760093
2701012
2198939
1955006
6077406
3748911
853445
3546431
2475918
3067388
3348654
2245761
43079
538237
1502512
4771523
3448798
2510188
338801
4722927
2243405
8301473
294440
623035
1071338
723606
1251700
1299837
3077140
3823012
177097
3261702
722369
3439963
1489484
1677635
2885501
2504937
1803896
2557040
2808386
537448
728670
4323248
994547
3223633
457231
25761
7717787
1066326
1990001
2438520
580196
3106036
336335
3208134
4126932
1573718
1860295
627797
500618
693346
1229478
5340049
6252920
2131974
4133442
1761821
1963141
2787973
209767
4383970
2519419
2613469
2838866
95898
1925138
283257
86487
1163593
739818
413591
780545
3609229
25590
3221529
1187076
3292179
2207321
2642153
6868645
3652643
4512456
628488
5131688
3990678
4608386
2301199
3208391
226360
1382652
1690961
1198894
1243373
1107255
5560478
760678
3142642
909978
2400134
15371
3599626
4674499
4398123
2059337
157646
877977
2100307
6046441
1857763
1005245
1327726
5675764
955564
95895
4578189
1990423
6172439
1209301
218986
2026992
1137383
2672466
2100114
2420995
4035807
1617804
551329
2740790
2904667
1518350
808464
137190
126397
1064529
62893
1107291
801866
1691542
1658199
938691
1314765
5695698
117053
5807325
7699050
1619102
1176021
3207334
2239865
1289699
3281508
9562736
6442473
208465
3626835
3489398
3559479
197344
5076693
2635402
894137
28020
561425
66788
2267892
164001
5559479
1781116
3331715
5382747
2437107
5941015
3292815
1022203
418606
5364076
2076157
1928265
1199598
603911
5887358
3226133
96177
2730300
1274863
3397807
1687659
151214
767093
1249576
1135336
2287647
2422182
4918926
2161697
600525
3811671
2107683
533715
820501
1310301
1011202
102197
2940799
4453273
529333
2869679
6642006
4048518
874798
2468189
2107103
6242717
99521
4170167
4999871
2649897
2070832
1911723
1769412
1045327
1969080
1113071
2375145
528885
906349
2920040
318720
6569773
605494
4050001
2834457
4948114
870683
2144708
1026589
1014263
3906880
91320
5624343
2940823
2034779
1249075
1175323
1656802
336332
1708007
1989032
2211341
1873424
3538949
1566082
566108
1268035
711876
95201
6313353
4324787
2250353
3692544
1626624
1636109
170458
178899
5656065
274202
680567
2682918
472834
1857081
1842333
3300136
2643689
5996244
4948642
2571423
2751380
4910537
5696586
2110960
205702
1790204
1312265
686232
939083
2862329
5133842
2920290
3815370
3706747
5226713
3046671
2453404
550228
1422016
3988720
817023
3210069
472405
1981831
3416900
1186183
6072548
1521678
1838599
3349350
6896507
1959991
6818686
428361
1518787
2638929
1834145
2149428
6215005
1537478
23442
608235
1537649
2958007
120620
2569759
2963504
245256
4555231
5217413
3933643
508910
676586
1519180
1051438
5678270
3391113
4376463
2516658
531887
3053019
4505027
6994104
668645
4580734
5271310
5267023
198128
1051697
3186992
2341993
1089210
7391654
1496725
2497422
523774
2240233
1044883
4213343
493
2620212
5352976
1075784
5197747
2956826
2255254
3370833
7132437
472111
6019897
3161275
3494155
699922
2303261
85452
3634239
1532015
3980899
3139269
2642283
1630629
1717878
4158600
3132321
1561941
6987649
3471776
625394
458148
1175222
440824
847831
6202775
919083
398856
1640718
3843621
1399415
106778
1725069
1177456
1310801
4782069
3014451
4430656
1452535
2746668
3313455
865698
79066
457825
5147114
1216610
956148
545983
623382
945755
2468834
3871660
5856771
1740079
1696142
1482277
4028537
1442949
1690514
2991504
1131597
1116000
2788808
862586
1042085
2285759
2609489
173942
4615151
3228591
2340823
120030
2504578
3919484
3070159
2634108
1910099
1555077
1130790
425818
1268888
2663895
251663
2545555
1961584
486459
1670371
6024430
268107
2807956
1407133
434816
1189226
3615926
2956431
315204
532373
6078600
830514
742445
4481276
2767226
2761450
782086
929397
3075276
2716466
787412
294675
1290061
980295
1451926
5304305
4053863
4651875
7282382
2632329
4565491
2180177
191388
1795096
3275404
5085328
5034663
3582985
999239
6590065
3171436
133009
1808090
2251079
3633072
4820255
2070191
1417135
3495450
230412
1890550
1762035
628453
3993455
3598660
4677443
835392
1901491
421205
1825941
1694136
3233906
368751
3777678
3064740
3331184
354008
504264
3994729
1457176
5981041
547449
2385761
2608952
3104078
2021462
426131
4515736
1971488
734654
1067978
6914640
1237112
1255779
5352936
2516087
5922996
1183216
1587064
2409055
2375765
3225508
1590861
687961
2328319
3278392
2038223
2554812
4141805
520359
1925747
2645733
959597
2620269
3321058
690368
8129254
2059714
6007512
1146096
5308537
5395432
4143297
1512873
777567
1402530
3483476
385831
1769270
5205382
1645340
2833447
3282758
2244791
1706121
1886824
6544571
2871580
2498586
7072378
2879327
2173640
399625
1974793
1406855
3082021
3396773
2980272
297874
2701869
673374
2546548
1891724
2033435
4102134
2421556
5554586
7176973
1544802
683992
1476701
1588807
2499118
428564
1110472
1212457
420421
90873
2987847
4836365
5206653
3444346
149971
442463
1280096
4475304
3977275
907411
1747170
269406
4612692
6003863
5168518
4473306
449927
8578739
3434722
1216340
4072441
3830450
139164
2467666
5583859
3987281
929154
3389092
6346875
2213252
1335625
715794
3504628
7327395
191578
1355031
3391938
1965132
47847
7238851
2356037
3897912
650485
948817
1692705
4976789
3939996
5917438
4924054
1222057
2597457
6090290
6365008
3686568
3512828
187922
1508814
1185082
5454451
3362320
360260
2103626
5937550
3147942
3970167
2046628
2272610
2519692
5519004
4534825
3646438
5807486
4591185
2745700
585417
4005423
1667633
1115124
3498619
1053086
4817355
1303056
3113096
5955876
2673005
2948654
419926
1756363
1504360
2244910
2120320
2616435
3625000
2933829
5131417
368442
376658
3569277
643356
1110983
879281
3396322
1421136
2304655
138580
1187118
4858534
1605506
2658514
2539910
221412
1126291
146405
132634
4957735
525222
2677723
1029288
164253
1153637
1140661
3753453
1982273
2982010
730065
2023996
3050906
460814
1405668
54760
1496696
4843673
1960190
911010
949231
487495
999868
3000231
3316109
337421
670365
3336
4039245
151357
2543106
2147681
1263214
2747279
856546
620581
565756
6589118
3480055
3294071
2121452
784789
4182532
1387878
3320787
740546
2480751
1637003
6498384
6807803
1303776
5237424
2768719
222643
1337191
1093914
959610
4372146
2230706
704559
6262732
1373832
3967660
1175066
3077423
9418
3541033
4071386
2688159
3313518
2676210
4333353
2208050
1434829
515883
2382363
427211
905311
5337449
1674476
2929541
5658808
791373
812217
1631168
2734831
214336
159838
6399342
3413494
1340226
6282855
2759487
2664751
3917297
1529777
4321726
413540
1317899
6653365
1478716
383786
1692162
469922
2445399
3424818
1659875
1398164
1643281
6120086
286111
3645352
474776
3558581
4269941
1635981
3783696
239766
915730
111187
5851987
292982
3308820
2793759
1925597
579537
753854
951415
2728189
1665854
4723821
841070
297343
4549902
3950057
28870
1348105
6419168
3721907
3053558
32690
2403911
3577571
1762929
1005034
1851212
3857064
4172019
1595654
769214
6056367
1883637
3996459
179555
5398230
2709643
616708
2555517
4051542
6265878
2478772
147069
4611002
4977196
3146332
355795
1222126
417088
4275205
5538336
5158519
1557678
83802
371249
1393504
382453
5394145
8034074
2134464
3253916
4506246
5010863
3405381
2405879
595613
2076175
1630717
946923
306712
6771226
378692
1458389
509379
42524
1344836
4711905
2588386
2301903
703574
2327248
1058578
1015378
4858699
454175
2253573
3348892
2123067
1125558
1514763
4626780
666532
632048
2040369
1893800
2488680
1054394
1382448
2238622
1971664
214667
1551621
2237625
383637
2630209
1532177
2650326
3464665
454271
4270012
1825248
3026139
1896071
2016217
1466373
6202344
2176482
4606086
3446816
4513915
5100904
3185387
594168
3778753
1387602
180367
866764
2445673
3574082
2799035
3599690
1973791
3128765
644599
1891069
390347
4132551
2890134
1274154
5533676
532040
920256
2172322
3468349
534670
2858738
6369246
5553325
428618
2675227
6014471
4994835
4636258
4448650
3031064
4500288
661770
14384
1661384
2068414
558870
880411
3767951
1672801
1112244
633442
2725394
5345196
5472628
3669062
587494
2168942
32514
4952961
3369820
3877208
4836204
4914870
2952289
4139149
849372
1578505
161294
2638564
1541133
1720374
4464709
1189914
1957694
825196
1621848
4548940
4121156
142289
1325680
2166043
2222286
5324028
4610423
2867991
412114
4884805
2403256
1576650
1059299
4229582
7689474
2513800
4515999
457897
2538951
690223
714733
3280739
1647979
316452
2220619
6666157
4606011
7279477
3556147
6436341
147314
1406140
1287981
453941
4181474
785712
1157913
5395095
3303557
2897878
761538
976123
4783432
612553
4427333
862389
1191373
2227333
2836748
3426881
1460592
330774
6660980
6379749
1514636
2605901
1791091
1430383
3957593
743983
1518033
2738370
4536401
1795138
1391225
1093587
26325
190754
156236
5412964
3601004
2211456
1875085
3708210
1616647
1616685
105219
4880830
4922002
2476221
3501504
6440612
2726009
4620437
1139173
4415924
3233765
1947180
62323
2714154
5090054
1572828
2100828
421944
2320836
3810918
1402756
3994594
7207089
1206075
2706109
1105958
3370477
3521156
3700530
1410391
2261785
1897791
585056
1664433
509261
2164619
1807455
2629572
2067303
549413
376365
2543555
1527127
3947584
1322529
1825476
313215
2760895
2940123
1587922
1478485
233548
374553
34292
1500457
2303927
4611970
663877
2329835
786566
360668
326844
1475609
3233123
2746728
2089798
6502
5767255
1534777
1069224
2018400
583765
2280516
517426
1043612
1197175
1851234
1746877
847764
2106323
1362779
1607567
22718
1160194
818519
193286
5814574
1371160
227833
528498
2173703
1690386
2326898
170581
3355423
1842519
2922688
3330888
6422326
1927364
1485600
1254264
771097
1632093
987604
4175778
1591733
2852911
759951
881317
1536689
1866290
138227
4432837
2376365
410724
1180439
1407730
1001550
4928779
2174941
3535799
2469072
6159058
776995
419523
6414190
1231412
678453
4210193
1377971
595939
5430220
144920
253936
1894359
2116538
12600
5411228
3752429
198931
3960290
1851941
2647297
1045089
1243631
2233848
444994
2138735
6520443
68586
4476092
1769266
300151
3213543
725088
258914
7015908
127297
1676791
902234
328160
2531460
2434937
132637
2422815
293656
3884913
3470592
1536249
521191
2817110
2037504
1241439
3892564
2284286
358297
1966523
205573
2252477
2619479
5424110
688360
3608683
1078262
682630
2213123
623411
751323
8624132
1158269
2303427
29431
5497210
1085619
3894274
4289050
7194162
1583188
750328
3744123
185196
5066701
259483
2007069
715266
2926776
2712321
2182094
4666182
1334131
3990004
348329
2971466
2405586
4144226
2338835
5431906
868207
404490
4002933
3078432
499053
4098032
189821
2521695
545058
3504417
6549429
21108
5265658
1805879
4072606
3981150
3314163
644265
90634
2136722
2199596
2938651
147912
6567028
5581571
1514809
1459800
1505170
2998225
14185
1126987
2119273
1395144
253036
2667946
173678
3392710
239016
389963
1565980
2298382
5931674
1980736
2252253
3152352
302201
2137148
3463597
35174
1281378
343921
1472148
2717305
929260
1927546
2787843
890659
3280293
6439613
3714605
141497
1417302
5891565
7851212
817265
1171192
2826072
1225640
3363051
2995574
2216711
1641317
2033330
1142051
1868273
2517842
1632624
1074992
4037019
3326347
510955
5095692
2840208
3676952
3926623
1113466
2991284
1898843
2682253
7761271
2819670
131222
2630200
1132428
1088534
3349588
1351124
3068153
1816790
2449553
5274539
3266641
4616607
4432437
200954
3865035
1079455
3314580
4984382
6043457
3428817
1033987
714016
346783
1511808
3605572
1285765
1080308
1337299
645191
3289351
2034065
837887
3747411
2968134
255019
6221880
918912
2929760
3643580
258806
2524168
4110764
1080104
1186581
1531848
4499778
2901749
5730354
2148094
851891
3789026
4325493
1784394
1709365
568272
872400
51082
118666
1583245
5440556
164527
675328
720811
777796
932330
7857173
1140958
1503680
4723867
4213244
2375953
389992
3663124
1664504
554753
7412684
1901338
335575
4707373
3292602
1674335
1314455
3831548
3691362
798007
2672321
1939485
2752223
450871
1908463
5750321
487753
2883026
7247912
3332594
733832
5677472
3036479
323494
2306001
859492
3135212
2842792
674354
3474562
1716827
54073
1942135
921711
992296
1003475
552
4806494
5019543
4642370
3686543
320734
800245
940767
2995095
461091
76007
3992149
658247
1611905
4208588
4849730
135179
288145
2539583
2314048
1879713
6958715
5597143
2066883
1021436
1348131
886687
1427468
401970
2668871
1535715
2976413
7269050
3011669
1677413
1811536
2604293
6828080
2053285
3238624
3005521
1898379
3574418
4723302
1923971
3469432
1510129
1825107
2198661
642023
263797
3034571
3211445
1404521
3354344
679419
2945705
4171089
820370
1632019
765495
1028124
135713
5960023
553539
2511265
2244543
529377
2512774
1535285
5467164
553676
1481624
1434677
2220229
2485838
7446244
3055710
3621039
1144903
1516585
3141809
3740857
1138943
563368
901310
980009
6427417
53719
595060
1434350
505333
4565318
1740107
2289902
4817454
511089
3776503
323229
1563019
1526031
7420869
1856922
4733845
2588167
8842840
5177938
3761832
4143803
99101
295527
1539015
925599
1742319
4437871
2740377
1214030
636288
3098341
5587264
5114057
4860869
2033842
336321
4471226
1875593
205215
1796059
5232
505681
234543
788732
5502330
154606
3421786
530570
3682810
6389646
493360
3618186
2550796
4595353
3490474
2279002
710124
2515025
3969217
353298
744481
3872
4132765
383415
4890044
282083
1031957
4410713
3286337
497632
1813014
1543881
3274981
2116577
1997185
609450
804346
348232
2362535
2331045
4824488
3071280
3281256
221777
2260404
1113172
561135
637963
5406876
2294190
53866
391285
4687027
6037507
3027062
3112992
2093739
4181658
2380853
561377
4440285
1388019
558462
1618016
4155168
5876332
1587081
858342
3207102
1013774
5881426
241622
614519
110318
407994
2599636
2046040
551996
4591309
1498822
8208682
16896
2380214
5444252
1582934
1955646
5371013
1303442
4309800
2316213
161836
3247694
4068262
219345
8327104
1933983
2718430
4043048
1310489
7393337
3231839
7126289
1463684
3371207
7266508
1496078
564464
3059001
2493615
230556
1437892
3798619
3896620
5685773
283837
6119726
2901063
1154652
7144248
2785218
3566750
2513140
1643384
3476942
4926067
9117994
1768940
866213
76777
3995698
1085709
2471203
413541
1459060
1493250
326354
5228194
6774632
179015
1934031
490889
4623600
1750136
3986843
3371428
530319
178085
597140
1188013
2916350
1017293
3061075
145079
1354369
920327
887877
14986
97874
2841452
1394510
2290669
1656350
1276752
51116
1090016
2478688
3127541
2440310
943444
755795
941787
957516
429356
3590187
2762273
2528951
2606059
480105
1831117
978810
3486830
2551579
2431204
173458
4754009
861734
3810235
1336662
5256478
603882
6531154
93513
6157676
4007981
2413324
684672
1923995
5036281
1357348
1838855
4227094
1573656
7206078
3109221
353812
500860
2754827
3649651
3349019
1757908
653753
2397563
7594896
4605556
649301
4929807
1497549
6963537
1591625
305427
187939
1574877
1727905
3270125
2450546
3499856
1729008
466711
1751993
978332
316698
2798187
1486471
506410
1795338
2692532
1969755
230412
7485780
2211598
3117118
1827118
28100
4773564
3594125
82064
8269
2331537
3075127
1234316
469908
7645524
2730235
2388212
515004
4429933
2887625
594146
742195
6691735
2285840
884799
1121923
886104
3498488
7044754
514655
938272
2402442
1621338
2074047
7729182
61187
3338774
4591440
7190263
1357845
2359144
5893751
1593535
834690
1583984
3357307
1414892
1602761
3643108
3909447
770693
3076522
669153
409982
135170
2397457
3266537
882256
2298773
4105308
3545748
1892620
409162
1338237
2385723
3773467
1044661
1410999
15176
2252488
5370482
2469054
223750
4916970
3642740
1538203
1112306
1930886
2450892
357408
2543431
114306
3929710
2541405
523895
3539068
3003308
538575
2560340
1334619
2166906
6387213
414729
243734
3321506
7566569
2122168
416197
8251729
6904833
5596732
1897676
4154122
2226927
840911
5557789
4107599
6029528
172641
1240002
204466
4660514
3359932
1737305
7451259
1984720
1355913
1984446
4969763
3273753
518095
990431
3895362
7636807
5052576
6607025
2076653
1271784
5523907
5537272
1628527
2809864
3372331
2889372
2694323
2570734
805320
8611041
391102
543319
1757395
852369
1821457
1223790
886315
1606807
4565766
1594185
1097580
1859748
6245262
1973459
3009563
3201765
4522818
2407479
4853666
7456134
832043
762651
6310017
1808090
155367
3481804
775765
3859567
4008816
3962699
591431
175335
1506277
2435155
4780516
1347887
6052324
2382226
1240858
551341
5313264
418890
944931
2090291
993260
4147116
2968783
198298
1605390
4900318
473500
2772215
3046613
3141799
1168559
4949759
5415660
1523905
618940
1617784
4931451
3876979
246368
146413
4135439
1115763
5745660
450999
1904727
151060
1116128
5423759
866271
1088761
2743146
13225
1676205
788230
2099238
1904894
2145729
2417541
2764088
2469858
4046845
4384321
5447673
3235979
4540235
3096119
3679495
1447619
5056437
5012804
4791475
3318116
461909
4189519
252262
1246838
5527033
453176
4641660
1001637
1746707
470521
1015825
6312875
1934405
586849
259459
165471
3523190
2136914
1738641
1435257
3824708
6290134
2817260
2909269
5050239
681853
2807979
192376
2939250
3738657
1937368
923129
2054780
4867229
599024
1980928
519500
464200
1412267
2744982
35437
522971
2537470
845825
1373255
635915
1416863
76193
2759237
1630514
3325375
71988
140865
7280418
4086447
1127731
8815108
2143355
2612675
1678655
592460
707092
191266
472952
7759288
5100460
4703832
4347622
2936605
353783
7264127
4186030
664825
2166359
108406
4105633
872654
292789
5457153
2348679
3846876
328322
1892663
4709968
3036839
1168994
1862751
2869703
561705
1006128
1414381
1603488
1939547
877993
163512
2087547
4498069
473373
995573
664517
445358
575298
644110
3149598
4692600
4443461
3068996
3454958
765038
2928599
368146
4035435
4191465
17180
1103900
1682077
1318533
934156
183111
294376
576015
6555881
1430663
2988323
1004209
3751185
5576881
4812584
5356879
1263922
1475456
3582691
3313708
4852933
687581
2054580
1714319
552993
2049259
4230032
5141836
5459754
2064019
539164
4320871
6498779
415545
1103918
1745499
734747
3996200
1910543
11806
2636685
56554
4419595
1124188
478724
1121290
1423440
1852457
1864354
2629063
4997542
4523385
2414123
459705
1824942
1849709
5390901
1754666
330083
1583518
7206861
1967372
4027914
1801078
274745
1150351
1318638
5564775
1638023
1882107
773874
927073
592
253693
1076026
5912702
1040319
2985391
1908055
3398040
2886596
2055101
1310211
572631
3409917
2825830
1847220
3170611
1025256
1542410
51914
790212
2123049
8013440
5324200
906072
2217399
835722
1659445
5758944
1566706
2995195
2534121
2656324
2056676
6304163
2100466
1142976
6514883
240935
3998315
78838
1253433
2146353
3050728
533857
3804503
4842679
674653
623075
340014
97808
2843043
4678718
1034623
185973
152714
1047342
3428402
543070
4526519
7428030
2373105
398065
4483457
3387605
5282901
1876633
2157218
2737291
650330
2525114
1930989
1431231
877945
2389068
1722499
2364593
674062
6383258
5415415
1379995
950471
3490731
4680893
421192
2975428
2926191
1729887
3126382
511167
1559224
5629710
2507503
474229
523892
1617387
4358807
304923
1944120
4583613
1846721
2887071
4506760
2627409
2536068
1718979
363712
4856268
202421
410080
4316256
1360648
819858
4429648
555999
2851360
1537641
1036093
2536271
14535
980236
2161654
554004
2557678
3428329
1033855
1818463
3036099
3732695
2628437
526826
7923942
805754
1154659
3231986
4434961
1393948
1016362
4098415
1358930
1351153
4804784
158657
877633
1754597
1287801
5508688
1362843
1066372
2197166
3389222
6381857
2218383
1379445
2843068
1308080
505811
2096659
5581718
7437797
2747226
7135355
1301439
5916712
616891
2167167
457873
2413459
1893443
2876323
1000405
2068953
132583
282255
1407378
1767319
263276
1011206
6818340
953255
807238
191343
2053852
1464898
1019619
532098
4964974
3383017
5526463
2218481
2868615
4540301
6074924
5750522
2669769
6448319
898442
800501
1263332
1203860
3681274
5137524
895393
1689840
1709194
1582820
2232359
2495129
4036257
505488
3755637
3167604
156624
6298288
434154
1862891
1054556
243407
3875822
6205037
3841130
3634524
2776774
4433672
1179190
2112587
1897531
1921752
5343808
2516244
3784201
890876
164972
3167432
533387
1145283
5104354
563871
1858197
1441588
937100
321171
5523486
2552870
1222193
5299110
4555795
2070066
4134823
2223703
2737958
3658308
361854
1701206
616065
2764865
1637660
9474674
6863543
994208
577771
1492308
4604168
2706013
1326768
7991004
365168
88717
1528238
668744
1426473
4112204
5324557
1876466
494871
1648495
988237
889877
5339364
2296543
1925777
2497966
504856
1915194
4208669
3733878
3092407
2759580
4913991
206076
4063700
510471
3797856
487815
1895789
803063
2684741
2228031
4720878
3497918
21806
6151172
1452403
3641536
3142241
360824
530415
4042013
1108565
2920391
5462094
341790
1409543
763231
2511580
634723
3652578
2022625
4346834
2886589
1624798
830606
1257201
1498735
1798865
291327
45090
222355
3121301
7331920
3814024
7616207
3217247
6308743
2335104
3404582
7071111
3614863
4611654
4417371
6141574
2661098
27596
2268796
1418198
204639
15252
5893575
1002817
98466
735980
4824013
7371479
4914472
2646866
184584
865042
2111535
240166
6045001
3159016
5319566
682015
4766692
1148412
2851638
7041524
3049499
4640650
4473959
5482313
273011
17775
707277
4334057
2204383
1227596
346619
2339281
3465343
3650696
647868
2150644
2357815
255315
4473234
19657
349283
2905189
2365963
1601886
5205829
2467449
355564
713962
3896118
4863578
1032855
1170520
401766