9934
25891
25160
34013
32334
26455
18397
2506
3219
1231
26025
39335
3150
27903
38494
31944
33256
28003
7091
16584
8718
2770
27712
45278
12475
8107
25157
3296
36870
783
20167
11887
4840
8805
24752
41190
5242
12334
8857
45106
47284
53460
56588
9380
1908
3073
948
5981
35735
54799
7468
52188
54901
26240
40594
17158
18616
13536
19694
18764
12014
21548
16891
20969
36309
18297
8329
19617
12486
41191
28020
27844
75307
12579
15620
16182
74196
8762
8642
3215
28162
4885
1896
7454
36320
9413
35836
15803
38379
32351
4980
68164
19061
29292
70323
50924
9135
27190
11588
2862
7576
2742
58790
4351
13635
12531
35372
16623
30467
61460
7119
716
26075
30949
12280
16231
19059
29679
42912
10821
14708
10124
42907
1509
8049
1579
17689
65880
28204
37285
60534
8233
7827
31269
20434
74035
17284
19283
15649
53928
618
16992
40481
56666
9089
16736
28231
14276
65319
6873
37942
6260
44219
6438
26483
11524
40127
20910
787
40820
92267
21349
40445
32387
2935
27820
14886
7558
56957
22980
45935
20792
8729
8977
36736
69338
16675
13990
14132
40323
8607
62672
23140
46414
3425
42628
18193
14845
65018
27898
11043
48378
8976
3202
4768
33878
24562
96
29998
13666
12079
696
59388
16239
46808
16768
22276
35956
75588
18639
9216
12775
55086
68355
1179
19534
21577
30670
31420
13491
8407
70595
32590
30305
46753
4204
10791
46369
21929
22745
16257
31428
20142
17539
10101
6338
53122
1080
19317
50121
3384
26935
44527
11048
39457
21621
13174
49129
14751
32074
1794
45484
26175
30731
505
6109
5050
10184
58926
22012
16573
4122
88023
47253
12876
21977
8856
12275
11584
46624
32995
3566
13095
3964
3949
52686
9007
8022
53499
10716
7369
14890
74302
8793
1635
29883
66450
8014
52900
2822
1975
2943
762
36748
22236
40370
21751
12561
2443
61401
5133
53376
1145
4868
13156
40211
12795
37347
55597
16544
7570
3585
32395
69557
151
31213
9350
552
15248
1794
51060
10501
6693
4382
26705
63239
15319
8387
124
2132
2229
4157
3725
10187
43238
7539
4389
312
46073
38489
18629
13118
40444
47428
14800
4872
15151
15195
36295
2260
13922
23744
11979
78167
54047
19733
10372
681
1172
3875
17842
16299
10627
41046
55955
10478
33158
4219
10942
34784
8316
122
48991
8038
9860
1660
17261
48431
57493
46877
13852
54213
32435
7863
17459
5412
20491
22658
48647
40563
38252
42166
37948
32323
5948
34001
16714
13307
8815
6316
16465
41253
22389
24608
21588
16628
33246
7591
623
17289
33294
19543
2123
28758
20358
4849
34437
16847
36034
152
33300
46408
24820
3147
20825
39352
31337
16043
11837
8334
7388
33688
60412
19132
75748
38479
64522
4552
7134
33649
11242
24719
9985
5999
37601
24905
2901
1560
2535
11341
24893
44944
6122
3183
6389
18505
16549
20994
3056
18724
53444
5003
19949
35621
6277
6947
26823
30917
54698
21516
57892
4457
9503
34243
6812
23204
41805
41114
15732
17648
1775
54078
16636
24158
23336
65582
34265
4359
34710
30445
29856
34986
21604
24144
38151
36859
37414
36423
32943
20945
22644
36157
13122
1344
3081
24995
51230
14608
11227
49497
47964
10165
5822
4053
5488
15192
15439
38880
7517
2501
61681
43286
3103
2378
4534
13298
37198
5025
35153
8239
58127
53390
46373
59111
40883
13861
89103
7836
9255
17066
16845
38104
37860
33959
18734
61984
33938
38364
58840
32138
15357
9909
42390
33449
11472
2193
8918
1015
33364
12884
51126
25209
30125
34410
22747
20564
2058
57301
37053
19441
66532
18830
15988
9191
12788
4372
39011
6910
12038
27087
1961
12752
9122
36911
15827
8759
57736
20369
5866
20168
20638
60477
30830
9914
32597
26872
4231
39309
30325
13688
5118
54460
50172
15649
12197
37361
81100
3542
46597
1005
37812
14266
67393
17503
411
39330
72330
26853
23338
12104
19448
200
21942
26253
12911
14812
19506
42988
7233
64590
47649
31512
58428
48409
4730
27530
7112
13955
35883
22487
11111
72097
24838
32801
11390
34311
4841
80879
16807
26293
11660
15390
1737
42369
31843
41143
17717
22586
22119
9166
16108
8212
2736
24467
35080
4712
37349
18882
2465
13732
39544
54224
10292
3614
16944
59801
4375
5634
20041
16316
69043
19576
10102
45133
3996
3069
3078
34739
30886
3065
39756
49206
18864
25154
4773
30016
17980
46088
9785
34296
897
9701
6238
48256
3239
9391
18483
41884
48362
16169
83350
122
25669
50285
25940
34322
34838
2103
22031
29948
2101
12686
25316
17558
58679
34315
48985
41728
31023
54931
53530
67206
19247
51035
26017
30643
37653
54532
36856
31035
5772
10435
13179
25026
1877
18147
25674
11849
12061
45793
4382
4397
639
12766
9754
23396
33144
50450
25918
3382
271
21794
17634
10234
7992
6427
31084
48549
3743
19300
17050
34415
22288
11775
3916
20634
5299
61449
61744
12578
11706
42854
5097
9261
2926
4493
46207
35860
39485
1220
3670
3156
16793
18142
19856
35682
19611
41860
15889
53579
28291
7692
44205
4106
8380
54918
13617
14531
12603
81667
15756
65805
18708
30769
50905
737
16206
1026
20030
12628
10075
7419
52525
55945
29041
9809
10460
22191
33246
25751
55704
42716
6403
7980
23868
54183
44171
2435
57339
7894
38003
27925
26891
14274
16524
37103
25329
14284
17834
5706
36597
14273
64852
10055
18762
12961
28681
56020
8639
906
13574
60945
39283
253
41504
8217
12741
23734
63569
766
42618
13505
9958
9152
8105
2234
8372
3019
41405
13773
24205
9695
32534
3996
45876
4953
4556
38489
6526
33187
9
55149
2917
801
4884
40614
5246
51432
12129
20786
32518
14113
12649
9099
66292
68291
42644
324
38067
26697
39269
27558
27317
11556
59594
55181
4755
24284
6049
42535
9823
11287
25527
63321
39100
56560
5931
5309
28921
41469
1417
45947
42855
22002
15849
6986
28788
12419
21402
23131
36401
22383
19584
10706
3174
10993
38019
4887
15053
14633
22418
14050
453
8671
5934
22913
41264
14986
6906
23026
15520
28872
41247
15503
138
33722
16387
14212
17741
9904
37663
17918
22986
1700
22792
47362
35856
11619
49453
55195
48437
17102
31066
12043
59571
29361
12504
37826
51717
14078
23230
7304
9782
11677
20901
28124
18783
23877
58955
16297