1805
54986
26971
9947
16670
12890
16412
68968
2993
38085
50990
25624
62247
66147
23019
20574
23956
11307
13418
17025
40254
71973
4350
8769
36907
27910
59245
14837
18116
38665
65682
6663
31862
14187
28867
9901
6239
30057
43232
3977
52582
35540
30979
32148
23096
21445
16136
17392
37526
14777
10411
21143
31242
33134
36944
54097
5025
12262
17676
21987
7931
66302
26773
15530
20108
22507
6149
75412
2674
38129
31032
22638
4620
15987
51018
22617
25923
14351
35621
49668
19495
63462
10992
53316
5647
4790
30600
31412
55819
600
16757
47799
31096
31784
23069
25665
28858
12175
35897
38784
25500
33748
41592
25451
49651
3977
131
38145
43018
71185
34540
23275
59227
69057
52805
49669
2639
23883
54258
29196
29757
25742
71325
14144
14632
41768
16311
2816
7912
79469
2620
35434
13876
20101
34577
43493
14233
4970
23630
606
21618
21483
22151
12752
41746
12045
13888
15412
9153
4753
27012
5366
2184
12945
33385
21099
39963
31511
19991
42554
43124
36124
77487
33404
17507
27954
6624
13741
44881
8369
26683
10831
31059
1266
41851
27692
20812
4473
4929
25269
22735
12892
1331
60613
14396
17570
19654
16845
42942
3523
27871
36072
2510
48760
29619
20844
4721
4297
66598
5762
26682
11124
11857
40134
43810
24567
19286
20448
36277
21426
55346
46491
4374
17814
8159
1585
25507
63102
57973
5688
15303
43190
59509
14920
8038
2289
29922
3189
4094
36471
46597
78792
35477
7522
20499
17219
33200
9080
30967
15584
21436
57445
4903
977
1319
1931
33846
27937
34845
5703
2916
28880
41584
10218
2370
5272
70185
12681
36135
7407
20596
59835
25835
37710
19521
1275
9319
60203
5526
8946
54080
10766
59916
9212
11376
24276
41259
3462
71394
18511
7959
14760
3620
44580
8672
84811
13112
51032
3461
22186
28761
48633
38814
47934
25128
6140
44037
3320
4779
11179
18923
23431
12609
1344
1951
13910
6539
19167
7135
25698
8226
8272
45868
39060
10528
39577
20941
59046
3422
4553
9874
28005
68129
55268
6238
46695
18829
10366
4353
18751
7457
43307
10237
52429
18640
34589
428
6218
37515
965
56687
14615
46643
56615
17734
17046
61302
26788
9573
22300
20316
36174
41726
288
9497
47297
7419
26796
3702
10175
32117
27884
7547
1444
19126
478
26774
29999
329
21145
46866
17646
27706
2790
6922
9406
23065
26817
19144
19021
24859
47771
21791
23037
36034
6700
5050
7511
59607
34439
13720
7390
516
66120
208
20510
34997
12673
35484
10509
26254
13160
58089
29287
7537
32128
32039
45431
10503
40289
76643
24742
23950
7464
20874
73909
42371
41688
13887
27143
44786
3147
14121
34070
53900
22137
24616
4040
53632
4811
18110
68216
1013
56380
20065
27888
52834
19617
19722
28546
6424
45867
1019
14370
5033
6431
62023
56919
130
2746
42016
26371
59212
41548
14779
35336
34079
41518
8101
429
5005
27670
8134
44417
37124
41679
10768
17966
7616
41090
50558
9641
2625
16504
24651
25112
31931
38278
44574
1162
44465
13507
46599
77262
12376
4350
29547
20635
52996
35817
10184
16585
6806
41196
35077
4926
30585
7320
75423
33992
921
907
19033
23654
51527
27096
3964
164
46497
25386
15197
79228
6837
25648
32187
12256
39438
64891
28553
47838
35536
9091
20093
50504
6558
13764
7433
30610
44128
102
28082
13861
10373
20512
21797
26979
56017
10054
5736
5406
4334
294
38612
14752
15577
15940
2386
23377
18008
7161
43708
15878
11858
12432
52192
18517
18318
80109
20532
49557
41686
72399
10223
14272
3813
58040
19869
11605
14304
35254
35821
20492
5882
38380
25152
26253
26673
7579
8170
51173
45835
60742
8265
45
30047
5121
31089
50889
38064
3333
23373
34175
7695
4918
3717
52638
82599
28687
45349
53543
24831
30081
26653
38454
1730
35223
27597
55889
59317
36593
43247
27462
35148
458
348
66847
24398
64461
13993
26951
17149
29019
26663
4280
64194
35329
15443
16924
37713
61898
39910
2280
76481
34290
9256
44139
15465
37899
14950
17123
17098
66286
38436
26043
17773
2705
3453
37045
4344
27942
6313
46055
14535
14191
13199
60838
12534
24585
37650
25968
6250
20495
12227
54214
62538
36820
18938
8793
1535
19264
60813
55819
12514
5128
10516
36330
731
12713
15644
9606
3661
3191
39508
13405
47989
18345
1699
78103
38522
3088
31557
45084
20868
58598
30076
1600
22332
1522
15784
26695
12912
6376
24645
4079
3764
7329
27002
20946
29908
75543
36108
32477
5842
4084
28723
10292
73082
11209
46442
25696
12221
43866
17116
29865
57289
11522
16914
39871
11145
37893
3483
52747
10998
50705
16246
15328
19149
49299
28733
17082
14613
58437
7219
24573
33929
2807
35815
112
42651
68009
1071
5255
42598
32784
6169
32896
6913
16870
33829
21302
12142
31903
41837
31183
8764
4656
14429
6396
6332
15081
20422
28032
12386
38613
13458
2509
63929
10579
11360
349
3889
19625
8553
1220
11707
1470
26570
22334
22414
30304
60550
16645
26939
2132
48754
14352
1283
48788
26083
6585
18016
44843
16094
6426
22443
3056
818
29035
51773
90285
49284
6568
23543
62
28167
33068
60793
13237
21857
432
7036
17123
1977
20543
19417
29989
11783
29709
43630
20968
70811
30953
14955
23870
22006
57791
1344
26975
55898
55023
1417
18981
19102
1977
10416
18730
9713
21183
57478
1123
10584
14994
9054
1332
3581
3440
51289
20178
63626
2595
2610
38429
66299
31157
260
8646
4256
29979
9914
37673
67966
35208
33358
40052
4920
50015
35098
47469
38538
16126
16757
61478
30952
570
3640
2378
17162
14624
5674
10969
1749
13816
7283
51610
18042
42892
41166
6007
36422
50000
45879
4710
11989
26722
64427
15417
20869
6238
5692
43091
29091
59960
27671
27474
8004
49025
40926
35298
14105
5605
17419
11773
12414
13760
3139
24807
2896
16473
28558
14202
13245
16058
27777
42368
48824
26057
859
3710
182
2785
40591
6210
55184
14544
81385
2748
18492
34903
6451
8697
184
45375
29586
51367
41396
41255
40175
11825
31453
1709
21915
8503
17538
19029
6509
46520
69798
9985
21802
20316
21828
1507
26250
19293
34897
16365
30431
62702
15260
1994
28614
25689
18742
50616
9671
17696
26776
38580
35505
44744
69692
23955
9025
14347
37322
47939
24841
27981
19039
9801