5106
4301
37427
59182
22449
9897
5061
70900
10238
5836
15161
65110
1801
33246
4069
12710
2014
5428
87247
6446
17363
23219
574
39618
78359
31947
33673
61000
12283
24528
14272
13413
24688
28808
38928
21650
14698
4192
3826
17196
6814
26531
4110
17785
27978
56121
14453
3057
62763
16980
55468
32949
22978
55815
12193
13703
22257
1443
17748
40648
3563
27309
15985
1466
17889
22631
47817
5009
13225
18990
14716
7991
22462
51128
20558
7993
17638
46946
27123
74531
68888
36113
33520
11833
40838
15718
94
3943
7388
46853
39795
41533
18050
9023
13834
42255
2743
37221
1010
35419
36709
3759
29806
31300
42267
40227
56858
15151
68838
576
46079
19530
12360
21659
5276
37109
10483
26117
69999
1537
44113
53049
471
15684
17693
16276
45425
1044
30996
65727
2367
65976
25302
55451
11674
180
21732
35301
48764
32945
6820
73264
61159
63899
23559
7099
80694
31492
25748
64796
30728
14093
1745
26187
1677
10568
16156
32005
1336
38542
17463
50650
55287
5090
7620
12893
40038
72239
20333
34567
67846
27328
45901
19631
35184
2064
22367
8505
13527
5248
25328
12674
50177
1702
185
21031
18151
11137
36799
18408
5039
20016
30049
61607
44584
13959
10336
26295
9943
5133
12393
37590
4938
6752
22855
1560
32663
25204
19870
47749
6512
81790
41958
553
3822
14710
6773
1592
11865
3318
13715
82124
8116
11358
39669
32485
86606
14388
22436
22569
12806
66125
22672
51326
11907
33354
51426
50703
5523
71614
2799
26273
48337
2032
22688
18893
16226
9656
4769
12638
14689
602
12652
1449
29657
54003
18708
33707
10503
7433
71977
21840
1126
8417
23733
26625
34478
3472
8003
36345
19983
39678
18956
34080
25554
22960
10055
33846
1009
20486
1233
3797
40459
25031
36172
3145
32504
6183
82757
25678
22677
39155
18099
491
53351
39885
23542
5051
19175
8968
30755
37928
1493
57103
33509
21950
31777
7909
43173
40787
9398
16077
30860
820
3728
65078
1602
23853
4402
79966
56686
6978
40418
22164
34167
7562
11860
55562
42423
10270
46877
29616
4645
2456
18381
36580
44776
16183
81420
67187
5288
1065
21165
71424
11398
23358
33345
53779
60891
12972
51961
48839
4208
45132
8283
10352
47136
52324
45445
3321
7810
1292
24865
1932
19867
43457
2458
3014
8489
20811
14088
3259
1447
44214
6473
9087
45423
66458
37650
3946
39285
31890
33566
4502
38254
4873
13445
76581
46947
1767
80546
16494
9491
78147
28306
254
26250
18551
15029
14026
72193
6917
4787
18517
77793
5308
70823
86241
61676
46490
19383
21777
42814
31725
1243
66668
1632
32773
39593
2650
14024
10736
9102
11370
32257
26709
21730
2652
10834
14104
17346
7186
69759
40005
6064
21204
41014
24994
15032
35264
31649
24880
32747
46395
3418
27027
14010
53872
60393
29464
589
14835
31650
5215
55925
10130
9555
5292
22268
29754
22644
9991
29369
26592
22366
14634
7051
73949
34628
3083
9386
20220
24400
18463
17407
14678
21561
3156
9470
307
23260
43508
4982
18952
31545
13628
2335
3689
7355
11397
21572
51061
1824
67584
8564
43962
17193
17689
807
3846
32955
17945
10208
4451
5218
60847
5761
28139
13421
58164
5531
88263
28961
65143
3088
28895
14925
12472
5421
8071
33088
11966
35123
3986
8040
30087
21513
71025
48804
31662
18283
21666
27393
17180
2176
10014
1970
14402
33149
20952
68277
8469
8563
1977
17534
39847
5200
40365
33699
8445
18823
3670
35377
33821
53361
31116
52828
15075
26033
13827
55541
26663
21307
10
35777
53919
50806
6494
18491
19176
2020
20168
62700
46258
38083
23393
19574
2099
26037
43692
9242
21137
20555
74558
3213
30678
18521
23125
33548
13357
17578
16964
20026
22418
8988
16832
38311
10038
9572
24502
12306
50027
14428
29246
36845
18805
22502
25792
47503
21724
22191
30376
6327
7982
3392
59659
3529
41888
4461
20756
56495
40776
11197
23290
11588
11899
23006
6872
81914
1485
79001
6758
951
42979
24484
41270
26339
20590
998
16471
30792
3605
14459
3224
55887
9290
21661
29386
29350
11202
15944
17564
8258
28265
34415
20274
8011
3281
42889
57594
45329
46699
21400
12730
5200
2146
10315
3505
57275
12703
20290
4377
10484
33738
20560
71260
18986
5857
32055
7801
369
31441
53447
3275
28815
7654
18036
28030
74065
12151
38485
3304
14123
14311
404
5504
15239
2496
49790
17036
29385
4717
514
48915
20611
17534
59540
5471
17872
37331
39037
16235
4376
49290
34684
37154
18496
52473
45328
74
14762
15796
24288
40002
46572
55887
13574
9249
66956
5488
13945
22537
61810
13572
11081
29957
71796
6836
18698
25583
13923
14419
10501
2424
17093
85346
14111
31368
41084
27405
17780
45387
3305
2197
13628
18229
62169
7928
7777
13939
14272
62940
36186
27613
59922
53088
30855
4507
39138
25541
2314
645
41244
22495
8143
3227
70612
40571
29563
31029
5477
36836
47506
25102
8309
15152
5673
18080
8793
3354
33436
5863
1564
6694
45452
57170
16059
8266
52962
41448
9541
11898
42372
34341
27037
1219
14948
26863
21612
13193
27142
19714
11583
64723
3995
1845
11238
4737
3775
57638
6581
22282
16579
25591
15529
8776
49297
15353
30861
7509
16135
27134
17660
1747
35963
10806
62543
39208
42004
12428
10582
15555
32090
44259
1889
15218
53838
15780
50691
8803
23165
45601
39750
322
70
54993
28064
3551
63957
80285
37662
2140
44878
48708
48898
8975
59478
19947
94205
46512
30025
9119
39043
2729
82131
14021
29082
7266
35229
9416
3339
65432
10233
33937
27825
22653
30053
16253
25066
44567
4445
5474
29109
17300
26941
23219
49126
36629
7850
8945
40969
28857
16955
31828
26280
71067
24746
32554
70171
19101
7978
73922
26982
45672
8657
22310
34098
43157
53016
2234
10749
8145
45061
36066
4236
33617
5802
26371
11096
44296
13151
36021
12052
24576
66561
5650
18520
34776
9407
20513
2481
28374
21674
25682
42048
2552
45071
10501
18513
12386
51082
55516
30731
34894
2209
13912
62833
22291
25862
6753
41346
51773
14848
36542
38468
21203
10951
4024
28512
15831
2723
6878
3170
53395
6356
1295
11717
35354
6721
3419
39260
41270
83464
27253
6633
15463
53598
8265
19735
6976
68941
7407
24862
34188
27027
49699
1720
7602
44589
12772