18050
44211
31150
45257
51000
6178
26842
30562
32254
13032
8964
10638
14162
21111
30322
1904
29601
68909
49470
7138
23984
39817
16447
31394
77641
43439
5660
1189
26918
18873
16613
7032
14942
22798
43709
68701
27471
13264
48268
38766
42892
11197
56935
74403
1639
18048
189
13747
28642
34335
36539
25652
30407
17166
70298
5101
3524
13093
31289
42334
43234
13856
24102
967
45504
2696
41857
38676
9932
7372
9571
5571
2749
2033
8321
9717
43066
28521
19204
11668
50728
15231
3318
2765
36564
26161
39171
9750
19650
20259
1462
14351
2866
40099
45788
467
744
21207
8660
24539
9324
3928
37191
3972
43123
17587
21572
23430
30067
12185
4912
536
67680
44629
6732
7042
59919
11046
9920
12413
13940
39133
83299
40889
4123
43112
15479
19820
7950
7059
54983
1062
27065
12373
24099
5947
34805
34466
29208
734
40244
9924
10149
27997
4177
46861
687
45210
37398
10061
3010
37092
12697
64498
5445
8967
11058
7943
43561
39799
14741
168
23363
53841
1245
38015
11232
28316
18143
84632
29931
7730
16126
1326
47650
8300
42705
9422
69752
26612
16622
18322
75107
70795
450
61525
30159
14640
31681
225
18574
11807
33021
11799
58889
55700
4411
65098
19496
1059
33312
13527
5723
35715
9995
15598
42188
2971
1797
7930
47231
19592
29712
14762
13157
41066
7746
582
5494
14349
28615
8262
31464
14002
56047
5546
5233
13524
6180
28669
4110
35309
32837
37968
11588
57848
15236
6742
5710
32295
31009
650
43336
36108
13119
13656
76505
5375
54229
1895
18564
13762
33442
30227
4296
20033
17796
4377
15488
31188
17463
1564
18049
25441
6293
7562
60
5031
7071
1443
35030
15128
11187
9163
8145
20401
24241
18172
12409
58748
5056
4918
504
65511
23492
16143
31476
16619
36010
2945
3832
19228
3721
2991
51160
38775
2836
13265
4339
52354
15331
32659
20534
22973
31958
18472
28035
3897
9129
18222
2530
29815
18677
32166
44132
8280
54483
59528
28397
40623
20623
16001
17127
9706
5053
12689
40495
51160
27797
2291
55585
4545
51806
3613
59738
1961
44106
18122
20356
20795
35656
19514
85370
22976
7655
27673
73460
34313
24230
12909
26643
11241
80363
3973
21034
12174
22571
904
72632
20255
35120
39952
14105
50014
26652
33741
14195
8199
20684
36231
3461
7456
45843
6655
34295
3810
21460
65273
27683
153
8801
33127
5702
51965
19725
30269
27352
23495
57402
7015
11985
314
15691
14584
54
22012
17722
15471
6244
72485
21989
2039
38494
2163
5654
28366
31582
6114
1465
17649
9788
15648
25763
4314
4027
52899
42548
45560
76624
14962
2886
4029
1070
3063
9196
2609
32686
10637
82417
4760
35508
11452
20420
30385
20013
32402
26745
20813
36318
14241
35748
77170
9239
71609
8813
12072
2705
52765
29013
8049
9867
59783
17918
32764
8070
47777
20411
56361
30017
4079
491
69403
5761
40025
13319
9488
35684
17112
14830
32130
2746
22091
40249
19441
568
21384
7715
57294
5930
40559
14399
41380
19415
17602
11898
6164
14299
59705
24365
15421
12147
31638
14955
45250
19304
11379
23710
38938
8832
16387
8031
22869
42472
35978
57127
68324
57535
25901
5013
29410
29471
35649
21151
9952
19225
48766
4124
33166
75399
21119
2435
22986
46308
28285
8420
4063
11284
19280
3814
1821
21103
11806
40590
14262
17927
21788
25782
10912
45965
31330
1398
34413
49880
27105
6788
29430
17430
9886
24625
18150
5245
46664
39551
44143
48399
62682
3368
14258
35433
64820
5062
8597
30488
6426
20819
36756
3890
10538
9200
8718
26061
11830
37517
6544
7473
22402
24994
46607
9726
24596
37954
5057
1492
45487
2472
33122
43135
6637
10952
8389
9041
41867
62252
8038
23023
15930
73683
51730
22124
41914
64975
19074
55911
33351
25810
15469
9050
25375
8062
18344
5067
2304
38429
39388
42469
15717
450
13704
20440
11193
3585
1773
15041
75070
2745
2812
6051
3314
33793
4966
51212
6610
24614
15677
30530
21130
25520
45850
50539
1950
67716
58540
47286
2815
10284
18147
14028
36895
40680
3372
38885
29299
9853
9696
28439
2966
22694
52891
33110
25374
12457
33502
34297
28312
5425
11043
25938
14481
13013
2030
64848
14192
13350
6103
29626
12895
20318
88615
22700
52730
11196
33144
30502
6919
66536
1337
26929
16227
26593
40186
11860
19124
11997
60034
11996
24303
135
14568
18051
71958
9779
36435
45480
5151
78061
69500
1268
3184
46934
15452
49905
27306
3636
56344
11545
25436
6424
52465
16147
24426
86495
17333
13503
16065
7684
418
7524
46185
26096
29041
16404
717
37009
23663
18932
53975
26549
35115
42712
7243
316
22803
4634
15337
44889
20127
36061
16113
33587
13961
5358
49845
22228
11872
4062
27811
6816
65307
46269
8043
66790
13644
1542
9757
15131
12164
1757
11171
5248
14776
54143
32538
33827
11912
21120
74310
32314
50491
17329
18626
31304
4039
1466
20191
12521
35268
38146
24401
38073
42790
2689
4435
10551
24867
13813
51409
27075
12327
33741
20090
11609
18381
242
69744
30885
17972
22767
40396
39635
52278
8566
7716
5469
22714
39124
45766
27455
47821
22583
3837
3879
35074
25035
2521
37113
52375
18390
21093
35855
13435
26276
49593
20157
1583
19383
16139
25213
77055
49926
12738
11796
21793
62847
39473
12592
5606
22750
14822
81173
10677
2517
6429
8493
8542
6526
35034
30782
21524
48582
31744
19173
46228
33190
7668
146
42010
35990
43663
12190
3220
23043
52304
21791
27697
40499
11018
23159
11440
11750
72570
33553
8572
918
27053
41015
29042
23282
5459
9257
18713
6086
12916
5411
6901
40487
28141
71962
6078
37452
25429
36942
6523
7046
1767
8588
74319
78182
12203
29983
12520
3007
7039
43655
42102
10975
18057
81910
8349
19442
21549
56225
5975
3644
28960
28901
6533
43326
20157
9416
14319
6780
3670
9386
23667
41142
5439
19656
1326
18750
37004
35670
32134
12758
28823
19680
47173
40665
773
15553
5493
43246
50022
5709
24274
27601
11745
14872
18346
18573
7596
29620
46649
38491
13657
4611
1280
80445
69503
31879
341
38113
7197
28319
14936
6265
13817
15093
35779
12623
1565
56879
15903
22061
68607
5898
3958
13266
16453
13999
44814
12492
7822
79182
14324
43641
34342
584
32418
4587
20159