4927544
205359
6536917
2265304
2891700
126751
699563
1310568
507684
35313
2457143
1212162
718969
2713573
5774063
2021971
482881
3046682
882578
3854072
4010939
5091573
415293
6897781
1656840
571607
632916
1454571
957215
1766984
945224
3625468
5906284
4708744
3009936
2497158
4344858
2429951
4324880
4363808
483421
18367
2359333
4759162
722159
5019543
7317025
3239337
4293218
2151482
2345929
5926251
3311471
1683138
65903
4426261
1226432
1953217
889238
1138605
1768883
2483624
1459660
2711110
1715336
863924
1061506
5692900
1477246
1820894
841159
115764
2045409
1505772
841772
4656326
2644008
3019412
3118635
1300741
6995613
1089257
1342945
2460396
1148263
1856117
1787672
324581
2557309
4007568
4329642
1300767
4442008
3973020
343870
4820437
4624194
3284437
4044264
1040273
1765521
765897
2647581
6956544
3756895
1256561
676772
986012
6185504
2727464
91855
3292548
2075342
287198
2019765
350433
172116
1225299
2808629
463834
791341
135155
3535393
1908439
2515574
54045
4163284
4537868
714214
3566552
2289571
830638
2060534
6267103
2244393
116386
6106960
8155627
4843956
4912405
1920039
1768025
875098
2618205
806144
4680887
7611777
1058
4002402
1034104
793097
1269616
1394383
1064440
1269286
5488363
6862641
1450372
7242364
1471884
2978122
2652444
1426331
819378
257156
1154485
2679912
1167075
453733
3496403
3640201
401787
334172
762017
2074353
1727818
3574417
1905724
1657953
858477
4566431
3652123
5530483
272894
3948530
1782862
1186543
6046653
1138934
1227808
378953
6101411
3029814
2004402
6137049
3317803
4431712
174360
1938007
1546974
4759203
2354820
3071975
565865
3050250
2844629
432571
90931
2841442
2510801
2943245
5183798
546498
658388
505397
38320
748858
2430582
187212
2132350
116440
5400591
180261
5178913
3651051
1231063
4185136
2454903
3130474
1875676
478802
492208
4994260
1024772
353026
4400883
82359
2696765
1534435
3300352
2243897
3328635
3858823
4419834
1134879
6190903
5381025
235242
5648251
1180731
715951
1838419
618848
715287
4144473
2719871
3597801
1432836
3336170
391337
167591
4149059
2246091
5221691
2107776
2924332
4692173
22146
2656771
7357209
2351211
2848321
823427
2458952
24621
6362645
2173588
1314922
2074116
2639671
3668751
333799
1809336
4054092
5222091
2696946
1085652
2263323
91553
2960624
3365990
7777710
689759
3395806
1428807
2502252
1562865
4145620
3587175
867668
4242119
1119339
5566499
1162213
1258565
1177098
4351080
1231769
3765145
2459381
4714428
1129331
3930848
2805466
1227833
208324
1936589
4043977
2449626
404441
4064051
2519306
4384291
2243818
102411
13848
2510302
3615187
308896
2918556
974063
763075
3043475
4565480
3346995
362883
2532251
3523035
3327964
4691869
539947
816625
92428
124061
135385
410684
5629009
418374
2195367
673243
4346081
2954522
2973098
4370914
2557581
3145309
1853535
2101761
7049848
1031717
6665274
1114224
1808665
1798448
6446189
2330545
3096799
1173722
1644726
2451223
4971020
3910674
2150800
557755
1903247
1776794
3000416
4979208
468191
159727
2901904
5007593
2318932
5128940
3263416
5267448
757143
1183037
3034052
3258479
238079
2654900
3211927
6461920
1714598
1452203
3420663
447506
1811231
21584
4276965
4626368
2868296
3854197
674694
905631
1201917
5565542
1970283
831837
2950455
241709
985246
3704036
2050200
1694436
2399849
2056932
1109897
6090788
2707762
325468
3690558
947337
3626028
2488649
3777668
740333
124798
1190408
7643210
679110
1834359
1054298
1466828
1414000
834539
5441408
2949806
883225
5117350
2568471
7792425
477338
3877068
2342582
4263992
1063014
5854885
330590
211747
4063952
588789
489152
461312
1614915
1470333
443235
6836715
3921167
2529149
3989927
3031974
236660
2624890
5733239
556683
4921132
1117872
516540
214697
2185715
4178676
1058246
951254
1520105
1041236
1017024
6169
3329583
2094552
3086640
2509882
357789
3024954
1526688
7928536
6087164
2994815
2809059
691
4288952
404229
215894
1488222
2975375
3299914
8326142
3683293
2926738
3011715
1899187
89311
164073
5054590
2153271
2231909
2940883
2135690
791491
6690318
58289
2700811
1519920
5750983
4367257
3119171
101120
5118242
6636934
3371245
4065181
3856321
433013
7599846
677033
1457471
672101
2111776
2052002
867227
598398
306971
1618964
2116069
284918
2938415
1870865
2717962
1796046
4987509
2231419
8260484
1426338
2019794
1233638
1738427
2581994
3925671
2568912
980575
1129893
1626032
4643102
2132561
487159
3851551
4255842
440089
191717
7923664
6830174
1002418
211333
1177377
3505718
4388247
1007509
3994666
2321125
4379142
1919443
4789256
656227
692245
1651796
2032485
5965831
672132
3095111
989098
59353
5892791
138134
3433433
206162
1894217
93041
580579
268017
5209600
4096437
6835715
822730
9920
157568
5983051
2981869
806963
5975280
1256878
1462008
3865921
614128
7584332
1098503
807738
2635394
3151877
2130871
1375521
6113453
175116
1582117
867841
4533741
242541
3132145
2111230
1596218
3917724
3476144
3242681
631504
571732
2810451
33612
3599874
228132
3864074
2318976
1172873
613251
4258090
2430308
844449
3502183
2069631
6671778
323036
5990289
2781832
1567124
810220
56921
3678860
7749211
2857904
1104055
1916800
3393437
3353559
511827
3778097
7682262
5425752
2058459
4299921
1463143
1904852
799307
3160763
442110
2223944
1575760
471986
452512
1740384
2925230
4533475
2084111
514770
2834661
828565
45358
816949
1812949
7544190
1566484
5188228
7086163
1187209
2919484
13500
414832
3550414
539952
2287492
2814068
3682032
2288475
1798834
6975469
2194074
1843267
6466769
7051662
3762572
5054319
2423123
7890840
6876732
2116935
3393300
3842967
1314858
373969
1217270
521057
6073122
1787913
1078066
1323234
2623580
2693606
6151366
680415
5493319
1564067
2079502
301136
4056338
7248969
795789
7647120
4823159
1325857
1463237
3807981
1651488
3384830
2104510
1068493
510320
710983
261443
8810972
771648
174053
720861
3564639
1050989
61096
929444
457155
6188211
3381416
1099514
797822
3167480
5779532
96930
3961040
1282095
1797954
2688726
1479482
8538463
221419
2867240
4549200
2698037
814972
2727269
669309
5823993
4187511
2730108
1873231
7313671
1198925
2464116
345441
773187
979749
6418754
2647006
2903284
649737
1598900
366476
3286301
6020750
3377993
609332
57662
1697523
615020
4004388
5040241
3130911
3943616
3039981
658746
4596399
385115
1210436
3526908
342079
2920656
1175791
1541853
1592662
1479244
6771065
3839371
3350566
851484
3201901
2209301
1723515
2525859
7366424
143960
288117
415540
3694146
272306
715061
898704
3567900
1807022
3628321
1336463
1267697
405951
464022
1050803
3487162
3155643
1672879
2082215
1185905
1892858
894126
2023225
4390177
1519382
6214314
3716287
1830705
1723203
2211761
1246913
2361962
2898454
4147725
661954
2823750
5612478
3003843
221245
2631785
6015171
3444530
603422
373912
6092568
114253
2117205
534082
1742568
4246612
1771438
2989965
3125903
1175759
618784
2311711
3662502
2358059
3920161
5606531
3679762
5996281
836496
1286743
875989
3733344
173484
2360948
1170325
638828
1880436
107391
2287353
1041048
1159763
413883
1172306
3943270
5374751
5019411
980694
3762231
1064886
763036
2042686
6931034
1501890
1075402
1763233
5334561
388924
3415594
598912
1481891
1759915
5548982
478394
2494036
6299015
2086652
1148185
2578200
619704
819894
206427
501368
4533317
1148666
932049
4333222
1335711
6536704
176085
141431
2723195
650723
1713076
5941536
7775410
4380140
343969
372992
393807
223405
770427
355234
1505250
572253
165299
846530
5219307
1823299
2278069
2669892
711124
1069485
1107294
2988022
3372430
1932409
1807909
2738941
5220137
1291685
3451713
3212624
54372
1709951
5757031
913689
5170558
4385254
4748291
384452
1513297
317809
2919764
1721766
5467790
1819292
146922
352550
2202730
1045457
4264429
1064557
3223354
141284
736161
278765
251220
431947
1093722
529030
295665
1732432
3086738
8281841
1539597
3641470
1636631
2061852
490860
1042220
2160059
2238985
1265085
693436
194993
4243924
1152410
4356000
3286729
4428182
1054858
4546750
1019630
437335
2533781
1909005
222024
319177
2145366
3547555
8985917
1190861
4215760
1702411
162283
2644738
2961160
6595172
1308149
2809129
51009
4851361
5544169
4001589
5673835
50122
48117
983227
4254119
1432688
4212789
4556281
156178
2532130
4982066
7366490
1159106
1847103
8408388
3881015
1777878
3634122
3884152
196649
6752945
4141722
3109326
4159470
5070228
202210
517958
893815
1103188
4163008
694160
4642213
5172889
1452206
775382
2237338
3281068
575489
1485597
2256099
1658782
3449395
4869301
4446555
2370390
2839895
1145758
1574725
5104787
4812516
5677122
561281
1406927
42864
3987496
6659731
822619
1919902
540126
8082561
289164
2277517
5424557
3944901
1527433
517775
1369936
2790227
5155272
2840420
2560844
1070225
532335
5672360
6231368
2856842
6666753
1513918
7459494
1680548
3342599
2124093
1099957
1932340
2695457
941345
1124024
1345438
1049034
4911605
6592747
407919
6566190
1964621
162973
4506241
466890
2361963
2524553
2504779
4295772
395093
5580346
3699363
1646591
1145774
4670363
1765133
7055650
413967
23967
792197
2490005
1434703
2187609
1066209
507145
2449609
7458987
3378669
2926898
3134511
974488
3058832
37726
3365258
1213632
2261004
2288382
844013
4202391
3257410
1433794
3276887
6162847
3313818
1975566
651868
4665064
1022310
1136995
2556008
645589
3105948
4117861
5306747
1595739
278716
170541
5474766
2350295
6255925
1396814
198240
6558190
2553009
1857970
309490
1340923
4451641
5165975
673614
2135216
4693079
26172
2086593
2180298
1608761
4801278
4398145
6076863
667286
4374517
389192
1255444
901032
1817134
374315
4136439
1694032
1994516
5087968
4669832
499718
5503638
1077294
1801449
3327798
748666
793586
2834248
265068
917452
6067736
1465875
2221663
534137
2549441
6326781
3299756
155682
3464811
411585
6477936
1723032
1911389
417108
963576
1644598
2035020
369623
4263956
149350
3882272
3205062
3370768
1730648
2853863
5916437
21434
135657
1915796
3230581
3897775
268756
4217919
2398612
2814524
5543206
3279910
5540517
816612
1902691
3618348
2182501
1041638
1598433
2143768
494482
1991884
1608050
3788761
2260632
2629471
462131
743909
1100167
21874
4687267
6700973
1323112
3807509
983086
1932227
6096599
4465289
5470268
6343188
1556202
1278705
3766245
1183588
2508354
1299719
2958698
4285785
2246974
1330795
2825340
1901964
2352657
1666853
1452933
3889691
1686326
1471117
3385414
1476373
4904574
2582043
1837543
1730536
2322293
5827877
1659502
5281884
735956
1329442
2477712
2930492
3105009
565141
461624
582181
685906
2733483
21074
1445218
4898040
1803421
3256939
3235360
197018
662974
1011652
2596776
4726240
5098375
4797878
1044643
1711141
197472
1584516
9649517
2423882
1442725
721667
2786915
2842944
1857908
2848154
1933572
3296332
1057934
441659
2275745
4204660
120141
3197186
664840
703913
2186261
2778184
5912258
1502478
954014
961673
3314004
1578652
1373466
1407105
3674404
4144825
1354462
3653669
134204
5789847
118189
5296433
2350116
7970699
3599398
2874473
6941536
3351685
2356859
699945
4110244
1721407
5797889
2467842
2372350
1245983
1607324
499496
221994
4703002
1088533
1563206
2218802
4167873
341652
2095228
2038227
4033704
1256865
3905538
2216482
414009
3898242
118633
1157358
2124043
3439899
191071
3134183
5130577
4511620
2309063
6133128
359391
392590
197779
820091
6601299
3177979
4228554
4618276
863156
1801600
3199239
5128027
2290769
1678557
319454
162501
3644981
3813134
1424646
1858840
2833807
611597
5608261
4167410
5487485
19706
4879334
1242222
834550
1758377
1417081
1812247
8349343
506845
5563333
1410744
665488
782920
1874342
2976160
3501969
1658739
581861
1522867
532579
2705168
401504
1211043
1101319
1926771
2951346
2146741
4911940
2067044
221194
447155
2804617
2068125
557688
2710477
3846002
3795398
4369354
1977869
2285475
1480740
2812390
7376538
3459072
3152059
4855214
1792757
4510451
869144
15299
1019511
1340202
2611354
5066739
1394098
1026592
769996
2682204
4898673
7462455
1826080
4844310
3147139
608018
703363
701563
2148047
693621
3694724
6205160
3034341
220770
2310752
3788819
5022367
217662
2797851
1609829
2064554
2924441
534939
3843456
3185521
4349248
2333536
8286508
2572843
3261439
4398149
668857
567433
323053
5770622
3879428
4890640
787063
8266508
2123626
1577263
422150
5046773
4611725
7329555
2317194
2319573
2215896
73805
1069416
1697804
2759794
808166
248971
673472
3355869
2016953
1614860
399924
132805
2261606
2036463
75959
877689
1498475
5246451
3015491
424755
3654336
1300885
3930687
603664
500151
5586637
499629
55879
1516889
5249139
3538541
962709
7002976
2421289
666078
3254198
967756
1158214
1192327
621606
4724049
952241
3122889
2910565
4574958
1208972
6269433
317307
4970240
1366949
1943912
1137265
3601041
3443662
4224566
3891960
4291504
5529560
2664668
159127
754064
1713367
2450206
2473374
1530730
1105335
1055360
2411669
1541739
5070615
1763761
1513898
1002671
540924
6516366
2956040
126976
671523
1274594
4973371
7102119
4184800
2488052
391530
432124
1430998
7353796
1717000
1126030
2549813
1426694
7932970
1586334
296162
506322
472054
4438434
864663
1227316
3922452
1729842
30670
1198976
486591
3395369
742522
561783
5553318
5781233
5600284
49369
588906
4132741
7396889
2152773
3194294
231424
91141
307061
891417
3771181
1177900
2656868
81726
2321433
1674237
3120041
7260025
639268
240394
3349770
446329
2698606
4048037
3366471
247954
1944621
2171733
3118771
2311317
685670
2172341
1778706
2695955
129660
224896
989921
1681458
3195248
6525564
4943341
1424805
1410390
4483243
6330227
2826519
1295695
797042
568414
1779781
1989706
2220848
7188360
3611922
5342651
3636278
2457971
29589
3752548
3933875
4283348
84371
1929339
2094834
4090957
1090877
7042373
4986317
586696
115485
1606211
503132
1861549
847404
1190628
1581755
1968326
1530654
1158320
832913
6177952
1025275
2873992
5607947
3551308
4473582
6907784
1877467
3833120
3235397
3695636
2970954
5442857
1138283
812942
148769
3002447
3459870
665057
3401544
3217142
1563872
468116
1939857
657891
1204024
959691
3374281
2395721
1546042
1712387
61566
424465
3530143
3860975
3988339
4738020
3581304
1760167
1065216
7810252
3322243
32880
3593536
5354845
1617275
2434758
7476339
3182674
54465
401338
7441742
655521
2975827
346339
5050613
39284
1448785
4064170
4332344
2105260
2817468
1426990
3264083
933476
2549159
4501951
240877
708554
5511380
663747
2018759
1558108
1513050
1461744
6912668
810794
3268438
5036120
1956625
5773332
2337500
1228766
2063825
5827103
3333502
3726357
777910
1359780
5086266
5931970
771603
713873
7799164
5015318
6487247
275424
5547503
4349854
3184777
119622
2931623
2937357
1086069
462582
1693784
5938844
2798683
2296046
1142747
6785759
373488
7330454
4242876
175043
2920805
2534007
4431073
2266119
2746892
5054478
1963995
5377399
1253899
875719
945027
1237608
19290
120284
3628743
3003439
3812733
750482
330798
1586387
6834553
2102228
5725472
3327823
3523636
2117525
5340588
2925619
32711
5574308
2212504
3091150
3580955
679436
330967
1852355
4487008
263923
3925850
2122189
1130158
1120578
4186333
4134082
5502669
2852117
828188
241736
3385168
89917
6975549
1159249
1962801
766997
457742
1158415
253587
5473922
205671
1985477
751971
919235
2105090
595184
1417498
4273162
2474199
403874
3385173
3217567
5237510
1696693
674844
1689845
1347292
4250658
1161370
2581711
194216
1395367
1187945
2911627
3935959
2555560
1953760
4225435
2287718
4296151
1598004
2024957
1225622
1395803
4242627
8535101
1193804
3435413
1841053
2546329
2200592
1938116
1802480
2976047
3135834
26257
2006085
1759270
3353731
556637
5237938
2336558
5000351
1254692
2118564
581767
1494949
1343984
314750
1208292
860102
4385984
332348
1312153
5898900
214215
238690
2786395
370969
3063340
255535
598182
2350693
2585585
1590876
5025847
433929
312161
1852247
412782
3767259
658324
2654755
42522
2522582
5087002
1400459
8232254
4918955
620214
783825
1950304
1246585
8171490
6798706
3583047
4136833
3926090
1415563
1549727
578770
110540
1459900
2945243
3787033
2268169
4073429
2945011
33103
1304590
2433558
2119034
3163235
7005863
291218
487557
282979
1106933
1360421
6364851
3770381
3298316
5423424
2303832
9400285
1798645
1155226
1150065
2675202
3283036
1693183
2122828
7187790
1077225
2228178
1173264
5113034
2314014
442426
156068
259418
463235
1734092
2246422
5672227
1851783
3659799
2810209
53893
1376292
600257
1087624
2599165
5583497
190030
4494747
2939326
2450810
1182393
1197566
3248559
1862554
1897234
1783359
2722705
81034
4901688
1833700
5306946
2320480
4415234
885129
4235309
1189395
1483542
2133447
971907
1867957
2490343
748080
965426
3981207
1179562
2478895
1877801
4815363
3449178
3208856
1424479
167727
5108574
3990392
3657717
4409100
2574404
1154302
5320502
1343377
28624
4132037
1346669
5111147
749615
1549832
3209161
949130
328163
380691
345040
394116
8052595
2218792
2216903
5593275
1872897
2764635
6336507
4351899
1282605
3094727
226038
2237618
1339984
336607
2326569
774198
5632111
468145
707671
3552508
913925
829212
497971
1008201
3324523
121090
1416170
4245546
930142
1803183
2626650
104433
1313344
156127
2399742
2514724
2968764
4769790
1096969
4005156
799957
7448078
896087
1299537
4593726
6646258
4945903
4687118
159335
2690866
6171823
6461485
1410242
2301510
798748
1498951
1318733
2380028
7573673
464210
17940
1525727
3103796
879041
2878280
4826645
2926727
5696616
6210615
3447177
321637
1388027
5955884
633047
450384
37970
1412919
1563627
3621440
605635
2540101
895856
838220
3189984
7205085
3372897
5699181
7491486
4632668
2931386
4666962
945531
1718480
685813
509976
1950330
3505995
883288
1468634
627141
5214780
1660354
554906
648389
1314702
1604233
3063520
22088
2223006
446685
2140551
5361785
2900835
706603
3170897
396992
6134793
1333612
1775233
4975885
1875758
176431
369102
4883769
2051768
372235
5141969
296811
1157074
200893
3599339
1046074
709016
6968915
672800
1791635
945672
1445134
8442565
1140600
2115875
4311841
3507593
587416
1329710
584939
1902649
415262
3591694
1635163
3760885
185982
2355220
1998539
3115001
4036082
4707820
934215
5135556
1609846
445361
1105231
1966462
809453
707244
1497001
2726097
772795
1400749
8896526
211281
443786
603620
4006068
2227936
2444032
2258688
1828901
153519
453939
2988804
961734
366353
2096151
3167678
1185212
6656161
307242
660188
3506747
3519277
5954283
1750311
2288793
988022
1154195
4860903
7564585
1459454
3243919
5259247
6491628
234025
4393946
967588
208591
4095087
1791468
571470
442331
1394498
398304
867588
6372205
3871770
176102
3238376
5852255
2920192
6219241
2733679
1620443
4082558
4323160
4315690
35988
2437236
590878
8766690
5450135
25055
350073
390142
1725930
1616772
1013531
671318
3480997
1933756
987812
3491381
51887
2262418
3298902
767719
3089376
2294632
6438504
3244557
183198
41274
3053511
177624
6994794
4077749
4160048
3903091
1439008
1490845
3929706
2174735
3136858
1893076
752920
892301
3376095
408461
3830159
192965
4448353
3538334
1048837
938873
2603676
5473188
6800130
4203182
3254005
1119641
1160434
1679742
684098
2179232
450006
4868677
617369
1627064
2930457
786088
6390718
217850
268046
1679691
8479
1904216
1739314
1398346
1250356
904779
526142
1541655
3234962
508607
1047291
816954
6655518
836824
4254496
4254736
4806957
840007
1885949
1488829
5645608
1489553
107402
1005861
5925099
813156
637682
4405152
900101
2771978
22585
1141909
4120537
1185621
1663373
4831623
3352292
1372917
2445057
1583734
4830956
988743
2989182
316777
1159419
921188
4446890
2453856
4096730
1791654
5001742
657813
5122864
443875
326707
1234805
3568658
588092
849540
239412
1771675
5051969
2847593
6814708
580956
532270
3660659
5600289
483335
840146
166719
4251195
2035235
3790228
3625050
4936383
7130729
599196
408344
5583682
5153347
2107740
4883209
1341256
2626805
5209272
3151587
581063
955658
1026912
1542546
1071075
269633
228513
136979
2264837
3546552
4970531
5295453
3569298
3323859
277477
6004395
6536666
1208232
70107
2039838
521335
3141681
795675
4873204
6609492
6373347
799334
1364855
3196057
2320906
1333351
3640259
2124095
2365885
4251187
2004869
795815
7655850
181949
813105
2838688
575535
4675857
2164737
2702231
517245
1629179
1605281
7415607
1847323
1061302
1861409
6451294
2377568
1810578
4927315
1790663
1720952
1055044
1001601
980003
3543379
2626083
2970909
6348766
3926244
6390678
3887442
426826
713248
186748
2435522
988309
3338230
4660027
869613
73487
1898933
2257582
1076608
1009561
2448875
1221519
3503042
986503
906228
70167
1660527
1682595
2747155
869011
439135
513346
4273788
5274484
3994221
952367
2316787
1296617
4230416
1989137
5292444
2945932
1385551
3589646
3933495
3532046
80453
231771
1468987
1162905
724541
1340322
284364
1174953
2700710
1980632
4722431
2900131
2103240
34717
668736
5917066
3945795
2425389
3273313
1161939
4933554
1484595
2427183
1742741
1244563
4794469
1004548
868407
5901657
769808
1096640
4219249
8300958
7238694
1710016
1601719
902967
146483
192180
941151
3267702
740498
1625322
541555
4146474
4884155
1135134
2261913
330486
2379391
1816902
1241375
1391497
5852761
1301643
1904253
2877900
1626128
3478769
2436987
420931
2876037
742686
2247084
1691600
2659145
761731
6072895
3022045
951549
2217146
2628465
6165641
5238166
5514487
1972883
989618
15782
5216141
875625
583456
1104206
2610962
4672854
7123361
5097306
4075888
361783
4774776
3038831
4366967
3427336
2244282
4136801
2538176
1861650
1595957
3759584
4270450
3274841
964476
120933
513913
6021772
3290500
8323437
1553908
1912114
7387522
1815481
4604218
3612271
4364500
2178558
3037846
542397
3305176
7495234
732937
656957
2163269
1202387
2271564
1587670
4323261
5852266
2316755
1426726
21280
4416991
3795361
4270638
5572556
1152024
2890727
2104370
165867
1801669
1849610
1862861
244865
2086560
1802323
248397
2439187
2102960
3785665
2817175
4243765
5382452
2348321
592366
1388974
1697661
147993
1090559
1292057
122343
136415
833030
256445
4833729
1053890
783454
6899284
8648622
4043142
1231211
2810371
3616551
1680453
690183
6883747
2721596
158189
1517967
375931
1447034
1174305
86025
6081682
5496611
1696673
1567400
1448051
4491925
2636194
1533841
2363134
1143059
6795470
2388308
1393863
4348167
56110
9162196
1295971
275491
3857045
6005578
7636472
2805068
3042486
2079383
3700491
231550
35765
2955422
3208222
3302622
2541382
726224
741045
3412559
157191
975796
1499798
1709572
4262856
1605500
2680954
3329123
5153477
451229
265104
6367162
1384506
4112376
1915100
5779667
1045792
2992200
4481471
5056640
1050785
976390
106724
1006533
3838622
3089271
1362764
1700370
1908344
2209244
1508648
2372743
5208943
219831
5710709
2127861
961535
6903183
2574503
5140278
6019356
4806251
2372689
2154476
2549135
367650
2835169
915999
3096625
5304692
2138292
4604582
919733
2480643
865102
3064589
6411692
5985965
2204879
3323645
2278689
86541
9636493
3232820
130824
1311749
2621025
2314595
327862
4144205
1551090
2794057
2408255
2766918
2932049
1764706
1742541
1070272
1959799
36683
1111174
3525273
954790
2256158
6920266
748017
5310750
1383952
465880
3971438
1654648
3944160
2241227
4015513
2428987
3364673
840643
1638052
1708814
769617
3913930
4997687
2230533
281495
1368799
2216977
2592022
4495435
3450383
758838
182069
4235883
5918540
4025906
1302139
5491426
2407577
536429
5832472
1400409
3820290
1159934
2544591
132084
1641773
6028604
1204826
5170886
2170131
1562529
1358201
2366522
3395074
3577225
2307904
1028064
468025
1310998
4949696
4684120
608506
6102374
7168012
4282125
4931099
223888
3418592
649291
3307676
1144293
963689
1481043
2160678
5154143
4476260
1043933
2011529
1577700
1569189
5125149
336085
918086
3455870
306343
5020566
289558
1188634
715928
522555
3828317
2187844
4029238
2410213
4321835
1196358
168600
605570
5517054
4243639
2982243
5665481
1840246
3651262
1713528
22934
5273201
26618
1199967
591315
976156
1946276
2999811
2172655
295551
3188922
3073645
2997292
1624635
4278032
278470
6875036
869503
5017614
1837924
1169802
184294
1823321
3211146
5053873
1609556
5110776
3273992
4593363
1521630
1011693
3053505
4726502
1235144
5546936
278917
1933428
2868055
1172635
2061923
3799576
355712
872679
4673715
2599503
4433691
68460
1181755
1794230
725901
4623330
781978
3887985
3748944
2090855
3481694
8041101
3046844
3192564
2627958
8156454
875164
1527785
111874
4029933
4916817
2258691
2434183
2692142
3198582
796244
3397897
4085194
357261
1395495
6583059
960267
1582956
4917012
1384988
2880972
1258611
2906490
735510
2532173
3199962
2780790
2599931
2732683
984888
858200
2975111
230442
2973288
1795543
98217
1814076
84732
135852
1019649
97948
2762434
2939034
422857
2800842
3241571
324836
1219614
4570030
4343873
4572997
6070846
3070967
401610
145650
5280157
1998138
788302
993119
3316779
189414
2793418
1176211
4138056
456593
126300
6429197
2107423
1379504
2427901
2806620
2467861
599739
3580540
385753
7465075
3800598
1770437
2642192
4135906
1517011
1034179
1439344
2055371
785427
2712018
3895772
5941790
3303516
690908
2562386
753451
6932612
82312
857472
3752761
5047446
1005672
4329180
3591099
585379
138998
2617820
638390
5165244
1659796
5697373
2243196
3974764
1698441
5016736
3489679
4712543
801271
3004038
2326632
991342
1902302
742536
3168363
3920385
1369820
5617753
3578159
6323272
1058494
5715812
1250913
2736399
609213
2357717
921754
362592
278780
758258
1077401
2408424
5083420
3711835
2221950
3568380
5230606
5083383
1767636
3651272
1460486
6590267
1145010
767938
4605566
1316920
335857
2030769
4034734
1737155
3316861
2428418
136115
1110318
4700809
1457769
2475950
2933445
4142976
2787474
3395392
3584476
1287190
637053
4683532
988815
4011805
3873388
4844460
4203248
1961742
3580576
8924
3115625
35326
4995387
1377450
586889
1286503
554194
1594062
299021
217679
863741
962382
3944928
1702819
2369161
700736
5402233
2019730
3936338
4446284
3727520
2523071
4809659
1772151
2624977
3832718
7078065
1129956
5035078
396273
1114417
4067612
2219099
7215914
4471128
1128958
3694277
1345424
3580749
2289313
713200
2101521
4882689
4202003
1812240
506815
797675
3636329
145292
1800129
363119
5028920
4554448
423006
308650
2026463
482635
3372938
4553383
2668532
2792311
3369988
2227717
6589186
3327575
271661
6297658
1015876
146698
1320970
913916
5271912
6547753
3292756
746057
1557375
1825308
6679580
4504018
4848336
3209953
1071837
2669478
6965578
7004893
137729
2580591
2297977
2908547
750095
3018082
1070918
2093680
2760587
1554089
814270
5606372
6792775
1321445
1217319
1854320
834012
2558461
1093480
3430359
4538624
861902
859473
1194801
5883909
6060260
731606
1299233
244121
1680280
3129416
4144947
1229110
1093919
4754143
1412309
1258046
645715
3257959
4844038
4422200
598989
1175720
2140539
597302
1081481
2380643
4366198
658599
1491253
1054714
1163543
1172912
606590
5217778
7776544
3363051
4050874
3225224
474465
1987556
2472400
2966179
3164359
4920238
7095496
3273109
4219784
5612798
4616622
2662191
4284037
3486565
1017910
713338
903825
2915328
1889463
328673
2482475
3516502
7526612
512665
4598341
3082823
4865387
618171
22909
731133
72522
191718
139405
48793
1361880
1602087
1314713
7603255
2960506
251645
5231732
3861443
130678
142739
4496920
2861881
3243036
1236797
14706
3737645
2562162
695582
1489957
804026
1278947
60119
1609474
163904
735808
1208222
3703773
995916
4322862
4950865
5593144
1120316
4090340
1711124
2794737
1073513
497662
2052868
4931290
2967809
2135454
8014333
656189
4294691
1779288
5817838
3783936
2464503
1495329
723427
5362509
3506345
3537239
2387768
4183691
638241
721352
2891374
2301782
6814268
4591972
2409148
3786806
3199433
8498
1839329
1644180
1127613
3467594
1786567
2418324
4306110
4233551
3686518
1629701
1604083
258468
1444069
885247
3764029
2603539
3955730
782331
2261044
3752360
2386426
3714339
1676526
2956234
2721467
1769629
3882316
7054936
2303278
2068143
2509786
2088919
6252101
4389741
29539
1280469
2622074
1408164
2204275
655866
5659157
4362957
629774
1342035
419126
4599059
783346
1897426
3212368
4791177
556646
290980
4959152
1177003
1376971
90808
3219689
280382
318896
6965274
2503414
2481355
1792082
5556970
2994775
55559
8001937
1003048
1633242
337522
1510931
501627
6809728
2293579
1995366
12815
1321836
1927396
7159896
3743059
775329
368200
3287876
2073395
2328795
906210
2170316
3035691
5012817
5004488
1298319
1834890
482900
599013
7249660
937269
4889426
1060564
3273838
5242266
6142939
72885
4869932
610813
4342374
3295158
2392528
1067921
3372933
1370417
3528704
2685950
2509272
2252751
1203817
3627622
290046
1058492
525428
4312256
1221494
4390296
312961
2334124
2550485
5660980
1260724
3369727
1511091
1663092
5159812
335822
2498604
1023803
2485332
1145518
3587049
3041554
610354
2304884
5610131
3064502
5291726
979760
2549703
1361016
501350
775552
2015057
4399520
1964365
3782889
6204169
1473525
6210755
627160
6439274
5796756
1961907
7904
98298
2897728
4808720
456042
4506705
5179758
4386135
905361
5199389
6676294
852680
4087696
5163144
5261313
2025156
3031789
1081661
5700003
1632403
594589
1599516
2071074
1703738
1504027
1935687
1196723
3796162
7333853
5383125
7487158
3577334
5723597
762488
381059
433123
2862916
150462
2504278
2076929
1760367
535948
1780565
1609627
3788816
31431
2535485
1207527
5093551
923768
2966856
63297
2863216
192813
68498
1846677
2403283
2621200
1436249
8479174
5959655
5447555
6128927
4988804
8133245
5186690
1154216
2392505
604508
106996
390978
4828583
1638716
985237
1344378
422237
5635061
105615
3399186
3709052
6225897
1268674
429692
900208
3324976
1632285
2671008
695809
1870850
332964
2235569
700096
1559244
2841376
749311
2007109
2445592
2616003
1117738
1936946
1018136
7850504
811748
6686234
4217124
181096
3775221
324007
923090
207755
139191
6861956
2429430
7090074
5336935
473657
1482057
4280543
5620656
7053410
1059739
155200
2647666
5702146
2649297
3398379
2707688
1983098
3127263
69161
3655995
4040398
2547774
3658884
2696436
506870
6290026
4215981
7741623
1830145
4064380
1462105
5432991
2707086
2744131
4434869
2452198
3440568
4948179
382951
5210439
1960350
481348
7301460
1111841
5535535
2973446
6416016
3008947
2623903
2382708
1815493
903161
1935309
869794
1824303
3875249
3808063
3639439
2486338
1387787
2946861
1521188
875870
1303134
3984969
5909732
1516402
4031150
4205074
2784548
6476035
1807757
496668
1200542
1604008
3043558
2075784
1622650
2983318
108238
2635535
1479963
6370762
1398067
1088276
1676034
1202452
2342377
723289
6257070
5965447
112295
4265899
5879321
798283
5200387
4175413
2104679
4147316
1670024
205311
629059
3505429
793564
4672607
190144
4548209
533275
2420163
716738
725304
1704569
1468459
971506
1489319
12821
1916217
378162
208648
1929478
2379408
6917848
4881708
3666060
1899698
2406614
2428385
902475
3647702
4234467
2772012
5092598
1651273
619080
8822795
455696
3680534
1731836
142857
30708
4394093
271943
1135806
4198308
3162683
4445125
2220447
1755190
2328159
4767974
772690
206968
2559077
3471673
119619
563885
722449
3241591
2161324
2970296
1400845
1627960
1444613
4781963
1324754
1634537
1604173
3665334
2949535
2481038
5106631
1470083
2792232
6192813
4179307
520758
5859256
6241869
5420089
653491
6623323
1454594
1983724
2755091
5996064
263232
635943
3940516
716973
2773579
194677
6243157
6107866
2043463
4022509
4395113
331674
721433
4377853
2478182
848705
4854735
2862617
1989926
7012924
1623369
532176
1362221
2823421
8289379
2015582
3526829
955691
4417465
6404960
1782903
1211186
198375
3084535
356377
339950
360117
3400396
1985149
6840348
7806838
452051
3290871
586149
455657
1374095
122385
4956223
2491379
7943123
198414
3641988
6824222
6202450
4876147
376266
2733505
366349
734642
96373
1898880
3107827
3667552
1812325
440394
6003165
2510271
5065766
7695729
1880412
1647005
8660481
1146047
7546994
2352747
1076158
3961599
515645
7091273
1458449
393236
83916
1681198
5238273
3108346
2702555
1651419
2062083
4057655
512250
2440967
275227
2364488
4801904
5670383
431194
1975603
1700206
3538379
1139069
1311778
7555912
2367081
3226875
6231982
1995140
4068220
1165343
763061
2535539
1082978
3088048
4359782
1383462
2889926
1815138
3211365
2654894
1388554
1631769
18205
4002048
3107221
353495
972691
366313
1746339
2776373
2007944
1047158
3422546
1842206
2681036
5128746
20261
3792541
387387
1001977
3501958
2142431
613200
1037653
5092923
5216719
1989751
399538
5483787
3340684
2377717
458801
1905330
86143
298440
1343004
4894333
2245278
3611053
871633
3485954
5172803
789423
1326178
207631
945233
525493
157565
97235
674683
3404487
826224
1221848
1547771
1469870
4610628
2292076
427132
1661718
548390
2144862
4290601
4300591
961629
2170241
4381185
6381326
2780040
4739791
3978387
493917
3216906
3285383
6364727
2009705
419930
6678051
361906
5403381
5035602
181734
4659839
369288
942411
2035733
3897557
594979
2202121
2197794
1661407
8945477
822664
1662934
1873018
5645258
2411142
3456181
6223395
2495366
602449
6725500
5404382
784698
1490316
727670
4044189
3669694
5323107
3216586
4342785
4353404
4431287
2398485
1067919
1627804
61277
7668113
1560748
901248
3129243
3386986
4651773
521652
2358204
2143714
2446729
3364071
526796
2529237
5291591
4182235
35079
1465638
2504457
762409
1345069
7111659
1456575
151119
2762367
100268
10875
925861
2299771
1188838
2049896
4594906
2024027
3557249
1640379
928736
1059541
4505357
3953204
1777374
1299586
2128142
1500521
979
943965
2975772
3759509
1494601
1847477
354844
2250225
3047815
1050330
2695159
929788
1949513
7263759
1581425
2185225
4160516
5078890
4158925
570597
5345301
2537502
779947
2791647
3013962
971131
3729006
2427284
701929
3683663
4274266
959981
1173058
3332771
2105553
4712096
592062
865159
1625305
1080717
927938
621315
1409212
4172262
509680
72164
46782
2696103
2773129
4729187
7022462
2537615
1988073
4569650
2162116
552419
3836337
93796
3398631
4579423
3330919
969880
3527322
3915001
3404179
1307330
1416233
151738
119616
3009858
120264
2261832
7598680
2288265
389354
1515995
1564256
2758578
2358385
8005968
2231256
3127338
923950
738880
242117
2238878
1937671
759970
1528009
1287773
687537
897970
2659153
1485434
610912
643090
6368065
2181204
345981
3971768
2150466
3801317
5096699
5723255
2603714
3625228
566208
5738129
1565692
3650182
2159832
72646
8082419
3310435
609405
1553382
2874542
606580
6856326
901121
1018735
1744700
6133833
3106731
2909294
623614
1330214
1347599
589065
1045029
3301579
2274061
620624
731260
3802473
863174
2332263
3637600
2144816
157098
249693
653470
2454111
827570
1941839
3983475
1657895
349232
839468
1794262
2433664
3513613
2549995
847592
3840647
1208580
2296930
3941123
436878
3781387
2547182
2922950
9972
3958271
3559708
3077389
5845448
1158582
1019784
2991404
7605484
1628630
1863543
2794822
3058837
2923863
4157162
6209337
867933
1662779
471382
871523
2332090
2807968
955647
1472047
2562128
1385298
3761497
4745122
1273855
5678464
1062528
351718
1690649
3553342
5229644
6238709
1916758
3057735
86889
313504
3441349
4312752
1814735
1124887
2740181
92062
252041
1891205
1965050
2153574
4677994
3556429
4713831
1406790
3441471
2624655
7411103
1498665
4149999
333445
821188
1957783
701930
855282
1735318
1974013
8769809
284658
5249773
3838487
2040546
1011768
1850797
5208267
2394157
1593074
169840
531559
307098
1140043
109657
2366838
551552
4319628
4605176
4825890
2984905
3448900
5472390
2805518
601885
3151065
3007696
1602535
1906551
947635
3836407
5162985
411740
408654
85782
2393993
392610
4766708
1802195
4206633
4144940
5742577
1574508
107107
2298630
210060
3199081
120292
5390887
831240
351119
5705808
856132
766458
5664210
835012
139450
988087
2151804
998309
838765
4311810
862092
3750179
4474588
426073
808677
1885035
1152350
306281
877735
75284
1814150
885612
5660222
1316155
1387065
1301026
762275
3600477
4169583
3488863
1223323
1629660
4495994
6839217
736032
7357652
4358963
3774117
135460
190445
895824
593596
212418
1101985
1260794
5346762
2409569
901338
7740226
4212932
3284147
4471669
1119743
1225087
2890323
283645
2909615
6292947
143147
2827407
5560110
1988725
3035030
2249612
1539844
5375806
5414120
1380554
574151
3835539
1148060
1229558
1107031
8061887
3908216
42796
899239
2416407
4251693
3226191
4405467
1269275
3048877
6002718
1935802
2950062
196442
1958059
6093447
730429
202542
4341365
2206392
2730554
2176190
2095068
972985
549137
6779559
2894063
1892258
1743430
3069136
2135217
630657
404837
1195492
1842498
4302485
5982087
7068572
1109384
1284112
1443667
1634185
276180
2816808
3980667
3896772
271079
1982731
1536746
251771
3319990
7679558
5768277
456122
2136387
895975
439347
1146384
4348547
6776315
2037361
1927946
3472282
1576539
431434
6292033
3953537
5658991
2069055
4272551
7106427
6234949
144343
2054851
3985320
2151911
720827
1899986
1508268
3613605
3111107
2733943
175670
774879
1909969
1686407
2593725
3612822
2866592
518622
7329671
368306
1318747
5026209
444973
5708611
2297636
5101270
6300003
3506887
720630
1695791
704365
1366389
6269403
1102554
1845248
6538824
248163
1817927
1723967
5830128
879251
8726867
3385571
3551014
2960248
1171694
1930636
3528292
2948928
1971380
3629382
1949517
3756227
2574140
4348377
1865639
5710300
3980196
1217479
255989
2656117
1110913
3265510
3145858
4292633
1689922
1953059
6314602
1427460
4984246
1561810
3493607
3066096
1869026
442338
219139
2218576
4953580
2888214
2039738
863888
586469
2048472
4434228
3892852
4990600
1142339
2934099
800274
4309130
106909
426421
3938044
1962427
720106
1838100
3020051
707007
4732584
4986300
1920837
920404
3099002
2504328
29614
265276
1238888
3949568
2660050
3682433
2315291
617769
818372
4106758
2440111
1547126
1586055
1640254
813043
832635
2303325
2489622
593428
4592947
6081395
1149037
982438
1913655
716010
3415383
953879
6378503
1522665
2510866
5061550
932744
2255691
844690
1042685
2197690
4884950
174985
1680316
2548611
8379528
2019474
256903
4416068
2536770
46158
2007566
214474
1159641
3814823
1751089
1384603
2987852
2216985
4709070
195851
4908801
5676705
545921
2070048
4667112
2105609
1245352
1518515
3213005
3195914
7994
3269366
5844262
1096205
2518148
2305344
2583385
3752777
3548172
2604658
2925533
243064
510905
374034
3791844
3820956
1051959
549146
4234274
142416
4614207
4930037
2126957
5807298
3070635
795886
2601620
1816309
1234117
3974195
438223
1725234
4946187
5627987
2618529
1341100
1180802
988314
3818712
796793
2322947
2694639
393595
4791454
3961733
120215
1225917
1003746
865200
261209
2763944
2876057
3588819
3507828
158694
2817494
357762
5523311
5246343
1525042
4562827
2581318
4513639
7445327
1386935
471754
1878368
980780
2314598
1641540
3091373
6426640
499498
2551238
2866183
4961
4965498
538764
5342603
7166969
1190957
1945749
775932
800721
4998155
1730584
149321
525512
1282971
4593439
895983
519724
958733
4327195
4391302
1987637
2728950
5265727
63052
4534705
5181837
1978305
175822
7026426
2320633
7667645
249958
6369216
386458
5078318
5320965
655878
3652916
1102664
1466385
615061
63192
2540074
55954
2929008
2418237
2619589
520860
4565074
6431472
3313676
886560
2716078
2859997
703991
81342
3495535
3331965
3264922
2177540
5239059
425699
1539308
609180
2238428
1013765
3550417
1850569
72123
4688550
250095
2478558
4688089
2566299
3154952
817512
3021490
2433954
994791
2215376
5530196
680891
5284774
8066220
2397490
1278823
2241945
553829
454301
1682579
2097520
3108006
2891482
3221075
4712532
55336
4409882
1133812
3522776
73515
6030993
4100512
6052996
652909
356884
729075
943027
1889085
137349
3167309
3427226
8220534
1385392
1703140
4132607
2560378
2729921
5062136
336326
994902
4062601
2167757
2169094
933157
1053267
3385845
5105414
1648428
3239284
3636533
642757
474150
4597789
389373
99010
3622969
5927560
5941144
1640572
7691456
3784143
1561241
2334714
2569894
2663028
843568
3455099
1074035
4632157
5537517
2689826
2395637
5789506
4429458
737189
394873
8729405
2752935
4285105
3040308
27632
4915670
5839641
2541663
2550582
4382056
571264
1805147
920831
1590536
3367213
457893
69112
2743016
80430
6915858
4156819
2473412
683809
4351771
4553043
40799
1855143
2191025
3796578
668861
1246163
3853789
2799806
5628469
3234738
5747534
1496167
3890891
445772
352007
2299709
5098226
710960
2446404
762138
351511
42567
676712
4699343
3735470
3596571
956820
2345548
2560326
2005901
2469728
21270
1794742
5244256
592417
2584091
4605058
5032627
5742252
1180737
2117247
1038481
5217276
1253498
454510
2663789
7216274
697495
581651
519349
91919
1199070
2102029
508925
7613496
2219943
886945
2511946
1141308
2976810
32269
943177
1338152
335687
905192
164539
849845
932260
2886488
3573606
1671251
3633409
3881246
1003341
353094
2005682
595250
5277808
2124361
232068
909753
1115327
3190611
985510
54259
335426
177736
2913064
7273200
1877069
1188331
216602
2382965
3844403
6567644
6736848
1671947
614479
929241
2968468
2323678
8042591
567085
589656
3757666
799753
405757
1725705
898949
1610229
459311
6622437
8974793
2046325
5210012
7443412
310113
1695365
2411680
2745615
1768120
934118
1093889
2069818
4427663
3969227
1921130
4381147
5884367
6172818
476447
1438340
1828340
2152748
556994
5408463
681244
4419482
4504039
3911629
939028
150766
3678039
248730
1837291
1410920
5860860
1192714
100176
6345170
3084580
2093593
347345
239417
137813
626555
195599
992157
1213923
3751444
1042369
3410358
1992941
1209030
2960224
4202520
2211565
4829478
156591
36867
4050069
4149364
6421028
2497677
1135637
1334864
310198
3315144
7268574
4814176
463239
2722550
2108301
2888775
6678134
3201212
922866
3927435
3660301
4911115
2191815
520740
4149423
3066715
198026
3167477
1965837
287356
1682530
2096526
2382887
5220140
3499018
3605519
3126441
4250779
4622573
2600409
3837879
647692
695141
5664809
3032497
9324
1109611
3602819
3474128
3326215
2434614
1126529
2913751
3144746
1920688
3176831
272641
509503
2294016
4090341
3397692
4352574
1173405
4405303
1091708
2701155
516799
688968
8746927
6477698
5174101
4022928
697672
3739274
1523781
1105793
1997047
1284528
287694
1557455
3118771
2898876
3927031
4714875
3658764
597361
1283525
300293
4714126
1110928
3231151
859612
269932
4114600
1329106
460186
4778266
4922337
2194518
1776216
1609832
1612361
3878028
1139131
15978
3699091
2846226
4298582
1393815
5208259
1692313
3421076
3314252
4173716
535098
3377230
4134242
6136892
2869206
4255694
3730104
1834732
2085859
3571999
3574389
2138371
1761808
4609132
4053861
794126
661391
1543901
153447
5876954
939351
720483
1741135
5728224
1493582
4806887
1392803
2037355
2700570
2969012
399617
1382375
2141812
4680988
1285130
7172881
1064408
1327226
508709
621674
51738
3626191
2436764
739057
6837680
2617563
1215007
1630302
5021588
65039
8551577
2187614
32381
397473
3023812
260235
63839
986114
1310336
576379
2868681
2925021
1101719
2535645
2032374
1823849
2376646
855443
3880321
3357423
4107219
4511610
131823
4168066
697692
1263434
5402778
2793882
978336
3300622
1341099
3311082
979326
1330609
2690316
1244644
235871
4141610
3551344
2569493
973857
3895099
4242058
6851618
298672
7963785
607281
2136127
866781
981813
1299667
5870729
1254473
6519151
5587082
2450256
2936579
15692
4352367
243594
5215982
8235096
7681297
3876533
1288547
6886484
1613596
1113031
1594675
4172112
2018146
1122938
24379
2066467
1201291
2787212
2905445
2628478
1681005
861778
215929
1239439
2025092
3895180
566484
2914499
487280
111248
7126409
1407204
1857307
953926
5006654
349669
5902492
308442
2936891
717007
7018610
3015313
267866
1783705
1646173
57393
5999890
964326
2935388
4682240
5001902
4440675
3903845
3596799
917331
503109
4421091
2822949
1064940
4831144
2068957
2891520
966933
2871963
760901
379025
1234357
2052579
7919440
3652154
3962284
1562822
994335
960674
3317065
2062184
3141040
4562688
1486207
1888248
722308
2633090
2982443
186136
1233650
1788758
172299
5172131
4629384
1642124
3240301
5881083
2176002
3062370
269270
1046679
2249603
747466
2169957
2009745
738800
211914
169721
882169
1762615
1145498
307795
1555376
1519219
3638388
2274433
964137
5099547
772019
1303072
2340410
4326968
1133499
1102418
4108523
281603
20588
590265
4562960
3586184
5184681
5053430
3639189
3071406
2796702
38207
6131233
1273041
5820396
6634187
1250070
1338744
824988
5934813
3906885
1230537
2210569
1314997
2786836
74577
2044521
130987
3099577
82826
14110
4255357
4272834
3571113
3203841
616119
1745176
4064153
4063858
1280774
6211471
1979930
3725785
4027465
181597
434963
3713827
2866997
886498
4539938
713837
49987
5091755
2344234
3287265
237213
3165634
1737306
7055184
545599
1955071
1068450
6720098
2144138
2813619
3100751
583314
2004812
1441150
3197587
4671373
7683244
381920
5332167
4485725
2702838
2596895
4402971
947193
5083334
7203396
2422120
359722
2461648
539374
3821668
721199
3459104
1424000
2458580
233467
1200721
2624813
4648765
324966
1031175
1713262
2091688
3492658
2127658
620183
2604434
1644847
2538613
360540
820257
3117387
2633550
745315
2413069
2377478
11343
2590083
3548100
8209790
1714582
3106415
4241182
2518939
3288047
5854531
491811
4638436
1188138
2230398
746440
7522202
467803
638478
866383
985292
1725600
1873719
4542882
8577803
317679
2167337
135570
6166503
847462
2634881
3936904
2755800
1360408
2829494
1419930
1977174
1564084
2703881
1337645
4803852
946731
2188036
41437
3769104
3087078
8045711
5130221
3969931
6627836
2954802
498621
4867050
899089
3979674
254112
853512
3275125
802398
2358702
1110625
609475
1625085
1664287
5922884
6409747
485167
429108
6912365
1793120
2901837
2208035
2328665
768385
1664197
6119910
2362838
1463476
2940974
98963
1086921
2142763
3942677
2763156
976143
2815179
3214259
2163265
2543688
3398189
686228
426005
2192616
1574569
791585
5220241
1443835
3847054
4572640
5641715
79999
1673648
353182
2327446
390637
812397
2516309
3851734
3584667
1309990
1167980
6043854
2804645
1117831
2249048
2114766
2997332
4995700
849938
3138470
5920289
1722962
2065439
2414520
774685
6203371
1954328
67724
1310832
601895
1207759
342471
3361066
1946283
3663083
2047329
5646232
4252655
1792234
135039
1781125
6642518
1686299
3507803
2067942
3965175
972884
6768472
4613990
1061005
1179378
11367
1922385
6015069
1527510
531940
4150885
4652948
5815498
397919
894388
3656175
3023865
4193746
5846484
154597
1815297
3318023
588386
2939424
6014215
4355997
4863881
2880582
2168659
5421771
1083712
1790671
5476538
745309
6848424
4274869
761934
976063
738779
1896386
2134961
4355130
1295037
6524312
1063726
4401834
1944807
398214
3317831
947858
915596
1907996
4317110
2356544
5347594
4275468
488106
8070645
3520026
2128019
557013
456359
352782
601244
3479846
1133806
644130
891166
649740
6985394
1120623
2838126
5274978
1394868
8442984
4660366
6642393
135440
5379807
4453209
3643792
2026950
128801
3397118
2094730
8422058
4276756
689618
3196697
1411845
5466114
147689
827102
2454926
3917666
173661
733313
4627975
778820
1388969
1415869
32513
2236075
4887661
715198
2198626
906730
1952874
1547132
3502015
5466549
2544589
620592
649122
5194478
4344978
1845921
7179688
297570
1550971
2429143
2083458
2188291
1046804
1307126
651869
2227834
1696077
1252180
1152894
1028406
5385623
1499054
2252129
1690380
55380
1258602
1266772
2967492
1104522
2898154
7931553
1637771
712603
1210733
3308229
774969
2596120
2650070
4085864
3372374
1334944
89630
51587
2359746
1722366
6922025
2043728
1674616
953119
3080974
329606
223792
4012525
3205366
2498199
3515514
626125
1421741
1731791
4121552
432162
4553121
1160754
5607111
76052
1376781
48640
3282193
1205475
946631
1252271
671271
2833473
7142120
3485423
4501891
253286
2988517
1992653
4130647
8082102
5428092
2375649
2493945
3449712
137936
791856
2874320
38585
1074129
1081179
2612615
3982855
6062145
1593976
5580677
1341188
675109
1375274
3112881
971137
3437516
3836703
7362382
1581506
4365220
1334223
2164020
1741641
2625637
225534
217418
833985
5761320
1656677
6487214
1292677
990508
663396
268551
3556794
1138247
1024393
3519515
699397
1271929
4699306
1571919
890416
8425103
3758735
1763337
1133315
509370
1028249
604768
1178973
780266
2023490
3375919
1967254
1029602
5722243
3980959
1097513
3062991
384701
2253867
1782696
4062477
1752952
1958895
6090444
1535003
1916595
4958064
5924193
2880401
2527730
5415226
2278235
4342915
153377
76481
1272102
383651
611810
865519
374406
3343053
2702231
6376342
5232460
703099
3271651
80753
3148091
5573694
455167
7702299
3099177
3222401
727089
625835
466740
2846182
1963342
938478
1020633
5129640
4260537
8263067
1571149
3326991
2963742
6497922
1706194
4056486
1202463
2289257
3322116
6229841
262349
4720609
3741145
278366
6476667
1881423
4073312
351396
7420577
2924466
680016
3823517
2835640
5943151
3111353
1791934
2532633
3503787
2370346
3060066
1147348
1537028
2166379
1155295
7746085
3094536
1321448
2965145
2707069
527217
497727
2252487
354520
1923840
1401354
546505
1189004
1915124
2307266
3571101
1682677
1450539
817796
3473296
7035753
160900
1595877
248714
1042417
1351125
4323197
2030389
3220218
2081499
2538980
6295560
3220611
1502794
1787903
3022137
849305
2216096
2782891
1259683
869422
1937364
5312195
2491398
952212
2242935
3865336
5699468
4351201
1372589
1554865
5151830
1394716
4343899
4681594
4143390
2554719
4711334
455563
2823769
1726729
569174
4770399
2394043
3445585
1624621
4187841
322382
4641301
4452701
5606639
1869290
12100
748312
3969896
2511527
376912
7810946
2620686
1956598
4962868
611856
3505297
1327163
4459854
3421340
1834806
1085180
689707
3722427
1040554
4154920
1191246
3892740
3800492
669568
618069
542425
6797075
109342
761500
3376202
2304644
3543466
6175850
755040
3603332
3590727
4416797
2825177
2862036
1608108
3401300
1550164
3455227
4065258
2440161
430776
2265910
2011506
2286583
4777545
2652667
5396121
6415079
716139
783612
7030810
1554986
2575398
1102049
5167360
1150584
847939
3024873
5515705
321660
2595746
404257
107556
1158551
3537669
377045
5657753
408792
2867297
298071
12904
2959012
1403602
1930486
734307
1040789
4978034
1712902
5095750
715468
3431086
2812023
6476150
4433540
590907
2402466
1822080
525889
5332673
19013
2671769
3316093
697435
3345255
3100737
3490857
735537
590533
182250
1401346
869508
86961
3368612
2227331
3746067
4131651
6349041
789246
4245983
625004
2605422
3472068
5384987
120416
4386410
3496107
1435199
1904153
1164959
3050299
3682594
1145808
498329
1173649
5087423
4306725
5524472
1924313
1525018
2100351
2421966
4631767
5835624
1109700
1226626
1192375
47296
1208668
1288469
3175937
674433
3666042
3413972
2481389
2439299
6272395
4978009
6792820
1895210
3240494
4392547
4187889
1236272
7395129
379956
525649
2630245
2588121
146711
1672014
2009076
889677
4056113
1588271
7838257
628838
481815
2872452
855441
49531
8361427
240300
4728011
2021172
1600436
16832
6597223
4405873
871558
2120368
1201380
1567786
205501
329829
1897562
1617132
221812
4828637
2614597
1251573
2024632
1532583
1888394
2490864
485472
203415
5871951
1403413
546808
1743097
3015518
5269721
6616848
1329196
1530049
337649
1732328
1777251
4182239
2949142
6244296
2746324
1954357
2497372
659726
1865840
5699777
4190628
1752690
4989123
8601689
1127679
1646595
2927774
711881
522999
3026462
6635590
2685939
4723214
3012533
2903744
2017510
4582957
37415
7533568
713414
1507233
2024179
2600116
79133
7956808
187661
1230473
27836
208878
499797
2407017
2616878
2569465
1612951
2014871
2760221
3141200
3075351
7185312
384258
612461
8577770
3572009
259526
882873
1622137
6607672
4645991
2181447
3988736
3202215
3756356
840350
6652527
1452251
4828641
2674021
421198
2254409
741705
1933942
1165990
4308776
89265
3867760
727718
669010
6644056
3185811
3640257
3373843
2301404
3049173
3979281
647236
1791927
800951
982548
2095942
53031
742111
194809
4168086
8687646
3753349
2321012
2069764
3244599
2626626
4640150
3467138
623401
1925140
4656285
505800
306400
1510364
3046007
6390242
1450202
1187362
349563
6647950
4240802
893653
4647302
2551216
3607697
349110
947898
2758263
2067977
6227649
3071196
3727608
813432
3437519
1460036
919412
2682675
131923
4209261
2049434
2446272
2886768
2870400
10681
5038112
5544389
2042973
8265434
3749380
5391134
3816299
3550310
388953
2755269
2081574
158130
8377638
138961
1034057
6453775
750226
4645922
5348623
86030
1300081
1815343
3270231
4192989
809447
1585392
1024723
2626472
694753
2719108
1499117
5113055
2386424
1750990
2468359
5181092
2194626
301708
344381
6666508
1246386
2688594
2043538
3225345
1025123
2963747
20523
1653732
5007207
427420
5363528
3742574
1532560
817362
2209156
7552311
1379397
7437170
6889513
4699353
90777
1410246
1209097
588518
1671089
4520091
1285213
3297341
265309
4109783
775994
4525328
3262482
5117852
1995323
4810486
4328252
3356489
5123443
431079
277479
708025
3617258
1138988
1264626
1545484
206417
5828948
5244357
1832982
930831
1672772
1781258
4607284
1701711
736065
1167094
3566870
2374173
2008473
233356
2514284
6547986
883555
5063210
4972735
3249424
3054492
517471
2190157
2852576
5339591
3485400
836175
1197901
1654828
63291
125817
2045423
3034487
4097851
537809
2160953
4557402
1548740
2000091
2902730
3509512
336946
2524779
978206
1292339
2797694
3157222
2647039
5722325
3974576
1816960
1628155
3628972
7370119
1027572
1981098
5618745
2836003
2903491
2001552
2200636
4773961
953002
1668322
3426425
4536444
2022416
1400250
989098
7630473
2074749
2129474
312759
1804605
3493237
1477782
1901138
1754695
1791347
1747548
2156475
5958186
3601206
4302840
2541176
1266048
368995
1128057
2217947
930302
3538639
849269
4142534
1472890
312639
344515
4475650
436848
2824742
2862325
363574
1593126
2755127
424323
2124371
7158178
4903174
1142472
355568
2042777
6302781
913018
1670506
621896
1913246
2335861
2321331
818617
1686903
1367476
419547
1000086
2845087
3455862
560691
2669759
2674603
103281
8671081
157491
6137
62815
375529
1964499
1309757
4547335
351956
1572570
220359
1378517
4581215
590928
477760
5648058
1312119
3679657
3967706
2976646
5281819
950367
3129373
3009981
4102415
6581252
4103950
2753740
2570851
711858
6296746
5126702
6504437
526739
2465460
5313787
1365855
877197
1541916
3196496
3514892
629679
5573396
2596425
251536
4229943
2233192
1579613
2759645
7018165
5318506
1441886
2663120
3042861
5650808
606707
336565
365566
3842833
1470241
1491351
329569
915489
589766
1078657
7789034
171871
1251575
5188914
6348153
1155651
5719569
1199023
6101968
2147844
6116900
5728130
1587453
587655
528799
2092196
1121523
1036551
3095904
3849580
1732366
1737591
3367724
1138879
1668374
8047094
956190
4684159
4467141
990089
2774204
560704
972595
3111081
1981639
2858919
7394340
685867
4511176
2579637
4220237
1087254
1981825
1942981
531372
107236
1883407
403355
108902
5017044
3980335
1636216
1687739
2346
430835
4306430
1833571
2593410
739741
5779118
3190882
1147547
297522
814123
1999487
3961565
265555
6942991
3330778
127460
528222
845117
7758224
1213012
7529713
2620473
82262
4561895
1323278
1345804
3757373
4420472
6979003
2603922
7819965
3474859
4927298
1333882
1300375
4234366
7360297
584790
422628
3619822
4330029
2897696
6852563
1867836
3068488
5598305
498654
573249
2500744
2235362
187319
2487485
1252037
1850352
296991
5427693
501644
5080914
2938968
1298759
153419
5742847
5509902
2538281
2618661
3854623
2439939
3701545
1445795
51179
662990
1908904
847856
168541
2305941
3732692
373526
2346973
1840821
436696
3071879
8415349
2221709
5776419
1967380
1067558
4962461
5178777
3797064
459000
7100849
1063473
2135078
634661
1280689
4451136
43976
1153428
3548773
1976172
3249657
1156954
4603973
1594355
6525180
456617
2596631
5020562
616188
1358048
1376577
4260048
2076927
1976620
1731959
2242756
2774367
690987
1795120
641421
338405
3511639
1161585
2164327
3032642
906760
1302501
859337
3547464
1768233
629258
1338260
4249064
2133733
4359368
1599778
5006419
3778428
1518521
2434442
2856165
1834166
3078685
1628022
2186556
1360261
282111
2906701
2633637
467857
1151151
4074595
349074
1192311
1101181
929668
2761053
3351172
74576
1938556
4089227
981325
1388099
2066273
647532
3234796
1306917
196075
2108737
3368356
1827699
771541
555519
429857
266958
4986551
2089509
2047701
1237867
2877272
1823562
4313113
3377198
9268855
987308
3638636
3683261
4865730
6257818
2075261
3030137
627858
1964435
7625660
2265484
2020554
4936196
1787372
1334427
1113832
825292
7997913
4375597
2661091
442747
1560937
5400698
591834
4071212
3195132
1763383
5392969
3001229
1645283
2807517
2496619
356292
1656425
2112340
737028
2820302
1705015
3514560
1348224
4452528
1055265
1043908
2757111
2983597
4732934
2206431
183489
1022628
2995629
380777
1424015
3255872
4112127
852277
1257488
7028698
4423406
2610415
2278557
824579
3687042
811795
2519974
3067162
6366142
81441
1026269
1882393
2580927
2243983
255515
2073031
2587457
2689569
2005212
2171309
3988222
120422
807992
1917906
4493645
1896040
1421159
3427671
3710066
17806
4328287
55803
4626191
1073072
2915660
5203558
1201003
4486930
389492
1983913
1008593
314273
190082
1359758
394232
1124203
1217968
6777238
2628355
1895607
4930765
1729543
1647241
1157
8176620
1827643
973316
1108827
1490892
1983851
4058656
2523385
1881760
3595847
2924606
707514
2035738
2654502
6119075
1697101
3407565
2215200
585896
1658103
386336
1613579
671991
275370
2338525
464074
2667810
4338040
2626336
3464713
40259
1386145
70781
2147044
514251
6285214
567952
1822977
4657979
2700189
5848256
443824
5235401
4117779
129600
1848564
1514160
3509138
1967413
296170
6443191
997100
23320
1304136
3859609
1755399
5090753
879161
4549822
4371839
691706
4683232
143069
2817538
2541916
557062
1587430
3208820
28479
2117449
673007
3663681
370511
3692619
1140722
2819904
1781639
404718
1273237
5430440
2889565
2199038
1611929
1546428
1436160
1185212
5316224
1391820
3765648
3435418
3985238
5461900
2896262
2249464
5594520
81907
1173511
101948
1234835
3788732
863414
73296
2322542
2334811
37076
1087265
5578607
1330304
1621835
900772
4498964
4994784
1689707
933523
344138
2228019
1820781
5949163
5088287
295407
3690559
3781961
5031577
5554655
721541
2568396
500211
7490710
2315117
781083
490179
259668
115624
267055
1309685
1487277
1757484
2536221
1935027
5912329
943649
1227127
1813570
4831629
631985
420736
1461598
1661961
495256
3934890
951726
685792
1909775
917888
5697540
2460030
4658987
2417608
500573
5555417
2233892
983830
7500053
3559758
2425724
3829455
3943465
1923674
950445
1238577
5918609
1348479
3057889
720752
4361075
1779756
1872232
204756
2325924
2028899
2461722
1496395
4672596
1980756
1094321
3720527
3546621
7889837
1480563
2154318
1300765
3294455
2553756
2550550
5880988
1878351
1469919
62470
2047285
2169888
3678384
1313627
391862
2317800
2638756
1152676
2668059
1332213
2278549
4801186
5009703
7898957
560098
2779173
3230866
2314068
145840
4542343
2328869
492470
4333652
1170272
3636226
2199977
1727485
642844
1887460
757740
1614298
167969
2191970
480156
1227391
1558771
4028053
3898153
3614970
2322632
841351
912172
6290093
521503
3686290
403845
3123607
3447523
1688985
1068006
913808
1257963
282644
5580044
5892255
1717819
3896918
60520
3963848
129943
2574997
96265
4149827
4094640
413050
611994
1608028
387120
3659067
1154977
5793906
4702292
224846
180163
2945423
1126345
2625985
3386783
2933730
565829
2415592
968749
226752
1731204
433462
502962
1190902
1041855
2805939
907330
978646
3081990
1782440
5265425
2140573
81844
1184444
2686724
429870
180961
796939
2888674
224534
1904829
1291834
453276
66922
1833225
2557599
2174749
2920169
3957904
873649
892892
723711
1488126
4383488
165736
3572810
3089904
4499786
3840608
8375353
3482
7383608
671505
42234
6658321
2561251
62516
535915
3181804
1446204
6817145
1267105
3628721
3511794
6021347
4153941
4962205
3879385
1236380
1208447
825185
618822
1478032
918379
2943443
2147262
1770223
3572605
6791807
1195997
4083181
1419615
2388956
1325425
1027650
876746
1729079
1581010
886683
1350748
854632
772264
190938
6318655
5701715
7422582
3272746
2051
7176912
5145383
455971
472229
2313079
5138636
2886150
1992701
4072560
6267339
5784620
1305044
2185314
8103467
2359054
2696695
1646584
580976
702113
2490246
952504
1792130
2390701
1052419
1579828
651236
1668124
7813358
2070234
3146288
3490461
2056052
2646431
2702133
1061577
1962100
1036736
1734062
2817864
4522522
1634060
2397001
1455537
1091671
2435751
1868845
949385
2070076
657388
2023338
1864471
4397333
1656781
590028
6180291
146957
887106
1045216
5196797
4283981
4044662
2032900
190160
2261912
1387546
1308197
1743946
7165886
1004021
3022956
290948
520262
2254984
710635
1191949
608169
3281210
1205235
386887
3372045
2798400
3000819
5481255
3957216
2559722
3294272
968497
3609297
419026
2041543
2328318
4690310
1055244
4478572
859722
1036506
2247058
363827
932221
2662792
2091564
1900232
139955
5261867
965714
278780
6455435
603025
2863116
4515571
39113
2635620
907534
1817207
7053990
1124921
3938892
1113020
2024702
1351319
3697983
4563180
1433370
1966492
1582439
666034
744661
1158924
46187
1437495
3878902
2554263
2045433
4421984
3151291
3939564
455069
2504854
1341035
5680506
768421
1114966
792821
1092887
5788768
2238026
3142808
3303174
1981644
2777621
651197
2221374
2458497
2063662
2275294
920485
1859732
237797
3023409
1084253
332155
4020111
326856
1812766
3481496
53352
4072291
871814
65905
1847170
6470772
4418149
4679442
361232
3419088
1633817
1322172
4056598
244452
3223908
3586729
5112822
8260530
649332
98856
5077964
1963318
366710
4460572
612174
6770444
2912579
2299765
3536093
1366253
2075388
4864993
183186
3450930
2491765
606503
3356067
5869308
3979098
135779
437682
715828
2040281
104283
1984001
5641442
3211592
5380088
2675705
722990
3450822
778234
2535611
5904298
1691376
2926334
2348209
2067755
3826464
3502224
1398564
5739534
487227
758549
1712266
1089110
4296353
1210635
1735743
6645724
1665480
654572
1657176
2080194
301736
452121
3352371
1098
3956546
95893
893356
5446400
824983
870804
104712
2862157
5042589
1436031
2341867
7078836
3104206
450313
949072
3247049
1457090
4501298
1436359
5622761
6453997
2076970
2406982
6113143
2968723
1720909
3294029
6578081
6369608
2231476
1921060
2944834
5796551
4194035
19611
29680
1895789
1361114
956051
1036059
1817218
1452990
1367278
45179
389476
8590397
1128745
2747465
625359
1192602
6648374
1209830
1628901
814368
1052785
3545491
4970420
95312
5267085
1310898
1368246
1085902
824047
992913
7124320
2086429
3993440
3105147
1928204
3032548
6407377
404731
2089313
3622814
3008074
339078
1572917
1702152
1190913
62339
1588928
4660422
2081360
4911723
1999186
846121
751042
3285628
2907014
825826
2300698
942596
327846
3099370
4028379
2315864
2374033
815557
2410374
576768
6364270
510830
929919
156065
2863553
3748007
743719
1209407
5566683
2824818
3403534
2942271
813741
2762521
3298393
4739801
5704426
4442890
6588785
3478916
3481101
828611
3379404
3270025
470032
3005954
2426146
1493200
3763089
1424253
3507701
1236148
6033159
375591
3456519
6556853
2634271
4170427
531738
702202
626233
444642
4731543
91959
3277123
1508314
1563407
4664483
3789480
7114520
3194783
5375776
2183867
6145532
3763982
2503956
943676
1190245
2811097
1290840
2402223
2268060
2298617
2572396
124187
840410
1503043
2770399
4288785
260644
2577030
2327174
1279315
7415306
6163882
1002889
4862046
594554
8512035
5756401
15944
4368258
5964577
1038421
4158076
1220417
3402363
2901008
9652815
78075
692523
739927
458120
626033
3148843
440991
2674552
157215
45743
774404
58326
5650932
1936295
4852250
5124616
4768048
7407717
711584
264359
1267179
5914446
1407630
369451
1993870
5162458
7128845
390049
2528361
1573649
2717694
2384662
5141691
6589135
524261
1581265
2130802
942941
2892094
373149
2642855
2794928
1543899
942910
3612709
523760
2929942
503379
375702
3332951
3825236
454288
5664788
2280806
6040514
8231213
4968165
2319490
1367926
2312525
1148386
2455414
3292614
2648633
5783317
1043281
561586
3791317
23754
2948884
1967227
2680774
1537849
6663837
2029738
3646620
2248285
3224524
271539
2440261
376005
261652
5657260
1996555
2632035
2283660
700038
2018039
1304953
2548118
455560
830498
3200416
4248904
4381681
4557765
7277800
2330508
1587750
5312294
4704632
422752
7393151
6129412
5629559
3271667
339157
1558708
2711842
7003668
4950023
6313011
2063644
2536730
3422270
9120606
115413
2016274
3399048
509150
906190
3622260
881360
3070557
2801810
845774
745478
3155792
4690016
1810609
2730884
3203720
339553
5614919
227611
4253047
6721617
3841924
1580891
1267362
3124339
1706769
2866982
6284422
7442779
2200051
1771551
3436377
2220758
953568
3632352
195372
1811925
61885
1737710
1833600
2650760
3252752
821339
1592008
3013717
647673
2465690
6433176
2924233
831990
3763648
935476
1314652
1802565
776168
1066377
2243380
499746
13483
626208
158717
1039097
4269245
2625993
978743
1448867
1694716
279206
381561
482876
2941415
3549248
6886105
5538978
3189121
321193
964696
72333
2715616
797366
2318666
5811841
3111570
1144457
1290469
96315
3008350
3382049
2501053
1541020
2592253
4718280
5282201
3648410
2449309
1488180
1599689
2286731
2182332
3671616
6158958
978847
6357840
4237036
762964
6349901
4261119
2137990
4473446
1239636
1400419
1083362
1026162
5906532
3154703
1714479
1019889
2507994
5104970
3649030
1645329
2655857
4281941
3353759
3530545
6198373
1532468
1878120
439074
3104482
1114277
4884431
3217258
2283616
3245638
7604267
2649367
5950510
2076910
1069802
3390293
3800390
2787504
5112884
2387020
5731455
718446
408291
2972100
1627769
6936774
498140
1416866
320845
267026
836413
1506546
2435856
529189
389706
5211187
2294601
72655
4165043
3454201
3919556
2079246
2900777
6689227
2876655
4254843
5990647
182529
2326366
4864555
3705320
3955499
8643966
7650712
1099898
719239
1357692
5714917
2355246
1541694
1591004
8108910
2575814
3829004
7803360
3796403
637304
38736
2075958
5363207
3484577
2128144
3819755
5111661
2964528
2075891
1307606
2144780
4145564
2512309
3916590
2226391
57484
303787
2513570
1976922
2194273
4013371
5630713
11923
176384
2784009
218948
1672620
2407095
6950263
2632935
1637000
2119980
2432244
1484549
539028
818830
909577
449203
878982
168899
3014690
563891
5251182
1960864
416144
5378259
505309
1295550
3100373
5831498
948467
3072513
2070155
6613332
3025216
4177635
2388326
1858307
383225
5705311
2980140
1526891
4508435
153001
723356
1333649
3065029
1366897
1994603
1158801
8020128
1590975
1010306
2087347
3515413
3018844
5396400
3065824
24398
3442111
6990858
2618266
4009517
2991543
3910334
1301699
2091968
1045829
2287831
1933102
2166325
2412158
2738121
3248802
1716912
1455682
5357223
761699
1220754
1823695
3598850
2940041
2713773
111295
1925400
1921464
3994170
6724776
5985114
5882929
3396828
2586210
4759863
670473
3158363
162548
5608866
435003
2631907
763815
1891671
1185624
278634
4116167
1164279
908412
5282912
5712391
5684152
6749094
5375753
6971459
6666695
3500308
1279373
1172323
8711382
307461
2988451
4085560
7708020
1351183
4277870
2258618
1127314
5100956
1181860
4928142
112928
6406676
1320460
1948559
1313557
2629445
3539421
3040904
497768
816455
1134566
533689
1333028
2959319
408524
3811885
5557924
6276408
2888957
804636
1685085
5571517
996638
1805224
1306622
663621
1395318
664801
919384
5328219
8455927
1127883
385343
1092682
24547
7771956
4018466
961895
2075130
5206084
3630518
264176
5467610
2368113
656718
339856
1489417
4295194
3597625
2056158
1096757
4361139
942320
948312
922310
7799068
2182938
3220016
1495958
185133
2776583
1213574
2809376
4855989
3452747
1197374
2322534
5464323
5022647
2598899
6444346
2316321
1671688
932870
2245656
3679989
2264947
3120662
854837
7701690
606419
1454815
815771
4522528
2220581
6153008
5556538
319693
3377657
673140
2776607
1771979
6366638
2064741
5452349
1370473
1916518
6208126
3804681
2269856
452616
1273933
4196849
2174925
1042263
6368757
728044
1938976
981378
4766227
52569
2320014
1194146
716650
163696
6653157
1111331
830274
535035
11371
3605905
1260788
1876393
6437934
1741200
4844541
2741546
821261
221853
5468588
477035
4585814
581072
4089734
4671835
1288229
6604453
7627007
4528188
951873
650721
557246
688975
1890724
4090052
3896907
1628759
55342
174697
3430729
4865246
3548235
1332829
7522320
3180113
6172619
6557916
954538
4073874
486181
7934519
7655908
436051
3407731
1726034
771118
5703819
5537701
2036664
473629
4865136
296364
2728401
3237754
960381
2286845
561622
7310449
4405343
6945889
777166
1022142
1491984
4107692
1603425
594127
1743908
2248028
4917498
832952
3288483
3730672
991301
3598964
599675
2318409
1728159
4081363
1085312
3199319
2971057
2718518
3503066
881841
2707878
6294416
181831
3727035
1887310
3911774
3534230
1073744
2512128
2878837
5529996
2492526
236277
6068282
3359555
4225306
8143930
1697751
172173
1571555
2203796
7170798
4517626
1105275
4921618
719552
3354911
2994087
2588973
2424024
4239405
621638
3830269
2360421
2575225
5364624
6055602
3964688
6157163
1253218
2163660
1199451
2168329
1164967
6865734
1530921
3250825
4561776
6090529
894833
1249720
5482642
4155751
2556788
4280425
2354283
39455
1466025
633845
1458821
3459183
2947422
1873426
798363
821711
211867
653695
1302347
1546377
593589
5231599
2385285
141079
2569485
1532414
6064857
4314477
50237
5213650
752957
1883413
4291630
6407934
435963
304657
2212154
509351
585250
6425637
4338122
1551928
7591152
4341094
1492558
377241
2823389
4681369
996881
1479001
8204544
2341749
3171720
1558745
892016
926773
196588
1641259
1104007
1085245
568959
3436488
2018308
25711
4082557
922981
4687623
3721484
1488034
707358
3381169
2684360
5533469
2937212
3606793
2574818
206572
622662
1531844
3687416
3493675
1561616
2637910
707265
4950390
737221
2034286
3432064
4352385
1078545
93856
2533768
524321
3844143
2938722
371496
1313526
3518803
1354563
3594633
254999
4465156
1879919
4257508
1086335
1827066
6634466
2239637
5355439
2815132
2970840
2042648
4128627
2394435
5843468
1658841
2856131
3223379
3738251
2614919
4030493
2066813
2845674
830443
7792927
938976
1162405
2844755
2454689
4720757
6295452
5227629
961285
811236
2526612
4906964
1378586
2338138
1274983
4452595
3400113
7747522
1942911
5615041
2862319
3438385
2369370
1490826
778092
6196714
630813
5524489
6470502
594026
6703055
837566
2104254
1888473
1744777
976768
2782367
6683940
1152251
439844
4107387
307024
691625
46231
835635
2604500
2751335
792182
334364
16689
2179963
4401721
7561401
4183579
3572270
1086673
4729360
1156711
1368140
491825
1453124
866536
1871738
1208452
1136319
3756732
3804800
2921695
376094
2522446
280947
264832
1451901
4895284
3758997
438589
1634403
2688770
1959105
573395
149837
1414486
7290550
3066693
1235090
578412
3169958
513570
5038879
7178149
3699930
3104659
3538747
1086641
3703464
4217925
3391917
2710859
342298
1798400
3453756
445720
648300
235195
1037086
188197
4218815
452256
4698246
5360340
6779163
524528
3695094
1566876
898316
2385529
5540553
7727753
2212951
2195052
2777409
3655289
4704578
1067869
3134095
5984780
3329671
1749794
3735262
3571180
1281595
2238164
165556
2348198
3252883
6401037
3682108
4941237
5343243
3938104
340527
5869057
3107003
2249104
4199374
1252579
7174741
1702246
3320199
1174385
43592
473078
1011010
2756481
2578045
1295919
848754
2240094
3886936
1778343
3933764
2468284
7104227
4072150
4463048
901860
1174037
584548
3130817
1716875
5933335
3080597
2031596
1280045
341973
634917
2502079
3199672
170371
7598280
389429
17317
2229967
1875004
241134
3858734
874855
2713951
874439
1191034
421973
3371744
987392
4905659
2172954
5088892
2410598
1552952
6247338
447702
990353
2094283
2865637
1175662
4918785
83218
3923068
2158619
585629
2738685
3720954
2619859
13749
827266
6260108
3838835
830056
4973215
4309223
5325538
76569
4108692
4890126
3894921
3269668
305083
2249730
798114
2215397
1371198
1063746
1156482
3128133
3479739
6675889
4342980
3282176
331726
4499963
3017795
135384
3657083
5500709
19309
4559115
470975
67606
5379857
8219395
3533293
795425
960499
4192912
4597170
3742677
3780879
2404059
660815
230962
420542
2475588
2132293
1991080
4597140
2528791
2046
1598109
957574
768615
742592
4716383
2498730
6955802
2417272
4884141
1405754
3083381
2858417
5128220
559424
4103606
1309448
6033169
3913278
256147
2123643
3826232
6865049
1673803
1688867
3762148
38204
575785
6493317
6207083
1866094
1404097
308800
686735
2043032
4933460
1066966
638676
2209742
3727417
1824233
2416806
784797
3321689
5125689
4338319
2691455
440113
356150
1161047
5821806
4302746
3238196
3913691
772890
3973179
98373
1969506
975994
3148162
1963541
1414099
510476
825438
3053032
1851801
3211970
29062
1335018
3137435
2101848
3349371
2169995
986714
935947
437312
253992
1260784
2689918
1345894
4373142
2253513
286038
4268124
5799541
2879345
781022
1133419
5027549
3150791
213943
1843225
704802
7163487
5287062
572192
1376548
3771095
3420642
1361357
1292086
3674545
3227792
2198981
483811
409908
1781981
1606198
3647293
5433116
1866142
1313569
676889
5187038
2527108
5788816
7019907
765669
6127191
6700782
3747473
5596730
342045
3045907
3421292
3609995
4127166
3181238
364779
3003464
1626976
4065154
8321001
433889
149206
156958
5452387
4645133
7907366
3527157
2784345
4030614
3054794
3834371
7346957
4157407
3488186
633823
2687460
2103197
1787166
3278103
3654384
4119451
1085082
1212264
4509399
1641400
276991
7164995
7195237
743724
4121933
880293
8200813
2844467
743206
1765751
1561904
6609810
3580076
4159007
2718765
786952
2620432
3659370
312705
5678609
3464832
524220
951568
1961408
1234827
2416641
105064
5137618
30939
140505
4363845
280029
1685383
1018246
1338335
8582
22452
7947466
2862490
5614595
4476366
3058068
63272
1036974
1058746
3639879
5073951
3975157
5577027
2181215
1131583
1280644
2141191
640612
957375
2602697
2741263
5237994
3901656
4006050
3230974
291051
1192511
2088637
1023341
3203084
712994
47468
2233894
276730
1958806
5901408
1477495
5229777
3274267
1622255
5740597
3626425
3052818
885617
661203
1203825
730326
1037912
6850443
5322537
3023090
698454
1751255
3969312
5182414
1071539
2235
3312224
6038571
483612
1355587
591400
5866565
1472826
1356669
8784626
1054982
2096257
1536555
7018
187752
5314666
797713
257268
3635569
1064945
7142502
1277491
1513564
4102007
4336348
770678
3362772
2802039
2852728
5087202
504508
2467356
4672452
1237697
2720286
3498771
4899363
4411603
3116966
2639015
1940500
5565162
1040554
8403051
2944670
1475125
2474494
789082
330756
1212792
2961971
2146704
8821807
328989
1591546
1689073
509893
860395
3244949
396399
367524
2114470
5334799
1846155
7271679
761923
5482654
1271753
1168228
518782
1295551
716644
731643
3426096
181606
1868550
1088359
133761
3969896
241174
2058300
1132625
45078
1453442
5533445
5935852
630045
622156
1144711
3540737
1198589
139092
6871899
6036092
1139872
359648
824371
1689670
630538
1078109
221618
156239
4280856
2524732
3470212
2481255
395782
198242
488394
588458
253867
8054066
1094362
736173
4781955
605635
3860724
1227219
5070433
2582674
3534116
104866
1001350
2167644
4068137
8046575
1756659
573296
1975756
2363532
2915331
2661196
1672826
4031505
3920617
249188
241502
5097706
6104221
3762419
1056660
183692
3143227
1504316
5240199
6538404
421827
4918851
5027443
2531332
1565776
1231559
223378
7408355
1165850
987800
563908
2743846
64907
3957738
3243946
925390
7098318
784352
2449296
1913622
269945
5561422
1967315
4546207
1630517
2549620
2965862
339961
2518481
1359997
3543636
1693841
6956729
1011432
4624757
2299839
1761395
7187500
3791779
4522401
1988483
4355675
1888219
5569816
177125
632850
5123235
1337654
756170
324943
1459956
1983727
1190116
8406389
1996788
2595216
200225
4108158
2246131
207496
1095183
2733982
464722
549412
2071668
1231850
2785992
5183454
1720930
822617
168306
2786183
5446261
4872657
4495096
481868
251496
1581250
5108946
2603919
1119178
1885622
901143
512413
1898399
6744340
6754988
1533477
3461838
305865
2324490
5087027
1085419
1919269
2484455
6714354
1580881
2633529
226282
1264984
2227501
969617
3403662
1271754
7560871
335779
1113242
4496745
2117540
2495894
233450
5889496
2596596
3846996
1647591
4150182
514228
5157643
4331625
2618313
3178184
1625547
1193341
564400
534554
1162635
3539944
261606
997529
4703462
3623177
2079083
4558289
923176
1183363
3425922
5896974
3642139
604410
2459336
6255078
1211533
972303
3709231
56562
60530
2771412
1593689
1795153
4494324
4473950
6928793
503408
6445662
4013158
3538221
9118560
4567645
2918166
2819247
5217985
1181172
59147
3943722
2376903
3801885
1573256
236114
2502685
635821
1075101
1491511
5554084
2226270
1610082
2493312
2531845
6331456
3047569
1092370
3398407
2429691
2205333
688216
44131
2569824
3446129
1587693
702128
2458732
1105651
1601071
5056396
3940699
1583423
1060741
5323307
1602216
672497
1566931
4813527
2879005
415553
3248277
1673499
631362
1138746
2434176
677390
1962949
1684528
1425219
224057
2579036
2604985
7670110
2283032
3012934
1666561
2536376
2784294
3832900
335423
1511083
1779195
2760542
5006279
797597
5019008
3261726
255645
492673
884304
3532925
3059291
2691977
2759780
2742736
1190166
1513906
81960
929272
1288645
1934087
6480601
1803836
2110718
1139785
891536
3191124
1293834
870501
2246688
161707
857858
5308630
1708569
630301
491225
7874111
4691680
3420178
4628804
2913358
3026894
1145532
904155
1932970
406239
1421747
2087127
5913305
1200384
1369810
4758331
5301092
1905394
2441736
716361
2186957
1444731
287820
1093960
346691
6104371
5785451
3147231
1496671
3853660
2117526
5617115
923907
5156333
1286174
596631
2626615
3193871
2034342
2109736
3452895
3301929
1919451
1760357
2438649
3000256
2837828
601143
8787490
101389
3595825
994373
932840
1452865
67197
1206650
5139776
1059463
3579820
138411
3411666
2084795
1943682
2226190
923955
2768826
3915734
2044863
2010891
5094160
526917
3418906
3711123
664944
3240070
6746338
4664128
555537
2003368
2321150
1384017
4441163
245168
3917236
5567559
1009164
665203
1308142
3206803
3241340
515689
2253870
110407
2609004
167467
825284
266205
880469
2676963
561220
953992
548101
2635016
7141560
3120055
110236
2496037
2414489
2076344
992218
4505471
667341
7014072
1898276
2091024
6942313
3585392
3656261
1545880
1060261
1535299
3096053
833527
2283646
278441
1876826
1813225
839151
2654091
5981032
507402
2766865
5044906
790309
1018909
1223702
2626806
88394
1519754
1330915
385883
581629
1035872
1627329
1226483
311742
3663740
3617728
2397177
1701659
4542066
1213297
8202
7253279
3537724
5115471
994695
4320568
4385554
1873850
645377
4028105
1462135
1446868
4618343
6057395
4193204
1431118
1930097
5896974
428703
5641575
3931463
5314434
1336847
1371016
869866
1479044
7126948
4444446
1657735
1061058
2367615
2108632
2125824
1224121
3121702
351049
2081172
1494837
532899
3419251
7181789
2667943
583803
734684
1976700
865909
4354024
2360528
1552684
1708514
4138464
6808381
2390970
5863795
2079905
598843
3643712
8493628
2430459
61079
2286459
3885698
2775894
550678
2286494
4040756
2969555
484341
3260289