2758981
4299564
1226298
1174552
1816331
82619
2037488
2190545
230919
2185411
402264
2142220
467004
578516
1740219
1869195
6270817
4040879
425693
818976
4519897
7310565
2850190
955558
301819
538213
1663329
250003
2728210
2580596
5909773
4460106
7499657
2700009
2283688
3829265
2582936
6402010
3769559
1428518
4006844
3541605
3255287
1593701
1419881
6367597
1903090
631217
1356156
713144
3896453
91064
1351544
2652411
2882262
401629
1896294
3496317
2259730
282873
3706359
3254666
6808250
611737
388152
1465580
1847311
1001197
6172496
124972
2964390
2249729
861996
153630
391247
5334145
921600
4627267
3107649
1949946
344754
436637
7392234
464633
163255
5844758
365512
6586031
2459414
4244846
204854
3673290
6854233
7734037
2471604
904348
5079842
560797
3224113
288134
211088
1001737
1741720
6155838
6434944
1561790
831081
4850169
331556
753062
1973358
524193
4646982
4470434
1437049
409728
2995056
1099188
480123
2525499
434950
5635659
3407382
4078228
1952034
1979177
5460394
84826
1514881
7672352
3707142
118721
2669569
2258736
1952646
3299266
3464853
6759200
831936
1085274
602515
1128403
4417818
2987077
2677853
2328539
4094157
663993
2113063
328918
4893567
3088525
1566753
209650
5418681
1014281
1696086
2483204
141393
2583448
4141962
4063175
948524
135294
3266176
3686303
2267681
2182580
1305454
731355
1309423
2258246
3103157
153196
766826
343011
2182966
1971363
5514237
1897224
3638518
1260765
1203435
1679876
1874908
2481961
3440421
475094
684781
289900
72853
842860
2456417
565515
712755
4886942
3919932
1382931
2246783
11597
1066264
7696048
5159204
5658798
176740
2790875
2097993
2265739
517721
1917442
156796
1260298
3047578
3448680
254960
2954088
4355622
887265
2566345
2561710
3180428
1203709
1166418
4740442
191165
2505513
1743156
3803776
215473
479707
2955314
6909131
3533713
1609766
254083
1491901
289727
143202
3741287
850090
1588167
574221
3077832
2774802
659537
5938099
1072645
3557359
556763
179418
505037
659613
3532855
2517164
8484381
1844328
864968
2458569
2756205
3384490
2140208
1407458
538388
3911012
721312
1247282
5428725
593095
3148526
1932214
466604
1824531
6685091
820303
1384582
3546087
448912
3127046
5408874
942898
324432
2518059
369904
2008868
4826507
1659214
1724871
2579310
1542194
1225124
166946
40022
2002956
6825633
3493721
1550629
1217749
1464830
2283280
8879655
955136
2023648
1517703
3425215
4769939
1673664
3158611
1111078
1520705
2692314
2836390
3410928
3791832
118272
779576
1750986
8514711
2640214
3881510
4871854
291484
353036
3522544
3911260
2280718
6791215
132372
848134
575184
1821406
473622
4822342
3117154
3323839
1871344
2279158
1856267
2381276
6945477
1017420
4799531
4948765
1332377
6336487
2102277
1382396
1505166
1600409
5966957
2824021
2810131
325661
1382770
1931214
203097
3071686
3063085
3221422
4942958
6311550
1127797
1280222
1217853
1436585
1351370
1548043
96397
5176684
2425297
1366771
360503
280374
3283287
6415592
708443
1345076
49252
419423
3671730
860596
2222241
4987307
899765
222007
1011429
1021818
3017303
2811075
2477474
3895727
1192932
2859175
7648325
1637774
554199
3004622
4382582
3625737
2191446
717214
6609765
1183449
464561
5779580
1800393
1366907
4843767
4354322
2495225
6160212
2616063
2144802
3685220
5959281
2045645
1584870
5360141
4771532
5620986
2719605
5217397
1941625
5366879
3647311
916102
2235279
4742076
5161228
4301147
56417
4443851
2955085
767136
1671274
2244708
7109211
1715182
1173743
4228606
2649953
2237757
741842
755893
4752060
1222159
1107365
199718
1125330
1382687
954666
5449722
1077420
7271555
1289396
659770
2777832
893460
3052471
3626303
1473945
6093092
3165454
2679589
744159
3069236
1964968
1292630
3779927
26960
1411346
3183396
1412863
465080
628552
255682
72952
681108
396152
142001
3795326
457756
3868791
4141528
3061956
1368447
1286468
385528
2257241
916045
2833649
648104
1564790
3739404
6958322
5801670
788412
394983
4035696
1838102
145120
2792473
4254629
364286
4520507
2392604
822178
2588521
909973
493603
1681261
5786461
1129389
757382
2737602
1471303
4921787
4495636
2439316
4703023
2256861
947618
4055497
3442299
917709
2190681
3622939
256477
4711453
983729
1931794
4192014
4232414
7255142
6376389
4547219
7902606
2929343
493727
1196542
4735692
2123854
2074946
2955390
1412437
131662
2596277
379965
1109404
1893779
1032498
1793651
314629
2160868
4096604
2361391
5679468
2596623
1892000
1065499
1665666
6677159
1890391
2860410
1139313
2501795
6401317
4812032
975591
1891612
1185427
1158156
3963104
918729
4647049
4911191
1480456
1822879
3414908
2081327
239862
337813
5448621
3608728
2208845
4481759
15251
1303864
2336130
1475989
6401744
4443481
3496686
4831769
2266482
3290495
1230319
6207166
7160470
846046
2680134
4045626
3495086
8475168
1557229
742964
865323
2512450
188249
3364798
1253673
2966904
8239553
1828471
2706792
3146812
1976992
4223512
1508829
1464163
2990779
1540832
1570451
2696272
557650
299217
2440869
5689768
5979427
1478428
5479555
4638470
2799185
5754874
1341027
154411
2459691
732452
4527294
2637490
221267
1615866
2871719
767607
1779614
1603868
1800742
2210350
1793672
7306650
7426721
6928376
1147325
2173551
2988323
1088300
5939819
176556
18834
310214
3095686
4613656
6071753
3824085
1927322
6234451
905136
559245
2262772
4575850
1737590
1954778
1808004
5197014
4508847
437193
3403193
1523676
1063793
2334480
7365483
188825
117448
1525187
1385354
732653
4515907
707143
2793962
3674332
1516867
172097
2203307
4257648
1874806
143040
3767062
944014
2474482
2464820
1122649
2143649
1056091
250281
28827
4411354
5799026
1794365
791363
359385
866785
1233753
881081
3068396
240880
4955104
1832813
2511946
3524201
2925442
894250
3886185
432264
4820512
2042533
455492
3518488
1893107
2503177
3050428
2468116
4043036
3269967
389978
5232662
1849297
3361577
4625598
565214
7231617
661212
1007563
2983314
3054463
2683626
355104
2106455
7551785
3638213
1273901
2289326
3565360
3301457
1227877
1924596
3500677
2409900
3559644
3560168
3719846
2639563
8112236
1574728
6382026
777431
520531
3869868
731937
768036
3549313
1553085
1544772
1832469
4737060
4180641
2494653
963732
3061031
1572097
1855141
654743
5764316
2915011
2604926
231591
3189136
4677620
2123434
541015
2626111
1701432
2383028
5221829
71058
2171524
2810855
5079983
3103309
4587669
3228440
708243
4349969
3628181
2645022
1883398
3800698
6163657
2931803
2619124
2097264
1613404
495557
969200
2910167
1145921
4147517
3059600
283836
3940062
1458623
1331721
3332308
565753
3780067
3930464
2768713
1920852
2504114
1862420
5593560
2241746
7817216
217448
3135655
2889531
4094936
2665169
323634
1421141
1073552
3462088
328156
982034
1359282
372290
5620912
1865726
1284310
1251785
1093280
1520566
2146444
4691830
961063
134512
2337703
3740986
2750297
1423274
6051933
451649
1144680
487685
3455338
3276459
3367964
2184059
1726591
3960501
435374
2839302
4974690
6338398
2145602
4034123
3835182
4924483
3133907
12832
1546670
3557961
5548215
4512588
3543521
145927
3434124
3477622
2701285
373536
3146398
3966271
4830959
6055177
2517427
882349
5280047
824025
6064817
1320912
5277603
950473
1745424
2677577
3496104
1539676
4056400
2284360
840051
640340
3560445
10810
120243
1821157
459150
1129742
1021502
2952705
1567583
503603
6533202
5487462
1896318
6260466
4938379
17364
931562
677549
1531349
1199457
1066237
3134155
1975555
2884835
4342282
286076
108291
2424516
1522859
4263824
6594997
3791738
1686367
703826
5843644
236268
4685142
614879
1603932
1920721
2432830
2865502
3169899
2637539
1824904
107130
1617662
5610946
7956383
1840892
1382942
4051977
3528670
2227593
3487344
14258
459587
682960
3910604
2021826
666118
354641
6430330
5238882
983950
2090934
650172
1767128
1439450
2866352
724345
1685539
545352
5402558
384767
1851293
2530202
8548
3240584
1603766
1554617
2269603
22657
5370798
179769
1823100
5072407
352280
1819424
4520650
32695
343789
584520
1483303
1086234
2443995
972282
1201145
177722
1382676
1782570
2865478
1296358
3994409
27109
2339478
1001898
697464
4482014
3507698
9427461
3713075
714460
4132515
1151367
7648563
633398
2565270
1459503
1265168
1440201
141897
1622777
172353
3602877
2030133
1520345
2039850
1206593
515531
2202405
864308
3261331
3030439
2839655
1498270
8855864
622960
627552
2316521
4619138
4360067
853559
1244898
4295997
1791365
1187649
1110096
3822985
1254285
2968694
2349510
240046
2017368
3071853
1312988
756294
1821820
1841996
549825
1368830
3063973
971640
3945793
1134568
3662288
1107727
832884
78536
4279200
127983
41260
1968562
912404
2685803
1761462
2235121
3235861
3376081
1825014
2600849
3190139
1023200
3384958
586866
463915
2378530
736648
930358
4285035
5915965
5682458
4147319
6853896
4601799
2495666
883975
331200
3648247
252715
4990009
3468741
2196906
3838365
1248000
1603024
5427948
3737069
3773345
444680
405487
1889906
2222958
3164406
1147836
1402603
2306233
1256591
5109428
683313
333301
4697569
2930825
394966
3478469
961104
5011513
2332784
1703299
574523
488556
586
2335219
945996
858885
383059
3006355
2559350
3226711
3413529
212103
2986106
5020447
485065
1335076
345531
4733928
4198005
1064211
8056157
71411
851651
7685553
1591569
180411
5910307
1411984
38343
2410483
656183
4440357
2093392
6917533
4447368
2224810
1009347
3949279
3231585
2919489
916743
3715076
3677487
612385
947093
408203
4003691
1931932
3019108
267872
2178525
548678
1475074
723070
4217555
8453042
1334657
4287826
975227
3333178
1684062
2174198
1885482
1110653
2387909
2508141
1870183
1140646
1456473
241973
487221
4438018
5362953
3493243
402335
2644532
4468150
536453
2546123
4886153
2187482
4809985
1051661
8190926
271089
29773
780348
2639102
3093796
678069
4363118
4238856
1341102
2066697
2361008
2598139
3696144
300574
1768166
4497264
652522
5130982
1999354
1890499
1207209
2599830
2462165
4445012
537042
6163916
1209075
4822686
1561350
1024576
310875
2786736
2295652
1742714
2800778
4914960
266016
5089066
6770400
2806901
3844920
2086505
7690542
1347455
4147356
5560570
5352318
5988323
144367
494437
1872546
774035
479920
810631
3219493
4036641
2020916
1739602
3209528
901003
4551778
625966
8865298
3755868
426946
5210973
6238840
6943471
317185
1392420
888451
240100
2517276
271844
388375
467010
2723984
4225139
43922
142514
7865568
3825196
1026240
657689
2564206
1228298
3372696
3699957
8232403
2445284
2844663
2920291
1974403
457340
1335451
133944
371403
4258282
4840846
2278226
968770
100115
5416328
5368482
2316881
7070567
1260260
7319537
969481
4368048
3754119
4034967
5476278
5675923
233950
139607
1747465
382171
4703914
1867525
2749527
4459179
4922686
3662345
373426
3985651
5358062
4147844
2619144
3224423
2441670
583552
95630
1227727
4931060
1723906
4488570
2608578
4605448
2860638
103649
83690
1220334
162174
141184
1703888
1383491
2123555
721979
2070735
3645340
1716076
5250615
86503
1131829
6469913
3271639
2040249
1750640
166620
16299
1704644
4286042
5113370
1891189
89405
3484088
2906998
2396684
2308080
51908
1847446
532174
2083387
6519841
1671424
2050165
368146
3518579
2740786
5917687
550288
2482388
3082965
2168551
398714
49830
2488288
4258695
2933924
3032136
1654568
2683070
2311257
974947
1058167
6621902
1129346
4614422
3333883
3694608
3749918
3240954
633765
1761010
1653515
1167338
2091986
386672
129821
4634989
229299
6181840
2771627
1704872
560679
3390356
79792
486176
1138513
5060980
4207113
6161323
5499448
3321821
2315981
4991072
3866285
1032109
7674886
2616872
420684
3002759
4044481
3276069
2108030
732826
6945147
2524561
111003
2947841
73646
143789
1070448
3398807
1533819
1129
1332581
3128795
2428477
1988131
1446386
3004831
700153
399763
4974703
424095
403424
3024503
5378651
2746076
8327484
222325
1180198
1773547
625285
25451
1397328
2984389
4150355
303381
312776
2292603
2688647
373963
2049121
92903
408747
3901240
217079
85972
1024270
1611540
1536283
522331
5358918
2844383
3150423
5313891
1099
761374
5760039
4209845
5021662
2291410
1704355
5585315
3242880
4378
2873767
445006
2211483
6712565
2682238
2330074
903102
4940063
3742901
1117749
5653568
2547494
2202592
4053091
3473631
1738512
564172
1789719
2719444
451533
1909563
3345976
814690
1773372
394833
330839
1272152
450931
1628262
4590821
252128
1693569
5335234
18839
1505770
3372673
3258165
3117181
1230055
2648161
1718683
2591593
3994856
2185613
996164
219907
828986
3396796
3315266
2678579
351528
4998027
203544
3266530
3751230
748512
1396987
55660
1726844
1148993
598858
782379
1083421
3797799
102438
3549622
6945280
222265
414542
4119724
3142799
5306743
45613
4833088
6454981
605216
2138332
3519775
3351966
1336390
1429966
2584456
2008460
679495
775168
191799
911487
3469291
1252666
3597347
506562
5405188
35312
2540722
3923304
2974482
185409
1012109
4223734
528817
302031
351618
1495716
6982
1048423
4058518
4314391
1735731
3330776
771925
3478503
4119703
1847553
582959
358058
38730
7692121
737479
2232517
1511383
2641587
2193218
3514136
2434262
3753039
4487302
2177954
3456045
1611351
2055262
3415299
3066174
1122963
3483774
2008795
20316
2229701
1257967
4868408
960708
4438868
4925529
7527798
675760
1633386
1034697
5356372
2047
2405389
6717478
2911672
603829
790083
2338914
1043085
1282914
1959822
4165827
1736365
780498
650164
90129
6618152
573369
3472330
70723
5441310
8170108
6393209
5203822
1097292
3005806
18567
1600873
2259667
670267
2550439
1145313
6303114
2639144
1251007
1589229
1913093
2802918
725102
2412675
1725697
3984938
849018
631830
5296078
1909638
2677602
1733499
1687199
1074606
1356397
102650
4515835
2935687
4226300
3534363
441070
4510775
39194
3961545
1045521
81099
1570972
5976200
2356168
605748
2180598
25910
1011639
3898935
3160457
9177724
996852
2370062
1281296
1596913
1228974
1018912
1849425
4812445
2319915
3574876
2805068
2191169
2114327
2336611
5448670
7198899
1977500
613696
272871
3808387
5808244
4787559
276842
745556
842850
1664914
5076224
2328752
1422666
4884579
3707891
3122399
2685512
1041434
3326305
125991
387152
613208
897220
27392
1937995
816318
3313820
6423945
4740080
2932876
1173340
4173611
293917
4313385
2092899
695365
2287137
3563222
3731658
1508429
749456
274499
2841291
184192
2454170
2350993
1218861
6291236
13126
1328718
1507349
2876795
39185
1369332
3435990
4653273
1819495
3261932
7081909
14301
1690947
1967012
371520
667956
1955357
5533110
110038
2578556
822353
6922
5792639
932412
1691491
238405
2191508
1053542
3945057
1311069
899009
4858453
3149560
5098347
3467059
1702085
3521267
1221388
548559
3504833
1078516
3494628
993556
3523897
2421903
3726857
4778703
3206091
547784
4778801
2890482
2902195
2050669
4400240
4359561
1513182
381467
1295015
6334712
226252
5725208
5541027
2777795
3256681
234890
2645735
1661573
1754963
4630555
6025926
60837
2644735
2038223
7124647
1871149
1561819
617909
677738
591736
4341526
2233345
1900430
1463976
2012803
1563074
304310
1266814
1798385
347734
1740487
5927015
7539332
4845507
2162042
5404986
4350304
3055551
1180821
3874494
5575550
4265064
6687592
8653547
272287
1470073
4258052
1986359
1074059
2609948
2024093
1738701
553855
5470013
5174649
7114624
57076
2055835
1566195
640471
215118
402467
129388
2515280
6922144
4100784
1375890
1047781
4589738
858740
1842830
3697807
1271517
1261090
1323234
1195732
1029734
1398954
6028253
3875095
1881077
1487477
6440414
3379350
5156081
297538
460875
3407024
3092650
1925766
4373888
3111435
1666028
522947
6115
3253747
2547120
4512449
530062
299157
8510397
786197
316391
1981148
1330311
1830159
4979953
4994972
3308119
349700
6623426
2782825
374108
6397127
2424021
956350
2988836
2709733
2497804
4155862
2392237
3495155
1627299
795256
529788
4298887
628319
5214568
2284673
3899423
3920957
4318210
2779755
25703
2641642
2448390
1172181
3302200
2266117
165756
2793202
1796357
12187
3489845
4359948
7738011
2826174
279931
5789012
749232
972871
2658239
462500
1001942
2336276
2880222
123761
4778260
1440267
1422256
564443
6947419
4116700
6226
800962
2947726
116917
595804
4604747
2036491
5292023
341530
2446352
3764304
2889891
3642899
829859
1190996
360021
2068387
3177861
766633
5258886
3183999
3328312
1282196
568913
1858589
878629
594307
3283325
635028
1821901
5331276
957998
583899
1314177
595301
11638
4559045
1749839
6408615
5614337
1214778
4271313
6191499
2800164
8931454
1364676
2992729
5086907
1229852
1811931
58507
590578
1288825
972892
414689
1028242
217230
3030754
1792511
3477814
2869816
2234853
4906343
1762626
3647235
2612248
689935
332763
1870880
688695
807218
25598
4118650
3577301
543344
2849745
1263127
309398
6748005
5374238
987232
5995495
1899740
111192
2610609
1897960
4087621
18921
4889030
660136
6004405
230093
5560380
4433882
289288
120740
3379555
349937
2476651
2595598
629634
3264286
1186012
1205084
3578672
571771
1803562
2709011
230946
2100701
8380836
2577910
831771
1647614
1690028
2371793
863867
5039802
1702132
4461131
482885
423754
5037916
242539
2154237
726371
2529198
3466416
1811981
1966210
845913
1994936
3907941
2447523
1294965
6483739
2224284
766936
1910146
2883955
2183290
938804
854261
856203
4806122
322385
4575561
1563585
5325989
102424
722837
3421841
138190
112417
687403
2302543
3202534
928099
3598305
1257232
1695170
1190138
3022642
1155866
1126739
2178452
5103263
1672345
350897
855723
279510
107834
2604513
1142388
590524
1210262
2541572
1115968
3642538
4506253
638201
12760
2858809
7293397
2103382
4017024
2029878
1477262
330168
1890918
1640884
5411826
2552146
4808921
746512
4940941
2141491
637528
1928971
3713292
2576902
3770789
1265309
100245
528914
2755266
4030585
232710
3299346
1047208
1645595
1755231
4687997
117304
6196301
4345775
2281952
7199452
817304
581860
2217523
326729
366566
2239656
2324462
6860139
557866
2173597
5157597
384536
2305883
298066
3509892
2206623
5063517
4653857
1301795
645169
2295519
3791782
493466
112254
281117
5881448
4179278
3697992
3302878
1955469
4903104
4617286
1926969
51953
5248691
2539242
2613965
3570627
6005090
210740
129468
1949240
255444
610403
2248441
596880
4049124
11483
5245961
279891
3127822
1812372
394764
3934204
660745
6527150
6411707
1484044
4812841
2317897
3528727
584494
2816707
3679457
3130235
2872701
2630953
21913
5709618
2302350
3504681
2103143
3215365
1021252
5568045
4280920
5164818
138699
2346952
3890350
71522
4906752
66865
1220767
5426216
324137
2260190
4853892
2296640
1332755
1670840
1316117
2985770
798451
2808147
4588558
2840288
868379
239566
4026489
2021360
3531904
5354124
462042
261498
2835335
695967
1781797
2659741
1545734
983564
657517
676965
743781
491434
1749846
2678090
5293525
2119217
750617
394500
260053
6810626
3569415
2392007
7867753
4632136
2139739
1785158
686117
5048195
6061552
3142090
1460500
860722
279573
1926160
5098103
2989311
2005465
3015192
602433
7600922
3970221
247465
3202157
450727
2742128
3050517
207489
711326
3286900
1933958
1527837
6752157
634676
3255158
1779031
971893
2169718
986114
1008770
1176478
2600070
1497342
901763
7147741
801898
6576658
334847
3230436
2334747
7256488
2304528
2887309
4722973
1366560
303454
1477372
4339022
888947
316890
1056682
1030359
4152848
754752
7486550
745841
172624
4133948
3374030
2374193
3578140
2127379
2829497
473642
2815365
401077
420589
1581705
2530116
5103260
4901790
3187484
248572
1318585
531598
1323582
1068217
330883
913889
3218138
1154401
1566819
3054171
2677505
3373604
1123006
3796152
3473409
4608458
2197790
937012
1296156
5322248
1006568
1530531
562740
2674178
7590110
2817221
5403616
6265885
7744059
4676894
4548728
3785229
705169
1089855
7453547
2328282
5320191
3302969
2768636
648861
474576
1595157
5416885
281317
2373651
4582779
1514582
212068
1196767
6047672
68100
1060122
1482910
586173
2095327
1097007
2401
431901
4202118
493342
1460890
1903963
1737899
654691
3201863
2134902
451794
1239726
2088797
1897423
1568797
1794939
2267232
1015687
2220987
2209466
3720778
5483832
97445
407741
8599666
155554
2633147
2022099
4848302
56125
228197
2671477
599059
1570600
383832
543977
5999235
2725214
363354
406060
2861463
280270
68943
4685412
907785
1947056
4089311
3293018
4404844
542743
4421628
4326519
5210793
4610871
2987509
6567352
2024531
948991
1774336
3202076
1754461
1302704
3404844
1357113
3296493
1764370
1983969
1283826
1755
2806654
5836341
957080
358040
2507995
1198336
2439705
2696106
66336
3774454
1048641
1847894
748751
1760356
3016708
5101803
2211653
1428782
3645606
977098
2419886
571357
4407829
2164857
717864
1194374
1928811
1465159
2520759
829947
4428869
4064442
558481
7725434
316147
266365
593005
2160833
4075794
3645997
4140928
1753501
346923
992141
571476
4684669
363472
1016624
318585
3304829
3666211
146855
5133544
3356198
6243648
941775
1523226
1141980
1765255
4912415
91610
832386
5312311
344561
7726221
3957693
151995
889736
138994
319975
2999982
7043869
1795390
1322598
6578227
462399
2996278
147709
1477
2822329
2295736
2080557
2811312
2357336
352299
360293
186527
3242689
4298908
5201479
3957450
2607289
573658
705166
697536
558760
5729731
195197
2768530
1586445
4977491
2608316
110010
5701790
4203526
841656
386323
1284513
2130988
2378866
4249455
3335652
5909067
955613
2080918
2450275
1740166
3448234
3600378
128532
3500783
369677
3442970
4428635
3655610
2740483
1429820
1179135
841461
987526
4037148
2862618
601664
5940955
233659
4679395
6770999
2359664
189238
640659
3793387
836498
1392778
5092736
766051
2520770
762736
901637
1189927
1725874
1980892
2863964
4556642
444480
2560992
2915731
1840790
1735753
3421172
1233668
3908294
4765514
1979689
1628131
1085145
910313
60188
4647770
2033352
1346663
2861728
3650429
2837350
4643058
5696354
2832251
5495446
1919970
1562969
1935943
937949
4306609
2905713
5695910
141320
3218912
1804520
868822
6823575
3579909
4325763
4747581
1218831
310458
2960019
5199006
4729406
2877255
47950
1139348
296050
6681711
4224494
1582849
993355
5326026
825051
816079
132349
4963422
2635059
1201430
2167193
864723
185255
4983962
5038535
268079
1930976
771624
1123914
7083145
198239
1022320
417699
2566276
909447
1556648
2066698
450401
1971762
325093
1265231
5078200
1110445
5214994
817294
1024137
3739136
32690
4114050
2974083
388928
1820104
2099423
3250339
348770
2148851
145599
1972918
3149996
779383
1492851
3404036
2633732
2870202
5764281
314682
2438303
2945728
4132705
2722445
699244
2302571
7162820
168477
597903
407568
1257091
2048749
3530666
3696807
1695041
851672
4434999
8583445
5559108
1427483
5838888
7334447
6170849
704611
5428525
4789050
4687813
3528775
3722844
4789276
2363853
7519066
245499
2026250
1149599
478890
1035460
628330
619919
2033317
1557581
1687832
4623403
3129005
3994384
1890445
1388487
1843289
4376695
6313452
1283529
1035837
1263259
5222710
1616431
1273257
2213829
3027957
1744201
1147216
3675554
993869
5551472
5360684
2016384
5057298
6515821
3160914
2484103
694795
3246144
151516
307239
4493664
4243412
1067090
826957
3284136
1204542
2160986
2578304
3896891
1781858
1369628
1304164
4830568
1512478
2773559
4794266
579327
1874292
779042
1185247
27415
3232507
546037
2452756
1155465
383207
687969
2069040
987445
6099986
766365
5580538
7716271
3181091
1266665
978811
888448
863210
2914225
4743705
2101858
4994786
260653
859724
2991660
6803380
3041542
1145547
3182362
1763302
174550
995873
1839275
5758031
4405094
843260
3040263
931336
2066685
1100636
68844
1146448
1658061
2897115
1084037
764727
4918288
1323912
777263
1039494
2901362
243727
715214
2729440
201628
1379869
42427
1647402
5865818
5456822
1794990
368751
315359
3559266
3058413
3074877
511104
3740894
3148618
8845
2149269
1273941
2950690
302835
745852
864798
1260543
329980
1192355
3629671
1800244
517577
2211907
2213404
353360
2397892
3303323
3918079
3589550
178399
4364960
310966
1315260
2516690
2541652
145587
2611446
827826
4527988
112954
403706
4974546
537461
7202780
1079659
1570118
4256493
1677154
2361374
2272100
209726
4878895
64457
2393241
4954641
4234630
3641368
1210741
36461
2306651
3712575
2957018
870435
1323539
1587187
976133
1050614
4041966
1239546
478120
4196070
1453591
1700399
2423897
3479518
949759
2641619
2384536
7199951
5706205
7224991
4115314
179163
2189119
5041142
3359550
7186217
2088489
2629140
1407416
1771790
456490
1242048
1964987
1049074
359818
3107036
736092
2499645
5480445
4993008
866559
371832
343085
5682731
1771455
4092016
2212674
3522593
7062377
675741
137789
6556010
4105522
4325209
2006491
1356043
3866857
343097
2298764
1463669
3463123
343414
1395523
349559
40695
196827
3094093
2442502
3046131
1968507
2111454
3485973
690531
1393161
2010820
2686396
2915520
2089666
1393831
467613
1338502
2102738
7657161
7245215
2839655
1844401
1526914
1513570
528943
1714369
328232
351846
1938566
2483643
1818936
606150
1067969
938296
1584730
591181
1635765
6539488
3189556
380927
497830
4819833
2528870
323579
4783318
5528624
2016046
2129212
3929049
2876100
904912
381394
2145783
2169281
753635
2471883
2608670
381686
3095678
3746413
4236674
2022499
7203723
1773221
8122140
1403990
5784755
247069
5557484
1175327
5006847
1116822
2014129
3645726
19
1375925
4448591
475671
1016290
453811
550693
385384
2789378
1016883
2075921
5864577
1159716
2069039
264563
547487
2772790
160230
1835168
3744411
1921231
173188
802519
1175132
1630299
1613902
1021557
2210969
2963237
1798529
1474596
5010323
4668431
309985
102856
530800
3004437
4039131
624449
3193827
1862215
2537577
1058805
407987
5659827
4120169
2513387
943116
2100904
3292683
2758016
470093
4267876
4096845
2090412
6174142
384531
2333363
2023762
4215822
5660836
692353
1839393
3747041
4673709
6055771
3977486
8204505
272597
1956502
42864
5086079
3543942
162821
2130816
1379306
4854051
2467677
4880417
4750828
313185
1273661
121827
3310492
1349456
32182
3747387
1743117
1082700
306663
2034963
2071590
3412740
1625309
4049649
1589091
3078988
2441752
2606109
998857
1032386
2210417
2535314
2005750
709125
69114
1241676
1805365
29635
4384524
7294750
2155379
3402256
928679
499909
2600390
7798669
2287503
280557
7782235
4490076
8352568
6330180
1030565
647850
1201400
676365
770917
5136798
1424103
5163110
839515
3255035
2194533
1125517
5483216
2082029
1622041
4820909
4216002
3225756
1679223
1872869
3752480
3226649
3742156
54121
4782662
5486501
2512604
6040348
5322404
2433115
2724428
1952953
1839754
2477913
547422
1615341
5453223
1455219
319645
4599587
664854
2265324
334717
389775
1069117
5874563
3599469
3908703
991231
3422436
4149057
3033817
2050046
676679
2371834
3908441
1670773
4249290
905008
120517
1540893
90657
5919146
2683777
2218000
3878452
1181374
1213268
157447
1935864
6539228
2230460
8206624
5200939
160136
3754723
699303
6704699
4062652
6768909
427803
4119749
1130884
4158858
639811
3188055
5978003
827518
1774100
1957649
4990906
1063125
454747
4073884
3561150
4372104
2061843
1829868
2964315
2158827
2688093
5768298
3190943
201050
819670
261157
1387508
1410597
2794951
1031347
6526961
2724362
1964732
6830756
4376224
1836622
1022064
35203
426050
545047
2634670
580961
1543114
1592485
2065666
7071725
2186331
4239674
1199834
519019
2803112
1172687
1046499
1666135
1018898
670285
879715
8028285
742169
5419357
1799819
2479875
4114908
1589462
89972
3210634
2564599
1334939
925087
1233333
5426901
1306493
2217368
790017
1295216
6565700
707300
4729926
3827869
1529902
7278322
6656002
2738105
208864
2374835
2857128
2552106
1313044
1461392
3062000
1218659
771621
3648115
1456520
5272351
942608
1684742
1002658
6339614
1283136
534968
2527544
2983521
1295473
2780674
1963483
1808160
667997
3202303
2192382
281601
3398945
1609088
3019497
2624971
1749773
3692706
1240406
735363
3101283
6850692
5688630
6750747
1006498
194665
3259749
867404
762768
1006182
1203342
857206
220397
11422
2643922
7969804
5032831
407680
4043950
3735225
1456324
1265006
3576795
833654
138505
20234
1246405
2934413
2724188
5045966
1259679
2348902
1937394
527660
281744
2106067
1101611
4594804
454209
990069
305003
4875360
1903156
885241
1167463
2403278
2135165
4687298
72090
3584908
231897
572568
4804766
1160099
8392604
52578
533306
147542
707904
2000723
445089
1198237
680782
3359445
93360
714958
1823697
1381083
4210429
1544968
962755
1769200
615650
617205
686455
1014317
315191
939298
6901959
2994633
666718
382302
1751775
3106425
4927103
4669291
7922110
6752014
1696460
398242
3881068
2186872
6456894
2480233
5207238
1321293
54958
306696
6222354
333311
150113
20317
3068727
1524264
1167217
4542852
3622672
1928940
261112
223168
433276
4186418
896319
2503083
13105
5889316
2754
845683
2158368
4364589
2711750
2569556
237080
2545435
893477
6791836
618434
397311
4441885
2525484
1512102
6411402
5943194
6519973
783433
733581
8444072
2073179
3696058
297794
1692188
4283327
3018957
4609939
2564359
3479894
583747
7888562
1177347
1856659
491642
4998031
7749309
738382
820307
1717921
841815
1251996
2023362
1462212
1930248
1056840
368794
462273
4683451
1635251
1271793
632046
147911
1894206
3479693
1937769
5758219
2021238
5726878
4944430
831909
251762
2099278
1553421
4984673
821156
862998
3212519
340601
479542
467092
2568503
766157
1351976
3076536
1086981
2187401
6849169
1324164
2282883
520693
3150472
1113974
473803
402705
4221936
3361864
1992008
798798
5446006
55445
772749
1888806
2371634
1269156
1929806
2959652
3261482
2179929
991337
1535185
4072874
3984145
228036
1482013
69916
3428286
221900
2099102
1482175
200759
4348397
818449
1509430
248462
1631759
779848
3080445
4255823
4067708
4193779
1102283
2852212
1453904
3924741
5840130
5729719
1778483
819440
1419859
168805
1403060
4700517
5400923
2401036
2124
2459230
1934727
4936312
5889146
282749
490045
5171054
1447513
2478213
5312585
665736
994526
148281
1917104
688715
2811330
744916
3431565
3142387
2470653
1996073
298081
4317349
2250060
118667
2564702
4535385
2284933
6701934
2921811
4123311
192707
1983154
2579590
687491
480130
3670710
975566
2575593
116068
3647134
434798
905927
5675646
5175082
5690098
4952839
2804748
6104760
349416
2135168
893039
2572529
8563859
186364
2740011
2729723
1680246
2246999
1036111
1276268
5244673
3178875
2509506
1836122
586055
4093594
263321
3861688
928336
1462709
906933
5235959
846854
7596521
6169341
3843073
2404018
5229254
3951327
307238
2736750
2310694
3192132
373713
2523517
1590601
8198639
3611974
1694323
2846639
5299619
2572088
5420971
393603
429977
4430687
1183175
826655
921188
60485
777303
5061563
735058
896828
989523
861842
584643
1384782
3948755
2177061
85568
8719156
2835956
3608412
753579
1297472
2955328
3215014
3661694
2578977
2463492
4676333
1717319
555023
125516
4621290
6028172
3708167
68854
4123299
444928
303513
2854313
423242
3019174
385394
1856282
7505571
1761942
2387199
2256079
924041
459387
1521578
210338
3724738
1082182
1701262
7125769
3679943
4297069
2118378
1663112
1844631
4557251
246997
2760985
1006529
1238461
5139024
737250
1547532
2508060
1509266
2608359
4538829
88710
320306
204616
2822155
4492067
951539
2547673
1990724
1988860
1086824
1829055
2989884
4904284
2395383
85129
777881
668379
5532694
1306687
902041
4149786
6028261
6663448
1664458
2865959
1370694
2019033
2391721
2523992
1290100
5710885
1517156
2241624
3061289
217961
1102735
4420420
1808883
3402114
3352805
5162155
1163504
3312730
3809698
3715130
384274
1731740
255748
795743
1288175
1061539
785409
1143465
1738128
891892
839662
283382
2736314
1387721
2927736
4385693
732240
636895
1567137
956418
1884435
1253734
1535154
3388747
481040
6339258
6507003
3523282
2139491
4189017
218152
2406314
3373551
2759888
915371
7038803
3870877
381544
3949997
4780638
1580242
2110203
2043588
1585978
1582226
7175153
621133
2417321
73441
906408
1366750
1459720
230252
2884437
845366
887472
4403523
974006
6846489
4153148
2879158
180464
5099691
240734
4115376
60612
323596
2697542
1765713
1680439
2034921
2174780
3338400
1971253
1972214
1380901
1048554
1139164
1214813
4131771
6578161
3229468
3466429
629006
6815996
4315589
749725
3358826
3706621
3198812
3850533
4446736
1594414
82917
2693312
3059412
725651
3751950
4646658
738544
3744080
162314
1023232
1479850
4167196
6252292
6727863
6357466
733455
823986
266845
1938234
1591672
4132585
2398995
814879
1550360
1998083
1074852
85338
1768077
2675253
2578224
1600283
1914946
469221
1949577
5780089
2034969
1138768
1488649
4630576
914229
2934049
2530407
2629802
2905847
1769620
3405094
2326851
1261129
2168061
723189
4747400
2972386
1586131
3102808
2908714
3074747
1552616
1875937
1624987
303717
634488
582087
3231501
1208245
2153420
1674310
76057
5068393
288970
3428039
1252577
3437928
3718110
1683193
2217596
482343
2361226
2434269
485401
3408299
2243584
3696011
2990079
1010774
4999289
4717359
4382340
524697
4279540
3499217
1074244
1520577
2983992
1083826
2949726
7439567
1211141
4281324
1260346
1121777
983340
2440500
713521
762716
4305150
511935
662825
1892015
3274552
1042957
2255673
4686269
2077530
2479130
2405046
2794974
2192739
489918
3190189
850544
3821978
1703547
3867177
87510
2183654
6487
1839328
1587624
2415409
1071361
3140857
2010457
1274221
2992867
1813791
8632286
75242
5911452
6169895
1606217
421166
3261609
735800
3042991
1731415
4650259
531532
4498534
4473099
2670344
4554663
930185
2197419
516007
2556336
1194739
3818181
2539960
1785603
384650
1972411
3968209
899255
590903
3268690
5250054
2329907
2502686
5592228
2214543
115775
769114
366642
547277
206709
3418793
456793
1608060
4098892
69642
8280571
315966
914721
1234437
1402977
3418771
19756
3869091
3568824
742049
7329813
888382
429959
3461246
2961559
1626233
4441487
105216
2710812
4730150
6870436
379833
753020
166344
534005
22993
2777712
5823994
3872423
4472274
454453
921151
3974029
858281
10632
6969878
3396489
653706
753953
3269348
4066174
3826855
745083
1076967
3505325
5547820
401647
899802
99199
1752351
1838369
4062773
658736
310296
1935810
1430720
990144
6546334
61174
542541
123226
3221598
6836427
1109739
1934589
2445732
3603869
4381944
5240482
3211626
2919013
3844175
2617115
925113
4885907
174701
4476833
638828
584528
175594
2905923
214505
722615
937289
1752409
344108
3146091
4141057
2932894
3623464
4310261
4268332
303341
4395417
1342061
1023127
4005842
4382196
292288
4790947
40070
79944
2222834
911039
1411573
3191375
3128703
3784724
1656215
153499
2076393
1217138
4436043
8849871
1364395
2379751
1562665
4545753
1596396
3248701
1374858
3085411
4108702
23010
1723087
5273613
311273
618422
1760002
560182
1873411
2844595
7258973
986645
1172750
1714389
795228
5036847
476234
209139
7034538
6422622
121352
321206
2161759
322260
4286565
3097753
68431
6232594
3799802
1619608
1772869
6114803
2748541
1085035
4225779
1266357
2741260
79372
24160
68487
174867
1320799
5107003
2183592
7361923
1423425
1036091
2413528
5928761
5724805
798483
5051888
964024
4321253
181791
965796
2110525
2230302
5831025
158395
4614235
7288045
3993090
4711988
4550974
116366
680810
1593913
5323721
682506
1896876
1722657
5792687
645087
6349785
1617618
5309470
2456273
2582142
365592
713325
2226642
2142609
372811
2449203
3083801
609781
2393710
1846702
6799918
524928
537225
5258974
4505787
6277210
4753388
3898368
2270425
1636889
3849888
1583190
1870492
761978
1309017
498377
662447
3081060
285298
795346
403776
1655944
2496976
5468100
1196734
4543360
1752197
5465470
133747
2079141
2573589
3497661
1845093
2579720
844633
836089
2456266
4038944
3238723
374920
2107837
5158638
657547
921059
2545795
2030967
447606
1752242
688841
3503281
1188674
970758
3024939
1415013
3987975
1261509
255555
5104348
3836796
1828434
877799
4248586
3040364
1393824
484742
2466702
129012
2912558
2558971
2189701
2438692
1365237
1724597
5422742
1370695
1065367
5839320
398319
441381
5762611
4770279
300257
3446248
296250
740211
6017028
983904
2153920
2022185
5081472
6902376
7279837
1854720
4127741
567922
685747
2051978
6293493
2216807
3591125
4822330
345723
1526785
3653651
3800566
3755890
3897525
5558745
3209528
1995614
1723945
912706
795331
1821508
5967404
5105761
249052
3973189
5278285
610055
1291571
2482362
164483
2290651
272875
4836330
926871
1280002
6758136
3251026
2136041
3720164
91619
3949616
3627458
3309385
1239781
1159369
3250532
414162
3634888
2914812
179066
1047812
479042
192609
8013864
448611
2305643
7356286
2384999
1422985
3036610
5703784
4010295
2529517
4688450
2657096
848341
1204229
7624304
4567706
6775107
4368873
3721557
807505
4764492
1321839
5551870
3970380
6717650
4603819
282612
6501519
6645462
3707209
5739060
3376973
1897621
3078862
42530
7527992
3593253
4349054
1253909
734331
1336816
2203118
3820494
706624
2121646
3700678
1199901
1846594
2335839
1417604
2053278
795093
2005577
1819361
4530918
7452106
2386065
494727
329644
3739660
294682
72908
375712
1732028
7975
813105
4085051
997116
2391960
1269129
1648718
5636049
125930
264726
4574283
5989214
1496981
854060
2375138
409891
909588
475049
2749024
7100273
1057652
1180042
2288890
6213166
3729030
3155081
258042
692043
4258346
1329045
2556667
6386760
1560271
1283113
251311
93614
1094037
1466360
3239732
742956
1965278
1881677
102741
2316670
2315548
8011292
808653
2735974
2176697
247287
639440
1158212
940499
1483872
257205
2487907
1020978
1762007
2191917
4821388
4097220
4360935
98614
842196
3782327
5425586
2113520
45461
1131097
967297
1530537
2753455
2197230
3142637
3682444
453421
654428
9636736
2723021
244633
1605776
1961862
528636
1456386
4090327
4611151
1736517
289161
972988
614750
1676965
1376149
1192538
364103
153150
2404782
3622472
225435
1456152
172344
1507341
5074527
4232349
261937
190784
822178
1907207
1411232
45799
3658320
1553847
2398129
4662827
1735162
3365886
553400
3064570
20688
840665
5082876
4736158
1525410
3793291
1393178
8111059
3114773
1391230
414325
1480013
2737182
398138
3087642
1559735
2208535
3534930
8517162
1197024
2104898
1227452
3257115
401311
5103390
2957828
407468
536428
3982108
1607432
9141314
775491
2717075
6020302
6584597
324920
567933
3506345
1121460
1558216
510273
4192379
3019663
661320
2471092
2996643
5970295
5748361
2369981
2474864
533677
723957
1007568
1904891
2405676
7779877
76685
2649854
3402083
1101733
27584
3240847
3920446
1090241
4452282
1270780
2039406
4564893
640884
4819059
6180857
902534
1038458
1476751
2173882
4114891
928696
1341875
3805021
5046094
3360021
2863796
1311640
8617033
6097387
518625
2613704
1672197
1963482
3561831
2986669
8321302
3266491
2137542
2392057
995080
440586
7248523
6639527
794546
2376135
2065857
973888
2471850
2496164
451558
273636
3572720
3479613
887710
2794326
753781
537770
1253135
465097
2556483
3145283
286758
3724151
509181
4031277
546605
6021210
411990
997215
1196282
1191065
2143754
7043483
6114493
348657
7067285
3956070
3974565
1316900
65859
746632
886909
2489060
8044997
2604732
1846876
1319711
1509125
5673295
2954812
4442866
3272656
3025961
654080
185800
3846713
4395603
331254
2224
4655862
3060620
6004267
2720372
2946897
900499
5047816
1174747
968276
8302616
454435
1441928
6604127
3643093
160455
6186472
260581
2291781
795862
3827578
7164166
3333101
2276198
1291355
7714561
810254
2350068
498034
397082
2573235
1901077
3828498
2072753
3781135
1034608
3966185
3359892
2544865
1777092
772514
1701011
1310974
3033709
3676989
424763
4423068
1833127
3495508
195401
1097656
938525
64458
665803
3538938
2442579
802886
4305203
900096
5827583
143833
5667036
646059
161174
112900
817064
1713508
1000380
1100756
1439015
686598
1862494
4731090
952042
2547726
3920085
7749016
3796661
693931
5529594
6100346
709506
2140489
5506639
3459529
4735512
416187
288641
123343
2979662
3207029
1593035
1978194
1072973
1460729
2005506
2699173
2034142
2996296
1717330
1970114
890826
2932413
6159394
3122070
2622508
351566
2352419
75349
139709
4405192
1420928
5348593
224562
4610699
3784375
776450
1454848
1459587
134235
3139598
3877577
2144444
5840048
2073725
1175313
3998946
273689
1658703
4140376
2799339
3071389
1176054
629028
3518128
2773275
545877
207308
5749686
1937595
2412734
542751
235554
2395742
3615062
3972134
2602726
208673
3212302
403436
2108774
1033485
8933866
2130390
7556301
4761434
53052
6939138
2078633
6835753
4473356
6269311
1283784
988762
7650762
4351789
903872
4604015
1011230
1249228
2200394
582957
4171977
886300
6304745
2106045
36551
4686203
3493951
898691
470230
2207660
740019
312738
2180111
4016729
111046
1586627
8116842
764479
3867813
920886
4654395
2679493
1624455
2707379
3307720
1438752
893026
774964
262478
1979280
4899553
1844361
6537862
599792
1526661
492306
979514
1705673
2006274
3133908
3356183
229418
5588094
3574092
5840865
139975
775551
1554850
3630639
931494
158381
1329572
5318583
1756978
1753008
220865
3708261
2221937
834316
1919040
4264136
3970456
2826792
1728416
2689921
496045
2004819
3961129
7836941
3349206
2748212
1272507
887674
617738
2935477
3351197
971573
2775628
7459769
913213
2199978
7218309
1747063
2406082
1973514
4263795
2666584
4034727
5097967
903522
2785504
5263803
2677821
5899252
634326
331279
3718987
3617956
1544105
2408024
1729240
94369
2829335
1011062
447743
5392601
1378931
1156796
1713096
3560903
6851169
327205
627589
5298185
689929
3056144
973790
4977466
6466924
403201
4460077
1192125
273237
4583781
6771377
262662
2504843
1154163
186537
355730
1740096
5791477
500013
8194865
7685834
1083985
4835295
2175619
2993515
2153
1949892
2705180
3182279
3531672
2298702
3694736
2363172
1428080
1997193
2219179
1783345
1017678
5049117
60213
18815
1678171
3885124
2152954
986887
2636007
1514496
3476507
7704473
2503278
2138655
862644
2875428
1090515
702261
636746
146965
911242
3920971
708519
6370588
2402813
4054337
1116336
5682476
1242762
3082597
2635554
2335694
2124272
2009421
726032
55577
1508270
1113062
780620
831991
1452598
1907425
6132649
436660
693209
2324236
611132
1313580
5061382
4246112
1407971
3089627
2199436
1766599
3869105
1794418
5883851
6657172
140482
103478
1372738
1525621
3824197
1620243
4511934
4930110
4406907
6434019
1621580
194533
642590
1744721
813896
600062
823265
772752
588820
460903
528489
3157294
3209337
2996800
1509647
1419549
4215914
2110231
809269
4859615
636595
5576654
2339890
3070448
3147328
500846
2601102
1342806
4039689
2892112
4234775
210800
3331426
488340
2165798
1527448
547028
4702386
4979467
4028904
2927918
3622292
3377400
1490481
1242451
1113333
6970470
786113
174267
120491
2621599
104140
6584821
6667658
1425887
4703774
2285132
4014525
4850399
874763
480518
683857
2081433
354512
5964401
4609616
5065971
5530903
626433
426934
689269
3048060
677022
2748972
3776943
1399904
477488
2601931
811014
995947
2669936
5054624
1107355
2782781
1389812
1000431
3719138
1811661
7108229
1537713
1438933
292594
477378
3148845
1214340
2083516
7433060
3561704
2214108
4087147
2873467
3446687
1072463
4127204
1642894
3480488
34783
3497451
4299152
12996
755229
2179323
3691060
85433
6769054
5185526
921899
4236852
3886929
4910880
5299420
200648
223582
476505
3153570
4786214
727417
434593
4024561
2910560
60431
844676
4308233
2225085
2590533
1069122
9334902
8434679
4010228
564962
527745
1592366
2465396
3634575
162433
693195
7544361
1557641
1012124
1218808
901621
650507
2342026
2450930
2350731
1730379
6023910
1754500
1567847
6318156
1725388
5191238
2257486
3438384
3240005
26767
5501964
862579
742865
3939170
1793334
1047041
839823
1557994
2439034
3108413
3105194
3395254
2415236
383770
942225
2531276
3011111
6068853
360175
5276693
2284353
2293483
1169356
2718169
852489
4009180
3264082
951686
1366782
2243702
3880880
154041
136417
4341576
611864
2955224
1633194
1918854
789215
371981
5247753
4948329
867303
555671
1969256
4442828
1282879
252855
3109734
3330292
1093899
1993404
1358894
3330035
871193
4320404
4669781
152422
1357450
5077128
1262932
633667
47877
2114851
4271636
2454041
4467728
5050131
3841958
2006923
3107193
1393588
2224433
3178172
5392912
1950294
5631946
1351852
1824098
3905712
5262730
1384950
1497733
4233274
997082
2079909
1034375
1465877
90117
472129
282899
3257
1204510
719341
337120
5301000
870000
994610
2030103
1929805
3684611
1382009
1976143
4564638
1501426
799014
4177864
1848585
506786
1620990
2358579
2575258
1328763
1440557
4028040
752263
903364
4989128
2895368
1928036
1834047
8078282
1098776
2132403
5373084
62536
462190
7476
129376
6413362
1160025
222937
875644
2596601
3905737
100451
996149
1218973
5572888
3014179
1476313
140999
2934362
6873542
5120099
2275112
2558086
893561
2521840
4791443
4022131
2212411
1459372
1077197
783497
1111814
56623
3012960
6261899
3227858
2337360
41617
4286788
5023416
88992
3314464
4617640
4084299
7408462
821607
3026552
22494
364128
7563271
1145668
2104041
328571
1603589
3151573
2871622
115118
597649
872217
208886
320577
1163657
1823137
767460
2790004
475240
6686390
2873986
1009702
99516
40537
1796201
3265083
4278665
3248851
2993266
4637537
1476657
438446
994062
1660531
1597955
263954
1039712
1774801
3801000
627744
29520
936802
3244309
2529444
4078032
7347380
5510077
526299
1243665
517606
4466665
1637819
2850408
407517
4788118
727029
3180139
690482
1880321
1820292
1576566
2797375
647850
3875842
2354691
3027923
728729
7013486
6465528
1492920
2433780
433137
2509733
1246176
4218500
1336187
647128
1201735
769712
2195126
5498861
250734
1558092
4446111
850415
4877551
1615025
439661
299462
743942
289502
2879794
3973370
521833
1981623
7190482
2918186
1009525
1520056
2710460
3935767
478506
2792056
6589904
1972543
5976404
3335555
615678
5817916
3883337
616147
1425598
620790
6800305
3188598
1128469
2887408
8333434
511626
8289725
784945
5131036
4491932
2313450
302412
11751
2886164
699461
1370170
920434
2035575
1933648
963642
5212490
3639016
1659266
6909041
2234987
4659661
2960576
1370582
1581645
1831953
7239210
1249870
4856683
6598327
2409904
5110257
4681883
3608577
1468280
1245852
5707536
3634790
1121638
337566
4406576
3240345
2612649
3817605
3466574
497153
2477251
645838
3203221
2399831
2935038
460360
4644935
2207071
920775
4172611
1962878
1663640
3868571
5703995
156465
2896899
574368
572849
584713
441094
2759438
4444171
1258835
4640558
5196448
162449
4945
1024044
2441673
3871258
3654584
6212365
4672273
2763560
2569466
4661503
451405
1215456
1120123
3136477
777528
2206599
3580963
878350
4435736
4193591
2706088
1725225
2539550
4095860
1255310
100675
260172
4873537
3587455
4359763
3587591
3065808
464619
303868
2415899
429511
3245651
5965153
6359148
7422326
4162940
2940045
705448
866310
1348426
4705608
15139
2217612
2665535
125445
1834039
3954914
842493
3358515
3755616
4584926
841985
353593
7583943
2345415
5140231
98536
1014722
597653
1397730
1949008
4286628
827352
6705475
142502
3693534
463940
346869
2679386
1146994
6582367
1124167
589567
1933418
223330
1603204
530518
5451839
4437450
294932
2275070
1992230
289514
6776306
546790
678932
2368811
3207538
2838787
1888156
2990891
1070163
2989791
4813484
3163128
1944708
919094
543546
1919577
73299
1083370
2915428
5820187
4080458
2081017
2765626
1759538
3466245
3763021
735186
1929361
752104
143684
2532417
433017
5225667
4131497
101935
4712000
1495790
4998578
392197
3108844
284771
3016203
67814
2739884
3359451
7659511
4059670
5363783
3328420
2814498
1099518
1717813
8944670
27069
2985007
3482125
4826391
173383
5622868
1927054
6055343
562508
1258913
5948213
3260928
6028290
860005
7642618
5636744
2043620
1756278
880924
3985664
297105
4122107
1539221
1512192
505427
1312536
993191
2206324
1444972
1771523
4293409
1415589
1815195
6298160
564978
7225433
2422269
3343243
3972429
3394301
1061920
549979
9013
2853100
1220247
4064755
47740
3066748
832009
3203818
5681911
1344122
863258
1901569
1051576
4386901
3612024
4388946
2748261
5793444
241665
3418615
1929633
2136870
87325
6122641
3000702
971188
381880
876790
3499242
1434134
421971
893840
398821
477732
223297
6497771
139163
3685377
4880419
2210309
1670643
3817930
2093838
1697580
5362491
2763395
1284560
278706
3310871
1544894
464534
5158953
3798036
2309440
8656434
1973456
944798
2077654
551016
2741090
3904036
1765320
4736365
3565430
846339
687111
4005706
3261346
586091
713378
1223653
728287
445444
1578296
1933748
2120327
378001
1108233
604227
1222677
5302773
1784017
1089306
6330264
581322
5402560
2429473
974868
399354
6126475
589546
89039
1592959
1889719
2535093
3482504
1081750
727634
3159252
4330363
4727410
2132565
5715213
495930
3595587
2165925
3765022
3854436
6032688
1935727
2089064
2466060
3534750
4238447
291893
1777680
39903
4386348
502817
1886094
1320639
2079446
590441
1903005
265448
64081
1871709
486961
2040147
3881067
1763685
72199
183024
5660086
1610315
739788
7738797
1568976
1798579
3117540
1614092
3478156
1737659
4938109
6663473
3248110
2196598
3591911
4690873
336715
6071853
1534484
2949785
4418216
1619367
6085973
7841175
3303190
449510
398877
2482661
1051327
2414173
2684653
2188094
3037424
6384395
816889
740895
4416308
4586225
180570
3070885
4495913
6717939
4527835
3369170
389744
6108158
3418023
3677391
1624727
4758682
782027
2643221
3430594
5612079
6179442
1324905
15606
1700202
2722058
3515267
3860897
357042
73510
994550
3520248
391855
3226893
3468305
3495818
1282708
3588790
2317331
1484110
269986
1624115
709818
894003
124079
235927
3589543
505569
1368500
329127
4633081
7202682
234162
5811144
9104
1875222
519165
74914
986807
668425
1854162
5446621
765686
2228222
492822
4867313
2107593
326614
4043408
4139661
778133
5235598
4286549
1158619
7233102
486821
2517200
5499401
158826
7272549
154856
1054984
139492
515727
219660
6705930
2640064
601766
26705
3842597
590957
1151554
3016688
2493538
403041
3810079
1638593
2338902
694348
685134
2769774
3454750
5620434
5217228
697579
4691263
1869018
772828
1618715
840067
2233918
596888
1896416
127628
1814848
1153354
1992535
3532215
2218911
286518
634918
1154568
171692
1257547
189896
2273602
2330424
6734908
50150
6046007
771829
4662766
565036
1489923
2858383
1095444
1035433
3577287
1108330
3850373
4340308
249462
3778371
4145139
2751065
1945743
2206384
2706428
3979832
645793
4049296
2817677
1830490
2842743
1511608
15929
80840
376987
1925211
69113
1828567
6471305
3981684
2513417
2654250
714184
687593
3591203
4437989
764874
1137960
1735376
2448738
2775528
1151798
2784670
6117877
1578428
3907574
634321
2975767
4258562
2361012
2483175
1778367
1919759
519507
1464061
2457104
1069951
6464844
3740815
1703578
5170296
149339
3864499
364276
36668
3593711
2090104
2442521
18491
2564192
2303408
499477
5816118
2613656
1007759
295726
1521950
5322253
1341612
966890
485983
497925
1961554
1273563
1921948
2599458
3996655
1761719
709588
4132565
453149
1583389
6704951
4086033
2510511
5254331
319221
2110053
739104
3452140
2400589
6305992
6018966
3151135
672458
2408806
4741083
1922377
313991
4564268
3811966
5326392
313650
2532213
5057824
176344
720493
2244856
56978
865195
4206424
1696213
3143790
6209191
2255802
4194631
4536059
6557518
4105585
3074598
777543
2046776
5220687
670988
505484
672876
2642882
1679110
885644
1978623
1037056
3702722
1149241
3347120
1661394
5214316
1362920
6769738
5503854
2706633
1842074
5804036
6039700
4111925
338164
2657029
2586366
5009124
761695
1810147
2408778
2505871
129845
7395041
624359
52624
914973
3295701
3942376
1021149
2503728
5715339
778260
3214124
709009
4033244
7371251
194413
326862
709011
3510888
3179010
2900229
425240
5298872
1398041
2142520
5578883
7907215
1695282
5121047
3646110
4597539
717629
45202
6614575
4283720
1696360
326235
8978186
1236521
877642
823992
4517817
3603281
1448315
3337477
723981
2530098
4306749
2750936
696834
996374
702236
2526676
78839
1463176
739603
2717925
216219
3859081
4846130
2660038
1509516
3481349
6406357
1598076
325075
516137
1831830
32209
1448605
735209
856316
341037
3815552
457781
2710512
4086032
2808322
2443979
2356322
6999093
5679734
668377
2825819
247498
4125035
1723498
7259412
1522121
830358
3472135
1890588
307096
1825405
935514
505255
2808556
6629180
5801192
15847
110437
1332745
1509053
2863400
1368314
2523174
1485794
67377
4799925
1797631
140126
4922127
5975757
1284135
1486007
4794046
3369608
2316730
431668
599986
2911222
1102925
680705
2574574
4856457
1824389
1788062
2899566
2240458
15294
4880519
871024
4386657
2461880
693354
3723042
3520456
2203657
3073171
3823098
1035896
3584993
4214738
5761887
1358106
3931775
7277546
8187324
3201103
847325
4821550
943370
1859845
311434
5341119
2233165
3935453
1269018
7195039
30671
1442049
1138096
3830495
2356323
1130497
2956371
196934
2178761
6385314
1039739
96979
7793671
1762705
1515438
3534274
642368
1335109
1830880
3259884
3351141
4594085
3093684
605863
2647379
1440451
2888255
196372
1770614
4621094
905688
1989940
5760939
507685
215105
1462441
738215
2003238
2746178
2273194
1795193
3001367
1068299
2999707
524639
1577899
3457405
659547
668295
2552218
2735102
211520
2796511
1628036
3193229
1801813
1337420
502107
709884
5047212
514762
3149996
1247884
1755015
3105860
549017
4086523
506238
355013
283101
3673661
5231872
1413248
4034568
4141241
5995505
1289343
2839580
964215
4439880
894294
193110
131246
2849325
4370689
444733
6365210
1775404
814570
4903309
3231232
4200577
7635870
139274
175072
6278031
3863915
2798560
2418995
6505989
3065656
7533033
2643460
958920
1658867
2172654
2024129
456161
1328746
4033636
2142815
3165192
3651620
735239
741929
2646104
4391806
983986
4044312
1543592
917899
2422379
5613961
743117
4851214
2037780
1685043
335783
2700949
339864
1889611
289221
1178224
1234935
2943206
894117
2478626
4574982
2776184
5028527
6029200
582914
1769265
2506971
3844
1743052
781210
3829738
1099342
2772102
533883
3537028
5674730
2265614
979622
4869080
156321
7829772
2206001
663894
767490
6616126
2523537
4466260
233449
1557539
3766784
2323043
1215582
2628385
3202333
1593810
3287767
5650857
640492
89999
2240670
697845
126773
1743384
2200560
4118164
3067799
3748624
844341
13643
283306
6668917
711292
402976
531742
1062514
4653955
646008
1749448
2814541
125492
172710
4652585
560178
3646688
3071487
5449079
411989
1799554
285784
4431645
1795431
1626135
696079
2663458
2013160
3995924
1014215
5965027
4145622
2313585
988629
264098
6487199
1679419
3799593
3081595
1442992
844454
490111
3036204
2507279
3031881
4436839
1676897
286441
2330905
4950058
3142438
1649945
1679873
748424
1015415
967533
206215
2231194
401226
2796567
540636
8572
3536354
2475699
583172
1646156
3634292
378515
435880
1593105
639692
3257518
268493
1894275
484306
1014005
4743924
3698022
125035
1136815
4792123
974990
2151007
2228246
5490860
809447
1438390
2592401
621731
856756
83146
649177
6615561
1240615
1911202
3554772
4568224
5445249
2234227
5870140
4228793
3415103
5206702
2780018
1137934
1604840
3334716
6036124
752683
4176452
2365677
604109
7288482
6861553
1519015
5870421
1660667
4458912
437640
1650202
529091
169364
1870432
4448984
151264
1075067
710309
367352
4279055
4429838
2043278
228296
4187111
843424
6013277
1669673
2504016
372285
5495502
1243287
1769542
2795542
1338094
2647614
212988
173566
4695501
2707335
465290
1994739
915065
6599092
331011
3713777
64403
4703045
709949
2002923
1825085
3252743
67855
42209
1188269
1236855
1545327
6648365
558600
2088358
101373
2681979
128623
3655963
190572
1127406
1664415
1363634
4750296
7616883
432472
3262501
1762467
1499705
4096761
5058185
3747190
6028845
643401
4299530
3685697
1492904
2953712
988605
3179928
6555611
2131903
3744033
1387083
4649717
3320233
1312413
5319799
1210578
752750
535107
941167
103748
675388
1238160
1156815
1461142
347540
37733
265330
1065528
3846070
4037379
2999520
5240828
6397765
1923021
4196855
1705373
1452443
353702
1188915
2113220
1300201
192427
3065090
2778932
6597209
5242132
1033955
639292
7316283
1262652
1659360
691508
3605424
2095570
2103158
5096143
2769091
1593615
3841478
1509950
591794
3603320
5736578
3840832
3400810
1015967
2665513
2047220
1731359
725736
275212
1993278
1851394
1849641
3072154
85210
4764564
8200326
1727470
651021
1662744
914378
6530766
407586
3127359
1652804
442056
2324453
5480407
3639544
5933966
4200722
3228388
2631362
5446751
710862
2798273
591948
676878
235220
269664
6484847
1557155
3419923
907605
1788550
3376698
4021697
362879
1851710
2146832
6079961
5694519
2830793
3020557
1456868
4972584
3643340
1279140
554552
988810
2326066
6289751
873297
1171738
4681442
2716803
780554
1287585
3390312
7753135
1425897
737584
2672382
19151
388256
756808
2410271
1979941
480543
6994976
2217649
393913
7132966
868005
1485672
2860953
14502
700943
4221123
3106857
909387
6496526
1929091
1448252
2072242
374728
1227541
2344082
4636118
361346
1683771
1310477
1022386
1994844
406159
2103091
1596312
798501
624573
5386891
1370376
1245145
2563752
2584328
4577810
3512508
5311733
3342380
1322077
2049120
4214415
1294155
357225
4114620
7534518
190945
6240409
844127
1516296
4864444
3841444
3276601
1235882
2960537
1366095
4349614
3099271
3680759
4985082
1899898
7661800
3031222
2826851
4431703
1512282
612264
1828517
4483214
802311
2231274
3210498
3692491
2122490
26350
3583743
1095471
2646991
3511072
105710
1050282
423191
3970407
790166
921159
740428
3500268
6345544
2158795
1139331
1437349
3042444
1736667
5452759
2963982
5843179
2426270
1123561
843129
3381538
3852316
1541583
3780309
2186959
1225086
441477
1984114
2909081
1024104
1152522
3734285
1508080
1588721
5454465
1101926
299765
400547
184158
6769412
3902194
2980538
4578891
4260235
2059475
2100846
4068523
1049244
3617363
1814351
509066
3115076
583824
4999625
1413155
2976161
2210721
1827741
2207817
4896271
4621763
445974
7680822
1478847
3663526
3548329
996061
1731058
4524980
165561
2797229
2453318
3865501
3392083
3665358
174740
1032640
421606
2093276
6668733
2211372
4178347
3608242
1234703
561915
1719260
1267375
6333041
86570
6397580
2862336
1671440
4788163
1167485
2187737
2777431
597381
3721854
4030592
299690
4535915
230834
896994
2354233
1074880
2694301
1554139
3415317
1564762
3927485
1840575
5876666
326203
2585173
4911691
3124434
916575
3742919
4538638
1140160
366776
4422008
1952620
689270
5279505
3354555
3748701
2548545
2208660
3405388
2866366
2777645
870933
681245
141818
1518283
6559221
1193337
6337954
2150743
3277994
662649
2058448
3477154
2181135
1822869
7644439
1677531
3828494
2317911
901467
4039944
1172371
3591903
1858223
4184549
3273343
791722
2550013
5608880
4962003
211132
162499
1022031
2245198
2475595
266567
2310382
4739755
3952535
615968
636662
3633656
1117525
676092
6393630
3097380
1778131
1009496
5555321
2166492
2704637
713343
591074
2863232
2269965
526605
5305607
24786
137035
3456664
2399561
1842777
2335749
4992331
1477750
5091798
270036
2302664
264453
1635538
4614241
3233637
146422
4736778
2264398
748605
2535148
3797932
1334317
130093
3776499
1895185
6107480
8193
4733060
733625
2625137
1674396
5324543
1367438
2313928
1723301
4670062
3227492
646331
1042722
889461
2478029
135567
3604103
5693619
2349262
1849144
1512512
3500038
2323329
2356341
1756492
2788865
360019
880387
5338880
620304
1160585
6795796
3796661
724550
2948290
3577413
1032020
561360
3575019
4115470
1067912
4294176
2611414
527438
407353
2164466
2582277
3231248
2384829
4254723
634051
371799
1524311
2677056
2148853
354894
1579744
3733233
4323357
1326606
517088
1925508
2227715
1024832
27962
1359647
8012952
5126696
1587308
1891859
861868
3050051
5058553
1521087
113416
1388084
1600627
4944417
1350390
420754
1186532
1812201
3969325
2791604
607947
1599372
1245966
2821564
634760
2818368
202574
2556177
1243972
1847399
55266
1777944
652649
3607126
819293
1896172
838263
796706
542342
3186058
4499401
1854235
5929918
2374201
3057491
4023173
1290595
510405
6754341
1783242
5981079
3677890
1982869
8456498
6384690
848812
1123895
3504549
4331375
2973161
5657922
1252193
2866975
3054925
5094633
1129620
4263778
2511104
270751
5945263
555729
939120
6343542
1054929
2822140
764903
681205
932476
2467633
1005395
2895756
1672893
391478
3904271
7907911
1493214
2591804
2063930
147063
286005
6353576
2636035
639393
2244230
290866
7874004
4065699
76650
2268466
2116142
2310239
2213271
5642328
183723
796422
256514
460258
4955173
92804
3427814
1890799
1150555
2130289
5981512
245909
2553284
2760962
119850
1075788
808487
1459779
4189475
3684277
3581603
2027706
5096152
6752526
1169929
4536355
1107592
6885801
2999796
928981
788455
1296643
426688
1459366
7079957
972837
1465235
417533
194113
7031853
5447234
1373905
3463660
2310174
1752469
1248358
2632437
1037107
1988150
504588
5684659
1209780
2052606
3171136
2383666
5290785
523077
6817138
247097
4131229
6914754
5571659
1536614
32237
5252449
2999214
3215773
4786369
1215983
4590248
1505206
1453217
5602018
1105898
4319923
1490158
214114
4475263
848542
26531
451565
3224754
1006473
1224342
1371781
6950431
1958482
4968988
3105772
3482694
710388
1930148
308933
3616407
3093398
2182916
2104878
2947923
1165586
2612090
817101
4495581
2561447
5996972
5275387
1663840
3317952
3514357
787247
1024397
3514339
2448711
5792002
1506518
1963467
1635036
660867
1835161
6294932
2311228
4884167
226752
342323
311053
3786440
3122234
345980
411907
280988
240993
131637
510241
6263713
4401999
1189099
5784494
1616844
1482968
2396874
16483
2113549
82849
704065
66660
921317
4561743
5798392
1145592
2967452
1704417
210551
319434
3348288
2712182
1407883
8636499
3919892
1989757
984343
254744
1508298
5504450
50272
1232910
1723165
1852948
4179796
316472
2289621
1939639
738332
4353388
2165772
1136068
2278570
689609
1006077
2768655
2079769
2790872
5148120
2539024
2314621
7409749
6867017
2724871
4536403
5166498
2004550
530379
588206
499612
3453991
929749
953164
6173877
3091920
1727860
3838
2002591
1380900
5572676
4376138
4561119
4364262
1723711
2561988
4149419
5080625
2273733
1676113
878553
1324835
1399661
1953934
3191925
1755287
2518819
1390135
3673544
8393347
1841242
226629
2527416
1090191
2259582
2067926
3292576
1847179
595223
211921
351690
2148896
2643150
1137374
2154026
183750
3026672
702992
3570171
3224093
1926052
1525240
28161
1425664
4039825
718127
179008
2876358
3132601
1955652
3202898
1089339
2301114
278415
5713847
2481353
1281189
639472
386402
2241016
1945222
1610724
2399968
3971827
795558
4706238
3795584
963706
2895816
2519996
1200943
7250109
377696
6876379
2374530
2927184
1413532
1593709
1923547
2865086
1614355
2498241
1139809
945437
911596
3336181
5249637
2031608
252961
5091718
5582659
1099909
2298569
3330237
440651
1414174
1494515
529137
4669752
746668
5216702
6289444
686859
2679183
404547
3259280
1993099
7906143
4949407
2437805
1302136
2818112
2153922
1113876
1467341
1218718
2740579
167826
2443833
1579381
2862869
1687451
367563
3469780
652519
8308337
79986
2843966
3309858
750780
3275868
4452291
628785
3108187
55488
2601963
3418069
4212906
4185023
4577478
1111726
2062439
360984
2528494
960918
3460191
2150625
2968791
1415222
2046799
82893
1575133
4865728
2848320
5088248
269282
242349
2947698
355994
1022904
5206610
275521
128038
1806557
4257885
638185
3689755
1355286
173920
2574058
1104251
4946058
2300330
678163
1177328
5770616
765668
2154854
7195281
3974597
32107
4008583
4482633
1379986
2400068
4898545
1522418
4006134
2661949
1806502
4322551
4895313
3269878
1475097
206984
5482686
1563757
943008
665846
301834
605926
999422
1539318
221212
2415056
1677367
6531015
2618630
947541
5163250
5891724
41924
3287579
7055
4511908
828302
1761527
580346
5972578
654360
948449
2214417
1211415
885771
5195964
3881039
1338849
6179415
5280008
375289
508653
236318
2023929
4373415
2389857
98040
1983380
6438943
3043052
7555059
2077904
776509
8281331
7302896
4537122
519511
2166906
517879
4359696
4825876
973431
4760069
99245
2815775
4991471
635901
933239
943894
3933727
4682943
2809155
528514
5012616
3967089
621609
2491453
1164185
2482968
3188463
801436
3005614
1535898
3709111
4841386
1673725
1494593
3776240
3930258
1504305
2065361
6885560
2669803
5194029
1643423
693491
1192311
72836
1616597
3338298
250085
1009774
1240892
1664806
334009
1179610
3496813
650252
6393553
684985
502962
95831
3371716
2091553
188278
40129
1386867
241755
4447870
1988122
2360487
1656664
3359606
5135139
152631
4337938
5534410
6004465
2377908
4836596
4439616
982585
1480100
2803310
1270443
3827516
2368589
3590496
2089582
1034292
2670051
2900514
962218
740783
2002039
232077
2924423
2595381
952830
1575969
2079158
2647111
2484426
672453
5606344
2185404
2331966
535969
2720404
1619691
33650
4236664
2522506
4856955
4332212
1447955
2299446
4861028
1717600
1641883
426614
2105446
217631
1361075
2591545
677073
6599473
954823
628636
803128
2240310
4635690
302935
1249540
81173
3056360
4642520
1817504
1312188
1283404
1365788
4162316
294311
7072247
5686313
7866935
876762
2753524
2398216
374133
441955
2743520
2880694
904124
723168
5963589
373675
2369424
5953200
923496
3226597
1611079
2120434
2790779
3258996
6138086
1589410
2126154
557567
4499288
5804600
5860839
2061915
3314964
3332655
180036
229130
617588
4408334
4202181
381712
191941
2672144
3348141
5999882
4078428
162521
2544772
2359868
3419347
4637471
6323354
3239925
5260706
792114
304756
5902725
2345391
740766
1025963
1125778
930737
2200252
1731965
522082
3614789
27390
4512230
2467093
952255
6857135
1815407
2020741
855790
604299
243628
3972377
435073
392216
589555
2598154
2965756
8291628
2134204
82047
3795405
1181627
2777391
5184508
4935876
6682180
1314532
2441321
200091
848044
589268
3353132
7660986
2897689
759943
171345
6640780
468727
4015325
1055086
2652206
6117597
2101740
4788226
744990
339164
1019781
2696645
590821
1647924
6021047
3416216
5208194
503668
1155628
3780506
280618
2857911
1686417
1648661
4661726
2004564
1404522
313283
4868008
893588
3919339
6100419
238377
6913592
4048833
7001276
603894
725622
1214256
3727628
2514904
2101449
1332565
724873
449259
7481279
355086
176219
3340730
7915150
1623568
3101599
1008013
4025898
2984120
4022180
2636260
338660
2451694
2246354
5246997
631284
2085204
7094064
2666929
6776132
4213314
1999536
2027542
1972826
6400452
1648433
9235392
2743048
568426
2255981
200858
1193546
2050585
8000474
406229
2576546
6199191
238512
2572196
4854556
5972580
793319
1097562
1592476
1766415
4523603
1042577
235802
2767582
5929740
4928640
5314238
2037938
5318978
6511582
497672
1699934
2236564
1584484
2407278
3538729
1841545
1392463
7902073
2796757
1086497
4365881
5011733
130707
692613
1095583
1933214
439676
3375096
310062
7845193
573064
4659910
4798678
1917068
2149662
887003
2516227
5165515
2933855
3703736
282082
901063
3688009
4360161
4949506
314000
1974362
5565079
3832194
753538
2587143
1323208
763039
6107657
2729885
3596382
2950887
5309398
3790122
1240254
5084162
571854
6879455
5644213
1222615
108899
3091807
173247
4210645
1826544
4951307
467358
184484
408333
700993
5499893
2452212
2270491
273824
693584
474439
3580523
5965614
2225027
5371642
348352
524336
163088
1672958
1303719
335607
8218218
2366220
1020222
2408174
998589
5671916
1802489
5112614
2300761
1098665
2345287
3317430
3925200
1199269
8902299
2765562
695293
3927303
3219668
3560306
2613188
1950615
4746770
3959052
203432
3943673
20498
1317821
2377443
1237965
4083553
421618
57553
795490
3819247
2413569
4995441
4567102
3425151
1066667
591129
3857969
3423223
4809176
691084
193
4215196
1751085
2013419
3186107
2865548
243860
7701373
522046
1388996
1805809
4609427
545112
6206471
7540727
193565
2617511
4223376
2105978
362954
228800
5375899
346895
3155585
859903
5412227
7818107
2994971
371230
1540554
1569642
6541257
720913
5962780
3237785
80135
2395052
1167669
2552090
1182978
7231212
4456383
1200396
1738797
3064460
315560
3023649
1991166
208139
4916898
2880359
2164370
1925167
3307172
954063
1214022
5805218
1762239
2579154
414054
4777287
1910510
703241
1833699
2665609
2837247
2473605
632951
3576176
853873
3680738
4195026
4045769
147233
505943
4300669
1190478
3243355
5063763
5247327
6358745
128501
2440584
2196501
4840845
2288486
4352783
3291998
5494950
5916411
1435266
3634763
983418
3683519
5217720
2373959
3066662
1171781
2462729
504630
1309750
3199016
4496642
412525
863611
2835575
6228283
2353859
2541430
7853278
2446920
1418386
5269370
3690004
756702
1020411
818785
5960734
2979452
3943484
5535032
4804173
2335720
3813355
1796663
3737556
463362
4913125
706478
683048
1591659
3340028
3417380
417986
1288213
37857
1381153
3923522
7593560
663878
6830710
921619
918905
3304735
185884
1844017
5534608
179858
6237876
4913980
591596
4023552
2111961
2042450
5799393
1041169
2560462
152283
3955783
1898556
3441730
3191522
2104387
379962
8103163
6051254
4396325
5561578
1773042
3082789
974175
2244141
5061496
2133754
6517257
1185302
855455
522669
3992891
25800
5390556
4361595
790447
3434053
917479
450282
6780571
2544236
677255
5142837
2442104
660438
1899085
6813180
1263471
1074192
3098479
4494126
3711608
297757
1386570
452888
4147386
1554886
4016139
1693895
1059455
2788521
559683
1490014
7899401
5079746
44862
7334821
3966304
865667
2115417
1565124
1409057
2317510
845994
4500696
7062070
1163330
618611
1095109
3747336
1830632
285784
4239861
1130642
288422
2884781
5422109
6960588
1196801
4885187
6197814
1787
2791350
1966304
984086
167996
4672439
6653966
3577595
654265
885082
769031
533005
260450
3633691
5674181
6699219
512936
4875344
990619
8718381
3764870
3921096
1685512
2705528
6749843
10198
3599107
283312
1673326
1416027
3623621
4105926
1026123
1054231
567099
1283155
1068455
6086130
6006843
1855877
868599
2875116
3607321
1647706
1239247
1892682
3226538
4246330
1383873
2119658
3308113
1854566
2173645
135841
623015
358747
810123
32679
5028141
4259288
316385
2656438
6498566
2236939
4841040
3698093
341884
333466
4018118
3547719
2936850
1592523
3812844
5080061
1986180
502723
756530
823299
266714
2346864
1757165
4034357
2872999
3884612
1257611
1144050
642871
626137
1816257
139937
1173520
150259
3081384
1436019
1383225
510120
3263125
527794
5066054
765902
3826192
1051251
1002093
4269408
3511151
1774002
4133914
3727060
616109
1385229
8621031
1885981
6034247
6227119
2728717
846400
1505543
2474030
2629504
3814118
3967508
5569127
1739701
1457468
6664613
2074258
6710110
1698160
287503
5795769
612460
1572106
2042119
530459
472898
9185219
2740362
1274668
2857452
2281844
293702
3379248
540435
303268
125514
3163333
1895455
2229568
2181774
1936097
1781616
2143999
363638
3995716
7083659
803556
2109281
5188657
7767745
907268
2018482
694765
3081492
1157195
3935106
251519
5159235
1842447
1373177
2528319
721
4393111
1476502
5850588
992866
3979399
4641408
367362
7357181
3075676
659714
795888
1106095
315209
6775411
964408
1220730
3282330
2155570
2876547
2300547
3176153
600205
264701
6198345
1644799
80616
4698998
826964
5380451
3616383
513403
453311
194814
1102117
2785992
1718906
2318103
1141513
1889484
4789631
1459935
2170137
1751836
3409527
5445712
2021327
7421789
3541524
286930
1422143
38255
2020036
594592
2156466
964132
2632742
5736802
552198
3013368
1138105
5028835
2685534
1124175
4515947
958269
6180124
1406574
135430
2531223
2226616
3417914
840614
3324087
86058
3327166
2401844
498821
2251903
28286
908473
65122
5336622
5785803
528858
3286500
332768
953922
2152748
1907601
6807450
1082822
4802416
2612657
3068885
4556988
4528936
3679901
1020999
294386
572076
1710645
3778714
2250775
1276271
221481
1714205
644917
4985660
3015934
3605086
606330
1784864
6580832
4203425
264182
2357678
4776876
1533209
870342
533431
496261
401603
1915065
4502463
1718698
6587847
1092360
444559
3363262
836233
88734
1103459
1799313
766540
3289709
585808
2619599
3811657
2087292
3187374
4510403
1133851
450611
724856
5844088
937897
2220479
4860736
4234485
67175
2058956
564403
5132545
1132183
3284548
2160165
2961930
786823
138986
2628055
753083
887207
5442109
3741207
1481406
2130616
2453337
1096781
4305608
714124
1964973
154690
2249031
1347332
3834538
1869414
163344
389007
1408958
4926663
4209725
3982367
2834145
582313
4275979
68505
399529
3366604
6230700
2419997
4185311
2029388
725371
2256319
3705264
2751727
2633792
64511
714800
4475889
9895
2021194
162503
2090994
2239926
172238
4079071
2016131
2417130
6419892
1024922
1945009
2893431
2904765
3949316
833292
1997470
920778
632168
212482
1864078
5365460
4231858
2049902
393399
835
1212538
359616
7147059
2271375
1535791
395103
4035564
2730662
434985
2265882
211111
1512250
2648834
1384271
1196982
1792610
1283108
1224709
2835781
2399197
1640161
2145654
4961042
1644196
4716051
2486638
684549
5423423
5124406
3067833
1948404
1277043
4651662
1940822
3229726
1761671
197004
1043717
7255507
1133422
820350
6125534
316851
1147028
507929
4676658
1578553
2411102
36620
694944
1192577
6530074
1999537
486388
6412435
2121532
676672
1759460
1715775
906099
3032430
1309000
4546883
2331246
6587060
3610084
1415912
2497865
4077235
4170300
2514388
1951136
350805
3154771
2458180
3063134
2383304
8657638
646741
2240599
3176719
3406564
3340899
33785
558735
140099
3951368
3961227
2968110
3266173
1415051
2502140
2363702
5923848
3854831
3413876
3717680
1498475
2069608
1981881
2478339
3027157
133196
1055744
957582
469166
1954758
520414
3078041
4972065
257977
3720464
706391
3276645
3615194
5269823
328814
3138488
1632506
259480
803666
7007746
1708161
6923168
192681
2615166
369989
942763
2022750
3509616
2239600
880004
1515858
1071414
6127079
1421552
1412280
3982298
1547962
2104096
1520188
3915172
7971620
1905125
628775
752259
4355832
2080410
312300
4665182
5743499
5160046
1047492
236641
1138546
1769156
700125
655693
1784834
674203
1509018
634277
2410593
2941222
2725787
2204882
6499757
1821490
24264
1459429
1020149
5134298
8596102
2012449
1006111
2448165
622456
2517418
1881846
6836468
3986618
3773432
1074517
2379154
6263411
425747
2733808
2853565
57833
43348
294163
869123
1746488
5047925
1552237
1811285
278074
204698
4057290
2678138
425590
894136
8659734
1505098
4356777
1535972
4475657
740598
863526
1720561
3999833
81750
3299521
5120918
1600323
6422307
3806736
1928984
1181353
3486979
2184789
719174
490441
1586801
942588
5351150
764678
5283093
552636
6562806
285261
952555
786056
1504986
1855751
2219026
1075649
740323
1974641
1611040
2160321
3921093
399016
2648482
2701324
7938491
1829033
568207
1604575
4424552
6866464
1704674
3966825
6664452
2009680
1715988
4343405
4868826
1292193
4290603
2903621
1500627
491679
397939
5395480
5966658
881848
2374313
4195397
10923
6612703
611051
366035
1273556
2870502
1426051
4507606
362056
284664
6753024
3878971
403199
194453
3970871
2116216
1226301
3560375
4630140
468287
457805
1362261
892983
873290
1354316
647085
99698
2506460
5638705
3474372
2280690
58895
7868074
1134764
2950544
3436568
1695439
1992387
569891
1960525
183200
621068
2730722
3848332
7043545
2024787
2301020
348583
2472409
1180009
2806711
4517350
1293489
2339765
382530
1129107
805513
7997613
6102508
2913599
3009368
726727
609024
4644426
2245087
2149458
4080269
2691653
7252757
263408
7424743
860944
5317352
2871230
2385536
414795
619141
1059752
590809
2525609
265675
1559821
51213
1621266
712352
1229486
257962
811419
3204725
2025902
4438317
931801
3912437
403102
3990390
1657511
1625137
923599
1678860
3012481
1168249
5101641
7023339
1548289
589031
1643524
1570601
4709676
1550612
197501
271394
3266637
6434536
3173615
2773471
1459180
7175447
3114778
5564564
4760954
980036
3493495
4222256
367443
985185
3031888
204630
6684730
1016711
1355259
2362709
2135215
762172
2904126
1230929
532597
936110
34421
6568832
2382427
6247059
5031071
1102225
3549587
698151
3949618
2773208
344294
1366154
770294
2016099
3891437
2866065
904871
3900798
1148965
911078
7038182
3806524
2588950
8045466
1638485
2041136
592400
4905013
1301075
1776877
5035601
2562382
5931452
290311
5294225
2016234
3405412
2103007
2514131
146058
1414357
254890
1121671
4045103
387216
5124967
246528
1924212
2867895
2430641
2466810
4280729
478249
2320438
396515
7265803
762002
809530
6298803
3142111
2456950
5676435
764031
6108551
6843259
552202
2278937
4859259
3751794
1351382
4548342
4475387
3759794
1936453
2671119
4898448
2514638
927453
917585
4036324
3536433
2614308
106117
402191
124022
496513
2633752
6420217
3265092
1654577
371726
3421216
1158884
159840
7425562
3617194
673311
885618
1565730
16806
2515086
5538816
7323128
5127645
3880971
2577489
6482053
801140
9085318
4073137
3635705
870938
4657398
902547
7306181
369204
2054859
4504637
505708
3077641
2500213
340621
4757816
8572942
246893
1373209
84889
427902
2181432
1214158
4108179
602240
2243510
5901117
1309897
226213
2568765
662617
868552
573217
286978
895054
3037967
3554527
660241
349626
283514
5700311
932865
2584514
4933518
1514019
1465250
1499349
1232299
4068064
2553034
5855083
5579552
286248
3979579
2367889
2005842
3301231
2610768
164204
4187494
593892
1866295
2875063
574933
513056
1667957
400079
126886
2203212
2978383
682693
3667521
2379776
2228564
3922866
2191540
4297901
3429088
5377378
1640427
1807695
5347955
46278
934041
5567031
1713143
136273
3287878
1841842
843872
2889935
539927
1323968
1225262
1301710
1008353
557362
2060333
5001191
1877
1734447
207301
437174
1257444
64280
913752
1141943
2326750
1213441
774443
1731472
3292512
2923990
1081307
1969475
5291630
539765
3604856
1229902
781658
1969855
1049700
4625925
417707
2819920
5514261
1999779
2886317
167566
1162048
112054
1042421
3441906
2573413
3211767
4808232
3497987
1152182
6555530
2701273
810696
5270710
5035462
1930327
4635342
1618578
1387960
843183
2899254
2006469
3409847
4293221
2381301
5330729
4953860
9595928
1815247
1915308
1139484
376851
1144639
2629920
2294675
3868596
3547883
1193142
3230197
2083176
1158361
4415940
4458939
316490
564188
1893126
1635711
1755642
4112515
3367217
499192
7895464
1514151
4041860
2559738
1469338
5732834
3270717
313745
971221
1119257
2400769
4200614
2143424
3551956
623093
34265
625363
3025623
622942
2290126
1779626
106882
5950978
2935518
6157583
7456319
8340831
1299122
3493009
3693271
2159186
9418894
5333603
1323066
704773
3819667
1122913
1459842
3132015
4924208
2682437
4703511
4080561
6507410
6337266
3204711
2863539
422474
3074856
1953705
627353
4509812
7967767
3525334
3479582
683612
1798340
1540398
1154312
1820751
1499542
6054583
2410216
1058570
5342978
4007609
4131144
2513429
1522074
754907
233665
1126543
343282
2226544
1595102
1259977
8057065
1838763
1136845
1824135
5439354
348406
747949
2485000
769118
601004
745120
3651999
1382148
1929811
1730334
611707
3625322
21292
4191828
2541140
673197
3146286
2576332
7214270
2218890
4270499
550909
3957662
2024552
4506418
997250
2372441
646386
1883231
28387
2170851
408319
3142502
4357122
2160919
671449
992640
4080423
774999
1649405
2851127
7448685
4131998
1596850
4402169
667882
186115
4416030
3956781
4917168
579085
288138
1450342
1226705
368685
2409826
668412
926125
4962208
717293