6 40 43 68 82
6 40 43 82 68
6 40 68 43 82
6 40 68 82 43
6 40 82 43 68
6 40 82 68 43
6 43 40 68 82
6 43 40 82 68
6 43 68 40 82
6 43 68 82 40
6 43 82 40 68
6 43 82 68 40
6 68 40 43 82
6 68 40 82 43
6 68 43 40 82
6 68 43 82 40
6 68 82 40 43
6 68 82 43 40
6 82 40 43 68
6 82 40 68 43
6 82 43 40 68
6 82 43 68 40
6 82 68 40 43
6 82 68 43 40
40 6 43 68 82
40 6 43 82 68
40 6 68 43 82
40 6 68 82 43
40 6 82 43 68
40 6 82 68 43
40 43 6 68 82
40 43 6 82 68
40 43 68 6 82
40 43 68 82 6
40 43 82 6 68
40 43 82 68 6
40 68 6 43 82
40 68 6 82 43
40 68 43 6 82
40 68 43 82 6
40 68 82 6 43
40 68 82 43 6
40 82 6 43 68
40 82 6 68 43
40 82 43 6 68
40 82 43 68 6
40 82 68 6 43
40 82 68 43 6
43 6 40 68 82
43 6 40 82 68
43 6 68 40 82
43 6 68 82 40
43 6 82 40 68
43 6 82 68 40
43 40 6 68 82
43 40 6 82 68
43 40 68 6 82
43 40 68 82 6
43 40 82 6 68
43 40 82 68 6
43 68 6 40 82
43 68 6 82 40
43 68 40 6 82
43 68 40 82 6
43 68 82 6 40
43 68 82 40 6
43 82 6 40 68
43 82 6 68 40
43 82 40 6 68
43 82 40 68 6
43 82 68 6 40
43 82 68 40 6
68 6 40 43 82
68 6 40 82 43
68 6 43 40 82
68 6 43 82 40
68 6 82 40 43
68 6 82 43 40
68 40 6 43 82
68 40 6 82 43
68 40 43 6 82
68 40 43 82 6
68 40 82 6 43
68 40 82 43 6
68 43 6 40 82
68 43 6 82 40
68 43 40 6 82
68 43 40 82 6
68 43 82 6 40
68 43 82 40 6
68 82 6 40 43
68 82 6 43 40
68 82 40 6 43
68 82 40 43 6
68 82 43 6 40
68 82 43 40 6
82 6 40 43 68
82 6 40 68 43
82 6 43 40 68
82 6 43 68 40
82 6 68 40 43
82 6 68 43 40
82 40 6 43 68
82 40 6 68 43
82 40 43 6 68
82 40 43 68 6
82 40 68 6 43
82 40 68 43 6
82 43 6 40 68
82 43 6 68 40
82 43 40 6 68
82 43 40 68 6
82 43 68 6 40
82 43 68 40 6
82 68 6 40 43
82 68 6 43 40
82 68 40 6 43
82 68 40 43 6
82 68 43 6 40
82 68 43 40 6
