20 66 68 68 70 96
20 66 68 68 96 70
20 66 68 70 68 96
20 66 68 70 96 68
20 66 68 96 68 70
20 66 68 96 70 68
20 66 68 68 70 96
20 66 68 68 96 70
20 66 68 70 68 96
20 66 68 70 96 68
20 66 68 96 68 70
20 66 68 96 70 68
20 66 70 68 68 96
20 66 70 68 96 68
20 66 70 68 68 96
20 66 70 68 96 68
20 66 70 96 68 68
20 66 70 96 68 68
20 66 96 68 68 70
20 66 96 68 70 68
20 66 96 68 68 70
20 66 96 68 70 68
20 66 96 70 68 68
20 66 96 70 68 68
20 68 66 68 70 96
20 68 66 68 96 70
20 68 66 70 68 96
20 68 66 70 96 68
20 68 66 96 68 70
20 68 66 96 70 68
20 68 68 66 70 96
20 68 68 66 96 70
20 68 68 70 66 96
20 68 68 70 96 66
20 68 68 96 66 70
20 68 68 96 70 66
20 68 70 66 68 96
20 68 70 66 96 68
20 68 70 68 66 96
20 68 70 68 96 66
20 68 70 96 66 68
20 68 70 96 68 66
20 68 96 66 68 70
20 68 96 66 70 68
20 68 96 68 66 70
20 68 96 68 70 66
20 68 96 70 66 68
20 68 96 70 68 66
20 68 66 68 70 96
20 68 66 68 96 70
20 68 66 70 68 96
20 68 66 70 96 68
20 68 66 96 68 70
20 68 66 96 70 68
20 68 68 66 70 96
20 68 68 66 96 70
20 68 68 70 66 96
20 68 68 70 96 66
20 68 68 96 66 70
20 68 68 96 70 66
20 68 70 66 68 96
20 68 70 66 96 68
20 68 70 68 66 96
20 68 70 68 96 66
20 68 70 96 66 68
20 68 70 96 68 66
20 68 96 66 68 70
20 68 96 66 70 68
20 68 96 68 66 70
20 68 96 68 70 66
20 68 96 70 66 68
20 68 96 70 68 66
20 70 66 68 68 96
20 70 66 68 96 68
20 70 66 68 68 96
20 70 66 68 96 68
20 70 66 96 68 68
20 70 66 96 68 68
20 70 68 66 68 96
20 70 68 66 96 68
20 70 68 68 66 96
20 70 68 68 96 66
20 70 68 96 66 68
20 70 68 96 68 66
20 70 68 66 68 96
20 70 68 66 96 68
20 70 68 68 66 96
20 70 68 68 96 66
20 70 68 96 66 68
20 70 68 96 68 66
20 70 96 66 68 68
20 70 96 66 68 68
20 70 96 68 66 68
20 70 96 68 68 66
20 70 96 68 66 68
20 70 96 68 68 66
20 96 66 68 68 70
20 96 66 68 70 68
20 96 66 68 68 70
20 96 66 68 70 68
20 96 66 70 68 68
20 96 66 70 68 68
20 96 68 66 68 70
20 96 68 66 70 68
20 96 68 68 66 70
20 96 68 68 70 66
20 96 68 70 66 68
20 96 68 70 68 66
20 96 68 66 68 70
20 96 68 66 70 68
20 96 68 68 66 70
20 96 68 68 70 66
20 96 68 70 66 68
20 96 68 70 68 66
20 96 70 66 68 68
20 96 70 66 68 68
20 96 70 68 66 68
20 96 70 68 68 66
20 96 70 68 66 68
20 96 70 68 68 66
66 20 68 68 70 96
66 20 68 68 96 70
66 20 68 70 68 96
66 20 68 70 96 68
66 20 68 96 68 70
66 20 68 96 70 68
66 20 68 68 70 96
66 20 68 68 96 70
66 20 68 70 68 96
66 20 68 70 96 68
66 20 68 96 68 70
66 20 68 96 70 68
66 20 70 68 68 96
66 20 70 68 96 68
66 20 70 68 68 96
66 20 70 68 96 68
66 20 70 96 68 68
66 20 70 96 68 68
66 20 96 68 68 70
66 20 96 68 70 68
66 20 96 68 68 70
66 20 96 68 70 68
66 20 96 70 68 68
66 20 96 70 68 68
66 68 20 68 70 96
66 68 20 68 96 70
66 68 20 70 68 96
66 68 20 70 96 68
66 68 20 96 68 70
66 68 20 96 70 68
66 68 68 20 70 96
66 68 68 20 96 70
66 68 68 70 20 96
66 68 68 70 96 20
66 68 68 96 20 70
66 68 68 96 70 20
66 68 70 20 68 96
66 68 70 20 96 68
66 68 70 68 20 96
66 68 70 68 96 20
66 68 70 96 20 68
66 68 70 96 68 20
66 68 96 20 68 70
66 68 96 20 70 68
66 68 96 68 20 70
66 68 96 68 70 20
66 68 96 70 20 68
66 68 96 70 68 20
66 68 20 68 70 96
66 68 20 68 96 70
66 68 20 70 68 96
66 68 20 70 96 68
66 68 20 96 68 70
66 68 20 96 70 68
66 68 68 20 70 96
66 68 68 20 96 70
66 68 68 70 20 96
66 68 68 70 96 20
66 68 68 96 20 70
66 68 68 96 70 20
66 68 70 20 68 96
66 68 70 20 96 68
66 68 70 68 20 96
66 68 70 68 96 20
66 68 70 96 20 68
66 68 70 96 68 20
66 68 96 20 68 70
66 68 96 20 70 68
66 68 96 68 20 70
66 68 96 68 70 20
66 68 96 70 20 68
66 68 96 70 68 20
66 70 20 68 68 96
66 70 20 68 96 68
66 70 20 68 68 96
66 70 20 68 96 68
66 70 20 96 68 68
66 70 20 96 68 68
66 70 68 20 68 96
66 70 68 20 96 68
66 70 68 68 20 96
66 70 68 68 96 20
66 70 68 96 20 68
66 70 68 96 68 20
66 70 68 20 68 96
66 70 68 20 96 68
66 70 68 68 20 96
66 70 68 68 96 20
66 70 68 96 20 68
66 70 68 96 68 20
66 70 96 20 68 68
66 70 96 20 68 68
66 70 96 68 20 68
66 70 96 68 68 20
66 70 96 68 20 68
66 70 96 68 68 20
66 96 20 68 68 70
66 96 20 68 70 68
66 96 20 68 68 70
66 96 20 68 70 68
66 96 20 70 68 68
66 96 20 70 68 68
66 96 68 20 68 70
66 96 68 20 70 68
66 96 68 68 20 70
66 96 68 68 70 20
66 96 68 70 20 68
66 96 68 70 68 20
66 96 68 20 68 70
66 96 68 20 70 68
66 96 68 68 20 70
66 96 68 68 70 20
66 96 68 70 20 68
66 96 68 70 68 20
66 96 70 20 68 68
66 96 70 20 68 68
66 96 70 68 20 68
66 96 70 68 68 20
66 96 70 68 20 68
66 96 70 68 68 20
68 20 66 68 70 96
68 20 66 68 96 70
68 20 66 70 68 96
68 20 66 70 96 68
68 20 66 96 68 70
68 20 66 96 70 68
68 20 68 66 70 96
68 20 68 66 96 70
68 20 68 70 66 96
68 20 68 70 96 66
68 20 68 96 66 70
68 20 68 96 70 66
68 20 70 66 68 96
68 20 70 66 96 68
68 20 70 68 66 96
68 20 70 68 96 66
68 20 70 96 66 68
68 20 70 96 68 66
68 20 96 66 68 70
68 20 96 66 70 68
68 20 96 68 66 70
68 20 96 68 70 66
68 20 96 70 66 68
68 20 96 70 68 66
68 66 20 68 70 96
68 66 20 68 96 70
68 66 20 70 68 96
68 66 20 70 96 68
68 66 20 96 68 70
68 66 20 96 70 68
68 66 68 20 70 96
68 66 68 20 96 70
68 66 68 70 20 96
68 66 68 70 96 20
68 66 68 96 20 70
68 66 68 96 70 20
68 66 70 20 68 96
68 66 70 20 96 68
68 66 70 68 20 96
68 66 70 68 96 20
68 66 70 96 20 68
68 66 70 96 68 20
68 66 96 20 68 70
68 66 96 20 70 68
68 66 96 68 20 70
68 66 96 68 70 20
68 66 96 70 20 68
68 66 96 70 68 20
68 68 20 66 70 96
68 68 20 66 96 70
68 68 20 70 66 96
68 68 20 70 96 66
68 68 20 96 66 70
68 68 20 96 70 66
68 68 66 20 70 96
68 68 66 20 96 70
68 68 66 70 20 96
68 68 66 70 96 20
68 68 66 96 20 70
68 68 66 96 70 20
68 68 70 20 66 96
68 68 70 20 96 66
68 68 70 66 20 96
68 68 70 66 96 20
68 68 70 96 20 66
68 68 70 96 66 20
68 68 96 20 66 70
68 68 96 20 70 66
68 68 96 66 20 70
68 68 96 66 70 20
68 68 96 70 20 66
68 68 96 70 66 20
68 70 20 66 68 96
68 70 20 66 96 68
68 70 20 68 66 96
68 70 20 68 96 66
68 70 20 96 66 68
68 70 20 96 68 66
68 70 66 20 68 96
68 70 66 20 96 68
68 70 66 68 20 96
68 70 66 68 96 20
68 70 66 96 20 68
68 70 66 96 68 20
68 70 68 20 66 96
68 70 68 20 96 66
68 70 68 66 20 96
68 70 68 66 96 20
68 70 68 96 20 66
68 70 68 96 66 20
68 70 96 20 66 68
68 70 96 20 68 66
68 70 96 66 20 68
68 70 96 66 68 20
68 70 96 68 20 66
68 70 96 68 66 20
68 96 20 66 68 70
68 96 20 66 70 68
68 96 20 68 66 70
68 96 20 68 70 66
68 96 20 70 66 68
68 96 20 70 68 66
68 96 66 20 68 70
68 96 66 20 70 68
68 96 66 68 20 70
68 96 66 68 70 20
68 96 66 70 20 68
68 96 66 70 68 20
68 96 68 20 66 70
68 96 68 20 70 66
68 96 68 66 20 70
68 96 68 66 70 20
68 96 68 70 20 66
68 96 68 70 66 20
68 96 70 20 66 68
68 96 70 20 68 66
68 96 70 66 20 68
68 96 70 66 68 20
68 96 70 68 20 66
68 96 70 68 66 20
68 20 66 68 70 96
68 20 66 68 96 70
68 20 66 70 68 96
68 20 66 70 96 68
68 20 66 96 68 70
68 20 66 96 70 68
68 20 68 66 70 96
68 20 68 66 96 70
68 20 68 70 66 96
68 20 68 70 96 66
68 20 68 96 66 70
68 20 68 96 70 66
68 20 70 66 68 96
68 20 70 66 96 68
68 20 70 68 66 96
68 20 70 68 96 66
68 20 70 96 66 68
68 20 70 96 68 66
68 20 96 66 68 70
68 20 96 66 70 68
68 20 96 68 66 70
68 20 96 68 70 66
68 20 96 70 66 68
68 20 96 70 68 66
68 66 20 68 70 96
68 66 20 68 96 70
68 66 20 70 68 96
68 66 20 70 96 68
68 66 20 96 68 70
68 66 20 96 70 68
68 66 68 20 70 96
68 66 68 20 96 70
68 66 68 70 20 96
68 66 68 70 96 20
68 66 68 96 20 70
68 66 68 96 70 20
68 66 70 20 68 96
68 66 70 20 96 68
68 66 70 68 20 96
68 66 70 68 96 20
68 66 70 96 20 68
68 66 70 96 68 20
68 66 96 20 68 70
68 66 96 20 70 68
68 66 96 68 20 70
68 66 96 68 70 20
68 66 96 70 20 68
68 66 96 70 68 20
68 68 20 66 70 96
68 68 20 66 96 70
68 68 20 70 66 96
68 68 20 70 96 66
68 68 20 96 66 70
68 68 20 96 70 66
68 68 66 20 70 96
68 68 66 20 96 70
68 68 66 70 20 96
68 68 66 70 96 20
68 68 66 96 20 70
68 68 66 96 70 20
68 68 70 20 66 96
68 68 70 20 96 66
68 68 70 66 20 96
68 68 70 66 96 20
68 68 70 96 20 66
68 68 70 96 66 20
68 68 96 20 66 70
68 68 96 20 70 66
68 68 96 66 20 70
68 68 96 66 70 20
68 68 96 70 20 66
68 68 96 70 66 20
68 70 20 66 68 96
68 70 20 66 96 68
68 70 20 68 66 96
68 70 20 68 96 66
68 70 20 96 66 68
68 70 20 96 68 66
68 70 66 20 68 96
68 70 66 20 96 68
68 70 66 68 20 96
68 70 66 68 96 20
68 70 66 96 20 68
68 70 66 96 68 20
68 70 68 20 66 96
68 70 68 20 96 66
68 70 68 66 20 96
68 70 68 66 96 20
68 70 68 96 20 66
68 70 68 96 66 20
68 70 96 20 66 68
68 70 96 20 68 66
68 70 96 66 20 68
68 70 96 66 68 20
68 70 96 68 20 66
68 70 96 68 66 20
68 96 20 66 68 70
68 96 20 66 70 68
68 96 20 68 66 70
68 96 20 68 70 66
68 96 20 70 66 68
68 96 20 70 68 66
68 96 66 20 68 70
68 96 66 20 70 68
68 96 66 68 20 70
68 96 66 68 70 20
68 96 66 70 20 68
68 96 66 70 68 20
68 96 68 20 66 70
68 96 68 20 70 66
68 96 68 66 20 70
68 96 68 66 70 20
68 96 68 70 20 66
68 96 68 70 66 20
68 96 70 20 66 68
68 96 70 20 68 66
68 96 70 66 20 68
68 96 70 66 68 20
68 96 70 68 20 66
68 96 70 68 66 20
70 20 66 68 68 96
70 20 66 68 96 68
70 20 66 68 68 96
70 20 66 68 96 68
70 20 66 96 68 68
70 20 66 96 68 68
70 20 68 66 68 96
70 20 68 66 96 68
70 20 68 68 66 96
70 20 68 68 96 66
70 20 68 96 66 68
70 20 68 96 68 66
70 20 68 66 68 96
70 20 68 66 96 68
70 20 68 68 66 96
70 20 68 68 96 66
70 20 68 96 66 68
70 20 68 96 68 66
70 20 96 66 68 68
70 20 96 66 68 68
70 20 96 68 66 68
70 20 96 68 68 66
70 20 96 68 66 68
70 20 96 68 68 66
70 66 20 68 68 96
70 66 20 68 96 68
70 66 20 68 68 96
70 66 20 68 96 68
70 66 20 96 68 68
70 66 20 96 68 68
70 66 68 20 68 96
70 66 68 20 96 68
70 66 68 68 20 96
70 66 68 68 96 20
70 66 68 96 20 68
70 66 68 96 68 20
70 66 68 20 68 96
70 66 68 20 96 68
70 66 68 68 20 96
70 66 68 68 96 20
70 66 68 96 20 68
70 66 68 96 68 20
70 66 96 20 68 68
70 66 96 20 68 68
70 66 96 68 20 68
70 66 96 68 68 20
70 66 96 68 20 68
70 66 96 68 68 20
70 68 20 66 68 96
70 68 20 66 96 68
70 68 20 68 66 96
70 68 20 68 96 66
70 68 20 96 66 68
70 68 20 96 68 66
70 68 66 20 68 96
70 68 66 20 96 68
70 68 66 68 20 96
70 68 66 68 96 20
70 68 66 96 20 68
70 68 66 96 68 20
70 68 68 20 66 96
70 68 68 20 96 66
70 68 68 66 20 96
70 68 68 66 96 20
70 68 68 96 20 66
70 68 68 96 66 20
70 68 96 20 66 68
70 68 96 20 68 66
70 68 96 66 20 68
70 68 96 66 68 20
70 68 96 68 20 66
70 68 96 68 66 20
70 68 20 66 68 96
70 68 20 66 96 68
70 68 20 68 66 96
70 68 20 68 96 66
70 68 20 96 66 68
70 68 20 96 68 66
70 68 66 20 68 96
70 68 66 20 96 68
70 68 66 68 20 96
70 68 66 68 96 20
70 68 66 96 20 68
70 68 66 96 68 20
70 68 68 20 66 96
70 68 68 20 96 66
70 68 68 66 20 96
70 68 68 66 96 20
70 68 68 96 20 66
70 68 68 96 66 20
70 68 96 20 66 68
70 68 96 20 68 66
70 68 96 66 20 68
70 68 96 66 68 20
70 68 96 68 20 66
70 68 96 68 66 20
70 96 20 66 68 68
70 96 20 66 68 68
70 96 20 68 66 68
70 96 20 68 68 66
70 96 20 68 66 68
70 96 20 68 68 66
70 96 66 20 68 68
70 96 66 20 68 68
70 96 66 68 20 68
70 96 66 68 68 20
70 96 66 68 20 68
70 96 66 68 68 20
70 96 68 20 66 68
70 96 68 20 68 66
70 96 68 66 20 68
70 96 68 66 68 20
70 96 68 68 20 66
70 96 68 68 66 20
70 96 68 20 66 68
70 96 68 20 68 66
70 96 68 66 20 68
70 96 68 66 68 20
70 96 68 68 20 66
70 96 68 68 66 20
96 20 66 68 68 70
96 20 66 68 70 68
96 20 66 68 68 70
96 20 66 68 70 68
96 20 66 70 68 68
96 20 66 70 68 68
96 20 68 66 68 70
96 20 68 66 70 68
96 20 68 68 66 70
96 20 68 68 70 66
96 20 68 70 66 68
96 20 68 70 68 66
96 20 68 66 68 70
96 20 68 66 70 68
96 20 68 68 66 70
96 20 68 68 70 66
96 20 68 70 66 68
96 20 68 70 68 66
96 20 70 66 68 68
96 20 70 66 68 68
96 20 70 68 66 68
96 20 70 68 68 66
96 20 70 68 66 68
96 20 70 68 68 66
96 66 20 68 68 70
96 66 20 68 70 68
96 66 20 68 68 70
96 66 20 68 70 68
96 66 20 70 68 68
96 66 20 70 68 68
96 66 68 20 68 70
96 66 68 20 70 68
96 66 68 68 20 70
96 66 68 68 70 20
96 66 68 70 20 68
96 66 68 70 68 20
96 66 68 20 68 70
96 66 68 20 70 68
96 66 68 68 20 70
96 66 68 68 70 20
96 66 68 70 20 68
96 66 68 70 68 20
96 66 70 20 68 68
96 66 70 20 68 68
96 66 70 68 20 68
96 66 70 68 68 20
96 66 70 68 20 68
96 66 70 68 68 20
96 68 20 66 68 70
96 68 20 66 70 68
96 68 20 68 66 70
96 68 20 68 70 66
96 68 20 70 66 68
96 68 20 70 68 66
96 68 66 20 68 70
96 68 66 20 70 68
96 68 66 68 20 70
96 68 66 68 70 20
96 68 66 70 20 68
96 68 66 70 68 20
96 68 68 20 66 70
96 68 68 20 70 66
96 68 68 66 20 70
96 68 68 66 70 20
96 68 68 70 20 66
96 68 68 70 66 20
96 68 70 20 66 68
96 68 70 20 68 66
96 68 70 66 20 68
96 68 70 66 68 20
96 68 70 68 20 66
96 68 70 68 66 20
96 68 20 66 68 70
96 68 20 66 70 68
96 68 20 68 66 70
96 68 20 68 70 66
96 68 20 70 66 68
96 68 20 70 68 66
96 68 66 20 68 70
96 68 66 20 70 68
96 68 66 68 20 70
96 68 66 68 70 20
96 68 66 70 20 68
96 68 66 70 68 20
96 68 68 20 66 70
96 68 68 20 70 66
96 68 68 66 20 70
96 68 68 66 70 20
96 68 68 70 20 66
96 68 68 70 66 20
96 68 70 20 66 68
96 68 70 20 68 66
96 68 70 66 20 68
96 68 70 66 68 20
96 68 70 68 20 66
96 68 70 68 66 20
96 70 20 66 68 68
96 70 20 66 68 68
96 70 20 68 66 68
96 70 20 68 68 66
96 70 20 68 66 68
96 70 20 68 68 66
96 70 66 20 68 68
96 70 66 20 68 68
96 70 66 68 20 68
96 70 66 68 68 20
96 70 66 68 20 68
96 70 66 68 68 20
96 70 68 20 66 68
96 70 68 20 68 66
96 70 68 66 20 68
96 70 68 66 68 20
96 70 68 68 20 66
96 70 68 68 66 20
96 70 68 20 66 68
96 70 68 20 68 66
96 70 68 66 20 68
96 70 68 66 68 20
96 70 68 68 20 66
96 70 68 68 66 20
