548 3991 1864 1984 5748 2199 6280 572 5186 3333
600 4364 2339 6498 3121 3881 6967 566 6647 3382
1383 7120 3444 979 6944 2639 6140 726 8163 4967
1652 5658 5286 6197 6610 6679 8328 4442 5264 4634
1652 6591 4366 7929 2272 7527 8851 2608 2474 9048
2440 2451 6854 5044 6351 6900 3043 4889 6074 6859
2621 1646 7313 3780 6257 2264 8296 6498 6237 1164
4759 3441 7590 7937 1508 3573 7914 6830 5441 7411
5088 6322 4123 5154 7199 7745 4941 5746 3342 6895
5139 1988 8321 4111 7719 3027 7753 9465 9043 554
5263 7580 6949 8512 2723 1728 9224 2042 8121 5482
5468 6487 3922 2153 661 3983 7197 8909 4038 3914
6241 8983 7514 3104 3335 7672 5698 7019 5564 9030
6397 2325 1930 1990 7301 6523 3523 4311 567 7486
7340 7806 4293 6945 4018 1287 7664 3152 5078 8041
7487 5763 7827 5216 2479 2769 5116 4322 3545 4903
8156 6583 2595 6129 7205 5973 7826 5315 4240 4439
8615 2458 8306 6858 5195 8563 7326 4415 6157 3761
8721 7433 7897 8235 3427 649 6847 8107 8702 4752
9168 8008 3465 4727 1149 6254 2917 8469 3718 4104
17
