null
0
0
0
0
0
0
0
1
0
1
true
2
0
0
0
0
0
0
0
1
0
1
1
-1
1
0
true
0
0
0
1
0
3
true
0
2
-1
1
true
false
3
false
0
0
0
1
2
2
0
true
0
1
true
2
2
1
0
true
true
0
0
2
1
false
3
0
3
true
0
4
1
0
0
1
0
2
1
0
0
0
0
4
0
2
2
2
0
1
-1
0
3
1
3
0
1
0
2
2
0
2
3
false
false
2
1
0
1
true
true
0
0
1
0
1
-1
true
1
1
1
5
0
6
true
3
-1
3
1
3
0
0
0
0
3
1
2
1
1
0
2
4
2
3
2
0
2
2
1
2
1
1
4
2
4
true
3
2
2
3
0
3
3
3
2
true
true
2
true
0
1
4
2
3
true
1
1
4
-1
3
5
1
2
0
5
2
1
4
-1
false
true
3
true
0
4
1
6
7
0
3
0
2
0
0
true
1
-1
3
1
2
0
5
5
5
8
7
1
2
-1
8
4
1
1
9
1
5
true
6
6
1
2
2
true
-1
2
true
5
2
8
3
4
4
5
7
5
true
3
5
3
1
0
6
9
-1
5
8
2
10
false
2
0
false
6
1
-1
false
true
5
9
7
5
0
0
7
-1
-1
0
true
0
0
9
11
1
5
1
4
5
3
0
4
10
6
5
10
true
true
10
true
5
2
4
6
12
true
5
true
false
3
0
0
5
1
false
1
3
9
9
5
6
1
13
6
2
5
7
3
11
0
6
3
6
8
1
1
6
2
9
12
2
true
8
4
4
0
8
2
7
4
8
2
3
true
2
true
3
false
10
2
13
true
5
5
10
2
true
0
3
3
2
5
0
10
true
2
14
1
5
4
true
3
4
4
1
7
6
3
true
3
-1
true
3
11
2
1
8
11
2
true
10
6
6
0
true
true
0
7
-1
11
0
4
5
6
12
8
9
14
true
1
false
2
10
11
6
5
0
3
4
3
6
3
-1
7
true
6
7
6
2
8
13
8
false
true
7
4
7
5
3
2
0
true
true
2
2
-1
8
0
12
4
13
12
10
11
7
6
3
5
0
true
1
true
true
5
5
3
true
-1
-1
14
8
7
1
5
3
0
3
-1
2
4
true
5
2
2
5
7
-1
9
9
10
15
4
8
10
false
4
4
true
1
true
4
false
6
9
-1
15
7
9
16
4
9
3
6
10
10
0
7
-1
8
6
11
0
1
13
9
15
9
5
true
0
16
7
17
9
15
0
10
5
6
11
false
true
6
15
18
4
11
2
8
7
0
true
1
true
5
11
8
5
12
15
10
3
6
3
8
11
2
1
2
9
1
true
2
13
19
2
13
true
8
0
3
0
6
7
11
3
-1
-1
11
4
10
1
true
0
12
3
0
5
11
10
true
11
-1
5
12
14
4
9
1
1
true
0
true
9
14
9
17
11
0
3
1
10
7
-1
1
7
2
13
9
0
4
16
0
10
11
9
9
2
18
true
8
16
0
20
11
1
21
false
true
false
5
true
7
-1
1
-1
22
23
3
false
false
-1
13
7
15
11
-1
7
9
19
8
10
18
7
false
11
5
7
8
true
11
9
13
1
15
17
-1
14
14
-1
false
13
true
16
-1
-1
21
4
false
true
true
-1
true
11
8
0
-1
-1
12
18
11
13
1
4
17
3
11
true
0
14
3
-1
9
-1
2
7
1
18
13
7
-1
16
false
9
11
11
9
-1
14
-1
false
16
11
5
14
18
18
true
20
19
4
12
14
true
true
11
true
1
10
16
0
true
15
17
true
18
6
17
16
19
4
21
5
18
11
16
4
10
14
8
true
true
5
10
17
14
20
2
1
21
9
3
12
7
16
4
22
-1
12
-1
19
true
19
5
true
12
15
24
17
1
-1
18
1
20
10
12
11
16
7
16
6
true
2
4
2
11
17
24
13
6
5
10
5
19
3
7
21
0
-1
true
10
4
16
15
1
true
true
12
11
12
8
true
17
17
9
0
19
13
12
-1
9
true
2
0
3
true
14
12
23
25
3
24
20
15
25
16
5
13
false
3
26
13
15
true
16
21
3
-1
17
18
3
-1
3
true
14
13
20
2
9
0
true
1
17
3
1
-1
19
-1
21
9
22
10
4
13
8
5
1
true
-1
13
26
false
16
true
19
3
5
24
1
true
true
21
22
21
19
true
19
18
11
22
20
21
27
23
23
23
17
13
true
28
5
10
-1
20
27
true
1
10
13
1
18
true
22
15
28
22
22
0
2
9
true
true
true
true
22
23
14
0
22
6
false
15
true
8
7
23
29
20
22
14
6
true
18
25
true
1
14
29
8
true
true
11
24
19
2
-1
false
true
-1
true
1
true
1
15
0
1
24
true
true
5
29
22
3
24
-1
19
2
13
20
25
20
12
24
true
4
true
4
20
5
20
16
26
-1
3
6
false
6
-1
30
14
16
true
18
true
9
5
true
17
21
false
13
21
5
true
0
2
-1
-1
24
-1
2
5
28
8
false
5
true
2
4
false
15
26
24
31
0
21
21
3
14
17
2
5
true
-1
11
25
7
-1
13
17
2
27
4
32
20
13
24
12
true
true
12
14
27
7
-1
-1
true
26
true
18
17
33
18
5
21
false
5
-1
8
-1
-1
24
0
true
4
15
2
true
24
true
26
true
24
12
-1
15
false
23
13
-1
19
1
3
true
11
true
19
-1
18
0
20
3
3
true
2
19
26
25
25
24
21
true
0
0
true
1
true
1
6
true
0
22
-1
5
25
10
17
8
12
5
4
23
3
24
6
-1
0
27
2
true
16
3
28
18
-1
5
-1
-1
29
-1
true
24
9
30
12
12
28
4
9
true
22
-1
14
-1
1
10
11
4
8
28
19
7
18
29
12
false
31
1
6
8
13
0
true
-1
4
14
2
5
2
1
23
17
13
17
2
2
17
27
0
true
-1
true
8
true
true
27
13
16
true
22
15
-1
22
22
7
11
-1
1
21
21
1
false
27
8
true
16
19
15
31
30
-1
8
24
true
9
0
31
13
26
15
true
0
24
30
31
19
13
-1
0
34
13
3
21
22
23
32
11
32
true
30
15
15
4
0
20
22
-1
true
0
20
1
-1
24
26
true
-1
true
33
34
35
30
33
5
11
14
36
0
18
35
0
true
22
false
2
37
true
0
24
12
20
-1
22
26
15
34
true
24
5
-1
13
7
0
true
22
21
5
4
5
24
1
12
14
38
25
0
0
27
31
25
1
24
24
17
2
-1
20
23
-1
true
7
34
true
5
1
34
1
25
16
3
7
12
18
36
1
30
17
32
21
23
-1
true
17
-1
12
26
24
17
36
35
true
19
35
-1
3
33
24
37
4
26
39
22
7
22
0
11
28
7
true
19
-1
2
8
-1
31
true
2
0
-1
23
true
31
40
24
3
41
3
29
19
6
37
17
5
16
15
true
21
14
2
5
4
12
13
true
3
16
true
9
-1
true
8
-1
false
22
true
true
32
29
1
20
36
0
23
42
26
28
-1
true
-1
6
-1
24
true
true
9
true
20
0
false
1
2
10
11
32
30
5
42
28
31
43
15
-1
34
13
27
6
31
-1
-1
17
30
37
false
-1
13
1
2
33
true
18
21
true
9
14
13
7
0
44
21
30
true
15
false
8
-1
1
30
38
-1
13
32
39
29
24
24
-1
-1
8
14
4
-1
10
38
26
24
10
17
8
1
12
true
6
15
-1
4
34
37
13
1
19
33
9
22
5
26
0
21
10
true
12
true
40
true
4
10
31
33
30
30
10
26
34
4
-1
31
22
-1
15
16
3
0
28
22
false
2
-1
true
8
33
34
false
1
-1
19
13
0
22
34
39
true
1
36
11
true
28
-1
true
42
14
26
45
22
-1
34
3
40
29
16
0
26
true
18
13
30
-1
2
5
11
16
-1
0
41
37
26
0
32
30
25
22
28
0
26
4
true
14
43
21
20
31
-1
31
-1
true
10
6
8
26
27
12
22
27
46
33
29
32
33
8
21
30
30
0
6
37
15
26
1
8
5
13
-1
2
28
10
true
5
19
35
true
true
34
true
false
38
true
16
19
9
41
20
7
-1
true
15
-1
17
8
34
6
true
0
30
6
19
-1
-1
-1
9
40
-1
29
true
-1
39
26
-1
25
26
-1
43
true
-1
38
-1
3
32
true
19
1
-1
20
-1
27
36
25
true
1
8
true
7
27
-1
33
39
29
6
28
15
0
32
41
16
19
33
37
3
5
-1
2
6
24
16
23
-1
true
13
31
-1
44
15
30
15
0
true
21
26
5
47
14
2
true
31
21
36
44
true
true
4
17
17
false
18
16
45
false
35
32
18
2
-1
38
true
8
31
37
4
19
31
false
34
28
6
true
35
20
true
true
3
42
5
28
0
true
25
20
true
true
39
30
37
25
23
40
19
true
3
41
true
42
-1
7
true
7
31
-1
41
34
15
36
32
40
29
11
true
7
-1
18
48
21
true
true
21
-1
15
22
30
28
32
18
19
true
4
true
18
25
38
true
8
true
-1
27
29
4
37
8
false
2
35
true
7
41
24
10
9
9
true
25
1
6
true
39
true
32
6
true
36
true
18
36
43
29
42
true
36
23
34
26
41
38
6
true
0
3
25
35
2
34
8
true
true
37
0
29
19
-1
true
34
-1
34
26
-1
true
3
33
true
35
-1
4
-1
29
37
false
5
2
false
8
32
-1
46
-1
true
true
39
20
true
4
-1
3
34
1
35
33
-1
28
34
true
31
-1
20
true
false
28
25
true
26
14
true
-1
16
2
14
true
31
-1
2
34
32
1
26
10
15
30
3
8
16
34
true
4
30
15
-1
2
1
28
false
31
26
true
33
32
25
44
42
5
-1
28
23
33
34
-1
true
22
39
false
1
36
28
2
false
11
25
3
-1
6
14
37
10
0
2
-1
-1
23
-1
33
35
36
true
true
true
-1
16
5
true
5
0
48
5
26
13
9
true
-1
3
43
34
39
4
34
23
44
true
-1
1
true
30
32
23
3
23
39
47
-1
14
29
-1
10
-1
true
33
41
30
41
36
27
true
35
true
13
27
23
false
41
-1
24
true
19
35
6
-1
true
true
true
-1
32
-1
28
26
true
32
-1
33
22
36
10
-1
37
11
true
10
11
-1
12
true
true
25
2
41
25
28
35
24
30
-1
9
43
-1
10
0
8
39
1
true
true
6
49
10
40
15
11
35
27
-1
true
27
4
12
-1
36
30
34
32
true
50
36
22
3
true
2
5
12
2
45
2
42
1
34
35
3
51
true
-1
-1
20
8
true
12
39
27
false
-1
34
0
2
true
17
true
5
48
0
52
15
6
32
33
1
1
37
2
true
13
35
true
35
0
35
true
-1
0
1
1
-1
-1
-1
20
44
34
18
42
0
-1
0
42
-1
39
-1
44
4
3
33
5
true
28
0
-1
32
15
18
25
24
true
33
41
-1
4
35
9
32
37
15
36
10
41
true
23
3
2
49
18
31
26
17
false
43
41
true
25
-1
-1
32
4
19
45
-1
-1
40
true
-1
34
4
18
0
50
10
26
32
32
27
37
33
5
15
51
39
-1
0
51
46
27
18
2
14
true
-1
46
3
true
13
true
-1
30
18
36
32
0
-1
true
0
33
47
true
6
3
30
33
38
0
true
2
-1
-1
23
-1
52
44
35
-1
43
14
1
true
0
0
2
-1
-1
40
39
23
38
4
2
49
24
46
13
32
-1
15
22
53
16
9
-1
38
7
6
0
13
true
-1
45
40
-1
30
4
43
17
33
32
54
35
28
33
1
true
-1
37
34
17
true
true
15
54
55
true
17
true
20
17
53
-1
43
31
true
6
-1
