null
0
true
-1
0
0
0
0
-1
1
0
0
0
1
true
0
0
0
0
false
true
0
0
1
1
0
1
0
true
2
0
0
1
0
1
2
true
1
0
2
1
true
true
0
0
0
2
2
false
0
0
2
1
2
0
false
false
0
2
3
0
0
true
3
2
false
3
1
2
true
0
false
1
2
2
0
0
0
0
0
-1
0
0
-1
4
2
0
true
3
2
3
2
3
-1
2
1
3
0
3
0
0
3
0
1
2
3
4
4
2
4
3
1
3
2
3
-1
-1
1
0
4
5
true
0
true
5
0
2
2
0
1
true
1
1
1
1
0
2
3
true
4
6
1
3
3
4
3
5
-1
3
true
1
-1
3
4
2
1
-1
0
2
1
0
false
-1
-1
2
3
-1
1
6
true
false
true
4
true
4
true
3
1
2
2
3
5
1
5
-1
6
4
2
2
-1
-1
3
-1
true
3
3
2
5
-1
6
true
