null
false
0
0
0
0
0
0
0
0
0
1
0
-1
0
true
0
-1
0
1
0
1
0
0
0
0
true
false
-1
1
1
1
false
0
0
false
-1
0
0
0
true
0
true
2
0
2
0
1
true
0
0
0
1
0
1
1
1
0
1
0
-1
0
1
true
true
true
0
true
false
0
-1
0
0
0
0
0
1
false
0
-1
1
0
1
1
-1
0
0
0
1
2
2
3
0
1
4
1
1
3
5
5
true
6
0
0
2
1
0
0
6
5
true
1
1
3
1
0
5
1
7
-1
3
3
0
3
7
4
1
0
0
1
0
2
1
0
1
2
false
0
5
2
4
6
false
true
1
3
7
1
-1
5
8
1
2
true
-1
0
5
1
1
6
1
2
2
6
2
1
true
5
2
2
3
1
6
8
7
2
3
4
true
-1
8
1
true
9
10
3
2
0
7
5
4
4
2
0
true
1
2
4
5
3
0
2
6
2
4
6
-1
-1
8
0
true
1
1
5
7
11
5
3
3
0
7
true
0
-1
false
7
4
7
3
7
3
5
1
5
0
4
3
3
0
false
false
6
8
2
3
3
7
0
6
1
6
false
3
0
1
false
2
5
false
false
7
4
2
5
7
2
6
9
true
-1
8
4
5
4
2
true
3
5
4
1
1
7
9
7
0
5
10
true
false
10
-1
8
1
11
true
4
3
3
false
11
1
1
5
12
0
10
true
9
8
1
2
1
1
-1
9
1
5
7
10
9
5
4
-1
8
2
0
true
4
4
true
10
7
11
3
true
8
7
true
8
1
5
12
5
0
4
8
7
3
-1
2
12
6
10
7
false
false
11
2
0
9
9
1
6
-1
6
7
-1
7
9
true
4
2
8
12
8
9
2
true
-1
6
true
4
2
10
1
10
3
-1
7
1
4
6
1
3
9
4
6
12
1
13
-1
0
8
14
true
0
5
13
true
6
true
14
9
6
13
0
14
-1
0
true
15
3
16
4
true
10
9
7
3
9
0
3
-1
7
true
false
5
-1
0
17
false
8
-1
7
true
8
10
7
4
11
6
true
true
7
12
0
12
4
13
6
true
8
10
0
15
true
13
2
6
14
14
0
7
3
true
9
12
false
-1
8
-1
-1
5
14
0
0
-1
8
11
9
5
4
14
-1
-1
0
true
10
10
true
-1
0
true
14
true
8
7
10
10
11
13
7
9
true
2
true
-1
-1
12
true
1
true
1
1
8
9
-1
10
1
8
true
0
13
0
true
8
11
-1
1
1
15
-1
-1
true
2
15
2
16
13
0
0
11
9
1
2
true
1
12
11
4
15
11
true
10
11
18
0
true
15
-1
-1
-1
4
5
19
1
8
12
6
10
1
0
16
6
-1
4
0
6
7
9
4
10
2
5
12
12
true
0
4
12
7
-1
true
13
true
0
16
3
11
16
17
false
1
true
3
2
7
17
-1
18
10
10
-1
9
true
10
14
3
3
true
true
7
3
true
false
19
9
9
3
3
12
9
9
4
18
12
0
-1
6
8
3
4
7
0
10
20
0
16
16
14
14
0
2
2
-1
15
14
7
16
20
true
4
7
14
true
true
8
true
2
16
4
-1
1
3
17
true
true
-1
8
-1
3
true
12
4
10
true
12
12
17
11
true
13
18
14
true
-1
17
17
true
10
12
17
9
10
16
14
11
4
1
5
11
2
2
10
0
5
13
true
true
17
true
9
-1
8
6
6
9
19
true
9
19
5
0
11
3
true
10
13
true
true
14
9
13
-1
true
-1
13
9
15
0
-1
18
16
13
1
5
true
15
2
14
15
true
10
0
21
7
20
true
-1
14
22
2
3
23
14
14
13
6
10
4
4
-1
true
2
12
1
0
true
11
14
3
