4.55.11 beta11
8.39.45 beta16
8.42.38 beta20
8.42.38
15.31 beta12
16.16.0.0 beta6
16.16.0.0 beta25
16.16.0.0
18.43.35 beta10
18.43.35
20 beta12
23.49.20 beta20
23.49.20
26.16.72 beta6
26.16.72 beta21
30
35.37.60.51 beta4
35.44.52 beta6
35.59.36 beta21
39 beta18
39.22.10
40.25.69 beta6
40.25.69
45 beta1
45.67.3 beta25
47.19.7.53 beta5
48.74.1 beta2
48.74.1 beta20
49.38 beta5
49.38 beta12
58.53.18 beta21
58.53.18
59.13.75
60
61.20.6 beta20
61.60 beta9
61.60
62.33.37 beta21
62.33.37
65.70.64 beta3
66.58 beta23
69.13.73.31 beta24
69.13.73.31
80.63 beta6
80.63