1+1+1+197+197+933+933+933+933+989+989+989
1+1+1+1+1+1+1+1+1+1+1+197+933+933+933+933+933+933+933+989+989+989
1+1+1+1+1+1+1+1+1+1+1+1+1+1+1+1+1+1+1+1+1+1+1+1+933+933+933
1+1+1+1+1+1+1+1+1+1+1+197+933+933+933+933+933+933+933+989+989+989+989
1+1+1+1+1+1+1+1+1+1+1+1+1+1+1+1+1+1+1+1+1+1+1+1+1+1+1+1+1+1+1+1+1+1+1+1+1+1+1+1+1+1+1+1+1+1+1+1+1+1+1+1+1+1+1+1+1+1+1+1+1+1+1+1+1+1+1+1+1+1+1+1+1+1+1+1+1+1+1+1+1+1+1+1+1+1+1+1+1+1+1+1+1+1+1+1+1+1+1+1+1+1+1+1+1+1+197+989
1+1+1+1+1+1+1+1+1+1+1+1+1+1+1+1+1+1+1+1+1+1+1+1+1+1+1+1+1+1+1+1+1+1+1+1+1+1+1+1+1+1+197+197+197+197+933+933+989
1+1+1+1+1+1+1+1+1+1+1+1+1+1+197+197+933+989+989+989+989+989+989+989+989+989
1+1+1+1+1+1+1+1+1+1+1+1+1+1+1+1+1+1+1+1+1+1+1+1+1+1+1+1+1+1+1+197+989+989
1+1+1+1+1+1+1+1+1+1+1+1+1+1+1+1+1+1+1+1+1+1+1+1+1+1+1+1+1+1+197+197+197+197+933+933+933+989
1+1+1+1+1+1+1+1+1+1+1+1+1+197+933+933+933+933+933+933+933+933+989+989
1+1+1+1+1+1+1+1+1+1+1+197+933+989+989+989
933+933+933+933+933+933+933+989+989+989+989
1+1+1+1+1+1+1+1+1+1+1+1+1+1+1+1+1+1+1+1+1+1+1+1+1+1+1+1+1+1+1+1+1+1+1+1+1+1+1+1+1+1+1+1+1+1+1+1+1+197+989
1+1+1+1+1+1+933+933+933+933+933+933
1+1+1+1+1+1+1+1+1+1+1+1+1+1+1+1+1+1+1+1+197+197+197+933+989+989+989+989
1+1+1+1+933+933+933
1+1+1+1+1+1+1+197+197+197+933+933+933+933+933+989
1+1+1+1+1+1+1+1+1+1+1+1+1+197+933+933+989+989+989+989+989+989+989+989
1+1+1+1+1+1+197+197+197+933+933+933+933+933+989+989+989
1+1+1+1+1+1+1+1+1+1+1+197+197+197+197+933+989
1+1+1+1+1+1+1+1+1+1+1+1+1+1+1+1+1+1+197+933+989
1+1+197+197+197+197+197+197+197+197+197+197+197+933+933+989+989+989+989+989+989
1+1+1+1+1+1+1+1+1+1+1+1+1+1+1+1+1+989+989+989+989+989
1+1+1+1+1+1+1+1+1+1+933+933+933+989+989+989+989+989
1+1+1+197+989+989+989
1+1+1+1+1+1+1+1+1+1+933+989+989+989+989
1+1+1+1+1+1+1+1+1+197+933+933+933+933+933+933+933+989
1+1+1+1+1+1+1+1+1+1+1+1+1+1+1+1+1+1+1+1+1+1+197+197+197+197+933+933+933+989+989+989
1+1+1+1+1+1+1+1+1+1+1+1+1+1+1+1+1+1+1+1+1+1+1+1+1+1+1+1+1+1+1+1+1+1+1+1+1+1+1+1+1+1+1+1+1+1+1+1+197+197+933
1+1+1+1+1+1+1+1+1+1+1+1+1+1+197+197+933+933+933+933
1+1+1+1+1+1+1+1+1+1+1+1+1+1+1+1+1+933+933+989
1+1+1+197+197+197+197+197+197+197+197+197+197+197+197+197+197+197+933+989+989+989
1+1+1+1+1+1+197+197+197+933+933+933+933+933+933+989+989
1+1+1+197+197+197+197+197+197+197+197+197+197+933+933+933+933+989+989+989+989+989
1+1+1+1+1+1+1+1+1+1+1+1+1+1+1+1+1+1+1+1+1+1+1+1+1+1+1+1+1+1+1+1+1+1+1+1+1+197+197+933+933
1+1+1+1+1+1+1+1+1+1+1+1+1+1+1+1+1+1+1+1+1+1+1+1+197+197+197+933+933+933+989+989
1+1+1+1+197+933+933+933+933+933+933+933+933+933+989+989
1+1+1+1+1+1+1+1+1+1+1+1+1+1+1+1+1+1+1+1+1+1+1+1+1+1+1+1+1+1+1+1+1+1+1+1+1+1+1+1+1+1+1+1+1+1+1+1+1+1+1+1+1+1+1+197+197+197+989+989
1+1+1+1+1+1+1+1+1+1+1+197+197+989+989+989
1+1+1+1+1+1+1+1+1+1+1+1+1+1+1+1+1+1+1+1+1+1+989+989+989
1+1+1+1+1+1+1+1+1+1+1+1+1+1+1+1+1+1+1+1+1+1+1+1+1+1+1+1+1+1+1+933+933+933+989+989
1+1+1+1+1+1+1+1+1+1+1+1+1+1+1+1+1+1+1+1+1+1+1+1+1+1+1+1+1+1+1+1+1+1+1+1+1+1+1+1+1+1+1+1+1+1+1+1+1+1+1+197+197+989
1+197+933+933+933+933+933
1+1+1+1+1+1+1+1+197+197+933+933+989+989
1+1+1+1+1+1+1+1+1+1+1+1+1+1+1+1+1+1+197+197+933+933+989
1+1+197+197+197+197+197+197+197+197+197+197+197+933+933+933+989+989+989
1+197+197+197+197+197+197+933+933+933+989
1+1+1+1+1+1+1+1+1+1+1+1+1+1+1+1+1+1+1+1+1+1+1+1+1+1+1+1+1+1+1+1+1+1+1+1+1+1+1+1+1+1+1+1+1+1+197+989
197+197+197+197+197+197+197+197+197+197+933+933+933+933+989+989+989+989+989
1+197+197+197+933+933+933+989+989+989+989
933+989
1+1+1+1+1+1+1+1+1+1+1+1+1+1+1+1+1+1+1+1+1+1+1+1+1+1+1+1+1+1+1+1+1+1+1+1+1+1+1+1+197+197+197+933+933+933
1+1+1+1+1+1+1+1+1+1+1+1+1+1+1+1+1+1+1+1+1+1+1+1+1+1+1+1+1+1+1+1+1+1+197+197+933+933+933+989
1+1+1+1+197+197+197+197+989+989+989
1+1+1+1+1+1+989+989+989+989
1+1+1+1+197+989+989+989+989
1+1+1+1+1+1+1+1+1+1+1+1+1+1+1+1+1+197+197+197+933+933+989+989
1+1+197+197+933+989+989+989+989+989+989
1+1+197+197+197+197+197+197+197+197+197+197
1+197+197+197+197+197+197+197+197+197+197+197+197+197+933+989+989+989+989+989
1+1+1+1+1+197+197+933+989+989+989+989+989+989+989
1+1+1+1+1+1+1+197+197+197+933+933+933+933+989+989+989+989+989
1+1+1+1+1+1+1+1+197+197+989+989+989
1+1+197+197+197+933+989+989+989+989+989+989+989+989
1+1+1+1+1+197+933+933+933+933+989+989+989+989+989
1+1+197+197+197+197+197+197+197+933+989
1+1+1+1+1+1+1+1+1+1+1+1+933+933+933+933+933+933+933+933+989+989
1+1+1+1+1+1+1+1+1+1+1+1+1+1+1+1+1+1+1+1+1+1+1+1+1+1+1+1+1+1+1+1+1+1+197+933+933+933+989+989
197+197+197+197+197+197+989+989+989+989+989+989+989
1+1+1+1+197+197+197+197+933+933+933+933+989+989+989+989
1+1+1+1+1+1+1+1+1+1+1+1+1+1+1+1+1+1+1+1+1+1+1+1+1+1+1+197+197+197+197+989+989+989
1+1+1+1+1+1+1+1+1+1+1+1+1+1+1+1+1+1+1+1+1+1+1+1+1+1+1+197+197+197+989
1+1+197+197+197+197+197+197+197+989+989
197+197+197+197+197+197+197+197+989+989+989+989
1+1+1+1+1+1+1+1+1+1+197+933+933+933+933+989+989+989
1+1+1+1+1+1+1+1+1+1+1+1+1+1+197+197+197+933+933+933+933+933+933
1+1+197+197+197+197+197+197+197+197+197+197+197+197+197+197+197+197+197+197+933+933+933
1+197+197+197+197+197+933+933+933+933+989+989+989+989
1+1+197+197+197+197+197+197+197+197+197+197+197+197+197+197+197+197+197+933+933+933+933+933
1+1+1+197+197+197+197+933+933+933+989+989+989+989+989+989+989
197+197+197+197+197+197+197+197+197+197+197+197+197+197+197+197+933+933+933+933+933+989
1+1+1+1+1+1+1+1+1+1+1+1+1+1+1+1+1+1+1+1+1+1+1+1+1+1+1+1+1+1+1+1+1+1+1+1+1+1+197+197+933+933+933+989
1+197+197+197+933+933+933+933+933+933+989+989+989+989
1+1+1+1+1+197+197+933+933+933+933+933+933+989+989+989+989
1+1+1+1+1+1+1+1+1+1+1+1+1+1+1+1+1+197+933+933+989+989+989+989
1+1+1+1+1+1+197+933+933+989+989+989+989+989+989+989+989+989
1+1+1+1+1+933+989+989+989+989
197+197+197+197+197+197+197+197+197+197+197+197+197+197+933+933+989+989+989+989
1+1+1+1+1+1+1+1+1+1+1+1+1+1+1+197+989+989+989+989+989+989+989+989+989+989
1+1+1+1+1+1+1+1+1+1+1+1+1+1+1+1+989+989+989+989+989+989+989+989+989+989+989
1+1+1+1+197+933+933+933+933+989+989+989+989
1+1+1+1+1+1+1+1+1+1+1+1+933+933+933+933+933+933+933+933
1+197+197+197+197+197+197+197+197+197+197+197+197+197+197+197+197+197+197+933+933+989+989
1+1+1+197+197+197+197+197+197+933+933+933+989+989+989
1+1+1+1+1+1+197+197+197+197+933+933+933+989+989+989
1+1+1+1+1+1+1+1+1+1+1+1+1+1+1+1+1+1+1+1+1+1+1+1+1+1+1+1+933+933+933+989+989
1+1+1+1+1+1+1+1+1+1+1+1+1+1+1+1+1+1+197+197+197+197+989+989+989
1+1+1+1+1+1+1+1+1+1+1+1+1+1+1+1+1+1+1+197+197+197+197+933+933+989+989
1+1+197+197+197+933+933+933+933+933+989+989+989
1+1+1+1+1+1+1+1+1+1+1+1+1+1+1+1+1+1+1+1+1+1+1+1+1+1+1+1+1+1+1+1+1+1+1+1+1+1+1+1+1+1+1+1+1+197+989+989
1+1+1+1+1+1+1+1+1+933+933+933+933+989+989+989+989
1+1+197+197+197+197+197+197+197+197+197+197+197+197+989+989+989+989+989+989
1+1+1+1+1+1+933+989+989+989
1+1+1+197+197+197+197+197+197+197+933+933+933+933+933+989
1+1+1+197+197+197+197+197+197+989+989+989+989+989
1+1+1+197+197+933+933+933+933+933+989+989+989
1+1+1+1+1+1+1+197+933+933+933+933+933+933+933+933+989+989
1+1+1+1+1+1+1+1+1+1+1+1+1+1+1+1+1+1+1+1+1+1+1+1+1+1+1+1+1+1+1+1+1+1+1+1+1+1+1+1+1+197+933+933+933+989+989
197+197+197+197+197+197+197+197+197+197+197+197+197+197+197+197+197+933+933+933+933+989+989+989
1+1+197+197+197+197+197+197+197+197+197+197+197+197+197+197+197+197
1+1+1+1+1+1+1+1+1+1+1+1+197+933+933+933+933+933+933+933+933+933+933+933
1+1+197+197+197+933+933+933+989+989+989+989+989
1+197+197+197+197+989+989+989+989+989+989+989+989+989
1+1+1+1+1+1+1+1+1+1+1+1+1+1+1+1+1+197+197+933+933+989+989+989
1+1+1+1+1+1+1+1+1+1+1+197+933+933+933+933+933+933+933+933+933+989
1+1+1+1+1+1+1+1+1+1+1+1+1+1+1+1+1+1+1+1+1+1+1+1+1+1+1+1+1+1+1+1+1+1+1+1+1+1+1+1+1+1+1+1+1+1+1+1+1+1+1+1+1+1+1+1+1+1+1+1+1+1+1+1+1+1+1+1+1+1+1+1+1+1+1+1+1+1+1+1+1+1+1+1+1+1+1+1+1+1+1+1+1+1+197+989
1+1+1+1+1+1+1+1+1+1+1+1+1+1+197+197+933+933+933+933+989+989+989+989
1+1+1+1+1+1+1+1+1+1+1+1+1+933+989+989+989+989
197+197+197+197+197+197+197+197+197+197+197+197+197+197+197+197+933+933+933
1+1+1+1+1+1+933+933+989+989+989+989
1+1+1+1+1+1+1+1+933+933+933+933
1+1+1+1+1+1+1+1+1+1+1+1+1+1+1+1+1+1+1+1+1+1+1+1+1+1+1+1+1+1+1+1+1+1+1+1+1+1+1+1+1+1+1+1+1+1+1+1+1+1+1+1+1+1+1+1+1+1+1+1+1+1+1+1+1+1+1+1+1+1+1+1+1+1+1+1+1+1+1+1+1+1+1+1+1+1+1+1+1+1+1+1+1+1+1+1+1+1+1+1+1+1+1+1+1+1+1+1+1+1+1+1+1+1+1+1+1+1+1+1+1+1+1+1+1+1+1+1+1+1+989
1+1+1+1+1+1+1+1+1+1+1+1+1+1+1+1+933+933+989+989+989+989+989
1+1+1+1+1+1+1+1+1+1+1+1+1+1+1+1+1+1+1+1+197+197+989+989+989+989+989
1+1+197+197+197+197+197+197+197+197+933+933+933+989+989
1+1+1+1+1+1+1+1+1+1+1+1+1+1+1+1+1+1+1+1+1+1+1+1+1+1+197+197+933+933+933+989
1+1+1+1+1+1+1+1+1+1+1+1+1+1+1+1+1+1+1+1+1+1+1+1+1+1+1+197+197+197+989
1+1+1+1+1+1+1+1+1+1+1+1+1+197+197+933+933+933+933+933+989+989+989+989+989
1+1+1+1+1+1+1+1+1+1+1+1+1+1+1+1+1+1+1+1+1+1+1+1+1+1+1+1+1+1+1+1+1+1+1+1+1+1+1+1+1+1+1+1+1+1+1+1+1+1+1+1+1+1+1+1+1+1+1+1+1+1+1+1+1+1+1+1+1+1+1+1+1+1+1+1+1+1+1+1+1+1+1+1+1+1+1+1+1+1+1+1+1+1+1+1+1+1+1+197+197+989
1+1+197+197+197+197+197+197+197+197+197+197+197+933+933+933+933+989+989+989+989+989
197+197+197+197+197+197+197+197+197+197+197+933+933+933+933+933+989
1+1+1+1+1+1+1+1+1+1+1+1+1+1+1+1+1+1+1+197+197+197+197+933+933+933+989+989+989+989+989
1+197+197+197+197+197+197+197+197+197+197+197+197+197+197+197+197+197+197+933+933+933+933+989
1+1+1+1+1+1+1+1+1+1+1+1+1+1+1+1+1+1+1+1+1+1+1+1+1+1+1+1+1+1+1+197+933+933+933+989
197+197+197+197+197+197+197+197+197+197+197+197+197+197+197+197+197+197+933+933+933+933+989
1+1+1+197+197+197+197+197+197+197+197+197+197+197+197+197+197+197+933+933+989+989+989
1+197+197+197+197+197+197+197+197+197+197+197+197+197+197+989+989
1+1+1+1+1+1+1+1+1+1+1+1+1+1+1+1+1+1+1+1+1+1+1+1+1+1+1+1+1+1+1+1+1+1+1+1+1+1+1+1+1+1+1+1+1+1+1+1+1+1+1+1+1+1+1+1+1+1+1+1+1+1+1+1+1+1+1+1+1+1+1+1+1+1+1+1+1+1+1+1+1+1+1+1+1+1+1+1+1+1+1+1+1+1+989
1+1+1+1+1+1+1+1+1+1+1+1+1+1+1+1+1+1+1+1+1+1+1+1+1+1+1+1+1+1+1+1+1+1+1+1+1+1+1+1+1+1+1+1+1+1+1+1+1+1+1+1+1+1+1+1+1+1+1+1+1+1+1+1+1+1+1+1+1+1+1+1+1+1+1+1+1+1+1+1+1+1+1+1+1+1+1+1+1+1+1+1+1+1+1+1+1+1+1+1+1+1+1+1+1+1+1+1+1+1+1+1+197+197+197+989
197+197+197+197+197+197+197+197+197+933+933+933+933+933+933+989+989+989
1+1+1+1+1+1+1+1+1+1+1+1+1+1+1+1+1+1+1+1+1+1+1+1+1+1+1+1+1+1+1+1+1+1+197+989+989
1+1+1+1+1+197+933+933+989+989+989+989+989
1+197+197+197+197+197+197+933+933+933+933+933+989
1+1+1+1+1+1+1+1+1+1+933+933+933+933+933+933+933+933+989+989
1+1+1+1+1+1+1+1+1+1+1+1+1+197+933+933+933+933+933+933+933+989+989
1+1+1+1+1+1+1+1+1+1+1+1+1+1+1+1+1+1+1+1+1+1+1+1+1+1+1+1+1+1+1+1+1+1+1+1+1+1+1+1+1+1+1+1+1+1+1+1+1+1+1+1+1+1+1+1+1+1+1+1+1+1+1+1+1+1+1+1+1+1+197+197+197+989
1+1+1+1+1+1+1+1+1+1+1+1+1+1+1+1+1+1+1+1+1+1+1+1+1+197+197+197+933+933+989
1+1+1+197+197+197+197+933+933
1+1+1+197+197+197+933+933+933+933+933+933
1+1+1+1+1+1+1+1+1+1+1+1+1+1+1+1+1+1+1+1+1+1+1+1+1+1+1+1+1+1+1+1+1+1+1+1+1+1+1+1+1+1+1+1+1+1+1+1+1+1+1+1+1+1+1+1+1+1+1+1+1+1+1+1+1+1+1+1+1+1+1+1+1+1+1+1+1+1+1+1+1+1+1+1+1+1+1+1+1+1+1+1+1+1+1+1+197+197+989
1+1+197+197+197+197+197+197+197+197+197+197+197+197+933+989+989+989+989
1+1+1+1+1+1+1+1+1+1+1+1+1+1+1+1+1+1+1+1+1+1+1+1+1+1+1+1+1+1+1+1+1+1+1+1+1+1+1+1+1+1+1+1+1+1+1+1+1+1+1+1+1+1+1+1+1+1+1+1+1+1+1+1+1+1+1+1+1+1+1+1+1+1+1+1+1+1+1+1+197+197+989+989
1+197+197+197+197+197+197+197+197+197+197+197+197+197+197+933+933+933+933+989+989
1+1+197+197+197+197+197+197+197+933+933+989+989+989
1+1+1+1+1+1+1+1+197+197+989+989+989+989+989
1+1+1+1+1+1+1+1+1+1+1+197+197+197+933+933+933+989+989+989+989+989
1+197+197+197+197+197+197+197+197+197+197+197+197+989+989
197+197+197+197+197+197+197+197+197+197+933+933+933
1+1+1+197+197+197+197+197+197+197+197+197+197+197+197+197+197+197+933
1+1+1+1+1+1+1+1+1+1+1+1+1+1+1+1+1+1+1+1+1+1+1+1+1+1+1+1+1+1+1+1+1+1+1+197+933+933+989
1+1+1+1+1+1+1+1+1+1+1+933+989+989+989+989+989+989
1+197+197+197+197+197+197+197+197+197+197+197+197+197+933+933+933+933+933+933
1+1+1+1+1+1+1+1+1+1+1+1+1+1+1+1+1+1+1+1+1+1+1+1+1+197+197+989+989
1+1+1+197+197+197+197+197+197+197+197+197+197+197+197+197+197+933+933+933+933+933+989+989+989
197+197+197+197+197+197+197+197+197+197+933+989+989+989+989
1+1+1+1+1+1+1+1+1+1+197+933+933+933+933+933+933+933+989+989
1+1+1+1+1+1+1+1+1+1+1+197+933+933+933+933+933+933+933+989+989+989
1+1+197+197+197+197+197+197+933+933+933
1+197+197+197+197+197+197+197+197+197+933+989+989+989
1+197+197+197+197+197+197+197+197+197+197+197+197+197+197+197+197
197+197+197+197+197+197+197+197+933+933+989+989+989+989+989+989
1+1+1+1+1+197+197+197+989+989+989+989+989+989
1+1+933+933+933+989+989+989+989+989+989
1+1+1+1+1+1+1+1+1+1+1+1+1+1+1+1+1+197+933+933+989+989+989
1+1+1+1+1+1+1+1+1+1+1+197+197+197+933+933+989+989
1+1+1+197+197+197+197+197+197+197+197+197+933+933+989
197+197+197+197+197+197+197+197+197+197+197+197+197+197+197+197+197+197+933+933+933+933+989+989+989
1+1+197+933+933+989+989+989+989+989+989
1+1+1+1+1+1+1+1+1+1+1+1+1+1+1+1+1+1+1+1+1+1+1+1+1+1+1+1+1+1+1+1+1+1+1+1+1+1+1+1+1+197+933+933+933+989
1+197+933+933+933+933+933+933+933+933+933+989+989
1+1+197+197+197+197+197+197+197+197+197+933+933
1+197+197+197+197+197+197+197+197+197+933+933+933+933+989+989+989+989
1+1+1+1+1+1+1+1+1+1+1+1+1+1+1+1+1+1+1+1+1+1+1+1+1+1+1+1+1+1+1+1+1+1+1+1+1+1+1+1+1+1+1+1+1+1+1+1+1+1+1+1+1+1+1+1+1+1+1+1+1+1+1+1+1+1+1+1+1+1+1+1+1+1+1+1+1+1+1+1+1+1+1+1+197+197+197+989+989
1+1+1+1+1+1+1+1+1+1+1+1+1+1+1+1+1+1+1+1+1+1+1+1+1+1+1+1+1+1+1+1+1+1+1+1+1+1+1+1+1+1+1+1+1+1+1+1+1+1+1+1+1+1+1+1+1+1+1+1+1+1+1+1+1+1+1+1+1+1+1+1+1+1+1+1+1+1+1+1+1+1+1+1+1+1+1+1+1+1+1+1+1+1+1+1+1+1+1+1+1+197+989
1+1+1+1+1+1+1+1+1+1+1+1+1+1+1+1+197+197+197+933+989+989+989+989+989
1+197+197+197+197+197+197+197+933+933+933+933+989+989+989
1+1+1+1+1+1+1+1+1+1+1+1+1+1+1+1+1+1+1+1+1+1+1+1+1+1+1+1+1+1+1+1+1+1+1+197+197+197+933+933
197+197+197+197+197+197+197+197+197+197+197+197+197+933+933+989+989+989+989+989+989
1+1+933+933+989+989+989+989+989+989
1+1+1+197+197+197+197+197+197+197+197+989+989+989+989+989+989
1+1+1+1+1+1+1+1+1+1+1+1+1+197+933+933+989+989+989+989
1+1+1+197+197+197+933+933+933+933+989+989+989+989+989
1+197+197+197+197+197+197+197+197+197+989+989+989+989+989+989+989+989+989
1+1+1+1+1+1+1+1+1+1+1+1+1+1+1+1+1+1+1+1+1+1+1+1+1+1+1+1+1+933+989+989
1+1+1+1+1+1+1+1+1+1+1+1+1+1+1+1+1+1+1+1+1+1+1+1+1+1+1+1+1+1+1+1+1+1+1+1+1+1+1+1+1+1+1+1+1+1+197+933+933+933
1+1+1+1+1+197+933+933+933+933+933+989+989+989+989
1+1+1+197+197+197+197+197+197+197+197+197+197+197+197+197+197+197+197+197+197+933+933+933+933+933
1+1+1+1+1+1+1+1+1+1+1+1+1+1+1+1+1+1+1+1+1+1+1+1+1+1+1+1+1+1+1+1+1+1+1+1+1+1+1+1+1+1+1+1+1+1+1+1+1+1+197+197+197+933+933+933
1+1+1+1+1+1+1+197+989+989
1+1+1+197+197+933+933+933+933+933+989+989+989+989+989
1+1+1+1+1+1+1+1+1+1+1+1+1+989+989
1+1+1+1+1+1+197+197+197+197+933+933
1+1+1+1+1+1+1+1+1+1+1+1+1+1+1+1+1+1+1+1+1+1+1+1+1+1+1+1+1+197+197+197+933+989+989
1+1+1+1+1+1+1+1+1+1+1+197+933+933+933+933+933+933+989+989+989+989+989
1+1+1+1+1+1+1+1+1+1+1+1+197+933+933+933+933+989+989+989
1+1+1+1+1+1+1+197+933+989+989+989+989+989+989
1+1+1+1+1+1+1+1+1+1+1+1+1+1+1+1+1+1+1+1+1+1+1+1+1+1+1+1+1+1+1+1+1+1+1+1+1+1+1+1+1+1+1+1+1+1+197+197+933+933+989
1+197+197+197+197+197+197+197+197+197+197+197+197+933+933+933+933+933
1+1+1+1+1+1+1+1+1+1+1+1+1+1+1+1+1+1+1+1+1+1+1+1+1+1+1+1+1+1+1+933+933
1+1+1+1+1+1+1+1+1+1+1+1+1+1+1+1+1+1+1+1+1+1+1+1+1+1+1+1+1+1+1+197+197+197+933+933+989
1+1+1+1+1+1+197+197+933+933+989
1+1+1+1+1+1+1+1+1+1+1+1+1+1+1+933+933+933
1+1+197+197+989+989+989+989+989+989+989+989+989
1+1+1+1+1+1+1+1+1+1+1+1+1+1+1+1+1+1+1+1+1+1+1+1+1+1+1+1+1+1+1+1+1+1+1+1+1+1+1+1+1+1+1+1+1+1+1+1+1+1+1+1+1+1+1+1+1+1+1+197+989
1+1+1+1+1+1+1+1+1+1+1+1+1+1+1+1+1+1+1+1+1+1+1+1+1+1+1+1+1+1+1+1+1+1+1+1+1+197+933+933+933+989+989
1+1+1+1+1+1+1+1+1+1+1+1+1+1+1+1+1+197+197+197+989+989+989
197+197+933+989+989+989+989+989+989+989
1+1+1+1+197+197+933+933
1+1+1+197+197+197+197+197+197+197+197+197+197+197+197+197+197+197+197+197+989+989+989+989+989+989
1+1+197+197+933+933+933+933+933+989+989+989+989+989
1+1+197+197+197+197+197+197+933+933+933+933+989+989+989+989+989+989
1+1+197+933+933+989+989+989+989+989+989+989
1+197+197+197+197+197+197+933+933+933+933+933+933+989+989
1+1+1+1+197+197+197+197+933+933
1+1+1+1+1+1+1+933+933+933+933+933+989+989+989+989
1+1+197+197+197+197+197+197+197+197+933+989+989+989+989+989+989
1+1+1+1+1+1+1+1+1+1+1+1+197+197+989
1+1+1+1+1+1+1+1+1+1+1+1+1+1+1+1+1+1+1+1+1+1+1+1+1+1+1+1+1+1+1+1+1+1+1+1+1+1+1+197+933+933+933
1+1+1+1+1+1+1+1+1+1+1+1+1+1+1+1+1+1+1+1+1+1+1+1+1+1+1+1+1+1+1+1+197+989
1+1+1+1+1+1+1+1+1+197+933+933+933+933+933+933+933
1+1+197+197+197+933+933+933+933+933+933+989+989
1+1+1+197+933+933+933+933+933+933+989+989+989
1+1+1+1+1+1+1+1+1+197+197+197+197+933+933+933+933+989+989+989
1+1+1+197+197+197+197+197+197+197+197+197+197+933+933+989+989+989+989+989+989+989
1+1+1+1+1+1+1+1+1+1+1+1+1+1+1+1+1+1+1+1+1+1+1+1+197+933+933+933+989+989
1+1+1+1+197+197+197+933+933+933+933+933+989+989+989
1+1+1+1+1+1+1+1+1+1+1+1+1+1+1+1+1+1+1+1+1+1+1+1+197+197+197+197+933+933
1+1+197+197+197+197+197+197+197+197+197+197+197+933
1+1+1+1+1+1+1+1+1+197+197+989+989
1+1+1+1+1+1+1+1+1+1+1+1+1+1+1+1+1+1+1+1+1+1+1+1+1+1+1+1+1+1+1+1+1+1+1+1+1+1+1+1+1+1+1+1+1+1+1+1+1+1+1+1+1+1+1+1+1+1+1+1+1+1+1+1+1+1+1+1+1+1+1+1+1+1+1+1+1+1+1+1+1+1+1+1+1+1+1+1+1+1+1+1+1+1+1+1+1+1+1+1+1+1+1+1+1+1+1+1+1+197+989
1+1+1+197+197+197+197+197+197+197+197+197+197+197+197+197+197+197+989+989+989+989+989
1+1+1+1+1+1+1+1+1+1+1+197+197+989+989+989+989+989+989+989+989+989+989
1+989+989+989+989+989
1+1+1+1+1+1+1+1+1+1+1+1+933+933+933+933+933+933+933+933+989+989
1+1+1+1+1+1+1+1+1+1+1+1+1+1+1+1+1+1+1+1+1+1+1+1+1+1+1+1+1+1+1+1+1+1+1+1+1+1+1+1+1+1+1+1+1+1+1+1+1+1+1+1+1+1+1+1+1+1+1+1+1+1+1+1+1+1+1+1+1+1+1+1+1+1+1+1+1+1+1+1+1+1+1+1+1+1+1+1+1+1+1+1+1+1+1+1+1+1+1+1+1+1+1+1+1+1+1+1+1+1+1+1+1+1+1+1+1+1+197+197+989
1+1+1+1+1+1+1+1+197+933+989
1+1+1+1+1+1+1+1+1+1+1+1+1+1+1+1+197+197+197+197+933+989+989
1+1+197+197+197+197+197+197+197+933+989+989
1+1+1+1+1+1+197+197+933+933+989+989+989+989+989+989+989
1+1+1+1+197+197+933+989+989+989+989+989+989+989+989
1+1+1+1+1+1+1+1+1+1+1+1+1+197+197+197+933+989+989
1+1+197+197+989+989+989+989+989+989+989
1+1+1+1+1+1+197+197+933+933+933+933+989+989+989+989+989+989
197+197+197+197+197+197+197+197+933+933+933+933+933
1+1+197+197+197+197+197+197+197+197+197+197
1+1+1+1+1+197+197+197+989+989+989+989+989+989+989
1+1+1+197+933+933+933+933+989+989+989+989+989+989
1+1+1+1+1+1+1+1+1+1+1+1+1+1+1+1+1+1+1+1+1+1+1+1+1+1+1+1+1+1+1+1+1+1+1+1+1+1+1+1+1+1+1+1+1+1+1+1+1+1+1+1+1+1+1+1+1+1+1+1+1+1+1+1+1+1+1+1+1+1+1+1+1+1+1+1+1+1+1+1+1+1+1+1+1+1+1+1+1+1+1+1+1+1+1+1+1+1+1+1+1+1+1+1+1+1+1+1+1+1+1+1+1+1+1+1+1+1+1+1+1+1+1+1+1+1+1+1+1+1+1+1+1+1+1+1+1+1+1+1+197+197+197+989
197+197+197+197+197+197+197+933+933+989+989
1+1+1+1+1+1+1+1+1+1+1+1+1+1+1+1+1+1+1+1+1+1+1+1+1+1+1+1+1+1+1+1+1+197+197+197+933+933
1+1+1+1+1+1+1+1+1+1+1+1+1+1+1+1+1+1+1+1+1+1+1+1+1+1+1+1+1+1+1+1+1+1+1+1+197+197+933+933+933+989
1+197+197+197+197+197+197+197+197+933+933+933+933+989+989+989+989
1+1+1+1+1+1+1+1+1+1+1+197+933+933+989+989+989+989
1+1+1+1+1+1+1+1+1+1+1+1+1+1+1+1+1+1+1+197+197+197+197+989+989+989+989+989
1+1+1+1+1+1+1+1+1+1+1+1+1+1+1+1+1+1+1+1+1+1+1+1+1+1+1+1+1+933+933
1+1+1+1+1+1+1+1+1+1+1+1+1+1+1+1+1+1+1+1+1+1+1+1+1+1+1+1+1+1+1+1+1+1+1+1+1+1+1+1+1+1+1+197+197+197+933+933+989
1+1+1+1+1+1+1+1+1+1+1+1+197+989+989+989+989+989+989+989+989+989
1+1+1+1+1+1+1+1+1+1+1+1+1+1+1+1+1+1+1+197+197+197+933+933+989
1+1+1+1+1+1+1+1+1+1+1+1+1+1+1+197+933+933+989+989+989+989+989+989
1+1+1+1+1+1+1+197+197+933+933+989+989+989+989+989
1+197+197+197+197+197+197+197+197+933+933+933+989+989+989
1+1+1+197+197+197+197+197+197+197+197+197+197+197+197+197+197+197+933+989+989+989+989+989+989
1+1+197+197+197+197+197+197+197+933+933+933+933+989
1+1+1+197+197+197+197+197+197+197+197+197+197+933+933+933+989+989+989+989+989
1+1+1+1+1+1+1+1+1+1+1+1+1+1+1+1+1+1+197+197+933+989+989
1+1+197+197+197+197+197+197+197+197+197+197+197+197+933+933+933+933+989
1+933+989+989+989+989+989+989+989+989+989+989
1+1+1+1+1+1+1+1+1+1+1+1+1+1+1+1+1+1+1+1+1+1+1+1+1+1+1+1+1+1+1+1+1+1+1+1+1+1+197+197+933+933
1+1+1+1+1+1+1+1+1+1+1+1+197+933+933+933+933+989+989+989+989+989+989
197+197+197+197+197+197+197+197+197+197+197+197+197+197+197+197+197
1+1+1+1+1+1+1+1+1+1+1+1+1+933+933+989+989+989+989
1+1+1+1+1+1+1+1+1+1+1+1+1+1+1+1+197+197+197+197+933
1+1+1+1+1+1+1+1+1+933+933+933+933+933+933+933
1+197+197+197+197+197+197+197+933+933+933+933+933+933
1+1+1+197+197+197+197+197+197+933+933+933+989+989+989+989+989
1+1+1+1+1+1+1+1+1+1+1+1+1+1+1+1+1+1+1+1+1+1+1+1+1+1+1+1+1+1+1+1+1+1+1+1+1+1+1+197+197+197+933+933+933
1+1+933+933+933+933+933+933+989+989+989
197+197+933+933+933+933
1+1+1+1+1+197+197+197+933+933+933+933+989+989+989+989+989+989
1+1+1+1+1+1+1+1+1+1+1+1+1+1+1+1+1+1+1+1+1+1+1+1+1+1+1+1+1+1+1+1+1+1+1+1+1+1+1+1+1+1+1+197+197+197+197+933+933+989
1+1+1+1+1+1+1+1+1+1+1+1+1+1+1+1+1+1+1+1+1+1+1+1+1+1+1+1+1+1+1+1+1+1+1+1+1+1+1+1+1+1+1+1+1+1+1+1+1+1+1+1+1+1+1+1+989+989
1+1+1+1+1+1+1+1+1+1+1+1+1+1+1+1+1+1+1+1+1+1+1+1+1+989+989
1+1+1+197+197+197+197+197+933+933+933
1+1+197+197+197+197+197+197+197+197+197+197+197+197+197+197+197+933+989+989+989+989
197+933+933+989
1+1+1+1+1+989+989+989+989
197+197+197+197+197+933+933+933+933+989+989+989
1+1+1+1+1+1+1+1+1+1+1+1+1+1+1+197+197+197+933+933+933+989+989+989+989+989
1+1+1+197+197+197+197+197+197+933+933+933+989+989+989+989+989+989+989
1+1+1+197+197+197+197+197+197+197+197+197+197+197+197+197+933+933+933+933+933+989
1+197+197+197+197+197+933+933+989+989+989+989+989
1+1+1+197+197+197+197+197+197
1+197+197+197+197+197+197+197+197+197+197+197+197+197+197+989+989
1+1+1+1+1+1+1+1+1+1+1+1+1+1+1+1+1+1+1+1+1+1+1+1+1+1+1+1+1+1+1+1+1+1+1+1+1+1+1+1+1+1+1+1+1+1+1+1+1+1+1+1+197+197+989
1+1+1+1+1+1+1+1+1+1+1+1+1+1+1+1+1+1+1+1+1+1+1+1+1+1+1+1+1+1+1+197+197+197+989+989
1+1+1+1+1+1+1+1+1+1+1+1+1+1+1+1+1+1+1+197+197+197+197+933+933+989+989
1+1+1+1+1+1+1+1+1+1+1+1+1+1+1+1+1+1+1+1+1+1+1+1+1+1+1+1+197+197+989+989
1+1+1+1+1+1+1+1+1+1+1+197+197+197+933+933+933+933+933+933+989+989+989
1+197+197+197+197+197+197+197+197+197+197+197+197+197+197+197+197+197+197+933+933+933+989+989
1+1+197+197+197+197+197+197+197+197+197+197+933+933+933
1+197+197+933+933+989+989+989+989
1+1+1+1+1+1+1+1+1+1+1+1+1+933+933+989+989
1+1+1+1+1+1+1+1+1+1+1+1+1+197+197+197+989+989
197+197+197+197+197+197+197+197+197+197+197+197+197+197+197+197+933+933+989
1+1+1+1+1+989+989+989+989+989+989+989+989+989+989
1+1+1+1+1+197+197+933+933+933+933+989
1+1+1+1+1+1+1+1+1+1+1+1+1+1+1+1+1+197+933+989+989+989+989+989
1+1+1+1+1+1+1+1+1+1+1+1+1+989+989+989+989+989+989+989+989+989+989+989
1+1+1+1+1+1+1+1+1+933+933+933+933+933+933+933+933+933
1+1+1+1+933+989+989+989+989+989+989+989+989+989
197+197+197+197+197+197+197+197+197+197+197+197+197+197+197+197+197+933+933+989+989+989
1+1+1+1+1+1+1+1+1+1+1+1+1+1+1+1+1+1+933+933+933+989+989
1+1+1+1+1+1+1+1+1+1+1+1+1+1+1+1+1+1+1+1+197+197+933+989+989+989+989
1+197+197+197+197+197+197+197+197+933+933+933+933+933+933+989+989+989
1+1+1+1+1+1+1+1+1+1+1+1+1+1+1+1+1+1+1+1+1+1+1+1+1+1+1+1+1+1+1+1+1+1+1+1+1+1+1+1+1+1+1+1+1+1+1+1+1+1+1+1+1+1+1+1+1+1+1+1+1+1+1+1+1+989
197+197+197+197+197+197+197+933+989+989
1+1+1+1+1+1+1+1+1+1+1+1+1+1+1+1+1+1+1+1+1+1+1+1+1+197+197+933+989+989+989
1+1+1+1+1+1+1+1+1+1+1+1+1+1+1+1+1+1+1+1+1+1+197+197+197+197+933+989+989+989+989
1+1+1+1+1+1+1+1+1+1+1+1+1+1+1+1+1+1+1+197+197+197+933+933+933+989+989+989+989+989
933+933+933+989+989+989+989+989
1+197+197+197+197+933+933+933+989+989+989+989+989
1+1+1+1+1+1+1+1+1+1+1+1+1+1+1+1+1+197+197+197+197+933+933+933
1+1+1+1+1+1+1+197+197+989+989+989
1+1+1+1+1+1+1+1+1+1+1+197+933+989+989+989+989+989
1+1+197+197+197+197+197+933+933+933+933+933+933+989+989+989+989
1+1+1+1+1+1+1+1+197+197+933+989+989
1+197+197+197+197+197+933+933+933+989+989+989+989+989+989
1+1+1+1+1+1+1+1+1+1+1+1+1+1+1+1+1+197+197+197+197+933+989+989+989
1+1+1+1+1+1+1+1+1+1+1+197+197+197+933+933+933+933+989
1+1+1+1+1+1+1+1+1+1+1+1+1+1+1+197+197+933+933
1+1+1+1+1+1+1+1+1+1+1+1+1+1+1+1+1+1+1+1+1+1+1+1+1+1+197+197+197+989+989+989
1+1+1+197+197+197+197+197+197+933+933+989+989
1+1+1+1+1+1+1+1+1+1+1+1+1+1+1+1+1+1+1+1+1+1+1+1+1+1+1+1+1+1+1+1+1+1+1+1+197+197+197+197+989
1+1+1+1+1+1+1+1+1+1+1+1+1+1+1+1+1+1+1+1+1+1+1+1+1+1+1+1+1+1+1+1+1+1+1+1+197+197+197+933+933+933
1+1+1+1+1+1+1+1+1+1+1+1+1+933+933+933+933+989+989+989
1+1+1+1+1+1+1+1+1+1+1+1+197+197+197+933+933+933+933+933+989
1+1+1+1+1+1+1+1+1+1+1+1+1+1+1+1+1+1+1+1+1+1+1+1+1+1+1+1+197+933+989
1+1+1+1+1+1+1+1+1+1+1+1+1+1+1+1+1+1+1+1+1+1+1+1+1+1+1+1+1+1+1+1+1+1+1+1+1+1+1+197+197+933+989+989
1+1+1+1+1+1+1+1+1+1+1+1+1+1+1+1+1+1+1+197+197+197+197+933+933+933+989+989+989
1+1+989+989+989+989+989+989+989
1+1+1+197+197+197+197+197+197+197+197+197+933+933+933+933+989+989+989+989
1+1+1+1+1+1+1+1+1+1+1+1+1+1+1+1+1+197+197+933+933+989+989
1+197+197+197+197+197+197+197+989+989+989+989+989
1+1+1+1+1+1+1+1+1+1+1+1+1+1+197+197+197+197+933+989+989+989
1+1+1+1+1+1+1+1+1+1+1+1+1+1+1+1+1+1+1+1+1+1+1+1+1+1+1+1+1+1+1+1+1+1+1+1+1+1+1+1+1+197+933+933+933+989
1+1+1+1+1+1+1+1+1+1+1+1+1+1+1+1+1+1+1+1+1+1+1+1+1+1+1+1+1+1+1+1+1+1+1+1+1+1+1+1+1+1+933+933+989
1+1+1+1+1+1+1+1+1+1+1+1+1+1+1+1+1+1+1+1+1+1+1+1+1+1+1+1+1+1+1+1+197+989+989
1+1+1+1+1+197+197+197+197+933+989+989+989+989+989+989+989
1+1+1+1+1+1+1+1+1+1+1+1+1+1+1+1+1+1+1+1+1+1+1+1+933+989
1+1+1+1+1+1+933+933+933+933+933+989+989+989+989+989+989
197+197+197+197+197+197+197+197+197+197+197+197+197+197+197+197+197+197+989+989+989+989
1+1+197+197+933+933+933+933+989+989
1+197+197+197+197+197+197+197+197+197+197+197+197+197+197+197+197+197+197+933+933+933+989+989+989+989
1+1+1+1+1+1+1+1+1+1+1+1+1+1+1+1+1+1+197+197+933+933
1+1+1+1+1+1+1+1+1+1+1+1+1+1+1+1+1+1+1+1+1+197+197+197+989
1+197+197+197+197+197+197+197+197+197+197+197+933+933+933+933+933+989
1+1+1+1+1+1+1+1+1+1+1+1+1+1+1+1+197+933+933+933+989+989+989+989
1+1+1+1+1+1+1+1+1+1+1+1+1+1+1+1+1+1+1+1+1+1+1+1+1+197+197+933+989+989+989
1+1+197+197+197+933+933+933+989+989+989
1+1+1+1+1+1+1+1+1+1+1+1+1+1+1+1+1+1+1+1+1+1+1+1+1+1+1+1+1+1+1+1+1+1+1+1+1+1+1+1+1+197+197+197+197+933+933+933+989
1+1+1+197+197+197+197+197+197+197+197+197+197+197+933+933+933+933+933+989
1+1+1+1+1+1+933+933+933
1+1+1+1+1+1+1+1+1+1+1+1+1+1+1+197+197+197+197+989+989+989+989
1+1+1+1+1+1+1+1+197+933+933+989
197+197+197+197+197+197+197+197+197+197+933+933+933+989+989+989
1+1+1+1+1+1+1+1+1+1+1+197+933+933+933+933+933+989+989+989
1+1+1+197+197+197+197+197+197+197+197+197+197+197+197+197+933+933+933+933+933+933+989
1+1+1+1+1+1+1+1+1+1+1+1+1+1+1+1+1+1+1+1+1+1+1+1+1+1+1+197+197+197+933+933+989
1+1+1+197+197+197+197+197+197+197+197+197+197+197+197+933+933+933+933+989
1+197+197+197+197+197+197+197+197+197+197+933+989+989+989+989+989+989
1+1+1+1+1+1+1+1+1+1+1+1+1+1+197+197+197+933+933+933+933
1+1+1+1+1+1+197+197+197+197+933+933+933+989
197+197+197+197+933+933
1+1+197+197+197+197+197+933+933+933+933+989+989+989
1+1+1+1+1+1+1+1+1+1+1+1+1+1+1+1+1+1+197+197+989
1+1+1+1+1+1+1+1+1+1+1+1+1+1+1+1+1+1+1+1+1+1+1+1+1+1+1+1+1+1+1+1+1+1+1+1+1+1+1+1+1+1+1+1+1+1+1+1+1+1+1+1+1+1+1+1+1+1+1+1+1+1+1+1+1+1+1+1+1+1+1+1+1+1+1+1+1+1+1+1+1+1+1+1+1+1+1+1+1+1+1+1+1+1+1+1+1+1+1+1+1+1+1+1+1+1+1+1+1+1+1+1+1+1+1+197+197+989
1+1+1+1+1+1+1+197+933+933+933+933+933+933
1+1+1+1+1+1+1+1+1+1+1+1+1+1+1+1+1+1+1+1+1+1+1+1+1+1+1+1+1+1+1+1+1+1+1+1+1+1+1+1+1+1+1+1+197+197+989
1+1+1+1+1+1+1+1+197+933+989+989+989+989+989
1+1+1+1+1+1+1+1+197+933+933+989+989+989+989+989+989+989+989+989
1+1+1+1+1+1+1+197+197+933+933+933+989+989+989+989+989+989+989
1+1+1+1+1+197+197+933+933+933+933+989+989+989
1+1+1+1+1+1+1+1+1+1+1+1+1+1+1+1+1+1+1+1+1+1+1+1+1+933+989+989+989
1+1+197+197+197+197+197+933+933+933+933+933+933+989
1+1+1+197+197+197+197+197+197+197+197+197+197+197+197+197+197+197+197+197+933+933+933+933+933+933+989
1+1+1+1+1+933+989+989+989+989+989+989+989+989+989+989
1+1+1+197+933+933+933+933+933+933+933
1+1+1+1+1+1+1+1+1+1+1+1+1+1+1+1+1+1+1+1+1+1+1+1+1+1+1+1+1+1+1+1+1+1+1+1+1+1+197+197+197+197+933
1+1+1+1+1+1+1+1+1+1+1+1+1+1+1+1+1+1+1+1+1+1+197+933+989+989+989
1+1+1+1+1+1+1+1+197+197+197+197+989
1+1+1+1+1+1+1+1+1+1+197+933+933+933+933+989
1+1+1+1+1+1+989+989+989+989+989+989+989+989+989+989+989
1+1+1+197+197+197+933+933+989+989
1+1+1+1+1+1+1+1+1+1+1+1+1+1+1+1+1+1+1+1+1+1+1+1+1+1+1+1+1+1+1+1+1+1+1+1+1+1+1+1+1+1+1+1+1+1+1+1+1+197+197+197+933+933+933
1+197+197+197+197+197+197+197+197+197+933+933+989+989
1+1+1+1+1+1+1+1+1+1+1+1+1+1+1+1+1+1+1+1+1+1+197+197+197+197+933+933+989
1+989+989+989+989+989+989+989+989+989+989
1+197+197+197+197+197+197+197+197+989+989+989+989+989+989+989+989+989
1+1+1+1+1+1+1+933+933+933+933+933+933+933+989+989+989
1+1+1+197+197+197+197+197+197+197+197+197+197+197+197+197+933+933+933+933+933+933+989
1+1+1+1+1+1+1+1+1+1+1+1+1+1+1+1+1+1+197+933+933+933+989
1+1+1+1+1+1+1+197+933+989+989+989+989+989+989+989
1+1+1+197+197+197+197+197+197+197+197+197+197+197+197+197+197+197+197+197+197+933+989
1+1+1+1+1+1+1+1+1+1+1+1+933+933+933+933+933+933+933+933+933+989
1+1+1+1+1+1+1+1+1+1+197+933+989+989+989+989+989+989+989+989
1+1+1+197+197+197+197+197+197+197+197+197+197+197+197+197+933+933+933+933+933+989
1+1+1+1+1+1+1+1+1+1+1+1+1+1+1+1+1+1+1+1+1+1+1+1+1+1+1+1+1+1+1+1+197+197+197+933+933+933+989
1+1+1+1+1+1+1+1+1+1+1+1+197+933+933+933+933+933+933+933+933
1+1+1+1+1+1+1+1+1+1+1+1+197+197+197+933+989
1+1+1+1+1+1+1+1+933+933+989+989+989+989+989+989+989+989
197+197+197+197+197+197+197+197+197+197+197+197+197+197+197+197+197+933+933+933+933
1+1+1+1+1+1+1+1+1+1+1+1+1+1+1+1+1+1+1+1+1+1+1+1+1+1+1+1+1+1+1+1+1+1+197+197+197+933
1+1+1+197+197+197+197+197+197+197+933+933+933+989+989+989+989+989+989
1+1+1+1+1+1+1+1+1+1+1+1+1+1+1+1+1+1+1+1+1+1+1+1+1+1+1+1+1+197+197+197+197+933+933+933+989+989
1+1+1+1+1+197+197+933
1+1+1+197+933+989+989+989+989
1+1+197+197+197+197+197+197+197+197+197+197+197+197+197+197+197+197+197+197
1+1+1+1+1+1+1+1+197+989+989+989+989+989+989+989+989
1+1+1+1+1+1+1+1+1+1+1+933+933+933+989+989+989+989
1+1+1+1+1+1+1+1+1+1+1+1+1+1+1+1+1+1+1+1+1+1+1+1+1+1+1+1+1+1+1+1+1+1+1+1+1+1+1+1+1+1+1+1+1+1+1+1+1+1+1+197+933+933
1+197+197+197+197+197+197+197+197+197+197+197+197+197+933+933+933+933+989+989+989
1+1+1+1+1+1+1+1+1+1+1+1+1+1+1+1+1+1+1+1+1+1+1+1+1+1+1+1+1+1+1+1+1+1+1+1+1+1+1+1+197+933+933+933
1+1+1+1+1+1+989+989+989+989+989+989+989
1+1+1+1+1+1+1+1+1+1+1+1+1+1+1+1+1+1+1+1+1+197+197+989
1+1+1+1+197+197+197+197+933+989+989
197+197+197+197+197+197+933+933+933+933+933+989