398+398+517+517+517+517+517+517+517+517+517+517+517+517+517+517+517+517+517+889
1+1+1+1+1+1+1+1+1+1+1+1+1+1+1+1+1+1+1+1+1+517+517+517
1+1+1+517+517+517+517+517+889
1+1+1+1+1+1+1+398+517+517+889+889+889+889+889+889
1+1+1+1+1+1+1+1+1+398+398+398+398+398+398+398+517+517+517+889+889
1+1+1+1+1+1+1+398+398+517+517+517+517+517+517+889+889
1+1+1+1+1+1+1+398+517+517+517+517+517+517+889+889+889+889+889+889+889
1+1+1+398+398+398+398+517+517+517+517+517+517+517+517+517+517+517+517+517+517+517+517+517+517
1+1+1+1+1+1+1+1+1+1+1+1+1+1+1+1+1+1+1+1+1+1+1+1+1+1+1+1+1+1+1+1+1+398+398+398+517+517+517
398+398+517+517+517+517+517+517+517+517+889+889
398+398+398+398+398+398+398+517+517+517+517+517+517+517+517+517+889
1+1+517+517+517+517+517+517+517+517+517+517+517+517+517+517+517+889
1+1+1+1+1+1+1+1+398+517+517+517+517+517+517+517+517+889+889+889+889+889+889+889
1+1+1+1+1+1+1+1+1+1+1+1+1+1+1+1+1+398+517+517+517+889+889+889+889
1+1+1+1+1+1+1+1+1+398+398+517+517+517+517+517+889+889+889+889+889+889+889
1+1+1+1+1+1+1+1+1+1+398+889+889+889+889+889
1+1+1+1+889+889+889+889+889+889+889+889+889+889
1+1+398+398+398+398+517+517+517+517+517+517+517+517+517+517+889+889+889+889
1+1+1+1+1+1+1+1+398+398+398+398+398+398+398+517+517+517+517+517+517+517
1+1+1+1+1+1+1+1+1+1+1+1+1+1+398+398+398+398+398+517+517+517+517+517
1+1+1+398+398+398+398+517+517+517+517+517+517+517+517+517+517+517+889+889+889
1+1+1+1+1+1+1+1+1+1+1+1+1+1+1+1+1+1+1+1+1+1+1+1+398+398+398+398+517+517+517
1+1+1+1+1+1+398+398+398+517+517+889+889+889
1+1+1+398+517+517+517+889+889+889+889+889+889+889+889+889
1+1+1+398+398+398+517+517+517+517+517+517+517+517+517+889+889+889+889
1+1+1+398+398+398+398+398+398+517+889+889+889
1+1+1+1+1+1+398+398+889+889+889+889+889+889
1+1+1+398+517+517+517+517+517+517+517+517+517+517+517+517+889+889+889
1+1+398+517+517+517+517+517+517+517+517+517+517+517+889+889+889+889
1+1+398+517+517+517+517+517+517+517
398+398+398+398+517+517+517+517+517+517+889
1+1+517+517+517+517+517+889
1+1+1+398+398+398+398+398+517+517+517+517+517+517+517+889+889
1+1+1+1+398+517+517+889+889+889+889+889
398+398+398+517+517+517+517+517+517+517+889+889+889+889+889
1+1+1+1+1+1+1+1+1+398+398+398+398+398+398+517+517+517+517+889+889
1+1+1+1+1+1+1+1+1+1+1+1+1+1+1+1+1+1+1+1+1+1+1+1+1+1+1+1+1+1+1+1+1+1+1+1+1+1+1+1+1+1+1+1+1+1+1+1+1+1+1+1+1+1+1+1+1+1+1+1+1+1+1+1+1+1+1+1+1+1+1+1+1+1+1+1+1+1+1+1+1+1+1+1+1+1+1+1+1+1+1+1+1+1+1+1+1+1+1+1+1+1+1+1+1+1+1+1+1+1+1+1+1+1+1+1+1+1+1+1+1+1+1+1+1+1+1+1+517+517
1+1+1+1+398+398+517+517+889+889+889+889+889
1+1+1+1+398+517+517+517+517+889+889+889+889+889+889
517+517+517+517+517+517+517+517+517+517+517+517+517+517+889
1+1+1+1+1+1+1+1+1+1+1+1+1+1+1+1+1+1+1+1+1+1+1+1+1+1+398+398+398+398+398+398
1+1+1+398+398+517+517
1+1+1+1+1+1+1+1+1+1+398+398+517+517+517+517
1+1+1+1+1+398+398+517+517+889+889+889+889
517+517+517+517+889+889
1+1+1+1+1+1+1+1+1+1+1+1+1+1+1+1+1+1+1+1+1+1+1+1+1+517+517+517+889+889
1+1+1+1+1+1+1+1+1+1+1+1+1+1+1+1+1+1+1+1+1+1+1+1+1+1+398+398+398+398
1+1+1+1+1+1+1+1+1+1+1+1+398+398+398+398+398+398+398+517
1+1+1+1+1+1+1+1+1+1+1+1+1+1+1+1+1+1+1+398+398+398+398+517+517+517+889
1+1+1+1+398+398+398+889+889+889+889+889+889+889+889
1+1+1+1+1+398+398+398+889
1+1+398+398+398+398+398+398+517+517+517+517+517+517+517+889+889
1+1+1+1+1+1+1+1+1+1+1+1+1+1+1+1+1+1+1+1+1+1+1+1+1+1+1+1+1+1+1+1+1+1+1+1+1+1+1+1+1+1+1+1+1+1+1+1+1+1+1+1+1+1+1+1+1+398+398+517+517
1+1+1+1+1+1+1+398+398+398+398+398+398+889+889+889+889+889
1+1+1+1+1+1+1+398+398+398+398+398+398+517+517+517+517+889+889+889+889+889
1+1+1+1+517+517+517+517+517+517+889+889+889+889
1+1+517+517+517+517+517+517+517+517+517+889+889+889+889+889+889+889
1+1+1+1+1+1+1+1+1+1+1+1+1+1+1+517+517+517+889
1+1+1+1+1+1+1+1+398+398+517+517+517+889+889
1+398+398+398+398+517+517+517+889+889+889+889+889
1+1+1+1+1+1+1+1+1+1+398+398+517+889
1+1+1+1+1+1+1+1+1+1+1+1+1+517+517+517+517+889+889
398+398+517+517+517+517+517+517+517+517+517+517+517+517+517+517
1+1+398+398+398+398+517+517+517+517+517+517+889+889+889+889
1+398+398+398+398+398+398+517+517+517+517+517+517+517+517+517+517+889+889
1+1+1+1+1+1+1+1+1+1+1+1+1+1+398+398+398+398+398+398+398+517+517+517+889
1+1+1+1+1+1+1+1+1+1+1+1+1+1+1+1+1+1+1+1+1+1+1+1+398+517+517+889+889+889
1+1+1+1+1+1+1+1+1+1+1+1+1+1+1+1+1+1+1+1+1+1+1+1+1+1+1+1+1+398+398+398+398+398
1+1+1+1+1+1+1+1+1+517+517+517+517+889
517+517+517+517+517+517+517+517+517+889+889+889
1+1+398+517+517+517+517+517+517+517+517+517+517+889+889+889+889+889
1+1+1+1+1+1+398+517+517+517+517+517+517+517+889+889+889+889+889+889+889
1+1+398+398+398+517+517+517+517+517+889
1+1+1+1+1+1+1+1+1+1+1+1+1+1+1+1+1+1+1+1+1+1+1+1+1+1+1+1+1+1+1+1+1+1+1+398+398+398
1+1+1+398+398+398+517+517+517+889+889+889+889
1+1+1+1+1+1+1+1+1+1+1+1+1+1+1+1+1+398+398+398+398+398+517+517
1+398+517+517+517+517+517+517+517+517+517+517+517+517+517+517+517+517
1+1+1+1+1+1+1+398+398+398+398+398+398+889+889+889+889+889
1+1+1+1+1+398+517+889+889+889+889+889+889+889
1+1+1+1+517+889+889+889+889+889+889
398+398+398+517+517+517+517+517+517+517+517+517+517+517+517+889
1+398+398+398+398+398+517+517+517+517+517+517+889+889+889
1+1+398+517+517+517+889+889+889+889+889+889+889+889+889+889
1+1+1+398+398+398+398+398+398+398+517+517+517+517
398+398+398+398+398+517+517+517+517+517+517+889+889+889+889+889+889
1+1+1+1+1+398+398+398+517+517+517+517+517+517+889+889+889
1+1+1+1+1+1+1+1+1+1+1+1+1+1+398+398+398+398+398+517+517
1+1+1+1+1+1+1+1+1+398+398+398+398+517+517+889+889
1+1+1+398+517+517+517+517+889+889+889+889+889+889+889+889+889
1+1+1+1+1+1+1+1+1+398+398+517+517+517+517+517+517+889+889
398+398+398+517+517+517+889+889+889+889+889+889+889+889+889
1+1+1+1+1+1+1+1+398+398+517+517+517+889+889+889
1+1+1+1+1+1+1+1+1+1+1+1+1+1+1+1+1+1+1+1+1+1+1+1+1+398+398+398+398+517+517+517
1+517+517+517+517+889+889+889+889+889+889+889+889+889+889
1+1+1+1+1+1+1+1+1+1+398+398+398+398+517+517+517+517
1+1+1+398+398+398+398+517+517+517+517+517+517+517+517+517+517+517+517+889+889
1+1+1+1+1+1+1+1+1+1+1+1+398+889+889
1+1+1+1+398+398+398+398+517+517+889+889+889
1+1+1+1+1+1+1+1+1+1+398+398+398+398+398+398+398+517+517+517+889+889
1+1+1+1+1+1+1+1+1+1+1+1+1+1+1+1+398+398+398+398+398+398+398+517+517+889
1+1+1+1+1+398+517+517+889+889+889+889+889+889+889+889+889+889
1+1+1+1+398+398+398+517+517+517+889+889+889+889+889
1+1+1+1+1+1+1+1+1+1+517+517+517+517+517+517+517+517+889+889+889+889
1+1+1+1+1+1+398+398+398+398+398+398+517+517+517+517+889
1+1+1+1+398+398+889+889+889+889+889+889+889+889+889
1+1+1+1+398+398+398+398+398+517+889+889+889+889+889+889+889
1+1+1+1+1+1+1+1+1+1+1+1+1+1+1+1+1+1+1+1+1+1+1+1+1+1+1+1+1+1+1+1+1+1+1+1+1+1+1+1+1+1+1+1+1+1+1+1+1+1+1+1+1+1+1+1+1+398+398+517
1+1+1+1+1+1+1+1+517+517+517+517+517+889
1+1+1+1+1+398+517+517+889+889+889+889+889+889+889+889
517+517+517+517+889+889
1+1+1+1+1+1+1+517+517+889+889+889+889+889+889+889
1+1+1+1+1+1+1+1+1+1+1+1+1+1+1+1+1+1+1+1+1+1+1+1+1+1+1+1+1+398+398+398+398+517+517+517
1+1+1+398+398+398+398+398+517+517+889+889
1+1+1+1+1+1+1+1+1+1+1+1+1+1+398+398+398+398+398+517+517
398+517+517+517+517+517+517+517+517+517+889
1+398+398+398+517+517
398+398+398+398+398+517+517+517+517+517+889+889
1+1+1+1+1+1+1+1+1+1+398+517+517+517+517+517+517+889+889
1+1+1+1+1+1+1+1+398+398+398+398+517+517+889+889
1+1+1+1+1+1+1+1+1+398+517+517+517+517+517+517+517+889
1+1+1+1+1+1+1+1+1+1+1+1+1+1+1+1+1+1+1+1+1+1+1+1+1+1+1+1+1+398+398+398+398+398+517+517
1+1+1+398+398+398+517+517+517+517+517+517+517+517+517+517+889
1+1+1+1+1+398+398+398+398+398+398+398+517+517+517+889+889
398+398+398+398+398+398+398+517+889+889+889+889+889+889+889+889
1+1+1+1+1+1+1+398+517+517+517+889
1+1+1+1+1+1+1+1+1+1+1+1+1+1+1+1+1+1+1+1+1+1+1+1+1+1+1+1+1+1+1+1+1+1+1+1+1+1+1+1+1+1+1+1+1+1+1+1+1+1+1+1+398+398+517+517
1+1+1+1+1+1+1+1+1+1+1+398+517+517+517+517+517+517+517+517+889
1+1+1+1+1+398+517+517+889+889+889+889+889+889+889+889+889
1+1+1+398+398+398+398+517+517+517+517+517+517+517+889
398+398+398+398+398+398+398+517+517+517+517+517+517+517+517+517+889+889+889+889
1+1+1+1+398+398+889+889+889+889
1+1+1+1+1+1+1+1+1+398+398+398+517+517+517+517+889
1+1+1+1+1+1+1+1+1+1+1+1+1+1+1+1+1+1+398+517+517+517+889+889+889
1+1+1+1+517+517+517+517+889+889+889+889+889+889
1+1+398+398+398+398+517+889+889+889+889+889+889
1+1+1+1+1+398+398+398+517+517+517+517+889+889
1+1+1+1+1+517+889+889+889
1+398+398+398+517+517+517+517+517+889+889+889+889+889
1+1+1+1+1+1+1+1+1+398+398+398+398+398+517+517+517+889
1+1+1+1+1+1+1+1+1+1+1+1+1+1+1+1+1+1+1+1+1+1+1+1+1+1+1+1+1+1+1+1+1+1+398+398+398+398+398+517
1+398+398+398+398+398+398+517+517+517+517+517+517+889+889+889
1+1+1+1+1+1+398+517+517+517+889+889+889+889+889+889
1+1+398+517+517+889+889+889+889+889+889+889+889
1+398+398+398+398+398+517+517+517+517+517+517+517+517+517+517+517+517+889
1+1+1+1+1+398+398+517+517+517+517+517+517+517+889+889+889+889+889
1+1+1+1+1+398+398+517+517+517+517
398+398+398+398+398+517+517+517+517+517+517+517+517+517+517+517+517+889
398+517+517+517+517+517+517+517+517+517+517+889+889+889
1+517+517+517+517+517+517+517+517+517+889+889+889+889+889
1+1+1+1+1+1+1+1+1+1+1+1+1+1+1+1+1+1+398+398+517+517+517
1+1+1+1+1+1+1+889+889+889+889
1+1+1+1+398+398+398+517+889+889+889+889+889+889+889+889+889
1+1+1+1+1+1+1+1+1+1+1+1+1+1+1+1+1+1+1+1+398+517+517
1+1+1+1+1+1+1+1+1+398+398+517+517+889+889+889+889+889+889
1+1+1+1+1+1+1+1+1+1+398+517+517+517+517+889+889+889+889+889
517+517+517+889+889+889+889
1+1+1+1+1+1+1+1+1+1+1+1+1+1+1+1+1+1+1+1+1+1+1+1+1+1+1+1+1+1+1+1+1+1+1+1+1+1+1+1+1+1+1+398+398+398+398+398+398+517
398+517+517+517+517+517+517+517+517+517+517+517+517+889+889+889+889
517+889+889+889
1+1+1+1+1+1+398+398+398+398+517+517+517+889+889
1+1+1+1+1+1+1+398+517+517+517+517+517+517+889+889+889+889+889
1+398+398+517+517+517+889+889
1+398+517+517+517+517+517+517+517+517+517+517+517+517+517+517+517+517+889+889
398+398+398+398+398+398+398+517+517+889+889+889+889
1+1+1+1+1+1+398+398+398+398+517+517+517+517+517+517+889+889+889+889+889+889
1+1+1+1+1+1+1+1+1+1+398+398+398+398+398+398+398+517+517+517+517+889+889+889
1+1+1+1+1+1+1+1+1+1+398+398+398+517+889
1+1+1+1+1+1+1+398+398+517+517+517+889+889+889+889+889
1+1+1+1+1+1+398+398+398+398+398+398+517+517+517+517
1+1+398+398+398+398+517+517+517+517+517+517+517+517+517+517+889+889+889
1+1+1+1+398+398+398+398+517+517+517+889+889+889+889
1+1+1+889+889+889+889+889+889+889
1+1+1+1+398+889+889+889+889+889+889+889
1+1+1+398+398+398+398+889+889+889+889+889+889
1+1+517+517+517+517+517+517+517+517+517+517+517+517+517+517+517+517+517+517+517
1+1+1+398+398+398+398+517+517+889+889+889+889
398+398+398+398+517+517+517+517+889+889+889+889+889+889
1+1+1+1+1+1+1+1+1+1+1+1+1+1+398+398+398+398+398+398+517+517+517+517+517+889
1+1+1+1+1+1+1+1+1+1+1+398+398+398+398+517+517+517+889
1+398+398+398+517+517+517+517+517+517+517+517+889+889
1+1+1+1+1+1+1+1+1+398+398+398+398+398+517+889
1+1+1+1+1+1+1+1+398+517+517+517+517+517+517+889+889+889+889
1+1+1+398+398+398+398+398+398+398+889+889+889+889
1+1+1+1+1+1+1+1+1+1+1+1+1+1+1+1+1+1+1+1+1+1+1+1+1+1+1+1+1+1+1+1+1+1+1+1+1+1+1+1+1+1+1+1+1+1+1+517+517
1+1+1+517+517+517+889+889+889+889+889+889+889+889+889
1+1+1+1+1+398+398+398+398+398+398+398+517+517+517+517+517+517+889
1+398+398+398+398+889+889+889+889+889+889+889
1+1+1+398+517+517+517+889+889+889+889+889+889+889+889+889
1+398+398+398+398+517+517+517+517+517+517+517+517+517+517+517+517+517+517+517+517+889
1+1+1+398+517+517+517+517+517+517+517+517+517
1+1+1+1+1+1+1+1+1+1+1+1+1+1+398+517+517+889+889
1+1+1+1+1+1+1+1+1+1+398+398+398+517+517+517+517+517
398+398+398+398+398+398+517+517+517+517+517+517+517+517+889+889+889+889
1+1+1+1+1+1+398+398+517+517+517+517+517+517+517+517+889+889+889+889
1+1+1+1+398+398+398+398+398+398+398+517+889+889+889+889+889
1+1+517+517+517+517+889+889
1+1+1+1+1+1+1+517+517+517+517+517+889+889
1+1+1+1+517+889+889+889+889+889+889+889+889+889+889
1+1+1+1+1+1+1+1+398+398+517+517
1+1+1+1+1+398+398+398+517+517+517+517+889+889+889+889+889+889+889+889
1+1+517+517+517+517+889+889+889+889+889
1+1+1+1+1+1+1+1+1+1+1+1+1+1+1+1+1+1+1+1+1+1+1+1+1+1+1+1+1+1+1+1+1+1+1+1+1+1+1+1+1+1+1+1+1+1+1+1+1+1+1+1+1+1+1+1+1+1+1+1+1+1+1+1+1+1+1+1+1+1+1+1+1+1+1+1+1+1+1+1+1+1+1+1+1+1+1+1+1+1+1+1+1+1+1+1+1+1+1+1+1+1+1+1+1+1+1+1+1+1+1+1+1+1+1+1+1+1+1+1+1+1+1+1+1+1+1+1+517+517
1+1+1+398+517+517+517+517+517+889+889+889+889+889
1+1+1+1+1+1+1+1+1+1+1+1+398+398+398+517+517+517+517+517
1+1+1+398+398+398+398+398+398+398+517+889
1+398+398+398+398+517+517+517+889+889+889+889+889+889+889
1+1+1+1+1+1+1+1+1+1+1+1+1+1+1+1+1+1+1+1+1+1+1+1+1+1+1+1+1+1+1+1+1+1+1+1+1+1+1+398+398+517+517+517
1+1+1+1+1+1+517+517+517+517+517+517+517+517+889+889+889+889+889+889
1+1+1+1+517+517+517+517+889+889+889+889+889+889+889+889+889+889
1+1+1+1+1+1+1+1+1+1+517+517+517+889+889+889+889
1+1+1+1+1+1+1+1+1+1+1+1+1+1+1+1+1+1+1+1+1+1+1+1+1+1+1+1+1+1+1+1+1+1+1+1+1+1+1+1+1+1+1+1+1+1+1+1+1+1+1+1+1+1+1+1+1+1+1+1+1+1+1+1+1+1+1+1+1+1+1+1+1+1+1+1+1+1+1+1+1+1+1+1+1+1+1+1+1+1+1+1+1+1+1+1+1+1+1+1+1+1+1+1+1+1+1+1+1+1+1+1+1+1+517+517
517+517+517+889+889+889+889+889+889+889+889
1+1+1+398+398+398+398+398+398+398+517+517+517+517+517+889+889+889+889+889
1+1+1+517+517+517+517+517+517+517+517+517+517+517+517+517+517+889
1+1+1+1+1+1+1+1+1+1+1+1+1+1+1+1+1+1+1+1+1+1+1+1+1+1+1+1+1+1+1+1+1+1+1+1+1+1+1+1+1+1+1+1+1+1+1+1+1+398+398+398+398+398+398
1+1+398+398+398+398+398+398+517+517+889+889+889
398+398+398+398+398+398+398+517+889+889+889+889+889+889
1+1+1+1+398+398+398+398+517+517+517+517+889+889+889+889+889
1+1+1+1+1+1+1+1+1+1+1+1+1+1+1+1+1+1+1+1+1+1+1+1+1+1+1+1+398+517+517
1+1+1+1+1+1+1+1+1+1+1+1+1+1+1+1+1+1+1+1+1+1+398+398+398+398+517+517+517+889
1+1+1+1+1+1+517+517+517+889+889+889+889+889+889+889+889+889
517+517+517+517+517+517+517
1+1+1+1+1+1+1+1+1+1+1+1+1+1+1+1+1+1+1+1+1+1+1+398+398+398+398+517+889
1+1+398+398+398+398+398+398+398+517+517+517+517+517+517+517+517+517+517+517+889+889
1+1+1+1+1+1+1+1+1+1+517+517+517+517+517+889
1+398+398+398+398+398+889+889+889+889+889+889+889+889+889
1+1+1+1+1+398+398+517+517+517+517+517+517+517+889+889+889+889
1+1+1+1+1+1+1+1+1+1+1+1+1+1+1+1+1+1+1+1+1+398+398+398+398+517+517
1+1+1+1+1+1+1+1+1+398+398+398+398+517
1+1+1+1+1+1+1+1+1+1+398+398+398+517+517+517+517+517+517+517+889+889+889+889
398+398+398+398+398+398+398+517+889+889
1+398+398+398+398+398+398+398+517+517+517+517+517+889+889+889+889+889+889
1+1+1+1+398+398+517+517+889+889+889+889+889
1+1+1+1+398+398+517+517+517+517+517+517+889+889+889+889
1+1+1+1+1+1+1+1+1+398+398+398+517+517+517+517+517+517+889+889+889+889+889
1+1+1+1+1+398+398+398+398+398+517
398+398+517+517+517+517+889
1+1+1+1+398+398+398+517+517+517+889+889+889+889+889+889+889+889
1+1+1+1+1+1+1+398+398+517+889+889+889+889+889
1+1+1+1+1+1+1+1+1+1+1+1+1+1+1+1+1+1+1+1+1+1+1+1+1+1+1+1+1+1+1+1+1+1+1+1+1+1+1+1+1+1+1+1+1+1+1+1+1+1+1+1+1+1+1+1+1+1+1+1+1+1+1+1+1+1+1+1+1+1+1+1+1+1+1+1+1+1+1+1+1+1+1+1+1+1+1+1+1+1+1+1+1+1+1+1+1+1+1+1+1+1+1+1+1+1+1+1+1+1+1+1+1+1+517+517
1+398+398+398+398+398+517+517+517+517+517+517+889+889+889+889+889
398+517+517+517+517+889+889+889+889
1+1+1+1+1+1+1+517+517+517+517+517+517+517+517+889+889+889+889+889
1+1+1+1+1+398+398+398+398+398+517+517+889
1+1+1+1+398+398+398+398+398+517+889+889+889+889+889+889
1+1+1+1+1+398+398+398+398+398+517+517+517+517+889
1+1+1+1+1+1+1+1+1+1+1+1+1+1+1+1+1+1+1+1+1+1+1+1+1+1+1+1+1+1+1+1+1+1+1+398+398+398+517+517+517
1+1+1+1+1+1+1+1+1+398+398+398+398+398+398
1+1+1+1+1+1+1+1+1+1+398+398+398
1+1+1+1+1+1+1+1+1+1+398+398+398+398+398+398+517+517+517+889+889+889+889
1+1+1+1+1+1+1+1+1+1+1+1+1+1+1+1+517+517+517+889
1+398+398+398+517+517+517+889+889+889+889
1+1+517+517+517+517+517+517+517+517+517+517+517+517+517+517+517+517+517+517+517
1+1+1+1+1+1+1+398+398+517+517+517+517+517+889+889+889+889+889+889+889
1+1+1+1+1+1+1+1+517+517+889+889
1+1+1+398+398+889+889+889
1+1+1+1+1+1+1+1+1+398+398+398+398+398+517+517+517+517+517+517
1+1+1+1+1+1+1+1+1+1+1+1+1+1+517+517+517+517+517+517+889+889+889
1+398+398+398+398+517+517+517+889+889
1+398+517+517+517+517+517+889+889+889+889+889+889+889+889+889
1+517+517+517+517+517+517+517+517+517+889+889+889+889+889+889
1+1+1+1+1+1+1+1+1+1+1+1+1+1+1+1+1+1+1+398+398+398+517+517+517+889
1+1+517+517+517
1+1+1+1+1+1+1+1+1+1+1+1+1+1+1+1+1+398+398+517+517+517
1+1+1+1+1+1+889+889+889
398+398+398+398+398+517+517+517+517+517+517+517+517+889+889
1+1+1+1+1+1+1+1+1+1+517+517+889+889+889
1+1+1+1+1+1+517+517+517+889+889
1+1+1+1+398+398+517+517+517+517+517+517+517+889+889+889+889+889+889
1+1+1+1+1+1+1+1+398+398+398+398+398+398+517+517+889+889+889+889+889+889
1+1+1+1+1+1+1+1+398+398+398+517+517+889+889+889+889+889+889+889
1+1+398+398+398+517+889+889+889+889+889+889+889
1+1+1+1+398+517+517+517+517+517+517+889
1+1+1+1+1+1+1+1+398+398+517+517+517+517+517+889+889+889+889
1+1+1+1+1+1+1+1+1+398+398+398+517+517+517+889+889+889+889+889
1+1+1+398+398+398+398+398+398+398+517+517+517+517+517+517+517+517+517+517+517+517+889
398+398+398+398+398+398+517+517+889
1+1+1+1+1+1+1+1+1+1+1+398+517+517+517+517+889+889
1+1+1+1+1+1+1+1+1+398+398+398+398+398+398+889+889+889+889+889
1+1+398+517+517+517+517+517+517+517+517+517+517+517+889+889
1+1+1+1+398+398+398+398+398+398+398+517+889+889
1+1+398+398+517+517+517+517+517+517+517+517+517+517+517+517+889
1+1+1+1+1+1+1+1+1+1+1+1+1+1+1+1+1+1+1+1+1+1+1+1+1+1+1+1+1+1+1+1+1+1+1+1+1+1+1+1+1+1+1+1+1+1+1+1+1+1+1+1+1+1+1+1+1+1+398+398+398+398+398+517
1+1+1+1+1+1+1+1+1+1+1+1+1+517+517+517+517+517+517
1+1+1+1+1+1+1+1+1+1+1+1+1+1+1+1+1+1+1+1+1+1+1+1+1+1+398+517+517+517
1+1+1+1+1+398+398+398+398+398+398+398+889+889+889+889+889+889+889+889+889
1+1+398+398+517+889
1+1+1+1+1+1+1+1+1+1+1+1+398+398+398+398+398+517+517+517+517+517+517+517
1+398+398+517+517+517+889
1+1+1+1+1+1+398+398+398+517+889+889+889+889+889+889+889
1+1+1+398+398+398+398+398+517+517+517+517+517+517+517+517+517+517+517
1+1+1+1+1+1+1+1+1+398+398+398+517+889+889+889+889+889+889+889
1+398+398+398+398+398+398+398+517+517+517+517+517+517+517+517+517+517+517+517+517+889
398+398+398+398+398+398+398+517+517+517+889+889+889+889
1+1+1+1+1+1+1+398+398+517+517+517+517+517+517+517+517+889+889
1+1+398+398+398+398+398+398+398+517+889+889+889+889+889
1+1+1+1+1+1+398+398+398+398+517+517+517+517+517+889+889+889+889+889
1+1+1+1+1+1+517+517+517+517+889+889+889+889+889+889+889+889+889
398+398+398+398+398+398+517+517+517+517+517+517+517+517+517
398+398+517+517+517+517+517+517+517+517+517+517+889+889+889
1+1+1+1+1+398+398+398+398+398+398+517+517+517+517+517+517+517+889+889+889
1+1+1+398+398+517+517+517+517+517+889+889+889+889+889
1+398+398+398+398+398+398+398+517
1+1+1+1+1+1+1+1+517+517+517+517+517+517+517+517+889+889+889
1+1+1+1+1+398+398+398+517+517+889+889+889+889+889+889
1+1+1+1+1+398+398+517+517+517+517+517+517+517
1+1+1+1+1+1+1+1+1+398+398+398+398+398+398+398+517+517+517
1+1+1+1+1+1+1+1+1+1+1+1+1+1+1+1+1+1+1+1+517+889+889+889
1+1+398+398+398+398+398+517+517+517+517+517+517+517+517+517+517+517+889+889+889
1+1+1+1+1+1+1+1+1+1+398+517+517+517+517+889
1+1+398+398+398+517+517+517+517+517+517+517+889+889+889
1+398+517+517+517+517+517+889+889+889+889+889+889+889
1+1+1+1+1+1+1+1+398+398+398+398+398+517+517+517+517+517+889+889
1+1+1+1+1+1+1+1+1+1+1+1+1+1+1+1+1+1+1+1+1+1+1+1+1+1+1+1+1+1+1+1+1+1+1+1+398+398+517
1+1+1+1+398+889+889+889+889+889+889+889+889+889
1+1+1+1+1+1+1+1+1+1+1+398+398+398+517+517+517+517+517+517
1+1+1+517+889+889+889+889+889+889+889+889
1+1+398+889+889+889+889+889+889
398+398+398+398+398+517+517+517+517+889+889+889+889+889+889
1+398+398+398+517+517+517+517+517+517+517+889+889
1+1+1+1+1+1+1+1+1+398+398+398+398+889+889+889+889+889+889
1+1+1+1+1+1+1+1+1+1+1+1+1+1+1+1+1+1+1+1+1+1+1+1+1+1+1+1+1+1+1+1+1+1+1+1+1+1+1+1+1+1+1+1+1+1+1+1+1+1+1+1+1+1+1+1+1+1+1+1+398+398+398
1+1+1+1+1+1+1+1+1+1+1+1+1+1+1+1+1+1+1+1+1+398+398+398+398+398+517+889
1+1+1+1+1+1+1+398+517+517+517+517+517+517+889+889+889+889+889+889
1+1+398+398+398+517+517+889+889
398+398+398+398+398+517
1+1+1+398+398+398+398+517+517+517+517+517+517+517+517+889+889+889+889
398+398+398+398+398+398+517+517+517+517+517+517+517+517+517+517+517+517+889+889
1+1+1+1+1+1+1+1+1+1+1+1+1+1+1+1+1+1+1+1+1+1+1+1+1+1+1+1+1+1+1+1+1+1+1+1+1+1+1+1+1+1+1+1+1+1+1+1+1+1+1+1+1+1+1+1+1+1+1+1+1+1+1+1+1+1+1+1+1+1+1+1+1+398+398+398+398
1+1+1+1+1+1+1+1+1+1+1+1+1+1+1+1+1+889+889+889+889
1+1+1+1+1+398+398+398+398+517+517+517+889+889+889+889
1+1+398+398+517+517+517+517+517+517+517+517+517+889+889+889+889+889+889
1+517+517+517+517+517+517+517+517+517+517+517+517+517+517+517+517+517+517+517+889
1+1+1+1+1+1+1+1+1+1+1+1+1+1+1+1+1+1+1+1+1+1+1+1+1+1+1+1+1+1+1+1+1+1+1+1+1+1+1+1+1+1+398+517+517
1+1+1+1+1+1+1+1+1+1+1+1+1+1+398+398+398+398+398+398+398+889
1+1+1+1+1+1+1+1+1+1+1+1+1+1+1+1+1+1+1+1+1+1+1+1+1+1+1+1+1+1+1+1+1+1+1+1+1+1+1+1+1+1+1+1+1+1+1+1+1+1+1+1+1+1+1+1+1+398+398+398+517+517
1+1+398+398+398+517+517+517
1+1+398+398+398+398+398+398+398
1+1+1+398+517+517+517+517+517+517+517+517+517+517+517+517+517+517+517
1+1+398+517+517+517+517+517+517+517
1+1+1+1+1+1+1+1+1+1+1+1+1+1+398+398+398+517+889
1+398+398+517+517+517+517+517+517+517+517+889+889+889+889+889
1+1+1+1+1+1+1+1+1+1+398+398+398+398+398+398+517+517+517+517+517+517+517+889+889+889
1+1+1+1+1+398+398+398+398+398+398+517+517+517+517+517+889+889+889+889+889+889
398+398+398+398+517+517+517+517+517+517+517+517+517+517+517+517+517+517+889
1+398+398+517+889+889+889+889
398+398+398+398+398+398+517+517+517+517+517+517+517+517+517+517+517+889
1+1+1+1+1+1+1+1+1+1+398+398+398+398+398+517+517+517+517+517+889+889+889+889+889+889
1+1+1+1+1+398+398+517+517+517+517+517+517+517+889+889+889+889+889
517+889+889+889+889+889+889+889+889+889+889+889
1+1+1+1+1+1+1+1+1+1+1+1+1+1+1+1+1+1+1+1+1+1+1+1+1+1+1+1+1+1+1+1+1+1+1+1+1+1+1+1+1+1+1+1+1+1+1+1+1+1+1+1+1+1+1+1+1+1+1+1+1+1+1+1+1+398+398+398+398
1+1+1+1+1+517+517+889+889+889+889+889+889+889+889
1+1+1+398+398+398+398+398+398+398+517+517+517+517+517+517+517+517+517+517+517+517+517+517+889
1+398+398+398+398+517+517+517+889
1+1+1+1+1+1+1+1+1+517+889+889+889+889
1+1+398+398+398+398+889+889+889+889+889+889+889
398+398+398+517+517+517+517+517+517+889+889+889+889+889+889
1+1+1+1+1+1+1+398+398+398+398+398+398+517+517+517+517+889+889+889+889+889+889
1+1+1+1+1+1+1+1+1+1+1+1+1+1+1+1+1+1+1+1+1+1+1+1+1+1+1+1+1+1+1+1+1+1+1+1+1+1+1+1+1+1+1+1+1+1+1+1+1+1+1+1+1+1+1+1+1+1+1+1+1+1+1+1+1+1+1+1+1+1+1+1+1+1+1+1+1+1+1+398+398+398
1+1+517+517+517+517+517+517+517+517+517+517+517+517+517+889+889
1+1+1+1+1+1+1+398+889+889+889
1+1+1+398+398+398+398+517+517+517+517+517+517+517+517+517+517+517+517+517+517+517+517+517+517
1+1+1+1+1+398+398+398+398+398+889+889+889+889+889+889+889+889+889
1+1+1+1+1+1+1+1+398+398+398+398+398+398+398
1+1+1+1+1+1+1+1+398+398+398+398+517+889+889+889+889
1+1+517+517+517+517+517+517+517+517+517+889+889+889+889
1+1+398+398+517+517+889+889+889+889+889+889+889+889+889+889
1+1+1+1+1+1+1+1+1+1+398+398+398+398+398+398+398+517+517+517+517+517+517+517+889+889
1+1+398+398+398+517+517+517+889+889+889+889
1+1+1+1+1+1+1+398+517+517+517+517+517+517+517+889+889+889+889+889
1+1+1+1+1+1+1+1+1+1+1+1+1+1+398+398+398+398+398+398+398+517+517
1+1+1+398+398+398+398+398+398+517+517+517+517+889+889+889+889+889+889
1+1+1+398+517+517+517+517+517+517+517+517+517+517+889+889
1+1+1+1+1+1+1+398+398+398+398+398+398+889+889+889+889+889+889+889
1+1+1+1+1+1+1+1+1+1+1+1+1+1+1+1+1+1+1+1+1+1+1+398+398+398+517+517+889
1+1+1+1+1+1+1+1+1+1+1+1+1+1+1+398+398+398+398+398+398+398
1+1+1+1+1+398+398+517+517+517+517+889
1+1+398+398+398+398+398+889+889+889+889
1+1+1+1+1+398+398+398+398+398+398+517+517+889+889+889+889+889
1+1+398+398+398+517+517+517+517+517+517+517+517+517+517+517+517+517+517+517+889+889
1+1+1+1+1+1+1+398+889+889+889+889+889+889
398+517+517+517+517+889
1+1+398+398+398+398+398+398+517+517+517+517+517+517+517+517+517+517+889
1+1+1+1+1+398+517+517+517+889+889+889+889+889+889+889+889
1+1+1+398+398+398+398+517+517+517+517+517+517+517+517+517+517+517+517+517+889
1+1+1+1+1+1+1+1+1+1+1+1+1+1+398+517+517+517+889+889+889
1+1+1+1+1+1+1+1+1+1+1+1+1+1+1+1+1+1+1+1+1+1+1+1+1+1+1+1+1+1+1+1+398+398+398+398+517+517
398+398+398+398+517+517+517+517+517+517+517+517+517+517+517
1+1+1+1+1+1+1+1+1+1+1+1+1+889+889
1+1+1+1+1+1+1+517+517+517+517+517+517+517+517+889
398+398+398+398+398+517+517+517+517+889+889+889
398+398+517+517+517+517+517+517+517+517+517+517+517+517+517+889+889+889
398+398+398+398+398+517+517+517+517+889+889+889+889+889
398+398+398+398+517+517+517+889+889+889+889+889+889+889+889
1+1+1+1+1+889+889+889+889+889+889+889+889+889+889+889
1+398+398+517+517+517+517+517+517+517+517+517+517+517+517+517+517+517
1+1+1+1+1+1+398+398+398+398+517+517+889+889+889+889+889
1+1+1+1+1+1+1+1+1+1+1+1+1+1+1+1+1+1+1+1+1+1+1+1+1+1+1+1+1+1+1+1+1+1+398+398+398+517+517
1+1+1+1+889+889+889+889+889+889
1+1+1+1+1+1+1+1+517+517+517+517+517+889+889+889
1+1+1+1+1+398+398+398+517+517+517+517+517+889+889+889+889+889
1+1+398+398+398+398+398+398+398+517+517+517+517+517+517+889+889+889+889
1+1+1+1+1+1+1+1+1+1+1+1+1+1+1+1+1+1+1+1+1+1+1+1+1+1+1+1+1+1+1+1+1+1+1+1+1+1+1+1+1+1+1+1+1+398+398+517+517
1+1+398+517+517+517+517+889+889+889+889+889+889
1+1+398+517+517+517+517+517+517+517+517+889+889+889+889
1+1+398+398+398+398+398+398+517+517+517+517+517+517+517+517+517+517+517+517
1+1+1+1+1+1+398+398+398+398+398+398+517+517+517+517+517
1+398+889+889+889+889+889+889+889+889+889+889
1+1+1+1+1+398+398+398+398+517+889+889+889+889+889+889+889+889
1+1+1+1+1+1+1+1+1+1+398+398+398+517+517+517+517+517+517+517
1+1+1+1+1+1+1+1+1+1+1+1+1+1+1+1+1+1+1+1+1+1+1+398+398+398+398+398+398+398+517+517+889
1+1+1+1+1+1+1+1+1+1+1+1+1+1+1+1+1+1+1+1+1+517+889+889
1+398+517+517+517+889+889+889+889+889+889+889+889+889+889
1+1+398+517+889+889+889+889+889+889+889
1+1+1+1+398+398+398+398+398+398+517+517+517+517+517+517+517+889
1+1+1+1+398+398+517+889+889+889+889+889+889+889
1+398+398+517+517+517+517+517+517+889+889+889+889+889
1+1+1+1+398+398+517+517+517+517+517+889+889
1+1+1+1+1+1+1+1+1+1+1+1+1+1+1+1+1+1+1+1+1+1+1+1+1+1+1+1+1+1+1+1+1+1+1+1+1+1+1+1+1+1+1+1+1+1+1+1+1+1+1+1+1+1+1+1+1+1+1+1+1+1+1+1+1+1+1+1+1+1+1+1+1+1+1+1+1+1+1+1+1+1+1+1+1+1+1+1+1+1+398+398+517
1+398+398+398+398+517+517+517+517
398+398+398+398+517+517+517+517+517+517+517+889+889+889+889+889
1+1+398+398+398+517+517+517+517+517+517+517+517+517+517+517+889+889+889
1+1+1+1+1+1+1+1+1+398+398+398+398+398+398
1+1+1+1+1+1+1+1+1+1+398+398+398+398+398+398+398+889+889
1+1+1+398+398+398+398+398+398+398+517+517+517+517+517+517+517+517+517+517+517+517+889
1+1+1+1+398+398+398+398+398+398+398+517+517+517+517+889+889+889
1+1+1+1+1+1+1+1+1+1+1+1+1+1+1+1+1+1+1+1+1+1+1+1+517+517+517+889+889
1+1+1+1+1+1+1+1+1+1+1+1+1+1+1+1+1+1+1+1+1+1+1+1+1+1+1+1+1+1+1+1+1+1+1+1+1+1+1+1+1+1+1+1+1+1+1+1+1+1+1+1+1+1+1+1+1+1+1+1+1+1+1+1+1+1+1+1+1+1+1+398+398+398+398
1+398+517+517+889+889+889+889+889+889+889+889
1+1+1+1+1+1+1+1+1+1+1+1+1+398+517+517+517+517+889+889
1+1+1+1+1+1+1+1+1+517+517+517+517+517+517+517+517+889
1+1+1+1+1+1+1+1+1+1+1+1+1+1+1+1+398+517+517+889
1+1+1+1+1+1+1+1+1+1+1+1+1+1+1+1+1+1+1+1+1+1+1+1+398+398+398+398+398+398+517+517+889
1+1+1+1+1+398+398+398+398+398+398+517+517+517+517+517+517+889+889+889
1+1+1+1+1+1+1+517+517+517+889+889
1+1+1+1+1+1+1+1+1+1+398+398+517+517+517+517+517+517+517+889+889+889+889+889
1+1+398+398+398+517+517+889+889+889+889+889
1+1+1+1+1+1+1+1+1+1+1+1+1+1+1+1+1+1+1+1+1+1+1+1+1+1+1+1+398+398+398+398+517
1+1+1+1+1+1+1+1+1+1+1+1+1+1+1+398+398+398+398+517+517+517
1+1+1+1+1+1+1+1+1+1+1+1+1+1+1+1+1+1+1+1+1+1+1+1+1+1+1+1+1+1+1+1+1+1+1+1+1+398+398+517+517+517
1+1+1+398+398+398+398+517+517+889+889+889+889+889+889
1+398+398+398+398+398+517+517+517+517+517+889+889+889+889+889+889
1+1+1+1+1+1+398+398+398+517+517+517+517+889+889+889+889+889
1+1+1+398+398+517+517+517+517+517+517+517+517+517+517+517+889+889
1+1+1+1+1+1+1+1+1+1+398+398+398+398+889+889+889+889+889
1+1+1+1+1+398+398+398+398+398+398+517+517+517+517+517+889+889+889+889+889+889
1+1+1+1+1+1+1+1+1+1+1+1+1+1+1+1+1+1+1+1+1+1+1+1+398+517+889+889+889
1+1+1+398+398+517+517+889+889+889+889+889+889+889
1+1+1+517+517+517+517+517+517+517+517+517+517+517+517+517+517+517+889
1+1+1+1+1+398+517+517+517+517+517+517+889+889
398+398+517+517+517+517+517+517+517+517+517+517+517+517+517+889
1+398+517+517+517+517+517+517+517+517+517+517+517+517+517+517+517+517+517+889
1+1+1+1+1+1+1+517+889+889+889+889+889
1+398+398+398+398+398+517+517+889+889+889
1+1+1+1+1+1+398+398+398+517+517+517+517+517+517+889+889+889
1+1+398+398+517+517+889+889+889
1+1+1+1+1+1+1+1+1+1+1+1+1+1+1+1+1+1+1+1+1+1+398+398+398+398+398+398+517
1+1+1+398+398+398+398+398+398+517+517+517+517+889+889+889+889+889+889+889
1+398+398+517+517+517+517+889
517+517+517+517+517+517+517+517+517+517+517
1+398+398+398+398+398+517+889+889+889+889+889+889+889
1+1+1+1+1+1+1+1+517+517+517+517+517+517+517+517+889+889+889+889+889+889
1+398+517+889+889+889+889+889+889+889+889+889+889
1+398+398+398+398+517+517+517+889+889+889+889
1+1+1+1+1+1+1+398+398+398+398+517+517+517+517+517+517+889+889+889
1+1+1+1+1+398+398+398+398+517+517+517+517+517+517+517+889+889
1+1+398+398+517+517+517+889
1+1+1+1+1+1+1+1+1+1+1+1+1+1+1+1+1+1+1+1+1+1+1+1+1+1+1+1+1+1+1+1+1+1+1+1+1+1+1+1+1+1+1+1+1+1+1+1+1+1+1+1+1+1+1+1+1+1+1+1+1+1+1+1+1+398+398+398+398+398
1+398+398+517+517+517+517+517+517+517+517+517+517+517+517+517+517+517+889+889
1+1+1+1+1+1+1+1+1+1+1+1+1+1+1+1+398+517+517+889
1+1+398+398+398+398+517+517+517+517+517+517+889
1+1+1+1+1+1+1+398+398+517+517+517+517+517+889
1+1+1+1+1+1+1+1+1+1+398+398+398+398+398+398+398+517+517+517+889+889
1+1+1+1+1+1+1+1+1+1+1+1+1+398+398+398+517
398+398+398+398+398+398+398+889
1+1+398+517+517+517+517+517+517+517+889+889+889+889+889
1+398+398+398+398+517+517+889+889
398+517+517+517+517+517+517+517+517+517+517+517+517+517+517+517
1+398+398+398+517+517+517+517+517+517+517+517+889+889+889
1+398+398+398+398+398+517+517+517+517+517
1+1+1+1+1+1+1+1+1+1+1+1+1+1+1+1+1+1+1+1+1+1+1+1+398+517+889+889+889
1+398+398+517+517+517+517+517+517+517
1+1+1+517+517+517+517+517+517+517+517+517+517+889
1+1+1+1+398+398+398+889+889+889+889+889+889+889
1+1+1+1+1+1+398+517+517+517+517+517+517+889+889+889+889+889+889+889
398+398+398+398+517+517+517+517+517+889+889+889+889+889+889
1+1+1+1+398+398+398+398+398+398+398+517+517+889+889+889+889+889+889+889+889
1+1+1+1+1+1+1+1+1+1+398+398+398+398+398+398+398+517+517
1+1+1+1+517+517+517+517+517+517+517
1+1+1+1+1+1+1+1+1+1+1+1+1+1+1+1+1+1+1+1+1+1+1+1+1+1+1+1+1+1+1+1+398+517+517+517
1+1+1+1+1+1+1+1+398+398+398+517+517
1+1+1+1+1+1+1+1+1+1+1+1+1+517+517+517+517+517+517+517+517
398+398+398+398+398+398+398+517+517+517+517+517+517+517+517+517+517+517+517
1+1+1+1+1+1+1+1+1+398+398+398+398+398+398+517+517+517+889+889+889
398+517+517+517+517+517+517+517+517+517+517+517+517+889
1+1+1+1+1+1+1+1+1+1+398+398+398+398+398+517+517+517+517+517+889+889+889+889
1+1+1+1+398+398+398+517+517+517+889
1+1+1+1+1+1+1+1+1+1+1+1+1+398+517+517+517+517+517+517+889+889
398+398+398+517+889+889+889+889+889+889+889+889
398+398+517+517+517+517+517+517+517+517+517+517+517+517+517+517+517+517+889
1+1+1+398+517+517+517+517+517+517+517+889+889+889+889
1+1+1+1+1+1+1+1+1+1+1+1+1+1+1+1+1+1+1+1+1+1+1+1+1+1+1+1+1+1+1+1+1+1+1+1+1+1+1+1+1+1+1+1+1+1+1+1+1+1+1+1+1+398+398+398+398
398+398+398+889+889+889
1+1+1+1+1+1+1+1+1+1+1+1+1+1+1+1+1+1+1+1+1+1+1+1+889+889+889+889
1+1+1+1+1+1+1+1+1+398+398+398+398+398+398+398+517+517+517+889
1+1+1+1+1+1+1+1+1+1+1+1+1+1+1+1+1+1+1+1+1+1+1+1+1+1+1+1+398+398+517+517
1+1+1+1+398+398+517+889+889+889+889
1+1+1+1+1+1+1+1+1+1+1+1+398+398+398+398+398+398+398+517
398+517+517+889+889
1+1+1+1+1+1+1+1+1+1+1+1+1+1+1+1+1+1+1+1+1+1+1+1+1+1+1+1+1+1+1+1+1+1+1+1+1+1+1+1+1+1+1+1+1+1+1+1+1+1+1+1+1+1+1+1+1+1+1+1+1+1+1+1+1+1+1+1+1+1+1+1+1+1+1+1+1+1+1+1+1+1+1+1+1+1+1+1+1+1+1+1+1+1+1+1+1+1+1+1+1+1+1+1+1+1+1+1+1+1+1+1+1+1+1+1+1+398+517
1+517+517+517+517+889+889+889+889+889+889+889+889+889
1+1+1+1+1+1+1+1+1+398+398+398+398+889+889
1+1+1+1+1+1+1+1+1+1+1+1+1+1+1+1+398+398+398+398+398+517+517+889
1+1+1+1+398+398+398+398+398+517+517
1+1+1+1+1+1+1+1+1+1+1+398+398+398+398+398+517+517+517+517+517+517+517+889
1+1+1+1+1+889+889+889+889+889+889+889+889
1+517+517+889+889+889+889+889
1+1+1+1+1+1+1+1+1+1+1+398+398+398+398+398+398+398
1+1+1+1+1+1+398+517+889+889+889+889+889+889+889
398+398+398+398+517+517+889+889+889+889+889+889+889
1+1+1+1+1+1+1+1+517+517+517
1+1+398+398+517+517+517+517+517+517+889+889+889+889+889
1+1+1+1+1+1+398+517+517+517+517+517+517+517+517+889+889+889
1+1+1+1+1+1+1+1+1+1+1+517+517+517+517+517+517+889
1+1+1+1+1+1+1+1+1+398+398+398+398+398+398+398+517+517+517+517+517+517+889+889+889+889
1+1+1+398+517+517+517+517+517+517+517+517
1+1+1+1+1+1+1+1+1+398+398+517+517+517+517+889+889
1+1+1+398+398+398+398+398+398+398+517+517+517+889+889+889+889
1+1+1+398+398+398+398+398+398+398+517+517+517+889+889+889+889
398+398+398+398+517+889+889+889+889+889+889+889+889+889
398+517+517+517+517+517+517+517+517+517+517+889+889+889+889+889+889
1+1+1+1+1+398+398+517+517+517+517+517+889+889+889+889
1+1+1+1+1+1+398+398+398+398+517+889+889+889
1+1+1+398+398+517+517+517+517+517+517+517+889+889+889+889+889+889+889
1+398+398+398+517+517+517+517+889+889+889+889
1+1+398+398+398+398+517+517+517+517+517+517+889+889+889
1+1+1+398+398+889+889+889+889+889+889+889+889
1+1+1+1+1+1+1+1+1+1+1+1+1+1+1+1+1+1+1+517+517+517+889+889
1+1+1+1+398+398+398+398+398+398+517+517+517+517+889
1+1+1+1+1+1+1+1+1+1+1+1+1+1+1+1+1+1+1+1+1+1+1+1+1+1+1+1+1+1+1+1+1+1+1+1+1+1+1+1+1+1+398+398+398+398+398+398
1+1+1+1+1+1+1+1+1+1+1+1+1+1+1+1+1+1+398+398+398+398+517+889
1+1+517+517+517+517+517+889+889+889+889+889+889+889
1+1+1+398+398+398+398+517+517+517+517+517+517+517+889
1+1+1+398+398+398+398+398+517+517+517+517+517+517+889+889+889
1+398+398+398+517+517+517+517+517+517+517+517+517+517+517+517+889+889+889+889
1+1+1+1+1+1+1+1+1+398+398+889+889+889+889+889+889+889
1+1+1+1+1+1+1+1+889+889+889+889+889+889+889
1+1+398+517+517+517+517+517+517+517+517+889+889+889+889
1+1+1+1+1+1+1+1+1+1+1+1+1+1+1+1+1+1+1+1+1+1+1+1+1+1+1+1+1+1+1+1+1+1+1+1+1+1+1+1+1+1+1+1+1+1+1+1+1+1+1+1+1+1+1+1+1+1+1+1+1+1+1+1+1+1+1+1+1+1+1+1+398+517+517
1+1+1+1+398+398+398+398+398+398+398+517+517+517+517+889+889+889
1+1+1+398+517+517+517+889+889+889+889+889
1+1+398+398+398+398+398+517+517+517+517+517+517+517+517+889+889+889+889+889
398+398+398+398+398+398+398+517+889+889+889+889+889+889+889+889
1+1+1+1+1+1+1+1+1+1+1+1+1+1+1+1+1+1+1+1+1+1+1+1+1+1+1+1+1+1+1+1+1+1+1+1+398+398+517+517
1+1+1+1+1+1+1+1+1+1+1+1+1+1+1+1+1+1+1+1+1+1+1+1+1+1+1+1+1+1+1+1+1+1+1+1+1+1+1+1+1+1+398+398+398+398
1+398+398+517+517+889+889+889+889
1+1+1+1+1+1+1+1+1+398+398+398+517+517+517+517+517+889
1+1+1+1+1+1+1+1+1+1+1+1+1+1+398+398+398+398+398+398+398+517+517+517+517+517+517+517+889
1+398+398+517+517+517+517+517+517+517+517+889+889+889+889+889+889
1+1+1+1+1+1+398+398+398+889+889
1+1+1+1+1+1+1+517+517+517+517+517+517+517+889+889+889+889
398+889+889+889+889+889
1+1+1+1+1+1+1+1+398+398+398+398+517+517+517+517+889+889+889+889+889+889+889
1+1+1+1+1+1+1+398+398+398+398+889+889+889+889
1+1+1+398+398+398+398+398+398+398+517+517+517+517+517+889
398+398+398+398+398+517+517+517+517+517+517+517+517+517+517+517+517+889+889
1+1+1+1+1+1+1+1+1+1+517+517+517+889
1+1+1+1+1+1+398+398+398+398+517+517+517+517+517+517+889+889+889+889+889+889
1+398+398+517+517+517+517+889+889+889+889+889
398+398+517+517+517+517+517+517+889
517+517+517+517+517+517+517+517+517+517+517+889
1+1+1+1+1+398+398+398+517+517+889+889+889+889+889+889+889
1+1+1+1+1+1+1+1+1+1+1+1+1+1+1+1+1+1+1+1+1+1+1+1+1+1+1+1+1+1+1+1+1+1+1+1+1+1+1+1+1+1+1+1+398+398+398+398+398+398+517
1+1+1+398+398+398+517+517+517+517+889
398+398+398+398+517+889+889+889+889+889+889+889+889+889+889
1+1+1+1+1+1+1+1+1+398+398+398+398+889+889+889+889
1+1+1+1+517+517+517+517+889+889+889+889
1+1+1+1+1+1+398+398+517+517+517+889+889+889+889+889+889+889
398+517+517+517+517+889+889+889
1+1+1+1+1+517+517+517+517+517+517+889+889
1+1+1+517+517+517+517+517+517+517+889+889+889+889+889+889+889+889
1+1+1+1+517+517+517+517+517+517+517+517+889+889+889+889+889
517+517+517+517+517+517+517+517+517+517+517+517+889+889+889
1+1+1+1+1+1+1+1+1+1+1+1+1+1+1+1+1+1+1+1+1+1+1+1+1+1+1+1+1+1+1+1+1+1+1+1+1+1+1+1+1+1+1+1+1+1+1+1+1+1+1+1+1+1+1+1+1+1+1+1+1+1+1+1+1+1+1+1+1+1+1+1+1+1+1+1+1+1+1+1+1+1+1+1+1+1+1+1+1+1+1+1+1+1+1+1+1+1+1+1+1+1+1+1+1+1+1+1+1+1+1+1+1+1+1+1+517+517
1+1+1+1+398+398+517+517+517+517+889+889+889+889+889+889
1+1+1+1+1+1+398+398+398+517+517+517+517+517+517+889+889+889+889+889+889+889
1+1+1+1+1+1+1+398+517+517+517+517+517+517+517+517+889+889
1+398+398+398+398+517+517+517+517+517+517+517+517+517+517+517+517+517+889
1+1+1+1+398+398+398+398+398+517+517+889+889+889+889+889+889
1+1+1+1+1+1+1+1+1+1+1+1+1+1+1+1+1+1+1+1+1+1+1+398+398+398+517+517+517+889
398+398+398+398+398+398+517+517+517+889+889+889+889
1+1+1+1+1+398+517+517+517+517+517+517+889+889+889+889+889+889
1+517+517+517+889+889+889+889+889+889+889+889+889
398+398+398+398+398+398+398+517+517+517+517+517+517+517+517+517+889+889+889
1+1+1+1+1+1+1+398+517+517+517+517+517+517+517+889+889+889+889+889+889+889
1+1+1+1+1+1+1+1+1+1+1+1+1+1+1+1+1+1+1+1+1+1+1+1+1+1+1+1+1+1+1+1+1+1+1+1+1+1+1+1+1+1+1+1+1+1+1+1+1+1+1+1+1+1+1+1+1+1+1+1+1+1+1+1+1+398+398+398+398
1+1+1+398+398+517+517+517+517+517+517+889+889+889+889
1+517+517+517+517+517+517+517+517+517+889+889
1+1+1+1+1+1+1+398+398+398+398+398+398+398+889+889
1+1+1+1+1+1+1+1+1+1+1+1+1+1+1+1+1+1+398+889+889+889+889
1+1+1+889+889+889+889+889+889+889+889+889+889
1+1+1+1+1+1+1+1+1+1+398+398+398+517+517+517+517+889+889+889+889
1+1+398+517+517+517+517+889+889+889+889+889+889+889+889+889
398+517+517+517
1+1+1+1+1+517+517+517+517+517+517+889
1+1+1+398+398+398+398+398+398+398+517+517+517+517+517+517+517+517+517+517+517
1+1+1+1+1+1+1+1+1+1+1+517+517+517+889+889+889+889
1+1+1+1+1+517+889+889+889+889+889+889+889+889+889
1+1+1+1+1+1+1+398+398+517+517+517+517+517+517+517+889+889
1+1+1+1+398+517+517+517+517+889+889+889+889+889+889+889
1+1+1+398+398+398+517+517+517+517+517+517+517+517+517+517+889+889+889
1+398+398+398+398+517+517+517
1+398+398+398+398+398+398+398+517+517+517+517+517+517+517+517+517+517+517+517+517+517+889
1+1+1+1+1+398+517+517+517+889+889+889+889+889+889+889+889
1+1+1+1+1+1+1+1+1+1+1+1+1+1+398+517+517+517+517+889+889+889
517+517+517+889+889+889+889+889+889+889+889+889+889
1+1+1+398+398+398+398+398+398+398+517+889+889+889+889+889
1+398+398+398+398+398+517+889
1+1+398+398+398+398+398+398+398+517+517+517+889+889+889
398+398+398+517+517+517+517+517+517+517+517+517+517+517+517+517
1+1+1+1+517+517+517+517+889+889+889+889+889+889+889+889+889
1+398+398+517+517+517+517+517+517+517+889+889+889+889+889+889
1+1+398+398+398+398+398+398+398+517
1+1+398+398+398+398+889+889+889+889+889+889+889+889+889+889
1+1+1+1+1+1+517+517+517+517+517+889+889+889+889+889
1+1+1+1+1+1+398+398+398+398+517+517+889+889+889+889+889+889
398+398+398+398+398+398+398+517+517+517+517+889+889+889+889+889
1+398+398+398+398+398+889+889+889+889+889+889
1+1+1+1+1+1+1+1+1+1+1+1+398+398+398+398+398+398+398+517+517+517
1+1+1+398+398+398+398+398+398+398+517+517+889+889+889+889+889
1+1+398+398+398+517+517+517+517
1+1+1+1+1+1+1+1+1+1+1+1+1+1+1+1+1+1+1+1+398+517+889
1+1+1+1+1+1+398+398+398+398+398+398+517+517+517+517+517+517+517+889+889+889
1+398+398+398+398+398+398+889+889+889+889+889+889+889+889+889
1+1+1+1+1+1+1+1+398+398+517+517+517+517+889+889+889+889+889
1+398+398+398+398+517+517+517+517+517+889+889
1+398+398+398+398+398+398+517+517+517+517+889+889+889+889+889
1+1+1+1+1+1+1+1+1+1+1+1+1+1+1+1+1+1+1+1+1+1+1+1+1+1+1+1+1+1+1+1+1+1+1+1+1+1+1+1+1+1+1+1+1+398+517+517
1+1+1+1+1+1+1+1+1+1+1+517+517+889+889+889
398+398+517+889+889+889
1+1+1+1+1+517+517+517+517+517+517+517+517+889+889
1+1+1+1+1+1+1+1+1+1+1+398+517+517+517+517+517+889+889+889
1+1+1+1+1+889+889+889+889+889+889+889
1+1+1+1+1+1+398+398+398+517+517+889+889+889+889+889
1+1+1+1+1+1+1+1+1+1+1+1+1+1+1+1+1+1+1+1+1+1+1+398+398+517+517
1+1+517+517+517+517+517+517+517+517+517+517+889+889
1+1+398+398+398+398+517+517+517+517+517+517+517+517+517
1+1+1+517+889+889+889+889+889+889+889+889+889+889
1+1+1+1+1+1+1+517+517+517+517+517+517+517+517+889+889
1+1+1+1+1+1+1+1+1+1+1+1+1+1+1+398+398+398+398+398+398+398+517+889
1+1+1+1+398+398+517+517+517+517+517
398+398+398+398+398+517+517+517+517+517+517+517+517+517+517+889+889+889+889
1+1+1+1+1+1+517+517+517+517+517+517+889
1+1+1+1+1+1+398+398+398+398+398+398+517+517+889+889
1+1+1+1+1+1+1+1+1+1+398+398+398+398+398
1+1+1+1+517+889+889+889+889+889
1+1+398+398+398+398+398+398+398+517+517+517+517+517+889
1+1+1+1+1+1+1+1+1+1+517+517+517
1+1+1+1+1+1+517+517+517+517+889+889+889+889+889+889
1+1+1+1+1+1+1+1+1+398+398+398+517+517+517+517+517+889+889+889+889
1+1+1+1+398+517+889+889+889+889+889+889+889
1+1+1+1+1+1+1+1+1+517+889+889+889+889+889
517+517+517+889+889+889+889+889+889+889+889+889+889
1+1+1+1+1+1+1+1+1+1+517+517+517+517+517+517+517+889+889+889+889+889+889+889
1+1+1+1+1+1+1+1+1+1+398+398+517+517+517+517+517+517+517+889+889+889+889+889+889+889
1+517+517+517+517+517+889+889+889+889+889+889
1+1+1+1+1+1+398+398+398+517+517+517+517+517+517+517+889+889
1+1+1+1+1+1+1+1+1+1+398+517+517+517+517+517+517+517+517+889
1+1+1+1+1+1+398+398+398+398+398+398+889+889+889+889+889+889+889
398+398+398+398+398+517+517+517+517+517+517+517+517+517+517+517+889
1+1+398+398+398+398+398
1+1+1+1+1+398+398+398+398+398+398+398+517+517+517+517+517+517
1+1+1+1+1+1+1+1+398+398+398+398+517+517+517+517+889+889+889
1+1+1+1+1+1+1+1+1+1+1+1+1+1+1+1+1+517+517+517+889+889
1+1+1+1+1+1+1+1+1+1+1+1+1+1+1+1+1+1+1+1+1+398+517+889
1+1+1+1+1+1+1+398+398+398+517+517+517+517+517+889+889+889+889+889
1+1+1+1+1+1+517+517+517+517+889+889+889+889+889+889+889+889
1+398+517+517+517+889+889+889
1+1+1+1+1+1+1+1+1+1+1+1+1+1+1+1+1+1+398+398+398+398+398+517
1+1+1+1+1+1+517+889
1+1+398+398+517+517+517+889+889+889+889+889+889+889+889+889
1+398+398+517+517+517+889+889+889+889+889+889+889+889
398+398+398+398+398+398+517+517+517+517+517+517+889+889+889+889+889
398+398+517+517+517+517+517+517+517+517+517+517+517+517+517+517
1+398+398+398+398+517+517+517+517+517+517+517+517+517+517+517+517+889
1+1+1+1+1+1+1+1+1+1+1+1+1+1+1+1+1+398+398+398+398+398+517+517+889
1+1+1+1+1+1+889+889+889+889+889+889+889+889+889+889+889
1+1+1+1+1+1+1+1+398+398+517+517+517+517
1+1+1+1+1+1+1+1+1+1+1+1+1+1+1+1+1+1+1+1+1+1+1+1+1+1+1+1+1+1+1+1+1+1+1+1+1+1+1+1+1+1+1+1+1+1+1+1+1+1+1+1+1+1+1+1+1+1+1+1+1+1+1+1+1+1+1+1+1+1+1+1+1+1+1+1+1+1+1+1+1+1+1+1+1+1+1+1+1+1+1+1+1+1+1+1+1+1+1+1+1+398+517+517
1+1+1+398+398+398+398+398+517+517+889
1+1+517+517+517+517+517+517+517+517+517+517+517+517+517+517+889+889+889
1+1+1+1+1+1+1+1+1+398+398+398+398+398+398+398+889+889+889+889
1+1+1+1+1+398+398+398+398+889+889+889+889+889+889
1+1+1+1+1+1+1+1+1+1+1+1+1+1+1+1+1+1+1+1+1+1+1+1+1+1+1+1+1+1+1+1+1+1+1+1+1+1+1+1+1+1+1+1+1+1+1+1+1+1+1+1+1+1+1+1+1+1+1+1+1+1+1+1+1+1+1+1+1+1+1+1+1+1+1+1+1+1+1+1+398+398+398+398
1+1+1+398+398+517+517+517+517+889+889+889+889+889+889+889+889+889
1+1+1+1+1+1+1+1+1+1+1+1+1+517+517+517+889
1+398+889
517+517+517+517+889+889+889+889+889+889+889+889+889+889
398+889+889+889+889+889+889+889+889+889+889+889
1+1+1+398+398+398+517+889+889+889+889+889+889
1+1+1+1+1+1+1+1+1+1+1+1+1+1+1+1+1+1+1+1+1+1+1+1+1+1+1+1+1+1+1+1+1+1+1+1+1+1+1+1+1+1+1+1+1+1+1+1+1+1+1+1+1+1+1+1+1+1+1+1+1+1+1+1+1+1+1+1+1+1+1+1+1+1+1+1+1+1+1+1+1+1+1+1+1+1+1+1+1+1+1+398+398+517
1+1+1+398+398+398+398+398+517+517+517+517+517+517+517+889+889+889+889+889+889
1+1+1+1+1+1+1+1+1+1+1+1+1+1+1+1+1+1+1+1+1+1+1+1+1+1+1+1+1+1+1+398+398+517+517
1+1+1+1+1+1+1+1+1+1+1+517+517+517+517+517+889+889+889
1+1+1+1+1+1+1+1+1+398+398+398+398+398+517+517+889+889+889+889+889
1+1+1+1+1+1+1+398+398+398+398+398+398+517+889+889+889
1+1+398+398+517+517+517+517+517+517+517+517+517+517+517+517+517+517+517+517+889
1+398+398+398+517+517+517+517+517+517+517+517+517+517+517+517+889
1+1+398+398+398+398+398+398+398+517+517+517+517+517+517+889+889+889+889
1+1+398+398+398+398+398+517+517+517+517+517+889+889+889+889+889
1+1+1+1+1+1+398+398+398+398+398+889+889+889+889+889+889+889+889
398+398+517+517+517+517+517+517+517+517+889+889+889+889
1+1+1+1+1+1+398+398+398+398+517+517+889+889+889+889
1+1+1+1+1+1+1+1+1+1+1+1+1+1+1+1+1+1+1+1+1+1+1+1+1+1+1+1+1+1+1+1+1+1+1+1+1+1+1+1+1+1+1+1+1+1+1+1+1+1+1+1+1+1+1+1+1+1+1+1+1+1+1+1+1+1+1+1+1+1+1+1+1+1+1+1+1+1+1+1+1+1+1+1+1+1+1+1+1+1+1+1+1+1+1+1+1+1+1+1+1+1+1+1+1+1+1+1+1+1+1+398+517
1+1+1+1+1+398+398+398+517+517+517+517
398+398+398+398+517+517+517+517+517+517+517+517+517+517+517+517+517+889+889+889
1+1+517+517+517+889+889+889+889+889+889+889+889+889
1+1+398+398+398+398+398+398+889+889
1+1+1+1+1+1+1+1+398+517+517+517+517+889
1+1+1+398+398+398+398+398+398+398+517+517+517+517+517+517+517+517+889+889+889
1+1+1+1+1+1+1+1+1+1+1+1+1+1+1+1+1+1+1+1+1+1+398+398+398+398+889
1+1+398+398+398+398+398+517+517+517+517+517+517+517+889+889+889+889
1+398+398+398+398+517+517+517+517+517+517+889+889+889+889+889
1+398+398+398+398+398+398+398+517+517+517+517+517+889+889+889+889+889
1+1+1+1+1+1+1+1+1+1+1+1+1+1+517+517+517+517+517+517+889+889
1+1+1+1+1+1+1+1+1+1+1+1+1+1+1+1+1+1+398+398+517+517+517
1+1+1+398+398+398+398+398+398+398
1+1+1+1+1+1+1+1+1+1+1+398+398+517+517+517+517+517+517+517
1+1+1+1+1+1+1+398+398+398+398+517+517+889+889+889+889+889
1+1+1+1+1+1+1+1+1+1+1+1+1+1+1+1+1+1+1+1+1+1+1+1+1+1+1+1+1+1+1+1+1+1+1+1+1+1+1+1+1+1+1+1+1+1+1+1+1+1+1+1+1+1+1+1+1+1+1+1+1+1+1+1+1+1+1+1+1+1+1+1+1+1+1+1+1+1+1+1+1+1+1+1+1+1+1+1+1+1+1+1+1+1+1+1+1+1+1+1+1+1+1+1+1+1+1+1+1+1+1+1+1+1+1+1+1+1+1+1+1+1+1+1+1+1+1+1+1+1+1+1+1+1+1+1+1+1+1+1+1+1+517+517
1+1+1+1+1+1+1+1+1+1+398+398+398+889
1+1+1+1+1+1+1+1+1+1+398+398+398+398+398+398+398+517+517+517+517+889+889+889+889
1+1+398+398+398+398+398+398+517+517+517+517+517+517+517+889+889
1+1+1+1+1+1+1+1+1+1+1+1+1+1+1+1+1+1+1+1+1+1+1+1+1+1+1+1+1+398+398+398+398
1+1+1+1+1+1+1+1+1+1+517+517+517+889+889+889+889+889
1+1+398+398+398+398+517+889+889+889+889+889+889
1+1+1+398+398+398+398+398+517+517+517+517+517+517+517+517+517+889+889+889+889
398+398+398+398+398+398+889+889+889+889+889+889
1+1+1+1+1+1+1+1+1+1+1+1+1+1+1+1+1+1+1+1+1+1+1+1+517+889+889
1+1+1+398+398+398+398+517+517+889
1+1+1+1+1+1+1+1+1+1+398+398+398+517+517+517+517+517+889+889+889+889+889
1+1+1+1+398+398+398+517+517+517+889+889+889+889
1+1+1+1+1+1+1+1+1+398+398+398+398+398+517+517+517+517+889+889+889+889
1+398+398+398+398+398+398+517+517+517+517+517+517+517+517+517+517+517+517+889+889
1+1+1+1+1+1+1+1+1+398+517+517+517+517+517+517+517+517+889+889+889+889+889+889+889
1+1+1+1+1+1+517+517+517+517+517+889+889+889+889+889+889+889+889
1+1+1+398+398+517+517+517+517+517+517+517+517+517+517+517+517+517+517+517+889+889
1+1+1+1+398+517+517+889+889+889+889+889+889+889
1+1+1+1+1+398+398+398+398+517+517+517+517+517+517+517+889+889+889+889+889+889
1+1+1+398+517+517+517+517+517+517+517+517+889+889+889
1+1+1+1+1+1+1+1+1+398+398+398+398+517+517+517+889+889+889+889+889+889+889
1+398+398+517+517+889
1+1+1+398+398+398+398+398+398+517+517+517+517+517+517+517+517+517+517+517+517+517+517+517
1+1+1+1+1+1+1+517+889+889+889
1+1+1+1+1+1+398+517+517+517+889+889+889+889+889+889+889+889+889+889
1+1+1+1+398+398+517+889+889+889+889+889+889+889+889
1+1+1+1+1+1+1+1+1+1+398+398+398+517+889+889
1+1+1+1+1+1+1+1+1+1+1+517+889
1+1+1+1+1+1+1+398+517+517+517+517+517+889+889+889+889+889+889+889
1+398+398+398+398+398+398+398+889+889+889+889+889+889
1+1+1+1+1+1+398+398+517+517+517+889+889+889+889+889+889+889+889
1+1+1+1+1+1+398+398+398+398+398+517+517+517+517+889+889
1+1+1+1+1+1+1+1+1+1+1+1+1+398+398+398+398+398+398+517+517+517+517+517+517+517+889
1+398+398+398+517+889+889
889+889+889
1+1+1+1+1+1+1+1+1+1+398+398+517+517+517+517+517+889+889
398+398+517+517+517+517+517+517+517+517+517+517+517+517+889+889+889+889
1+1+1+398+517+517+517+517+517+517+517+517+517+517+517+517+517+517+517+889+889+889
1+398+398+398+398+398+517+517+517+517+517+517+517+517+889+889+889+889
1+1+1+1+1+1+1+1+1+1+1+1+1+1+1+1+1+1+1+1+1+1+1+1+1+1+1+1+1+1+1+1+1+1+1+1+1+1+1+1+517+517+517
1+1+1+1+1+1+1+1+398+398+398+398+398+398+398+517+889+889+889
1+1+1+1+1+1+1+1+1+398+398+398+398+398+517+517+889+889+889
1+1+1+1+1+1+1+1+1+1+1+517+517+517+517+517+517+517+517
1+1+1+1+1+1+1+1+1+1+398+398+398+517+517+889+889+889+889+889
1+1+1+1+1+1+1+1+1+1+1+1+1+1+398+398+398+517+517+517
1+1+1+1+1+1+398+398+398+889+889+889+889+889+889+889+889+889
1+1+1+1+1+1+1+1+398+398+398+398+398+398+517+517+517+517+517+889+889+889+889+889
1+1+1+517+517+517+517+517+517+517+517+889+889+889+889+889
1+1+1+1+1+1+1+1+1+1+1+1+1+517+889+889+889
1+1+1+1+1+1+1+1+1+1+1+398+398+398+398+398+398+398+517+517+517
1+1+398+398+398+398+517+517+517+517+517+517+517+517
1+1+1+1+889+889+889+889+889
1+1+1+1+1+1+1+1+398+398+398+517+517+517+517+889
1+517+517+517+517+517+889+889+889+889+889+889+889
1+1+1+1+1+1+1+1+398+398+398+398+398+398+517+517+517+517+517+517+517+889+889+889+889
1+1+1+398+398+398+398+517+517+517+517+517+517+517+517+517+517+517+517+889+889+889
1+1+1+1+398+889+889+889
1+398+398+398+398+398+398+398+517+517+517+517+517+517+517
1+1+1+1+1+1+1+398+398+517+517+517+517+517+517+517+889+889
1+1+1+1+398+398+517+517+517+889+889+889+889+889+889
1+1+1+398+398+398+398+517+517+517+517+889+889
1+1+1+1+1+1+1+1+1+1+1+1+1+1+1+1+1+1+1+1+1+1+1+1+1+1+1+1+1+1+1+1+1+1+1+1+1+1+1+1+1+1+1+1+1+1+1+1+1+1+1+1+1+1+1+1+1+1+1+1+1+1+1+1+1+1+1+1+1+1+1+1+1+1+1+1+1+1+1+517+517
1+1+1+398+398+398+398+398+517+517+517+517+517+517+517+517+517+517+517
1+1+1+1+1+1+1+1+889+889+889
1+1+1+398+398+398+398+398+517+517+517+517+889+889+889+889+889
1+1+1+1+1+517+517+517+889+889+889+889+889+889+889
1+1+1+1+398+517+517+517+517+517+517+517+889+889+889+889+889
1+1+398+398+398+517+517+517+517+517+517+517+517+517+517+517+517+889
1+1+1+1+1+1+1+517+517+517+517+517+517+889+889+889+889+889+889
1+1+1+1+1+398+398+517+517+517+889+889
1+1+398+398+398+398+398+517+517+517+517+889+889
1+1+1+1+1+1+1+1+1+1+1+398+398+398+398+398
1+398+398+398+398+398+398+398+517+517+517+517+517
1+517+517+517+517+517+517+517+517+517+517+517+517+517+517+517+889+889
1+1+1+1+1+1+398+398+398+398+398+517+889+889+889
1+1+1+1+1+1+1+1+1+1+1+1+1+1+1+1+1+1+1+1+1+1+1+1+1+398+398+889
1+1+1+1+1+398+398+889+889
1+1+398+398+398+398+398+398+398+517+517+517+517+517+517+889+889+889+889+889
1+1+1+1+1+1+1+1+1+1+1+1+1+1+1+1+1+1+1+1+1+1+1+1+1+1+1+1+1+398+398+398+398+398+517+517
1+1+1+1+1+1+1+1+398+398+398+398+398+398+889+889+889+889+889+889
517+517+517+517+517+517+517+517+517+889
1+1+1+398+398+398+398+889+889
1+1+1+1+1+1+1+1+1+1+1+1+1+1+398+517+517+517+517+517+517+517+889+889+889+889
1+398+517+517+517+517+517+889+889+889+889+889+889+889+889+889
1+1+517+517+517+517+517+517+517+517+517+517+517+517+517+517+517
1+1+1+1+1+1+1+1+1+1+1+398+398+398+517+517+517+889
1+1+1+398+398+398+398+398+398+517+517+517+517+517+517+517+517+517
1+1+1+1+1+1+398+398+398+398+398+398+517+517+517+889+889+889+889+889+889
1+1+1+1+1+398+398+398+398+398+398+398+517+517+517+517+517+517+889+889+889+889+889
1+1+1+1+1+1+1+1+398+398+398+398+517+517+517+517+517+517+517+889+889+889+889+889
1+1+1+1+1+1+1+1+1+1+1+1+398+517+517+517+517+517+517+517+889
398+398+398+398+398+517+517+517+517+517+889
1+398+398+398+517+517+517+889+889+889
1+1+1+1+1+1+1+1+1+1+1+1+1+1+1+1+1+1+398+517+517+889+889+889
1+1+1+398+517+517+889+889+889+889+889+889+889+889+889+889
1+1+1+1+1+1+517+517+517+517+517+517+517+517+889+889+889+889+889+889
1+1+517+517+517+889+889+889+889+889+889
1+1+1+398+398+398+398+398+517+517+889+889+889
1+1+1+1+1+1+1+1+1+1+1+1+1+1+1+1+1+1+1+1+1+1+1+1+1+1+1+1+1+1+1+1+1+1+1+1+1+1+1+1+1+1+1+1+1+1+1+1+1+1+1+1+1+1+1+1+1+1+1+1+1+1+1+1+1+1+1+1+1+1+1+1+1+1+1+1+517+517
1+1+1+1+1+1+1+1+1+1+1+1+1+1+1+1+1+1+1+1+1+1+1+1+1+1+1+1+1+1+1+1+1+1+1+1+1+1+1+1+1+1+1+1+1+1+1+1+1+1+1+1+1+1+1+1+1+1+1+1+1+1+1+1+1+1+1+1+1+1+1+1+398+517+517
1+1+517+517+517+517+517+517+517+889+889+889
1+398+398+517+517+517+517+517+517+517+517+517+517+517+889+889+889
1+1+1+1+517+517+517+517+889+889+889+889+889+889+889
1+398+398+398+398+398+517+517+517+517+889
398+398+398+398+398+398+398+889+889+889+889+889+889+889+889+889
1+398+517+517+517+517+517+517+517+517+517+517+517+889+889+889
1+1+1+517+517+517+517+889+889+889+889+889+889+889+889+889
1+1+1+1+1+398+398+398+398+398+398+398+517+517+517+517+517+889+889+889+889
1+1+398+517+517+517+517+517+889+889
1+1+1+1+1+1+1+517+517+517+517+517+517+517+517+889+889+889+889
1+398+398+398+398+398+398+398+517+517+517+517+889+889
1+1+1+1+1+1+1+1+1+1+398+398+889+889+889+889+889
1+1+1+1+1+1+1+1+1+1+1+1+1+398+517+517+517+517+517+517+889
1+1+1+1+1+1+1+398+398+398+398+398+398+517+517+517+889+889+889+889+889+889+889
1+517+517+517+517+517+517+517+517+517+517+517+517+889+889+889
1+1+1+1+1+1+1+1+1+398+398+398+398+398+398+517+517+517+517+517+889
1+1+1+1+1+1+1+1+1+1+1+1+398+398+517+517+517+517+517+517+889
1+1+1+398+398+398+398+398+517+517+517+517+517+517+517+517+889+889
1+1+1+1+1+1+1+1+1+1+1+1+1+1+1+1+1+1+1+1+1+1+1+1+1+1+1+1+1+1+1+1+1+1+1+1+398+398+517+517
1+1+1+1+1+1+1+1+1+1+1+1+1+398+398+398+517+517+517+889
1+1+1+517+517+517+517+517+517+517+517+517+517+517+889+889+889+889
1+1+1+398+398+398+398+398+398+517+517+517+517+517+517+517+889+889+889+889
1+1+1+1+1+1+1+1+1+1+1+1+1+1+1+1+1+1+1+1+1+1+1+1+1+398+517+517+889+889
1+1+1+1+1+1+1+398+398+398+398+517+517+889+889+889+889+889+889+889
1+1+398+398+398+517+517+517+517+889+889
1+1+1+398+398+398+398+398+398+517+517+517+517+517+517+517+517+517+517+517+517+517+517+517+517
1+1+1+1+1+1+1+1+1+1+1+1+1+1+1+398+398+398+398+398+517+889
1+1+1+1+1+1+1+1+1+1+398+398+398+398+398+398+398+889
1+1+1+1+1+398+398+517+517+517+517+517+517+517+889+889+889+889+889
1+1+1+1+1+1+1+398+398+398+398+398+398+398+517+517+889
1+1+1+1+1+1+1+1+1+1+1+398+517+517+517+517+517+517+517+517+889+889
398+398+398+398+398+398+398+517+517+517+517+517+517+517+517+517+517+517+517+889
1+1+1+889+889+889+889+889+889+889+889+889+889+889+889
1+1+1+1+1+1+1+1+398+398+517+517+517+889+889+889
1+1+1+1+1+1+1+1+1+1+1+1+1+1+1+1+1+1+1+1+1+1+1+398+889+889+889+889
1+517+517+517+517+517+517+517+517+517+889+889+889+889+889+889+889
1+1+517+889+889+889+889
1+1+1+1+1+398+398+398+398+398+517+517+517+517+517+889
1+398+398+398+517+517+517+517+517+517+517+517+517+517+517+517+517+517+889
1+1+1+1+1+1+1+1+1+1+1+1+1+1+1+1+1+1+1+1+1+1+1+1+1+1+1+1+1+1+1+1+1+1+398+398+398+398+517
1+1+1+1+1+1+1+1+1+1+1+1+1+1+517+517+517+517+517+517+517+517+889
1+1+1+1+398+398+398+398+398+889+889+889+889+889+889+889+889+889+889
1+1+1+1+1+1+1+398+398+398+517+517+517+889+889+889+889+889+889+889
1+1+1+1+1+1+1+1+1+398+398+398+398+517+517+517+517+889
1+1+1+1+1+1+1+1+1+1+1+1+1+1+1+1+1+1+1+1+1+1+1+1+1+1+1+1+1+1+1+1+1+1+1+1+1+1+1+1+1+1+1+1+1+1+1+1+1+1+1+1+1+1+1+1+1+1+1+1+1+1+1+1+1+1+1+1+1+1+1+1+1+1+1+1+1+1+1+1+1+1+1+1+1+1+1+1+1+1+1+1+1+1+1+1+1+1+1+1+1+1+1+1+1+1+1+1+1+1+1+1+1+1+1+1+1+1+1+1+1+1+1+1+1+1+1+1+1+1+1+1+1+1+1+1+1+1+1+1+1+1+1+1+1+1+1+1+1+1+1+1+1+1+1+1+1+1+517+517
1+398+398+398+517+517+517+517+517+889+889
1+1+1+1+1+1+398+398+398+398+517+517+517+517+889
1+1+1+1+1+1+1+398+517+517+517+517+889+889+889+889+889+889
1+398+398+398+398+889+889+889+889+889+889+889+889+889+889
1+1+398+398+398+398+398+517+517+517+517+517+517+517+517+517+517+517+517+517+889
1+1+1+889+889+889+889+889+889+889+889+889
1+1+1+1+1+1+1+1+1+1+398+398+398+398+398+517+517+889+889+889+889+889
1+1+1+398+398+398+517+889+889+889+889+889+889+889+889+889+889
1+1+1+1+1+1+398+398+398+398+398+398+398+517+517+517+517+517+517+517+889+889+889
1+1+1+1+1+1+1+1+1+1+1+1+1+1+1+1+1+1+1+1+1+1+1+1+1+1+1+1+398+398+398+398+398+517
1+1+1+1+1+1+1+517+517+517+517+889+889
1+1+1+1+1+1+1+1+1+1+1+1+1+1+1+1+1+1+398+398+398+398+517+889
1+1+1+1+1+1+1+1+1+398+398+398+398+398+398+398+517+517+517+889+889
1+1+1+1+1+398+398+398+398+398+517+889+889+889+889+889+889+889+889
1+1+1+398+517+889+889+889+889+889
1+1+1+1+1+1+889+889+889+889+889+889+889+889+889+889
1+1+1+1+1+1+1+1+1+1+1+1+398+398+398+517+517+517+517
1+1+1+1+1+1+1+398+398+398+398+398+398+889+889
1+1+1+398+398+398+398+517+517+517+517+517+517+517+517+517+517+517+517+517+517+889
1+1+1+1+1+1+1+398+398+398+398+398+517+517+889+889
1+1+1+1+1+1+1+1+1+1+398+398+517+517+517+889+889+889+889+889+889+889
1+1+1+1+1+1+1+1+1+1+1+1+1+1+398+398+398+398+517
1+1+1+1+1+1+1+1+1+1+1+1+1+1+1+398+398+398+398+398+398+398+517+517+889
1+1+1+398+517+517+517+517+517+517+517+517+889+889+889+889
398+398+398+398+398+889+889+889+889+889+889+889
1+1+1+1+1+1+1+1+1+1+398+398+398+517+517+517+517+517+517+517+889+889+889+889
1+1+1+1+1+1+1+1+1+1+1+1+1+1+1+1+1+1+1+1+1+1+1+1+1+1+1+1+1+1+1+1+1+1+1+1+1+1+1+1+1+1+1+1+1+1+1+1+1+1+1+1+1+1+1+1+1+1+1+1+1+1+1+1+1+1+1+1+1+1+1+1+1+1+1+1+1+1+517+517
398+398+398+398+517+517+517+517+889+889+889+889+889+889+889+889
1+1+1+1+1+1+1+1+1+1+1+1+1+1+1+1+1+1+1+1+1+1+1+1+1+1+1+1+1+1+1+1+1+1+1+1+1+1+1+1+1+1+1+1+1+1+1+1+1+1+1+1+1+1+1+1+1+1+1+1+1+1+1+1+1+1+1+1+1+1+1+1+1+1+1+1+1+1+1+1+1+1+1+1+1+1+1+1+1+1+517+517
1+1+1+1+398+398+398+398+889+889+889+889+889+889+889
1+1+1+1+1+1+398+398+398+398+398+398+889+889
1+1+1+1+1+1+1+1+1+1+398+398+889+889+889+889
1+517+517+517+517+517+517+517+517+517+517+517+517+517+889+889
1+1+1+1+1+1+1+1+1+1+398+398+398+398+398+398+517+517+517+517+517+889+889+889+889+889+889
1+1+1+1+1+1+1+1+398+398+398+398+398+517+517+517+517+517+889
1+1+1+398+398+517+517+517+517+517+517+517+517+517+517+517
398+398+398+398+398+398+398+517+517+517+517+889+889+889
1+1+1+1+1+1+1+1+1+398+398+398+398+517+517+517+517+517+517+889+889+889+889+889+889
1+1+398+517+517+889+889+889+889+889+889
1+1+1+1+1+1+1+1+398+398+517+517+517+889+889
1+1+1+1+1+1+1+1+1+1+398+398+398+398+398+517+517+517+517+517+517+889+889+889+889+889+889
1+1+1+1+1+1+1+1+517+517+889+889+889+889
1+1+1+1+1+1+1+398+398+398+398+398+517+517+517+517+517+517+517+889+889
1+1+1+1+1+1+1+1+1+1+1+1+1+1+1+1+1+1+1+1+1+1+1+1+1+1+1+1+1+1+1+1+1+1+1+1+1+1+1+1+1+1+1+1+1+1+1+1+1+1+1+1+1+1+398+398+517+517
1+1+1+1+1+1+1+1+398+398+398+398+398+398+398+517+517+517+889
1+1+1+1+1+398+398+398+398+398+398+517+517+517+889+889+889+889
1+1+1+1+1+1+1+398+398+398+398+398+517+517+517+517+517+889+889+889+889+889
1+398+398+398+398+398+517+517+517+517+517+517+517+517
1+398+398+398+398+517+517+517+517+517+517+517+517+517+517+517+889
1+1+1+1+398+398+398+398+517+517+517+889+889+889+889+889+889+889
1+1+1+1+398+398+398+398+398+517+517+517+517+517+517+889
1+1+1+1+1+1+1+1+1+1+1+1+1+1+398+398+517+517
1+1+1+1+398+398+517+517+517+517+517+889+889+889+889+889+889+889+889
398+517+517+517+517+517+517+889+889+889+889+889+889+889
1+1+1+1+1+1+1+1+1+1+1+1+1+1+1+1+517+517+517+889+889+889
1+398+517+517+517+517+517+517+517+517+517+517+517+517+889+889
1+398+398+398+398+398+889+889+889+889+889+889+889+889+889+889
1+1+1+398+398+398+398+889+889+889+889+889+889+889+889
1+1+1+1+398+517+517+517+517+517+517+889+889
1+1+1+1+1+1+1+1+1+1+1+1+1+1+1+1+1+1+1+1+1+1+1+1+517+517
1+1+1+1+1+1+1+1+1+1+1+1+1+1+1+1+517+517+517
1+1+1+1+1+398+398+398+517+889
1+1+1+1+1+398+398+398+889+889+889+889+889+889+889+889
398+517+517+517+517+517+517+517+517+517+517+517+889+889
1+1+1+398+398+398+517+889+889+889
1+398+398+398+517+517+517+517+517+517+517+517+517+517+517+517+517+517+517+889
1+517+517+517+517+517+517+889+889+889+889+889+889+889
1+398+398+398+398+398+517+517+517+517+517+517+889+889+889+889+889
1+1+1+1+1+1+398+398+398+517+889+889+889
1+1+1+1+1+1+1+1+1+1+398+398+517+517+517+517+889+889+889+889+889+889
1+1+1+1+1+1+1+1+1+1+1+1+1+1+1+1+1+1+1+1+1+398+517+517+517+889+889
1+1+1+1+1+1+1+1+1+1+1+398+517+889+889+889+889
1+1+1+1+1+1+1+1+398+398+517+517+517+517+517+889+889+889+889+889+889+889
1+1+1+1+1+1+1+1+1+1+517+889+889+889+889+889
1+1+1+1+1+1+1+1+1+1+1+1+1+1+1+1+1+1+1+1+1+1+1+1+1+1+1+1+1+1+1+1+1+1+1+1+1+1+1+1+1+517+517
517+517+517+517+889+889+889+889+889+889+889+889+889+889
1+1+1+1+1+1+1+398+398+398+398+398+398+517+517+517+517+517+517
1+1+1+1+1+1+1+1+1+1+1+1+398+398+398+398+398+398+398+517+517
1+1+1+1+1+1+1+1+1+1+1+398+398+398+398+398+398+398+517+517+517+517+517
1+1+1+1+1+1+1+1+1+1+1+1+1+1+1+1+1+1+1+1+1+1+1+1+1+398+398+398+517+517+517+889
1+1+1+1+1+1+398+398+398+398+517+517+889+889+889
1+398+398+398+398+517+889+889+889+889+889+889+889+889+889+889
1+1+1+1+1+1+398+398+398+398+398+517+517+517+517+517+889+889+889
1+1+1+1+398+398+398+398+398+398+398+517+889+889+889
398+398+398+517+517+517+517+517+517+517+517+517+517+517+889+889+889
1+1+1+1+1+1+398+517+889+889
1+1+1+1+1+1+1+1+1+1+517+889+889
398+398+398+517+517+517+517+517+517+889+889
1+1+1+1+1+1+1+1+1+1+398+517+889+889+889+889+889
1+1+1+1+1+1+1+398+889+889+889+889
1+398+398+398+398+398+517+517+517+517
1+1+1+1+1+1+1+1+1+1+1+1+1+1+1+1+1+1+1+1+1+1+1+1+1+1+398+398+398+517+517
1+1+1+398+398+398+517+517+517+517+517+517+517+889+889+889
1+1+1+398+398+517+517+517+517+517+889+889
1+1+1+1+1+1+1+1+1+517+517+517+517+517+517+517+517
1+1+1+1+1+1+398+398+398+398+398+889
1+1+1+398+517+517+517+517+517+517+889
1+1+1+1+1+1+1+398+398+398+517+889+889+889+889+889
1+1+1+1+1+1+1+1+1+1+1+1+1+1+1+1+1+398+398+517+517+889
1+398+398+398+398+398+517+517+517+517+517+517+889+889+889+889+889+889
398+398+398+398+398+398+398+517+517+517+517+517+517+517+517+517+517+517+517+517+517
1+1+398+398+398+398+398+398+517+517+889+889+889
1+398+398+398+398+517+517+517+517+517+517+517+517+517+517+889
1+1+1+1+1+1+1+1+1+1+1+1+1+1+1+1+1+1+1+1+1+1+1+1+1+1+1+1+1+1+1+1+1+1+1+1+1+1+1+1+1+1+1+1+398+517+517
1+1+1+1+1+1+1+1+1+1+1+1+1+1+1+1+1+398+398+398+517+517+517+889
1+1+398+398+398+517+889+889
1+1+398+398+398+398+398+398+517+517+517+517+517+517+889+889+889+889
1+398+517+517+517+517+517+517+517+517+517+889+889
1+1+1+1+1+398+517+517+517+889+889
1+1+1+1+1+1+1+1+1+1+398+398+398+517+517
1+1+1+1+1+1+398+398+398+398+398+398+398+517+517+517+517+889
1+1+1+1+1+1+1+1+1+1+1+1+1+1+1+1+1+1+1+1+1+1+1+1+1+1+1+1+1+1+1+398+398+517+517
1+1+1+1+1+1+1+398+398+517+889
1+398+398+398+398+398+517+517+517+517+517+889+889+889+889
1+1+1+1+398+517+517+517+517+517+517+517+889+889+889+889+889+889+889
1+1+1+398+889+889+889+889+889+889+889+889+889+889
1+1+398+517+517+517+517+517+517+517+517+517+889+889+889+889+889
1+398+398+398+517+889+889+889
1+1+1+1+1+1+398+398+517+517+517+517+889+889+889
1+398+398+517+517+517+517+889+889+889+889
1+1+1+1+1+1+1+1+398+398+398+398+398+398+398+517+517+517+889+889
1+517+517+517+517+517+517+889+889+889+889+889+889+889+889