1+1+120+120+120+120+705+705+705+705+705+705+705+705+705+705+705
1+1+1+1+1+1+34+34+34+120+120+120+705+705+705+705+705+705+705+705+705+705
34+34+34+34+34+34+34+34+34+34+34+34+120+705+705+705+705+705+705+705+705+705+705+705+705+705
1+1+34+120+120+705+705
34+120+120+120+120+120+120+120+120+120+120+120+705+705+705+705+705+705
34+34+34+34+34+34+34+34+34+34+120+120+705+705+705+705+705+705+705+705+705+705+705
1+1+1+1+1+1+34+34+34+34+120+705+705+705
1+1+1+1+1+1+1+34+34+120+705+705+705+705+705+705+705+705+705
1+1+1+1+1+1+34+34+34+34+120+120+120+705+705+705+705+705+705+705+705+705
120+120+120+120+705+705+705+705+705+705+705+705+705+705
1+1+1+34+34+34+34+705+705+705+705+705+705+705+705+705+705+705
1+1+1+1+34+34+34+34+34+120+705+705+705+705+705+705+705+705+705+705+705+705+705+705
34+34+34+34+34+34+34+34+34+34+34+34+705
1+1+1+1+1+1+1+1+34+120+705+705+705+705+705+705+705+705+705+705
120+120+120+120+120+120+120+120+120+120+120+120+120+705+705+705+705+705+705+705+705+705+705
1+1+120+120+120+120+705+705+705+705+705
1+1+1+1+1+1+1+1+1+1+1+120+120+120+120+120+705+705+705+705+705
1+34+34+34+34+34+34+34+34+120+120+120+120+120+120+705+705+705+705+705+705
1+1+1+1+1+1+1+34+34+34+120+120+705+705+705+705+705+705+705
1+1+1+1+1+1+1+34+120+120+120+120+120+705+705+705+705+705+705+705+705+705
1+1+1+1+1+34+120+120+120+120+120+705+705+705+705+705+705+705+705+705
1+1+1+1+1+1+1+1+1+34+34+705+705+705+705+705+705+705+705+705+705+705+705+705
1+1+1+1+34+34+120+120+120+120+120+120+705+705+705+705+705+705+705+705+705+705+705+705+705
34+34+34+34+34+34+34+34+34+34+120+120+120+705+705+705+705+705+705+705+705
1+1+1+1+1+1+1+1+1+34+34+34+34+34+34+120+120+120+705+705+705+705+705+705+705+705+705+705
1+1+1+1+1+1+1+1+1+1+1+1+34+120+120+120+120+120+120+705+705+705+705+705+705+705+705+705+705+705
1+1+120+120+120+120+120+705+705+705+705+705
1+1+1+1+1+1+1+34+34+34+120+120+705+705+705+705+705+705+705
1+1+1+1+1+1+1+1+1+1+1+1+34+34+705+705+705+705+705+705+705+705+705+705+705+705+705+705
1+1+34+120+120+120+120+120+120+705+705+705+705+705+705+705+705+705+705+705+705+705
1+1+1+1+1+1+1+1+34+34+34+34+120+120+705+705+705+705+705+705+705+705+705+705+705+705+705+705
34+34+34+34+34+34+34+34+34+120+120+120+120+120+705+705+705+705
34+34+34+34+34+34+34+34+34+34+34+34+34+120+120+120+120+120+120
34+34+34+120+120+120+120+120+120+120+705+705+705+705+705+705+705+705+705+705+705+705+705
1+1+1+1+1+1+1+1+1+1+1+34+34+34+705+705+705
1+34+34+34+120+705+705+705+705+705+705+705+705+705+705+705+705+705
1+1+1+1+1+34+34+34+34+34+120+705+705
1+34+34+34+34+120+120+120+120+120+120+705+705+705+705+705+705+705+705+705+705
1+1+1+1+1+1+1+1+1+1+1+1+120+120+120+120+120+120+705+705+705+705+705+705+705
34+34+34+120+120+120+120+705
1+1+1+1+1+1+1+34+34+120+120+120+120+120+120+705+705+705+705+705+705+705+705+705+705
1+1+1+1+34+34+34+705+705+705
1+1+1+1+1+34+34+34+705+705+705+705+705+705
1+34+34+34+120+120+120+120+120+705+705+705+705+705+705+705+705+705+705+705+705
1+1+1+1+1+1+1+1+120+120+120+120+120+705+705+705+705+705+705+705+705+705+705+705
1+1+1+1+1+1+120+120+120+120+120+705+705+705+705+705+705+705+705
1+1+1+1+1+1+1+34+34+34+34+34+34+120+120+120+120+705+705+705+705+705+705+705+705+705
1+1+1+1+1+1+34+34+120+120+705+705+705+705
1+1+1+1+1+1+1+34+34+34+120+120+705+705+705+705+705+705+705
1+1+34+34+120+120+120+120+120+120+705+705+705+705+705+705+705+705+705+705+705+705
34+34+34+34+34+34+34+34+34+34+34+34+120+120+120+120+120+120+120+120+705+705+705+705+705+705+705+705+705+705+705+705+705
1+1+1+34+34+34+34+34+34+120+120+120+705+705
34+34+34+34+34+34+34+120+120+120+120+120+120+705+705+705+705+705+705+705
1+1+1+1+1+1+1+34+34+34+34+34+34+120+705+705+705+705+705+705
1+1+1+1+1+120+120+120+705+705+705+705+705+705+705+705+705+705+705
34+34+34+34+34+34+34+120+120+120+705+705+705+705+705
1+1+1+1+1+1+1+1+1+120+120+705+705+705+705+705+705+705+705+705+705
1+1+1+1+1+1+1+1+34+34+34+120+120+705+705+705+705+705+705+705
1+1+1+1+1+1+34+34+34+34+120+705+705+705+705+705+705+705+705+705
1+1+1+1+1+1+1+1+1+1+1+1+120+120+120+705+705+705+705+705+705+705+705+705+705+705+705+705+705
1+1+34+34+120+120+120+120+120+705+705+705+705+705+705+705+705+705+705+705+705
34+34+34+34+34+34+34+34+34+34+34+34+120+120+120+705+705+705+705+705+705+705+705+705+705+705+705+705+705
1+1+1+1+1+1+34+120+120+120+120+705+705+705+705+705+705+705+705+705+705
1+1+1+1+1+1+1+1+1+1+1+1+34+34+120+120+120+120+705+705+705+705+705+705+705
1+1+1+1+1+1+1+1+1+1+34+34+34+34+120+120+705+705+705+705+705+705+705+705+705+705+705+705+705
1+1+1+1+1+1+1+1+1+1+1+1+34+705+705+705+705+705+705+705+705+705+705+705+705+705
1+1+1+1+1+1+1+1+1+1+34+34+120+120+120+120+705+705+705+705+705+705+705+705
1+1+1+1+1+1+1+1+34+120+120+120+705+705
34+34+120+120+120+120+120+120+120+120+120+120+120+120+705+705+705+705+705+705
1+1+1+1+1+1+1+1+1+34+34+34+34+120+120+705+705+705+705+705+705+705+705
1+1+1+1+1+1+1+1+1+1+34+120+120+120+120+120+705+705+705+705+705+705+705+705+705+705+705+705+705
34+34+34+34+34+34+120+120+120+120+120+120+120+120+120+120+705+705+705
1+1+1+1+1+34+34+34+34+34+120+120+120+120+705+705
1+1+1+1+1+1+34+34+120+120+120+120+120+120+705+705+705+705+705+705+705
120+120+120+120+705+705
1+1+1+1+34+120+120+120+120+120+120+705+705+705+705+705+705+705+705+705+705+705+705+705
1+1+1+1+1+1+1+34+34+34+34+34+705+705+705
34+34+34+34+34+34+34+34+34+34+120+120+120+120+705+705+705+705+705+705+705+705+705+705+705+705+705
34+34+120+120+120+120+120+120+120+120+120+120+120+120+120+120+120+120+120+705+705
1+1+1+1+1+1+1+1+1+120+120+120+705
1+1+1+1+1+1+1+1+1+34+34+120+705+705+705+705+705+705+705+705+705
1+1+1+1+1+34+34+120+120+120+120+705+705+705+705+705+705+705+705
1+1+1+34+120+705+705+705+705+705+705+705+705
1+1+1+1+1+1+1+1+1+1+34+34+34+120+120+120+705+705+705+705+705+705+705+705
1+1+1+1+1+1+1+34+120+120+120+705+705+705+705+705+705+705+705+705+705+705+705+705+705+705
1+1+34+34+34+120+705+705+705+705
1+1+1+1+1+34+120+120+120+120+120+120+705+705+705+705+705+705
1+1+1+1+34+34+34+34+34+120+120+705+705+705+705+705+705+705+705+705+705
1+1+1+1+1+1+34+34+34+34+34+120+705+705+705+705+705+705+705
1+1+1+1+1+1+1+1+1+1+34+34+34+34+120+120+120+120+705+705+705+705+705+705+705+705+705+705+705+705+705+705
1+1+1+1+1+34+34+34+34+120+705+705+705+705+705+705+705+705+705
1+1+1+1+1+1+1+1+1+1+34+34+120+120+705+705+705+705+705
1+1+1+1+1+1+1+1+1+1+34+120+120+120+120+120+120+705+705+705
1+1+1+1+1+1+1+1+1+1+1+1+34+34+120+120+120+120+705+705+705+705
1+1+34+34+34+34+34+34+705+705+705+705+705+705+705+705+705+705+705+705+705+705
1+1+1+705+705+705+705+705+705+705+705+705+705+705+705+705+705
1+1+1+120+120+120+120+120+705+705+705+705+705+705+705
1+1+1+1+1+1+1+1+1+1+1+34+34+34+120+705+705+705+705+705+705+705+705+705+705+705+705+705
1+1+1+34+34+705+705+705+705+705+705+705
1+1+1+1+1+1+1+1+1+1+1+34+34+34+34+34+34+120+120+705+705+705+705+705
1+1+1+1+1+1+1+1+34+34+34+120+705+705+705+705+705+705+705+705+705+705+705+705+705+705
1+34+34+34+34+34+34+120+705
1+1+1+1+34+34+34+34+120+120+705+705+705+705+705+705+705+705
1+34+34+34+34+34+34+34+34+34+120+120+120+120+120+120+705+705+705+705+705+705+705+705+705+705
1+34+34+34+34+34+705+705+705+705+705+705+705+705+705+705
1+1+1+1+1+1+1+1+1+34+34+120+120+120+120+705+705+705+705+705+705
1+1+1+1+1+1+1+1+1+1+1+1+34+34+34+34+34+120+120+705+705+705+705+705+705+705+705+705+705+705+705+705
1+1+1+1+1+1+34+34+120+120+120+120+705+705+705+705+705+705+705+705+705
1+1+1+34+34+120+120+705+705+705+705+705+705+705+705+705+705+705
1+34+120+120+705+705+705
1+1+1+1+1+34+34+34+120+120+705+705+705
1+1+1+1+34+34+34+705+705+705+705+705+705+705+705+705+705+705+705+705+705
1+1+1+1+1+1+1+1+1+1+1+120+705+705+705+705+705
1+1+34+34+705+705+705+705+705+705
1+1+1+1+1+1+1+1+1+34+34+705+705+705+705+705+705+705+705+705+705+705
1+1+1+1+1+1+1+1+1+34+34+34+34+34+120+120+120+705+705+705+705+705
1+1+1+1+1+34+34+120+705+705+705
34+34+120+120+120+120+120+705+705+705+705+705+705+705+705+705+705+705
1+1+1+34+34+705+705+705+705+705+705
1+1+1+1+1+1+1+1+34+34+34+34+120+120+120+120+705+705+705+705+705+705
1+34+34+34+34+34+34+34+120+120+120+120+705+705
1+1+1+34+34+34+34+34+34+120+120+705
1+1+1+1+1+1+1+1+34+34+34+120+705+705+705+705+705+705+705+705
34+34+34+34+34+34+120+705+705+705+705+705+705+705
1+1+1+1+1+1+1+1+1+1+1+34+34+34+34+120+705+705+705+705+705+705+705+705+705+705+705
34+34+34+120+120+120+120+120+120+705+705+705+705+705+705+705+705+705+705+705+705+705+705
1+34+34+34+34+34+34+120+705
34+34+34+34+34+34+34+34+34+34+34+34+34+34+34+34+34+705
1+1+1+1+1+1+120+120+120+120+705+705+705+705+705+705+705+705+705+705+705+705+705+705
1+1+1+1+1+1+1+1+34+34+120+120+120+120+705+705+705+705+705
34+34+34+34+34+34+34+34+120+120+120+120+705+705+705+705+705+705+705+705+705+705+705+705+705+705
34+120+120+120+120+120+120+120+120+120+120+120+120+120+120+120+705+705+705+705+705+705+705+705+705+705
1+1+1+1+1+1+1+1+1+1+34+34+34+34+120+120+120+120+705+705+705+705+705
1+1+1+1+1+1+1+1+1+1+1+1+34+34+34+120+705+705+705+705+705+705+705+705+705+705+705+705+705
1+1+1+1+1+1+1+1+1+34+34+120+120+705+705+705
34+34+34+34+34+34+34+34+34+34+34+34+120+120+120+120+120+120+120+120+705+705+705+705
1+1+1+1+1+1+34+34+34+34+34+34+705+705+705+705+705+705+705+705+705+705+705+705+705+705
1+1+1+1+1+1+1+1+1+1+1+34+120+120+120+120+120+120+705+705+705+705+705+705+705+705+705+705+705+705+705+705
34+34+120+120+120+120+120+120+120+120+120+120+120+705+705+705+705+705+705+705
1+1+1+1+1+1+1+1+1+1+120+120+120+705+705+705+705+705+705+705+705+705+705+705+705
34+120+120+120+120+120+705+705+705+705+705+705+705+705+705+705+705+705+705
1+1+1+1+1+1+1+1+1+1+34+34+34+34+120+120+120+120+705+705+705+705+705+705
34+34+120+120+120+120+120+705+705+705+705+705+705+705+705+705
1+1+1+1+1+1+1+34+34+34+34+34+34+120+705+705+705+705
1+1+1+1+1+1+1+1+1+1+1+1+34+120+120+120+705+705+705+705+705+705+705+705+705+705
1+1+1+1+1+1+1+34+34+120+120+120+120+705+705+705+705+705+705
34+34+34+34+34+34+34+34+34+34+34+120+705+705+705+705+705
1+1+1+1+1+1+1+1+1+34+34+34+34+34+34+705+705+705+705
1+1+1+1+34+34+705+705+705+705+705+705+705+705+705+705+705+705
1+1+1+34+120+120+120+120+705+705+705+705+705+705
1+1+1+1+1+1+1+1+1+1+1+1+34+120+120+705+705+705+705+705+705+705+705+705+705+705+705
1+1+1+1+1+1+1+1+1+1+1+34+120+120+120+120+705+705+705+705+705
1+1+34+34+34+34+120+120+705+705
1+1+1+1+34+34+705+705+705+705+705+705+705+705
1+1+1+1+1+1+1+1+34+34+120+120+120+705+705+705+705+705
1+1+1+1+1+1+1+1+120+120+705+705+705+705+705+705+705+705+705+705
34+34+34+34+34+34+34+34+34+120+120+120+120+705+705
34+34+34+34+34+34+34+34+34+120+120+120+120+120+705+705+705
1+1+1+34+34+120+120+120+120+120+120+705+705+705+705
34+34+34+34+34+34+34+120+120+120+705+705+705+705+705+705+705
34+34+34+34+34+34+34+120+705+705+705+705+705+705+705+705+705
1+34+34+34+34+34+34+34+34+120+705+705+705+705+705+705+705+705
1+34+34+34+34+34+34+34+34+34+34+120+120+120+120+705+705+705+705+705+705
1+34+34+34+34+34+120+120+120+120+705
1+1+1+1+1+1+34+705+705+705+705+705+705+705+705
34+34+34+34+34+120+120+120+120+120+120+120+120+705+705+705+705+705+705+705+705+705+705+705+705
1+1+1+1+1+1+1+1+1+34+120+120+120+705+705+705+705+705+705+705+705+705+705+705+705
1+1+1+1+1+1+1+1+1+1+1+1+34+34+34+34+34+120+120+120+120+705+705+705+705+705+705+705+705+705+705+705+705+705+705
1+1+1+1+1+34+34+34+120+120+120+705+705+705+705+705+705+705+705+705+705
34+120+120+120+705+705+705+705+705+705+705+705+705+705+705+705+705
1+34+34+34+34+34+120+120+705+705+705+705+705+705+705+705+705+705
1+1+1+1+1+1+34+34+34+120+705+705+705+705
1+34+34+34+34+34+34+34+34+34+34+120+705+705+705
1+1+1+1+1+1+1+1+34+34+34+34+34+34+120+120+120+120+705+705
34+120+120+120+705+705+705+705+705+705+705+705+705+705+705+705+705
1+1+1+34+34+34+120+120+120+120+705
1+34+120+120+120+705+705+705+705+705+705+705+705+705+705+705
34+120+120+120+120+120+705+705+705+705+705+705+705+705+705
1+1+1+1+1+1+1+1+1+1+1+34+34+34+705+705+705+705+705
34+34+34+34+34+34+34+34+34+34+120+705+705
1+34+34+34+34+120+120+120+120+120+120+705+705+705+705+705+705
1+1+1+1+1+1+1+1+1+34+120+120+120+120+705+705+705+705+705+705+705+705+705+705+705+705
1+34+34+34+34+34+34+120+120+120+705+705+705+705+705
1+1+1+1+1+34+34+34+34+34+34+120+705+705+705+705+705+705
34+34+34+34+34+120+120+120+120+120+120+705+705+705+705+705
1+1+1+1+1+1+1+1+1+1+34+34+34+34+120+120+705+705+705+705+705+705+705+705
1+1+34+34+34+34+120+120+120+120+120+120+705+705+705+705+705
1+1+1+1+1+1+1+1+1+1+120+120+120+120+705+705+705+705+705+705+705+705+705+705
1+1+1+1+34+120+120+120+705+705+705+705+705+705+705
1+1+34+34+34+34+34+34+120+120+120+120+120+120+705+705+705+705
1+1+1+1+1+1+1+1+1+1+34+34+34+34+34+34+120+120+120+705+705+705+705+705+705+705+705+705+705+705
1+1+1+1+705+705+705+705+705+705+705+705
1+1+1+1+1+34+34+120+120+120+120+120+120+705+705+705+705+705+705+705
34+34+34+120+120+120+120+120+120+120+120+120+705+705+705+705+705+705+705+705+705+705+705
1+1+1+1+1+1+1+1+1+1+1+34+34+34+120+705+705+705+705+705+705+705+705+705+705+705
1+1+1+34+34+34+705+705+705+705+705+705+705+705+705+705+705+705+705+705
1+34+34+34+34+120+120+120+705+705+705+705+705+705+705+705+705
34+34+34+34+34+34+34+34+34+34+34+34+120+120+120+120+120+120+705
1+1+1+1+1+34+34+120+705+705
1+1+1+1+1+1+1+1+34+34+120+120+120+705+705+705+705
1+1+34+34+120+120+120+705+705+705+705+705+705+705+705+705+705+705
1+1+705+705+705+705+705
1+34+34+34+34+34+34+34+34+34+705+705+705+705+705+705+705+705+705+705+705
1+1+1+1+1+1+1+1+1+1+1+120+120+120+120+120+120+705+705+705+705+705+705+705+705+705+705+705+705+705
34+34+34+34+120+120+120+120+120+120+120+120+120+120+705+705+705
34+120+120+120+120+120+120+120+120+120+120+120+120+120+120+120+120+120+705+705+705+705
120+120+120+120+120+120+120+120+120+120+120+120
1+1+120+120+120+705
1+1+1+1+1+1+1+1+1+120+120+705+705+705+705+705+705+705+705+705+705+705
1+1+1+1+1+1+1+1+1+1+1+34+120+120+705+705+705+705+705+705+705
1+1+1+1+34+34+120+120+120+705+705+705+705+705
1+1+1+1+1+34+34+34+34+34+120+120+705+705+705+705+705+705+705+705+705
1+1+1+1+1+1+1+1+34+34+34+120+120+120+705+705+705+705
34+120+120+120+120+705+705+705+705+705+705+705+705+705+705+705+705+705+705
1+1+1+1+34+34+34+120+120+120+705+705
34+34+34+34+34+34+34+34+34+34+34+120+120+120+120+120+120+120+705+705+705+705+705+705+705+705+705+705+705+705+705
1+1+1+1+1+1+34+34+34+34+34+120+120+120+120+705+705+705+705+705+705+705+705+705+705
1+1+1+1+1+1+1+1+1+1+1+1+34+34+120+120+120+120+705+705+705
1+1+1+1+1+1+1+34+120+120+120+120+120+120+705+705+705+705+705+705+705+705
1+1+1+1+1+1+1+1+1+1+1+34+120+120+120+705+705+705+705+705+705+705+705+705
34+34+34+34+34+120+120+120+120+120+120+120+705+705+705+705
1+1+1+1+1+1+34+34+34+34+34+705+705+705+705+705+705+705
1+1+1+1+1+1+1+1+1+34+34+34+34+120+120+120+120+705+705+705+705+705+705+705+705+705+705+705+705+705
1+1+1+1+1+1+1+1+1+1+1+1+34+120+120+120+120+120+705+705+705+705+705
1+1+1+1+1+1+34+34+34+34+34+120+705+705+705+705+705+705+705
1+34+34+34+34+34+34+120+120+120+120+120+705+705+705+705+705+705+705+705
1+1+1+1+1+1+1+1+1+34+34+34+34+34+120+705+705+705+705
1+1+1+1+1+1+1+1+1+120+120+120+705
1+1+1+34+34+34+34+705+705+705+705+705+705+705
120+120+120+120+120+120+705+705+705+705+705+705+705+705+705+705+705+705+705+705
1+1+34+34+34+34+34+120+120+705+705+705
1+34+34+34+34+34+34+34+34+120+705+705+705+705+705+705+705+705+705+705
34+120+705+705+705+705+705+705+705+705+705+705+705+705
1+1+1+1+1+1+1+1+1+1+1+34+34+34+34+34+120+705+705+705+705+705+705+705+705+705+705+705+705
1+1+1+1+1+1+1+1+1+1+1+1+34+34+34+34+120+705+705+705+705+705+705+705
1+1+1+1+1+34+34+34+34+120+705+705+705+705+705+705+705+705+705+705+705+705+705
34+34+34+120+120+120+705+705+705+705+705+705+705+705+705+705+705+705+705+705
1+1+1+1+1+1+1+1+1+34+34+34+120+120+705+705+705+705+705+705+705+705+705+705+705
1+1+1+1+1+1+1+1+1+120+120+120+120+120+705+705+705+705+705+705+705+705+705+705+705+705+705+705
1+1+1+1+1+1+1+120+705+705+705+705+705+705+705+705+705+705
34+120+120+120+120+120+120+120+120+120+120+120+120+120+120+120+705
1+1+1+34+34+34+34+34+34+120+120+705+705+705+705+705+705+705+705+705+705+705+705+705+705
1+1+34+34+34+34+120+120+120+120+705+705+705
1+1+1+34+34+120+120+120+120+120+705+705+705
1+1+1+1+1+1+1+1+34+34+34+34+120+120+705+705+705+705+705+705+705+705+705+705
1+1+1+1+1+1+1+1+1+34+34+120+120+120+120+120+705+705+705+705+705+705+705+705+705+705+705
34+34+34+120+120+120+120+120+120+120+120+705+705+705+705+705+705+705+705+705+705+705+705
1+1+1+1+1+1+1+1+1+1+705+705+705+705+705
34+34+34+34+34+34+34+34+34+34+34+34+34+34+120+705
34+120+120+120+120+120+120+120+120+120+120+120+120+120+120+120+705+705+705+705+705+705+705+705+705+705
34+34+34+34+34+34+34+34+34+34+34+34+34+34+705+705+705+705+705+705
34+34+34+34+34+34+34+34+34+34+120+120+120+705+705+705+705+705+705+705+705+705+705
34+34+34+34+34+34+34+34+34+34+34+34+34+34+120+705+705+705+705+705+705+705+705+705+705+705
1+1+1+1+1+1+1+1+1+1+34+34+34+34+34+120+705+705+705+705+705+705+705+705+705+705+705+705+705
34+34+34+34+34+120+120+120+705
34+34+34+34+120+120+120+120+705+705+705+705+705+705+705+705
1+1+1+1+1+1+1+1+1+34+34+34+34+34+120+120+120+120+705+705+705+705+705+705+705+705+705+705+705+705+705+705
1+1+1+1+1+1+1+1+34+34+120+120+120+120+705+705+705+705+705+705+705
1+1+1+1+1+1+1+1+1+1+34+34+34+34+120+120+120+705+705+705+705+705+705+705+705+705+705
1+1+1+1+1+1+1+1+1+34+120+120+120+120+120+705+705+705
1+34+34+34+34+34+34+120+120+705+705
1+1+1+1+1+120+120+120+120+120+705+705+705+705+705
1+1+1+1+1+1+1+1+1+1+1+1+34+705+705
34+34+34+34+120+120+120+120+120+120+120+120+120+705+705+705+705+705+705+705
1+34+34+34+34+34+34+34+34+705+705+705+705+705+705+705+705+705+705+705+705
1+1+1+1+1+1+1+1+1+34+34+120+120+120+120+120+120+705+705+705
1+1+1+1+1+1+1+1+1+34+34+34+34+34+120+120+120+120+705+705+705+705+705+705+705+705+705+705+705+705
1+1+1+1+1+1+1+1+1+1+34+705+705+705+705+705
1+1+1+1+1+1+1+34+34+34+34+120+120+120+705+705+705+705+705+705+705+705+705+705+705
1+1+34+34+120+705+705+705+705
1+1+34+34+34+34+120+120+120+705+705+705+705+705+705+705+705+705+705+705
1+1+1+1+1+1+705+705+705+705+705
1+1+1+1+120+120+120+120+705+705+705+705+705+705+705+705+705+705+705+705+705+705
1+1+1+1+1+1+1+34+34+34+34+34+34+120+120+120+705+705+705+705
1+1+1+1+1+34+34+34+705+705+705+705+705+705+705+705+705
1+1+1+1+1+34+34+34+34+120+120+120+120+705+705
1+1+1+1+1+34+34+34+34+34+34+120+120+705+705+705+705+705+705+705
1+1+1+1+34+34+34+34+34+34+120+705+705+705+705+705+705+705+705+705+705+705
120+120+120+120+120+705+705+705+705+705+705+705
1+1+34+120+120+120+120+120+120+705+705+705+705+705+705+705+705+705+705+705+705+705
1+34+34+34+34+34+34+34+120+705+705+705+705+705+705+705+705+705+705+705
1+1+1+1+1+34+34+34+120+120+120+120+705
1+1+1+34+34+34+34+34+34+705+705+705+705+705
1+1+1+1+34+34+34+705+705+705+705+705+705+705+705+705+705+705+705+705+705
34+34+120+120+120+120+120+120+120+120+120+120+120+120+120+705+705+705+705+705+705+705+705
34+34+34+34+34+34+34+34+34+705+705+705+705+705+705+705
1+1+1+1+1+1+1+1+1+34+34+34+34+34+705+705+705+705
1+1+1+1+1+34+34+34+34+34+120+120+120+705+705+705+705+705+705
1+1+1+1+1+1+1+1+1+1+1+1+34+34+34+120+120+120+120+705+705+705+705+705
1+34+34+34+120+120+705
1+1+705+705+705+705+705+705+705+705+705
34+34+34+34+34+34+34+34+34+34+34+34+34+120+120+120+705
34+34+34+34+34+120+120+120+120+705+705
34+34+34+34+34+34+34+120+120+120+120+705+705+705+705+705+705+705+705+705+705+705+705
1+34+34+34+34+34+34+34+120+120+120+120+705+705+705+705+705+705+705+705+705+705+705+705
34+34+34+34+34+34+34+34+34+120+120+120+705+705+705+705+705+705
1+1+1+1+1+34+34+120+120+120+120+120+120+705+705
1+1+1+1+1+1+1+1+1+1+1+1+34+34+34+34+34+34+120+705+705+705+705+705+705+705+705+705+705+705+705+705
34+34+34+34+34+34+34+34+34+120+120+120+120+120+705+705+705+705+705+705+705+705+705+705+705+705+705+705
1+1+1+1+1+1+1+1+1+1+34+34+34+34+34+34+705+705+705+705+705+705+705+705+705+705+705+705+705
34+34+34+34+34+34+34+34+34+34+34+34+34+120+120+120+705+705
34+120+120+120+120+705+705+705+705+705+705+705+705+705+705+705+705+705
34+34+34+34+34+34+34+34+34+120+120+120+120+120+120+120+120+120+705+705
1+1+1+1+34+34+34+34+120+120+705+705+705+705+705+705+705+705+705+705+705+705+705+705+705
1+1+34+120+120+120+120+120+120+705+705+705+705+705+705+705+705+705
1+1+1+1+1+1+120+120+120+120+705+705+705+705+705+705+705+705+705+705+705+705+705
1+1+1+1+34+34+34+34+120+120+120+705+705+705+705+705+705+705+705+705+705+705
1+1+1+1+1+1+1+1+1+1+34+34+34+34+34+120+705+705+705+705+705+705+705+705+705+705+705+705+705+705
120+120+120+120+120+705+705+705+705+705+705
1+34+34+120+120+120+120+705+705+705+705+705+705+705+705+705
1+1+1+1+1+1+1+1+1+1+1+1+34+34+120+705+705+705+705+705+705+705+705+705+705+705+705+705+705+705
1+1+1+34+34+34+34+34+34+120+120+120+120+705+705+705+705+705+705+705+705+705+705+705+705
1+1+1+1+1+1+1+1+1+1+1+1+120+120+120+120+705+705
1+1+1+1+1+1+1+34+34+34+34+34+34+705+705+705+705+705+705+705+705+705+705+705+705+705+705
1+1+1+1+34+34+34+34+34+34+705+705+705+705
1+1+1+1+1+34+34+34+34+34+34+120+705+705
1+1+1+1+1+1+1+1+1+1+1+1+34+34+34+120+120+705+705+705+705+705+705
1+1+1+1+1+1+1+34+34+34+34+120+705+705+705+705+705+705+705
1+1+1+34+34+120+120+120+705+705+705+705+705+705+705+705+705
120+120+120+120+120+120+120+120+120+120+120+120+120+120
1+1+1+34+34+34+34+34+34+120+120+120+705+705+705+705+705+705+705
1+1+1+1+1+1+1+1+1+34+34+34+34+120+120+120+705+705
1+34+120+120+120+120+120+120+705+705+705+705+705+705+705+705+705+705+705+705
1+1+1+1+1+34+34+120+120+120+120+705+705+705+705+705+705+705+705+705+705+705
1+1+1+1+1+1+1+1+1+1+1+1+34+34+34+34+705+705+705+705+705+705+705+705+705+705+705
1+1+1+1+1+1+34+34+34+34+34+34+120+120+120+705+705+705+705+705+705+705+705+705+705+705
1+1+1+1+1+1+1+1+1+120+120+120+705+705
1+1+1+34+705+705+705+705+705+705+705+705+705+705+705+705+705+705+705
1+1+1+1+1+34+34+120+120+120+120+705+705+705+705+705+705+705+705+705+705+705+705
1+1+34+34+34+34+34+120+120+705+705+705+705+705+705+705+705+705+705+705+705
34+34+34+34+34+34+120+120+120+120+120+120+120+120+120
1+34+34+34+34+120+120+120+705+705+705+705+705+705
1+1+1+1+34+34+34+705+705+705+705+705+705+705+705
1+1+34+34+34+34+120+120+705+705
1+1+1+1+1+1+1+34+34+34+34+34+120+705+705+705+705+705
1+120+120+120+120+120+120+705+705+705+705+705+705+705+705+705
1+1+1+1+1+1+1+1+1+1+34+34+120+705+705+705+705+705+705+705+705+705+705
1+1+1+1+1+1+1+34+120+120+705+705+705+705+705
120+120+120+120+120+120+120+120+120+120+120+705
1+1+1+1+1+1+1+1+1+1+120+120+120+120+705+705+705+705+705+705+705+705
1+1+1+1+1+1+1+1+1+1+1+1+34+34+34+34+34+120+705+705+705+705+705+705+705
1+1+1+1+1+1+1+1+1+1+1+1+34+34+34+120+120+120+705+705+705+705+705+705+705
1+1+1+1+1+1+1+1+1+1+1+1+34+34+120+120+120+120+705+705+705+705+705+705+705+705+705+705
1+1+1+1+34+34+34+120+120+705+705+705+705+705
1+34+34+34+34+34+34+34+34+34+34+705+705+705+705+705+705+705+705
1+1+1+1+1+1+1+1+1+1+1+1+34+705+705+705+705+705+705+705+705+705
34+34+34+34+34+34+120+120+120+120+705+705+705
1+1+1+1+1+1+1+1+1+34+705+705+705+705+705+705+705+705+705
1+1+1+1+34+34+34+34+120+120+120+705+705+705+705+705+705+705+705+705+705
34+34+34+34+34+34+34+34+120+120+120+120+120+120+120+120+705+705+705+705
1+1+1+1+1+1+1+1+1+1+1+34+34+34+34+34+34+120+705+705+705+705+705+705+705+705+705+705+705
1+1+1+1+1+1+34+34+34+34+120+120+120+705+705+705
1+1+1+1+1+1+1+1+1+1+1+1+34+34+120+120+705+705+705+705+705+705+705+705+705+705+705+705+705+705
1+1+1+34+34+34+120+120+705+705+705
120+120+120+120+120+120+120+120+120+120+120+120+120+120+705+705+705+705+705+705
1+1+1+1+1+1+1+34+34+34+120+705+705+705+705+705+705+705
34+34+34+34+34+34+120+120+120+120+120+120+705+705
1+1+1+1+1+1+1+1+1+120+120+120+120+705+705
1+1+1+1+1+120+705+705+705+705+705+705+705+705+705+705+705+705+705+705
34+34+120+120+120+120+120+705+705+705+705+705
1+1+1+1+1+1+1+1+1+1+1+34+705+705+705+705+705+705+705+705
1+1+1+1+1+1+1+1+120+120+120+120+705+705+705+705+705+705+705+705+705+705+705
1+1+1+1+1+1+1+1+1+1+34+34+34+34+34+34+120+120+120+120+705+705+705+705+705+705+705+705
1+1+1+1+1+34+34+34+705+705+705+705+705
1+1+1+1+1+1+1+1+1+1+1+120+120+120+120+120+120+705+705+705+705+705+705+705+705+705+705+705
1+1+34+34+34+34+34+34+705+705+705+705
1+34+34+120+120+705+705+705+705+705+705+705+705+705
1+34+34+34+34+34+34+34+34+120+705+705
1+1+1+1+1+1+1+1+1+34+120+120+120+120+120+120+705+705+705+705+705+705+705
34+34+34+34+34+120+120+705+705+705+705+705+705+705+705+705+705+705+705+705
34+34+34+120+120+120+120+705+705+705+705+705
34+34+34+34+34+34+34+34+34+34+705+705+705+705+705
1+34+120+120+120+120+120+120+705+705+705+705+705
1+1+1+34+120+705+705+705
1+1+34+34+120+120+120+120+120+705+705+705
1+1+1+1+1+1+1+1+1+34+34+34+34+120+705+705+705+705+705+705+705+705+705+705+705+705+705+705
1+1+1+1+1+1+1+1+1+1+1+1+34+34+34+120+120+120+120+705+705+705+705+705+705+705+705+705+705+705+705+705
1+34+34+34+34+34+120+120+120+705+705+705+705+705+705+705+705+705+705
1+34+34+34+34+34+120+120+705+705+705+705+705+705+705+705+705+705+705+705+705+705
34+34+120+120+120+120+120+120+120+120+120+120+120+120+120+120+120+120+120+705+705+705+705+705+705+705
34+120+120+120+120+120+120+120+120+120+120+120+120+120+120+120+120+705+705+705+705+705+705
1+1+1+1+1+1+34+34+705+705+705+705+705+705+705+705+705
1+1+1+1+1+1+1+1+1+1+1+1+120+120+120+120+120+120+705+705+705
1+1+1+1+1+34+34+34+34+34+34+120+120+120+120+705+705
1+1+1+1+1+1+1+1+1+34+34+34+120+120+705+705
1+1+34+34+34+34+34+120+705+705+705+705+705
1+1+1+1+1+1+34+34+34+34+34+120+120+120+120+705+705+705+705+705+705+705+705
1+1+1+1+1+1+1+1+1+1+34+34+34+34+34+34+120+120+120+705+705+705+705+705+705+705+705+705+705+705
1+1+1+34+34+120+120+120+120+120+705+705+705
1+1+1+34+120+705+705+705+705+705+705
34+120+120+120+120+120+120+120+120+120+120+120+120+705+705+705+705+705+705+705+705+705+705+705+705+705
34+34+34+34+34+34+34+34+34+34+120+120+120+120+120+120+705+705
1+1+1+1+1+120+120+120+120+120+705+705+705+705+705+705+705+705+705+705+705+705+705
1+1+1+34+34+34+120+120+705+705+705+705+705+705+705+705+705+705+705+705
1+1+1+1+1+1+1+1+1+1+1+1+34+34+34+34+34+34+120+120+120+705+705+705+705+705+705
1+1+1+34+34+34+34+120+120+120+120+705+705+705+705+705
1+1+1+1+1+1+1+1+1+1+34+34+34+34+34+120+705+705+705+705+705+705+705
34+34+120+120+120+120+120+120+120+120+705+705+705+705+705+705+705
1+1+1+34+34+120+705+705+705+705+705+705+705+705+705+705+705
1+1+1+34+120+705+705+705+705+705+705+705+705+705+705+705+705+705+705
1+1+1+34+120+120+120+705+705+705+705+705+705
1+1+1+1+34+34+34+34+120+120+705+705+705+705+705+705+705
1+34+34+34+34+34+34+34+34+34+34+120+120+120+705+705+705+705+705+705+705+705+705+705+705
1+34+34+120+120+120+120+705+705+705+705+705
34+34+34+34+34+34+34+34+34+34+34+120+120+120+705+705+705+705+705
1+34+34+34+34+34+34+34+120+120+120+705+705+705+705+705+705+705+705+705+705+705+705+705+705
1+34+34+34+34+34+34+34+34+34+120+120+705+705+705+705
1+1+1+1+1+1+1+1+1+120+120+120+120+120+120+705+705+705+705+705+705+705+705+705+705
1+1+1+1+1+1+1+1+1+1+1+1+34+34+120+705+705
1+1+34+34+34+34+120+705+705+705+705+705+705+705+705+705+705+705+705
34+34+34+34+34+34+34+34+120+705+705
1+1+1+1+1+1+1+1+1+1+1+34+34+120+120+120+120+120+120+705+705+705+705+705+705+705
1+34+34+120+120+120+705+705+705
1+1+1+1+1+120+120+120+705+705+705+705+705+705+705+705+705
1+1+1+1+1+1+1+1+1+1+34+34+120+705+705
1+1+1+1+1+1+1+1+1+1+34+34+120+120+120+120+120+705+705+705+705+705+705+705+705+705
1+1+1+34+34+34+34+34+120+120+120+120+705+705+705+705+705+705+705+705+705+705+705+705
34+34+34+34+34+34+34+34+34+120+120+120+120+120+120+120+120+120+120+705+705+705+705+705+705+705+705
34+34+34+34+34+34+34+120+120+120+120+705+705+705+705+705+705+705+705+705+705+705
1+1+1+1+1+1+1+34+34+34+34+34+34+120+705+705
1+1+1+1+1+1+1+1+1+1+34+120+120+120+120+120+705+705+705+705+705+705+705
1+1+1+1+34+34+34+34+34+34+120+120+705+705+705+705+705+705+705+705
34+34+120+120+120+120+120+120+120+120+120+120+120+705+705+705
1+1+1+1+1+1+1+1+1+1+1+34+34+120+120+120+120+705+705+705+705+705+705+705+705
1+1+1+1+1+1+1+1+1+1+1+1+34+34+34+34+34+120+120+705+705+705+705+705
1+1+1+34+34+34+34+34+34+120+120+120+120+705+705
1+1+1+34+34+34+34+34+120+120+120+120+705+705+705+705+705+705+705+705+705
1+1+1+1+1+1+1+1+1+34+34+34+120+120+705+705+705+705+705+705+705+705+705+705+705+705+705
34+34+34+34+34+34+34+120+120+120+120+120+120+120+705+705+705+705+705+705+705+705+705+705+705+705+705+705
1+1+1+1+1+1+34+34+34+34+120+120+120+120+705+705+705
34+34+34+34+34+34+34+34+34+34+120+120+120+120+705+705+705+705+705+705
34+34+34+34+34+34+34+34+34+34+120+120+705+705+705+705+705+705+705+705+705+705+705+705+705+705
1+1+1+1+1+1+1+1+1+1+705+705+705+705+705
34+34+34+34+34+34+34+34+34+120+120+120+120+705+705+705+705
1+1+1+1+1+1+1+1+120+120+705+705+705+705+705+705+705+705+705+705+705+705
1+1+34+120+120+120+705+705+705+705+705+705+705+705+705+705+705+705+705
34+34+34+34+34+34+34+34+34+120+120+120+120+120+120+705+705+705
1+1+1+1+1+1+1+1+1+34+120+120+705+705+705+705+705+705+705+705+705+705+705+705+705+705
1+1+1+1+120+120+120+120+705+705+705+705+705+705+705+705+705+705+705+705
1+120+120+120+705+705+705+705+705+705+705+705+705
34+34+34+120+120+120+120+120+120+120+120+120+120+705+705+705+705+705+705+705+705+705+705+705+705+705
1+1+1+1+1+1+1+1+1+1+120+120+120+705
1+1+1+1+1+1+1+1+1+1+34+34+34+34+705+705+705+705+705+705+705
1+1+1+1+1+1+1+34+120+120+705+705+705+705+705+705+705+705+705+705
34+34+34+34+34+705+705+705
1+1+1+1+1+1+34+120+120+120+120+120+705+705+705+705+705+705+705+705+705+705+705+705
1+34+120+120+705+705+705+705+705+705+705+705+705+705
1+1+1+1+1+1+1+120+120+120+120+705+705+705+705
1+1+1+120+120+705+705
1+1+1+1+1+1+34+34+120+120+120+705+705+705+705+705+705+705+705+705+705+705+705+705
1+1+1+1+34+34+34+34+120+120+705+705+705+705+705+705+705+705+705
1+1+1+1+1+34+34+34+34+120+705+705+705+705+705+705+705+705+705+705+705+705
1+1+1+1+1+1+1+1+1+34+120+120+705+705+705+705+705
34+34+705+705+705+705+705+705+705+705+705
1+1+1+1+1+1+1+1+34+34+705+705+705+705+705+705+705+705+705
34+34+34+34+34+34+34+120+120+120+120+120+120+120+120+705+705+705
1+1+1+1+1+1+34+34+34+34+34+120+120+120+705+705+705+705
1+1+1+1+1+1+1+34+34+120+120+120+120+120+120+705+705+705+705
1+1+1+1+1+1+1+1+1+1+1+34+34+34+120+120+120+120+705+705+705+705+705+705+705+705
1+1+1+1+1+1+34+34+34+34+34+705+705+705+705
1+1+1+1+1+1+1+1+34+34+34+34+120+120+120+705+705+705+705+705+705+705+705
1+34+34+34+120+120+120+120+120+120+705+705+705+705+705+705
1+1+1+1+1+1+1+1+1+34+120+120+705+705+705+705+705+705+705+705+705
1+1+1+34+34+34+705+705+705+705+705+705+705+705
1+1+1+1+1+34+120+705+705+705+705+705+705+705+705+705
1+34+34+34+120+120+705+705+705+705+705+705+705
1+1+1+1+1+1+1+1+1+1+34+34+34+705+705+705+705+705+705+705+705+705+705+705
1+1+1+1+1+1+120+120+120+120+120+120+705+705+705+705+705+705+705+705+705+705
1+1+34+34+34+34+120+705+705+705+705+705+705+705+705+705+705+705+705+705
34+34+34+34+34+34+34+120+120+120+705+705+705+705+705+705+705+705
1+1+1+1+1+1+1+1+1+1+34+34+34+120+120+705+705+705+705+705+705+705+705
1+1+1+1+1+1+1+1+1+1+1+34+34+34+34+34+34+120+120+120+705+705+705+705+705+705+705+705+705
1+1+1+1+1+1+34+34+34+120+120+705+705+705+705+705+705+705+705+705+705+705+705+705+705
1+1+1+1+1+1+1+1+1+1+1+1+34+705+705+705+705+705+705+705+705
1+1+1+1+1+1+1+1+1+1+1+34+705+705+705+705+705+705+705+705+705+705+705+705+705+705
1+1+1+34+34+34+120+705+705+705+705+705+705+705+705
1+1+1+1+1+705+705+705+705+705+705+705+705+705+705+705+705+705+705+705
1+1+1+1+34+34+34+120+120+120+120+705+705+705+705+705+705+705+705
1+1+34+34+34+120+705+705+705+705+705+705+705
1+1+1+1+34+34+34+34+34+34+120+705+705+705+705+705+705
1+1+1+1+34+120+120+705+705
1+1+34+120+120+120+705+705+705+705+705+705+705+705+705+705
1+1+1+1+1+34+34+705+705+705+705+705+705+705
1+1+1+34+34+34+34+34+120+120+705+705+705
1+34+34+34+705+705+705+705+705+705+705+705+705+705+705+705
1+1+1+34+34+34+34+120+120+120+120+705+705+705+705+705+705+705+705+705+705+705+705
34+34+34+34+34+120+120+120+120+120+120+120+705+705+705+705+705+705+705+705+705+705+705+705+705
1+1+34+34+34+34+120+120+120+120+120+120+705+705+705
1+1+1+1+1+1+1+1+1+1+1+1+34+120+120+120+705+705+705
34+34+34+34+34+120+120+705+705+705+705+705+705+705+705
34+34+34+34+34+34+34+120+120+120+705+705+705+705+705+705+705+705
34+34+34+34+34+34+34+34+120+120+120+120+120+705+705+705+705
1+1+1+1+1+1+34+120+705+705
1+1+1+1+1+1+1+1+1+1+34+34+34+120+120+705+705+705+705+705+705
1+1+1+1+1+1+1+34+34+34+34+34+34+120+120+120+705+705+705+705+705+705
1+1+1+1+1+1+1+1+1+1+34+120+120+120+705+705+705
1+1+1+1+1+1+1+1+1+120+120+120+120+120+120+705+705+705
1+1+1+1+1+1+1+1+1+34+34+34+34+120+705+705+705+705+705+705+705+705+705+705+705+705
1+1+1+1+34+120+120+120+120+705
1+1+1+1+1+1+1+34+120+120+120+705+705+705
34+34+34+34+34+34+34+34+34+34+120+120+120+120+120+120+705+705+705+705+705+705+705+705
1+1+1+1+1+1+1+1+1+1+1+1+705+705+705+705+705
34+34+120+120+120+120+120+120+120+705
1+1+1+1+1+120+120+120+705+705+705
1+1+1+34+34+120+120+120+120+705+705+705+705+705+705+705+705+705+705+705+705+705+705
1+1+1+1+1+34+34+34+34+120+120+120+120+705+705+705+705+705+705+705
1+1+1+1+1+1+34+34+34+34+120+120+120+705+705+705+705+705
1+1+34+34+120+120+705+705+705+705+705+705+705+705+705+705
1+34+34+34+34+34+34+34+34+705+705+705+705+705+705+705+705+705+705
1+1+1+1+1+1+1+34+34+34+705+705+705+705+705+705+705+705+705+705+705
1+1+1+1+1+1+34+34+120+120+120+120+705+705+705+705+705+705+705+705+705+705+705+705
1+1+1+1+1+1+1+1+1+1+120+120+120+705+705+705+705+705+705+705+705+705+705+705+705+705+705
1+1+1+1+1+1+34+34+120+120+705+705+705+705+705+705+705
1+1+120+705+705+705+705+705+705+705
1+34+34+34+34+34+34+34+34+34+120+705
1+1+1+1+1+1+1+1+1+34+34+34+34+34+705+705+705+705+705+705+705+705+705
120+120+120+120+120+120+120+120+120+120+120+120+120+120+120+705+705+705+705+705
34+34+34+34+34+34+34+34+120+120+120+120+120+120+120+120+120+120+705+705+705+705+705
1+1+34+34+34+34+34+34+120+120+120+120+120+120+705
1+1+1+1+1+1+1+1+1+1+34+34+34+34+120+120+120+120+705+705
1+1+1+1+1+1+1+1+1+1+120+120+120+120+705+705+705+705+705+705+705+705
34+34+34+34+34+34+34+34+34+34+120+120+705+705+705+705+705+705
34+34+34+120+120+120+120+120+120+120+120+705+705+705+705+705+705+705+705+705+705+705+705+705+705
1+34+34+34+34+34+34+34+34+34+120+120+120+120+120+120+705+705+705+705+705+705+705+705+705
1+1+1+1+1+1+1+1+34+34+34+34+34+120+120+705+705+705+705+705+705+705+705+705+705+705+705+705+705
1+34+120+705+705+705+705+705+705+705+705+705+705+705+705+705
1+1+1+1+1+1+1+1+1+1+34+34+34+34+34+34+120+120+705+705+705+705+705+705+705+705
1+1+1+1+1+34+120+120+120+120+705+705+705+705+705+705+705+705+705+705+705+705+705+705
34+120+120+120+120+120+120+120+120+120+120+705+705+705+705
34+120+120+120+120+120+120+120+705+705
1+1+1+1+1+34+34+34+34+120+120+120+705+705+705+705+705+705+705
1+34+705+705+705+705+705+705
34+120+120+120+120+120+120+120+120+120+120+120+120+120
34+34+34+34+34+34+120+120+705+705
1+1+1+1+1+1+1+1+34+34+34+34+34+34+120+120+120+120+705+705+705+705+705+705+705+705+705+705
1+1+1+1+1+1+1+705+705+705+705+705+705+705+705+705+705+705+705+705+705+705
1+34+34+34+34+34+34+34+34+34+34+120+120+705+705+705+705
1+1+1+1+1+1+1+34+34+120+120+120+120+705+705+705+705+705+705+705+705+705+705+705+705
34+34+34+34+34+34+34+34+34+34+120+120+120+120+705+705+705+705+705+705+705+705+705+705+705+705
1+1+1+1+1+1+1+1+1+34+120+120+705+705+705+705+705+705+705+705+705+705+705+705+705+705
1+1+1+1+1+1+1+1+1+1+34+34+34+120+705+705+705+705+705+705+705+705+705+705+705+705+705+705
1+1+1+34+34+34+120+120+120+705
1+1+1+1+1+1+1+1+1+1+1+34+34+120+705+705+705
1+1+34+34+34+34+34+705+705+705+705+705+705+705+705+705+705+705+705+705+705
1+1+1+1+1+34+34+120+120+120+120+120+705
1+1+1+1+1+1+1+1+1+1+34+120+120+120+120+705+705
1+1+1+1+1+1+1+1+1+34+120+120+120+120+705+705+705+705+705+705
1+1+1+1+1+34+34+34+34+34+120+120+120+705+705+705+705+705
1+1+1+1+1+34+34+120+120+120+705+705+705+705+705
1+1+1+1+1+1+1+1+1+1+1+1+34+34+34+34+34+120+705+705+705
1+1+1+34+34+34+34+120+120+120+120+705+705+705+705+705+705+705+705
1+1+1+1+1+1+1+1+1+1+34+34+34+34+705+705+705+705+705+705+705+705+705+705
1+1+1+1+1+1+1+705+705+705+705+705+705+705+705+705+705+705
1+1+1+1+1+1+1+34+34+34+34+34+120+705
1+1+1+1+34+34+34+34+120+705+705+705+705+705+705+705+705+705+705+705+705+705
1+1+1+1+1+1+1+1+1+1+1+1+34+34+34+120+120+705+705+705+705+705+705+705+705
34+34+34+34+34+34+34+34+34+34+34+34+120+120+120+120+705+705+705+705+705+705+705+705+705
1+1+1+1+1+1+1+1+1+34+34+34+34+34+34+120+120+120+120+705+705+705
1+1+1+1+1+1+1+1+1+1+1+1+34+120+120+120+705+705+705+705+705
1+34+34+120+120+705+705+705+705+705+705+705+705
1+1+1+34+34+34+34+34+34+120+120+120+705+705+705+705+705+705+705+705+705
34+34+34+34+34+34+34+120+120+120+120+120+120+705+705+705+705+705+705+705+705+705+705+705+705+705+705
1+1+1+1+1+1+1+1+1+34+120+120+120+120+120+120+705+705+705+705+705+705+705+705+705+705+705+705+705
1+1+1+1+1+1+1+1+1+1+1+120+705+705+705
1+1+1+1+1+1+1+1+1+1+1+34+34+120+120+705+705+705+705+705
1+1+1+1+1+1+1+1+1+34+34+34+34+34+120+120+120+705+705+705+705+705+705
1+1+1+1+1+1+1+1+1+1+1+1+34+34+34+34+120+705+705+705+705+705+705+705+705+705+705+705+705+705+705+705
34+34+34+120+120+120+120+120+120+120+120+120+705+705+705+705+705+705+705+705+705+705+705+705+705
34+34+34+34+34+34+120+705+705
1+1+1+1+1+1+1+34+120+120+120+120+120+705
1+1+1+34+34+34+34+120+120+120+705+705+705
1+1+1+1+34+34+34+34+34+120+705+705+705+705+705+705+705+705+705
120+120+120+120+120+120+120+120+120+120+120+120+120+705+705+705+705+705
1+34+34+34+34+120+120+120+120+120+705+705+705+705+705+705+705+705+705
1+1+1+1+1+1+1+1+1+1+1+120+120+120+705+705+705+705+705+705+705+705+705+705+705
34+34+34+34+34+34+34+34+34+34+34+34+34+120+120+120+120+120+120+120+120
1+1+1+1+1+1+1+1+1+34+120+120+705+705+705+705+705+705+705+705+705
1+1+1+1+1+1+1+34+34+120+705+705+705+705
1+1+1+34+120+120+120+705+705+705+705+705+705+705
34+34+120+705+705+705+705+705+705+705+705+705+705+705
34+34+34+34+34+34+34+34+34+34+34+705+705+705+705+705+705+705+705+705+705
34+34+34+34+34+34+34+34+120+120+120+705+705+705+705+705+705+705+705
1+1+1+1+1+34+34+34+120+120+120+705+705+705+705+705+705+705+705+705+705+705+705+705+705
1+1+1+1+1+1+1+34+34+34+34+34+34+120+120+120+120+705+705+705+705+705+705+705+705+705+705+705+705
34+34+120+705+705+705+705+705+705+705+705+705+705+705+705
1+1+1+1+1+1+1+1+1+34+34+34+34+120+120+120+705+705+705
1+1+34+34+34+34+34+34+120+120+120+120+705+705+705+705+705+705+705+705+705+705+705+705+705+705
1+1+1+1+1+1+1+1+1+1+1+34+34+34+34+34+34+120+120+705+705+705
1+1+1+1+1+1+1+34+34+34+34+34+705+705+705+705+705+705
34+34+34+34+34+34+34+34+34+34+34+34+120+120+120+120+705+705+705+705+705+705+705+705+705+705+705+705+705
34+34+34+34+34+34+120+120+120+120+120+120+120+705+705
1+1+1+1+1+1+1+120+120+120+705+705+705+705+705+705+705+705+705+705+705+705
34+34+34+34+120+120+120+120+120+120+120+120+120+120+705+705+705+705+705+705+705
1+1+1+1+1+1+1+1+34+34+34+34+34+34+120+120+120+705+705+705+705+705+705+705+705+705+705+705
1+1+34+34+34+34+34+120+120+120+120+120+120+705+705+705+705+705+705+705+705+705+705
1+1+1+1+120+705+705+705+705+705+705+705+705
1+1+1+1+1+1+1+1+34+34+34+34+34+705+705+705+705+705+705+705+705+705+705+705+705+705
34+34+34+34+34+34+120+120+120+705+705+705+705+705+705+705+705
34+34+34+34+34+34+34+34+120+120+120+120+120+120+120+705+705+705
1+1+1+1+1+34+34+34+34+120+120+120+705+705+705+705+705+705+705
34+34+34+34+34+34+120+120+120+120+120+120+120+120+705+705+705+705+705+705+705+705+705+705+705
1+1+1+1+1+1+1+1+120+120+120+120+705+705+705+705+705+705
1+1+1+1+1+1+34+120+120+705+705+705+705+705+705+705+705+705
1+1+1+1+1+1+1+1+1+1+34+34+34+34+34+34+120+705+705+705+705+705+705+705+705+705+705+705+705+705
1+1+1+1+1+1+1+1+1+1+1+34+34+34+34+120+120+705+705+705+705+705+705+705+705+705+705+705+705+705+705+705
34+34+34+34+34+34+34+34+34+34+34+34+34+705+705+705+705+705+705+705+705+705+705+705+705
1+1+1+1+1+1+1+1+1+1+34+34+34+34+34+34+705+705+705+705+705+705
1+1+1+34+705+705+705
1+1+1+1+1+1+1+1+1+1+34+34+34+34+120+120+120+705+705+705+705+705+705+705+705+705+705+705
34+34+34+120+120+120+705+705+705+705+705+705+705+705+705+705+705+705+705
1+34+34+34+34+34+120+705+705+705+705+705+705
1+1+1+1+34+34+34+705+705+705+705+705+705+705+705+705+705+705
34+34+34+34+34+34+120+120+705+705+705+705+705+705+705+705+705+705+705+705
1+1+1+1+1+1+1+1+1+120+705+705+705+705+705+705+705+705
1+1+1+34+705+705+705+705+705+705
120+120+705+705+705+705+705+705+705+705+705+705
1+1+1+1+1+34+120+120+705+705+705+705+705+705+705+705
1+1+1+1+120+705+705+705+705+705
1+1+1+1+1+1+1+1+1+1+1+120+120+120+705+705+705+705+705+705
1+1+1+1+1+1+1+1+1+34+34+120+120+120+120+120+705+705+705+705+705+705+705+705+705+705+705+705+705
34+34+34+34+120+705+705
1+1+1+1+1+34+34+34+120+120+120+120+705+705
1+1+1+1+1+1+1+1+1+1+1+34+34+34+34+34+34+120+120+120+120+705+705+705+705+705+705+705
1+1+1+1+1+1+1+1+1+34+120+120+120+120+705+705+705+705+705+705+705+705+705+705+705+705+705+705
1+1+1+1+1+1+1+1+1+1+34+34+120+705+705+705+705+705+705+705+705+705+705+705+705+705
34+34+34+34+120+120+120+120+120+120+120+120
34+34+34+34+34+34+34+34+34+120+120+120+120+120+120+705+705
1+1+1+1+1+1+1+1+1+34+34+34+34+120+120+705+705+705
1+1+1+1+1+1+1+1+1+34+34+34+34+34+120+120+705+705+705+705
1+34+705+705+705+705+705+705+705+705+705+705
1+1+1+1+1+1+1+1+1+34+120+120+120+120+120+120+705+705
1+1+1+1+1+1+1+1+1+1+1+1+34+34+34+34+120+705+705+705+705+705+705+705+705+705+705+705+705+705+705
1+1+1+1+1+34+34+34+120+120+120+705+705+705+705
1+1+1+1+1+1+34+34+34+34+120+120+120+120+705+705+705+705+705+705+705+705+705+705+705+705+705
34+34+34+34+34+34+34+34+34+34+34+34+120+120+120+120+120+120+120+705+705+705+705
1+1+1+1+1+1+1+1+34+120+120+705+705+705+705+705+705+705+705+705+705+705
34+34+34+34+34+34+34+120+120+705+705+705+705+705+705+705
1+1+1+1+1+1+34+34+34+34+34+120+120+120+120+705+705+705+705+705+705
120+120+120+120+120+120+120+120+120+120+120+120+120+705+705+705+705+705+705+705+705
1+1+1+1+1+1+34+705+705+705+705+705+705+705
34+34+120+120+120+120+120+120+120+120+120+120+120+120+120+705+705+705+705+705+705+705+705+705+705
1+1+1+34+120+120+120+120+120+705
34+34+120+120+120+120+120+120+120+120+120+120+120+120+120+705+705+705+705+705+705+705
1+1+1+1+1+1+1+120+120+120+120+120+705+705+705+705+705+705+705+705+705+705+705+705+705+705
1+34+34+34+34+34+34+34+34+34+34+120+120+120+705+705+705+705+705+705+705+705+705+705+705+705+705+705
34+34+34+34+34+34+120+120+120+120+120+120+120+120+120+705+705+705+705+705+705+705+705+705
1+1+1+34+120+120+120+120+120+120+705+705+705+705+705+705+705+705+705+705+705+705+705
120+705+705+705+705+705+705+705+705+705+705+705+705+705+705
1+1+1+1+1+1+1+1+34+34+34+120+120+120+120+705+705+705+705+705+705+705+705
1+1+1+1+1+1+1+1+1+120+120+120+705
1+1+1+1+34+34+120+120+120+705+705+705+705+705+705+705+705+705+705+705+705+705
1+1+1+1+1+1+1+1+1+1+34+34+34+34+34+34+705+705+705+705
1+1+1+1+1+1+1+1+1+1+34+34+34+34+34+34+120+120+120+120+705+705+705+705+705+705
1+1+1+1+1+1+1+34+34+120+120+120+120+120+120+705+705+705+705+705
34+34+34+120+120+120+120+120+120+120+120+120+120+705+705+705+705+705+705+705+705+705+705+705
34+34+34+34+34+34+34+34+34+34+34+120+120+120+120+120+120+120+120+705
1+1+1+1+1+1+1+1+1+1+1+34+120+120+120+120+120+120+705+705+705+705+705+705+705+705
1+1+34+120+120+705+705
1+1+1+1+1+34+34+120+120+705+705+705+705+705+705
1+1+1+1+34+34+120+120+120+120+120+705+705+705+705+705+705+705+705+705+705+705+705+705
1+1+1+34+34+120+120+120+120+705
34+34+34+120+120+120+705+705+705+705+705+705+705
1+1+34+34+34+34+34+120+120+120+120+120+705+705+705+705+705+705+705+705+705+705+705+705+705
34+34+120+120+120+120+120+120+120+120+120+120+120+120+120+120+120+705+705+705+705+705+705+705+705+705
1+1+1+1+1+1+34+34+34+34+34+34+120+705+705+705+705+705+705+705+705+705+705+705+705
120+120+120+705+705+705+705+705+705+705+705+705+705+705+705+705
1+1+1+1+1+1+1+1+1+1+1+1+34+705+705+705+705+705+705+705+705+705
1+1+1+1+1+34+120+705+705+705+705+705+705+705+705+705+705
1+1+1+1+1+1+1+120+120+120+120+705+705+705+705+705+705+705+705+705+705+705+705+705
34+34+34+120+120+120+705+705+705+705+705
1+1+1+1+1+1+34+34+34+34+34+34+120+120+120+120+705+705+705+705+705+705+705+705+705+705+705+705+705+705
34+34+34+34+34+34+34+34+34+34+34+34+120+120+120+120+120+120+705+705+705+705+705+705+705+705+705+705+705+705+705
1+1+1+1+1+1+1+1+1+1+1+1+120+120+120+120+705+705
34+34+34+705+705+705+705
34+34+34+34+34+34+120+120+120+120+120+120+120+705+705+705+705+705+705+705+705+705+705
1+1+1+1+1+1+1+1+1+120+120+120+120+705+705
1+1+1+1+1+1+1+1+1+1+1+1+34+34+34+34+705+705+705+705+705+705+705+705+705+705+705+705+705+705+705
1+34+34+34+34+34+34+34+120+120+120+120+705+705+705+705+705
1+1+1+1+1+1+1+1+1+1+34+34+34+120+705+705+705+705+705+705+705+705
1+1+1+1+1+1+1+1+1+1+34+120+120+705+705+705+705+705+705+705+705+705
1+1+1+1+1+1+1+1+1+1+1+34+34+120+120+120+120+705+705+705+705+705+705+705+705+705+705+705+705+705
1+1+1+1+1+1+1+1+1+1+1+34+34+34+34+34+34+705+705+705+705
1+1+1+1+1+34+34+120+120+120+120+120+705+705+705+705+705+705+705+705+705+705+705+705+705+705
1+1+1+1+1+1+1+1+1+1+1+1+34+34+34+34+34+34+120+120+705+705+705
1+1+1+1+1+1+1+1+34+34+34+120+705+705+705+705+705+705+705+705+705+705
1+1+1+1+1+1+34+34+34+120+120+120+705+705+705+705+705
1+1+1+1+1+34+34+34+34+34+120+120+705+705+705+705+705+705+705+705+705
1+1+1+1+1+1+1+120+705+705+705+705+705+705+705+705+705
1+34+34+34+34+34+120+705+705
1+34+34+34+34+34+34+34+34+34+34+705+705+705+705+705+705+705+705+705+705+705+705
34+34+34+34+34+34+34+34+120+120+120+120+120+120+705+705+705+705+705+705+705+705+705+705+705+705+705+705
1+1+1+1+1+1+1+1+120+120+705+705+705+705+705+705+705+705+705+705+705+705+705+705+705
34+34+705+705
1+1+1+1+1+120+120+120+705
1+1+1+1+1+1+1+1+1+1+1+34+34+34+120+120+120+705+705+705+705+705+705+705
34+34+34+34+34+34+34+705+705+705+705+705+705+705+705+705+705+705+705
705+705+705+705
1+1+1+1+1+1+1+1+1+1+34+34+120+705+705+705+705+705+705+705+705+705+705+705+705
1+1+1+1+1+1+1+1+1+34+34+34+120+120+705+705+705+705+705
34+34+120+120+120+120+120+120+705+705+705+705+705+705+705+705+705+705+705+705
1+1+1+1+1+1+34+120+705+705+705+705
1+1+1+1+1+1+1+34+34+120+120+120+120+120+120+705+705+705+705+705+705+705+705+705+705+705
1+34+34+34+34+34+705+705+705+705+705+705+705+705+705+705+705
1+1+34+34+34+34+120+120+705+705+705+705+705+705+705+705+705+705+705+705+705
1+120+120+120+705+705+705+705
1+1+1+34+34+34+705+705+705
34+34+34+34+34+34+34+34+34+34+34+34+34+120+120+120+120+705+705+705+705+705+705+705+705+705+705+705+705+705+705
1+1+1+34+34+34+34+120+120+705+705+705+705
34+120+120+120+120+120+120+120+120+120+120+120+120+120+120+120+120+120+705+705
1+1+1+1+1+1+1+34+34+34+34+120+120+120+705+705+705+705+705+705+705+705+705+705+705
34+34+34+34+34+34+120+120+120+120+120+120+120+120+120+705+705+705+705+705+705+705+705+705+705
1+34+34+34+34+34+34+34+34+34+34+120+120+120+705+705+705+705+705+705+705+705+705+705+705+705
1+1+1+1+1+120+120+705+705+705+705+705+705+705+705+705+705+705+705+705
1+1+1+1+1+1+1+34+34+34+34+34+120+705+705+705+705+705
1+34+34+120+120+120+705+705+705+705+705+705+705
1+1+1+1+1+1+1+1+1+1+1+1+34+34+34+34+34+120+120+120+705+705+705+705+705+705+705+705+705+705+705+705
1+1+1+1+1+1+120+120+120+120+120+120+705+705+705+705+705+705+705+705+705+705+705+705+705
1+1+1+1+1+1+1+1+1+34+34+120+120+120+120+705+705+705+705+705+705+705+705+705
34+34+34+34+34+34+34+34+34+120+120+705+705+705+705+705+705+705+705+705+705
1+1+1+1+1+1+1+705+705+705+705+705+705+705+705
1+1+1+1+1+1+1+1+1+1+1+34+34+34+705+705+705+705+705+705+705+705+705+705+705+705
1+1+1+1+1+1+1+1+1+1+1+120+120+120+120+705+705+705+705+705+705+705+705+705+705+705+705
1+1+1+1+1+1+1+1+1+1+1+34+34+34+34+120+705+705+705+705+705+705+705+705+705
34+34+34+120+120+120+120+705+705+705+705+705+705
1+34+34+34+34+34+34+34+34+34+34+120+705+705
1+1+1+1+1+1+1+1+34+34+34+34+120+120+120+705+705+705+705+705+705+705+705+705+705
1+1+1+1+1+1+1+1+1+1+34+34+34+120+120+120+705+705+705+705+705+705+705+705+705+705
1+1+1+120+120+120+120+705+705
1+705+705+705+705+705
1+1+1+1+1+1+1+1+34+120+120+120+120+120+705+705+705+705+705+705+705
34+34+34+34+120+120+705+705
1+1+34+34+34+34+34+34+120+120+705
1+1+1+1+1+1+1+1+1+1+1+1+34+34+34+34+120+705+705+705+705
1+34+34+34+34+34+34+34+34+120+120+120+120+120+120+705+705+705+705+705+705+705+705+705+705+705+705+705
1+1+1+1+1+1+1+1+1+1+1+34+34+34+120+120+120+120+705+705+705+705+705+705+705+705
34+34+120+120+120+120+120+120+120+705+705+705+705+705+705+705+705+705+705
1+1+1+1+1+1+1+1+34+34+120+120+120+120+705+705+705+705+705+705+705
1+1+1+1+34+34+34+705+705+705+705+705+705+705+705+705+705+705
1+1+1+1+1+1+1+34+34+120+120+120+120+705+705+705+705+705
1+1+1+1+1+1+1+1+1+1+34+34+34+34+34+120+705+705+705+705+705
1+1+1+1+1+1+1+1+1+1+1+34+34+34+34+34+120+705+705+705+705+705+705+705+705+705+705+705+705+705+705+705
1+1+1+1+1+1+1+1+1+1+1+34+34+34+34+34+120+120+120+120+705+705+705+705+705+705+705
1+1+1+1+1+34+34+34+120+705+705+705
34+34+120+120+120+120+120+120+120+120+120+705+705+705+705+705+705+705+705+705+705+705+705
1+1+1+1+1+1+1+1+1+1+1+1+120+120+120+705+705+705
1+34+34+34+34+34+34+34+34+705+705
1+1+1+1+1+1+1+1+1+1+1+1+34+34+34+120+705+705+705+705+705+705+705+705+705+705
1+1+1+1+1+1+1+1+1+1+1+1+34+705+705+705+705+705+705+705
1+1+1+1+1+1+1+1+1+34+34+34+120+120+120+120+705
1+1+1+1+1+120+120+120+120+120+705+705+705+705+705+705+705+705+705+705+705+705+705+705
1+1+1+1+1+1+1+1+34+34+34+34+34+34+705+705+705+705+705+705+705+705+705
1+34+34+34+34+34+120+705+705+705+705+705+705+705+705+705+705+705+705+705+705
1+1+1+1+1+1+1+1+1+120+120+120+120+120+705+705+705+705+705+705+705+705+705+705+705+705+705
1+1+1+1+1+1+1+34+34+34+34+34+34+120+120+120+120+705+705+705+705+705+705+705+705+705+705+705+705
1+1+1+1+1+1+1+1+1+34+34+120+120+120+120+120+705+705+705+705+705+705+705+705+705+705+705+705+705+705
1+1+1+1+1+1+1+1+1+1+34+34+120+120+120+120+120+705+705+705+705+705+705+705+705+705+705+705+705+705
1+1+1+1+1+1+1+1+1+1+1+1+34+34+34+34+34+705+705+705+705+705+705
1+1+1+1+1+1+1+1+1+34+120+120+705+705+705+705+705
1+1+34+705+705+705+705+705+705+705
34+34+120+120+120+120+120+120+120+120+120+120+120+120+120+705+705+705+705+705+705+705+705
34+34+34+120+120+120+120+120+120+705+705+705+705+705+705+705
1+1+1+1+1+1+1+34+34+34+34+34+34+705+705+705+705+705
34+34+34+34+34+34+34+34+34+34+34+34+120+120+120+120+120+120+120+120+705+705+705+705+705+705+705+705+705+705+705+705+705
1+1+1+1+1+1+1+1+1+1+1+1+34+34+34+34+120+120+705+705+705+705+705+705+705+705+705
1+1+1+1+1+1+1+1+1+34+34+34+34+34+120+120+120+120+705+705
34+34+34+34+34+34+120+120+120+120+120+120+705+705+705+705+705+705
34+34+120+120+120+120+120+120+120+120+120+120+120+120+705+705+705+705+705
1+1+1+1+1+1+1+1+1+1+120+120+120+120+705+705+705
1+1+1+1+1+1+1+120+120+705+705+705+705+705+705+705
1+1+1+1+34+34+120+705+705+705+705
34+34+34+34+34+34+34+34+120+120+120+120+705+705
34+34+120+120+120+120+120+120+120+120+120+120+705+705+705+705+705+705+705+705
1+1+1+1+120+120+120+705+705+705+705+705+705+705+705+705+705+705+705+705
1+1+1+1+1+1+1+1+1+34+34+34+705+705+705+705+705+705+705+705+705+705+705+705
1+1+1+34+705+705+705+705+705+705+705+705+705+705+705+705
1+1+1+1+1+1+1+1+1+1+1+1+34+34+34+34+34+34+120+705+705+705+705+705+705
1+34+120+120+705+705+705+705+705+705+705+705+705+705+705+705+705
120+120+120+120+705+705
1+1+1+1+1+1+1+34+34+120+705+705+705+705+705+705+705+705+705+705+705+705+705+705+705
120+120+120+120+120+120+120+120+705+705+705
34+120+120+120+120+120+120+120+120+120+120+120+705+705+705
1+120+705+705+705+705
1+1+1+1+1+1+1+1+1+34+34+34+34+120+120+120+705+705+705
1+1+1+1+1+1+1+1+1+1+1+1+34+34+34+34+34+34+120+120+120+705+705+705+705+705+705
1+1+34+34+34+34+34+120+120+120+120+705+705+705+705+705+705+705
34+34+34+34+34+34+34+34+120+705+705+705+705+705+705+705+705
34+34+34+34+34+120+120+705
1+1+1+1+1+1+1+120+120+120+705+705+705+705+705
1+1+1+1+1+1+1+1+1+1+1+34+34+120+120+705+705+705+705+705+705+705+705+705+705
34+34+34+34+34+120+120+120+120+120+120+705+705+705+705+705+705+705+705+705+705+705
34+34+34+34+34+34+34+34+120+120+120+120+120+120+120+120+120+120+705+705+705+705+705+705+705+705+705+705+705
34+34+34+34+34+34+34+34+120+120+120+120+120+705+705+705+705+705+705+705+705+705
1+1+1+34+34+34+705+705+705+705+705+705+705+705+705
1+1+1+1+1+1+1+1+1+1+1+1+120+120+120+120+705+705
34+34+120+120+120+120+120+120+120+120+120+120+705+705+705+705+705+705+705+705+705
1+1+1+1+1+1+1+1+1+1+1+34+34+120+120+120+120+120+120+705+705+705+705+705+705+705+705+705+705+705+705
34+34+34+34+34+34+34+34+34+34+34+34+34+120+120+120+120+120+705+705+705+705+705+705
1+1+1+1+1+34+34+34+34+34+34+705+705+705
1+1+1+34+34+34+34+34+120+705+705+705+705+705+705+705+705+705+705+705
1+1+1+1+1+120+120+120+120+705+705+705+705+705+705+705+705+705
1+1+1+1+1+1+1+1+1+1+1+34+120+120+120+705+705+705+705+705+705+705
1+1+1+34+34+34+34+34+34+120+120+705+705+705+705+705+705+705+705+705+705+705
1+1+34+34+34+34+705+705+705+705+705+705+705+705+705+705+705
1+34+34+34+34+34+120+120+120+120+120+120+705+705+705+705+705+705+705+705+705
1+1+1+1+1+1+34+34+34+34+34+34+120+120+120+120+705+705+705+705+705
1+1+1+34+34+120+120+120+120+120+705+705+705+705+705+705+705+705+705+705+705
1+1+1+1+1+1+1+34+120+705+705+705+705+705+705+705+705+705+705+705+705+705
1+1+1+1+1+34+120+120+120+120+120+705+705+705+705+705+705+705+705
1+1+1+1+34+34+34+34+34+34+120+120+120+120+705+705+705+705+705+705+705+705+705+705+705+705+705
34+34+34+34+34+34+34+34+34+34+34+34+120+120+120+120+120+120+120+705+705+705+705+705+705+705+705+705+705+705+705
34+34+34+34+34+34+34+34+34+120+120+120+705+705+705+705
1+1+1+1+34+34+34+34+120+120+120+120+705+705
1+1+1+34+120+120+120+120+705+705+705+705+705+705+705+705+705+705+705+705+705
34+34+34+34+34+34+34+34+34+120+120+120+705+705+705+705+705
34+120+120+120+120+120+120+120+120+120+120+120+120+120+120+120+705+705+705
1+1+1+1+1+1+1+1+1+1+1+34+34+34+34+705+705+705+705+705
1+1+1+1+1+1+1+1+1+1+34+120+120+705+705+705+705+705+705+705+705+705+705+705+705+705
1+1+1+34+120+120+120+120+705+705+705
1+1+1+34+34+34+34+34+120+120+120+705+705+705+705
1+1+1+1+34+34+34+34+705+705+705+705+705+705+705+705+705+705+705+705
1+1+1+34+34+34+34+34+120+120+120+120+705+705+705+705+705+705+705+705+705
1+1+1+1+1+1+1+1+1+1+1+34+120+120+120+120+120+120+705+705+705+705+705+705+705+705+705+705
1+1+1+1+1+1+1+1+34+705+705+705
1+1+1+1+1+1+1+1+1+1+34+120+120+120+120+120+705+705+705+705+705+705
1+1+1+34+120+120+120+705+705+705
1+1+1+1+34+34+34+34+705+705+705+705+705+705+705+705+705+705+705+705
34+34+34+34+120+705+705+705+705+705+705+705+705+705
1+1+1+1+1+1+1+1+1+1+34+34+34+34+120+120+120+120+705+705+705+705+705+705+705+705+705+705+705+705
34+34+34+34+34+120+120+120+120+120+120+705+705+705
1+1+1+1+34+34+34+34+34+120+120+705+705+705+705+705+705+705+705+705+705+705
34+34+120+120+705
34+34+34+34+120+705+705+705+705+705+705+705
1+1+1+1+1+1+1+1+1+1+1+1+34+34+34+34+120+120+120+120+705+705+705
1+1+34+34+34+34+120+705+705+705+705+705+705+705+705+705+705+705+705
1+1+34+34+34+34+34+120+120+120+705+705+705+705+705
1+34+34+34+120+120+705+705+705+705+705+705
1+34+34+34+34+34+120+120+120+120+120+705+705+705+705+705+705+705+705+705
34+34+34+34+34+120+120+120+120+120+120+120+120+705+705+705+705+705+705+705
34+34+34+34+34+34+34+34+34+34+34+34+34+120+120+120+120+120+120+120+705+705+705+705
1+1+1+1+1+34+34+34+34+34+34+120+120+705+705+705+705+705+705+705+705+705+705+705+705+705+705
34+34+34+34+34+34+34+34+34+34+34+120+120+705+705+705
1+1+1+1+1+1+1+1+34+34+34+34+120+120+120+120+705+705+705+705+705+705
1+1+1+1+1+1+1+1+1+1+1+1+34+34+34+705+705+705
1+1+1+1+34+34+34+120+120+705+705+705+705+705+705
1+1+1+1+1+1+1+1+34+34+120+120+120+120+705+705+705+705+705+705+705+705+705+705+705
1+1+1+1+1+1+1+1+1+1+1+34+34+34+34+34+120+120+120+120+705+705+705+705+705+705
1+34+34+34+34+34+34+34+34+34+34+34+34+120+120+120+120+120
1+1+1+1+1+1+1+34+34+34+34+34+705+705+705+705
1+1+1+1+1+1+1+1+1+34+34+120+120+120+120+120+120+705+705+705+705+705+705
1+34+34+34+34+34+34+34+34+34+34+120+705+705+705+705+705+705+705+705+705+705+705+705+705
1+1+1+1+1+1+1+1+1+34+34+34+34+120+120+120+120+705+705+705+705+705+705
34+34+34+34+34+34+34+34+120+705+705+705+705+705
1+1+1+1+1+1+1+1+34+120+120+120+120+120+120+705+705+705
1+1+1+1+1+1+1+1+34+120+120+120+120+120+120+705+705
1+1+1+1+34+34+34+34+34+120+705+705+705
34+34+34+34+34+34+34+34+34+34+120+120+120+705+705+705+705+705+705+705+705+705+705+705+705+705+705
1+1+1+1+1+34+34+34+34+34+120+120+120+120+705+705+705+705+705+705+705+705+705
1+1+1+34+120+120+120+120+120+120+705+705+705+705+705+705+705+705
1+1+1+1+1+1+1+1+1+1+1+1+34+120+120+120+120+120+120+705+705+705+705+705+705+705+705+705+705+705+705
1+1+1+34+34+34+120+120+120+120+705+705+705
1+1+34+34+34+34+34+34+705+705+705+705+705+705+705+705+705+705+705
1+1+1+1+1+1+1+1+1+1+34+34+34+705+705+705
1+1+1+1+1+1+1+1+34+34+34+34+34+120+120+120+705+705
1+34+34+705+705+705+705+705+705+705
1+1+1+1+1+1+1+1+34+34+34+34+120+120+120+705+705+705+705+705+705
1+1+1+1+120+120+705+705+705+705+705+705+705+705+705+705
1+1+1+1+1+1+1+34+34+34+34+34+705+705
34+34+34+34+34+34+34+34+34+120+120+120+120+120+120+120+120+120+705+705+705+705+705
34+34+34+34+34+34+120+120+705+705+705+705+705+705+705+705+705+705
1+1+1+1+1+1+1+1+34+34+120+120+120+705+705+705+705+705+705+705+705+705+705+705+705+705
1+1+1+1+1+1+1+1+1+34+34+34+34+34+34+120+120+120+120+705+705+705+705+705+705+705+705+705+705+705
1+34+34+34+34+34+34+34+120+705
120+120+120+120+120+120+120+120+120+120+120+120+120+120+120+120+705+705+705+705+705+705+705
34+34+34+34+34+34+120+120+120+705+705+705
34+34+34+34+34+34+34+34+34+34+34+120+120+120+120+120+120+705+705+705+705+705
1+1+1+1+1+1+1+1+1+1+34+34+34+34+34+120+120+120+705+705+705
1+1+1+1+1+34+34+34+34+34+120+120+120+705+705+705+705+705