713466716
227931693
116413549
684029062
878993252
736548883
475449147
227739391
524377227
609220710
383962232
287719557
578012850
104415067
838125645
741462644
978089970
742645411
768334496
578496881
419762362
918968629
755808065
512031848
904400035
364696308
422518229
329005061
860334006
893432509
739036747
743850410
119190562
323153709
328228085
359429748
743181096
921658103
437013671
447868750
674078057
480107370
698495285
989599797
801087285
499138999
925708260
274185995
506052998
750125188
59243756
979830921
535110795
617167005
935460181
356522231
880932019
228093569
282738854
900963455
815781331
42714586
53211099
452620651
452269754
770138031
888250113
261941403
119049527
25445968
704604120
63515177
548748073
311804640
645382296
402214769
932271255
290464601
953545951
499168609
188063320
960669394
951707466
307413828
150801771
620711674
947703586
425330002
137427281
20518609
475316569
585075240
711711235
203097589
28617691
123342088
150167987
85512557
948686912
437679891
53778723
796154296
901358434
223860226
912347818
557414417
372852366
493316433
854960729
258675080
484667280
163730748
849584119
757627474
717643266
599250238
599926436
133847029
545814379
797713448
327415557
369500995
890663801
587990617
3466791
688921224
245389362
183000254
332391351
966723932
688327830
369423728
631057476
493807081
738304885
823259236
281454343
771876416
420891730
827484058
175985436
201498752
863922786
20885346
905061962
775785920
185874948
788507031
23370961
834330029
607202673
113850070
639970799
199138235
996286964
728321871
78531160
962951623
111436923
875408625
643681761
937180256
457095046
207741171
144882877
142170299
911802719
77333701
892615656
459797755
530275322
255534477
448761131
736125815
360588398
158239331
887196142
853179974
709586749
649862214
884888201
495178512
595082607
372359806
626339551
586265595
432084869
992091157
990056061
882609299
247164724
909223271
860535195
410530646
117017771
171283424
123695231
647108066
276358803
958717936
256544164
889023959
544243425
860068851
297285478
935567748
693250332
39393839
336524165
251189163
13426003
146384584
516439266
622609875
389124062
594012718
493712660
715462256
130227841
987140975
917094935
956615713
938309094
775613288
581599628
322919094
754900468
14872825
511747586
524310443
763859573
412402705
791331847
163296427
197848137
859194353
613767722
24376339
240125777
493174273
725814533
651151357
376639795
578256621
774050453
537873531
471385193
914874573
144258717
444684013
591968311
671094327
420400689
497403037
151414980
837373585
910556015
624439691
867715000
867631271
592997741
898287496
33507185
629166193
839560367
560139463
131219826
337233874
798929324
611015513
527241470
29938317
687640976
459012235
215876258
694156125
291110044
184269817
234672063
490039916
705663768
457353854
520361845
425728823
170268364
53495044
762899749
452721445
715454993
954567428
112307982
730358015
743339925
993738012
492279738
624167005
986201378
512133078
666100560
225717337
70504776
874332473
573566869
715123796
529916769
842800229
864863479
418508540
584940521
87847662
970889211
926265234
761030586
49016060
405476399
589657458
268192581
500870138
648681489
454592822
825723360
403797427
316197
732107943
895985636
250894607
598961859
311401394
129888369
291123160
996988627
920654978
813933732
949790679
788964345
308092697
122916079
336178353
236174772
937345941
342601876
406920912
429812669
155693643
928737139
830626011
224689963
454365808
990471939
356749958
374137247
181530830
603131500
627469558
794105814
597213302
575740219
50389434
499419679
64385839
59550444
181828343
645623211
909261832
491144716
61173830
473907608
523954993
342027638
819859076
692228159
535964255
207731560
304222446
129445349
138512420
611900433
480504500
826827986
261895297
338063008
545585538
359960170
839849205
185739254
918428326
625226811
631149159
437024509
670561559
275215816
629549863
559441699
762799494
34732422
708888930
574794319
82057406
67913862
993949191
565638973
694886145
966944989
326872007
978729693
438095402
24722436
214156143
45586731
918740535
674968117
958034284
805835846
652396210
33513916
875797921
361453653
139495516
424955396
947959334
27608573
123311163
869001248
224576172
73622377
421037542
715697501
173955361
397595269
808420050
453517441
71215242
456973071
600512124
953388255
954580476
548673306
38837874
512454790
96132972
870056395
473337295
149632081
690643976
493179782
707047745
341809984
412216880
540736219
783072375
426986867
260903815
204431953
101995483
493283351
238506712
328042184
984734848
197978054
630011011
674816247
296530924
124233493
277245
806979222
118709038
420080381
435790755
552868911
82501619
334513273
151399132
535051944
848216416
906283516
727008635
491981998
7954633
340302611
217381272
614151719
257458758
187054209
516565418
601034542
41501257
578288651
714140173
60403436
787216245
564589449
696722829
990209780
323990814
479901702
799133915
366798720
835239329
539431819
718670961
343263923
53022346
73398161
262544020
975528026
393844400
62334649
189969693
411763915
610149906
621294104
601908577
236037777
629684935
643156489
203635720
683153533
994446860
128938468
979410386
670610419
702909293
893716556
352710299
387444927
420359622
132237467
714548967
735193309
109021014
394811753
778451999
511945701
988890860
934161546
455188652
729119682
547468964
600790400
205263281
740629707
466257788
719115189
465284484
852227574
395148874
45616670
403752565
697891860
708820462
559324767
147282717
281246884
395728820
629629213
78678508
899771879
882178959
219136068
593069300
597171026
500177739
267104500
192971584
222298701
433031299
278025469
944363509
55285218
431227664
557409270
900921937
133536515
756098659
345526872
522238872
434214694
476062119
31053827
966101939
574376561
710477815
71206377
654804078
908589961
381697653
279562035
773841030
347673208
798575016
640969769
397612139
175045255
926744601
81694141
797411925
478214459
849234586
677642963
230676677
504158863
878813827
89104871
878619634
719316873
990268169
406593082
918915158
893233939
946412116
735304406
704195466
857746792
233121010
369503025
510482816
465981257
818572255
198037470
785129760
770124011
92118711
30674790
177439398
735703668
391261655
334543017
635470882
158076952
258250281
498653277
667614635
641985284
820291240
994992973
28382536
2620998
959832228
63824786
164549394
924393762
909617652
602596894
129122092
318716663
321042686
441952598
377642688
924424353
844538378
284435833
685642218
816151749
349962052
977490982
492149582
510847048
850111400
693630497
506182827
673212465
155113538
946445093
196469194
73271402
8379251
794556777
148268490
465079458
813199674
473484244
291135058
921132506
687885616
825529375
58203652
391310049
959976019
697400529
566808942
936852399
457343523
879599164
378042794
988801068
530523860
409232092
731248444
784120550
845424851
989002142
175201250
100331569
995526916
118154177
809429005
643488358
861024806
847508461
541308044
926537518
575197711
899852002
48557595
573988015
375830062
771965646
482556362
151626848
413972790
133192717
792758340
179437721
995420197
77319414
731817970
122594462
863631166
289833100
323421002
34860678
367034629
105411812
800763738
439125252
672067410
171684610
822047443
24636070
509327636
670627365
448170888
552240826
399250902
690221418
68378260
4928430
138720158
515839124
707670709
107330750
180470276
508245554
627471442
923188546
149346018
443567786
429058106
687787342
45747766
240510343
422931351
546886295
40938164
148775809
968372282
359549521
138350792
286619760
420324557
117336597
832859051
725637864
315002062
867890575
349548824
500147196
115464891
79679070
796779862
313670326
586361163
893720588
254752328
525428520
763950814
363135199
842611942
122187290
97185655
935091161
658120026
577812766
633792176
998068761
924119282
680248116
213145934
168582426
407281153
279258808
83114919
86889483
741187012
982840185
389686587
592045271
753511068
375343139
38471210
868801706
360695195
107435463
917603312
584422075
437687077
31505426
602255528
52935081
109799499
625849459
397798888
832916816
898005641
289110601
807419030
744115849
406346628
37950408
480196866
432382949
372074153
264357403
656048448
114660789
391166052
252928515
550962029
968360982
395398013
750676699
470985766
228741905
254715406
28068867
773842356
840428838
50703931
555923502
265848295
629726199
396138874
221227100
870521769
612110972
903052355
317711588
175520864
856896146
71052985
14103265
924124497
66204142
359884129
39622826
694355631
628980773
519937220
253762057
579182051
108983019
180849778
542689131
400167993
9892939
501395682
18234247
564896131
262902403
656221646
975660493
538433904
905375104
915660717
131089726
815463316
29202451
219149657
26530706
823837276
697952720
807575906
497347759
142595858
98336171
616585488
66858655
8519414
423427252
38159924
282411338
272634412
128669369
556303122
109681650
809410853
952798976
576554433
21875093
74140814
260104474
172556822
747476350
541944891
786374708
656434787
979559169
577314537
83932943
526660808
886970892
363728898
932716017
802318896
719345635
256266165
732838631
430480525
20666356
957857818
940052418
815357618
536593035
476426643
646554996
16686215
669083953
366118771
684649782
650806115
506385451
127006489
139737014
597090365
851014446
980704170
649063891
380597283
517880189
133206032
227966345
810452897
674844225
444883095
98158934
388170290
931630430
941769594
874372792
489950360
881305669
564795574
887642285
522720955
227498324
770714898
396219521
111881508
48793717
236208356
560342420
550657384
765345020
326794525
136456407
878691569
530023634
760935395
171596443
171014784
231677136
786218498
525490935
530680248
118827676
167066278
61194787
348271937
297050069
846275962
170397168
512768597
220492896
505193339
495807608
76113244
766956284
325712106
854072717
329759544
168618756
87503302
233496386
971690280
950679802
251029246
617620367
607933297
477512771
764237176
909520054
48477098
559298296
570562187
543604434
458017883
587940361
316757344
531500424
662204734
817107062
65985608
505906752
957540638
366516747
339619555
96792540
300139782
157620668
587292712
968966550
570691144
830782143
141924786
226177689
202448181
144137093
188790957
241739445
642275671
377892953
186234209
504075103
778163405
813538346
391196045
856651028
853320335
636056282
577925458
499132752
533207988
916367254
744239005
407638624
204028377
870733517
587543965
167753393
163410381
430214742
533955714
629253988
847645582
424948790
741123465
294949691
22449154
310260088
811925827
234035571
694771062
793099359
336622431
942988548
507283486
130481353
707191429
724219300
316295733
318670593
849305864
228210258
663801528
270891623
674285324
886126085
360321055
135582454
605539737
639629851
909131287
759292585
320486117
769946046
933299368
119131804
33870972
585632289
423372276
261039849
537844589
840686910
774434891
825134981
953499992
861745270
252770810
347306958
287476527
764051420
32709066
507279436
783933126
544515427
13920475
486118716
171378353
78077170
987285434
116433682
527405647
944164243
986363474
100240961
942797861
473261085
358328756
483182697
148981598
40476485
149457864
888305092
145792855
325289725
202975145
342382227
983160291
866481324
732891888
110119485
357624247
857757533
495753448
599544916
522212877
630348432
371259136
401394428
341916693
117554137
74857131
418058699
888494471
912364395
967942249
570780664
874649292
580819231
128990887
499921021
635292242
634352686
529950489
905923580
18291150
801314474
153048895
591105237
370174829
58077942
592126420
258234966
38358681
628165696
355872982
407424439
302022055
363662859
44183457
768815650
389361432
383086952
306822697
116564382
489062062
117692887
608155049
404769741
255688281
445075993
772986091
853918537
145013634
933782984
298142052
381426366
512959278
955945986
806248196
610893532
154467748
114193083
314339655
270541340
531210490
888919208
600832579
102381998
263221587
861700504
270133844
803595894
663190469
239619042
325114331
783404956
981635706
876350868
952646029
168596487
236496331
255953496
773635824
205228897
166185278
149922557
915231552
960305777
230902822
590644152
308401487
608123050
89818477
91033284
527649593
700410338
376433891
106144499
170071058
642210089
446380629
651962140
81517814
173010723
715594954
723029047
44562257
188151748
461029993
587057297
437823967
40162360
823162745
919153609
646819581
648664413
307307628
732938024
103516024
12601248
90149076
395066029
840361644
585692364
201381928
359024204
907178902
377117052
743523488
87158037
918212999
249637651
104206391
383549387
766557587
356110
449000193
501579393
405944495
565639890
528658641
772086210
960591861
624726973
384497117
125075357
987138923
420161103
214559070
912292388
72096438
634040949
841114011
584832755
156041623
557768725
183394526
942503768
76439240
257616305
756697828
106905907
252558933
96087336
862963469
724375464
994539575
805197489
801230147
964899176
66193300
422788024
750806968
237128176
805550789
721446142
564140755
318141083
556097138
167151385
662673894
948794777
401742441
178895959
77025318
338553104
642031021
881088917
802543022
141635777
736601018
424985865
216855601
610685269
827975420
196941454
33050334
545183018
411153993
356914443
352078372
167918130
317124556
301517200
875907654
932190003
390230978
989283525
884411169
461773964
71922005
724136640
811635966
182048339
318787553
552734405
872324583
115068212
164127086
254587903
974094507
337266819
413230270
31178023
60739838
847864056
795277889
562219818
256143102
727852260
878498451
958796038
788229526
772027181
494436908
167577583
134388898
330419798
360064757
365236802
722709806
839360899
258716767
437330455
231735589
149581192
46022675
596154624
89723499
551687796
673834243
61325951
553357199
921390470
249643018
121751861
349032408
157798785
91423047
988313555
882927002
979493312
896867937
983430458
450054842
755296807
789500562
299904296
279623311
145478380
853897684
361534270
890217669
551224993
625012725
232147826
662894283
221067820
192192563
425236933
302485883
288539859
715232861
226915558
258522175
665576280
753373759
489762649
712222030
179924892
597381953
113534618
184831913
294918742
837335540
324901052
745024340
160591586
466564818
200527391
118940425
929044512
887394882
446899149
799232814
218071174
220988532
211674301
643067606
91229565
651263348
919964124
997284806
840209234
981266168
790891224
853938139
886836684
753509500
915938041
489896069
929858625
983926436
574289056
467142414
960815017
323188461
181282234
119284374
885175759
830125861
124949144
570910891
159491802
229942701
945818027
288739260
23640384
560351880
388122325
64630117
417568819
440313931
883507109
297506907
644941706
724343651
642322798
46121198
675185651
44006006
518651410
323522170
637239126
983675668
108305723
851634182
973280143
7811262
126690297
410532432
565084929
15880468
566540961
799063244
844139288
879783764
897805201
219870567
253803378
51398412
122176887
691704212
699963100
860351439
874180380
931434375
377526769
955458693
73432513
737617742
580975419
425625012
455755089
840156214
205214666
617991487
721666553
460402174
559138565
743484671
431903167
602614708
19673838
22112856
894242724
386033735
859787038
210281083
461460670
611168138
965787741
403864506
643891538
810565824
130962443
776460511
779479118
511998583
543305749
565032661
251553705
81933650
58034086
315878835
194376429
26135744
46846748
149718870
242229431
129095800
911261389
902338845
733005909
946745799
560465071
210978051
155224130
86675317
838708953
577661593
930608802
636722783
491969791
984404464
548387444
916079319
479365908
64082749
470185709
882957383
457381186
65485449
225563602
589289381
314740207
897195970
182212249
349267329
149381550
65852593
756521826
63165355
68303445
134906158
763514939
747562462
693985974
461304781
363174040
960759948
908025894
916717732
84781571
961723505
209447850
503153062
132643942
847113768
976739917
91451669
947689429
721696395
968866230
637285116
116282796
606972853
41639758
754906926
410009399
467873339
403252488
960436634
842812134
56961439
248510471
623017913
588304947
573368704
250684649
755690949
529694926
426629424
984752534
671544780
902040486
353756758
415312900
460449179
384118544
695077099
810616802
529276860
815331655
91191203
886516072
71548657
434774526
807631991
979959113
417438302
573226004
859445432
293381524
560247527
389093538
73967697
624729279
229340023
75809982
721357544
546105111
946047278
15437139
745726612
342848191
733536117
453711318
276829685
503447824
857945161
349379734
117533672
764752479
296165617
927915977
270696539
62832319
844990091
763093727
996322713
571081684
174155224
794924375
645030178
89471862
793123035
925790971
218276574
727039689
512767348
124784094
646224900
919109911
337865214
781752060
514370641
866641447
621439336
719559391
468259233
730230488
622952740
396772614
672395445
646315462
126057037
833378697
714558272
810870985
577412715
864506001
870872209
820090949
965799781
775297420
783351799
284997086
886151317
185391772
906777938
472102261
78356510
203793963
184931779
634867874
667974262
881726249
18046218
890941559
283783175
370983598
274216939
496299121
134706674
689867719
207697476
261064474
35616299
125305490
416902074
408544039
886607581
939846126
253600438
854517281
727203703
861415579
354015196
76765785
793158232
427247195
394507002
864970268
714468822
780979280
175744951
264120875
192748573
278688551
541200736
776844760
199124953
232665691
846978869
838325468
178613138
163509079
343427526
974838135
62409790
424923411
436183853
128703803
648668236
405100674
470361091
539999360
628977168
735284692
548598382
344238350
871904669
739240320
77448321
879378871
163612107
512242086
31911487
185259569
493145518
680720706
208287219
895919242
903512157
800815455
193270014
361649848
747706486
215349805
607166544
657742266
137019423
91299332
753228592
321527407
384659388
936911357
966124035
672433949
410414410
15785973
197907665
234765293
945440588
370786375
318898607
234978438
208153869
602995994
51186795
254501394
823349344
147042883
360512356
774151074
767287236
483019808
50060460
216479538
340248730
663084138
796641611
29909614
441959330
930970441
67298323
880560017
978182220
178052617
483371587
44345022
403298590
913947423
498884821
108007004
315795311
283979358
480722566
908085317
239489794
9559673
632508320
91534506
517269054
764764054
71486067
587748851
394671111
144125933
883773800
660590773
951688054
125364772
981177491
671663377
431616051
645392438
804796650
551717650
601945266
781680078
651289828
339870823
283927747
162647582
241137886
385375742
274156979
377246466
99186643
305827940
975692109
615187069
109856514
878327287
191600959
815386408
952444218
748409179
341906514
439865921
580290747
381160156
150708930
525704908
439825797
830131968
826219164
327608466
917746764
315689752
369869009
354662902
654621728
824781038
68078193
88375851
932244703
928454463
967877810
185257144
721712734
632196148
26465758
301642378
706263864
333765273
655573481
702816631
416944605
683205291
522793160
81663225
613999885
256704797
788630105
820182273
660785732
679148079
198735752
989260544
822067823
550616771
802707065
194990308
83237888
514016271
289972107
397432479
701027104
714761413
340299684
231463251
518865229
236106986
851928684
487827095
79220653
457980016
511885973
618477820
907777836
544688265
128851927
402512163
504349190
966557724
498884762
542797525
306582276
169836272
890784704
764336163
190508167
250362191
307441091
149636245
820694046
502775501
162331180
849499369
11809223
523032116
824044787
497839865
307903264
43216722
330541277
238056397
256833326
681274899
869976191
734934669
961723559
913864868
425056073
839481980
507827903
42574424
759899734
331997753
271010784
170326033
399238161
984771787
565168248
217597791
216913868
486668556
116091926
468485124
140785011
979443899
507953678
199913351
316820461
20949337
538569118
980022576
153957191
296864954
969280671
355036977
552280319
515808743
182497301
698263387
142249479
945578029
35234855
73676841
406423505
102352596
824862732
898291331
204238536
788889743
669954505
97028117
353006881
429861366
46467070
826496317
311216517
931008544
681303093
192435241
442523885
834950485
657190886
513368823
556945189
686490733
540851303
776437057
641203873
145478670
497323140
552969319
220147545
546237492
227685015
468771881
481763180
916235846
117796413
902141864
55896416
682843719
334616406
992706286
686738341
288319446
286132004
747057736
793884366
375524983
97481929
159924843
69628683
32968524
964906990
646837305
381144041
640984984
26321644
747535219
675176656
47141114
815351336
569676541
227041647
54790277
681415087
467788876
156364387
759490981
789324412
471900042
226050538
508634062
52131445
736806019
742971721
861304017
976039997
245991299
922493378
445872227
579975950
504368125
788576207
680334925
393895925
298683352
613054710
121514925
503965001
991490438
357182036
660428046
937575572
683596454
667435996
823981223
351989366
542624931
523673216
288550205
199027652
592478027
939873429
712428557
538247873
514519791
392895423
275095061
986483428
520903946
255187508
778476469
996891438
447999276
54696390
598057225
765319977
960221434
241541007
825879048
708422774
48679421
310087038
226721916
150131311
980644504
34203052
246654506
255464751
166302585
72161488
182088841
178805348
306763432
748593215
300121335
987379130
663351117
109178740
465508938
869885343
676124068
562812840
374581397
984593044
857812941
328095251
215297074
129076144
236223284
944329335
24160479
511628263
383634901
423130680
692741125
677764266
881971908
474750872
10900865
71929665
498834586
37883891
495105629
845487159
661635349
899862950
219048941
185158472
404736058
597422749
178956722
925621336
877502647
141373835
533964052
79039938
800167435
690121992
955083831
744065486
235901777
996750071
736485617
339457033
536466455
810995370
95846618
220329697
600987720
772294252
241071427
598275433
527038951
278882413
953056819
332119196
363489151
528019842
71702919
825755294
416393415
891343460
39141422
229838700
220749900
598566206
791498937
855146729
722701267
398186513
768250742
243146713
318384975
673458940
217014570
16385481
936763893
14410179
129533467
882959456
792817810
47655052
896790441
379200983
652626915
453898639
441591044
740679910
602031569
628679919
141299831
822110841
63934591
599431231
752328545
496788784
751135103
493069393
824672669
910327487
608457766
710232935
403855166
413560941
347811956
616058833
579655961
409567690
814378816
410645182
5175616
256810215
825303385
656628153
202120939
214006904
620630291
380907845
193372817
259033971
514953635
143674186
109521876
47025271
966711392
669432983
354589130
694518072
442016729
502664082
329812216
946965474
431536053
769439345
994592543
163416920
70627993
126205998
720528973
330823150
580996467
760275936
289309623
385641694
696233147
997814353
845201277
100520886
904908730
469474134
750327496
573679464
751872224
747710248
877412502
436496636
454131416
560092869
682851039
233302437
900622643
597453540
817457872
76491991
734078269
126122619
716464378
260761007
200845709
746633493
307364340
734108884
416989939
885478518
580163591
620162083
748400614
165962458
262204122
884554975
696397185
436493497
702018370
719891731
919867207
752076991
256830123
499053978
31653240
753723786
864085913
481584603
902161933
22011080
252829878
871403711
815461329
396820490
853892735
722041670
385586873
828293197
570078156
786953308
912274219
90693441
640684952
376998190
145299540
265724556
698423559
324386276
381342038
716725238
39731701
489208921
901353442
734535018
405505743
593604154
566650818
970554468
228803381
778815802
142256784
360327283
411600239
602965487
384706069
658957135
669723276
810320624
82437025
238915964
905551373
536168557
881283769
238159294
733344114
827275208
715477555
367412806
378632738
991611866
805914481
17320821
497103502
19957397
254328704
301385992
389105868
353151338
796153860
360279573
517788258
535605630
556810772
691009193
310696395
623790511
737811072
473902182
323128880
652472375
452806188
699155434
949566168
28966226
166098093
278384894
971058798
627205962
735001849
579952573
268162673
538920387
693040223
49820733
286662741
376353996
307532245
948452422
57827727
138936436
810779440
752338916
491867370
330313199
969202551
419632364
627261395
176608889
435903752
169076765
787132101
709596105
461154982
306312986
822251731
288933676
69352406
443009301
108324571
328278133
471130598
113761622
548592467
593108104
500007755
623545316
989424688
964787918
209103195
319335748
458167262
957147335
749858901
692535712
515641698
785841138
709838600
579049536
705020745
559835084
638398556
436470366
394597500
444057710
488887236
742004164
612947068
602369083
983866523
73106764
26559453
926792278
738764092
570931226
703381611
454336027
996482862
25514438
646887891
941131139
874105017
105391187
913350300
41196578
664206565
837325921
715096426
494224271
748975104
636717906
946550405
436312104
329532017
696966374
882665628
484622831
51480723
479766145
763128223
414088865
410892313
561552205
762462378
330754146
137995054
156745470
327880274
770315955
960350743
771037247
530814133
715149626
581066040
702470314
315393089
7499348
122274341
204864209
68867147
123025607
764028997
629419912
468351410
708608350
468645611
534314161
162534131
451423823
456242152
224636522
296963004
997162189
624836132
303599908
372682291
549390985
641327215
587453805
452479719
681176216
990935864
651243414
715078286
884092519
644328118
162231481
931513675
207603576
853014507
857325915
200473919
853015449
615270975
35707678
435098948
542062085
435889985
118086980
806771938
488513682
10325336
21723018
715757585
903471141
436312691
714578490
700484769
963519477
440007400
643287020
940147745
375096864
969107249
716696436
418511915
982597464
364791961
420440313
681911205
279337055
296021896
721373670
975641379
232008292
456063450
705239047
416765531
840851857
680717153
853477688
196818498
15549848
208311561
307136823
380222977
596665285
96536217
41458459
65665269
197934108
674953393
894548504
929795995
844121342
782320960
173413321
934565385
57068922
27060571
295739574
334745376
191197991
399836892
441205485
394334983
46854143
127887854
235559035
836314027
304321726
167525747
810428348
206847596
709965044
212185389
630152921
219601633
987780712
653184247
979235375
295324958
839224225
726627011
11742642
134662435
835028198
732696929
280051507
103672206
767416780
114638220
321620857
561689014
298360948
180179443
60563870
944909209
964481576
543875522
882908135
170676741
238217085
815490483
465265523
460768130
834747105
980034892
576040309
767242255
63293940
110109418
100791604
344451128
486134739
616879872
838208874
22870215
900299273
510287253
965258921
844368298
288077279
130536199
497111588
910359696
107634340
33591264
76585578
121016994
582440652
797265919
57011374
667493920
110187514
465884047
396077464
798868983
685942594
514778130
632316127
914798469
959641556
965277999
290844794
500243819
372172072
514782086
557790547
702102375
482783011
921595368
396601529
146372317
628878915
407766971
181777594
167166034
791798559
872380194
353416980
987644786
300095047
213731788
400352979
219158454
992133538
395149468
530650908
886214631
629301246
151889470
653477712
386983485
747794410
289706657
499826217
417358722
465222278
210524891
841679053
747601440
495812989
692399205
525427246
225781754
954947875
4721825
337565189
926074847
296319105
575412669
48261158
402414595
931966565
44441715
103651014
85356247
351241393
187472407
68463470
978129127
347958907
149947442
341138497
603004157
799351325
374299573
192086923
293739892
654733028
418542443
700652024
430727077
97086488
116714310
682333931
900856159
248832843
328372595
702059620
520792631
376440463
911805674
512194700
186517493
447973523
948204308
382432320
582305942
7388847
466170998
43042637
122605493
565036424
482003230
804364942
187938697
977520691
985845685
514689501
334129696
78656174
940563883
44997915
84853865
8660964
826093612
359202174
955022968
411312000
947023431
572537948
439461074
569133943
129712493
741536253
938843717
195875124
227952022
809340948
570959608
807886564
235776925
980815883
389849830
975825698
581584373
334463795
399960516
28865943
933094490
56224972
996518085
362511680
182230707
263532009
229700116
820751811
721683970
77270061
829467003
105676645
250878897
14992322
758665
507326832
828690099
151388323
359551289
511570378
56103561
272229655
335038664
772089984
186162603
907552040
719618651
419003235
995306112
358426744
497953340
817320247
532656796
961780572
886397042
297866145
633563296
700618358
234041848
8421169
921034847
153105425
130927874
271648003
11626752
767647654
58786052
271908991
193322937
561299083
442604250
762879241
564892945
542769010
923597780
843755176
99067038
22451140
920112442
403807713
947054919
783249977
406849373
811325366
271236636
813272171
527763689
64524671
133533545
213556510
216926891
584884329
285312872
265046586
485206413
558512830
210655852
812178663
993277152
865571072
390974564
843309345
171941906
461677215
866410816
498799241
404626391
973645081
543895662
169390621
773661336
965903144
547490484
922245254
572801112
74144185
30749261
847851902
6335046
339162873
197735651
370378078
971059150
93673925
368767095
134655421
17300245
266205432
133606682
331806767
543390245
779877036
622706158
269778628
339695496
471664
152212109
333934049
679047279
962469348
653488883
74613994
408678590
543618665
223949112
416190994
546216203
496265372
360167071
283668371
609209388
117721251
449599204
162446717
941556229
882655614
527263647
177088517
705342762
526788946
63044864
598414795
667374830
328016395
401405039
113365692
283847267
71576022
716235865
99034148
436738293
502682418
729997159
940604315
20120585
303677284
672679268
30487318
381245492
278577728
31876382
170448793
96092939
143508948
652208085
915642177
583390012
728775499
244853263
380382689
728089859
979615066
753205750
301029676
66624310
230548697
787247396
981643621
183971409
425417490
997221145
653399216
695875940
448268151
140408098
232526454
483063416
371995505
7307423
806815404
74342698
839946561
308085218
247834973
454010210
220266720
392624406
484313974
565570605
656120837
918886340
388921745
938083202
698103060
457210316
473502714
640573116
711021903
568558211
591219918
415967013
957225680
342430933
503107940
565818393
708282755
302840552
89613188
66824466
505586030
834423272
508910784
245595227
862006788
381818078
282033578
911322266
653286611
516873509
169339136
359289509
924508571
960868412
600013909
584949179
241643393
30110820
552312358
534038507
233182728
432015890
394517358
919554469
26687593
649015641
350354431
198210371
958519340
278406534
140477565
807488708
667220803
509709131
285507571
9795666
983018741
704170306
670558266
731396587
311540447
856547014
889325968
457980548
988656249
321557742
144042849
966393803
31355025
928781557
990721260
62316557
354465019
462783967
332474130
2840391
794493722
463494346
71789453
228772422
460058081
827949771
454767574
878117184
375644257
511016537
223337326
542089839
330110699
274398706
651718734
191433642
237785330
661641011
790503417
866647662
812520268
301240955
108004090
297423681
491384953
151054219
250641789
841145095
435956108
926676400
761559637
937481485
925595428
890433594
830875650
628772584
410604605
982468275
844341184
873509119
984410599
744230757
50939370
275169365
404832328
132871962
700268811
419267426
852060732
779855609
373396157
148761918
600310372
604957784
444704101
102251421
330279029
36950491
348808385
195508277
525892961
75450924
697303952
610567476
977771413
83379168
260291329
631515908
133700259
438013578
420460260
426410086
40011850
695293635
783444453
101851411
376554196
714957011
922561575
445764253
703908690
212321682
891641027
255104912
978427164
534933702
676051432
111734753
800779181
463234960
588865407
95478377
99436776
968989068
428217026
701265841
444558320
99389345
134967148
957930119
141335831
134033014
376893098
563535387
655029625
325073109
395567735
318188394
270013332
582597659
58229651
883140890
70777170
647535971
815830272
914082367
612190545
395875718
375789912
194549620
600172494
551141925
177726822
732582656
655599284
622840056
63374365
526887778
240388265
384568038
451863561
151086097
415521812
628427498
520179508
543249069
672889977
992598261
769302087
632612974
954166648
178038252
455722252
346656307
494863325
281034891
623576383
411540137
341930140
70868290
817723061
129413050
11050827
171893316
181848662
98999746
239324059
552612252
927745474
263716501
870526719
169552520
869484762
830737391
791145347
937970333
691601150
964607345
267596958
493869876
297543065
308573085
467347149
614988863
73341228
606422779
914253499
766455342
914699021
352433165
222516319
439209034
507891256
769499254
456888553
283981257
499535518
440381599
680549721
880913122
330859333
525952832
879059233
906392676
774377292
98442761
740048373
165493980
256594109
575794426
955026871
84820181
258168222
211582727
988398569
664599990
188071598
578668368
957141601
542403761
959465965
752326924
529242260
797938700
811088648
634469110
354716741
448868572
227689592
612239947
651633958
208602636
218714839
817042124
387323556
293798558
231457486
792859753
826318735
436585271
524353769
632927650
156418762
919873370
2722796
260033568
153870070
305342525
996742067
461303940
912985314
988690741
166861377
13519212
96064864
676197632
732336615
397730496
749021436
168513757
822224029
51778057
537337143
184430171
969024132
764529593
294410040
226255299
387480133
664655771
917266270
246140658
915680143
346803864
992315403
26048864
153449056
758975928
126563006
208810437
722485658
985135430
519899004
318945865
58944527
437686162
110664712
596367811
7035238
22436045
758760297
396787634
859956576
61019032
322447521
128004979
955109421
402865707
459454881
334972358
897442491
923369516
421827218
217595323
575605331
551269120
6507631
78857556
86549337
639404979
660118998
508254798
446715578
413798494
520293899
486499430
897011600
198055526
261402865
109064342
961179788
871841309
508887910
978130576
289972148
776900713
676942804
341778066
376845666
87652204
962487951
380857900
261509301
224621296
160310683
738490561
974755016
878450351
689198052
628067598
85111636
36002978
653393154
294326546
640339209
106166341
716806487
167278852
468233558
437405703
787173970
17785778
749243256
611414904
767077029
94836663
341234372
744270866
653068805
268152581
603025265
345792040
19847882
394003039
519410815
177739488
276355675
817248313
560316145
615473639
69085339
134048705
281366282
70885125
507429647
484418758
204787557
200332885
276441353
729009486
974682675
694675800
258764196
963186162
237385721
33692494
109176615
793603458
558933446
689385166
815340832
921368587
32860666
851734491
812648794
361462926
968577146
644276716
552856120
711795956
683156845
635217434
766406566
376603977
451532459
944897567
460284007
294357901
263597438
266591531
796151340
136462581
817401575
419693438
314270836
160450975
803338420
159861972
437958367
809887399
209810937
284186418
455004859
682600417
860738554
458673155
411017434
650212592
826353563
596742393
851422031
474438914
961515756
490725272
287593746
140127648
421378064
220310794
668086987
752351558
542021620
122928318
329998694
205376125
84699619
75343888
456930967
545754478
11591738
809214123
787461447
74985321
549925112
734866418
898892131
748998565
80328735
92114586
538742036
704232474
784388415
995894921
216059824
401100381
148404105
758187092
82576162
686706586
519305975
582863534
549082272
219248575
723721267
298990980
403409166
752007725
133305220
794521903
106689576
922250308
98038547
114682806
765188302
345218824
138126624
299683441
684092324
636016648
491500721
212323307
983696634
595744431
214051760
376690784
891513182
199072931
905716393
34392506
679928928
708543294
717943008
947028672
866250868
401449744
219908202
230438517
773124428
858267514
102668440
42178466
945574380
485372406
922292363
668108505
910084958
851521145
952994291
774563666
993994276
322016276
735379288
878686199
928308679
70200781
204944171
40732584
748518891
869541020
252256718
931759745
354400462
872783281
45807792
726259261
935866852
178856356
765324208
669416041
872591199
63545605
613103549
893774758
709072853
882875279
781782453
72590572
495910329
956926190
73009976
383624524
108198463
775406619
99412361
868154626
710492098
291243373
703075823
853890117
933715729
66870465
871277927
145681831
243176639
415558607
795548391
363552646
465713260
939878406
927907986
647327521
649159793
101012976
295510421
422935399
676519145
49496352
101537706
209793389
606290145
183357729
449503370
663496163
199886707
897355809
318736423
535954284
361109314
58092396
949245623
953471386
110334675
885951806
365305378
176371686
44055421
884380129
700468778
4260316
828976348
124971559
472782165
931414932
646617905
768298688
308104937
224838864
375682039
226293447
388944912
285996445
21300232
162377998
646291557
544823862
773232320
274351545
245995073
116463263
652788872
839041777
106357147
985901015
148963308
495453693
484039725
415521326
417624688
259917513
859298661
27543225
516035853
37592238
476966870
852192318
929372305
654485111
455201503
675290683
281239362
905205223
673875445
862005347
629934109
994728284
774867260
217665492
437988797
794470288
802711121
449566115
292777780
274047357
757277047
112502725
619264906
327542538
927581256
785201481
163209836
583558059
654714479
386997683
236746707
403277270
141622988
241074547
481150531
781519496
585760403
171016529
309813063
114141346
294750534
171509889
319935720
846609021
247310500
317865233
317735578
564347251
140485116
789569495
449005587
744025422
721546864
901677112
423587590
239107072
592972163
289455376
242569768
20610537
140361437
391589373
461150069
643750794
811773978
436255102
576615362
889856224
908262274
544391648
880596441
536880865
339487637
620621035
582997124
332834942
967259506
141744381
230617199
378681570
212813470
980836356
195914672
873621785
503362590
463384444
471963544
69074080
252670685
125973807
379264320
826912146
649696796
598417680
376906401
204267544
59157593
294598481
125237107
474791831
783155901
332800621
596318334
724856764
694715692
136298896
399784374
35212989
44628624
42342946
16203809
168730884
866796153
854567578
682441334
187316020
256320262
219882192
967313945
735795801
491347816
828301531
806297744
288630448
703773390
971058086
785552954
690263811
196913339
491781736
536993728
734777830
154388669
864002344
515668257
116614746
584398661
567497983
557689402
461587717
638236491
343264627
265489558
586047903
217933617
49535880
247546163
178873267
817547138
373277909
744841000
682788556
303938065
259303791
257708697
298813569
20119021
449782079
435752342
100797936
669184278
613367774
432942257
610581220
588249225
236766696
823339637
960543987
566768875
76449159
492764055
648957545
941358862
19464328
866709253
287584714
816248409
674853294
995851457
989872442
967755375
735506858
894008297
380025912
838360688
385703393
847807664
818231849
787974085
425286095
98342151
712356713
910768407
688271596
511434350
351520708
682625882
995309889
559539267
110359192
262196821
749615850
518257963
687018618
680306886
490194093
323573374
489477598
61861343
78601703
154460106
935697604
602135398
249401332
340805065
557458767
601710594
291574665
450306647
138266954
604573887
551541534
508040737
882877344
563041283
730111454
804018956
776466429
36205510
956836186
857051257
685228196
28529179
586297225
526962876
615784070
793800148
406160146
12928886
727105723
466505263
603330699
710932826
7287667
163860865
472098921
377805890
822844123
156958969
424175513
602988708
673731932
514103402
70861240
720433868
259186901
879591341
706654584
486979119
977023194
43383893
863407716
57853562
796386329
572585152
678678162
863854214
12985533
89270121
789426847
935817715
228512732
56205951
554409987
70908182
94208351
916048164
168113347
756218940
305811746
634065509
281757151
617552859
743019210
861784066
161162960
437945292
181793490
479830410
942489039
103985943
388244198
710975208
834937183
467002042
848337587
702954011
745026660
506592604
205854733
536345937
263850013
457007050
36983265
549800999
111137612
917710680
244995399
308469200
996659673
16294882
402275761
604146770
933858249
991480107
191705963
886030041
531915693
914511156
257028930
187433801
968905366
745775650
955671469
408409500
919613248
862449183
765734681
374726011
594270865
301968922
87503055
27694966
604132413
570499534
443998536
534068671
465310034
333762193
829877820
476157813
502974411
820768502
210416136
433190093
686210995
120787490
487923731
354726660
562219819
855374336
419987945
137973181
93301983
896782623
16729914
829472534
533781471
500614310
797860109
945289966
15811847
644785289
110183349
435863596
382722365
862591732
71708804
508242008
714139371
458920379
503942186
64857728
833443498
66270053
361343004
986458653
960276139
267850061
870853839
788426003
754069758
117111318
910120972
319154765
184150660
383806038
142197468
63469512
175608853
857777075
871990104
894528928
286550780
906117990
588252507
99999
108220197
630380688
38142853
93767111
76473971
635814392
601310166
491778941
668200681
920596441
985510709
919481223
992437069
873454800
788388689
806689173
674344422
982376374
344096486
859176840
9527052
219382252
940456643
274837068
540518096
46506424
801490578
248839795
798415990
5041987
535999239
408397793
898658913
877357617
388565974
624868945
639477086
268528437
168687766
707338137
783951099
258713491
258397258
688275931
522986442
566491932
741542430
57424097
90447072
588038150
185578178
919041952
353971046
620747313
304253440
739121416
829455017
249125809
15514247
346215767
241647729
4104390
196093542
796535096
340751098
639487318
842372105
292540127
341285089
907590713
379624219
605899489
669133967
420813599
501429752
433030497
943074028
914696208
616166445
611934185
651292273
508736429
541576292
288048420
425380650
621108561
531362282
417959697
847166276
268141153
697147938
121416336
619335696
482291852
367444388
449765590
88319915
579159044
349820138
85809613
927281146
272387508
712033136
958589428
79225393
636653038
177822633
128885317
551416501
758079154
265715308
424532966
995049656
390239572
471025728
682869136
520727897
975645086
414832571
225897477
517794543
107071339
150633934
881757241
359414569
266642616
685750156
208472573
175239044
647142798
901340656
601681497
244728770
903082871
750191626
193749140
312621029
44735183
345229844
130932487
406689706
198064427
79188937
112715201
483825129
319423082
866148878
235005911
824549763
941179067
406895228
557009779
103193242
634670719
173850163
174854195
472495326
427410995
163271879
457731649
662938112
17175802
786855684
390661110
986953421
621109507
285264759
277879809
895073603
858877174
44492505
454474673
490472467
458962972
245503680
12673506
535305787
126779167
530772141
856621812
944187349
707327822
649186038
801210097
741553562
609521963
228878033
305628016
372103408
511444380
166784170
614733824
95702325
552095650
353426646
281689839
585771648
717237547
100452953
990877209
114103701
571496928
518240762
619586427
487156495
803302084
211138599
653496024
757203405
825944545
515724346
824494919
23564755
155330484
359476255
909172185
87562427
495620073
397678972
726261627
757099901
63421082
849380280
339927565
611328754
658609146
133547349
774221307
574562625
117440727
181099009
248763512
977895316
716757077
242465588
857050636
925411274
926297265
903774839
517462063
33118013
12409899
871014467
34528391
537763434
627819148
14693267
515870343
753213115
545086593
282536306
34922010
742610903
236425253
657173597
566086961
109033790
399921183
906930823
795516468
595497223
795782367
186369792
942710548
732195033
356473698
376115545
806919309
258890692
840213261
382699726
352600547
179401245
827877923
405109306
325861385
227342684
91575080
230714758
704374084
985135600
930089142
143746167
386692086
206373451
67933652
595666238
826798233
817324175
980060346
283319943
48261847
561762896
915927865
339100216
237760264
3862886
376904506
660430277
703529373
952784528
531097245
479166616
825079017
281181324
101730624
11567652
942672437
467452655
212187455
517214770
385461717
799688610
164306083
494548379
507892088
764861167
468391226
841761770
624412543
719154872
827217781
277122618
755233682
832856448
61596699
472648903
128502823
137097267
508435676
257209964
795215852
142549
811294460
915187074
478939561
13111658
116860252
376543345
88541720
565439794
806836858
372496172
533187214
232541034
985942433
5015201
367876943
672902827
726400536
847768003
784718313
480651510
491880325
833378018
43082
700311352
734763930
594686856
252686131
49367179
805785539
866608063
516090262
592316034
650593614
346528777
562017086
309175286
977248728
281785877
755510134
137068310
317888027
133380117
53395137
649796362
274142930
123239767
454975825
60638860
410736203
606138324
694694990
766304718
372468086
764242023
465813663
673416522
574662370
581630334
625210667
243092145
817132493
827079808
855594205
476825124
422752764
56276221
533771876
985261105
330821647
442734201
839113292
444945230
718779181
565433763
306053742
782613366
274918645
317914812
340967028
556759486
761493901
685292948
602315790
108933684
261178846
73082713
566562797
359583439
309788005
143022364
676334128
643630948
20354385
852977697
130304172
840949457
896980677
654068795
14565235
462342810
918429702
197696574
390152846
256573596
942576249
425585639
149155942
452915019
352700541
559155358
273287464
500573202
135029109
713374533
444909839
572254939
109038832
982395683
237158036
631466502
633723023
212859196
829662224
974999311
103653377
861057960
23967634
987246202
52384916
638371546
5979039
773507092
133154732
723059892
759469776
244005044
725873341
868801642
233173328
456640875
978211207
376743470
177671327
387931796
640683485
769226377
100708530
645646624
878829902
804722536
619472375
648031001
371538004
58513476
168093393
90692474
351603994
72591719
730752881
435079103
68604355
843430347
275951209
580674092
816379811
949928062
628340673
170546275
5905393
581086939
615085421
11329616
907151593
759250194
308367768
943637430
801122285
909359320
706443030
660884917
638002263
218856645
798714587
141263056
807419601
684483551
195874582
185037668
681139076
729548990
475001874
928562884
426975084
65322363
323453952
995827947
931813258
103017744
628475601
809060605
29738343
565102257
82790618
870982951
745224770
874020131
440295672
63260659
414004645
232835593
465666266
683494185
826667111
140898129
270427099
850185391
950475851
316061075
738470782
131991676
63031559
901073924
525397320
218796706
262502042
166651464
315841016
560964985
133852815
147621147
517330514
663076981
267158601
153485796
404264431
759859090
484032747
949595894
69234632
162318580
741490842
237740118
74707448
797794273
588170445
809870618
115962435
708423851
38647834
213326388
673764587
165114310
750631137
811408027
753480334
78681772
932490282
545376586
840528648
78551453
164390950
558503227
713557390
886660796
167506611
443674897
509939382
914448263
875436686
793217146
417698463
462814237
617643452
595467740
873421180
301463104
832479104
535093813
190404512
983473677
780801004
652221822
114184901
634303938
493031921
228478272
252908864
700170270
847915855
581352485
807408248
950187667
832316459
969032352
647176296
258421595
356677022
864575198
589452376
929676482
404658955
7403140
519902053
959604688
922265668
702637979
684667033
667255061
277320226
587994181
528493510
407720145
55435400
955010618
903030483
128830494
27343494
816267472
238714275
153347394
73285011
758858885
305468322
694386599
849015065
208763029
222903018
322789999
249521284
728167092
344243486
575153614
804923272
387500831
10009987
247413584
635518860
989672024
843535172
330626538
995742531
538364026
177900986
387352790
206698132
262158524
310451595
687133148
972995591
355951753
785290369
352814918
536972055
604922517
629759332
90563421
629654749
100829086
475125770
569547014
688650651
670055437
513130797
550188563
157613340
291473510
878172055
95066873
6418113
818906882
355455545
193538593
875194408
890574038
758713611
362639177
541164222
657511965
876683748
423332571
23201933
295399731
642298292
614424601
693675497
772029654
694248738
191753998
642895305
295863661
156362220
629194165
980124257
249643378
255219098
78947367
710479608
970571233
961348463
298841017
321199887
145938421
856224387
448199234
416926627
845161834
961456460
992863882
553786574
866111768
528321304
442260740
136370449
345745626
579615167
575957073
188115793
229117697
907138576
4450307
862275869
665475180
737187336
720171928
258935864
44100874
792695339
681450845
614471185
661955303
970671717
60105881
101323760
395675605
870670108
827711831
835584404
364425245
333963409
696334370
665524408
154542325
686613926
70262739
125504843
521239319
118547491
369910823
619857763
277955130
786834709
275081162
627191990
518748099
747124387
834145685
644137526
903932866
175192157
942233499
524371626
104984419
5165442
874848335
820219846
572313146
531231763
762024726
786914763
542187790
572212182
384214640
459887658
438189485
561455642
132008531
910586390
275446799
371085554
103980026
93911912
79338226
877182190
223344825
639155963
742208209
723300079
727454022
1489417
320563933
398365702
602183139
537902829
813174509
733749711
302671800
265444419
251430282
291356911
872492889
384963967
130789000
907566005
496813226
775198627
574723826
102827465
197932126
717191721
587517081
18755447
794027680
778282477
204430293
763972129
181363633
496819663
886920431
968418139
503426914
228185228
970903601
269363368
130308888
641340308
502004241
197020831
506232315
555762553
375204851
501610122
219967581
968152895
731797793
831826828
888385370
626651870
96765063
13277892
429454854
715076563
790346200
109011815
122452688
934433734
609617613
262247498
202618120
888868304
708464516
797402998
710142742
67103734
570317435
928190958
375320206
401070612
611692141
435926307
261089603
595823963
525902762
909211951
751432060
415302568
683207978
253933634
551965533
669012577
264881075
30906594
251534791
364311261
432232882
840869227
832924614
857863702
3464722
896589543
969981392
584399487
822802934
840666807
367633287
438970745
284539757
376914288
615318805
758127557
941988075
897709716
45585832
493670464
822945187
466607129
619463604
772867754
490077781
429084641
277978196
479142484
74729819
738047262
341991963
99578121
171401313
802861677
545674734
128898096
589706430
655109764
817027425
978579971
961702309
387558576
775301507
821506054
809418241
690640188
273410691
960373190
54664518
751186827
588340530
618687898
192488420
62008522
235426936
601628241
573301292
222684924
929699928
875712860
880804358
452381544
211490913
368879613
270843713
612316095
329035248
377086064
512608535
926601167
605383200
20123773
541684089
403723741
262122396
7331878
732324694
4442889
49881383
217732962
477595878
966633091
952897148
583208142
703652767
338603376
501912048
495826448
741185644
725980668
787419862
558152795
875127745
350372810
107121543
67108920
309450805
904904897
104451308
335676401
609679948
753641080
331564103
653228557
316411180
811402913
362820529
169784748
633209200
559633163
392514777
443696503
927362435
909335310
40391213
180596520
654378977
912294799
623360081
87918353
158395135
378423119
734896518
924576532
780459557
161201419
341382367
751219432
983813029
484527355
393005249
32856785
471377503
126229917
343434727
190034383
101217341
379076737
506489933
366518610
623855381
18452384
634795752
917019199
774877366
135187558
784208855
101330591
211085071
199215355
83668777
177049110
15916222
162242615
645225629
703208298
582335808
131384903
295224588
100976565
459055548
41508617
654440577
179690812
830959073
110900494
93990002
186772371
442735866
361906060
157924770
531741538
575412896
233355380
481023128
347690157
685046961
966295399
853525018
922858446
839990294
724230280
319982170
768115382
638668257
608708132
396908957
404163132
773928673
241917107
282778045
771308005
582414744
476033967
386962937
844950872
825968497
662499497
257650599
200634470
326088842
113913351
588275171
547378339
580925223
205552718
597836942
871322670
418816234
345901851
180793696
390374787
805900220
187848635
580711021
550909321
550781818
279418016
980920608
405443654
748074634
635458495
190214623
7480778
683340921
329732706
787356382
535525974
907325955
269372787
912660567
223739026
226011904
544269522
521255361
919130270
12842199
192306488
686993100
237878119
434530727
752835833
5870546
846606805
633207999
646272805
977270493
862774930
921075511
221258345
40954680
162630475
903662016
438477396
501189866
133806974
906931592
672171847
508609576
516871306
252377949
856778302
284573153
230193344
523473131
867949208
812786735
406339902
974484911
516537056
14514927
588492666
974648425
911887119
825411981
662121742
918795648
267199578
772579732
797981926
622981483
27900375
748550547
888286218
912117120
672361356
392917809
530377188
539101849
785408792
601841242
597308982
642131196
457397242
919088681
814624246
615721362
435062370
133895479
511852194
605031823
14762110
837058680
675156656
170900122
149194719
262658843
942015976
17522849
57745707
445060089
886121218
783111104
344452057
428176041
125885964
435943706
69189629
326381072
471585812
683393696
938447391
286463600
131692514
544830588
965138799
185395253
734515767
130260776
672685915
469286517
949444709
829368884
339673064
997580122
502065987
9412666
33126937
835392643
926300509
433683704
764949896
955246965
701630932
875672423
306774755
413988333
743518507
114668341
244535869
476539329
381955436
566573170
199366367
341703113
402874311
930440582
321819314
338093925
956125874
53907837
345036052
607279672
702898879
440319843
187441532
24349113
723907795
704202234
208175764
802426700
39132169
133027741
354857000
587392736
96987812
58516908
282687995
261549411
15362521
450864678
88693394
155673631
818620710
154858012
739974484
713256403
72761126
453699870
126345760
71199142
184806364
465988089
148864798
335798985
27820734
719647568
927051595
192770217
508382039
421658727
896606985
489408321
749160490
581679719
857271445
239971855
243111216
960790930
298379201
513741359
793740976
949207158
829326241
616818724
419401212
534676554
75337093
464563913
973948342
573338843
7632009
696957582
425569538
532193515
937545436
395470064
761751090
599580660
778707154
49693300
376372381
629928486
937556772
344862015
946922566
537427450
400080176
126384882
598464516
161074730
249291843
357537583
617277920
134314426
449902836
504506105
27675511
264762917
385855265
244452239
688780652
653601461
912613313
146887928
452756003
907404234
321460687
336442688
86244745
93521263
393988490
140567842
291321470
632122578
488710876
555976875
435294839
561892557
496059091
813742403
339626934
438395424
266629270
330016397
182288058
897548882
652789995
84069801
409600312
229460499
122043018
388186424
646982586
544138949
185544437
691396549
681121486
167854020
60287773
621767840
860281181
764760255
876825568
766701839
311397146
388001742
142876452
691031828
268957367
181268654
617413060
469439677
370215135
152983364
329143520
711390989
86987088
913664475
210455178
886154811
524775356
776954254
128298109
756275488
321608046
355641663
838135046
741574645
879261794
414229881
281485308
545239890
599680602
589354929
814372212
931441241
270681789
862041311
247899509
324445008
145474236
322600332
684937165
825476311
783823862
510145611
62089963
155240605
166966914
481817080
967423071
433633104
347892623
836867851
376428723
563924967
346493658
536196771
673229410
956736362
604243768
226756450
8737188
155543785
9021427
686207186
46418247
836370203
657114354
468168349
634802621
75442796
573031238
646536058
478189739
36914122
357837720
883925798
366619038
897492033
313567713
819204980
345150177
496449838
76463355
871864934
49755565
813894884
259381551
902684705
835125116
620542774
257784239
749962370
206972427
205501300
181887516
299802471
968369316
296821009
157869290
769481715
163949289
808065349
965277506
869960833
593769182
658099528
176796505
700907694
159418561
601433346
333206851
793685334
122744052
382183711
152865250
744442563
667982460
384911049
298836835
948540927
651650909
912930618
247126798
492285332
708227310
788585175
342177241
421460671
804487656
31465230
728092914
493510614
195960794
817030939
758545077
842291973
131821825
725702423
333215543
960361251
77749334
189663470
934716601
296325066
669490518
487911667
396297467
985696760
64222911
703276819
111934344
186264527
901771022
438376707
887750940
679968072
870755127
113875275
738678345
441368039
675993593
253440130
980679987
875184314
709583318
405594354
489915042
364526475
168730026
901011388
347928712
32805005
663251204
38467383
918250433
575727758
77570563
566481369
655340343
250923642
246631585
979223419
391476651
639019314
157972066
246289866
73826737
698685363
633638145
988064800
18530801
188162206
64968898
299511332
602661109
626333702
326599116
893453030
812228117
598246957
890895215
407794648
497795993
419471706
921914625
918977299
231674166
796502121
65556891
126705791
193102520
205415682
695848972
379751672
611358537
209347027
72147512
686721072
293860553
685126698
244461748
910539651
149229080
272510293
659713049
908941587
735775514
680428886
292598186
271203794
579811003
22254657
490086517
189199695
39191314
904187371
118724559
773206912
363834408
931813427
374096645
19721385
491791578
420846274
978028207
755540820
77610360
14162387
127095910
571053725
495006325
462116029
532843814
214257504
915036891
431925812
88776273
836118006
800109076
642338997
870385175
602138706
795957430
474420107
233333445
526271135
502465970
726164916
254237620
678421730
927690763
565236409
470599277
524772524
99273743
498540698
214644920
452342257
139775509
742434253
100724483
102440389
893429725
618014115
797696176
267494478
382138560
616488112
672102540
562149244
275956506
638391860
867023315
879150145
683699233
520348967
263642167
745508416
625667439
297118431
421553034
632074511
843150963
266309684
225355068
565586530
26583807
144894881
474136982
141196428
480157844
658189339
683966484
571555631
307799300
407996045
958976783
224046759
9717276
804614050
389630108
304362576
994040769
564478652
320713408
320028193
204635628
211050610
550304571
675217186
822711642
113626351
719394446
264143091
4203634
172086990
296120044
351362696
47605211
116272136
454821299
525274037
636161813
219479794
677395266
60443686
721204870
302328364
977637623
165480390
867018510
548982219
310589628
364471463
678353530
595339020
233851208
179290778
955988551
273794076
765512516
39656719
763501894
680501888
228588437
250371969
963030207
912644322
112155832
238763625
379849727
171453195
134195298
428158325
62072973
769073454
210665003
507630271
482204373
10067144
586001146
438777671
593351775
731869485
420958587
517963314
526389666
621891770
674259274
697158869
573579575
666366535
159706497
129579447
404546239
743466393
821329153
294182795
928167701
910449848
33218077
198138279
743221923
869590453
121478375
844875903
59536307
318550208
555581229
839329598
590933452
915161727
246991464
981525229
769364763
23996295
814426120
848259777
360288230
758195202
807371927
800498024
481531712
958161195
552511353
319056549
773429037
16272165
356697375
560531806
674363828
869137209
268816007
61133996
673138945
979595632
411653415
674086036
533652080
221725653
554346041
843836718
125896271
147877059
526821839
977193826
169395774
942415781
849238775
295454565
919287943
699256935
27938806
307245184
309812111
615286377
323575884
513742823
325555011
581683717
513120515
493161721
636876042
564588920
265162963
187500002
103774095
156028763
767311189
369299311
102513051
723556802
495747447
434669989
913381702
694049344
66727232
99122069
222748930
393326793
114485568
108852695
53265949
956763076
524162879
775727617
150524392
257722882
944043575
486639632
512566264
400703854
519404741
503545838
843382414
692827598
943141637
972877191
507995295
681464332
911972384
896524982
843051280
825585123
93604426
490001933
562634038
732902125
120687798
181498370
897727803
71661157
489827095
744465629
42275217
358154425
954047925
146324489
347190105
464922553
921743144
239797897
853487629
514340773
57678476
654581989
312584692
993109382
866880155
455617385
834878431
426936664
402702189
844722212
437325009
459742334
573494260
613379664
888408160
667029692
979000141
410855957
1086785
675088624
185287384
704664190
983142765
159168477
500798136
462698956
192206774
514175337
604633505
162140254
52933531
512854061
468423247
558171428
799876355
60604168
42754321
153279635
782032888
889048458
916538858
383349916
371335700
592474301
268687159
84828816
714018375
898588691
764863953
500635171
580149740
474120203
997154817
273211979
241102799
448663625
442093188
279101868
756356148
981538496
232720019
516196699
599763242
652719328
170171693
219775158
37158072
108191554
787445782
221102700
861912071
59664339
953002937
167490342
250509797
308155919
839495081
763666500
526177900
493688842
149305694
599104266
601480498
953034759
631982426
46382916
592549663
61504966
181570335
251702243
567677931
352681393
790842681
120441580
873795593
29560726
963142059
681267328
414765430
695528000
313231719
60245900
154591648
624247553
11089096
223615295
227118273
953811578
617049514
531980957
277732072
715098205
730008876
283033582
574148635
635833483
985633308
107348455
592123463
901261163
59667148
661006636
6296474
921414230
880092333
265800832
720189830
797240154
170735842
498053210
995815130
318734379
136067069
571663674
19388284
940077017
153461286
774062945
961962595
782197283
96143117
352180198
77855433
716538308
401183326
588402212
20963366
20530113
41516746
332160744
911161671
357960256
121892747
243101404
591653180
585211682
823943600
705823789
38690019
368914279
158776888
919119724
389418068
636306914
703013521
300728954
895512782
144210090
134661253
257479387
433310041
544472975
174658941
765457651
336751209
800350167
59442812
316931910
818740167
297785642
580671498
537702314
893907550
749638719
560462075
674768472
520083691
145059005
173812286
322606216
215298341
810729863
437860395
266046020
24085941
800039144
147206727
742895979
299582101
758731025
590104598
318749322
432845822
207947758
412459998
816050022
567337432
623071125
487030739
733400378
775376199
311449932
693713994
561978663
390892915
478247485
691492817
456166710
428945418
397633900
323785337
505522258
292234917
14855530
85639821
403086556
839965853
522272092
768467818
667351921
384169976
288723280
218442742
298724134
754131253
599005971
128934386
739115593
467026547
842432007
863297221
219922485
698374522
373916888
184899360
505440749
297203678
472930835
464227116
44533820
481760010
776372723
566954100
825218693
979535157
695683542
190286511
451933625
162185234
969944543
979485243
565073560
307037172
179821154
648546478
199430368
926624780
379689865
740718278
125432987
82680851
678026253
831024370
592106400
864456007
521983693
684501749
326172115
314376627
717205729
189833514
187493766
39883454
455057510
974009869
615856386
788457094
907583306
883749128
677962780
680387069
748311340
410406188
240772360
82026106
461119619
84813103
354622896
733149876
345757627
256576333
980440283
191459217
658433264
861617181
305907104
208005911
879938973
186597045
915665459
278949657
47077557
223891116
555951776
338059141
331249641
113579937
12968164
349763443
941725872
939026490
255438897
338811878
470991793
559621877
947969896
298767715
48244612
196810294
120381605
914964574
710675244
984281076
609022174
657717316
3563168
208166117
659140887
678782823
146142099
360794247
979759524
286890527
168401813
64191435
603904149
957204369
218518750
197852484
264173148
261886687
99627752
698702699
617611053
613295648
679487141
270936069
652746688
459788805
485929040
354053652
887319766
118657166
155271503
5250126
820220113
603619199
416060909
782448761
359304979
749537039
871015024
598023132
352363827
660025031
748679212
946665129
126032660
745579167
955513678
50259902
774086714
904425053
749493040
162088409
630760540
88057802
262457252
909012239
820385660
805772783
589967339
313456994
180513178
426152068
221380655
869330927
233809130
29933180
72174630
65722632
412054931
824430218
252629994
866809975
139347577
131763222
661312952
431329445
96162682
822830320
43171794
924266538
12862932
10771643
178834104
596325173
977095526
842443359
167801550
258025762
942126208
577961724
291208169
645477227
442466224
830908217
604989495
755620497
115711674
742736626
336191102
58559910
367534570
553542103
98993447
666062174
709968503
325789653
404969700
573065592
963656982
803615725
556228215
189966151
840487799
246680588
864686211
430895461
142108351
452823994
825461417
991960702
340012717
367272065
489878688
171500031
122021798
465795820
355217067
939545512
266874408
276617338
967224915
220669533
786030472
293272702
744627462
12066040
123209103
807725454
203219621
864483152
238373491
219874039
668864644
178514174
878119666
68841265
121691895
61390817
125308240
981085060
13890885
650988209
577698381
495242019
906843272
355731217
110295490
396705185
724306405
361540449
349321002
393419061
332195764
488843240
165035318
372676355
644827853
607883663
825849706
534326570
8976046
308659621
438540926
96003241
195467477
8911288
600899935
787987358
720811299
836460286
234410780
518046527
245344497
537796173
781941562
305530313
834483965
106304247
801061640
415700371
367161814
99382532
688860746
486086962
129366110
120117598
317099551
444873346
315267994
180075304
437343386
405645493
811140290
134715895
190701800
544620427
200235765
909207005
241947931
991534284
634714851
255449169
868023702
339092332
64886397
590645394
4425981
700855303
661589624
802775289
247828980
922142165
604885868
944323241
917127359
354044602
828606960
607516271
814375529
475990467
197186661
569388092
469076896
121499086
37779878
653772449
766232133
819009160
967125138
142208558
39916845
606636390
425367126
239044428
269809300
924390274
527947218
49989809
962289131
407052836
817203502
344064797
310089998
276065288
240741312
531560298
805777527
993237356
584825914
399187776
556203498
921810321
470921319
365832843
590773011
671841547
964417115
413244879
465701868
521508637
561580812
234947306
596990202
994399169
350061868
222348847
761002
205387520
729368412
507244092
193675380
179841800
455133952
123434448
684848455
774604745
871358611
941030184
627007462
152898054
809038098
204244442
830067365
767979423
607593870
95705302
230828502
962609823
473222088
748603348
978823675
693970251
174276754
990876811
555018810
388043794
837405286
992766177
989085140
877180200
410467721
811065528
514066945
685156260
619545140
766891161
300358463
980401144
832183376
357574237
229596902
984519026
976530892
496198000
33192052
542706155
928769615
680443011
387971486
896258765
101840247
421573418
965317578
257829493
40157120
878063266
612650001
883232820
92712588
326662643
82646949
557103799
98685845
577263830
502417825
314342503
279541184
568517527
964233169
731531264
842087589
744930486
159339065
243134620
502608432
817669957
85134742
961679801
290543504
382667038
91677176
392613568
962021105
593783666
757489927
440115846
905278655
471527968
664673297
164095728
315847976
709176675
526254292
649163914
233878409
142987638
691474085
819374035
886350119
721281315
378508694
307770369
864351368
262999122
424842338
519500582
617955881
148265485
427214455
214734014
220279348
543460604
967322627
461981191
78870539
176838515
668715828
849456187
683758276
953994370
750782125
982533636
575084658
893800516
823951432
129396835
885447892
317295854
380548809
939638924
884846722
20137037
157436851
881209039
186930897
240817080
227870754
641443828
380594739
244068069
727823888
71094606
685698438
941936784
889361657
544165484
760205522
997546150
260016591
217332283
63412123
39808789
511152600
730688390
547464318
2467149
982799786
799744022
713782455
847596176
970761008
85345523
12517466
933983352
363769498
257562845
115695087
504332280
48392492
89216035
106348577
639463947
740764184
921008737
122075758
387904719
798109852
65440842
158227281
274259483
76395317
430090807
576911925
575040016
393909530
192496508
486847316
168601212
321642997
734509060
894200592
580134247
671021231
274702984
410170413
655083825
971325408
22376859
789577701
672483758
621722483
6687037
825404770
442675780
363370508
342137746
961087616
683115217
619357282
118836088
434733690
396769536
491981746
678449435
23353824
651764589
127527631
971360345
733156127
326575845
351105490
312647061
67671629
195653016
460087316
285697814
34081681
91221951
402899903
77482328
438675524
334723366
619515286
176146687
595969554
870204322
618078292
91448478
136401263
978481566
12217137
820708658
926359432
241652914
376725922
441826593
689603710
530671540
604336853
447644399
972732355
337397612
941946848
649485212
470570517
524518998
291313511
211154635
663008991
432224906
820770403
22963658
928195178
768214389
657336405
491538999
607945673
573831501
810340329
285537111
669327872
145845327
212264231
635303078
45537774
88439816
904808902
557398004
619205401
300476008
14394717
170619040
321746328
491505952
377126219
172258343
971013982
659259354
26842964
619739137
332155007
327133511
157173031
472251711
565515093
90958367
365875168
688414202
281980148
912109891
183409203
906452756
963578771
887167735
148383950
534347487
665651297
925430471
16147435
545632565
782727540
635031463
242705123
94587389
299864847
715049753
310343799
107104691
615105217
902781201
761985842
772131584
387399760
786984408
690853585
101843892
445378150
806756961
285715632
787057343
380879005
604017866
35606036
541154758
987205721
720135388
508882630
658485009
559319231
246083579
83657757
109650078
761275148
2423591
899433845
407087288
692756522
830187650
941604469
801504420
860274213
76762299
806988961
890151513
968503741
761258973
853944614
324672524
35243911
586753029
489006095
324284844
859077859
572137132
690726930
780570331
150841578
251074206
305668662
730086102
433226256
533793333
405945445
323641342
625286067
586733828
159332396
564810364
29873495
717159536
548335772
108066757
332301725
497988185
432794581
372316254
924052534
988621577