11670261
993776722
656108561
836466833
862278456
473467313
12480263
271520926
316447039
681810504
396720138
839198650
136344010
63645144
310157377
881064938
813951822
327008309
271520926
919863281
322026002
11152653
298404526
893470317
87910712
317192250
130608970
130763139
28788851
989974810
925394578
974995492
34173197
535339076
266000
726301975
151865434
608676348
762922714
133477697
152519921
659483380
78566085
446949389
930532491
511421615
125289093
286636111
139120374
873372991
255571340
687955596
591738973
115400424
573974606
638802896
739593916
253762367
970837467
176798173
578361799
115400424
974805535
893943796
332733336
6
750916714
952051936
372205354
176798173
39828089
922436082
465700
778077755
298489971
469282932
286662853
20159534
986761517
739261833
159956174
773851185
396720138
820841670