153975691
600412336
461110600
368343873
286662853
298489971
820734582
841850895
482457922
5893973
893943796
184041447
340684464
742137786
31457198
139804004
775318587
153975691
226256547
402943318
809434502
926705663
769277169
259894481
415368201
386696752
75887435
920429058
963369105
986490284
261484266
617144922
726301975
962143828
501551018
813956142
62440650
454022771
419103295
739261833
35820958
146381629
512775639
5921701
55646953
629507750
247248414
692738032
890723319
215394596
145064524
410500581
428000000
134090642
161754068
376449353
380383260
928484668
379292815
937966016
286662853
907662402
753485564
378337856
798186024
89289220
56546302
104372902
916888055
724924417
512775639
992058423
564917041
780800357
790769136
883012711