980348879
575153513
28788851
681448584
769277169
633010024
191801435
41642272
505246802
266130291
910025303
578361799
597063051
158967778
166696660
640341658
989527607
982378982
536347684
438472788
756002775
529610403
764547485
62440650
990532913
183774769
811158614
266130291
757391166
916888055
102815635
41828965
599219
332733336
836466833
817997903
866171464
993776722
118711207
642136409
110959136
163793270
903178557
803762363
303956141
299741882
895829324
245313138
817997903
917636386
891437795
146381629
338506181
116314411
139804004
374874164
455374031
575107142
571363005
170362920
24406061
215342236
5893973
521855076
718639232
295216144
883835121
898241155
264663714
883012711
134090642
627412938
417313284
455288028
658027629
68314393
584524118
638007899