395133196
613000344
484237353
870032162
842032057
400973148
735806482
289015714
734657662
95899673
806125492
303027234
202856754
760753682
884868657
502264013
260602754
204465019
202246755
249358348
12005610
520005048
437490046
72801692
880052682
310971573
192546021
813175597
883483608
410797132
854723901
24965866
756476101
824270001
582572970
29069274
578203687
61595124
418589417
853549399
938702806
805565910
141164323
524359147
111616952
771195022
89148892
280911018
458487023
484682269
741242263
245369502
657365331
278240899
258694370
478297233
125439326
516205520
146918494
97013501
625033751
789863287
966181680
784239973
475472953
923423926
648888025
141942538
202986575
62322914
782694807
373364105
152540216
965641006
150004092
388858662
617120018
853975219
744883506
790774385
543332594
34949205
772998166
996067193
946449458
748468491
439182378
60709043
133464472
883460742
651656127
115555552
679359928
764362272
637561618
530123063
492896495
932939582
366025434
622309455
572517634
540473178
873109705
371276120
641514713
734246365
365382428
824165541
244921619
881455833
212187998
542545968
707572515
861058295
487175071
583028259
431319537
339581463
914542167
118400598
455582444
745493348
203040684
773699418
822801506
37236993
462370152
656888745
229528162
285616640
55402015
887686896
963824396
666336217
625877839
160923599
275918642
805815617
286414996
142258800
25167892
573916480
153268513
954937304
714983201
711897541
173355628
851371461
821330581
807866917
981091613
858938809
572901309
278759020
914227731
481385626
861787939
443128018
195982517
118598615
395928727
559313731
237692110
76762301
307298004
578614300
87994543
151257338
640832811
626485558
35453884
696644880
218290584
967179658
818688245
132423697
230668492
219861797
700013458
145479445
990896174
33565045
96012344
368485763
291966396
593123903
696767389
32004714
24201415
849014178
605553046
874332849
686590201
110224603
625678149
505285882
69755379
689790550
682624421
289196667
19610264
48106572
383335101
520868533
933506485
766284077
420259582
682175594
190698736
136935785
358903048
158084209
838765259
995413586
541000755
524659379
418901342
364290774
687015426
138877635
720217478
626245882
763616277
860166404
625122813
440255191
850107284
374713722
956442687
11982765
327512083
958488466
721498194
859865399
246753095
155801710
811296374
418952291
666831620
362625226
886157882
831844455
416160741
697374913
853787713
477399351
857204130
570092323
750118347
341712636
204836745
288905935
621643293
254442262
332980576
491441391
752523103
240489314
373557058
772024425
570112322
992043722
193725780
819749390
547139722
23966146
784499607
749897525
743665360
495972570
826225534
935389667
693836088
208271482
389008550
370677967
889323467
245849321
327523817
658675985
669263631
112321612
941965920
79749999
45032877
665136795
562297221
200463361
349397990
627876364
623227400
783981734
870029158
148090301
436349125
300198394
449275419
484020252
296357568
737406151
80679140
570664688
833983707
220625800
192787192
160780261
445885601
786118813
144562440
224667472
634325539
975854579
509732577
709390804
698458810
859609271
204404557
622481523
305848159
283607630
925981769
30117613
106622112
981284899
730205707
302427723
112792245
180539153
907242813
968479124
200922099
9812160
151612951
949787539
140175038
809710607
268594168
75047564
280916524
100327755
152540216
268999248
426190649
867893228
873914710
638399234
296549016
390137284
370157455
895438264
285233350
295824694
576115667
265237259
477616393
103223089
736493123
657531739
703026109
299745864
372719939
291926716
512698248
753807065
979528238
722525333
378882581
587236949
673253587
73067590
986616896
85450257
940184928
495726726
793531624
207561901
884446628
496051
902977537
605287132
56710202
963320962
117325310
875667474
763650559
530402503
778057563
554220132
177300804
813831481
486291979
268644861
345938578
852925442
347379810
20996983
895348378
276625047
582508790
349928250
624683309
728406978
569772093
47206765
890665451
378104276
636561398
903154890
877220749
485355197
906264169
251559389
53679576
384856402
495796780
349559370
199066547
640616138
286646385
887161352
472390853
543509565
725564590
685768278
305572399
492636623
313452470
595751211
697239635
790486158
270258978
263249317
553826155
350382640
289398099
719027292
975787005
794537800
183589456
844233442
771386809
700690103
670610486
606197443
861011322
667885943
354979468
136730666
175035115
627667975
470697756
417566601
660003009
880219980
680660530
396341571
798459304
827902592
11263619
341230671
408180850
351514933
453205381
288822248
347981556
915388936
363647274
690214261
253302897
953121098
295891859
707012624
283432824
814796747
50769915
870823922
949075893
864166763
82435205
291949463
572891675
21933890
412951784
474007220
498799879
190487216
354234408
851004436
266898357
737926472
612025329
903942430
844825985
964941211
954501105
34075967
596883440
113366489
799035771
212407828
684329162
246095219
525839039
588355700
768351966
340263279
770646037
586058129
975048445
920024623
812471472
549723050
341047673
660240839
235834630
667936702
49452511
793572035
741570240
223473597
25133828
280160715
138207390
95104549
5024837
86608088
718001740
164291923
203371904
888997058
284700683
918615499
907925975
738041907
948067872
838999789
488677209
216258718
785213421
698467459
295306218
257081756
163712545
484675491
588601972
916039464
831033180
578977515
328168151
297743702
765046312
710868732
449505305
830075796
946572938
581247026
3241149
103656714
200075342
69444069
169703510
549447529
593551899
341907897
611202295
567729588
48044903
46393245
187720868
436394640
886289651
347783912
613834359
770146046
985495845
183639268
140611162
245307028
102222732
290679772
539533892
777116394
68989596
78769764
705698727
431750982
965258695
414273220
95737507
202474012
838950881
857478333
501139828
204071873
174009210
105121301
96965316
398861953
148637293
834356224
984019939
587029409
117044488
436152860
974618730
913522057
133856020
399370631
711539437
17825410
633033826
868766121
261714534
566967185
399880500
772207886
112967201
869613579
870234668
33939141
863861396
649501125
310410144
740447833
890624752
659688426
319883430
593818963
850033829
361277484
153433991
541033678
810258861
591078587
356517750
922388578
493342535
223243649
378332763
199523258
554379880
125814805
69471638
612853213
455328678
501774320
577515614
536754201
443896345
551547426
893159091
822526643
598231611
875808346
460368420
819455615
737174584
529675201
387587448
533845748
508979257
474892190
63047398
140761624
152066776
682552146
240371860
27499319
462140967
150775019
449305534
622803458
558782199
61218121
997618958
454251328
427498112
880579678
419496143
655620075
7307464
135106629
728763368
993234695
907413336
946455074
281932006
284205372
116411577
104840913
917772023
922648957
782831015
366848519
626204652
973394217
325569045
507228568
430391916
227200946
990514773
235887846
256511612
834622110
147477486
860645757
420521072
524610128
28363492
349573437
824216503
328909023
769563366
641779136
230050132
295535588
242856085
652385338
480041800
955763434
196521513
731592552
669160230
510103789
776043364
314478194
361992452
647516050
301699686
402404291
156439821
895296244
313287384
762516866
7382401
648392491
674428742
393012888
155318586
821846877
765452678
660064914
855564136
925582073
467981934
561755235
123590253
642144802
608865912
532380661
841154495
513494332
124285047
934598450
192919086
755858640
552017353
686920518
684169231
327078273
636706470
34347949
222320297
363384071
357451743
162096276
223603127
239365920
875916554
23499866
97882790
805159175
588267593
475632660
163278167
269340374
714872603
652277001
972873839
558558889
549268087
867528318
433441674
213735130
674317146
198667097
318752984
139690454
651414612
643517969
747965216
557661221
469857511
458126030
470991825
596612083
34769333
278445951
760601776
545856476
309214505
814347590
636194929
426984633
722441648
294800681
964952212
810908799
438845011
809435009
240592403
591564549
860210751
306776200
899972201
906518640
990765678
197392888
540936323
120791966
594000959
407200715
96248621
553844992
715073681
647705401
763426571
560078012
778032765
488940556
632734923
764341318
445779312
549529734
410310182
82631799
878327735
745158504
642513316
893198396
896247242
521434093
81913956
287479413
410321626
267774979
843557752
325800336
49985799
315406164
452392880
795064958
720145147
396838962
14967416
398731704
16411147
158232208
311648654
403686419
89738413
528881553
857092091
91396714
473475748
482457617
297684001
960256062
115121903
807765638
388092263
871943155
17104757
955507722
812793800
290873513
830364995
891025832
256175547
454766822
808302701
596103344
702423299
985469995
985487535
338949012
332687485
108020916
976974817
450561483
717153591
348183328
47799463
526879900
446484720
266716593
487047280
337479359
392231000
505576808
712787316
73675548
507455107
64949810
533253700
894204224
848793618
563139215
26666874
792952755
238267433
850603269
263435700
366047183
136495474
15178899
658091998
708040908
781289247
524613930
194867099
294831209
117926161
132964105
486328692
492819377
758143745
556253291
505124503
170012508
344936709
841192449
975240655
369223605
345425517
72204210
466739273
880093717
736683820
569901273
141481762
30306402
400408865
805587379
256630324
115654898
619619118
934230091
642151500
783436008
362555979
429486690
41735160
482903595
714006959
95226346
394751001
489415766
790134459
189398636
334070173
763814534
854102889
430072116