302870210
858557080
626719298
510286030
812873691
626359914
8195343
758965141
102099614
550226600
877980120
443419972
240382913
648459783
99191536
911655331
871204932
294834628
939568852
17659032
755642583
490380706
455428658
11466016
695548954
574472379
707155484
114917852
739243131
655889645
399334134
105864291
346266032
623966852
728027939
664061351
202598470
67577867
178385978
244287721
393107236
444208250
428353423
780984799
90658426
529972743
764292629
383083061
742247890
546698029
268761537
231813234
32764217
30559254
114982566
11885339
579084428
345886276
362431588
987029473
17467347
695661925
460938509
565217310
608212041
512182313
207730034
501450204
360257410
65662024
357361925
478768830
918941780
511554077
381155135
710327649
832766024
292956205
138514661
232776013
463425425
727857413
101106689
183965318
324847926
891203878
715136111
778702736
603446617
437773386
575219412
957335562
464070404
411864153
757400884
973495002
425329705
232499776
146534650
687710545
848003272
525822778
512742164
578379678
279952950
165269865
791336808
813079732
810144661
555892168
344477486
69716377
15766194
524576468
919134188
812947626
799100125
175633390
67126977
585520503
236141842
138366643
908959353
477846219
115248325
282261127
309624762
33378424
278562101
106076703
636714255
917736060
694900306
359998066
530426831
120948673
670435645
64140817
542641181
719114399
756866412
980429464
945217085
644016879
391058425
896915168
942562384
773179011
497248785
305171349
501596945
435438603
307440295
127403443
925834648
143773245
159164724
7283517
486493420
883692105
423721449
218249213
868757488
73779631
33599349
140151621
895479089
858668610
864586666
482603188
767231580
573569028
757075441
514170201
205458018
170088053
251404069
552639927
526641792
516599051
655255394
110998973
912809691
661507780
850723763
666726372
366999669
544644860
78279438
468752663
50174043
375608010
669018882
210000719
92486735
459214416
537793671
62272675
549244455
47498739
407433486
895863181
435038935
204427878
207178379
670340636
964797550
887380979
347021133
700525414
988750304
677041075
345427613
728208933
325324407
433837125
378061890
172072360
324204435
345596414
570078856
586237768
879569178
347722489
687978445
922224913
858824952
987585828
82273449
211859489
881177541
452000760
748543316
382184108
836515872
192149110
494028314
952758716
584865072
497735349
524798963
810696110
788485210
282236802
447439986
139403255
697792420
663438991
36657826
158174739
880854178
883746230
994796265
724116949
756863401
86842747
492915123
213698390
303090220
125767625
656192283
304225336
564016537
901521521
893650994
10971821
20016422
994896741
822048362
119728982
486676212
174426660
490621997
291973056
886727099
606895687
349080840
815254437
584057258
914090297
584972717
863449665
831537563
424360401
871318653
871867594
108426968
249145887
348109541
99393208
340726889
359290086
181558570
612318109
582806275
538520381
895209942
31088749
971613412
253360665
446449143
904165074
363349946
301859330
887148127
862438495
982047323
248667884
700901620
891421967
144681607
235232912
96889946
514945397
680774195
147336622
895605430
997169422
727007887
742637109
634573140
854138139
807350125
936649726
262362924
331891388
681239150
744037063
635161763
172471266
879014832
11453452
537526916
327546390
361295664
341073753
416840870
788218760
564936218
142059942
175765193
813567046
374283611
879682279
506640449
217877128
738839515
992286317
534511332
160333184
813471119
32036275
845707306
548076662
870384887
729752803
41109153
568788757
985743784
971598439
767708533
360105789
720053782
711290986
732736906
172560314
21660470
733059684
454616643
974179714
992029607
833759149
260515372
64093084
409933792
307890221
441510280
621806391
479707819
694685820
660172995
679625800
395494155
795571876
434017791
325790203
491149609
254486457
951217866
621133024
85979002
11926909
27265907
895349767
485094879
417298191
576716175
189749583
972370539
41886110
451161315
431732924
189945796
285561938
412576542
693155386
208103217
702218289
637525754
595609402
187027410
663723824
929495983
964146510
80935291
416172112
782813437
579392595
332007594
863928329
812083715
92282656
789831789
716647672
226190314
79643644
533543501
691154830
335092047
68426227
788986990
433040573
587896126
914944042
529062724
496984446
64447737
749557634
62079680
154875100
707157543
799476334
346712017
293078502
116848059
131915304
393306580
489987744
562096399
680546022
725055986
536767282
668999555
329357583
157240202
619619118
614733876
33456786
383227658
358320394
449973052
698504947
134932314
603897054
895625651
489604109
37753413
179938694
86865887
735637010
883193670
202820502
115254646
322101955
854118481
865358313
400165717
984827884
302859639
53645878
41918688
586521573
562075793
631820289
534429913
872535205
527760578
882980074
282037882
594072264
600982113
474498413
84711379
484955283
427670728
472197484
344410506
224926768
771017328
568470500
32926641
135286157
39242336
27307325
289400931
850853468
178318489
707898318
434011427
831549907
574566338
31286109
322537710
409375885
872985343
291995848
235913304
356174934
689751735
674744454
49609622
869803393
696376343
410641592
155288207
690621142
513773885
908481298
708890978
905764720
83279416
982251298
730090513
349884572
512898954
151057140
813598484
302350035
834470210
64502232
813044041
579795940
613048198
346300763
145620359
864586539
528447640
974181697
829985276
26251187
840767500
802199669
723677936
763135300
723255139
668974469
714635741
671436311
148387217
387483393
43042550
814982225
63907905
61840626
45897316
828598626
162075948
988888460
927438432
194507803
430825954
533104055
992495137
142599424
990670785
116347236
297274692
856120682
292767788
110121529
9939770
434711909
297557978
721730447
58997574
327939800
175788752
941880153
690390462
373370674
612223219
618411513
45573176
624917620
891059542
296840814
745920958
150565879
103428210
778181045
757106444
614818287
703674787
870826611
507956729
612505572
887271621
700011350
243528476
891187085
481151248
247679755
362678279
786469767
743444988
929508768
738577137
760321729
536975752
218073917
208666835
899869937
612474823
90946796
392591121
553348275
911095092
653593128
496726677
586356602
364980339
17068265
991663740
284204256
911981276
824563534
975855193
398080235
695476377
50275527
841330918
584928275
569346921
165136026
925271687
920190965
195907442
304978930
905570315
14550694
348179956
144225631
479427489
750871763
990316404
385631683
942374767
456624344
732077135
425022452
221192371
533450128
559025600
502801284
312182598
884789183
447184751
23370227
353353809
986029735
669561963
747805799
380671091
864286985
402128215
117591394
619514734
454128725
895839674
351073541
320644713
39745026
241308446
655462880
851381427
606680446
846881291
398350308
309223
934210587
267583751
57116200
552821804
339122822
498162839
691700797
992375090
698755462
384668923
414283488
459382537
419807935
879656369
863595322
422117106
916164576
532829808
381845653
803705762
357015221
386614016
26505709
710978084
340940901
630640678
799243555
90623317
117134880
827718267
838711180
58112391
203445100
632637770
652571523
827849081
302556461
473741719
672266658
663439730
676043576
757115026
516698706
858170834
476565563
985462350
388164115
432778285
750425908
346618426
840746319
693894844
443010742
170564905
402504802
125748085
750148615
994390531
42917154
120050224
668451666
453390950
910055042
653006010
613948704
290617397
345137609
935738370
68568269
780477173
532649925
59347074
995896159
440543966
939836698
84569744
364073745
7127003
584228127
386987463
204728960
315392081
812345648
336598538
564713491
531058306
849807132
235813289
967757183
182580503
323106459
646944397
393188246
245561881
363516115
519530741
128296390
745656587
197696273
231015399