594372170
519430892
355482079
856488776
768568948
868545287
448588956
92296045
438804362
542568973
394137184
820003495
838570592
514082892
607579849
923824719
633538611
762456333
428680908
601282554
96485113
256828252
35325358
336624138
59073770
693021283
614561687
7821818
358092893
7119648
824815276
679015510
137876468
64186728
988767905
426280219
412533280
849612214
724723233
453892434
280727431
45351337
34924411
535557482
122874131
904958418
907883993
140173174
105990699
413543471
497599664
401392812
934467979
48333375
215857646
229310589
214343733
141062656
637291789
145265544
227454104
805854522
151608137
522586687
572456261
188448769
879178815
266972368
490076144
526183084
193938215
248807672
608341490
199840616
857991789
328190429
798036767
994710386
313409890
174426047
521994963
238993654
826153704
201280682
117635784
688662935
358185009
230394295
484764917
523256200
316233606
145017658
599738582
624731022
448913566
631072648
392158325
466887240
645113271
866681204
863071403
900018209
978902765
566271596
308899675
16187731
792908241
96748928
204149799
713040288
664360745
549326023
365351574
457423006
481499696
304328206
963019739
775442742
776451206
546924894
289284889
943060377
546794689
221788592
848423929
611026504
302177431
277840448
599028209
290677202
453007946
175424980
292873531
432397810
800890959
368071968
659348511
302525759
202964538
327882106
70548677
768554813
370119323
714199962
317758391
633994137
73297245
465234014
785982095
625837801
917949509
247424672
180145024
421656695
989019595
267512401
914884789
58062440
729451186
88967058
656839929
169588888
146068177
82424124
874590363
925893202
300243911
547384078
814237705
673292859
934992068
687334071
212922991
461061501
754167628
503197371
870860419
905315544
478257771
690806737
322684696
953155505
401376042
827307678
148160951
961954541
626143943
898904879
146822138
452593075
218595652
94441544
367668514
231303222
272252562
216786953
390342652
704843621
503692399
419621599
298316507
507989813
458019919
215042624
234555686
385875153
417900158
880293367
72421102
956385906
974574682
178108418
883279498
751002160
748068569
431464590
917512918
582912847
903938055
238410978
658834125
688074314
814725880
373281745
469120304
215442061
761359388
716669767
738470145
161147744
84846659
688873120
868887180
439012385
211760744
609255397
692976209
195086413
552613287
106465327
548783035
843386742
785954049
264020050
521768220
694836659
126597600
310797384
252555115
540472810
149564446
875959611
802685673
386840083
469840829
538612970
389138188
851931871
975546912
791555930
908331132
868311147
862599458
450780675
379595154
699584975
228751998
454031802
411699753
834643531
905170894
478396992
328824688
453239862
117762845
911295568
855636580
814003725
680480381
391730234
837045788
674611337
106203709
627652694
203161647
928033797
600079269
621564328
734671156
957095369
521283621
605850115
992832824
996658021
337022108
950817593
354744754
894422811
806654648
649254941
709221480
60545571
945377556
221035546
359477538
957503917
513811813
436437953
741290281
820946498
547613573
42973254
715960103
835144123
617662564
461425028
921227913
385124165
234157172
650659373
284705855
645630154
464995359
825509427
157609220
51915187
493388357
357949076
811093498
186240042
114164266
563307808
491179011
448985823
518897075
220104112
514455268
503999017
530278928
597552402
282130449
15491506
510911307
540855341
374214619
488827638
676381425
911166007
954479561
573676720
644976664
75447518
346388969
857014029
892775860
50106462
190042874
975687466
275185210
169459045
623488800
720835513
523391326
107379866
571009749
928614354
391767262
323575240
78999828
195028753
469626757
660886953
919573298
786196293
22903533
897242542
70408526
793562531
467199245
652707803
223026913
753142846
874220565
588174807
172518056
421765620
665932347
624958591
112545784
352898299
160471164
145146060
599268147
823444797
210219146
274999180
399107459
895112840
958037051
14228679
729274030
439124882
855209804
868932828
755957771
907275772
58781253
616269425
676895187
812419801
266424882
69743448
142810500
734599895
552792833
569164327
648188495
599573252
792633072
369083300
596585437
411612456
948111528
963849681
629806303
196644166
841642775
397294921
230568257
883228271
575391665
573345106
453094988
85125416
859738929
710381942
985152835
812544533
807026993
141583011
379171094
146455739
539766212
797059404
464557805
452010766
131590801
245946573
492842700
35258469
861615706
697038865
883206682
426332053
25100928
284969373
241018050
790393897
412375911
910622346
394740455
214544059
924542935
185126090
837970365
632003316
399150644
798182192
693543599
947175093
175322407
924979063
888114473
400796010
201610278
745177758
13302443
17705595
936708853
531895249
114376839
617950941
788003270
229157817
100497890
289522281
486227260
987661651
764081494
550679462
385178783
761552827
90342255
485496321
813836223
793513373
616780184
528812370
216416964
909488370
107467624
838871050
679699157
665305316
275896067
675594343
947170785
657485088
269586868
853193916
40150172
883079644
931628568
218100711
892339435
650558104
341572702
879812215
847694881
308942187
653181018
308802374
429842184
124398315
962587200
253358741
83821420
927426043
572671729
155123424
672689417
686209719
628929189
78228065
664005263
254228838
71680219
927875743
758912755
277624783
495145797
418634724
222268548
201373014
438190089
412640370
121921607
159554190
348510497
121757011
155813860
261526140
221595235
690220945
893965168
215368708
613850755
660877897
245259301
883325334
716842104
291773549
337990943
366403225
7750071
864282090
374939205
562242205
585764906
993459769
419222872
395418839
20346072
885711761
272448438
104620217
85173953
676901535
703324953
746063726
190099391
471625787
984447842
938990230
817977923
225251925
649335498
627468922
543929572
644562826
394001319
66383931
860025087
921550982
416345243
147772441
266025628
972830203
175036063
433053392
399535503
463048642
96717912
923104339
918495726
206352642
862320287
362029924
559922711
544768675
415076106
214170188
958584612
784297791
562398770
410902520
48218958
76866990
166143187
911998343
203096561
178233700
139723534
161713215
158238086
160661859
76598263
463216634
212534263
349680255
971204852
414092528
255311410
642226908
549079399
618800326
969115422
480031230
18426903
350211541
245548836
516353459
715430125
527484836
399535035
84988822
448103336
569979468
101780046
577237653
20386637
452143295
50222193
299258541
17273594
519256708
438336590
495347784
328246906
138808733
300333
832781440
987479474
829307805
643805028
773112906
496933690
146200418
80152137
577122425
717664663
489497837
400050598
599469802
565491931
384886748
637029973
834321264
128765714
336230075
498026503
649889861
401108171
553043515
58175478
971582066
922015826
466824466
58019991
823368770
221836277
455500066
296133161
835963743
157554929
515444013
660657376
885058328
390291309
567783531
66238851
543046982
825700775
830947713
997523025
123947915
65712752
426125300
135556757
317919509
590286100
183586562
422879365
290240087
184634830
535089126
457902078
732848195
245434499
965007044
967780082
222268572
640728325
499646461
411771335
771142161
22969745
193278768
460558411
342153660
735083265
176565085
93635532
75868122
545380043
332150583
691781581
295318348
690646965
895433169
376386836
458874478
364846340
119253718
352516363
375430181
920307810
974530220
369149316
395960115
11576557
617252422
41195894
87335080
704640156
44981130
140321185
11169706
785377005
253167024
546308673
686221968
244629656
805924956
413690867
799530651
512884899
570518286
869703
169070692
410886512
902406537
555738918
549799377
19208440
681112266
558743728
313973123
437823081
689199647
88434804
235811975
526043337
217142042
636369476
481078733
801044402
145878917
644757040
24270375
480422981
764523374
403479008
906085211
763171835
821207761
792314058
577548712
794151088
515917078
484109166
351586482
157895531
203346825
456242871
878615426
37991469
847108067
922343145
533862488
918985438
531294843
248422901
157571527
279527849
987516450
632224674
756289294
41986132
630732211
371616421
22135788
834235556
359290404
293032548
704618809
750501985
791721862
642650445
314906414
653435188
904437567
270161455
467845489
314194155
626450186
188875948
48307488
297283838
601124506
529240898
161166438
377364509
212583005
718985592
572998711
44460751
312460078
706748163
967732603
541338818
103969598
962396467
233686955
95382166
202009707
584955733
915864933
518365498
719303976
395399368
336260599
750825700
598860397
430655152
412699727
295720530
716794231
722801905
728416058
775258333
546744293
297576324
227644388
820667900
746368339
804886933
351550321
665475512
518156183
547231809
17035716
929097806
74045642
583282899
288839868
754947561
359496977
514548331
60860192
978276083
91818032
588312392
966157733
486397178
719944545
910704774
587411983
287238108
519043252
562217111
148266110
252082958
586589644
459927535
779918402
405337337
405769701
376787715
935822784
621227101
618927700
883835349
901747136
676815546
935251169
391722655
269808714
452479660
352651033
67682771
251608563
680216251
398899507
43882050
202225291
620526300
13143132
417399627
151912750
737577752
920284971
194719630
478761931
794252476
895170852
49941465
23023066
95284176
158978743
718424244
794867240
574789274
178527504
804286584
655620093
626140478
157114777
831993008
758145357
366629449
603501821
199031404
483461763
44836617
699724097
137047243
364191932
162257169
126579183
470217750
12340976
978899490
857329729
268311228
372788275
820131944
621117564
278510932
472818343
937775633
530542923
336135292
109886418
73060371
760719863
295348376
100092042
181286218
691822636
689106185
49512010
835065491
888088926
670898395
613339983
441734873
355165918
874575807
813915083
391329420
478702323
395449754
930563432
22925176
407428715
212606111
474677214
510522385
300842483
713205568
961975634
854734180
193617597
469473336
812575064
960648187
608916871
684308367
681241116
719164911
656112456
199007016
349838167
886335138
435541220
49561820
22217354
213657059
552638325
613496517
43600052
767247383
405910408
454859767
450732217
278592276
623384689
47777461
406130414
156327936
816986050
669433765
297837046
696069200
615488155
766978274
808454958
165451800
604423751
467531531
762822021
480375899
430526239
541372714
467891658
434277684
271138846
116226787
307957036
755752903
772071465
4561403
57850128
738014339
459304117
848418458
499386928
510299783
663458820
830664644
415344207
564710322
854387428
438601893
653771120
160907806
50858242
606260895
662675331
235456931
204181438
357889459
569239207
130592687
331396258
93059848
846493800
108686152
520355351
786344452
579280126
276595890
902949023
817514504
687954301
128016055
771809627
795736396
321931716
590548161
460228723
150006001
52053598
656151863
132285889
846883876
325779814
609806174
713132075
957892911
825108377
398287448
725268841
587437615
189119205
67222638
576985314
636888980
441319635
656004576
449368138
824027176
445823185
343623483
315013127
920110249
824161278
278219455
210292257
594800784
816379424
373098372
871248109
169618103
357619603
603932868
273062246
750106230
444170008
337240191
636558643
795074120
178142342
724073075
535720931
176808379
536377695
365410660
194032938
431431558
6671490
202101671
321623123
429243966
892240095
639308124
952128851
622076026
972512998
412256783
965089709
341046928
791623611
730188547
620119657
545971489
330599499
279649542
699793408
29442083
351236686
245654891
61842796
568304100
121663140
86914749
401544634
506365552
145737324
798304997
727219350
334118437
897967699
516228858
798909808
437958920
621512262
546228488
588040552
361327360
181676408
217683139
37594560
810286701
615611096
332934488
173470122
783794566
276121045
487500201
352380809
118355627
152651700
693800298
976854322
839027630
180711249
252736376
49272828
719446599
736474321
793441134
390603187
711625979
984927964
606822654
975797244
162216942
446621200
192403355
28832902
351736118
143801123
524693222
246176480
782195208
572376627
24598733
841428659
463286192
69714888
285458582
722344759
561644993
316880932
909743094
873903729
599547239
830230061
134506526
572202555
671921874
885004161
531255373
801611339
244930714
185403446
859918854
171337129
227476076
143359869
659602026
579451599
532220136
523678562
436957579
673960863
750906062
273651486
591487812
301759045
121144046
614870576
516216169
443242986
726798050
904338250
136973955
979825166
543812991
541671076
260238058
232605686
956535202
794127038
147991180
299584605
207786908
918292484
139930475
820024272
40334505
588878978
346501151
725804515
69422888
943261543
384804461
312796901
986292176
357566153
911393737
714822164
750485487
570542571
582366224
920581115
395839778
527375386
955177343
399332918
971530068
822311054
893826105
399442901
54015561
367152363
975558479
602927189
428531617
627650573
34694470
322391836
290455434
262892324
86677675
375007628
64791806
209296550
153395387
781168738
180606157
309983456
443426672
69199774
886990385
977837321
50819263
171928202
805498162
542797586
970090036
759474628
759054989
560221219
489325882
794272681
652607958
162682791
623254802
143324624
671039041
301808914
813884934
7518422
57720625
8727776
474818044
205800117
668636655
638406009
435010424
770610521
837353436
954971890
940498727
879614324
413028903
477752508
548336191
676844875
184059700
376160391
323795729
697917119
901135667
73535376
882886597
565601976
385720313
986332152
11379870
490949534
105167656
638275556
374356256
729277938
16388848
287686337
972672840
519059933
501908153
767968587
75728008
782917853
261696243
171666688
359700031
969055891
175662448
832865667
640804088
905765986
907574759
36820679
463882213
42673851
728230047
860415052
477564266
280014024
734087313
81887213
559288326
431621573
815247944
606452370
758567047
724842186
539745417
222603506
784039623
781552394
553944590
951210408
449630039
926471928
828915251
468956626
66411146
314906897
420036704
863409900
233877172
910126622
971886971
750385560
566668929
803980672
971878079
747417619
179571955
884646564
310374202
471555864
580091068
625254541
857026132
740078799
692800236
962550296
690103398
615642852
755808642
252552670
396870599
695588238
208991511
475717819
362216828
617752169
171750496
44611304
426801375
969620425
642995427
738216548
134838223
601196372
259858785
728577099
872142861
729757080
609843301
882411766
212727455
30741404
112705291
646688518
61376361
546499321
704326806
597102044
622532571
904694374
590647132
396903497
812048030
156618757
135556280
680238556
97838501
541829533
930154869
550010254
116536053
338726910
126544717
465502431
960981238
883202053
231670795
380845647
407127666
923122652
802768580
303676997
568898575
790641211
960019954
315172352
90059069
997314214
254135531
728666523
220160737
188365719
400379284
425608597
990543998
81304658
606011950
565652830
924209691
574288369
699608571
739252160
185440179
149684176
186476789
373713744
627211240
168884803
947538118
540903816
812456957
68313812
508109353
824707918
760151710
106761468
651620206
813979332
627432665
454375447
431004562
997448080
903909435
153686114
660043081
817317747
464011670
553429331
941915002
838580270
362150287
495851001
909068290
462681857
830866478
419991944
461313728
832107393
397631641
83181268
737737490
710471665
616528196
922237735
463634596
878797652
307450500
359307958
167600758
875411904
853046154
978573232
191968373
852406036
851895377
728282934
603078349
704962998
784039131
317148579
714942651
363333226
871781121
332874868
911180539
571334087
40636275
585208100
401573843
788306873
952192483
779441183
512298238
967529994
767026856
330240808
974265191
122289363
397994838
492913787
850110329
850921311
715191692
894709553
288180003
468719007
202196347
361578712
282927162
401426814
17699233
582554595
982751636
702425210
289841890
99576521
78866648
734559075
900303949
72368157
28201037
718948947
417770245
332175504
28386069
499368476
278932286
915613352
822830207
567144214
833744815
42278296
930107103
668731873
662967598
682700052
901474942
566165093
618781493
184109136
688716185
247653757
855957601
966700949
669967726
653769965
359419011
61836960
253378611
738319243
236020794
585101462
510021190
432645749
278752126
761952730
428957421
520162530
173014751
68248773
413755629
667938003
498124670
789763954
385825511
660792434
25718307
321448559
307980485
201954436
817639609
842366132
291589524
899089734
807445654
327246341
876110378
469841480
997063340
291887498
141018281
819567122
281715136
591915839
658238750
832248972
388456537
573450610
670657332
625000038
830478641
478987932
531208658
168808467
882106774
797032404
215552529
275142861
15256814
814250309
903330239
36878736
861423094
55718406
117000725
77905127
919820756
522687274
937973253
282045875
816834450
764764496
854458977
867160359
246054352
27150770
212102711
579739070
752439692
862225544
913288686
615314247
309150022
887358424
228136005
528331847
743821431
609951276
132207818
759590407
439500684
387157107
184477740
185175096
675178381
170333927
294486242
87851421
182543433
842523883
376829618
812196857
590914209
49628309
787029642
35203073
308220386
190413005
856813132
737131614
425294753
513320763
22001733
985008036
972137741
550853891
768434003
969221119
110796128
158379663
396169066
557352740
687571192
752202524
587898599
28429520
293509446
558319430
52700042
636864380
130700619
130974414
275611990
781771468
854812475
501432989
763086854
806765328
550366560
561144056
529025604
530674079
551386890
307481238
451649433
861128274
942708617
932845065
224951019
680587549
410956442
967166999
544196642
989531371
607878712
905098581
444883426
955503084
829243044
308907427
343327323
203371844
247914568
627586567
241148766
452707889
387925475
835726298
393862375
657395252
55251432
851917135
121919142
479083811
620486490
324401935
29867475
538215528
822450833
211701184
125281654
100829221
881844756
522791311
553630429
272142993
179316857
667531438
206419775
105271286
599693286
563926867
249707910
552026231
304197317
939107628
523868159
295956779
207738589
738688670
53507392
956530253
985340433
996326669
924050024
759048318
17314630
934232393
469338688
819715411
933466157
461614857
28921002
307233845
982028066
201964687
149819477
946181794
840990418
586403346
38499249
39746647
125850887
47307150
201640883
796248825
247310037
353489430
353867198
972421859
102610453
437968356
708767220
928596359
740192933
819832261
680301116
725348572
204480745
253355069
74740295
563304899
519376154
388172871
618606454
435351870
745382001
949475660
39972412
684344089
914937804
144846360
735870881
511960497
213406115
385422378
452109628
650940571
39612286
341125307
6310133
917870482
921113147
523317852
252425167
539345141
693961610
47429113
269607455
882857066
197185548
220861773
154539619
308043749
836338121
148819677
206693462
1441334
189834387
448587215
682695888
212995913
258803731
490375416
720282026
804254685
137914329
239778638
466772900
178138364
992835433
453617002
632222414
515340374
943601872
105713558
588043162
54175758
79579490
90777063
407039336
222562868
835055910
974952150
282172339
801507482
341310870
268566426
39775035
390538858
648063847
130294837
179448057
863600405
596350939
736332002
159707420
703316920
790817135
315017436
599145143
137250233
862694358
313417352
97488736
101173572
805834073
205032943
635390419
143374240
100895903
94418582
47208374
393524179
778679930
220363026
964427860
112372449
856037606
801701112
353175821
390789486
462984031
1188170
606266686
550816071
273326988
950033898
130545424
192856088
234753730
596967482
341062322
275464661
546307077
400622979
830889024
837533240
699071291
627389966
123346459
783440311
979881509
198724787
135580143
803503262
113285046
803422095
939479668
483293687
663113161
522468769
692328032
201701381
856837064
481341519
577042626
552050231
256904005
245889659
123849467
432236221
166611664
272569370
448196336
774299947
730390125
809787809
211878395
996160017
262502883
593392946
630469321
304991662
636087002
968533630
343659378
990311391
608974260
876756187
611146728
733903005
547143190
37142897
463357565
138408698
452806953
329940471
806821282
96058372
803083897
937036187
68190611
453907582
760494457
653814552
778173426
396980470
912129261
567739646
42747230
154315284
548563164
320415584
192233141
455460036
63053691
708734081
794073824
823227012
237840572
115664441
236661579
561915560
678039037
107811001
870964525
491389841
769302751
445314450
636564537
408102890
270423823
273033266
627979051
229822052
989716801
206048604
585798071
933684737
714636941
852727311
642776819
249364602
541749583
997893413
228229795
184017072
540792939
544972454
991214653
391900682
228351780
818711867
985872988
25370052
926161848
462054557
628837978
643394383
692400190
454975484
488658914
942970765
853897140
540975495
647978231
823037555
46214467
282592341
935370615
691650707
837395160
259614198
464084286
941665678
873974805
458748558
209532660
106096576
965445794
891921525
342016499
683088855
191394021
573524589
467631467
86011216
713810594
705908896
289251197
618202124
629095901
946242979
756392798
66406680
401208394
563167955
837957829
3364735
356701671
106353757
589397199
334074493
547321104
331065328
340254722
75854696
779078260
264738609
166381847
524945404
309533404
684102144
439318076
807028670
716183398
617568979
241703779
37565693
268009814
813665268
124375669
448111010
537808616
419255161
140147525
379190534
305839508
942026830
493867408
647956706
777283107
165704367
303027696
210616451
312475729
538507329
260262896
845348079
389034288
135566904
685251830
471369382
59949855
438619277
258421702
212240975
902407578
671516934
800846985
840374407
376797207
147999676
519710541
270373808
80388283
899964182
537689175
852075322
911193661
749895218
858666521
119889381
814730637
944528181
870442363
585538296
792496999
768585263
191480714
179404916
208696032
648760625
177095151
399855639
520159840
948172732
379924287
459758044
750014301
134775636
924026751
570203936
840113998
342093621
523782617
49003471
493816430
823810304
458634520
495151723
449618486
290824339
422445507
308573653
431839063
365868180
468349119
464966230
804718172
940809871
544171314
51121832
196577931
882357600
314628943
218627530
969662093
574126241
827714896
928743005
956720674
444546821
579800117
631032831
272107012
670269575
595911958
347756861
498894755
331587090
181744605
204193782
767750457
538269037
821466635
183666935
219349661
152784526
15388627
596827170
299356137
626822852
554162036
565714774
63584426
421286748
109982347
344652249
866511247
585244940
739593482
29979845
749578397
581523869
245041330
750889957
73612474
612569773
566604431
191915820
929927392
345746133
264175208
715424256
422342619
903457541
587525749
972256731
76487314
660003165
825171382
937740568
807832473
434178050
131666613
200549955
285341200
309836495
238790544
894896415
928972815
391279976
839410343
374580426
503781704
456845778
751433202
411810818
126866442
487344309
516654278
130163788
557947004
317808054
872650324
439504013
2322255
447543701
874195650
509450721
446301312
475216011
932462368
826216529
661126890
694849821
171709863
619750043
576400443
936075808
234397672
203494066
103301972
627552217
828182075
495560922
657068713
549804308
590404303
781987735
475233635
560449524
2528867
689741106
926051595
565125466
99443471
245213999
242831109
331481426
11075416
753684035
180805781
502815446
533008343
482783096
30666711
684641214
571741493
969120949
345705162
604363697
537742804
195578794
126643514
663972167
751726430
880741913
173204570
271788060
140754354
755283617
459740181
305155920
189760197
400841489
183950738
254238698
242865926
97458971
729515461
987573059
596691505
580193281
934449291
16278635
875016608
155000818
543084779
497598771
853991750
233376717
142958908
558713668
923704857
530911831
415861111
672025497
907151715
429501304
839295054
155909750
578481090
507534655
742632583
575523215
13654197
183818421
288639169
339548159
387524444
67921581
656468656
408236158
739442064
768495874
480040018
205701703
567953520
362040240
138610524
836541178
14719807
56387047
144173965
6272533
472129068
743111631
665552778
132361100
261508054
649490445
818385320
963814199
391930688
21654948
64218405
884120467
200282263
426454866
812053912
704109433
182258000
216421144
654177392
379755261
892651490
518216938
523144552
987140084
642953103
236869971
391082593
15890117
910363704
488888032
146418683
621044882
42925371
187063029
299829934
300428315
19593579
548408870
606156826
370342443
331147818
393013331
140835712
146630637
143709390
270263829
399446477
898205315
477031737
726702506
734786673
489452386
87980758
386772307
92417220
191006322
688302827
484355419
392329143
265507190
34633525
797695956
489135100
212146406
471638691
523400299
974863702
454438989
836227490
464875222
401757501
274817900
574272112
128927020
125364138
478001312
967686329
399855984
603682925
895424129
720038562
328133207
673878361
49027505
671756876
62281486
723624721
722903418
179850519
931992692
408766835
297111731
930720004
979346039
149036582
135999804
991562322
250466186
82923916
11001436
254710090
671001470
722856009
804697149
334239259
856696810
984234950
613618900
763298878
886142339
562628666
810728878
316744935
719459719
145007460
734133513
99914271
558003590
354178479
127643100
90934436
831208570
284069592
364908922
318685604
492121379
863258448
637619918
257540341
20771529
14631351
662299545
896027732
899321793
174370179
855467465
623790058
764615825
376119430
383395168
501330455
152361193
195144490
642145172
774822373
642815912
525333206
225726993
594886141
746678524
214801907
572702093
424605204
855640720
205542705
239466372
745529059
286903214
486801190
772602817
946301570
886956815
631481474
790337924
145465847
617878395
239328477
686876171
924288201
647706433
200824361
775979524
252064942
472305796
454720342
969475932
689289932
75835009
103422908
174068730
799305631
267291446
976235189
818621136
785217839
355901196
607692503
152663978
295324919
545569572
118205967
686944564
100524442
543553803
979325157
864036207
187176424
598336213
909167464
785653250
277138820
530796048
679423520
780073450
755062709
163950917
9550875
897884696
2809000
172070323
728521061
745402973
786217377
288486113
751271359
560763510
570609151
634059934
528257562
726034603
117912611
786907482
750384961
229623666
584615539
795677868
694483170
986689244
11419403
740282754
503311225
719656356
701244494
905891681
645120247
61626059
746977378
513645688
314197023
102931775
173471090
846251079
620741055
156227875
184015330
228095804
159801208
176161306
894987251
107683984
705603814
132430753
189778280
874530070
19504098
551530718
403817770
386864582
682373226
193719736
247944243
193645236
605319056
244540765
511284602
327829159
51586779
238461936
350573914
911531265
945096477
503242956
661553734
159283634
253924215
165202886
126659926
572647613
691885803
793375087
948218275
378974542
202223466
83615134
199347865
314633449
35849526
933362747
240480323
180906941
787354618
448210462
14328289
21756621
499683099
372644097
804611353
406705936
827435959
787124458
845272280
268191093
183192885
575574379
20513194
80544826
262851754
269496683
481307173
981980898
540423368
271749701
772922334
346642949
555272955
562236341
352140611
129485119
327351675
618232964
237962363
539835861
791767178
971912758
127757969
892951786
905901882
666202311
888240072
339527786
631692032
389277061
318613044
384498710
137916439
350460742
10247608
228905659
251282149
672581653
842804742
248834742
747935304
714139247
930954256
76489387
978045274
811920047
990986772
734301928
497844059
962681707
193606206
739373357
82862466
284466609
979393701
393185262
925165862
784547847
872054289
695113475
244282922
118072276
765081165
248485972
132709094
121679299
735781223
520044298
391367808
871007697
177105863
213278790
107960876
526543146
904164300
454841848
798311097
33915771
646368256
877690965
48023312
560846359
718453481
500596822
3847155
7377894
586695663
892053579
975574240
229056541
572927905
623500627
922480738
811494808
729883210
413583320
659850703
11709398
196610515
871634499
454212174
891082069
860544077
263665438
446270571
243390491
709601782
928193858
179502343
114343260
391290124
599677205
63618729
395262773
936606164
197881415
177992671
796497127
556529862
617610957
566641373
169277446
373856935
351067238
317377646
172109236
239248413
126346925
199455236
575836570
167389645
477983232
512072759
493081837
469777521
839670641
715191337
776243679
427781642
370814553
649998482
993385185
915700390
701572463
422889856
330777364
208348677
662390370
539841608
279546681
951199755
587067523
812803923
183671630
986885982
678870130
356192924
178607630
725916269
96810727
403451726
85152299
41056387
872162353
799993602
243843893
635624313
986369596
238005590
665509851
737194102
594905456
426303286
589779316
378134433
87036298
872362699
525655820
996289103
382680214
388553928
740226240
424326484
224559924
305685812
748190124
566076019
144103162
474223961
823007754
423962713
15045686
703963248
366002184
617315167
370086694
135228611
198183166
474370026
326516844
168212214
427258840
354578520
144936445
787056223
171870284
186877881
289826239
484161155
760305185
13802408
74099743
517303252
719318700
579514366
462164969
739916635
294367394
430081066
236376172
508712061
386505281
402255547
847923815
969719859
360026583
898812991
329416045
227394859
118752264
362419235
551844933
443978829
77926861
402098850
973547810
429815263
251777242
854915588
243788083
144338690
608074831
289503382
565852330
126478915
101095051
197723103
657409327
486044473
162103715
441684681
811799622
594799114
760610632
367246693
680362243
63046124
26626799
658647459
840594345
838210412
918777329
320957237
730935769
145712046
128912549
199427623
988468947
122069143
813108215
848386314
960049756
599630681
731929893
280337341
347032545
254356637
381966018
707353289
897143818
716692206
333602383
463715468
805249519
21757052
908930183
22198993
895018170
341258974
929145543
981389814
355626915
620818325
131532132
82524183
354608597
939827186
219239138
436335744
546945463
852177365
921007166
271578690
80087985
423499058
951941604
754325850
703045226
681080964
972973778
953148613
519874517
797116650
6967863
687718
869734740
890914124
250920435
482351964
555240828
9255295
149871750
571176861
261933223
45905078
687658700
856889534
313046473
460291897
949496032
4753109
188071434
867036823
526727923
418382550
325737682
912931610
755419621
290604630
596546217
326163475
118436910
429779771
959653426
919733958
964395716
611747858
978935535
762846483
886271491
701387699
776784816
514746591
481178140
991893999
40392601
728621348
145648702
218934581
378837991
677219541
267472253
471844910
341537934
945532413
640101385
428362339
97832092
582570797
288989637
431503146
514912384
608912155
256685973
145824761
699567548
819998022
415512576
183257285
535448082
793976556
642250993
368261598
394896439
541133336
323818257
32772498
625067244
506992877
137205221
921888550
184829965
416262395
860183566
140586610
862696123
943540656
223233399
750102515
582985480
459771186
170841064
218117952
309538089
891744399
111650384
677413961
927491577
250075921
81943636
315675321
581739946
368874278
885786978
175862696
23181820
891455252
482333297
658068953
312765050
439603986
310427701
647870462
747637314
875186295
203279374
37733737
850551859
529210504
849405252
721757369
278224160
552849921
201679312
218661084
407597112
22431522
485422284
885672074
125527124
563554254
494528868
336361565
727421257
813559632
272311927
697336820
485632504
219588244
932816046
348226903
14722717
390993553
454185897
746098566
754728439
716375045
824962360
5726953
388705680
16877865
496880052
369410081
147804112
686778639
578555963
41487555
142435366
443815497
463825535
462009607
789944982
946373765
834613441
953194289
104063319
706250472
305858656
737458270
709128191
756325508
533945063
19831989
668078138
697789957
191448905
48877389
366116704
175719897
467894122
848773416
201059028
962983632
666010494
449850527
116182462
71933167
184442216
77173591
313693193
538229417
431893273
906155810
166615943
868501152
128910767
801152258
826681835
289452764
182738271
589626357
978283242
790414150
433086599
146460061
915096888
428236557
45830912
782536409
321140903
171388178
443418578
30231034
322060917
777999550
855395446
466775074
510520856
219322304
794992235
629644588
297230499
62756280
685638986
735574137
955996811
527317624
445195286
114986029
491408843
621019020
697049765
812890448
694831253
551579843
938345885
713528672
322184444
170706361
908435346
279441500
516672595
461206275
220817833
367362354
621412875
191052257
458277974
512442883
882691072
957974955
190906168
605065818
71146492
344711057
698797192
507533670
440309753
916566366
305447930
901945416
787099699
259214521
976831277
310814268
226334564
326109729
363199999
203901819
930515302
710150280
51050230
545271705
271110011
114790242
312377445
733800535
918264823
245814345
254617357
899653899
539247747
860816196
554946630
235504909
479074579
115263158
872133929
439135629
35357839
303443099
306088915
646642253
727621169
733990280
943810170
733754133
4879934
728523889
548411900
124420621
768471676
800909313
376219369
601650801
618537388
651775248
750148973
443681352
648151823
752981592
508328774
270588780
423660614
133418286
453170111
111008261
757257973
562399487
372080223
584516136
397004274
353230350
347894706
946104094
673757128
50258681
789484390
796719345
8394469
967667824
908556796
463873007
291414381
520493743
389496020
55617914
218182644
977199873
719705298
453593945
41107730
872502877
22556259
815673099
387380841
810100562
972928765
710842403
546572273
777301316
235713767
662726116
863504832
906391385
58055595
739897487
364859344
984523726
743576667
216065892
810189178
118122729
489609749
701609632
471915883
330483820
470495513
4631404
235113697
172237847
520447753
280184733
748354321
609011069
125489527
110120115
529092602
178070660
23025468
733155870
845184366
552949044
399954904
564674281
505219672
937723370
652857019
163453673
557883441
236380985
343596113
723711168
792690962
604873432
962672200
125163067
638703119
367799028
938499296
4442344
521677691
609358319
825494508
509728766
59583051
306833031
209526082
984969811
887758599
961994530
364562476
311652074
654584076
739774852
898281365
87914972
908817089
555956536
562154592
503232177
983759135
530234044
132405328
493392217
352045454
104455461
546125869
157968473
448267583
601418795
17795262
110363972
913592474
714520672
169646227
964046171
532929390
95948885
489061558
914985761
92035776
131519043
147706881
953482946
823831416
488336790
798313337
803961946
868370216
440067855
883356941
754514267
479789832
561896593
528395695
593490998
754951212
423880832
240792902
384311870
93750222
45486111
985761195
574952421
919834849
182017944
959797381
980578645
526776161
990922227
101501483
824115586
457339697
917059033
156035514
3914009
720171070
93781647
159390181
841135441
46988818
695155007
55621582
283313952
33984681
865110690
93660246
586366160
789585036
775548826
364428648
765562476
402653338
711233290
939881917
14393762
606640685
413233908
549336043
831160552
562744074
751110600
239979914
493379302
216376318
48739437
16559324
341786549
764861778
635972385
798386757
591906908
423047731
878431401
908696989
673423877
682320636
34361220
958750099
432214209
955615329
528166729
62924266
806558093
406873309
667900821
63192106
89980236
205956958
731728388
374190683
756181265
255167059
587750345
268994445
350446094
356396429
797940736
592273396
340339842
357876697
197209999
245668666
449669572
317486949
93872850
38637930
661084814
204751662
656641895
472540517
953525430
800622847
791321477
233457902
717420516
932498913
898230990
367204459
827752709
992221148
919270380
303964257
109778232
127688080
811074144
461010387
992946274
157797371
734578462
203602925
741998437
156217595
650788818
636185338
555361444
841384712
909848586
787246640
785904579
182562971
162199849
879670140
721652600
610366589
243762915
249058807
897397332
912331393
139548186
751562785
662986481
319068093
648885090
200149802
389279079
501303974
747768377
828325191
585083767
764413171
350147812
593615711
321749514
819326136
604691831
802990336
937856900
302707009
605560677
502744497
870453411
656921465
674640384
670279755
391151234
76648750
241176493
972057386
806576307
905999499
932819063
581827807
216745044
760349780
380019796
670252940
974499155
792008525
467654809
129561802
24973290
428424518
995804080
615789306
522203193
172600032
310052004
263919651
610415274
456000447
14552752
194069914
539120163
250248708
995411397
46536419
962522871
577510086
791783787
778990704
979279819
711461482
308319760
77130278
157742106
324141856
127128480
308264147
202253487
475293702
113033667
502727283
817090128
606673610
259760168
599058496
18678708
736978442
63200842
83494495
147634859
19950636
166024733
359290989
137492239
109047758
672672109
171993151
550834364
372346598
92470157
619971122
117564529
196221614
777740903
316383697
976252145
351371466
554956728
643925165
90336421
494256361
911042547
762200529
556080996
474195230
631283049
522111522
682836938
34519429
779095636
595328217
336459137
104295981
891422164
658600066
531591197
303142765
705032744
603185729
914373975
692809067
824386713
312229140
168668324
783413534
262976532
971383107
203962251
774560486
985575537
739129954
488718343
853811655
368896228
612319680
621466590
872057789
802628750
475712110
889340164
506134800
120733339
920473858
459741611
655104081
383807117
178929367
572733637
821242844
944636731
775263822
280655252
743949390
933824702
887733091
872168340
736485322
180279753
768666393
205056802
138438389
653522506
941970534
603670420
821921412
503962880
457567839
306701377
796187148
290258488
167550345
800956999
686722717
622739608
251459544
448425748
138972372
912326013
75297148
997731875
879433381
513265242
691852469
29456594
857946109
80120868
497039234
562705599
235057317
923509930
95586535
457136138
661899653
364666655
659813694
363796763
541334709
14532818
288300964
224541793
774227704
729088013
457714236
492033772
868839205
898210339
384672305
718381414
877377674
134522308
783025943
685635833
238392005
24228556
724636774
568349194
362641711
314256401
297309785
614264037
784491471
627789471
600843479
427387290
344672064
840703252
55093642
342325534
783216853
158921393
695335490
925703255
851909496
130469100
515988341
773417407
826435887
758680813
224026035
373648650
564747651
411082339
447330857
253040075
512755811
165708748
994699291
836848659
806869950
507549138
911622434
723279416
78962450
838543910
661071069
248793195
795740736
926601060
138488859
90530308
981789363
860642737
145138087
689603820
924241353
206094666
734920950
733181373
490250041
442065058
471315383
512966402
413855639
353257543
924051607
650160905
461050283
153228140
675425634
323829796
214174462
631374888
916976931
81175846
75247631
753556435
903870640
768066086
943106612
6058723
475330220
660285169
902191581
275367477
275842652
743230323
3381492
360208793
483370327
415309277
669934948
108246153
974993733
219446994
395934585
496335401
628088540
749821742
893009630
807704966
586137859
934663225
678128228
325764124
944862189
413980575
22331191
427629699
473522981
554708023
757744521
689119051
69087392
179819035
360026918
797941102
64935322
34412544
869235439
866606976
422272793
449150178
384503193
784156665
476073510
288139816
166423251
501301162
635038703
336562535
338475036
75464898
591292199
724718214
23399601
515928005
361120293
498517219
231025351
681860405
416883300
939395755
389266055
393772317
162049533
547435182
212111930
909727596
350641421
524751016
654040945
663668109
718225196
3955102
706483620
49742210
520026233
355637732
547379901
14601266
709246903
160150724
295637634
746834553
677092274
71762509
488606949
116998449
415300042
684494148
470281642
775678776
104409939
629929080
647145612
812119209
727147222
653114691
717144262
46646385
419283277
679511472
839738563
315856446
875552436
124969008
848131995
574657798
74476805
296603823
493735475
616922338
16738158
429906469
502872407
186916331
994781061
826272151
338356084
362109791
358530867
804148356
311724634
954797003
159973445
384417573
630023418
524328413
335907772
793216495
607124410
720115904
709873846
292259366
583777663
657996206
183853550
16882345
296812238
675431910
641792204
232735691
236844337
668622716
507899045
991759663
255812813
772045452
909039924
638391306
477463592
479798485
860139831
36508461
629544585
270405308
289499291
169993183
784201373
731413767
664710332
703674914
939813875
148047590
396088652
264076844
537133780
463623503
840103725
878800532
675628340
425614045
922089058
746637080
882800263
887759747
250819260
829034232
989496827
333271148
779087748
820966254
25922956
150326149
424195537
224550513
811206738
850975524
532802195
492413298
121304321
817134621
781425200
829550775
722834921
654601380
203928907
341995102
371373198
892029217
13548618
39203907
884282728
182370005
369579008
406698572
345055878
540563266
705789726
723133953
512655675
195371782
18615915
627315180
304328382
581980666
371926582
542295317
838700286
65268396
790593479
247736683
856334080
968053042
981403750
413265009
663070457
890837864
324850889
109624090
807035458
316695863
963786641
527839749
605349054
401561710
313304899
334244750
522822020
277845074
297812384
260380919
472188497
404066739
357462197
810436114
416874604
106119484
969896093
686009267
2404604
620138336
613730760
356155917
889389619
443602384
958073618
671634309
561458679
945099196
527172841
703117881
932339981
195796162
714374164
527026105
988961476
73541495
904896802
34763807
415079001
132001036
371568662
576392598
364097260
963299503
50817924
116463029
729916108
974165125
650801609
739273516
556419005
661562525
472411559
540483367
767972431
752047447
524005363
701733613
820928592
181486527
296465835
594682622
460949703
104825937
953377517
463533569
841003668
474718561
533900384
528941939
305193286
390564619
165734602
117805806
199790208
499899623
256549022
690364190
294518933
687231497
206582621
818732962
963897268
920528607
68117509
113252985
795726907
834544910
581209311
645227661
216965073
243823224
617988512
254576349
670962384
554898594
465089386
48312666
151906701
963050683
68309380
624953436
403717872
267086383
770780208
485625466
420423093
798871195
82107263
889017947
720755747
501158293
874780250
314387806
992917887
481971344
189922969
656616634
261516793
5263278
869791783
892345751
991097560
131092499
13022206
743562115
733161735
727387173
745501948
147806118
667013009
325599686
962690902
807252045
737775217
112167596
997773085
585442503
260607745
689673454
798603149
866155182
208750008
189676901
955799644
790927977
312039787
944817405
4288886
82232003
438558519
465512723
485084001
137265452
213276102
881861544
300440644
658440387
723016601
530251337
737971699
806065570
254089278
918748115
557282119
513233415
992251185
802811175
811593989
651257812
178293857
302889549
458140556
644091122
80980508
346471924
631971003
842639449
794957479
448228485
171514364
85435523
269678095
895414997
762202083
209423813
59271685
493524345
153232093
110953767
765283589
583093165
563758512
640999601
346244738
927610209
776550835
613609845
528644119
587453377
798607422
232888574
286611144
682177522
651913807
981722506
142233324
256375311
356126347
134002187
98944582
860154533
856604771
786915643
557154873
392813603
912733378
71161245
233012076
822714041
372888585
70615173
52984010
190973378
566282539
769029760
796749712
120176535
158983358
566262627
106743285
18304279
904030271
900875325
801502760
198011898
765444852
605602387
525036181
61699250
346558246
949657872
906796108
648250592
93401993
213223844
461266175
444384312
291376142
307735881
322961164
581447305
330086116
647625562
891925292
5940289
392508209
326250760
808091817
719860137
363479386
414813893
14627108
647655495
835631130
21201895
544008396
318930332
966952539
621580322
258441200
900756051
579802673
260917020
726947847
525985601
377889260
461793893
546546267
677609518
176890749
169368416
659479297
795142981
188575969
592633384
117074223
498963645
221257164
16337997
854708285
156884439
724447092
687269886
692300924
317304452
915617929
615880026
435055750
265391106
520776728
130871782
345999227
750237598
710990373
594384079
323480608
768670939
828653066
845138814
690718510
997867639
483656005
635388789
983868859
27534353
701039238
640217999
233204699
544932753
248283148
196612881
875778263
923923343
639310211
308733295
661455647
823438968
46517346
310011799
43221691
11895197
444338432
521768819
497797519
499640921
769651046
171036061
83197118
63785938
721354808
465475328
452144396
841957292
883574809
952542225
297748205
926622657
624554151
672704221
455214948
942715205
117339667
710134963
213198975
182158347
813678921
233679575
247838014
862038120
692064616
6096533
740062039
909579339
402285473
39318280
538327563
314132874
297687794
649153568
780797349
541976016
835449678
838585702
982499578
853780400
45261190
641434776
601417751
551687145
523956842
201697412
259335664
340802321
562734260
992402811
238397511
8582972
93393693
892406067
376362213
258269303
834559001
770944497
586110239
129920634
818397084
499960936
561956009
935821424
318647009
528460887
597265241
78822711
405580001
738221045
36790867
477203723
803141324
54551754
980237367
286038607
323601923
323555661
991949935
72552520
106969521
57247300
63543152
518795690
633377125
338702962
234644550
50066020
643983326
712709473
420583442
671953684
221293600
596154002
474872981
702060257
173758813
184528833
326121744
424810778
201340455
944376612
946637491
227729464
874332093
323849364
797684304
317762808
904014543
523088092
288735585
7277026
443062098
94022105
103674274
641062534
663775930
586573801
320374518
874966015
972682028
221075524
796601072
338243255
652885461
490699601
670765140
839260940
694280776
108464970
17726251
597414183
292437876
620305281
530968719
711951214
273699727
522326275
875655033
69611353
326933309
154114765
134422689
267119422
734183683
118086930
387743280
975384897
23154181
670662196
35868352
947246976
35327192
823990547
253747787
216085513
674388274
649412479
985190636
482874841
192698033
327498169
788570375
14953494
851789984
673041645
708282741
477171851
302171380
638927686
710587248
588649695
779187210
580702733
15844929
812617151
95553673
464943200
160528901
490054375
415549422
794319824
734930263
158820081
938607659
625772195
380284795
894294279
625768557
10418860
584476879
511639571
846441950
951187579
753893181
925019588
841045137
757356570
794064140
124993600
248380120
569116350
695633596
880131107
159111266
630218189
640010183
827997967
361388686
315911431
958352938
19134797
772372154
354707328
392229082
680291646
198246210
593034477
261174195
264213487
643816739
720146230
708221204
567250288
598263906
207073345
606134622
770644417
35877150
902877068
22323444
487122720
834815450
52289948
175232545
738932750
780222092
613667777
253238648
449765552
820724149
366847093
923079973
749172815
742027028
251596814
502989803
16445792
442935774
631931422
198290924
822234403
406503171
700418247
331851190
580922903
273841662
725306755
250037406
509492147
637968925
983164979
149021259
481633826
820383229
296933408
339629571
275649705
993013399
269195884
601450884
452490578
300951836
592685233
599510664
675437831
727616627
514289544
205503792
799246493
395617144
856612446
168764990
402675992
53064924
988808376
187390619
322976739
932343423
735198784
278465817
690716899
14869510
307648461
68509621
529878735
435674123
739574183
51996472
513562208
508201752
628610088
807377382
21923747
793288953
417046935
768392364
237990146
264535606
70506195
605089345
577733468
470525056
489584535
456424433
412636228
174189177
529488942
700157552
629455443
973464682
453869169
112915637
518851181
363283778
836248812
93834995
640466344
736206424
863214896
586826917
495643328
534976439
598532563
65614308
112153961
987827969
431265651
215898367
826507276
109266640
755889140
473290057
3521498
81820245
81288078
978509886
944708185
190961290
723521724
835994603
947506823
527423541
720119922
801885233
617939050
416953670
581083039
178979802
716986368
353644419
807491784
178660994
937183462
364708811
770018793
132007439
407107142
810186575
791704603
517696857
665166971
267314766
292670648
139226774
501190394
339510417
646214993
878925155
345037389
144835441
279260466
151207066
156467321
462715320
221884960
819829619
38292072
969554982
594253341
523135075
239948644
875929191
169389900
324615501
785515851
15503289
613552734
869452494
145364590
658318322
506494228
397891875
790243940
760870197
881126742
204578607
360871964
728518936
943055221
914934017
247685487
239059072
28083086
61439972
445257561
437104468
655064822
607794882
936860799
966818357
12303950
132888399
769379958
238659594
84736264
199654209
49558409
675981035
592137549
601547511
319205416
857367763
366532804
514434854
363267606
868538170
387775915
171996626
643065768
450290548
490119443
577081385
29599087
47667178
180495434
883855236
283606311
309145476
840009870
30315360
896955496
883995750
70256319
80901820
124675607
847803293
204917856
275189521
431722074
972556016
696607153
489258315
686839420
806840456
431861065
621610629
592712575
823797988
685837561
442869103
181965022
94789906
182521473
724466417
291698293
322509766
587087068
621009857
597630324
805842915
111662780
116388785
368953184
245939206
181099544
117095710
612827072
419548658
880592509
488700604
366383764
137406565
166193038
62293756
645756772
284878685
296607197
837763341
401179675
994724222
782527168
666963417
693058824
692621092
491048809
947318611
963668962
806487867
262189894
225432761
812487146
432706153
791340817
857574973
818452088
335086915
473070281
322864793
538103608
681611932
247693886
388775381
620980304
533638141
23097916
336211930
549017333
700222289
172905137
385965418
728784177
55151252
565455209
455420252
478572781
865245941
371718559
898767955
462290379
9976544
975101905
472423180
137096896
826615863
542344019
352720861
93713457
441051658
451970535
408678018
716099745
763056339
228076015
646189123
574124958
166172019
744389893
68947156
580577853
464941817
338632969
262349338
597867916
479975637
425130815
386709766
353678083
49007613
94689950
165236705
779503672
56788825
972364670
642208923
190895364
482703564
920169697
258627293
979666838
874504519
382295357
944308261
790399757
478170458
302813861
119223614
725084946
95063366
463470407
639164508
127621611
775389803
139983475
547114024
949792030
89642171
331861750
100524573
697665430
485959876
884374965
898537444
242816437
611752779
28383750
976127551
10343543
326490640
831904395
433281735
804847236
806234627
722776047
478216944
657949785
508537644
967667429
417648429
343547918
446202805
664108872
587647971
308126176
494914964
858175162
954300827
24063161
321338800
472673408
927228735
949480765
768286070
990699286
80719543
139030955
530889109
340199465
681508867
235206424
724774014
965427248
11611964
648093250
345158428
764768833
215318932
955944114
28680440
586166839
809877311
531474405
850625059
738153701
548208645
349695247
480151041
945097986
296974674
492612511
714242640
610483425
78532821
259657478
477685283
794861453
477871310
25623234
258631016
306379716
319848960
492575960
17049059
594717477
718845127
274905050
674390894
423525540
236491249
70275158
300312286
945339935
56047969
818823590
449691671
298105917
583397919
319616802
531715248
531872230
873760790
499959299
532766412
128690950
302962190
226734698
380901761
762082619
614462338
721706605
529684956
922195724
278780366
746380689
833901045
146405601
414706368
719209323
567368079
240758959
246905384
389677221
52158913
919070214
730604274
228351521
78453090
643071046
594386692
574167136
159673684
884080279
746048668
645587979
200538812
646623295
511606408
362894369
722909119
426116203
528850138
93976687
262335347
816086699
265427556
150666128
554777628
872080450
263916458
271694598
363303340
40600729
83694073
864490738
281465708
351950764
944349307
219199288
702872262
510816992
595476859
467546680
122972213
640236578
342394118
808447890
849855485
545363211
983459071
627160618
503431007
105111241
615219150
565897345
844375324
898031086
209621029
418019444
499542235
919523798
883973524
307545486
952390246
392007538
316935171
196026942
61336605
415824274
681333781
315744518
153992099
475511235
101395324
784246311
337210103
969845891
135910254
493728944
272846200
877769727
905887621
987624934
512379618
322901964
205145133
695660835
52407191
441773517
286415070
310944292
892032671
431399763
74819546
636744897
731297575
883840450
199207207
453094611
847511130
690575663
477552970
880821037
867903204
932997575
277068389
470332129
738533830
50771055
195431339
602084919
637327994
237808390
330826430
17080922
688247794
555620083
686707456
856529860
189364714
359127841
364349085
910334653
23323016
562964079
280049574
424587148
621106096
531043819
229263333
122591823
495510715
34724
730755213
900971489
825800064
268251032
419786609
39020556
430132044
349235385
205940470
798189064
530552408
477197432
516401272
443402906
277809612
53725211
598967080
168973618
814413452
297835862
604758897
68904885
591307611
436003592
350870279
147186338
295222197
443461876
677990651
211249362
845559802
288027314
535085148
581542563
949373692
210815501
939418418
528324754
739981067
251168841
660223034
711240765
525709260
112334003
540611075
223164463
768742802
774579945
375482035
623783559
479699425
825398636
303247709
792031928
614337404
423734655
338445139
50252735
890691228
908947187
428556995
835213238
530194386
893592504
311764278
669336107
523831732
408034248
530527240
162390841
16978546
162963879
694866705
323251548
931651480
13809840
6123351
720677599
48939436
298558957
564881882
337985605
512081062
219434817
974325405
858343839
367158539
976403160
590077803
631645565
8004443
244539571
363596270
68114949
133115501
390670535
775164221
168213574
565073537
586633080
201006345
742955761
858347638
499172628
540182756
725143410
526664395
763225772
37186203
410301606
639177934
86110703
13705634
235094161
844516489
626612532
981511746
904343928
448644557
735994498
468642526
918297407
725930617
875491196
473180626
456017306
574144834
948868577
742656650
96751949
523973208
745396084
29537473
381469308
925628083
627037946
830248986
420948976
383943768
83651078
627145566
982985397
216452503
112585707
280086660
290635450
11581584
972486105
629395473
114505504
775836096
547591648
872546583
475678937
127995126
487025205
749852454
365594657
917956524
672409845
725519529
144365607
71432818
919025594
725634627
61591547
809970429
418678192
980571958
773943867
306618601
179338143
861319850
306650725
410733209
666801911
602730426
35870157
377358068
587574258
816792830
900812005
128721317
250731498
641156462
966020513
293122398
2350458
415938175
738762142
685802954
249816452
537121736
752945954
974786664
384098898
21550053
232037815
362081739
729913
454730216
58412969
738258909
578084530
387607547
434525135
644258762
54242755
567187496
169374684
2566794
230909894
22711735
22518384
366199823
512291956
633826353
279442630
683361362
345541986
189965433
105421943
461226127
765523677
807649647
410816917
308206180
792009627
687962787
470578183
386738110
842211325
159512599
530891431
130971739
479087979
181166766
485642594
864858322
309139198
170423790
227723397
608539126
299104644
963060673
639296677
959104511
647247784
576894101
548864434
405898002
46351538
117179817
965040306
829150718
958060196
349995352
30828226
654204003
519169808
708753070
136358486
582977452
693149838
72944769
629951719
475043378
317339664
31954290
643306965
655398646
698087377
795245524
538137110
364194339
555442431
482931871
992935470
514723029
855185249
957732527
312112953
575342989
319827763
361736950
499951946
422147398
706593122
424717545
53726629
987278263
976711341
422757805
338048747
566930988
543446690
602974926
101501555
976972186
373194555
825924141
425063477
587715888
602606363
452755444
838389512
554563207
876620195
405345069
540473875
276995830
527320129
884301191
118325980
717778789
771781563
199695215
610593047
409478138
757733567
113800371
67002658
529350787
490205113
312327795
570295481
540680647
786716533
846675962
216131278
307617480
381193684
376751283
128075542
844199410
574189881
139718487
290685477
547381796
117421101
994612087
879559228
195521799
833889668
191160287
130724573
869096139
177976417
285670355
471687014
452924748
473487244
938180039
116953873
364703807
60503087
25181779
462912139
413616551
197414344
874372522
957425777
117364421
637213892
602272203
902434436
157337089
959176298
156932976
892641595
41087494
643759698
288246974
94963163
756471362
98678043
331186172
960294145
868876976
604743717
271402195
484702865
722301933
179467831
295285088
449392353
816533035
443124902
425593852
569698764
138138745
758214725
202922613
903715891
457558212
148263720
633515027
950275869
314680604
361974590
971618951
261617995
923494760
910930216
3956040
51499108
161221201
842355160
745037171
758094477
775864643
716743865
232734334
556761417
155575971
37946881
953087184
748770913
820423641
48367718
474682364
101980609
462432707
605997095
1474796
756383981
522224842
5303604
693081364
78151705
965474727
335353706
865375768
220884633
601650917
197658554
562534946
996839937
717663735
495455601
44022103
915869572
657082847
328034527
674088220
773527142
320962847
179753151
589342554
608288728
752444785
104902151
954487603
614000696
730698982
530794510
165653994
927362299
3316303
228389417
151703863
245156697
796223471
364376451
179709889
192707920
624778959
559762136
822265604
517145306
240278686
134864566
215281833
401896226
477485002
690955913
771284304
920095178
462044219
807760980
344582842
914057414
652111797
814795043
965300982
741386018
2400478
716530530
82408389
3082430
453052873
226154072
800635208
64063528
979269933
749706221
224267187
245966786
653221652
55897126
775798061
14099838
384947335
447630547
174223741
852951798
283767170
443757835
323903106
569285797
916612319
350569039
867377160
536292889
314803914
905528072
627657331
98495133
195135194
758039499
973400971
127082599
73859790
456720314
908332317
609250205
489067371
320493013
112376824
976428723
952933634
839877970
413171403
686046751
435417717
169396139
381817697
235328902
437401947
577156208
950837484
91573510
937447412
579978557
5802468
895849640
358288431
899425374
64088846
190816056
687601116
185069284
10420261
693935937
608729180
663365366
162135531
621191947
939673674
791542440
317866055
618154919
39015583
581256096
515806148
967836543
520932702
935867883
472586819
190493436
416375550
784833361
904968889
682321114
856657156
167848558
343565697
551534099
939810738
573566571
784630118
254577925
779677556
274363427
29372714
556241978
879373386
62554944
222457089
916031638
372222173
851367087
247273820
93016440
413903379
177883084
416451579
320163487
893829407
25512272
876845073
221951425
417440071
701314825
103786164
924592055
954313266
874393319
468126397
811998412
808397571
374290808
82427831
48815657
845934584
383807084
440555300
500947289
441451500
877231216
860319912
591257688
874992155
808581825
555574033
777470964
889599360
722588631
963756594
251985416
717980930
497982045
401332341
265168804
858749955
683645342
768592763
683452369
645539737
163035365
226597738
932478341
157463028
143093013
611975065
41008248
375326314
21686878
387245800
743618828
393377940
286472908
351150706
328850865
626213358
589853772
769803851
19693206
267291410
271075413
854824540
638511614
647987253
730811135
473827170
163849828
590363196
531865773
750748590
566999524
490499625
526483150
947065589
984369568
56980406
304441374
581849424
266998020
446120146
890828925
982075275
977080902
292866185
346785350
649867226
575270750
589957416
41913974
112796574
971023551
688820860
871979833
728091262
571608451
112529029
128958162
900444753
572028321
126509519
249253331
587030437
185090062
781508889
39849399
343243436
128642929
755083373
609901419
661659868
956219620
875207957
847452065
790013178
151122000
214731169
955948730
303424176
687562415
294350684
157951774
154725305
50427502
455363107
66601868
56084765
772170244
343152993
793187739
649608522
836330765
248318963
311096285
354564303
857492143
333531241
885537523
974222051
343616568
670231787
270497918
732733546
771460256
987309282
205164637
38667124
816328918
771498148
809845445
99427641
770745512
99286517
82371426
549914355
651024711
147811465
411570733
42746931
814635355
440714556
25901547
113227461
716245788
84307888
803124708
639256035
594637231
246213252
353450642
457332162
31071899
310191908
923003308
446283842
941272111
608516237
295264573
707809428
308812138
154464151
296021071
662350601
276236494
738707630
907769428
208942291
281175640
404146011
764384296
729067106
206668181
759752551
494234671
52426224
501613915
94364120
281566720
312601714
248499399
790361845
286283076
701267150
187735245
97123699
356644192
732403875
614822491
778917499
541440482
817203619
517182600
171115793
913984886
164921080
324560790
16911016
860061185
284549843
29959587
691588475
856315759
973198658
640385830
145496779
895894082
419898780
147945979
633081408
367409204
458162037
874024698
198740961
464227697
128853861
885689427
891695766
560889186
668827721
688296963
895915623
939901295
837392123
463790777
643520139
161907076
640529868
589897285
533638936
25754799
761962329
42211485
164141637
206907601
496636598
751538815
268839043
229566604
96313889
640622129
682988054
976362208
664938644
699789557
242434304
271997523
870992204
770224057
325104608
159768284
894178
102896358
918507799
992781477
510297631
961490856
960913945
623766738
995671728
91363453
233962210
136792167
321300383
638675140
110820915
515576329
458540414
983219700
56062170
882092963
867427276
570771330
334824620
369712554
958597567
447427865
841051075
997953231
57588104
144122439
161809013
403039860
847155137
591639994
261880063
469892268
139138898
241813654
748300618
937941262
348509196
354623923
887174935
986647917
122398553
562053142
424183766
842828426
639335710
581405718
810830409
494989396
551913671
135521767
470647441
909122986
600374893
687782151
523234780
784691125
263073884
350815806
462099458
134319762
238872322
530147264
183739026
853365347
132607506
873900112
615175089
443042035
156210596
984391988
901492997
166863634
522565854
687819405
111115671
437873205
381840237
361787740
95260235
955800015
91593349
67293627
586103670
669695335
510513229
75824507
685451121
736457898
358254647
304538731
443640256
803666617
37282690
541131411
951183118
346416782
226463837
405433117
716993492
646228247
372835947
570474175
802741374
130618677
84414224
658905244
181677575
805156009
659760687
730508633
830311503
756504376
989037073
57991121
449958170
321951449
751607566
554160169
820840340
730102082
819886850
760865672
501467188
309251899
846354163
916959257
731476624
547942978
293041211
15408797
658507581
885193706
655889125
642051030
5163081
501609489
607520834
137879309
415235676
189457880
458108907
881915203
56043640
79295021
67349396
824823582
212206876
116161575
109842613
429134092
347372505
736612021
531122118
770110329
576535611
309432568
843478538
698156193
478501517
417813025
623471424
58499705
270382565
146479109
547114796
225035916
913178051
216402115
1118315
492822259
56197064
164643798
783214717
707198468
87356996
100811362
724590184
190219800
943391357
752020955
241797424
110161482
935372949
339209850
509942685
778440345
691037630
869146552
108693917
139723105
805737024
570443567
364310860
356407697
250004013
588344328
790702112
535820246
294349072
971004620
626473284
355602015
151426464
479283187
265114239
830031913
766930355
348007509
530124215
534605779
288350478
757833
133807042
238485425
747419503
798413678
521567580
960901921
343834193
618755983
678685052
168680875
826461028
597088074
217514671
637820680
781946185
971447124
610909208
580832029
366770621
425265138
365512179
839446690
592249459
960092592
769460654
914386114
953938444
866207371
811868450
416729852
445110576
460082558
354720649
212306723
113712782
474411589
734264278
629168135
953907336
199183523
776374909
328302624
581194267
232978603
403740115
70460052
70705206
790887085
850666387
269297559
220679012
111038215
475219806
842920667
361493743
582473515
571189694
434129337
889985815
461751240
946501603
325863886
436999354
86123613
771125340
621071
661032042
884328112
758316092
142281708
159723518
819406442
585169347
233534402
645567988
863635630
995264801
872676160
159122501
43812008
402327871
348168421
928607554
854147133
511662623
164942230
513014868
734784042
380609815
878328667
567283641
203545351
220907243
589792316
500166458
511687483
750796612
758000396
986326613
770758935
252704090
498296648
584806013
133924168
177044341
7310222
244376410
683698768
522764670
971164679
64271354
851180044
740198220
508568892
5980017
19028913
628807068
475521548
911435284
161263442
936086662
82828254
477565579
424351391
67860410
835064085
869260287
436011429
177592626
767273098
641667834
961915789
393831998
643178753
894416395
978191830
941362748
121179496
220695377
918755083
378694430
917650945
30128565
662539746
777190639
980147025
678881735
461860196
457802761
472073327
649261497
38475413
871471160
9807249
375489195
949758752
1028922
244823400
603766193
829977681
335473031
301093658
57110007
381526768
80307802
658471756
127810641
741986484
187288844
943899442
82760448
330150319
540926076
486140093
805924797
274658682
681578481
878149863
786643489
984015801
940691335
273386627
361705833
607501861
431239790
137436269
909973309
80842052
346348768
195795548
915618942
461361925
567629123
494842145
743179846
778585245
904124466
807442924
450613611
144818114
600005063
631960009
271315895
226565568
929409592
646320697
184384905
100659834
671776661
647923249
361618728
915058759
46250616
83630126
750235238
664049636
233569426
895674714
102173644
911819969
512204017
289659358
43415202
987210407
840577372
61009959
464686910
537661032
48012490
527793510
759264235
762134098
67382637
590657403
902274479
825901866
911432426
216311476
798494242
412775586
786516352
882895758
560609391
846241488
423420873
186905501
564576032
694092799
35692099
398358078
772102613
836390454
682221887
732824064
386179559
849038171
193867298
411768062
919873799
871907047
461366336
945441647
106520626
701633129
506799124
277105549
446328277
918934853
990256038
951945903
859648318
419184421
731882942
937381250
604435887
138518304
129253179
37425448
454965111
480960869
179842204
922915828
774299906
442923755
554405500
815253916
36980358
617366987
778770199
679982911
729000591
97558578
570983776
826478919
897879047
217838838
725786416
659930913
492339315
695422423
792994278
170606526
154815253
341755733
953214626
975385723
94577250
864175180
476716295
672293467
842548443
466021994
876149499
534308895
904146526
905814323
713660215
629863822
213599796
67048901
871408712
311350532
855950260
780786279
259336512
733206524
900700808
916033074
745542914
582951734
106598625
214386693
313308034
975924477
962677910
400710582
405009051
800672121
604423250
189102938
719265405
18600728
393741578
429340762
660906860
151539413
66429691
550008600
104815747
764867498
668811043
468257848
152455765
54296110
970410792
232002364
220637517
386789154
78681801
529565501
472729323
876341094
356474141
638626698
404161220
725741112
286725698
105707322
901526481
418100348
412170096
731789435
663239698
990287022
275143140
791555930
641558282
489402788
311834396
730596412
923948441
256905058
153011321
226752374
764525520
128014448
226158079
261519998
284088927
631245150
904274290
303748071
198661395
224245014
541971073
160421795
594064499
850474081
254847258
51240969
872711699
209523483
699695593
321240327
607540001
23389633
449945332
153052742
490814626
720367918
42695124
517592892
603596992
44254295
71836108
557701636
952233807
89884243
448539242
887152647
718491499
334871341
873920645
443430083
349724959
227053110
301664924
148782243
427177558
976576901
209740702
837143698
70346380
186654920
540118014
945389848
748888135
237234379
634626
707580576
924828741
309658956
618489320
812637474
43310612
366359945
157595976
298211395
868167647
350072965
336396891
752845125
482582489
457178643
861267291
69832929
643113740
509368930
909331039
248388390
837057247
796218687
175130240
854321224
457018392
898579976
916654965
707205755
702481281
581564101
625557949
304807492
160433624
299298456
888421361
968385441
390785937
739848770
16216787
818377634
977716399
183060421
230737049
970505191
236597125
464687714
414339007
720704881
874237608
278853804
395175789
911914610
188003309
296262217
865306786
733874243
414266881
59097008
357543799
374680476
585477366
632683937
59524730
754824659
525161135
394532321
705310028
343726406
210415005
287772686
99667881
95832694
486978415
124050641
71325926
741075124
814149079
629079163
42376662
658583095
27245728
523947105
549373849
678681894
640483331
823644443
815483722
203292672
88923507
618358012
800203777
14990367
78474538
937310116
168951317
917115083
43272929
174977006
680358204
983239989
856188927
931864602
861508807
144195469
345184146
182771680
207759437
203459385
534308028
32616033
297312453
329002310
167565177
867987304
272356191
146578279
121992996
628016046
568266458
596357528
887458425
554508576
82040190
760227507
237936013
974525818
665558214
924050329
518142994
372692050
113635102
801593444
494685462
956137314
392741019
217379072
230642839
139156527
629523649
498049723
598761214
43671822
901052100
364562320
691758843
229476527
787357186
118848609
605158790
317151439
952900001
727126754
405170618
347282333
990989520
532019868
514715122
982878983
765482813
830848685
567637484
419884264
285918004
121898012
928834126
10337383
906265070
292916463
913426273
784629191
109044841
149980922
647361547
100557746
33043391
134994388
544255877
567315610
443626128
500900486
213449266
25842034
255900168
634165227
568596910
266154677
407262645
596236460
249323478
763537
897040866
817365872
682150188
47923078
869883443
185267810
322672116
841828884
55212139
347559563
411666433
678007926
976632766
384015330
905091796
777733373
547121767
488480547
155915285
810483316
664894747
114977483
848910233
389438347
831496038
37315712
407961516
261964613
847456497
199553969
131535932
932291808
169949187
702656812
268026861
470765400
257089056
809929208
476540575
103689599
813244081
879082122
558735886
6995928
963223699
532362967
930842339
992503481
413955012
533451395
829306935
561666742
408093129
386787843
902950756
417121421
309433076
486788970
707566780
915446197
878239082
72261602
224094188
403772564
620795270
372374257
36124631
758321257
421719712
601542268
730942238
766670758
949432962
438915301
175973549
175589862
27634873
988066531
576940104
265668819
182171360
270988846
584254750
960152012
720813836
512031035
929790533
633002196
523912798
570225912
573870434
546942343
192464232
156674381
536462128
613948082
468988673
367168468
361707139
278891039
382095676
970897198
366372476
600149604
729421867
15266508
883225346
558908429
783624057
899963277
204412130
757358257
755009741
901184367
251249947
117030217
902575938
367329159
538700139
267276375
40191404
760377099
177662817
562561966
227104360
39013021
82608361
289506439
456335700
726909581
521698228
771253433
863676680
883347396
165413075
900851450
796949599
673436854
717704530
308340920
586857921
719375827
463777513
126160801
792220510
446172871
392642434
241241388
408782669
356348743
782881845
836072628
716932478
121779813
183824077
530964907
182790750
172815007
416988801
128636057
314512658
281867047
545525313
757605948
634508271
679794063
267058842
381145860
309709991
415391683
543260900
189063827
211592792
756837489
99105824
946304704
391291484
339897159
740995545
981927812
623296662
4018854
62864877
434945607
297365578
201061441
198960909
514673210
619661708
705376710
983924151
841940166
71400007
125954659
730441526
425215822
581463705
496146613
526956744
407058334
608478855
218238857
622940145
573932764
180871696
246713231
739262452
359276312
495694573
431300197
629361340
539411946
685031756
158778318
430786345
737373397
936989704
324144828
667156968
327360507
136844657
712367997
965682475
910530831
410969488
646711121
693320194
416029726
847487412
28580512
506392823
840493743
958627064
538474384
336539997
940933793
48089614
260114987
445065906
808815578
881491519
820783132
153224783
78902918
119255994
467545532
48017835
729939950
549187998
231488734
682185932
857773864
245821008
495054696
353253911
927910702
200587324
620984715
383523084
138235584
846045750
770333694
441060984
358234679
653502341
235982853
607130917
226783790
913581602
904461311
823460606
757021267
411192562
256385846
339355808
554250583
493308574
15498206
834065298
544683446
768018917
758788805
833965255
756313380
899677874
916214086
557432861
530180510
244523990
301340011
197133422
143338580
616003939
965531297
219933380
103646623
22338515
268264129
306773348
647035335
606460685
386396470
851120057
310732814
207128831
161374175
195020707
191171852
908927271
849262580
908347858
81535563
281587201
267121989
621852110
650137745
218126333
151868702
817075803
209191557
971482078
479633252
622662915
207261411
35358779
652296624
704669301
931024696
958949814
484824224
258932069
893664856
731852777
472494482
338176130
962130662
676608626
888935453
702703060
138401972
405489114
259220896
261136832
475559232
466079527
737189675
876501286
440693464
247098261
229163448
602044172
149994552
469778117
693480479
941677587
948835974
218981815
433123682
96650738
45537396
88145106
6117030
916861864
690362297
589772055
864138983
511089162
917987431
944963393
547646075
361097204
801997259
13979699
377222364
579199170
620593168
59364722
339155200
36245486
371739503
844948667
105002717
627817088
925351418
104426246
873920588
244323928
191938186
451983063
645437360
669035730
11114237
545217816
209780578
180179425
966117166
294838007
35585992
674233002
205417344
65512155
889913111
233571324
930330830
608378479
134420644
1828818
877560725
505874801
117191482
33760261
734990959
403811012
352534985
931648479
28390951
70094140
352521670
45601681
843161140
105596990
643690652
321646328
205805860
543926611
308535235
583672343
719647460
336579144
179674066
859691860
256927643
222683390
120668834
914395299
931421303
225616729
646683990
344037020
361200920
311431080
654443791
619283782
141052287
284059491
644363493
593754961
27916145
902510238
618377054
578304127
673674109
664503796
321344813
774540698
172875598
23824214
350463369
392903687
674167638
913244837
545115171
210211390
206618470
492006788
959564233
935142705
184190970
425328723
456372675
301984402
745512093
208227699
807447124
777242581
21646787
285296696
445100272
315520716
75020202
610033515
992161166
744148405
921347145
958757570
728223605
601769935
709109081
294227266
974109043
151560637
160282472
584915442
398792628
851713881
636557816
427852718
91831101
293329919
807436857
686174233
740635410
574176143
663827749
729165541
238354772
985969818
94450881
130188994
362989145
574575511
19414164
752093333
336316613
392422837
633537189
82932615
822291870
778515733
945837397
396490314
359096879
931564730
11642328
612483825
943032154
899664276
679680779
782233802
968686034
588231501
975019193
197495539
555961648
272047649
818904181
335193334
981814382
545026135
796420305
674815755
214015027
964034398
649393958
414092126
156809689
938020249
887039215
563697812
85496130
174324812
690288934
795354096
42304925
793358562
144453833
435745007
37325394
351425774
654705981
670278857
786264212
647562178
270996403
647371065
330439388
990022325
206594252
176384649
85383916
740019137
961503145
204807256
977502739
53436752
925517232
690677921
995839250
784770286
559482896
328433238
490597979
68456160
300411357
333655016
150030856
296904507
451650096
692722706
317589889
610831386
402309494
495368070
109045072
199025035
462692069
93120318
793709499
894404835
196178729
903980800
787950409
636685996
425843852
32721931
379679689
158571587
201202172
720727241
371606818
393195626
631031873
818783213
695068510
276363789
209742048
348956266
352696119
432430037
355257400
750576733
372936430
476067091
585294290
722881939
35297794
129126897
429664542
421058249
732906365
889167573
990114213
230420714
579188486
937621949
363262367
146892940
688162840
320704816
847637590
771421669
58482456
650137399
61133301
49928192
904626919
878994779
554790580
387958115
407132873
615066462
913004805
714783931
71545290
892957604
50491701
370196227
459216867
380842266
3785478
374596507
983649851
30248346
125676860
789863484
979533828
926075897
898757964
534394455
910957236
572380971
570235879
376600373
200616376
25282773
33933730
492169681
445375567
481955348
293314552
926193022
159364521
676719826
186372329
362450860
815649728
384908177
333423834
344496622
363642919
458844719
442986861
722617434
397257959
60199868
841776483
159887360
70516208
576377351
574428818
691145312
827939370
939630734
349506093
73731773
245565286
391427500
367367692
420064837
258052519
209085457
621741159
700211000
473613259
382319460
748968198
483566651
573115461
9221574
856264788
204675673
327313813
434777980
785994104
432803927
706740482
144461988
822582205
50525606
27449747
421782176
707003615
88574480
269184248
419126653
975314815
181793634
126698955
938888365
167858484
436405953
653591191
239479665
172631583
64844820
959310074
408920075
26463472
22880291
908675828
960070897
671828059
565629895
983978506
133965546
450514895
341221310
705927111
182485655
956586000
676180387
985987701
19082170
257444949
938968138
877964895
223519423
294404852
40138501
480680440
212417959
914396972
803074913
562226611
886097432
11177305
753323154
625798489
594626925
722007861
201510666
904116808
947319053
634312591
857281821
995476955
149681952
17785018
267918535
387488791
648009398
418113506
983442703
775227567
709418814
839358989
669344616
515876597
599404063
221951946
556550203
623059991
937347852
317835711
772286929
394617871
257001673
59014053
781384415
844875840
953582326
603134127
217971353
601800559
802752796
7873829
513912591
786043013
493103112
687714728
648872011
289158848
188695455
245426954
425489702
531377290
858042472
170817066
162311173
502663723
625921148
519493313
757062790
410821878
763329965
353319189
778919113
384815531
181230799
627575576
72548567
388837859
2614747
820294144
419380716
554894349
43946394
279793952
379350097
172156588
311531065
915899519
397757567
985239393
603524086
532162975
464666709
623611748
540748044
520193179
548900824
522735436
118784465
119361619
539223452
221475226
440722263
374140623
587203792
633097802
182474409
809355134
788070518
349209041
747012930
870351942
847760176
501332538
573108128
175039087
26719735
775254295
565210654
250568256
201750672
828814466
750363256
621896826
545306842
126884172
337775243
660882394
845448597
252524245
237103773
822458133
192098922
327512478
893232705
423257583
708619343
136687656
326640466
366124080
347354105
175714709
836952501
635451143
365137090
188726604
615909786
156165064
200272942
899034750
454235888
776513080
993569392
192823219
771455654
206062385
313518889
597807750
502826547
695647450
881253123
120634272
271109832
881701967
962198020
746035670
127363794
117182113
576847993
38020823
126215058
227477927
414732353
604956364
37032162
536111368
286616272
804097755
64452952
312387125
110186094
95630862
930410525
675257536
657796936
394229598
677446355
36622748
622060240
492372547
161576562
77304162
279158382
554553538
888317602
896482508
453181182
103245439
457848131
9739552
996814582
696191071
470796912
376127940
368265698
963610676
150589367
937765195
197951614
162272871
906989599
461743503
785383819
143600866
826139125
943342534
357685607
943373272
291374426
307536984
838950907
677589262
85586955
297481153
484868635
858004804
865763892
355582836
185286405
46612208
206009718
452372097
846975028
673506684
656972134
930651063
865572303
972809222
488168685
551496088
756013251
130432553
932204731
986731113
792345695
396954353
704161093
376563775
783393149
479222176
545590128
925942233
89597179
776104981
950758459
439908402
602881582
70718471
910776474
905616478
66070375
221310095
467516619
326148027
630299493
439097958
99087838
293823337
89900799
902404491
345858331
963807266
580286585
991837243
129289732
171462083
467856820
226673442
316861215
901873180
947521378
374253774
166285174
856691327
522155247
339220575
835765414
490714404
47416873
732178231
159324952
180071510
580173475
247784594
187112253
777666289
357362762
285002437
557993768
390310757
58164683
977374445
666161071
87486504
581672197
165276272
163730945
362838159
643835680
8483276
962693922
2773288
797331762
851359032
350757514
33389902
90895031
9158836
40118126
374409965
635577212
305494501
300299014
611580470
982018953
298766007
354098398
671066142
561559048
37847162
384774619
686429215
147090044
540144588
528873455
131122063
259162560
536064887
875293878
559746973
81619142
941527495
273472386
255810213
845797120
197087573
207768358
374994811
277251505
112495521
736452077
636953933
293491665
810255662
563108671
473460429
469198308
972627874
643888424
266464729
196521959
262245771
598563875
749825322
765207715
143665876
857732467
353793200
396530098
743603196
515903773
10797617
826773761
926068324
814255099
886009533
562791911
500316492
626595859
380758674
866024177
563570208
368909659
705466706
922321839
163866039
916647421
68121954
11847423
428278167
854915021
193072771
304871027
703187828
21101242
439888236
898588852
147471577
810966229
214670647
51164146
121463003
871073603
71831289
894436447
699154044
644460913
46166740
891392867
774522158
315107145
973531002
524685714
254937872
210018526
124366147
587382271
789210990
786212591
458897263
595202426
23132703
650073134
969591884
729178002
951782542
230335051
928559345
600485646
507171556
511240942
166030383
350919837
89456774
857696835
190257787
683782832
261639089
234191781
102799116
534462555
663941032
243349040
173596032
695577219
107456454
2989017
276386413
862074309
504086744
902700615
978832971
474379970
130804033
701498696
728177321
770798271
718069839
687683214
839462493
877887149
408031768
736116237
256157685
830600374
972807066
625450328
715009576
194909184
191517496
577922264
357182142
382893965
731901057
546419380
892680087
967254516
150647492
982253102
378488964
336018248
230747702
333097610
470595534
118799700
407481446
195525410
939740101
991133076
828112008
524964
644447660
198948272
820535230
183574513
680295183
713838814
773401120
627691878
542416592
400343243
109540265
800264831
945615055
616018104
845942968
680275846
973225455
636218093
954022663
99781401
402857759
289964270
202805635
171884689
220521089
960125588
214091358
780260342
963927103
141178405
959031438
640236287
276690721
175129436
803329287
429481345
101413378
176229696
394332950
76937565
997059933
363509349
240411727
52798199
905908163
71714929
222698711
667775351
533325930
167334932
810966786
268311616
56047538
339530523
432387779
789696463
784946504
128301666
337966940
432298987
980135134
893937420
871749617
309319083
962155282
969438869
330445753
927078775
957180303
486120598
134040888
703620652
365741167
471800778
248196408
223047527
290942257
550064834
499622239
12650364
497275197
763431536
216888206
816835481
322239136
222498727
292736527
438050574
692078661
834455855
239822001
317850747
473661406
304381821
193918400
843309219
416495197
646313093
730026013
615217765
511434194
55006024
827577521
159554790
289394308
923584928
803561946
775026465
169150847
646954688
16338457
687004255
669514294
671497117
995848280
156532818
729440006
747015963
486932286
797568964
954750419
977234451
109168727
662984749
896983468
208524715
4979591
339756720
313820193
289849239
919174
584481694
153749334
148150092
382472165
109461389
746092517
986627398
871987418
337263929
935893772
260514369
346874437
103504652
561500268
57687930
300505863
726998756
298246523
57721708
395085637
844769875
801129137
298598008
76703324
774961248
919393817
945634142
945979431
160435212
877676310
648415952
990237383
662223767
543832926
202016907
360220577
781514003
87942877
612148401
957688339
318092992
728894796
745767813
911451786
509354510
813278979
932968271
605238974
631941207
341755892
985918331
105643206
790533777
126557951
192008512
718420785
343715325
660305281
585755417
419707265
468646202
94401960
929794353
880898563
728523153
912227446
830388630
731719725
93666795
786724163
512593269
898110189
538579893
390865710
56336962
202431180
61962675
47483634
628438193
365898535
571221865
862813799
144524691
497875413
766121414
887446065
90891018
491938239
336671974
522939356
34672696
846527285
260010072
872126215
618189475
238828613
389403278
517563819
467898707
698830500
593904316
433035024
944389711
778700974
898654141
665574134
426335396
725626276
729353428
221306943
569865388
583073195
447310534
290343036
64694504
258689915
93687795
671879021
41806054
824561704
154059197
440479460
964231071
646421565
990750924
615553833
255842605
618188800
896016761
686721805
407037227
808874948
6611070
78997897
272830178
10502786
160242607
296847417
425979905
34267015
123768223
817075708
796857871
875920650
667469959
101343132
500399699
633099460
617716692
632008074
73511531
231646224
569621042
57289314
665356833
747510203
973251569
332198603
995062594
483757932
586031523
202250168
920172084
523606306
529576336
308944565
431136793
921691682
536146190
433736907
650828871
979695045
363422213
563806865
435077181
924683581
595371502
881110432
58653953
257198892
901033698
656231649
990825157
256393595