501 499
499 376 125
376 374 125 125
376 207 167 125 125
207 192 184 167 125 125
207 192 184 167 125 66 59
207 192 167 125 117 67 66 59
192 167 125 117 111 96 67 66 59
192 167 117 111 96 67 66 66 59 59
192 117 111 103 96 67 66 66 64 59 59
117 111 105 103 96 87 67 66 66 64 59 59
117 105 103 96 87 67 66 66 64 59 59 57 54
117 103 96 87 67 66 66 64 59 59 57 56 54 49
103 96 87 67 66 66 64 59 59 59 58 57 56 54 49
96 87 67 66 66 64 64 59 59 59 58 57 56 54 49 39
87 67 66 66 64 64 59 59 59 58 57 56 54 54 49 42 39
87 66 66 64 64 59 59 59 58 57 56 54 54 49 42 39 37 30
66 66 64 64 59 59 59 58 57 56 54 54 49 48 42 39 39 37 30
66 66 64 59 59 59 58 57 56 54 54 49 48 42 42 39 39 37 30 22
66 66 64 59 59 58 57 56 54 54 49 48 42 42 39 39 37 33 30 26 22
66 64 59 59 58 57 56 54 54 49 48 42 42 39 39 37 34 33 32 30 26 22
64 59 59 58 57 56 54 54 49 48 42 42 39 39 37 37 34 33 32 30 29 26 22
59 59 58 57 56 54 54 49 48 42 42 39 39 37 37 35 34 33 32 30 29 29 26 22
59 59 58 56 54 54 49 48 42 42 39 39 37 37 36 35 34 33 32 30 29 29 26 22 21
59 58 56 54 54 49 48 42 42 39 39 37 37 36 35 34 33 32 30 30 29 29 29 26 22 21
59 58 56 54 54 48 42 42 39 39 37 37 36 35 35 34 33 32 30 30 29 29 29 26 22 21 14
59 58 56 54 48 42 42 39 39 37 37 36 35 35 34 33 32 30 30 29 29 29 29 26 25 22 21 14
58 56 54 48 42 42 39 39 37 37 37 36 35 35 34 33 32 30 30 29 29 29 29 26 25 22 22 21 14
58 56 54 48 42 42 39 37 37 37 36 35 35 34 33 32 30 30 29 29 29 29 29 26 25 22 22 21 14 10
58 56 54 48 42 42 39 37 37 37 36 35 35 34 33 32 30 30 29 29 29 29 29 25 22 22 21 14 14 12 10
58 56 54 48 42 42 39 37 37 37 36 35 35 34 33 30 30 29 29 29 29 29 25 22 22 21 17 15 14 14 12 10
58 54 48 42 42 39 37 37 37 36 35 35 34 33 33 30 30 29 29 29 29 29 25 23 22 22 21 17 15 14 14 12 10
58 54 42 42 39 37 37 37 36 35 35 34 33 33 30 30 30 29 29 29 29 29 25 23 22 22 21 18 17 15 14 14 12 10
58 54 42 42 39 37 37 37 36 35 35 34 33 33 30 30 30 29 29 29 29 25 23 22 22 21 18 18 17 15 14 14 12 11 10
58 54 42 42 39 37 37 36 35 35 34 33 33 30 30 30 29 29 29 29 25 24 23 22 22 21 18 18 17 15 14 14 13 12 11 10
58 54 42 42 39 37 37 36 35 35 33 33 30 30 30 29 29 29 29 25 24 23 22 22 21 18 18 17 17 17 15 14 14 13 12 11 10
58 54 42 42 39 37 37 36 35 35 33 33 30 30 30 29 29 29 25 24 23 22 22 21 18 18 17 17 17 15 15 14 14 14 13 12 11 10
58 54 42 42 39 37 37 36 35 35 33 33 30 30 29 29 29 25 24 23 22 22 21 18 18 17 17 17 15 15 15 15 14 14 14 13 12 11 10
58 54 42 39 37 37 36 35 35 33 33 30 30 29 29 29 25 24 23 22 22 21 21 21 18 18 17 17 17 15 15 15 15 14 14 14 13 12 11 10
58 42 39 37 37 36 35 35 33 33 30 30 29 29 29 27 27 25 24 23 22 22 21 21 21 18 18 17 17 17 15 15 15 15 14 14 14 13 12 11 10
58 42 39 37 37 36 35 35 33 33 30 30 29 29 27 27 25 24 23 22 22 21 21 21 18 18 17 17 17 16 15 15 15 15 14 14 14 13 13 12 11 10
58 42 39 37 37 36 35 35 33 30 30 29 29 27 27 25 24 23 22 22 21 21 21 18 18 18 17 17 17 16 15 15 15 15 15 14 14 14 13 13 12 11 10
58 42 39 37 37 36 35 33 30 30 29 29 27 27 25 24 23 22 22 21 21 21 21 18 18 18 17 17 17 16 15 15 15 15 15 14 14 14 14 13 13 12 11 10
58 42 39 37 36 35 33 30 30 29 29 27 27 25 24 23 22 22 21 21 21 21 20 18 18 18 17 17 17 17 16 15 15 15 15 15 14 14 14 14 13 13 12 11 10
58 42 39 37 36 35 33 30 29 29 27 27 25 24 23 22 22 21 21 21 21 20 18 18 18 18 17 17 17 17 16 15 15 15 15 15 14 14 14 14 13 13 12 12 11 10
58 42 37 36 35 33 30 29 29 27 27 25 24 23 22 22 22 21 21 21 21 20 18 18 18 18 17 17 17 17 17 16 15 15 15 15 15 14 14 14 14 13 13 12 12 11 10
42 37 36 35 33 32 30 29 29 27 27 26 25 24 23 22 22 22 21 21 21 21 20 18 18 18 18 17 17 17 17 17 16 15 15 15 15 15 14 14 14 14 13 13 12 12 11 10
42 37 36 35 33 32 30 29 29 27 27 25 24 23 22 22 22 21 21 21 21 20 18 18 18 18 17 17 17 17 17 16 15 15 15 15 15 14 14 14 14 13 13 13 13 12 12 11 10
42 37 36 35 33 30 29 29 27 27 25 24 23 22 22 22 21 21 21 21 20 20 18 18 18 18 17 17 17 17 17 16 15 15 15 15 15 14 14 14 14 13 13 13 13 12 12 12 11 10
42 37 36 33 30 29 29 27 27 25 24 23 22 22 22 21 21 21 21 20 20 18 18 18 18 18 17 17 17 17 17 17 16 15 15 15 15 15 14 14 14 14 13 13 13 13 12 12 12 11 10
42 37 33 30 29 29 27 27 25 24 24 23 22 22 22 21 21 21 21 20 20 18 18 18 18 18 17 17 17 17 17 17 16 15 15 15 15 15 14 14 14 14 13 13 13 13 12 12 12 12 11 10
42 37 33 30 29 29 27 27 25 24 24 23 22 22 22 21 21 21 20 20 18 18 18 18 18 17 17 17 17 17 17 16 15 15 15 15 15 14 14 14 14 13 13 13 13 12 12 12 12 12 11 10 9
42 37 33 30 29 29 27 27 25 24 24 23 22 22 22 21 21 20 20 18 18 18 18 18 17 17 17 17 17 17 16 15 15 15 15 15 14 14 14 14 13 13 13 13 13 12 12 12 12 12 11 10 9 8
42 33 30 29 29 27 27 25 24 24 23 22 22 22 21 21 21 20 20 18 18 18 18 18 17 17 17 17 17 17 16 16 15 15 15 15 15 14 14 14 14 13 13 13 13 13 12 12 12 12 12 11 10 9 8
42 33 30 29 27 27 25 24 24 23 22 22 22 21 21 21 20 20 20 18 18 18 18 18 17 17 17 17 17 17 16 16 15 15 15 15 15 14 14 14 14 13 13 13 13 13 12 12 12 12 12 11 10 9 9 8
33 30 29 28 27 27 25 24 24 23 22 22 22 21 21 21 20 20 20 18 18 18 18 18 17 17 17 17 17 17 16 16 15 15 15 15 15 14 14 14 14 14 13 13 13 13 13 12 12 12 12 12 11 10 9 9 8
33 30 29 28 27 27 25 24 24 23 22 22 22 21 21 20 20 20 18 18 18 18 18 17 17 17 17 17 17 16 16 15 15 15 15 15 14 14 14 14 14 13 13 13 13 13 12 12 12 12 12 11 11 10 10 9 9 8
33 30 29 28 27 27 25 24 24 23 22 22 21 21 20 20 20 18 18 18 18 18 17 17 17 17 17 17 16 16 15 15 15 15 15 14 14 14 14 14 13 13 13 13 13 13 12 12 12 12 12 11 11 10 10 9 9 9 8
33 30 29 28 27 27 25 24 24 23 22 21 21 20 20 20 18 18 18 18 18 17 17 17 17 17 17 16 16 16 15 15 15 15 15 14 14 14 14 14 13 13 13 13 13 13 12 12 12 12 12 11 11 10 10 9 9 9 8 6
33 30 29 28 27 27 25 24 24 23 22 21 21 20 20 20 18 18 18 18 18 17 17 17 17 17 17 16 16 16 15 15 15 15 15 14 14 14 14 14 13 13 13 13 13 13 12 12 12 12 12 11 11 10 9 9 9 8 6 6 4
33 30 29 28 27 27 25 24 24 23 22 21 21 20 20 20 18 18 18 18 18 17 17 17 17 17 16 16 16 15 15 15 15 15 14 14 14 14 14 13 13 13 13 13 13 12 12 12 12 12 11 11 10 10 9 9 9 8 7 6 6 4
30 29 28 27 27 25 24 24 23 22 21 21 20 20 20 18 18 18 18 18 18 17 17 17 17 17 16 16 16 15 15 15 15 15 15 14 14 14 14 14 13 13 13 13 13 13 12 12 12 12 12 11 11 10 10 9 9 9 8 7 6 6 4
30 28 27 27 25 24 24 23 22 21 21 20 20 20 18 18 18 18 18 18 17 17 17 17 17 16 16 16 16 15 15 15 15 15 15 14 14 14 14 14 13 13 13 13 13 13 13 12 12 12 12 12 11 11 10 10 9 9 9 8 7 6 6 4
30 28 27 25 24 24 23 22 21 21 20 20 20 18 18 18 18 18 18 17 17 17 17 17 16 16 16 16 16 15 15 15 15 15 15 14 14 14 14 14 13 13 13 13 13 13 13 12 12 12 12 12 11 11 11 10 10 9 9 9 8 7 6 6 4
28 27 25 24 24 23 22 21 21 20 20 20 19 18 18 18 18 18 18 17 17 17 17 17 16 16 16 16 16 15 15 15 15 15 15 14 14 14 14 14 13 13 13 13 13 13 13 12 12 12 12 12 11 11 11 11 10 10 9 9 9 8 7 6 6 4
28 27 25 24 24 23 22 21 21 20 20 20 19 18 18 18 18 18 17 17 17 17 17 16 16 16 16 16 15 15 15 15 15 15 14 14 14 14 14 13 13 13 13 13 13 13 12 12 12 12 12 11 11 11 11 11 10 10 9 9 9 8 7 7 6 6 4
28 27 25 24 24 23 22 21 21 20 20 20 19 18 18 18 18 17 17 17 17 17 16 16 16 16 16 15 15 15 15 15 15 14 14 14 14 14 13 13 13 13 13 13 13 12 12 12 12 12 11 11 11 11 11 11 10 10 9 9 9 8 7 7 7 6 6 4
28 27 25 24 24 23 22 21 21 20 20 20 19 18 18 18 17 17 17 17 17 16 16 16 16 16 15 15 15 15 15 15 14 14 14 14 14 13 13 13 13 13 13 13 12 12 12 12 12 11 11 11 11 11 11 10 10 10 9 9 9 8 8 7 7 7 6 6 4
28 27 25 24 24 23 22 21 21 20 20 20 19 18 18 18 17 17 17 17 17 16 16 16 16 16 15 15 15 15 15 14 14 14 14 14 13 13 13 13 13 13 13 12 12 12 12 12 11 11 11 11 11 11 10 10 10 10 9 9 9 8 8 7 7 7 6 6 5 4
28 27 25 24 24 23 22 21 21 20 20 20 19 18 18 18 17 17 17 17 16 16 16 16 16 15 15 15 15 15 14 14 14 14 14 13 13 13 13 13 13 13 12 12 12 12 12 11 11 11 11 11 11 11 10 10 10 10 9 9 9 8 8 7 7 7 6 6 6 5 4
28 27 25 24 24 23 22 21 21 20 20 20 19 18 18 17 17 17 17 16 16 16 16 16 15 15 15 15 15 14 14 14 14 14 13 13 13 13 13 13 13 13 12 12 12 12 12 11 11 11 11 11 11 11 10 10 10 10 9 9 9 8 8 7 7 7 6 6 6 5 5 4
28 27 25 24 24 23 22 21 21 20 20 20 19 18 18 17 17 17 17 16 16 16 16 16 15 15 15 15 15 14 14 14 14 13 13 13 13 13 13 13 13 12 12 12 12 12 11 11 11 11 11 11 11 10 10 10 10 9 9 9 8 8 8 7 7 7 6 6 6 6 5 5 4
28 27 25 24 24 23 22 21 21 20 20 19 18 18 17 17 17 17 16 16 16 16 16 15 15 15 15 15 14 14 14 14 13 13 13 13 13 13 13 13 12 12 12 12 12 11 11 11 11 11 11 11 11 10 10 10 10 9 9 9 9 8 8 8 7 7 7 6 6 6 6 5 5 4
28 27 25 24 24 23 22 21 21 20 20 19 18 18 17 17 17 16 16 16 16 16 15 15 15 15 15 14 14 14 14 13 13 13 13 13 13 13 13 12 12 12 12 12 11 11 11 11 11 11 11 11 10 10 10 10 9 9 9 9 9 8 8 8 8 7 7 7 6 6 6 6 5 5 4
28 25 24 24 23 22 21 21 20 20 19 18 18 17 17 17 16 16 16 16 16 15 15 15 15 15 14 14 14 14 14 13 13 13 13 13 13 13 13 13 12 12 12 12 12 11 11 11 11 11 11 11 11 10 10 10 10 9 9 9 9 9 8 8 8 8 7 7 7 6 6 6 6 5 5 4
28 25 24 23 22 21 21 20 20 19 18 18 17 17 17 16 16 16 16 16 15 15 15 15 15 15 14 14 14 14 14 13 13 13 13 13 13 13 13 13 12 12 12 12 12 11 11 11 11 11 11 11 11 10 10 10 10 9 9 9 9 9 9 8 8 8 8 7 7 7 6 6 6 6 5 5 4
28 25 23 22 21 21 20 20 19 18 18 17 17 17 16 16 16 16 16 15 15 15 15 15 15 14 14 14 14 14 14 13 13 13 13 13 13 13 13 13 12 12 12 12 12 11 11 11 11 11 11 11 11 10 10 10 10 10 9 9 9 9 9 9 8 8 8 8 7 7 7 6 6 6 6 5 5 4
28 25 23 22 21 21 20 20 19 18 18 17 17 17 16 16 16 16 16 15 15 15 15 15 14 14 14 14 14 14 13 13 13 13 13 13 13 13 13 12 12 12 12 12 11 11 11 11 11 11 11 11 10 10 10 10 10 9 9 9 9 9 9 8 8 8 8 8 7 7 7 7 6 6 6 6 5 5 4
28 25 23 22 21 21 20 20 19 18 18 17 17 17 16 16 16 16 16 15 15 15 15 15 14 14 14 14 14 14 13 13 13 13 13 13 13 13 13 12 12 12 12 12 11 11 11 11 11 11 11 10 10 10 10 10 9 9 9 9 9 9 8 8 8 8 8 7 7 7 7 6 6 6 6 6 5 5 5 4
28 25 23 22 21 21 20 20 19 18 18 17 17 17 16 16 16 16 16 15 15 15 15 15 14 14 14 14 14 13 13 13 13 13 13 13 13 13 12 12 12 12 12 11 11 11 11 11 11 11 10 10 10 10 10 10 9 9 9 9 9 9 8 8 8 8 8 7 7 7 7 6 6 6 6 6 5 5 5 4 4
28 25 23 22 21 21 20 20 19 18 18 17 17 17 16 16 16 16 16 15 15 15 15 15 14 14 14 14 14 13 13 13 13 13 13 13 13 12 12 12 12 12 11 11 11 11 11 11 11 11 10 10 10 10 10 10 9 9 9 9 9 9 8 8 8 8 8 7 7 7 7 6 6 6 6 6 5 5 5 4 4 2
28 25 23 21 21 20 20 19 18 18 17 17 17 16 16 16 16 16 15 15 15 15 15 14 14 14 14 14 13 13 13 13 13 13 13 13 12 12 12 12 12 11 11 11 11 11 11 11 11 11 11 10 10 10 10 10 10 9 9 9 9 9 9 8 8 8 8 8 7 7 7 7 6 6 6 6 6 5 5 5 4 4 2
28 25 23 21 21 20 20 19 18 18 17 17 17 16 16 16 16 16 15 15 15 15 15 14 14 14 14 14 13 13 13 13 13 13 13 13 12 12 12 12 12 11 11 11 11 11 11 11 11 11 11 10 10 10 10 10 10 9 9 9 9 9 9 8 8 8 8 8 7 7 7 7 6 6 6 6 6 5 5 4 4 4 2 1
28 25 23 21 21 20 20 19 18 18 17 17 17 16 16 16 16 15 15 15 15 15 14 14 14 14 14 13 13 13 13 13 13 13 13 12 12 12 12 12 11 11 11 11 11 11 11 11 11 11 10 10 10 10 10 10 10 9 9 9 9 9 9 8 8 8 8 8 7 7 7 7 6 6 6 6 6 6 5 5 4 4 4 2 1
28 25 23 21 21 20 20 19 18 18 17 17 17 16 16 16 16 15 15 15 15 14 14 14 14 14 13 13 13 13 13 13 13 13 12 12 12 12 12 11 11 11 11 11 11 11 11 11 11 10 10 10 10 10 10 10 9 9 9 9 9 9 9 8 8 8 8 8 7 7 7 7 6 6 6 6 6 6 6 5 5 4 4 4 2 1
28 25 23 21 21 20 20 19 18 18 17 17 17 16 16 16 16 15 15 15 15 14 14 14 14 14 13 13 13 13 13 13 13 13 12 12 12 12 11 11 11 11 11 11 11 11 11 11 10 10 10 10 10 10 10 9 9 9 9 9 9 9 8 8 8 8 8 8 7 7 7 7 6 6 6 6 6 6 6 5 5 4 4 4 4 2 1
28 25 23 21 21 20 20 19 18 18 17 17 17 16 16 16 16 15 15 15 15 14 14 14 14 13 13 13 13 13 13 13 13 12 12 12 12 11 11 11 11 11 11 11 11 11 11 10 10 10 10 10 10 10 10 9 9 9 9 9 9 9 8 8 8 8 8 8 7 7 7 7 6 6 6 6 6 6 6 5 5 4 4 4 4 4 2 1
28 23 21 21 20 20 19 18 18 17 17 17 16 16 16 16 16 15 15 15 15 14 14 14 14 13 13 13 13 13 13 13 13 12 12 12 12 11 11 11 11 11 11 11 11 11 11 10 10 10 10 10 10 10 10 9 9 9 9 9 9 9 9 8 8 8 8 8 8 7 7 7 7 6 6 6 6 6 6 6 5 5 4 4 4 4 4 2 1
28 23 21 21 20 20 19 18 18 17 17 17 16 16 16 16 16 15 15 15 15 14 14 14 14 13 13 13 13 13 13 13 13 12 12 12 11 11 11 11 11 11 11 11 11 11 10 10 10 10 10 10 10 10 9 9 9 9 9 9 9 9 9 8 8 8 8 8 8 7 7 7 7 6 6 6 6 6 6 6 5 5 4 4 4 4 4 3 2 1
28 23 21 21 20 20 19 18 18 17 17 17 16 16 16 16 15 15 15 15 14 14 14 14 13 13 13 13 13 13 13 13 12 12 12 12 11 11 11 11 11 11 11 11 11 11 10 10 10 10 10 10 10 10 9 9 9 9 9 9 9 9 9 8 8 8 8 8 8 7 7 7 7 6 6 6 6 6 6 6 5 5 4 4 4 4 4 4 3 2 1
28 23 21 21 20 20 19 18 18 17 17 17 16 16 16 16 15 15 15 14 14 14 14 13 13 13 13 13 13 13 13 12 12 12 12 11 11 11 11 11 11 11 11 11 11 10 10 10 10 10 10 10 10 9 9 9 9 9 9 9 9 9 8 8 8 8 8 8 8 7 7 7 7 7 6 6 6 6 6 6 6 5 5 4 4 4 4 4 4 3 2 1
28 23 21 21 20 20 19 18 18 17 17 17 16 16 16 16 15 15 15 14 14 14 14 13 13 13 13 13 13 13 12 12 12 12 11 11 11 11 11 11 11 11 11 11 10 10 10 10 10 10 10 10 9 9 9 9 9 9 9 9 9 9 8 8 8 8 8 8 8 7 7 7 7 7 6 6 6 6 6 6 6 5 5 4 4 4 4 4 4 4 3 2 1
28 21 21 20 20 19 19 18 18 17 17 17 16 16 16 16 15 15 15 14 14 14 14 13 13 13 13 13 13 13 12 12 12 12 11 11 11 11 11 11 11 11 11 11 10 10 10 10 10 10 10 10 9 9 9 9 9 9 9 9 9 9 8 8 8 8 8 8 8 7 7 7 7 7 6 6 6 6 6 6 6 5 5 4 4 4 4 4 4 4 4 3 2 1
28 21 21 20 20 19 18 18 17 17 17 16 16 16 16 15 15 15 14 14 14 14 13 13 13 13 13 13 13 12 12 12 12 11 11 11 11 11 11 11 11 11 11 11 10 10 10 10 10 10 10 10 9 9 9 9 9 9 9 9 9 9 8 8 8 8 8 8 8 8 7 7 7 7 7 6 6 6 6 6 6 6 5 5 4 4 4 4 4 4 4 4 3 2 1
21 21 20 20 19 18 18 17 17 17 16 16 16 16 16 15 15 15 14 14 14 14 13 13 13 13 13 13 13 12 12 12 12 12 11 11 11 11 11 11 11 11 11 11 11 10 10 10 10 10 10 10 10 9 9 9 9 9 9 9 9 9 9 8 8 8 8 8 8 8 8 7 7 7 7 7 6 6 6 6 6 6 6 5 5 4 4 4 4 4 4 4 4 3 2 1
21 21 20 20 19 18 18 17 17 16 16 16 16 16 15 15 15 14 14 14 14 13 13 13 13 13 13 13 13 12 12 12 12 12 11 11 11 11 11 11 11 11 11 11 11 10 10 10 10 10 10 10 10 9 9 9 9 9 9 9 9 9 9 8 8 8 8 8 8 8 8 7 7 7 7 7 6 6 6 6 6 6 6 5 5 4 4 4 4 4 4 4 4 4 3 2 1
21 21 20 20 19 18 18 17 17 16 16 16 16 16 15 15 15 14 14 14 14 13 13 13 13 13 13 13 12 12 12 12 12 11 11 11 11 11 11 11 11 11 11 11 10 10 10 10 10 10 10 10 9 9 9 9 9 9 9 9 9 9 9 8 8 8 8 8 8 8 8 7 7 7 7 7 6 6 6 6 6 6 6 5 5 4 4 4 4 4 4 4 4 4 4 3 2 1
21 21 20 20 19 18 18 17 17 16 16 16 16 16 15 15 15 14 14 14 13 13 13 13 13 13 13 12 12 12 12 12 11 11 11 11 11 11 11 11 11 11 11 10 10 10 10 10 10 10 10 9 9 9 9 9 9 9 9 9 9 9 8 8 8 8 8 8 8 8 8 7 7 7 7 7 6 6 6 6 6 6 6 6 5 5 4 4 4 4 4 4 4 4 4 4 3 2 1
21 21 20 20 19 18 18 17 17 16 16 16 16 16 15 15 15 14 14 14 13 13 13 13 13 13 13 12 12 12 12 11 11 11 11 11 11 11 11 11 11 11 10 10 10 10 10 10 10 10 9 9 9 9 9 9 9 9 9 9 9 8 8 8 8 8 8 8 8 8 7 7 7 7 7 7 6 6 6 6 6 6 6 6 5 5 5 4 4 4 4 4 4 4 4 4 4 3 2 1
