301 299
299 161 140
161 160 140 139
160 140 139 81 80
140 139 81 80 80 80
140 81 80 80 80 72 67
81 80 80 80 72 72 68 67
80 80 80 72 72 68 67 41 40
80 80 72 72 68 67 42 41 40 38
80 72 72 68 67 42 41 40 40 40 38
72 72 68 67 42 41 41 40 40 40 39 38
72 68 67 42 41 41 40 40 40 39 38 36 36
68 67 42 41 41 40 40 40 39 38 36 36 36 36
67 42 41 41 40 40 40 39 38 36 36 36 36 36 32
42 41 41 40 40 40 39 38 36 36 36 36 36 34 33 32
41 41 40 40 40 39 38 36 36 36 36 36 34 33 32 21 21
41 40 40 40 39 38 36 36 36 36 36 34 33 32 21 21 21 20
41 40 40 39 38 36 36 36 36 36 34 33 32 22 21 21 21 20 18
41 40 39 38 36 36 36 36 36 34 33 32 22 22 21 21 21 20 18 18
41 40 39 38 36 36 36 36 36 33 32 22 22 21 21 21 20 18 18 18 16
41 40 39 36 36 36 36 36 33 32 22 22 21 21 21 20 20 18 18 18 18 16
40 39 36 36 36 36 36 33 32 23 22 22 21 21 21 20 20 18 18 18 18 18 16
40 39 36 36 36 36 36 32 23 22 22 21 21 21 20 20 18 18 18 18 18 18 16 15
39 36 36 36 36 36 32 23 22 22 22 21 21 21 20 20 18 18 18 18 18 18 18 16 15
