407 393
407 199 194
206 201 199 194
206 199 194 112 89
199 194 112 111 95 89
194 112 111 107 95 92 89
112 111 107 99 95 95 92 89
111 107 99 95 95 92 89 56 56
111 107 95 95 92 89 58 56 56 41
111 95 95 92 89 58 56 56 55 52 41
111 95 92 89 58 56 56 55 52 50 45 41
95 92 89 62 58 56 56 55 52 50 49 45 41
92 89 62 58 56 56 55 52 50 49 49 46 45 41
92 89 58 56 56 55 52 50 49 49 46 45 41 31 31
89 58 56 56 55 55 52 50 49 49 46 45 41 37 31 31
58 56 56 55 55 52 51 50 49 49 46 45 41 38 37 31 31
58 56 56 55 55 52 51 50 49 46 45 41 38 37 31 31 30 19
58 56 56 55 55 51 50 49 46 45 41 38 37 32 31 31 30 20 19
56 56 55 55 51 50 49 46 45 42 41 38 37 32 31 31 30 20 19 16
56 56 55 51 50 49 46 45 42 41 38 37 32 31 31 30 29 26 20 19 16
56 55 51 50 49 46 45 42 41 38 37 32 31 31 30 29 28 28 26 20 19 16
56 55 50 49 46 45 42 41 38 37 32 31 31 30 29 28 28 26 26 25 20 19 16
56 55 49 46 45 42 41 38 37 33 32 31 31 30 29 28 28 26 26 25 20 19 17 16
56 49 46 45 42 41 39 38 37 33 32 31 31 30 29 28 28 26 26 25 20 19 17 16 16
56 49 46 42 41 39 38 37 33 32 31 31 30 29 28 28 28 26 26 25 20 19 17 17 16 16
49 46 42 41 39 38 37 33 32 31 31 30 29 28 28 28 28 28 26 26 25 20 19 17 17 16 16
49 46 42 41 39 37 33 32 31 31 30 29 28 28 28 28 28 26 26 25 20 20 19 18 17 17 16 16
49 42 41 39 37 33 32 31 31 30 29 28 28 28 28 28 26 26 25 24 22 20 20 19 18 17 17 16 16
49 42 39 37 33 32 31 31 30 30 29 28 28 28 28 28 26 26 25 24 22 20 20 19 18 17 17 16 16 11
49 42 39 33 32 31 31 30 30 29 28 28 28 28 28 26 26 25 25 24 22 20 20 19 18 17 17 16 16 12 11
42 39 33 32 31 31 30 30 29 28 28 28 28 28 27 26 26 25 25 24 22 22 20 20 19 18 17 17 16 16 12 11
39 33 32 31 31 30 30 29 28 28 28 28 28 27 26 26 26 25 25 24 22 22 20 20 19 18 17 17 16 16 16 12 11
39 33 32 31 31 30 30 29 28 28 28 28 27 26 26 26 25 25 24 22 22 20 20 19 18 17 17 17 16 16 16 12 11 11
39 33 32 31 30 30 29 28 28 28 28 27 26 26 26 25 25 24 23 22 22 20 20 19 18 17 17 17 16 16 16 12 11 11 8
39 32 31 30 30 29 28 28 28 28 27 26 26 26 25 25 24 23 22 22 20 20 19 18 17 17 17 17 16 16 16 16 12 11 11 8
39 32 30 30 29 28 28 28 28 27 26 26 26 25 25 24 23 22 22 21 20 20 19 18 17 17 17 17 16 16 16 16 12 11 11 10 8
39 32 30 30 29 28 28 28 27 26 26 26 25 25 24 23 22 22 21 20 20 19 19 18 17 17 17 17 16 16 16 16 12 11 11 10 9 8
39 32 30 30 29 28 28 28 27 26 26 25 25 24 23 22 22 21 20 20 19 19 19 18 17 17 17 17 16 16 16 16 12 11 11 10 9 8 7
39 32 30 30 29 28 28 28 27 26 26 25 25 24 23 22 22 21 20 20 19 19 19 18 17 17 17 17 16 16 16 12 12 11 11 10 9 8 7 4
39 32 30 30 29 28 28 28 27 26 26 25 24 23 22 22 22 21 20 20 19 19 19 18 17 17 17 17 16 16 16 12 12 11 11 10 9 8 7 4 3
39 32 30 30 29 28 28 27 26 26 25 24 23 22 22 22 21 20 20 19 19 19 18 17 17 17 17 16 16 16 16 12 12 12 11 11 10 9 8 7 4 3
39 32 30 30 29 28 27 26 26 25 24 23 22 22 22 21 20 20 19 19 19 19 18 17 17 17 17 16 16 16 16 12 12 12 11 11 10 9 9 8 7 4 3
39 30 30 29 28 27 26 26 25 24 23 22 22 22 21 20 20 19 19 19 19 19 18 17 17 17 17 16 16 16 16 13 12 12 12 11 11 10 9 9 8 7 4 3
39 30 30 29 28 27 26 25 24 23 22 22 22 21 20 20 19 19 19 19 19 18 18 17 17 17 17 16 16 16 16 13 12 12 12 11 11 10 9 9 8 8 7 4 3
39 30 30 29 28 27 26 25 24 23 22 22 22 21 20 20 19 19 19 19 19 18 18 17 17 17 16 16 16 16 13 12 12 12 11 11 10 9 9 9 8 8 8 7 4 3
39 30 29 28 27 26 25 24 23 22 22 22 21 21 20 20 19 19 19 19 19 18 18 17 17 17 16 16 16 16 13 12 12 12 11 11 10 9 9 9 9 8 8 8 7 4 3
39 29 28 27 26 25 24 23 22 22 22 21 21 20 20 19 19 19 19 19 18 18 17 17 17 17 16 16 16 16 13 13 12 12 12 11 11 10 9 9 9 9 8 8 8 7 4 3
39 29 28 27 25 24 23 22 22 22 21 21 20 20 19 19 19 19 19 18 18 17 17 17 17 16 16 16 16 15 13 13 12 12 12 11 11 11 10 9 9 9 9 8 8 8 7 4 3
39 28 28 27 25 24 23 22 22 22 21 21 20 20 19 19 19 19 19 18 18 17 17 17 17 16 16 16 16 15 13 13 12 12 12 11 11 11 10 9 9 9 9 8 8 8 7 4 3 1
