464 436
436 249 215
249 220 216 215
220 216 215 133 116
220 215 133 116 114 102
220 133 116 114 110 105 102
133 116 114 111 110 109 105 102
133 116 111 110 109 105 102 60 54
116 111 110 109 105 102 74 60 59 54
116 111 110 109 105 74 60 59 54 52 50
111 110 109 105 74 61 60 59 55 54 52 50
110 109 105 74 61 60 59 56 55 55 54 52 50
109 105 74 68 61 60 59 56 55 55 54 52 50 42
105 74 68 61 60 59 59 56 55 55 54 52 50 50 42
74 68 61 60 59 59 57 56 55 55 54 52 50 50 48 42
68 61 60 59 59 57 56 55 55 54 52 50 50 48 42 40 34
61 60 59 59 57 56 55 55 54 52 50 50 48 42 40 39 34 29
61 60 59 59 57 55 55 54 52 50 50 48 42 40 39 34 29 29 27
61 59 59 57 55 55 54 52 50 50 48 42 40 39 38 34 29 29 27 22
59 59 57 55 55 54 52 50 50 48 42 40 39 38 34 32 29 29 29 27 22
59 59 55 55 54 52 50 50 48 42 40 39 38 34 32 29 29 29 29 28 27 22
59 55 55 54 52 50 50 48 42 40 39 38 34 32 32 29 29 29 29 28 27 27 22
59 55 55 54 52 50 48 42 40 39 38 34 32 32 29 29 29 29 29 28 27 27 22 21
59 55 54 52 50 48 42 40 39 38 34 32 32 31 29 29 29 29 29 28 27 27 24 22 21
59 54 52 50 48 42 40 39 38 34 33 32 32 31 29 29 29 29 29 28 27 27 24 22 22 21
59 52 50 48 42 40 39 38 34 33 32 32 31 29 29 29 29 29 28 28 27 27 26 24 22 22 21
59 52 50 42 40 39 38 34 33 32 32 31 29 29 29 29 29 28 28 28 27 27 26 24 22 22 21 20
59 50 42 40 39 38 34 33 32 32 32 31 29 29 29 29 29 28 28 28 27 27 26 24 22 22 21 20 20
59 50 40 39 38 34 33 32 32 32 31 29 29 29 29 29 28 28 28 27 27 26 24 22 22 22 21 20 20 20
50 40 39 38 34 33 32 32 32 32 31 29 29 29 29 29 28 28 28 27 27 27 26 24 22 22 22 21 20 20 20
40 39 38 34 33 32 32 32 32 31 29 29 29 29 29 28 28 28 27 27 27 26 26 24 24 22 22 22 21 20 20 20
40 39 38 34 33 32 32 32 32 31 29 29 29 29 28 28 28 27 27 27 26 26 24 24 22 22 22 21 20 20 20 16 13
40 39 38 34 33 32 32 32 31 29 29 29 29 28 28 28 27 27 27 26 26 24 24 22 22 22 21 20 20 20 19 16 13 13
39 38 34 33 32 32 32 31 29 29 29 29 28 28 28 27 27 27 26 26 24 24 24 22 22 22 21 20 20 20 19 16 16 13 13
38 34 33 32 32 32 31 29 29 29 29 28 28 28 27 27 27 26 26 25 24 24 24 22 22 22 21 20 20 20 19 16 16 14 13 13
38 34 33 32 32 32 31 29 29 29 29 28 28 27 27 27 26 26 25 24 24 24 22 22 22 21 20 20 20 19 16 16 14 14 14 13 13
38 34 33 32 32 31 29 29 29 29 28 28 27 27 27 26 26 25 24 24 24 22 22 22 21 20 20 20 19 17 16 16 15 14 14 14 13 13
38 34 33 32 32 31 29 29 29 29 28 28 27 27 26 26 25 24 24 24 22 22 22 21 20 20 20 19 17 17 16 16 15 14 14 14 13 13 10
34 33 32 32 31 29 29 29 29 28 28 27 27 26 26 25 24 24 24 22 22 22 21 20 20 20 20 19 18 17 17 16 16 15 14 14 14 13 13 10
34 33 32 31 29 29 29 29 28 28 27 27 26 26 25 24 24 24 22 22 22 21 20 20 20 20 19 18 18 17 17 16 16 15 14 14 14 14 13 13 10
34 33 32 31 29 29 29 28 28 27 27 26 26 25 24 24 24 22 22 22 21 20 20 20 20 19 18 18 18 17 17 16 16 15 14 14 14 14 13 13 11 10
34 32 31 29 29 29 28 28 27 27 26 26 25 24 24 24 22 22 22 21 20 20 20 20 19 18 18 18 18 17 17 16 16 15 15 14 14 14 14 13 13 11 10
34 32 31 29 29 28 28 27 27 26 26 25 24 24 24 22 22 22 21 20 20 20 20 19 18 18 18 18 17 17 16 16 15 15 15 14 14 14 14 14 13 13 11 10
34 32 31 29 29 28 27 27 26 26 25 24 24 24 22 22 22 21 20 20 20 20 19 19 18 18 18 18 17 17 16 16 15 15 15 14 14 14 14 14 13 13 11 10 9
34 32 29 29 28 27 27 26 26 25 24 24 24 22 22 22 21 20 20 20 20 19 19 18 18 18 18 17 17 16 16 16 15 15 15 15 14 14 14 14 14 13 13 11 10 9
34 32 29 29 28 27 27 26 25 24 24 24 22 22 22 21 20 20 20 20 19 19 18 18 18 18 17 17 16 16 16 15 15 15 15 15 14 14 14 14 14 13 13 11 11 10 9
34 32 29 28 27 27 26 25 24 24 24 22 22 22 21 20 20 20 20 19 19 18 18 18 18 17 17 16 16 16 16 15 15 15 15 15 14 14 14 14 14 13 13 13 11 11 10 9
34 32 29 27 27 26 25 24 24 24 22 22 22 21 20 20 20 20 19 19 18 18 18 18 17 17 17 16 16 16 16 15 15 15 15 15 14 14 14 14 14 13 13 13 11 11 11 10 9
34 29 27 27 26 25 24 24 24 22 22 22 21 20 20 20 20 19 19 18 18 18 18 18 17 17 17 16 16 16 16 15 15 15 15 15 14 14 14 14 14 14 13 13 13 11 11 11 10 9
34 29 27 27 26 25 24 24 24 22 22 21 20 20 20 20 19 19 18 18 18 18 18 17 17 17 16 16 16 16 15 15 15 15 15 15 14 14 14 14 14 14 13 13 13 11 11 11 10 9 7
34 29 27 27 26 25 24 24 24 22 22 21 20 20 20 19 19 18 18 18 18 18 17 17 17 16 16 16 16 15 15 15 15 15 15 15 14 14 14 14 14 14 13 13 13 11 11 11 10 9 7 5
34 29 27 27 25 24 24 24 22 22 21 20 20 20 19 19 18 18 18 18 18 17 17 17 16 16 16 16 15 15 15 15 15 15 15 14 14 14 14 14 14 13 13 13 13 13 11 11 11 10 9 7 5
34 29 27 25 24 24 24 22 22 21 20 20 20 19 19 18 18 18 18 18 17 17 17 17 16 16 16 16 15 15 15 15 15 15 15 14 14 14 14 14 14 13 13 13 13 13 11 11 11 10 10 9 7 5
34 29 27 25 24 24 22 22 21 20 20 20 19 19 18 18 18 18 18 17 17 17 17 17 16 16 16 16 15 15 15 15 15 15 15 14 14 14 14 14 14 13 13 13 13 13 11 11 11 10 10 9 7 7 5
34 27 25 24 24 22 22 21 20 20 20 19 19 18 18 18 18 18 18 17 17 17 17 17 16 16 16 16 15 15 15 15 15 15 15 14 14 14 14 14 14 13 13 13 13 13 11 11 11 11 10 10 9 7 7 5
27 25 24 24 22 22 21 20 20 20 20 19 19 18 18 18 18 18 18 17 17 17 17 17 16 16 16 16 15 15 15 15 15 15 15 14 14 14 14 14 14 14 13 13 13 13 13 11 11 11 11 10 10 9 7 7 5
27 25 24 24 22 22 21 20 20 20 19 19 18 18 18 18 18 18 17 17 17 17 17 16 16 16 16 15 15 15 15 15 15 15 14 14 14 14 14 14 14 13 13 13 13 13 11 11 11 11 11 10 10 9 9 7 7 5
25 24 24 22 22 21 20 20 20 19 19 18 18 18 18 18 18 17 17 17 17 17 16 16 16 16 16 15 15 15 15 15 15 15 14 14 14 14 14 14 14 13 13 13 13 13 11 11 11 11 11 11 10 10 9 9 7 7 5
25 24 22 22 21 20 20 20 19 19 18 18 18 18 18 18 17 17 17 17 17 16 16 16 16 16 15 15 15 15 15 15 15 14 14 14 14 14 14 14 13 13 13 13 13 13 11 11 11 11 11 11 11 10 10 9 9 7 7 5
25 24 22 22 20 20 20 19 19 18 18 18 18 18 18 17 17 17 17 17 16 16 16 16 16 15 15 15 15 15 15 15 14 14 14 14 14 14 14 13 13 13 13 13 13 11 11 11 11 11 11 11 11 10 10 10 9 9 7 7 5
25 24 22 20 20 20 19 19 18 18 18 18 18 18 17 17 17 17 17 16 16 16 16 16 15 15 15 15 15 15 15 14 14 14 14 14 14 14 13 13 13 13 13 13 12 11 11 11 11 11 11 11 11 10 10 10 10 9 9 7 7 5
25 24 22 20 20 20 19 19 18 18 18 18 18 18 17 17 17 17 16 16 16 16 16 15 15 15 15 15 15 15 14 14 14 14 14 14 14 13 13 13 13 13 13 12 11 11 11 11 11 11 11 11 10 10 10 10 10 9 9 7 7 7 5
25 24 22 20 20 19 19 18 18 18 18 18 18 17 17 17 17 16 16 16 16 16 15 15 15 15 15 15 15 14 14 14 14 14 14 14 13 13 13 13 13 13 12 11 11 11 11 11 11 11 11 10 10 10 10 10 10 10 9 9 7 7 7 5
24 22 20 20 19 19 18 18 18 18 18 18 17 17 17 17 16 16 16 16 16 15 15 15 15 15 15 15 15 14 14 14 14 14 14 14 13 13 13 13 13 13 12 11 11 11 11 11 11 11 11 10 10 10 10 10 10 10 10 9 9 7 7 7 5
24 22 20 19 19 18 18 18 18 18 18 17 17 17 17 16 16 16 16 16 15 15 15 15 15 15 15 15 14 14 14 14 14 14 14 13 13 13 13 13 13 13 12 11 11 11 11 11 11 11 11 10 10 10 10 10 10 10 10 9 9 7 7 7 7 5
24 22 19 19 18 18 18 18 18 18 17 17 17 17 16 16 16 16 16 15 15 15 15 15 15 15 15 14 14 14 14 14 14 14 13 13 13 13 13 13 13 12 11 11 11 11 11 11 11 11 11 10 10 10 10 10 10 10 10 9 9 9 7 7 7 7 5
24 22 19 19 18 18 18 18 18 18 17 17 17 17 16 16 16 16 16 15 15 15 15 15 15 15 15 14 14 14 14 14 14 13 13 13 13 13 13 13 12 11 11 11 11 11 11 11 11 11 10 10 10 10 10 10 10 10 9 9 9 7 7 7 7 7 7 5
24 22 19 19 18 18 18 18 18 17 17 17 17 16 16 16 16 16 15 15 15 15 15 15 15 15 14 14 14 14 14 14 13 13 13 13 13 13 13 12 11 11 11 11 11 11 11 11 11 10 10 10 10 10 10 10 10 9 9 9 9 9 7 7 7 7 7 7 5
24 22 19 18 18 18 18 18 17 17 17 17 16 16 16 16 16 15 15 15 15 15 15 15 15 14 14 14 14 14 14 13 13 13 13 13 13 13 12 11 11 11 11 11 11 11 11 11 10 10 10 10 10 10 10 10 10 9 9 9 9 9 9 7 7 7 7 7 7 5
22 19 18 18 18 18 18 17 17 17 17 16 16 16 16 16 15 15 15 15 15 15 15 15 14 14 14 14 14 14 14 13 13 13 13 13 13 13 12 11 11 11 11 11 11 11 11 11 10 10 10 10 10 10 10 10 10 10 9 9 9 9 9 9 7 7 7 7 7 7 5
22 19 18 18 18 18 18 17 17 17 17 16 16 16 16 16 15 15 15 15 15 15 15 15 14 14 14 14 14 14 13 13 13 13 13 13 13 12 11 11 11 11 11 11 11 11 11 10 10 10 10 10 10 10 10 10 10 9 9 9 9 9 9 9 7 7 7 7 7 7 5 5
22 19 18 18 18 18 18 17 17 17 16 16 16 16 16 15 15 15 15 15 15 15 15 14 14 14 14 14 14 13 13 13 13 13 13 13 12 11 11 11 11 11 11 11 11 11 10 10 10 10 10 10 10 10 10 10 9 9 9 9 9 9 9 9 8 7 7 7 7 7 7 5 5
22 19 18 18 18 18 17 17 17 16 16 16 16 16 15 15 15 15 15 15 15 15 14 14 14 14 14 14 13 13 13 13 13 13 13 12 11 11 11 11 11 11 11 11 11 10 10 10 10 10 10 10 10 10 10 10 9 9 9 9 9 9 9 9 8 8 7 7 7 7 7 7 5 5
19 18 18 18 18 17 17 17 16 16 16 16 16 15 15 15 15 15 15 15 15 14 14 14 14 14 14 14 13 13 13 13 13 13 13 12 11 11 11 11 11 11 11 11 11 10 10 10 10 10 10 10 10 10 10 10 9 9 9 9 9 9 9 9 8 8 8 7 7 7 7 7 7 5 5
19 18 18 18 18 17 17 17 16 16 16 16 16 15 15 15 15 15 15 15 14 14 14 14 14 14 14 13 13 13 13 13 13 13 12 11 11 11 11 11 11 11 11 11 10 10 10 10 10 10 10 10 10 10 10 9 9 9 9 9 9 9 9 8 8 8 8 7 7 7 7 7 7 7 5 5
19 18 18 18 18 17 17 17 16 16 16 16 16 15 15 15 15 15 15 14 14 14 14 14 14 14 13 13 13 13 13 13 13 12 11 11 11 11 11 11 11 11 11 10 10 10 10 10 10 10 10 10 10 10 9 9 9 9 9 9 9 9 9 8 8 8 8 7 7 7 7 7 7 7 6 5 5
19 18 18 18 17 17 17 16 16 16 16 16 15 15 15 15 15 15 14 14 14 14 14 14 14 13 13 13 13 13 13 13 12 11 11 11 11 11 11 11 11 11 10 10 10 10 10 10 10 10 10 10 10 10 9 9 9 9 9 9 9 9 9 8 8 8 8 8 7 7 7 7 7 7 7 6 5 5
19 18 18 18 17 17 17 16 16 16 16 16 15 15 15 15 15 15 14 14 14 14 14 14 13 13 13 13 13 13 13 12 11 11 11 11 11 11 11 11 11 10 10 10 10 10 10 10 10 10 10 10 10 9 9 9 9 9 9 9 9 9 9 8 8 8 8 8 7 7 7 7 7 7 7 6 5 5 5
19 18 18 18 17 17 17 16 16 16 16 16 15 15 15 15 15 15 14 14 14 14 14 14 13 13 13 13 13 13 12 11 11 11 11 11 11 11 11 11 10 10 10 10 10 10 10 10 10 10 10 10 9 9 9 9 9 9 9 9 9 9 8 8 8 8 8 7 7 7 7 7 7 7 7 6 6 5 5 5
