000000000000000000000000000000000000000000000000000000
00000000000000000000000000
0000000000
62372675D1075CDEE56B7563120000000000000000000000000000000000000000000000000000
000000000000000000000000
00000000000000000000000000000000000000000000000000000000000000000000000000
0000000000000000000000000000000000000000000000000000000000000000000000000000
0000000000000000000000000000000000000000000000000000
0000000000000000000000000000000000000000000000
00000000000000000000000000000000000000
00000000000000000000000000000000000000000000000000000000000000000000
000000000000000000000000000000000000000000000000000000D538E4D7648F76D63B11
000000000000
00000000000000000000000000000000000000000000000000000000000000000000
0000000000000000000000000000000000000000000000000000000000000000
00000000000000
0000CDB3307F6F
1AF8444025CED8E81DB40A5C986FE08D0DC8088B5F239B4B
1AF8
BC9C808E56380000000000000000000000000000000000
00000000000000000000000000000000000000000000000000000000000000
00000000000000000000000000000000000000000000
000000000000000000000000000000000000000000000000000000000000000000000000000000
000000000000000000
0000000000000000000000000000000000000000000000000000000000000000
000000000000000000000000000000000000000000000000000000
