2016 58238 -9907 734
3592 57743 -9349 1175
2956 58546 -15335 5854
345 53758 -8627 5882
2177 62765 -7648 6052
1529 55454 -13686 7297
2021 64422 -11425 7580
3057 65526 -8851 7610
3024 60697 -3729 7903
3671 51460 -10748 8353
1357 51461 -10811 8415
2331 58092 -1651 8524
1261 57485 -1885 8897
2282 67386 -9144 9177
1067 60274 -1583 9626
3211 65000 -6111 9824
2758 59891 -18404 10028
545 50562 -11920 10423
3487 67289 -7501 10723
2175 48366 -10366 11065
943 60478 44 11457
1937 49523 -6759 11985
3596 54116 -1821 12330
421 61429 90 12454
554 61813 -82 12666
3257 46012 -9660 12713
1383 68357 -6546 12746
1934 46572 -10321 12814
914 64346 -17048 13127
674 69519 -6844 13610
1195 68369 -5472 13832
2775 56123 1727 13871
2034 64922 -17235 13890
3216 63595 -598 13932
81 50611 -3512 14144
3368 65571 -16957 14261
3090 56346 2511 14432
1474 62958 -19834 14525
13 47740 -13490 14815
2376 56503 4252 16016
167 49447 -2767 16053
1034 61606 -22725 16064
2849 47740 -15048 16373
1137 73095 -11642 16470
1056 46955 -4794 16518
666 55705 -23168 16528
900 47001 -14576 16640
2988 47932 -15657 16790
319 57382 -25129 16812
1220 48191 -2735 17341
2320 62749 -22868 17350
2684 65195 1513 17643
2037 45022 -5338 17907
2929 73848 -6871 17912
295 72311 -5023 18223
1485 44330 -14056 18791
2390 55331 -25134 18868
2161 55285 -25269 19049
2443 56612 -26666 19119
2015 76359 -8069 19225
1369 67645 -20131 19509
3329 75488 -6501 19922
820 56304 7973 19936
3125 46489 -1777 20001
2677 47304 -547 20416
3568 45783 -1927 20557
663 50917 -22411 20559
2822 52734 -24395 20726
2365 55020 7588 20835
3396 44327 -3083 20857
789 61956 -27312 21001
644 44851 -16869 21083
1797 76110 -13260 21103
784 48035 -20083 21113
1614 53758 6634 21143
2706 47623 -20176 21618
16 38855 -11677 21887
826 58094 -30960 21931
1303 58584 -31792 22273
1505 58982 -31628 22343
2807 66827 -23918 22478
1924 76889 -5291 22533
1782 78640 -6953 22622
2283 62652 -28242 22627
3080 38169 -7311 22787
3200 55031 9662 22898
1226 52752 7411 22926
1387 53954 8729 23042
3485 72089 -19434 23256
394 69677 2714 23326
368 63814 8588 23337
3045 75666 -16059 23458
49 67277 5464 23676
708 80168 -7418 23685
677 39045 -5303 23919
369 73418 -231 24122
1030 63494 -28955 24182
3394 56220 -31484 24329
2857 37902 -13572 24735
467 48745 5457 24979
968 67064 7013 25012
2285 44489 1270 25048
3497 55621 -31810 25254
2621 77815 -15773 25321
3468 40531 -2209 25527
739 46122 -22619 25562
3557 73615 1016 25566
354 39344 -3183 25740
1629 50309 -27012 25768
306 64142 10735 25812
1392 48461 -25231 25835
2452 83764 -8796 25903
767 60939 14130 26004
11 61389 -32942 26064
1388 76966 -17471 26170
1146 33056 -10205 26214
827 78109 -16438 26280
2897 35131 -6749 26387
2329 73567 -21206 26506
3209 45427 3671 26511
2795 71370 -23457 26560
862 64672 10991 26598
3290 81318 -13912 26963
1376 78167 -17167 27067
2736 75631 1072 27638
1302 32653 -11246 27658
3131 48957 8393 27703
3299 38295 -16977 27747
1554 34004 -12691 27752
2887 33384 -7095 27788
2078 85387 -10695 27815
1866 86171 -9243 27863
654 76515 -19627 27875
528 85680 -8687 27928
920 70355 -25890 27978
3398 76973 101 28009
224 58605 18631 28293
525 52221 -31462 28306
2599 72127 5346 28408
2512 30181 -9564 28522
1657 75907 1731 28573
1517 43283 3610 28594
2640 83077 -5297 28715
3660 82794 -14242 28769
2066 58098 -37875 28842
816 55414 16183 29036
1048 59091 19045 29071
978 83278 -5124 29089
128 86588 -8349 29174
2094 51009 -31326 29382
489 38770 -108 29389
1914 31690 -12105 29480
1141 60728 18053 29716
557 62012 16932 29879
1259 58278 20008 29997
3634 44604 -25542 30003
1458 85228 -13087 30048
416 68833 10324 30092
27 87673 -10707 30113
1058 75398 3790 30123
3461 69841 -28614 30188
3144 81822 -2223 30534
1776 72367 7279 30581
389 68922 -29958 30613
2541 65155 14573 30663
140 65338 14407 30680
2974 31146 -12865 30784
3391 82730 -2873 30792
146 38964 -20907 31008
1669 48493 -30483 31055
2718 69247 -30095 31075
2734 48903 -30984 31146
1351 56832 19891 31326
1531 65024 -34645 31402
3151 68332 -31433 31498
1580 41173 -23792 31684
3355 46484 -29151 31732
272 55394 18868 31741
1864 47531 -30269 31803
2189 69489 -30627 31849
1488 69967 -30366 32066
2845 86462 -13947 32142
2682 74949 -25510 32192
2533 46409 10464 32322
1163 70676 10741 32352
1352 60638 20841 32414
2392 81433 190 32558
1808 74268 7432 32635
2166 74990 6711 32636
1194 88055 -6331 32659
2162 56466 20878 32679
1273 41416 -25064 32713
1040 53101 17565 32731
436 86455 -4629 32761
3373 85883 -3992 32826
3408 46389 -30170 32846
1398 53379 17965 32853
2238 30759 -4598 32910
2446 82195 -19075 33003
1105 50802 15731 33196
2909 86786 -14913 33432
780 43071 -27514 33508
1684 71797 10831 33563
3002 61099 -40743 33575
1793 53189 18734 33812
3042 78707 -23543 33983
1341 38222 4022 34067
2901 36044 1943 34166
3365 62553 -39991 34277
2496 65944 -36617 34294
3073 41460 -26707 34312
908 36160 2289 34396
1535 56644 23104 34727
1495 27406 -13127 34786
2010 59656 24242 34833
1491 61391 -41750 34874
211 60048 -43139 34920
429 46131 -32018 34952
512 61442 -41783 34958
297 49825 16526 34968
904 66346 -36947 35026
3400 76365 -26978 35076
1953 71503 -31900 35136
3687 47407 14286 35146
2003 65499 -38067 35299
2884 68326 -35292 35351
2651 68253 16324 35512
1990 89732 -5118 35549
2202 69768 14859 35562
292 67124 17510 35569
262 79038 -24876 35647
2534 83198 1547 35680
2778 55494 22940 35713
1095 35702 3181 35746
2460 81544 -22471 35748
1870 57383 24897 35781
1873 69892 -34191 35816
1145 61068 -43148 35949
834 88853 -15416 36002
2879 66402 18666 36003
1269 35720 3574 36121
805 82947 -21461 36141
3404 51258 19179 36188
2838 94598 -9284 36249
734 42939 -30143 36269
149 93642 -8307 36270
3523 25018 -6949 36300
2358 32049 100 36318
2345 89373 -3989 36319
1363 66291 19099 36325
366 25278 -6613 36376
1821 35210 -22660 36515
609 33580 -21122 36607
2936 38736 7093 36624
3224 91143 -13749 36625
985 85740 -42 36633
794 93260 -11787 36780
2761 48408 -36162 36819
3307 31665 265 36867
2211 64561 -40628 36922
2033 46818 15501 36950
1921 34056 -22008 37017
35 45406 14205 37066
3043 65060 -40311 37104
2120 82037 4208 37180
2381 54155 23116 37228
3051 73676 -31896 37305
448 34306 3495 37456
439 87683 -18106 37522
32 90119 -15743 37595
3195 71536 15131 37602
3120 55001 24489 37755
1595 70658 -35377 37768
717 88722 -1780 37877
2408 94786 -7830 37891
3204 70642 -35630 38005
1612 61710 25394 38039
298 30251 84 38100
1395 22441 -7723 38103
3214 30272 -19315 38108
761 53126 23208 38349
1001 85894 -20724 38351
1348 93268 -5790 38413
2739 89051 -1530 38456
3189 56944 -46411 38532
1982 95383 -7778 38540
2002 93344 -5614 38665
1346 24655 -14364 38774
2030 22081 -11881 38865
2744 36885 7580 38962
3225 97874 -9583 39226
44 74199 14178 39312
546 87044 -20736 39513
3160 37922 9186 39531
3574 56242 27570 39595
1551 78394 -29611 39738
3083 35757 -26524 39832
2227 74698 -33443 39874
406 78003 10981 39919
1466 87716 1340 39991
898 61098 -47163 39994
2853 25790 -16782 40057
1728 61875 27303 40113
2004 19917 -8185 40165
3349 33903 5877 40241
3098 61451 -47100 40284
2155 56998 29056 40325
959 89973 -573 40335
1632 75269 14286 40490
1481 19028 -8701 40538
2632 33969 -25516 40612
71 53184 25549 40632
3506 41688 -33320 40697
3050 97595 -7741 40789
2785 48667 -40426 40824
521 50237 -42014 40842
76 83338 -25798 40869
110 87755 2183 40873
1936 87657 2324 40916
3029 38300 11043 41010
726 24015 -3191 41061
3155 90962 -819 41078
2176 60809 -48538 41080
3034 88999 1275 41209
390 49766 -41930 41229
1228 53604 -45868 41329
1660 21093 -5763 41411
3704 33367 6513 41413
169 28764 -21160 41461
3556 26222 -18648 41491
589 79992 10602 41529
905 95915 -13935 41583
575 29462 -22010 41613
2655 56383 29749 41633
2292 49266 -41876 41675
527 43402 -36158 41821
1509 36874 -29677 41868
922 57783 31419 41903
3072 53873 27544 41938
3115 89453 -20847 42033
168 65949 25286 42170
3517 93482 -2095 42322
516 92691 -18045 42469
566 17845 -11250 42470
793 61316 30272 42523
1005 39697 -33170 42538
1011 25501 -226 42540
2185 40869 15165 42563
1879 81867 9802 42604
3316 68279 -42616 42628
3154 43888 -37503 42680
1391 41699 -35323 42689
3606 26556 -20208 42717
758 17570 -11240 42735
3475 60205 31763 42903
2477 33939 -27924 43050
1707 81386 10841 43162
1109 34690 -28994 43369
1634 39037 14152 43382
2968 93155 -664 43426
1831 26957 2192 43502
2095 48455 -42934 43544
2562 82839 9845 43619
1248 72628 -39403 43764
1811 30245 5742 43764
2652 67411 25524 43870
2824 70327 22608 43870
1479 69889 23178 44002
1059 25077 820 44010
2674 70443 -41899 44075
2132 62386 -50009 44128
322 52830 -47894 44129
1185 64225 -48264 44222
329 66972 26442 44349
2324 85522 7936 44393
2679 15519 -8337 44411
1538 84470 -28223 44426
2065 26889 -22284 44460
2414 38618 14812 44461
2938 57621 -53144 44588
3109 95266 -1474 44727
2108 63198 -50019 44950
658 94499 -18744 44976
487 53036 -48950 44979
1725 19948 -16158 45275
1594 37647 -33898 45316
2356 32452 -28717 45330
3075 99299 -14364 45396
2141 14328 -8125 45814
721 29399 -26209 45875
925 64589 -49718 46040
2020 54604 -51665 46126
1007 26317 4207 46157
1858 46351 24342 46258
2743 34046 -31252 46271
3705 63944 -50600 46277
1218 32047 -29402 46420
401 12431 -9870 46504
1674 54321 32764 46710
286 52341 -49989 46713
1717 34490 12941 46718
94 68471 27421 46827
662 82312 13604 46851
2041 37337 -35155 46883
3318 46827 -44655 46893
1592 72910 23057 46902
3585 18573 -2649 47045
1083 60311 -55026 47070
1103 26630 5525 47162
871 51700 -49803 47168
1295 93956 -21509 47198
2191 31331 -29491 47225
157 73681 22699 47315
3520 30750 9815 47332
1761 92337 -23309 47379
3001 84804 11666 47405
38 12546 -8301 47420
2980 86010 -29687 47430
3641 72010 -43706 47449
2748 86779 9872 47586
1217 14086 -12706 47685
2804 57658 37096 47705
2856 53667 -52431 47829
869 99653 -2629 47959
1868 25003 -24039 48101
672 37874 -37028 48219
3390 32743 12695 48219
2293 72813 24555 48303
2098 63010 -53568 48311
1394 21392 -20669 48342
1437 75417 -41193 48343
2011 60152 37259 48346
2796 53271 33366 48362
2398 99906 -16730 48369
684 25138 -24501 48428
3157 33629 -33053 48489
1557 26217 -25693 48541
887 61569 -55308 48610
2357 88420 9405 48760
544 72546 -44555 48834
2298 32157 12779 48889
2502 71746 26265 48946
70 46083 26890 49074
818 19420 342 49189
3406 60664 37608 49207
214 19802 -20000 49263
1899 91727 6641 49303
2606 91005 -26573 49311
3648 50114 -50516 49467
1400 60200 -57539 49472
1169 30570 -31005 49500
3336 48212 -48756 49609
3186 64610 -53292 49635
1360 96941 1790 49666
3554 61571 37320 49826
2967 75350 -42798 49881
1278 14984 -3359 49924
2289 41450 23127 49944
3227 55825 -56748 49988
245 85683 13627 50245
2257 51855 33855 50267
3402 14392 -15614 50287
2109 66426 -52157 50316
3280 50243 -51523 50345
3619 20849 -22185 50401
3588 33231 -34581 50415
906 28924 -30287 50428
3477 54341 36550 50476
1197 74922 -43829 50484
1875 51986 -53411 50490
2959 50597 32857 50527
660 47800 30095 50562
618 43844 -45343 50564
1020 75834 23851 50620
2422 72399 27415 50749
1050 76984 22897 50816
2261 64517 -54599 50849
2112 77416 -41733 50882
3340 39168 -40993 50890
1709 79029 20965 50929
2440 30495 -32376 50946
3644 24499 7250 51018
3040 9343 -7870 51054
1786 39013 21878 51132
2174 49864 32777 51180
710 39506 22508 51269
2272 8731 -8266 51270
1662 89503 -30139 51375
48 86439 14008 51382
259 22718 -25085 51432
1287 16502 -18945 51508
3524 46290 29551 51528
1443 21571 4838 51534
3346 49968 33293 51592
950 13828 -16376 51613
1036 57541 -60130 51654
3526 20223 3662 51706
3387 84601 16204 51740
1426 56200 -58910 51775
3326 75909 -44174 51816
3502 56406 -59240 51899
3445 69045 -51166 51944
870 8158 -8159 51950
1828 86573 14571 52079
3469 27282 -30331 52114
397 62980 -57442 52155
472 94815 -25647 52195
846 89962 -30585 52280
1874 46472 30526 52321
1004 48207 -51574 52432
2122 51726 35951 52492
2087 29642 13985 52610
3419 48752 33099 52614
2343 66016 35790 52741
841 92953 -28182 52868
2791 44105 -47980 52940
2349 22728 -26678 53015
3012 49323 -53387 53129
3198 78034 -43526 53293
3688 29602 14681 53346
2989 64393 -57262 53388
2560 6058 -10523 53530
2043 65015 37592 53542
1407 98451 4198 53584
3238 35506 -40061 53620
1182 37173 -41752 53644
2709 19498 4877 53646
1916 78636 24117 53688
1045 66890 35879 53704
2696 26912 12406 53761
1065 42644 -47469 53890
3360 22566 8201 53902
3038 32720 -37574 53919
1836 66441 -55786 53960
2920 25469 11191 53989
281 63982 -58340 54055
3621 86944 -35406 54083
2702 61849 -60657 54239
2756 61410 -61310 54453
2708 99348 -23470 54551
3158 67465 -55379 54577
916 9619 -4016 54632
3094 13922 -19622 54765
3659 58296 44800 54771
2970 75550 28340 54825
2644 15516 -21450 54999
3107 62238 41853 55026
3324 38169 24930 55028
2089 6664 -12636 55037
3474 39905 26809 55171
1134 35211 22270 55326
87 16679 -22984 55370
2610 53269 40374 55372
3366 45984 33167 55450
3310 85811 -37966 55510
1002 17912 5199 55554
2439 26333 13682 55616
1108 70000 34774 55709
993 15561 3059 55765
3337 62463 -61618 55814
2964 78077 -46047 55857
1988 92681 12357 55973
1246 31269 -38189 55985
1290 96491 8570 55996
3170 12923 724 56068
2469 22390 10200 56077
523 81322 23834 56091
2802 6581 -13609 56093
1115 94433 -29928 56094
396 85131 -39237 56101
3565 39808 -47031 56288
1013 58940 -65641 56314
2367 20933 8984 56318
2591 25429 -32808 56444
341 97606 -27127 56466
895 59792 -64958 56483
3081 33718 21954 56503
1285 48371 -55837 56531
3128 13658 1967 56576
935 36175 -43691 56581
3447 83921 21864 56720
246 6918 -4570 56779
853 92711 -32473 56917
2121 21204 -29086 56947
1467 73541 -51767 57041
3567 17912 -25891 57044
2801 10446 -18431 57050
1460 24570 -32745 57240
1747 11551 609 57325
3674 45437 -53732 57360
3118 23886 -32255 57434
3314 27938 -36354 57481
3253 87055 -38700 57488
1578 86612 19993 57540
2999 63683 43015 57633
2592 56356 45835 57746
3058 70717 36183 57835
1328 25152 14733 57848
1755 92730 14205 57870
2297 55064 44700 57903
3534 80304 26671 57910
1082 79332 -46855 57920
2623 16844 6511 57934
1008 62995 44032 57962
620 40746 -49702 58021
415 75697 31394 58026
267 97374 -29036 58143
668 34667 24649 58249
647 14898 -24143 58310
380 84609 -42159 58501
334 75800 31789 58524
1064 95422 12177 58534
2291 71324 36294 58553
2092 94913 12865 58713
533 92095 15716 58746
3409 80986 -46049 58768
845 44763 -54521 58823
1910 55519 46216 58964
377 47283 38007 58991
3465 51394 -61333 59004
1024 93032 15045 59012
1250 83000 25115 59050
1940 99243 -28088 59064
2659 54736 45535 59066
1682 66029 42152 59116
3297 13046 -23122 59141
2971 83768 24443 59146
3153 57749 -67846 59162
424 12456 3427 59238
1125 14590 5632 59309
617 77850 -49793 59376
2786 38197 29322 59392
3505 92511 16065 59511
864 61372 -66493 59598
2473 29676 -40262 59651
2981 44026 -54658 59697
3121 42194 33806 59879
188 24504 -35321 59882
471 39433 -50258 59890
2216 1501 -6856 59910
2149 25773 -36743 60035
371 87402 21751 60088
7 56443 48296 60120
2965 66512 -61932 60177
2165 36340 28276 60203
1186 79911 -48618 60262
2321 55 -7852 60360
1949 70521 38936 60392
1555 43880 -55292 60477
1449 -1003 -8791 60479
522 16180 8393 60480
1157 66713 -62138 60584
534 -814 -8485 60596
559 61152 -67791 60676
3215 47396 39847 60718
3143 -1263 -10455 60783
2578 58001 50534 60800
2545 65397 44564 60896
89 74859 35225 61019
1374 90578 -38752 61063
1885 11605 4405 61067
633 29225 22028 61070
928 89218 20930 61083
879 37861 30748 61154
2839 97782 -31661 61176
2871 61594 -67933 61260
930 92247 -37324 61304
256 60084 50305 61324
2954 95488 14901 61324
3420 94395 16002 61332
3119 27838 -40393 61620
3265 73358 -56565 61656
1765 40457 -53133 61741
2082 50475 43949 61741
1337 20730 -33424 61759
270 56793 -69568 61840
2561 87278 -42949 61960
859 6733 532 62066
233 10324 4147 62090
1216 -3262 -9775 62102
2732 63505 -66887 62125
584 33338 27240 62169
942 -2559 -10547 62171
1639 62290 -68184 62207
360 69275 -61288 62296
3267 79642 -50942 62317
2727 51798 -65069 62336
3656 80306 -50306 62345
2723 74534 37072 62541
1623 15904 10275 62638
1238 38410 -52102 62757
2475 82227 29681 62843
3260 41312 35973 62928
3569 87728 -43521 62982
1444 55626 50354 62995
3575 48803 -62797 63059
3163 -2592 -7785 63074
2947 91949 20240 63124
1107 20040 15047 63274
1907 6708 1740 63299
1012 3003 -17344 63406
2448 8311 -22655 63409
1775 94519 -37170 63422
3294 9903 -24309 63471
383 6708 1950 63509
2653 35091 30337 63513
2497 85677 26942 63554
403 63546 49082 63563
1275 91601 -40245 63579
3070 27538 23103 63832
701 97840 15078 63853
2960 77100 -55020 63853
696 57880 -72761 63946
2144 45553 41393 64107
3126 41288 -56339 64116
651 60960 -71524 64217
268 60077 -72447 64257
2374 -206 -4190 64283
18 32985 29045 64327
3677 42336 -57618 64347
279 28078 -43401 64388
2363 28494 -43881 64452
126 39812 36089 64544
2491 94120 -38736 64589
3587 23988 20324 64603
1299 93742 -39153 64628
2792 16807 13323 64783
1378 87388 -45789 64910
1794 27338 24011 64940
3495 47292 43982 64957
1511 26812 23589 65044
1774 48112 44913 65068
657 46615 43426 65078
1947 29387 -45518 65196
1745 21673 18636 65230
2274 57489 54538 65316
1070 74990 39507 65432
705 37342 -53714 65437
961 10078 7251 65440
1233 63001 51507 65443
315 43500 -59892 65457
549 57604 -74007 65468
1818 4004 -20516 65577
2264 50466 47891 65692
115 88785 -45253 65771
1101 24215 -40936 65786
1778 57299 -74063 65829
1345 94177 20750 65862
1247 80640 34289 65864
2051 12170 9859 65956
2300 20302 -37201 65964
2133 77997 -56318 66048
894 35843 -52884 66106
1459 73342 -61046 66121
1152 2654 520 66133
474 9440 7339 66166
2220 65208 50079 66222
1733 63504 -71036 66273
1342 70855 -63710 66298
1438 50302 -67577 66340
1434 35252 33426 66441
2115 78258 37287 66480
610 87673 -47099 66505
1149 99296 16277 66508
989 3308 1558 66517
2310 18314 16601 66554
2925 -6717 -8423 66561
2928 45071 43401 66597
2635 84374 31289 66598
1069 13360 11770 66677
2396 -2945 -14737 66747
712 38939 37488 66816
2630 20534 -38361 66892
2064 75023 41001 66959
2305 70526 -64716 66975
3591 -7 -17994 67066
1074 22763 21603 67107
2184 907 -248 67112
2394 38584 37511 67194
3629 89691 26598 67224
3112 24484 23457 67240
447 42001 41068 67334
1779 84690 31718 67343
2949 -1202 -2102 67367
227 -8573 -9749 67387
1478 69094 47401 67430
3604 80876 35703 67514
3681 24833 24167 67601
88 3114 -21653 67604
628 91256 25457 67648
254 93785 22957 67677
498 75759 -60223 67715
699 71484 45325 67744
1583 35994 -54682 67753
1697 10908 -29623 67780
790 28919 -47697 67843
3566 23319 -42112 67858
241 28923 -47780 67922
120 25805 25461 67923
3243 -6942 -11941 67948
2060 65529 -70765 68027
2861 11706 -30722 68081
1986 49920 49789 68136
3172 -8236 -8360 68143
2049 36645 36721 68343
1581 9517 -28812 68360
531 74561 -62241 68535
3141 17443 -36920 68542
1336 4105 4386 68548
2888 96192 21434 68561
982 86758 30910 68603
320 69522 -67352 68607
266 30843 -50424 68646
3605 82495 -54423 68651
3236 73863 -63072 68668
2417 34478 35060 68849
25 45892 -65690 68863
941 1073 1686 68880
2445 6276 6931 68922
1721 87725 30282 68942
2577 40876 41564 68955
907 15040 -34942 68967
348 48304 -68210 68971
3159 22497 -42457 69025
265 71059 -66242 69034
1848 48754 49525 69038
2654 -1490 -716 69041
208 17387 18259 69139
2558 77346 40914 69195
136 -3563 -2491 69339
536 -9531 -10796 69392
1559 48635 -68968 69398
2688 -3396 -17000 69461
1282 53133 -73583 69515
2167 63387 55193 69515
2197 27051 -47556 69570
1326 67128 -70749 69610
3547 -245 -20310 69620
2009 55524 -76086 69627
182 96011 22730 69676
340 6865 -27480 69680
2426 82827 -55163 69723
3552 24229 25702 69740
1563 57446 -78136 69755
1771 45072 46604 69799
1210 -4539 -3000 69806
3357 40733 -61600 69932
3429 -1789 -19104 69958
141 75995 -62342 70070
1865 51638 53532 70161
3494 31852 33944 70359
1677 47434 -68763 70394
2701 15198 -36564 70431
3343 -2291 -19119 70475
750 63757 -74996 70486
1131 84859 34721 70515
1267 67536 -71268 70537
3694 19523 -41004 70546
573 98880 20842 70657
2081 23676 26090 70681
1124 13496 15998 70769
2207 96107 23807 70849
2697 44725 -66514 70854
800 -1506 1159 70932
300 75375 44641 70951
2421 75052 45031 71018
3542 28156 -50124 71033
1540 30402 -52375 71038
643 74248 45915 71098
759 79875 -59517 71125
1297 97087 23178 71200
2546 18343 -40512 71234
2088 99560 20751 71246
3275 -2159 -20027 71251
1891 4496 -26684 71253
3538 21583 24603 71287
1766 -2237 797 71301
911 -9861 -12521 71447
3020 70610 49969 71514
3410 88252 -51547 71532
463 2517 -25005 71553
2237 9195 12509 71581
2519 45991 49325 71601
3636 16205 19569 71631
430 98642 -41359 71734
3403 85932 35009 71876
586 12016 15719 71970
1311 25606 -48639 72098
885 94331 -46051 72115
578 58535 -81601 72131
2432 45182 -68253 72136
454 71542 49688 72165
1061 82048 -58410 72191
3185 69508 -70992 72233
2204 -12578 -8608 72237
1887 53388 57362 72241
3459 96602 -43979 72314
219 -11423 -11877 72365
3063 -11633 -11676 72374
3178 72323 -68431 72487
3114 6719 -30143 72489
2780 55368 -78854 72551
411 57182 -80887 72770
1318 7694 -31470 72841
1801 99523 -41631 72887
1432 81348 40675 72958
1652 47434 -71346 72977
482 57882 -81864 73047
1380 55693 -79746 73118
1738 96843 -44542 73118
3670 -14029 -10056 73150
720 97420 24803 73158
2922 24661 -48756 73160
1770 91256 30984 73175
1230 44562 49516 73221
130 -991 4046 73304
3016 48436 -72843 73472
479 11352 16630 73545
769 9864 -34409 73610
2526 27438 -52045 73672
428 -10612 -14050 73727
1486 94261 -47836 73830
2233 16142 -40909 73832
1242 13185 -37990 73870
24 89777 33198 73910
1158 18038 -42890 73917
1867 20235 25956 73988
59 -6171 -356 74082
770 99675 -42690 74098
2568 9834 -34902 74133
3041 5969 11918 74216
1991 47886 53872 74253
877 44918 -70165 74312
358 96063 -46563 74359
426 78844 -63850 74427
1917 98904 24657 74496
1397 13178 19485 74574
2074 3581 9894 74580
593 -6859 -479 74647
888 97796 25925 74656
1330 28691 -54347 74721
1324 70086 -72910 74729
135 11271 -36936 74730
1257 -7485 -18453 75003
1600 4640 -30626 75051
3662 86553 37633 75121
379 68086 56221 75242
2977 -11016 -15210 75291
3168 65688 58676 75299
1736 97748 -45824 75305
1904 16453 23510 75324
1503 71030 53398 75363
3370 29579 36688 75376
1919 63371 -80276 75380
2393 -5036 2079 75382
1032 71597 52924 75456
842 21047 28263 75483
2364 16716 -43238 75587
2711 99245 25445 75625
857 -3891 3472 75630
798 71193 53540 75668
3035 84246 40516 75697
2657 36669 44144 75742
2192 18458 -45163 75770
2833 38530 46041 75778
576 33126 -59856 75795
103 45815 -72621 75871
1931 16430 -43259 75894
433 94517 -49648 75898
1379 88693 36388 76016
477 60344 64761 76040
1748 -1595 6246 76108
2569 38535 -65745 76275
3129 61962 -82592 76287
1435 34208 -61437 76294
1114 3362 -30629 76332
2267 79755 45728 76418
250 80521 45012 76468
2277 97063 28477 76475
938 77767 47794 76496
66 66848 58740 76523
239 28811 37068 76524
3165 15513 -43006 76558
2878 52919 -80475 76621
2976 53405 -80977 76637
1009 24411 -52055 76709
497 -15513 -12135 76713
2692 95311 30520 76766
2279 4801 -32505 76769
2420 56779 -84513 76799
226 50532 -78277 76810
2068 10078 18678 76867
3608 64156 61838 76929
3682 66260 -79012 77005
1611 80867 -64412 77012
2229 53137 -81132 77060
1730 48402 57214 77079
1041 -14408 -13609 77082
1470 22510 31421 77178
1532 96476 29779 77190
934 -16145 -12069 77279
1472 37976 -66198 77287
3363 -16772 -7737 77302
1092 14499 -42840 77406
342 35552 -63917 77430
2787 15781 -44190 77474
1184 18184 27426 77509
951 -16357 -7088 77536
2188 77082 49548 77565
165 67632 59027 77594
121 36045 45404 77626
2553 42856 -71489 77698
821 27694 -56347 77718
3669 71071 -74970 77774
3246 90144 36720 77799
1681 58202 -86973 77836
507 57358 66977 77886
2504 9676 19530 78121
1456 65613 -80779 78125
2139 27449 -56536 78152
2759 -7032 2860 78159
312 89565 -56864 78162
729 -8495 1402 78164
506 65271 -81257 78261
1136 52873 62877 78271
1418 53588 63593 78272
2514 54497 64550 78320
2789 -9059 1284 78610
3059 85037 -61913 78683
3529 15730 -45474 78809
2258 -2523 -27232 78820
700 15225 -45084 78924
3311 23293 34024 78998
1204 34079 -64144 79130
2934 22888 -53009 79186
3091 8129 -38264 79200
1344 19180 -49330 79215
2724 65237 63107 79279
57 69363 -78198 79294
2346 88051 40341 79327
3061 70288 58167 79390
452 28528 39662 79401
1305 -13582 -2439 79410
2410 67323 61211 79469
2812 76318 52271 79524
1546 53044 64326 79549
1191 4251 -34863 79677
2678 64151 64630 79716
2341 71910 -76096 79739
1203 33613 -64305 79757
1543 11662 -42402 79805
2413 45769 -76600 79896
3064 28241 -59089 79913
3504 -17555 -5764 80058
305 29016 40808 80059
3074 65967 -82421 80121
481 70247 58950 80132
4 -18790 -6915 80142
402 85006 -63464 80203
1642 82283 -66206 80222
2 -12621 -18597 80283
1451 -20320 -8302 80285
518 53009 -84268 80324
318 88983 40426 80344
1894 8600 20702 80369
2764 9595 21705 80377
488 59884 -88770 80387
661 -1641 -29719 80425
2478 -18788 -12650 80503
3358 -6682 -24776 80523
519 -13128 -809 80586
2827 51210 63565 80622
1927 84951 -63988 80672
606 -20573 -11044 80682
1098 27149 39598 80716
577 76503 53279 80717
2865 66623 63168 80726
2836 869 13330 80728
1791 50466 -82152 80751
2556 75404 -73765 80902
2946 -1650 -30228 80943
2436 -18135 -13881 81081
2826 61340 -88020 81093
3603 1273 14144 81138
1987 35821 48695 81141
1970 -1766 -30391 81222
2754 82131 -67367 81231
1289 53156 -85338 81247
2506 32795 45812 81284
2481 86927 43430 81292
111 59719 70670 81324
1723 86255 44171 81361
3643 91175 39255 81365
464 11801 24906 81372
3654 61321 -88348 81402
2123 31398 44554 81423
2248 -19023 -5788 81502
605 36610 49992 81649
1142 -4103 -28488 81656
1176 36200 49608 81675
2171 92551 -57412 81696
1908 89152 -60814 81699
150 93092 -56875 81700
3268 61581 -88386 81700
1512 69911 61038 81884
3039 74730 -75477 81940
807 -21148 -7424 81991
3103 95426 -54849 82008
1168 -12099 1718 82084
741 30705 -63790 82150
2525 63226 -87202 82161
1964 -3112 -30011 82188
2549 69761 -80700 82194
1097 -3109 -30021 82195
3137 61360 -89196 82289
1915 42656 56743 82354
1809 69583 61941 82459
882 87297 44268 82500
2944 63732 -87035 82500
1307 9346 23714 82635
162 -15503 -1111 82659
3513 14432 -48090 82723
1602 54027 -87695 82733
972 23950 -57640 82755
1183 8023 22520 82764
2919 7700 -41477 82842
1221 3002 17580 82845
2933 -5508 -28303 82876
2048 36008 -69836 82893
230 62487 69472 82894
3434 83519 48445 82899
1264 -11779 -22172 83016
1019 -14543 263 83073
238 30651 45459 83075
3521 -20161 -13855 83081
2908 24540 39397 83124
2747 25199 40117 83185
2620 42582 -76725 83208
234 20213 -54382 83234
3640 42868 57877 83276
46 69165 -82440 83338
3208 80855 51605 83395
376 2060 -36409 83414
629 94023 38471 83429
3633 -21202 -5970 83499
1205 -9389 5859 83515
124 -15757 -18708 83530
2509 51373 66645 83539
2102 95145 37464 83544
2806 -506 14789 83562
2240 -14204 1104 83575
1646 47669 -82206 83602
2399 -12425 -22130 83620
1772 -5738 9628 83633
1501 99720 -52310 83763
400 71461 61532 83928
2864 38566 54275 83976
2278 97112 35930 83977
1172 71430 -80836 83999
1876 4090 -39031 84006
1541 35359 -70395 84101
1838 77301 -75225 84259
3022 -5332 10717 84316
966 63127 70330 84392
3533 34413 50542 84396
3085 26111 -61553 84507
2007 -22500 -13026 84591
2987 95783 -57338 84854
2597 -13733 2862 84862
2660 57078 -92887 84874
1508 -19630 -3011 84886
1340 4637 -40514 84942
2899 3845 -39731 84951
1148 16335 -52229 84959
2360 10878 -46804 84991
2353 35735 52502 85034
2814 17596 -53604 85073
1980 7650 -43828 85243
3452 84041 -69471 85245
848 -25470 -8430 85307
3378 72042 62402 85379
2104 70029 -83673 85435
3657 -25009 -11401 85475
1880 94225 -59546 85504
3680 -22230 -14274 85569
30 -25387 -11127 85579
2456 88242 -65614 85589
2397 1530 18854 85591
1018 44550 -81211 85726
2508 -13053 4439 85759
1423 131 -36837 85771
3483 -14656 -22108 85829
2631 -16044 -20727 85836
2490 60461 74498 85894
1542 -11283 6404 85954
1604 -26939 -9955 85959
3690 37579 55315 86003
517 -2830 14924 86021
3130 12330 30106 86043
2770 62620 72497 86052
2555 82967 52270 86172
3330 68704 66535 86174
2259 -14673 3245 86185
3060 83969 -70656 86358
2873 -26220 -8038 86449
718 -14618 3567 86452
868 29006 -66407 86466
1909 66418 69117 86470
381 50390 68634 86511
1777 23612 41885 86540
3362 71659 63990 86584
532 7962 26303 86608
2719 95598 40077 86610
2821 95317 40379 86631
2194 6327 -43910 86648
2091 39107 -76726 86684
414 62424 -92632 86789
3033 84195 51674 86804
1792 45034 -82907 86938
3395 29166 47869 86970
3453 62108 73947 86990
3685 90331 -64961 87025
2986 50173 -88173 87065
293 96309 -59043 87085
100 -18465 426 87158
1878 -10465 8503 87235
2196 52294 71338 87311
2328 15969 35051 87349
1671 53457 -91822 87430
148 -23721 -4486 87502
275 50350 69632 87549
776 98488 38134 87557
2877 43566 62927 87628
3150 89293 47467 87695
1384 9477 29048 87838
1293 71281 -84826 87840
1339 26048 -64871 87888
1021 -976 -37855 87896
3052 70568 66411 87914
1333 -6353 13297 87917
2937 35623 -74499 87941
2705 67384 -88833 87950
2201 7790 -46772 88047
1534 76963 60165 88063
2538 -21631 -1781 88117
242 10141 30051 88177
2311 -3873 16052 88192
3247 93335 -63180 88248
965 34346 -73548 88267
1334 -3406 16756 88429
2156 88568 48926 88429
2052 94540 -62176 88449
1308 -15576 -23834 88475
3414 71964 -84814 88511
2113 -11872 8442 88581
1975 12315 32728 88680
1167 70134 -86855 88722
285 87471 50334 88740
1524 87766 50087 88788
636 48426 68977 88818
3544 -23549 -2995 88821
8 65607 72325 88867
775 52734 -92558 88889
542 29145 -69051 88971
1256 92715 45335 88985
960 -12463 -27520 89048
1068 82037 -75282 89052
218 -8827 -31177 89069
2143 51337 -91376 89104
3683 28586 -68633 89112
3443 839 -40943 89169
367 -9960 -30204 89229
486 51349 72321 89239
1119 -22914 -1941 89240
2515 63090 -94481 89304
1832 71242 67133 89310
2217 72446 65963 89344
2958 43610 64704 89361
2774 90598 47836 89369
3332 56452 77560 89375
2401 -30237 -10105 89407
602 9423 30585 89429
2027 -17092 -23306 89463
2388 1863 23093 89497
2650 -1781 19520 89568
3692 33897 55208 89578
2450 61197 -96720 89650
1560 -9389 -31218 89672
1746 -30411 -8907 89771
3637 43988 -84723 89800
2918 -27716 -13055 89836
2377 63630 75300 89865
2798 56639 78249 89877
1132 73640 65322 89897
196 52118 -93011 89958
732 66201 72825 89961
419 5641 -46585 90009
438 -12390 -28574 90029
3220 54935 76764 90096
3331 68376 -90065 90174
3286 -26686 -4762 90191
3432 -10886 11061 90214
84 95367 -63117 90217
2457 93513 45772 90220
2867 40705 62736 90298
2872 -29164 -12115 90344
3140 94006 -64617 90356
2067 97123 -61538 90394
3232 66606 -92063 90402
2997 28602 50785 90450
1556 62470 -96266 90469
2368 20335 42555 90487
2805 71512 -87252 90497
3203 84461 -74317 90511
2522 -14365 7894 90526
2713 -27660 -5381 90546
2103 -470 21818 90555
3481 84952 54682 90569
3221 89608 50054 90597
1112 14165 36509 90611
2665 96262 -62626 90621
1713 644 -42228 90649
510 25265 -66867 90667
3668 21402 -63018 90681
3255 4102 -45767 90730
2080 48130 -89849 90784
1676 -11482 -30300 90847
2138 25417 48002 90852
3388 -31474 -10317 90856
1450 64691 -94500 90924
3708 -3410 19293 90970
1010 30849 -72787 91003
3047 63212 -96121 91066
2615 -15676 7306 91249
2269 98064 -61453 91250
223 -24666 -1676 91257
1386 64312 -95235 91280
832 82823 -76736 91292
222 29235 52287 91319
280 49118 -91373 91320
3099 48251 71392 91408
1720 84690 55885 91510
2638 -11161 12105 91533
850 69579 -90290 91602
1249 5454 28859 91672
2006 28990 -71639 91714
3271 -21577 -21125 91767
2404 -1383 -41332 91780
2488 65884 -94177 91794
2148 85760 -74339 91832
1638 -26647 -16148 91860
1429 73880 -86253 91866
191 -27944 -4314 91897
2214 63576 -96598 91907
2137 80255 -79965 91953
1062 -30403 -6699 91971
2330 -1330 22457 92054
3448 38710 62544 92101
2788 25545 49433 92155
599 66797 74494 92226
2779 61639 79707 92281
3684 24663 -67938 92340
3237 -11613 -31682 92360
1306 -31055 -6958 92364
1237 60892 -99793 92418
446 65845 -94867 92445
939 95361 46158 92454
1412 71177 -89624 92534
948 -32701 -8426 92542
724 48324 72601 92544
1179 71124 -89716 92573
2208 10814 35128 92581
2513 95078 -65776 92587
2815 43272 -86878 92671
3645 86732 -74212 92677
562 88135 53647 92717
3473 74505 -86493 92731
2315 26041 50534 92760
1955 30061 -73843 92847
2794 64250 77707 92892
1882 85185 -75978 92896
40 -30220 -5583 92904
626 15888 40580 92959
1354 -25021 -18970 93056
1700 -16812 8037 93116
2554 -22144 -21954 93163
3219 80017 -81452 93202
1111 94310 -67252 93295
108 51814 76884 93337
2126 38264 63339 93342
641 52302 77443 93408
1768 62314 80189 93438
1325 81456 -80253 93442
3304 92221 -69690 93644
1243 6475 31921 93713
795 -13308 12148 93723
355 95662 47129 93726
2737 31661 57230 93836
1659 74079 -88034 93846
2402 31686 -76524 93903
2532 25946 51608 93929
823 85907 57133 93975
3055 26697 -71609 93977
2379 24673 50432 94026
565 96863 -65456 94052
1640 -34357 -8551 94073
65 -21028 4818 94113
3348 -6148 -38944 94157
109 -13176 -31943 94184
2260 34897 60816 94186
2001 82158 -80323 94214
956 54793 80819 94293
2479 18292 44375 94350
1648 72483 -90201 94417
1151 25011 51192 94448
3192 15938 -61359 94486
153 8200 34457 94524
501 73597 70029 94561
2169 9318 35644 94593
493 -27046 -18483 94594
1683 94795 48882 94612
2424 -17650 -27960 94675
142 70991 72763 94689
3407 16748 -62380 94697
1960 57702 84144 94709
2930 84649 -78368 94750
1547 57483 83984 94768
2535 35569 -81302 94798
350 94915 48996 94846
2816 20055 -65880 94890
1781 86054 57922 94911
3614 13653 40301 94915
858 38212 -84138 94991
324 -3729 23054 95050
3433 28067 -74064 95062
296 65183 78945 95063
556 67038 -96311 95082
200 35264 -81315 95116
2993 67892 76305 95132
1442 3757 30739 95249
1857 80372 64019 95326
1850 83303 -80299 95335
427 38293 65367 95341
5 -33345 -6256 95356
1961 5304 -51641 95402
3335 16943 -63332 95454
180 33222 60416 95461
3624 33717 60929 95479
45 26794 -73297 95568
1753 -1438 25868 95573
1255 -28819 -1487 95599
2342 79997 -83869 95599
3415 65734 78931 95600
2462 43307 -89847 95605
3241 -26413 929 95609
123 9830 -56504 95739
2362 75473 69369 95777
375 22180 49723 95810
3124 31769 59335 95833
3054 -29416 -17354 95835
2716 42861 -89647 95851
2924 62412 82584 95931
1764 76300 -87905 95938
1353 92419 -71797 95949
1663 30698 58433 96002
2900 49681 77445 96031
1046 -26336 1468 96071
1567 4222 -51319 96162
2939 -4278 23646 96191
2852 59166 86105 96206
1587 -19594 -27561 96220
1053 -36026 -11166 96257
1258 7872 -55078 96271
665 24293 -71540 96312
2183 31849 60065 96483
3514 -28313 -19135 96513
1499 85322 -79463 96518
1972 96122 49503 96560
2584 24455 -71956 96566
1003 91412 54257 96604
3079 -33976 -5635 96608
3231 -30087 -1717 96637
2725 77804 67923 96662
751 9043 -56767 96789
1102 -8893 19737 96897
1948 96457 49602 96994
203 -16075 12682 97024
3197 -12705 -35277 97047
1300 94459 51676 97070
2495 96625 49525 97085
3518 41934 -89968 97099
1710 54408 83243 97102
1283 -35330 -6490 97107
2375 41832 70676 97111
2347 93907 52271 97113
2927 2636 -50752 97181
101 785 -48922 97202
723 -1999 27028 97294
2700 -37002 -7900 97369
2641 74539 -91159 97431
52 3796 -52179 97448
2695 38539 -86924 97450
1606 -27083 -21348 97496
2096 40484 69783 97566
1430 86454 60210 97599
1701 -5069 -43529 97663
2741 -7115 22311 97693
2485 -22041 7398 97706
624 18479 48020 97808
2762 10769 -59521 97817
3105 10768 40423 97922
664 7061 36750 97956
863 18390 48082 97959
2955 46128 75922 98061
967 68078 -98256 98067
2130 35885 -84922 98102
786 7939 -56984 98110
2294 88211 -78178 98122
1574 97157 -69263 98153
1052 81263 -85199 98195
2626 54569 84540 98238
484 7382 -56567 98250
3044 81446 65879 98260
3068 33723 63753 98297
3678 -9308 -39994 98367
3183 -3468 26663 98398
2455 -36639 -12702 98406
1335 72958 -93725 98416
1759 -3054 27127 98448
3652 79984 -86743 98460
2035 48187 -97589 98467
1577 79134 68408 98477
1968 39854 -89290 98501
418 -21346 -28168 98579
2527 10028 -59557 98594
1805 40919 71283 98631
3622 -35702 -13944 98711
2618 17479 -67128 98714
3266 -32987 -2509 98745
3252 -12259 -37488 98812
2628 15259 -65089 98895
2524 -16424 14261 98952
3228 31932 -81877 99010
2869 32110 62889 99046
804 31671 62486 99082
351 84450 63715 99100
2119 83115 65071 99121
2028 45400 -95463 99128
91 -38945 -7985 99227
2544 28598 59574 99243
1422 94775 -72779 99287
3367 95031 53323 99289
231 33319 -83547 99293
2848 -21538 -28692 99295
1762 98068 50305 99308
1845 -32667 -17583 99315
630 -31902 -821 99348
2738 89704 -78111 99548
1371 50656 81948 99559
3092 79421 -88463 99617
228 1837 33215 99645
3013 30569 -81179 99675
3493 6498 37998 99767
3546 -23715 7843 99825
244 48826 -99658 99897
1408 -9410 -41453 99928
359 3363 35028 99932
613 339 32009 99937
785 34800 66574 100041
1888 6489 38274 100052
1938 98912 -69407 100052
1675 48553 -99546 100058
1122 2889 -54015 100191
3507 98367 50914 100216
1270 39103 71053 100217
1871 81583 67706 100224
1265 -16749 15249 100265
3555 78094 71239 100268
2090 6936 39019 100350
2582 88564 60876 100375
2134 28891 61010 100386
1096 -28635 3492 100394
1814 -29276 -22190 100531
1667 -28489 3807 100563
2581 -14167 18144 100578
3202 -18919 13397 100583
980 74480 -94412 100625
3549 12885 -64458 100638
1739 -2355 -49240 100660
1039 -7645 -43963 100673
2101 22300 54777 100744
619 46341 -98024 100748
187 -38680 -6196 100751
2154 3655 -55368 100778
3539 -9034 23477 100778
3032 -41031 -10720 100816
3145 30621 -82385 100829
571 99778 50124 100837
1842 89528 -79598 100859
861 -35351 -2724 100894
361 89661 -79531 100925
3296 94125 55865 100925
659 21987 -73896 100974
3696 68739 81400 101074
2629 28162 -80179 101082
393 61645 88609 101189
410 -26185 6737 101189
468 -31108 1817 101192
991 -23905 -28317 101287
1518 -33338 -18913 101316
3601 91781 58611 101327
3651 4643 -57013 101435
1613 8916 -61457 101606
42 26045 -78706 101726
333 11049 44511 101729
1079 -25761 -26977 101803
1994 30787 -83536 101814
2566 39328 -92162 101899
1085 31628 -84468 101905
3065 71116 -99121 101970
1211 93824 57276 102035
61 13722 47508 102053
3479 -15405 18416 102088
829 86 -53131 102110
1224 5187 -58253 102131
952 -27818 -25267 102150
1498 -23355 -29792 102212
2529 87244 -83241 102218
3666 84977 66319 102231
2480 -6863 -46584 102512
1884 -5509 -47939 102513
828 87142 64491 102568
1390 445 34757 102579
2072 6695 -60232 102602
844 41878 -95417 102604
2932 -29927 4443 102637
95 93340 58366 102641
2059 27708 62103 102662
1795 16834 -70455 102686
166 -36781 -16857 102703
193 -3858 -49810 102733
1756 395 34909 102781
3412 10529 45051 102789
552 44415 -98177 102827
2316 34809 69430 102888
1724 -9285 25342 102894
363 -19194 15456 102917
1608 80491 71505 102931
409 32528 67289 103028
2241 38720 73532 103079
1656 42005 76941 103203
2458 22911 57899 103255
3586 -43789 -10449 103303
692 12730 -66974 103309
2661 83003 -88574 103310
2854 29749 -84018 103334
594 98588 -73014 103335
2579 65903 86506 103344
1714 -17099 -37190 103354
1553 51492 86583 103358
2886 -41641 -6426 103482
3069 -2013 33222 103502
1928 92275 60300 103510
330 73943 -97887 103563
3000 28989 -83487 103563
2740 -40799 -13721 103585
2295 10629 45970 103608
3679 3074 -57638 103629
3496 55600 90982 103649
3594 58001 93403 103669
147 -13413 -41206 103684
2405 40799 76223 103691
1763 -40798 -13900 103763
2271 -36785 -17916 103766
1898 -1074 34436 103777
809 9317 -64064 103812
2407 -34480 1072 103819
1758 -20757 -34057 103879
3535 18256 -73151 103960
3486 -17658 18085 104010
1000 25536 61283 104014
20 35551 -90516 104030
1284 17206 -72219 104078
3180 -3958 31872 104097
1225 26519 62417 104165
648 -16667 19247 104181
2906 34153 -89328 104240
2596 41947 -97144 104262
2251 -33784 2234 104285
3515 55322 91391 104336
1727 92008 61408 104351
2704 18255 -73571 104381
408 -18237 18001 104505
964 -42862 -12589 104516
1291 42179 78492 104580
762 -18526 17793 104586
581 42996 79409 104680
1222 75046 -97916 104695
3139 -28793 7650 104710
68 9529 -65254 104790
3702 82238 71718 104891
2953 67428 86552 104915
2232 -14104 22599 104970
817 5069 41773 104971
2317 -28961 -26986 105012
541 24876 -80837 105026
3424 -9650 -46329 105044
1822 -8476 28455 105198
1719 61610 92664 105209
3269 77490 76796 105221
2054 -35413 1674 105354
875 51835 88965 105397
548 94624 -79071 105428
1804 75297 -98421 105451
1673 -33974 3265 105506
2543 49621 86864 105510
323 84106 -89766 105605
3701 3688 -60312 105689
835 -29342 8113 105722
1160 23660 -80346 105751
2105 90243 -83789 105765
3046 2363 39955 105859
631 -33742 -23193 106000
2773 -2678 -54310 106053
2982 -15311 -41688 106064
261 -45530 -7727 106070
470 13459 51277 106085
1049 38262 76090 106095
1839 -14160 23688 106115
2984 37068 -94123 106120
683 4996 -62055 106124
56 22283 -79397 106179
2813 47097 85081 106251
1979 30905 68897 106259
1229 -12807 25193 106267
1670 95413 -79306 106452
791 -5315 32873 106455
417 42152 -99637 106550
2093 5949 -63515 106631
2449 87884 67861 106680
3201 -18605 -39095 106765
2551 76956 -98123 106812
3078 -10083 -47705 106853
3258 75413 -99707 106853
1227 86065 -89079 106877
2073 44232 82883 106918
1014 -11780 -46137 106982
2246 -29980 -28000 107045
1622 69928 86199 107062
2313 94542 -80787 107062
118 -38113 -19898 107076
353 6179 -64193 107079
1650 87682 68482 107099
1516 71250 85008 107193
2834 -4368 34616 107251
736 36110 75171 107328
2998 -34128 -24148 107341
3008 -1863 -56443 107371
3611 -47773 -8597 107443
3295 -19401 -39118 107584
697 24114 -82796 107747
1349 2266 41781 107782
3206 -22981 -35750 107796
2268 86641 70224 107800
1666 29981 -88737 107821
1081 58880 98048 107863
37 -31043 8575 107885
502 90576 66383 107894
3233 -45365 -5721 107911
1686 98078 59116 108129
2225 -44679 -14394 108138
3321 12281 52266 108252
2730 -9698 -49563 108326
1153 42173 82268 108362
2714 77491 80092 108518
2256 23253 -82735 108547
1126 -17068 -42441 108574
2694 740 -60256 108581
1314 -48464 -11175 108704
2611 -1871 38593 108731
2221 -23678 16826 108771
3374 -31565 -28194 108824
843 91488 66415 108838
899 83621 74294 108850
1729 33741 -93554 108878
2354 -14967 25688 108922
1702 83942 -93291 108966
3353 11668 -71583 108980
936 34147 74913 109033
2907 14443 55218 109042
2391 21779 62569 109057
98 -38536 -21557 109158
1813 -2686 -57416 109167
2275 -10193 -49932 109190
274 12512 53470 109225
2663 68506 89860 109301
1413 -40660 -19590 109315
3501 -33925 7155 109347
3706 97149 61266 109350
2434 15700 56812 109379
2745 -40606 -19750 109421
3499 83426 75069 109430
611 89539 -88194 109466
316 1408 -61899 109556
2438 88928 -88945 109606
2125 67958 90813 109706
2691 -50525 -9064 109728
1440 50621 92261 109907
1815 99315 59686 109936
1698 -24830 16882 109979
3342 86998 72059 109992
1025 -2661 39076 110004
1055 -10211 -50812 110088
460 -28136 13710 110113
595 -23960 -37099 110124
1951 -41490 439 110196
3167 16260 58194 110201
1954 83533 -94972 110238
742 -24730 17261 110258
1201 -20415 -40822 110302
74 95345 64041 110321
2766 -8482 -52839 110386
3463 -6159 -55355 110579
921 11563 -73091 110593
1118 -1542 -60011 110618
1251 89626 -89328 110687
2427 -28041 14392 110700
1780 14833 57336 110770
405 -41955 567 110789
955 79458 80545 110938
963 52400 95111 110978
1963 79597 -99653 110983
442 11780 -73730 111015
1925 35325 -97329 111069
2890 71449 88705 111089
2712 28628 -90673 111110
154 -6439 -55631 111135
669 -27207 15703 111177
2127 -40502 2485 111254
1644 -27629 15498 111394
3590 2775 -65117 111407
189 31730 -94126 111461
1636 83352 -96392 111477
1830 84733 75859 111527
1787 87087 73515 111537
2019 14565 57874 111576
2482 44231 87548 111584
2336 82663 -97296 111692
1312 47808 91264 111723
1993 27521 70992 111738
2359 92227 -87826 111786
384 94015 -86084 111832
1893 90235 70683 111853
760 -14111 29598 111976
64 78806 82244 111985
1207 81009 80066 112010
2150 -4201 -58826 112092
1939 23518 -86551 112098
1475 62019 99203 112157
3199 90939 -89506 112178
1641 87129 74127 112191
1695 5206 49132 112193
1464 96429 64881 112245
3472 17112 -80309 112262
2270 11488 -74741 112318
2672 35688 79750 112329
973 32883 -96152 112334
976 -20991 23126 112384
2061 -38633 -24793 112491
3176 84868 -95895 112496
1550 92757 -88108 112598
833 799 -64351 112617
623 82238 -98667 112638
137 95492 66249 112676
2917 -35216 9211 112694
3272 -22441 22035 112743
106 14678 -78491 112878
3187 13760 -77595 112900
2107 -39674 4966 112907
810 26294 70989 112962
2586 -41991 2809 113067
931 13332 -77350 113083
99 -25771 19112 113150
808 37308 82216 113175
3423 62520 99722 113177
63 93000 69265 113200
1523 -51725 -12417 113207
2084 -17858 -46312 113235
3525 -14141 -50048 113254
707 88754 -92773 113260
2613 51342 96375 113300
591 -20129 24943 113339
1175 -45934 -838 113363
1117 25071 70202 113398
694 78712 83831 113478
1409 -28118 17347 113732
3411 7165 52781 113883
504 -47093 -17731 113889
1154 13530 59183 113920
1668 45778 91487 113976
855 5603 -70530 113992
19 -1256 -63672 113993
54 30829 76555 113993
2486 79104 84046 114085
2781 17538 -82628 114155
3328 -31022 14870 114159
3428 96570 66711 114216
1647 11443 57461 114285
2994 6154 52192 114305
276 -17568 28613 114448
2603 -34499 11697 114463
634 91529 72121 114585
774 3019 49337 114585
929 77938 85713 114586
752 -37377 8961 114605
1190 -39659 -25935 114659
395 93497 -89436 114666
3259 -4661 41794 114722
3205 47706 94271 114832
1877 67439 96534 114908
2523 36389 83036 114914
592 -53902 -7238 114931
119 -51892 -13984 114941
1482 761 47463 114969
1731 72044 92003 114982
3104 44439 91222 115050
3607 71717 92414 115066
3632 -51299 -4494 115072
291 14289 61105 115083
1296 -22366 24496 115129
2698 -51794 -14274 115133
2385 96366 -87167 115266
1396 91242 -92452 115427
1100 28414 75609 115462
264 -39389 -27137 115591
867 95418 69298 115651
3263 -49870 -16743 115678
1099 93905 70855 115695
2373 26739 -93440 115766
2062 -30430 -36287 115782
347 -22600 -44162 115827
1375 3698 -70497 115864
2247 96564 -87648 115945
3175 18247 65993 116013
151 -23130 -43887 116082
1487 -19913 27916 116096
3653 -17742 -49344 116151
1522 -45031 2938 116236
2797 79899 85554 116388
893 42535 90662 116394
3558 -56982 -8823 116426
2468 83959 81541 116435
1496 28917 -96305 116453
3516 88253 -96492 116478
1231 26898 -94364 116531
1852 14857 -82364 116572
1807 88167 -96731 116631
423 -36549 -31157 116771
3467 -23281 25261 116809
695 -26298 -41514 116877
3686 3193 -71158 117030
3322 16650 65455 117072
2841 1964 50822 117125
263 28441 -96526 117150
3379 -47605 1365 117237
2818 92537 -93002 117272
2304 -55330 -6306 117291
1047 97902 68473 117310
1370 42435 91498 117330
145 -29349 -38919 117333
1223 -12053 37018 117338
1298 89157 -96482 117372
1881 25305 74411 117373
2880 -54603 -13776 117444
2212 15162 -83544 117447
3193 -51808 -2624 117451
2337 21030 -89437 117472
932 20928 -89339 117476
2008 13137 62439 117569
1840 -9922 39427 117616
815 -40193 -28421 117679
1627 69024 97729 117688
2044 -57678 -11056 117799
1615 -19526 -49338 117929
646 75724 91288 117947
640 19099 -88088 118054
1473 39146 88937 118058
3422 -40834 -28180 118079
1358 -5423 44395 118085
2124 -43260 -25795 118120
3700 -21995 -47084 118144
612 141 -69224 118148
3563 29273 79193 118187
1856 40905 90922 118284
2039 -12173 -57146 118384
1236 -16888 33295 118450
655 -29650 20624 118541
3162 23817 -93294 118542
2600 32954 83270 118583
2389 -5033 45407 118707
177 -58819 -8325 118761
1966 28515 -98246 118796
23 24488 -94264 118841
1718 8945 -78782 118902
513 15743 -85623 118945
3152 91444 -95781 118958
476 19174 -89103 118994
682 95200 72960 119095
444 -45929 -24110 119104
1754 -26980 -43089 119134
1106 -16416 34467 119150
2236 20160 -90266 119171
1820 11761 62673 119179
2537 -34402 16694 119363
822 -14717 -55604 119386
2418 11184 -81554 119435
2752 -6730 -63645 119440
1635 35046 86251 119472
1976 97630 -90257 119620
3226 88962 79736 119633
2210 6850 58224 119641
2306 -58341 -12256 119662
2213 6457 -77061 119669
970 94401 -93582 119716
688 -57016 -13694 119775
278 -39448 12066 119781
2419 -41548 -29169 119782
3333 -18001 -52825 119891
313 14666 66296 119897
3612 -58148 -6499 119916
2790 45436 97102 119933
2423 16261 -87167 119971
2361 44559 96304 120012
437 82736 86350 120021
3339 -8863 -62110 120038
1799 -38923 12855 120045
1860 -55365 -15639 120069
3234 -59936 -11358 120359
284 -59423 -7282 120408
3262 -31564 -39810 120439
1743 -53588 -1409 120446
981 -20707 -50725 120497
744 -19979 32298 120544
3531 -30566 -41060 120691
1468 -52623 -178 120712
1373 5807 58274 120734
86 -18230 -53569 120864
3665 -45087 -26763 120915
422 -9807 -62074 120946
443 -27083 -44844 120992
1958 -15621 -56354 121040
910 -36172 -35891 121128
881 21917 -94003 121151
1983 33588 86490 121169
2170 -33312 19591 121170
971 94130 -95333 121196
3444 -13621 39461 121349
283 -3472 -68996 121533
1382 -4900 48444 121611
691 -45217 8144 121628
765 -53089 289 121645
2400 24528 77938 121677
3480 12173 -84794 121686
2252 -7138 -65500 121703
1935 96569 -93476 121778
2915 -20882 32719 121868
2755 -9509 44098 121874
3630 34991 88625 121901
1441 -12348 -60501 121914
3450 -23471 -49569 122105
3649 -167 53671 122105
748 -18988 -54112 122165
1368 -15711 -57410 122186
1691 10828 64777 122216
912 -3274 50742 122283
1027 20585 -93816 122296
173 10844 -84081 122302
3279 17102 71305 122470
1139 -40955 13302 122524
2276 -10967 -62529 122561
2962 76982 94721 122638
2136 -42875 -30747 122687
2128 -45470 -28154 122689
485 2840 -76608 122833
2707 -27693 26925 122885
645 32856 87482 122893
3276 -11893 42768 122928
3650 76421 95579 122935
772 -25792 -48121 122978
2058 -29828 24897 122992
3087 -62814 -8053 123028
3489 -9956 -64067 123088
3134 -1838 -72232 123135
563 -28095 26862 123224
2685 83032 89301 123268
2263 -479 -73743 123287
1322 9622 64681 123326
2489 90842 81685 123462
1365 -19680 35551 123498
3527 30766 86020 123521
901 75023 97570 123528
1812 -61963 -6696 123534
667 -51907 3529 123703
3537 -38159 17295 123721
1711 74819 98033 123787
1886 -44234 -30575 123874
73 -24260 -50694 124019
2286 -23315 32475 124057
1918 -29413 -45604 124082
3248 -60395 -4524 124138
1410 9272 65156 124151
2380 -13410 -61732 124207
156 40872 96889 124284
3703 -52545 -22893 124503
2614 -2631 53693 124591
812 -14825 -60703 124593
2876 40201 96551 124617
2782 2640 58994 124621
3086 6088 -81705 124682
719 -1844 54596 124707
3564 88881 84908 124724
1521 -8118 48348 124733
2769 -19203 37281 124751
2735 95340 -97696 124769
1140 1121 -76844 124788
1810 31816 88352 124803
2307 37200 93762 124829
258 -60943 -14847 124855
67 -23919 32749 124935
1129 -60940 -4241 124966
2894 33944 90690 125013
449 -58694 -1922 125039
3049 -32950 -43193 125208
3598 -51332 5626 125225
2675 16606 -92781 125240
3207 2261 59307 125313
3136 -33042 24007 125316
2244 6531 -82855 125389
1593 37089 94235 125413
3210 6046 -82483 125502
3511 15067 -91513 125511
1519 13932 -90430 125563
2147 -30981 26337 125585
3559 34262 91615 125620
2517 -17885 39605 125757
3560 -39220 -37537 125822
1995 -9661 47919 125847
2382 -36905 20735 125907
2883 -14440 -62513 126018
3004 -18045 -58940 126050
3071 -7871 -69184 126120
1977 6188 64046 126125
3583 15672 73705 126300
3673 7515 -84849 126399
453 -3491 54642 126400
2905 -53367 4846 126480
1890 -61933 -3622 126578
2086 -67416 -10135 126616
1446 14077 72491 126681
50 -41387 17088 126742
673 -59045 -570 126742
1605 -39962 18554 126783
1477 91079 84805 126819
3320 13789 72353 126831
1448 -53985 4652 126904
2693 -59742 -18114 126921
1411 40876 99538 126929
3380 -52734 -25298 127097
1489 -15103 -62939 127107
3194 429 59318 127156
782 -27000 31956 127223
909 -21459 37523 127249
2963 9881 68917 127303
988 -63914 -14373 127352
1539 17162 -95585 127488
2505 -24745 34497 127509
1268 -62179 -2934 127512
1091 -67260 -11262 127587
139 -19755 -58771 127591
2463 14767 74096 127596
2370 -27222 -51310 127597
2893 -49684 -28858 127607
217 -49668 -29038 127771
2415 -49514 -29319 127898
3177 -41029 18611 127907
3446 -10784 -68144 127993
886 -16159 -62816 128040
3264 -11120 48716 128103
2186 -24507 -54646 128218
2314 10264 70219 128222
1528 88629 88710 128274
2215 -48834 -30430 128329
457 -58971 1176 128414
2411 -61408 -1237 128438
997 78581 98952 128468
1569 -27260 33202 128729
2585 32707 93182 128742
2378 -27252 33242 128761
3026 -57377 -22329 128771
2206 -34541 25981 128789
946 99773 78098 128806
1603 -15197 45409 128873
72 18013 78628 128882
2559 30845 91513 128935
727 35709 96397 128955
220 28126 88873 129014
514 -11334 49490 129091
2032 -2073 -77960 129098
2574 -42820 18018 129105
2203 -16685 -63357 129107
1843 5257 -85384 129192
1480 15219 -95397 129243
3382 30702 91698 129263
1892 5759 66760 129268
1926 -51647 -28632 129344
62 -2581 58545 129393
2226 32169 93333 129431
2219 81282 97400 129617
3334 -15129 46232 129628
2472 -24502 -56062 129629
2198 -32334 29107 129708
1445 -26231 35246 129744
83 -45138 16395 129800
462 -22047 39554 129868
210 25172 86776 129871
876 643 62373 129997
1110 -8618 -72332 130015
1712 -50730 -30298 130093
3021 87079 92089 130103
3508 27125 89098 130240
1317 -52922 9109 130298
2831 -12356 49774 130397
2474 -58777 3392 130436
1457 -67558 -13817 130440
1143 -18653 -62771 130489
702 -59232 3035 130534
201 -40666 -40827 130558
957 -4041 -77494 130600
6 17344 -98894 130615
1332 9244 71626 130649
3006 -14298 48128 130693
3500 -6323 56124 130714
1385 8842 -90502 130725
1320 -48374 14115 130756
2129 -48823 -32888 130776
1063 -24688 37849 130804
41 -64700 -17127 130892
994 -18703 -63146 130914
92 -36363 -45570 130998
547 -50509 12226 131002
1084 -7221 -74721 131007
2116 -63970 -18009 131044
445 89403 90826 131164
2690 -53148 -28980 131193
2590 -17320 45663 131250
987 93281 87044 131260
163 16063 79152 131356
321 4685 67792 131374
1361 -5629 -76697 131391
1075 -29776 33419 131462
1590 -19989 43259 131515
2433 -42613 -39846 131524
1057 5641 -88175 131599
175 -72441 -9101 131607
2301 -71746 -8279 131734
3584 34793 98310 131784
680 95812 85042 131789
1116 19917 83448 131798
195 87163 93743 131841
2178 16639 80257 131885
3287 -34698 -48153 131916
1280 -26892 -55985 131942
339 17430 81115 131952
2231 -46501 -36397 131963
2205 -28919 -54157 132141
3699 95204 86154 132293
3695 82487 98933 132355
1366 -49424 14672 132363
82 -43904 20275 132446
3615 5038 69251 132480
308 6522 -89962 132505
1077 -44505 -38979 132549
302 -9768 -73721 132554
3093 -72561 -8224 132604
3062 -4985 -78579 132629
2983 -66056 -17536 132657
999 -11922 52596 132785
806 2428 -86203 132840
251 -15573 49057 132897
3102 -15091 -68790 132946
1177 -71934 -11995 132994
2499 -36159 -47839 133063
3352 99173 83042 133150
2451 84140 98082 133157
3476 -5159 -79016 133240
771 -14953 -69386 133404
2898 -74590 -9428 133429
2097 32995 98196 133468
344 -11088 54299 133654
1066 -15802 49632 133701
3464 -28456 37009 133732
3156 -24364 41112 133743
1093 -22058 -62627 133750
2253 -53655 -31212 133932
2040 -65944 -18937 133946
1006 6762 72455 133960
2050 -22957 -61953 133975
53 3675 69409 134001
2733 -14673 51061 134001
1343 -61946 3873 134086
3347 3235 -88273 134103
555 28587 94463 134143
3572 25652 91631 134246
3146 6937 72950 134280
1403 28285 94325 134307
933 98670 84713 134318
1080 -34923 -50391 134379
2542 -25570 40568 134405
1598 25022 91196 134441
792 29378 95599 134488
2164 -265 66106 134638
995 32746 99119 134640
2493 4951 -90553 134667
2895 13030 79464 134701
1965 -43013 -42655 134733
435 -40748 -44927 134740
2943 -44862 21623 134752
3106 -24286 42241 134794
1773 -56899 9709 134875
983 5916 -91776 134925
689 5555 -91449 134959
2992 13640 80431 135058
2494 -7023 -79009 135097
3512 9880 -95934 135119
2536 -35856 -50241 135162
1463 -27538 39384 135189
897 -31654 -54555 135274
1708 -75202 -11388 135655
2500 -71270 -15654 135989
622 -9454 58310 136031
990 22077 90005 136195
3431 -71038 -3101 136204
529 -63882 -23299 136246
2777 -28572 39489 136328
3277 -45935 -41368 136368
1144 8820 76954 136401
2800 -8419 59715 136401
3478 -6853 61289 136409
753 10623 -98001 136443
2520 -29246 39008 136521
3239 11041 -98509 136533
459 93537 92100 136572
2014 -24475 43901 136643
1301 97150 88585 136670
1752 -49763 18662 136692
1135 -5756 -81939 136760
1315 -14147 54352 136766
1699 19223 87739 136783
2945 -17942 50586 136795
1321 92436 93507 136878
2442 -74310 -5648 136929
3273 92591 93476 137002
2110 -33543 35233 137043
364 21045 89831 137053
1094 -56736 12064 137067
2548 88344 97796 137075
325 -35993 32862 137122
2835 29952 98824 137139
93 -33966 34965 137198
945 -34543 -53814 137422
9 -17434 -71144 137643
3426 -3777 -84945 137787
2539 -52259 -36526 137850
1415 12630 82218 137855
2820 -77488 -7897 137858
1506 -400 -88425 137890
2602 -28156 -60820 138041
3541 -34939 -54148 138152
3425 -19677 -69469 138211
1685 10546 -99877 138396
22 -50440 -38939 138444
2557 -39454 30744 138465
2634 -68716 1482 138465
202 9443 79656 138480
2053 -64090 6222 138579
335 -66037 4382 138686
461 -31919 38566 138752
3285 -46646 23862 138775
1749 -26752 -62992 138809
2467 98978 89021 138934
1504 15234 85976 139009
616 -28214 42539 139020
2649 5241 -95224 139048
1072 -15193 -74875 139133
3245 -15634 55280 139181
2617 -34639 -55517 139221
494 -76414 -5403 139278
3319 -13283 57733 139283
2952 -63997 7027 139291
3132 -74774 -15479 139318
1533 98557 89900 139392
3548 -70068 1075 139410
2412 -74505 -15866 139436
2230 -29227 41967 139461
2441 15029 86271 139509
3655 -43783 -46703 139551
3442 -26351 -64254 139670
236 -78409 -12274 139748
271 -36009 -54684 139758
2069 -2599 68953 139819
1658 89641 99247 139823
3626 -16434 -74391 139890
3270 -53688 -37160 139913
1737 -76867 -5161 139973
1902 -50166 -40759 139990
1932 -64582 7152 140001
1545 -40815 30932 140014
737 93960 95128 140023
803 -19015 -71997 140077
2598 -27332 44544 140143
880 94517 94748 140200
2564 5430 -96688 140323
1859 -77357 -13950 140372
747 1987 -93300 140378
2846 -6911 65262 140440
3011 17989 90179 140457
2026 -36762 -54665 140492
2262 -34922 37340 140529
2079 -58901 -32660 140626
2851 90172 99532 140639
3169 -58003 14390 140660
3261 -51319 -40278 140662
2547 -69975 -21645 140685
635 18095 90524 140696
1678 18124 90714 140857
2765 -61710 -30113 140888
1999 -62839 9799 140905
3003 -23830 -68042 140937
3620 -12300 60432 140999
2926 -44917 -47122 141104
2266 -59789 -32374 141228
3457 -50050 22928 141245
3116 14733 87721 141255
3096 -38846 34145 141258
2912 25786 98783 141264
3025 -13143 59862 141272
2588 -64750 -27468 141283
97 -6233 -85996 141294
1419 -38201 -54043 141309
2825 -25455 47754 141476
3528 3692 76924 141499
3184 -56309 -36164 141538
3053 10137 83466 141596
561 230 73564 141601
1234 -4793 -87756 141614
2521 98667 92136 141738
2118 -82075 -10735 141875
2565 -6762 -86085 141912
337 -20507 -72355 141927
698 -54958 -37911 141934
3610 97219 93800 141954
1985 -32549 41177 141993
2199 -54734 -38244 142043
903 -43874 29992 142133
530 -76744 -16359 142168
839 -54099 -39070 142234
1751 24975 98988 142280
1071 19329 93356 142294
2885 -5417 68636 142320
2699 -75951 -1790 142428
896 -53332 20895 142494
197 -62766 -30704 142535
797 4504 78892 142655
77 -71027 3465 142759
1316 -71643 -22077 142785
2326 -40654 33929 142850
3600 -74931 -18862 142858
2100 -9620 -84181 142866
526 -18068 56600 142935
3631 -20491 -73408 142964
253 -71291 3439 142997
2793 14040 88774 143001
2145 -11666 63074 143007
144 -68287 -25662 143014
2355 -72984 1812 143063
1356 -38141 -55874 143080
178 -69824 -24209 143098
3222 -57343 -36849 143257
2335 -43822 -50400 143287
2563 -68026 -26334 143425
2763 -58393 16798 143458
799 -42884 32477 143628
1235 -44491 30931 143689
3217 -1230 -93421 143716
480 -34820 -59906 143791
2784 -68085 7563 143915
1609 -66051 9613 143931
2254 -22767 -72120 143952
1031 93783 99285 144003
206 -15208 60569 144044
3381 -58803 -36216 144084
2829 4822 80737 144182
1288 -69912 -25229 144206
370 -1941 -93206 144212
1548 -52288 -42872 144225
1861 -57953 -37208 144226
273 4729 -99942 144278
331 -38729 37282 144278
1862 -30351 45685 144303
3439 -10695 65450 144412
2749 -9320 66863 144450
637 -55688 -39806 144559
1338 -49248 -46269 144582
1263 -85097 -10457 144619
3658 1942 -97552 144675
2750 -67440 -28173 144678
2348 16206 92688 144749
2966 -81745 -14016 144826
3015 -38086 -57736 144887
3522 -47895 28775 144937
998 -86264 -9643 144972
3667 -29397 47384 145048
184 -25468 51403 145138
1525 -55751 -40327 145143
107 -50084 -46031 145180
756 -54121 22813 145201
1571 -34081 -62149 145295
2950 -79380 -16872 145317
1649 -43245 33809 145321
3149 -73429 3668 145364
825 -18602 58594 145463
3235 -64258 -32199 145522
1526 -72938 4323 145528
431 19842 97126 145551
117 -831 76476 145574
2243 1787 79289 145769
310 -30486 -66287 145838
1566 -78844 -17932 145841
1823 99493 95464 145892
1281 666 78392 145993
1599 -12982 -83985 146032
2609 20568 98341 146040
670 -31116 -65877 146058
3503 -63830 -33168 146063
924 -22408 55451 146126
3256 -79263 -1376 146154
420 -25619 52414 146300
181 -40683 -56677 146425
3646 -41514 36656 146437
2302 -71458 -25952 146475
3345 18402 96672 146537
2447 -26088 52223 146578
12 -18121 -79504 146690
1431 -7304 -90322 146691
1310 -86534 -8050 146751
3460 -9383 69151 146801
3576 -15110 -82702 146877
1304 -70931 7737 146935
1692 -63970 -33920 146955
811 18274 96989 146982
1347 -24329 -73606 147000
2808 -49423 29438 147128
138 -20694 -77496 147255
1212 -22431 -75785 147281
2287 -67822 11276 147365
229 -84974 -5856 147385
3551 -69665 9466 147398
2783 -75236 3902 147405
866 -12528 66621 147416
3581 -57433 -40934 147432
2622 -87354 -8080 147541
3037 -22783 56679 147729
2334 -4305 -94483 147853
1826 -10021 69611 147899
2799 -76658 3027 147952
1920 -62184 17640 148091
3573 -7989 -91042 148096
1597 -50734 29112 148113
1589 -46846 -52221 148132
465 -18452 -80619 148136
252 15471 95405 148201
1734 -20242 59771 148280
1073 -88178 -8009 148436
2589 -42223 38025 148515
749 -66063 14219 148549
1803 -56353 -43196 148614
3578 -8434 71967 148668
3595 -37900 -61710 148675
158 -12854 67603 148724
1900 -39788 40670 148725
1483 -17312 63240 148819
2470 14399 94982 148850
3089 -2735 77906 148908
3350 -66458 -33402 148925
388 -70227 -29881 149173
34 -66586 14329 149182
1967 -8603 -91704 149372
1447 -36241 44954 149462
391 -18984 62307 149558
3393 -52712 28632 149611
947 -8476 72871 149614
3076 -65636 -34913 149614
3510 -46966 34400 149633
2639 -13965 67416 149648
1591 -49336 32064 149667
1817 99509 99278 149722
1206 -85424 -15242 149731
1200 -90348 -10508 149921
1834 -60936 20741 149944
478 -27035 -73930 150030
1128 4677 86453 150043
1653 -19876 61907 150050
2612 -79995 -21005 150065
3023 -62613 19292 150172
745 -20617 61308 150192
3293 -79074 -22083 150222
564 -23408 -77821 150294
1849 -26614 -74745 150424
2046 -58124 24050 150441
2190 11653 93877 150491
356 -14481 -87027 150573
1883 -1573 80756 150596
3288 -65534 16966 150767
2809 -15078 67435 150780
3570 -85089 -16629 150783
2142 -18914 -82878 150857
2042 -55475 27191 150933
3283 4146 86895 151016
3009 129 83012 151150
2528 -25272 -76891 151228
2531 -21252 61732 151251
2031 -43428 39635 151330
2070 -72081 -30185 151331
1174 -52718 -49627 151410
317 -56545 26604 151416
29 -3870 79284 151421
373 -67252 15934 151453
328 -33419 -69035 151519
2717 -67005 16305 151577
1133 1710 85062 151619
830 -76998 6502 151767
2715 -59285 24263 151815
1696 -80414 -22388 151867
2803 9260 92922 151929
456 -31490 -71423 151978
2625 -14964 68777 152008
2384 -80911 2835 152013
652 5850 89617 152034
2416 -60963 -42162 152190
1500 -40595 43329 152191
3249 -2707 81239 152213
1664 -67545 16477 152289
730 -63537 -39790 152392
1827 -58652 -44689 152406
2172 -58554 -44804 152423
2224 -21988 -81400 152453
269 -71103 13224 152594
2645 -8881 75468 152616
2760 -63617 -39985 152667
2000 -54526 -49110 152701
327 -45484 -58193 152742
225 -13892 70759 152918
1788 -90081 -5428 152920
3384 -33011 51680 152958
3413 -25631 -78289 152985
3218 -31879 52885 153031
204 -91086 -6310 153043
2680 -31460 53328 153055
715 -46207 38586 153060
891 -54367 -49659 153091
3113 3168 88017 153116
1851 -40696 44285 153248
2492 -62234 -41957 153256
1044 -81566 3457 153290
79 -77614 -26709 153388
1198 -12370 72791 153428
1767 -23224 61954 153445
927 -17230 -87157 153452
378 -38889 46297 153453
60 -16451 -87986 153502
1127 10271 95517 153513
607 -20906 64346 153519
338 -33262 -71194 153521
2465 -89218 -15271 153554
2312 -48320 -56225 153610
2471 -53294 -51253 153612
1193 -86788 -17819 153672
2571 -68444 -36167 153676
992 -75167 10454 153888
2552 -49436 36201 153904
1690 -12646 73134 154047
80 -76391 9402 154060
33 -29732 -75332 154129
2173 3774 89653 154146
2830 -54878 31014 154159
500 -69290 -35820 154175
116 12101 98018 154184
1706 -58665 27299 154231
1562 -55575 -49616 154256
2296 -13821 72177 154265
21 -42883 -62325 154273
2193 -14954 -90264 154283
2772 -7708 -97517 154290
237 -9640 76447 154354
1630 -24574 -80745 154384
3440 -74836 -30592 154493
1399 2026 88286 154527
171 -20885 65417 154569
3007 -78073 -27464 154602
174 5370 91942 154839
365 -26448 -79363 154876
3430 -56886 -48940 154891
2387 -25577 61069 154913
675 -58599 -47317 154981
2673 -65351 21383 155001
277 -92532 -5718 155081
3638 2578 89405 155094
2882 -90972 -15061 155098
2146 -9408 77483 155158
1732 -65394 -40701 155160
1279 -63760 -42337 155162
343 -19283 -86846 155194
1219 -82452 4525 155244
1624 -5232 81756 155255
2023 -17843 69209 155319
2910 -54620 32458 155345
1933 -70009 -36278 155352
352 -7143 -99171 155379
884 -20066 -86267 155398
1436 -51577 -54774 155416
3278 -34468 52716 155451
2942 -52206 35185 155658
129 -38680 48716 155663
1078 -27048 -79567 155680
10 -41410 -65283 155758
243 -833 86789 155889
58 -45616 42026 155909
538 -86067 -20817 155949
625 5535 93257 155989
2409 -3939 83808 156014
1586 -59829 -47235 156129
1023 -57994 -49094 156153
2811 -64558 23423 156248
3609 -38878 -68328 156271
1929 -44236 43780 156283
2339 -46965 41075 156307
3618 -85059 3074 156400
2333 -68923 19224 156414
2386 -85756 2472 156495
3344 -41980 46321 156568
2012 -16482 71933 156682
2648 -77288 11146 156701
969 -42612 45823 156702
3617 -22651 -84989 156705
2896 8735 97183 156715
2991 -2936 85561 156764
1984 -89607 -1051 156823
1536 3867 92612 157012
1800 -1764 87059 157090
813 -53361 35575 157203
2573 -10622 -97525 157212
2757 -50643 -57587 157295
1188 -42830 -65602 157497
2117 -66399 -42080 157544
2580 -66849 -41742 157656
2771 -89540 -19073 157678
2498 -61207 -47518 157790
2593 -57991 -50758 157814
1952 -12121 -96687 157873
3354 -9754 -99062 157881
2437 -15414 -93501 157980
2464 -24616 -84301 157982
777 -78289 -30656 158010
3356 -84811 -24154 158030
1202 -26931 62867 158065
1389 -30598 59469 158334
450 -80315 9756 158338
2299 -28952 -80345 158362
2484 -39606 50600 158473
1130 -23561 -85852 158478
2978 -9654 80573 158494
1785 -27217 -82340 158622
104 -10975 79555 158797
649 -73718 -36116 158899
3 -37787 52911 158965
3371 -78331 -31659 159055
1742 -24106 -85893 159064
851 -62382 -47689 159136
3437 -21480 -88703 159248
2742 -37170 -73055 159290
1956 -37605 53505 159377
3289 -44745 -65635 159445
2483 -87323 4069 159659
1844 -79552 11933 159752
1992 -20676 70810 159753
1196 -83252 -27618 159935
508 -80228 -30677 159970
2181 -70914 20925 160106
3229 -68700 -42427 160192
155 -32198 -78956 160219
926 -5800 86158 160225
503 -86906 -24358 160329
3664 -57027 -54251 160343
1241 -79961 -31347 160373
1570 -85167 6940 160374
2395 -70972 21287 160526
1090 -14161 -97323 160549
159 -15527 -95965 160557
3375 -41905 -69593 160563
2616 -76155 16150 160572
3490 -16765 75601 160633
3147 -48617 43755 160639
915 -87010 -24580 160655
432 -54544 -57220 160829
1601 -89149 3493 160909
539 -74563 -37298 160926
194 -55703 37056 161026
31 -94897 -17105 161067
621 -30432 62391 161090
2957 -34370 -77751 161186
3709 -82175 10776 161218
2425 -53637 -58552 161254
3166 -15552 77480 161299
1038 -61764 -50478 161307
3416 -34512 58539 161318
1364 -72931 20121 161319
2731 -60052 33131 161450
2290 -18219 74989 161475
1855 -11331 81917 161515
3627 -98888 -5634 161521
1452 -15122 78172 161561
3492 -93727 -18856 161648
889 -73268 -39345 161678
1367 -13265 80181 161713
2858 -97769 -14885 161719
1213 -94389 -18286 161740
28 -66391 27095 161753
2979 -79487 14007 161761
773 -85037 8521 161825
483 -96859 -16034 161958
1272 -58761 -54183 162009
2847 -18041 -94931 162037
639 -39904 53881 162052
3027 -57185 -55813 162063
511 -63047 30758 162072
183 690 94553 162130
2972 -46416 -66881 162362
2601 -88490 5643 162400
385 -23660 -89698 162423
603 -64651 29596 162514
1244 -70147 24126 162540
1362 -82022 12254 162543
1515 -46081 48258 162606
596 -15896 -97817 162778
2843 -99233 -4708 162792
716 -77928 -35829 162822
2322 -88417 -25349 162831
890 -91928 -21909 162902
2607 -89335 -24662 163062
847 -94909 -19151 163125
152 -36158 -77991 163214
2159 -52079 -62087 163231
1688 -85167 -29092 163324
1286 -84963 -29307 163335
425 -67272 27835 163374
977 -80943 -33387 163395
134 -40291 54860 163418
2223 -95764 -597 163434
3242 -18015 -96407 163487
1694 -36403 58829 163499
2284 -27619 67645 163531
491 -56874 38432 163573
711 -27171 -87408 163644
3377 -32571 62856 163694
2218 -94523 -20116 163704
3325 -82586 12979 163832
1155 -63136 32487 163890
3066 -41885 53762 163914
2646 -91785 3872 163924
1872 -92101 -22760 163926
653 -1678 94147 164092
2372 -58158 -56928 164151
2453 -74925 -40196 164186
3364 -29250 66679 164196
3361 -92273 3788 164328
2209 -54899 -60417 164381
1741 -65155 -50164 164384
1572 -28475 67660 164402
1945 -44263 -71144 164472
569 -35479 -80034 164578
3689 -55255 -60291 164611
349 -31099 -84475 164639
1575 -35999 -79579 164643
1405 3447 99893 164713
1579 -86161 -29536 164762
2195 -78356 18194 164817
1552 -32679 -83114 164858
2720 -23453 73168 164888
1981 -41960 54740 164967
679 -73288 23516 165071
2005 -45715 -70321 165101
2832 -5580 91258 165105
892 -62538 -53568 165171
2036 -41343 -74771 165179
240 -72073 24854 165194
3017 -28456 -87690 165211
3282 -61982 34964 165213
3082 -749 96222 165238
3488 -74321 -42057 165443
2179 -26953 -89483 165501
3317 -51089 -65441 165595
3142 -59827 37556 165650
133 -65354 32047 165668
735 -37148 -79538 165751
2430 -73735 23838 165840
1469 -13083 84596 165946
1292 -44533 53320 166120
1750 -43826 -73273 166164
112 -89956 -27326 166347
1582 31 98233 166469
996 -48484 -68971 166520
1497 -13548 84803 166618
3019 -70080 28281 166628
1022 -42874 55524 166665
221 -19605 -98003 166673
2516 -80027 18509 166803
2658 -26254 -91497 166816
2710 -87860 10731 166858
260 -67633 -50161 166859
923 -99876 -17980 166921
1661 -22220 -95762 167047
520 -21239 77577 167083
949 -5349 93488 167104
854 -50118 -67967 167150
1625 -73524 -44638 167227
2911 -4845 94385 167497
2163 -75377 23887 167531
2902 -21573 -96905 167543
14 -60006 39282 167555
3251 -73840 -44654 167559
3223 -98871 452 167590
382 -23876 -94705 167646
2273 -69272 -49367 167704
2633 -97169 -21609 167843
1558 -79881 19735 167883
326 -68061 31574 167902
937 -55291 44438 167996
2344 -89280 10587 168134
2583 -83575 -35553 168193
2703 -84807 15173 168247
3111 -44382 -74921 168368
1454 -53891 46220 168378
2239 -43146 57089 168502
96 -60612 39652 168531
1846 -70641 -49036 168742
1309 -46239 54449 168955
1537 -65231 35493 168991
840 -65453 -54478 168996
3616 -25962 74897 169126
3498 -24581 -95603 169249
1051 -66648 -53570 169283
213 -7468 93557 169292
3173 -38784 -81656 169505
1923 -39198 62120 169585
693 -11380 90014 169661
164 -79216 -41450 169731
746 -2291 99233 169791
2245 -93519 -27232 169816
1903 -1714 99845 169826
2862 -58570 -62246 169881
1076 -89457 -31383 169905
913 -8109 93703 170079
838 -83984 -37087 170136
179 -29509 -91577 170151
2875 -49355 52529 170151
215 -18225 83743 170235
2643 -42975 -78269 170309
490 -67940 34134 170341
3625 -86056 -35225 170346
2018 -81501 -39873 170439
475 -90072 12212 170551
3077 -51974 50451 170692
1665 -62559 -59093 170717
247 -42273 -79391 170729
3291 -92685 -28986 170736
2870 -60924 41560 170751
1962 -88642 -33108 170815
1997 -22762 79934 170963
3663 -23177 -98723 170965
2840 -50640 -71271 170976
1971 -28215 74589 171071
766 -67288 35546 171101
836 -92482 10395 171144
2369 -31206 -90943 171214
2318 -68397 -53842 171304
1252 -65312 37735 171314
466 -79269 -43059 171393
974 -61827 41356 171450
1421 -50954 52390 171611
289 -42063 -80492 171620
3397 -53414 49939 171620
3308 -91567 12037 171871
580 -78529 -44291 171885
1617 -68614 35015 171896
392 -92474 -30359 171898
2881 -94156 9480 171903
3580 -22287 81547 172101
2823 -55380 -67671 172116
1277 -71936 -51126 172127
3639 -68555 -54620 172240
1461 -91474 -31747 172286
2670 -6404 97616 172287
1313 -86617 17420 172304
2454 -61049 43168 172484
1165 -65874 -57750 172689
2973 -77893 26550 172710
1643 -35213 -88454 172732
2459 -64011 40529 172807
587 -53555 51005 172827
1829 -84881 19688 172836
3341 -54958 49650 172875
2892 -80787 -43026 172878
451 -44491 60134 172892
2503 -64269 -59617 172951
1187 -36848 67849 172964
1854 -47477 57222 172966
3491 -4895 99843 173005
1895 -68930 -55050 173045
143 -21680 83177 173124
2729 -51881 -72183 173129
1262 -40957 -83173 173195
3389 -58488 -65643 173196
614 -66416 -57813 173294
986 -28768 -95493 173326
413 -51309 53800 173376
1530 -85926 19249 173442
1564 -89049 16312 173628
754 -90821 -33784 173670
1 -39405 -85244 173714
3123 -77534 -47167 173766
1957 -39279 66373 173919
314 -68973 -55994 174032
2160 -27173 -97802 174040
2726 -46281 -78810 174156
3309 -84989 -40144 174198
3305 -35180 -90144 174389
865 -95516 -29839 174420
3313 -28914 -96572 174551
1633 -39541 66745 174553
2624 -37222 69066 174555
3550 -11537 94919 174723
714 -87003 -38693 174761
190 -9912 96610 174789
357 -55005 51533 174805
3582 -90491 16053 174811
332 -72873 33710 174850
1837 -19155 87448 174870
434 -55904 -70011 174980
2140 -88982 -36942 174989
944 -27422 79401 175090
2642 -35633 71224 175124
1716 -54044 -72073 175182
2636 -42861 64095 175223
1959 -34104 -92209 175378
301 -50204 56996 175467
3642 -34814 72507 175588
1120 -73038 -53512 175615
2828 -41440 -85161 175666
560 -36656 70813 175736
2047 -70138 -56561 175764
796 -19964 87569 175800
2083 -92797 -33940 175802
1847 -34293 -92446 175804
2182 -76811 -49938 175814
1416 -84212 -42550 175827
954 -49520 -77390 175975
601 -50232 57483 175982
3171 -73570 -53413 176048
3028 -72979 34859 176105
1943 -51722 56233 176222
731 -46041 61986 176294
3240 -31853 -95386 176304
75 -43348 64746 176361
1462 -86585 -40781 176431
3303 -65374 -61996 176435
3698 -79627 -47749 176441
2063 -64044 -63421 176530
1327 -63693 44650 176610
1735 -19836 88544 176647
2308 -53627 54865 176759
3438 -72593 35921 176781
1744 -71306 37221 176794
2476 -38707 -89141 176913
638 -30027 78663 176957
1171 -32682 -95310 177057
781 -75536 -52533 177134
3117 -68154 -59941 177160
3327 -76809 -51326 177200
1417 -30040 78942 177249
1687 -76068 32932 177267
1028 -9790 99329 177386
597 -31564 77571 177402
3030 -30666 78617 177550
1544 -44327 -84198 177590
3553 -99486 -29184 177735
3691 -83937 -44759 177761
1896 -94174 15333 177774
3449 -23708 85921 177896
852 -50106 -78868 178039
3458 -42641 -86414 178120
1610 -94772 15199 178238
1527 -59997 50018 178282
1824 -70498 39618 178383
1784 -65502 44631 178400
1323 -66528 43621 178416
2567 -94897 -34460 178422
161 -11112 99044 178423
1996 -63684 -65914 178663
3254 -84679 25822 178768
3577 -45434 -84304 178803
78 -62698 47842 178807
2810 -93816 -35967 178848
2855 -44112 66469 178848
1651 -37076 73540 178883
1798 -68465 42198 178930
1930 -37746 -92134 178945
2371 -54951 -74966 178982
1942 -87825 23001 179093
3509 -98374 12497 179138
779 -93683 17307 179257
1276 -21367 89630 179264
685 -16676 94375 179318
2627 -92965 -37293 179323
2235 -58097 -72185 179347
473 -90939 20555 179761
3188 -63890 47740 179897
1628 -51009 -79878 179952
3466 -29520 82230 180017
2689 -65462 46331 180060
2338 -38442 73403 180112
553 -14457 97514 180238
1245 -48949 63063 180279
1621 -45354 -86177 180596
3482 -73428 -58163 180656
1086 -78578 -53050 180693
1679 -37595 74894 180756
3532 -50489 62021 180777
1607 -73978 38625 180870
440 -72712 39898 180877
627 -54655 -77172 180892
1825 -62802 -69114 180981
1359 -61347 -70652 181064
1104 -60007 52798 181072
2250 -96686 -35505 181256
2055 -25520 87599 181386
574 -19183 93948 181398
304 -53646 59490 181403
1402 -40833 -91663 181561
2975 -71491 41912 181670
583 -84870 -47744 181679
1026 -52399 -80218 181682
2518 -50115 -82612 181792
90 -57081 56551 181899
3230 -36609 77044 181920
2916 -93773 -39152 181990
3589 -36265 -96688 182018
873 -33297 80514 182078
2435 -32758 81114 182139
1654 -69731 44246 182244
3471 -28162 85816 182245
1561 -38222 75792 182281
1017 -88184 25854 182305
1350 -47984 66141 182392
1913 -97480 16693 182440
2637 -92765 21511 182543
3161 -37519 -95988 182572
2647 -15138 99198 182603
2676 -77468 36884 182619
386 -55488 -78231 182784
2619 -57482 -76401 182948
567 -65462 -68644 183171
3244 -39264 -94949 183278
1147 -20422 94797 183486
1476 -81224 34028 183519
3418 -55817 -78713 183595
802 -50126 -84466 183657
2995 -37396 78187 183850
979 -70364 45234 183865
940 -60555 55283 184105
3302 -80365 -54729 184159
2114 -85793 -49318 184176
1113 -64895 51074 184236
3571 -58335 -76840 184240
1950 -33468 82545 184280
856 -40212 75937 184416
3543 -81315 34984 184566
2200 -86496 29959 184722
1166 -43423 -92312 184800
537 -95531 21034 184832
1897 -93306 23269 184842
2767 -71529 45060 184856
3148 -26987 89666 184920
3182 -99523 17145 184935
778 -34107 82814 185188
585 -34760 82194 185221
2071 -53338 63677 185282
2751 -60604 56451 185322
704 -56194 60928 185389
958 -82316 -54155 185536
3300 -80934 36434 185635
1035 -85039 32381 185687
15 -35144 82426 185837
2152 -71510 -65267 185842
1294 -37201 80449 185917
2668 -77439 -59586 186090
3405 -79327 38578 186172
2111 -71523 46404 186194
505 -94263 23759 186289
3710 -60266 57766 186299
1319 -88432 29797 186496
1655 -97777 -39658 186500
1944 -28814 89428 186509
1455 -56708 -80760 186533
2351 -93454 24880 186601
2530 -64523 -73029 186617
740 -94736 -42895 186696
1833 -50189 68258 186714
1906 -73245 -64446 186756
3376 -85774 -51991 186830
2406 -88939 -48827 186831
1989 -32382 86309 186958
3628 -92250 -45695 187010
3435 -38445 -99501 187011
1181 -74503 44261 187031
3697 -79407 -58582 187054
656 -87383 31405 187055
1631 -98177 -39859 187101
1584 -74044 44815 187126
3562 -46619 -91482 187166
3675 -68298 50833 187398
255 -21764 97403 187434
3579 -96632 -41737 187434
1740 -61614 -77038 187717
3623 -39304 -99599 187968
1715 -59685 -79419 188169
2576 -55719 -83560 188344
1043 -52197 -87175 188437
2325 -49288 -90103 188456
3212 -58409 62006 188682
738 -64433 55993 188693
2429 -67003 -73076 189144
1274 -88975 -51129 189169
2768 -60571 60363 189201
2948 -39058 81884 189209
3031 -79028 -61178 189271
1490 -52439 68625 189331
499 -71682 49832 189781
1355 -45657 76008 189932
3602 -91884 29801 189952
1260 -68275 53473 190015
132 -37292 84511 190070
1209 -80239 41604 190110
1978 -93238 -47835 190138
248 -64351 57548 190166
2403 -88559 -52572 190196
3284 -78319 -62814 190198
1178 -98312 23695 190274
2255 -41366 80784 190417
294 -75549 -65857 190471
307 -72048 50197 190512
3213 -60250 -81242 190557
919 -79044 43265 190576
1705 -57776 -83754 190595
3386 -88696 33701 190664
2664 -49228 -92416 190709
2265 -67807 54655 190729
1802 -84198 38495 190960
755 -52649 70188 191104
1377 -76414 -65764 191243
160 -80438 -61861 191364
3122 -97574 25548 191389
3196 -99216 23943 191426
713 -98176 25135 191578
1626 -94030 -48721 191816
2511 -52156 71442 191865
1588 -44601 -98310 191976
3133 -89609 34136 192012
1912 -47573 -95591 192229
582 -71398 52565 192230
2671 -51079 -92102 192246
1087 -36375 87758 192400
3101 -92326 31830 192423
1620 -33460 90790 192517
515 -39789 84594 192650
287 -59884 64563 192714
127 -29749 94777 192793
3647 -99180 -44654 192899
2466 -25767 99019 193053
3593 -36642 88520 193429
681 -74781 -69719 193565
1253 -99627 25727 193621
878 -92510 -52075 193650
3281 -54311 -90465 193841
568 -31068 94525 193860
2340 -56246 69352 193865
17 -84030 -60833 193928
1042 -65924 59744 193935
3100 -87950 37862 194079
2228 -61523 -83650 194238
469 -89575 -55638 194278
2507 -40887 85159 194313
205 -58248 -87010 194323
441 -45695 -99877 194637
1507 -26531 99845 194643
2859 -46001 80872 195140
604 -75365 -70826 195256
1760 -52523 -93770 195358
2029 -61055 66152 195474
176 -30850 96416 195533
1271 -95505 -51156 195726
2024 -73597 53926 195790
2587 -83758 43772 195797
3454 -49007 -97763 195835
3306 -86724 -60068 195857
216 -29916 97785 195968
579 -96136 31570 195973
1406 -61452 66330 196049
2914 -37463 90333 196063
3417 -57670 70203 196140
2350 -89597 38475 196339
3536 -90718 -56724 196507
1941 -63582 -83984 196631
1703 -82124 -65538 196727
458 -78912 -68787 196764
1680 -82814 45704 196785
1726 -59825 -87906 196796
2728 -95083 -52818 196966
299 -81832 46885 196984
207 -98181 30545 196993
2850 -54251 -93790 197106
404 -71874 -76500 197439
3383 -69672 59570 197509
1427 -85856 43447 197570
1439 -64511 64897 197675
311 -81999 47532 197798
114 -79612 -69122 197799
362 -74020 -74750 197835
1911 -66393 -82445 197903
1033 -30720 98972 197959
2487 -82816 -66114 197995
1254 -53360 -95606 198031
3392 -70080 59848 198195
2594 -61029 -88255 198349
1704 -32858 97358 198483
2056 -47128 83140 198535
3351 -87942 42393 198602
3190 -42365 87974 198606
608 -87938 42451 198656
496 -73651 -76016 198732
2222 -72347 -77465 198877
2681 -85697 -64220 198982
725 -81125 49617 199009
2168 -92858 -57135 199058
399 -31267 99776 199310
257 -37502 93561 199330
3005 -80780 -69662 199507
2550 -67378 -83085 199528
3108 -82615 -68009 199689
1214 -57059 -93634 199758
2017 -57412 -93294 199771
1769 -99807 -51103 199975
3088 -64249 -86669 199983
2309 -97407 34327 200001
1816 -52252 -98828 200145
598 -65637 66432 200336
1637 -80319 51938 200524
1401 -47904 84378 200549
2844 -79227 53083 200577
2085 -78658 53706 200631
1420 -94990 37528 200785
3174 -58630 -93353 201048
650 -48149 84686 201102
783 -46769 86135 201171
2180 -54188 -97942 201195
186 -79830 -72596 201491
125 -34764 98632 201663
3455 -81587 -71056 201708
2242 -94473 39190 201930
113 -88422 45559 202248
85 -67532 -85729 202326
3540 -58897 -94410 202372
2891 -99244 -54510 202819
1974 -57132 77430 202829
309 -50122 84646 203035
3441 -43607 91179 203053
3338 -77516 -76562 203143
198 -68502 -85586 203153
1513 -54517 80395 203179
837 -68613 -85536 203214
1156 -46002 89043 203312
917 -96207 -58132 203404
1037 -59914 75250 203431
1089 -73823 61455 203545
2045 -73908 -80665 203638
2985 -96762 -58004 203831
336 -59225 76365 203857
102 -97468 38253 203988
1901 -73041 62877 204185
615 -54929 81022 204218
1576 -65591 70527 204385
3048 -76469 59815 204551
2961 -51588 84699 204554
2669 -98992 -56611 204668
509 -59346 77120 204733
1381 -87553 -68258 204876
1453 -73065 -82835 204965
2923 -93006 43736 205009
551 -56242 80508 205017
678 -91176 45658 205101
2686 -64253 72586 205106
1514 -72421 64768 205456
1414 -87236 50006 205509
3372 -86041 -70414 205520
1208 -66087 -90425 205577
1585 -56568 80761 205596
1088 -85520 -71174 205759
2510 -51944 85859 206070
2158 -65344 72823 206434
3110 -66328 -91216 206609
2153 -69448 69168 206883
1424 -83794 54974 207035
43 -90467 48493 207227
39 -96164 42838 207269
2662 -77995 61109 207371
953 -64910 74212 207389
1159 -39776 99411 207454
2753 -79230 60128 207625
1123 -52121 87372 207760
2281 -94276 -64506 207847
801 -45472 94111 207850
105 -71271 68460 207998
703 -77358 -81813 208236
2076 -80557 -78668 208290
3095 -79292 -79938 208295
550 -70605 -88650 208320
3191 -75868 -83393 208326
2683 -84162 56131 208560
1619 -83860 56698 208825
1215 -41966 98622 208855
1471 -74525 66090 208882
55 -76140 64513 208920
3661 -98684 -61217 208966
1757 -61901 78835 209003
36 -55291 85494 209052
192 -66881 73918 209066
1433 -88091 52723 209081
1835 -64761 76066 209094
2951 -88139 53021 209427
2687 -92258 48925 209450
492 -73790 67594 209651
860 -43073 98346 209686
2540 -48887 92571 209725
824 -68452 -92364 209881
1425 -89716 -71114 209895
2099 -74321 67340 209928
1889 -43495 98410 210172
3056 -94076 -67171 210312
632 -81902 60154 210323
185 -82703 -78728 210496
3545 -97416 -64057 210538
1502 -69119 73217 210603
3676 -86637 -74961 210663
1465 -72888 69573 210728
122 -84488 -77486 211039
2874 -80537 62305 211109
2151 -57746 85547 211560
3067 -74398 -88161 211624
2444 -72565 70871 211703
2608 -52456 90995 211718
2656 -76570 -86171 211806
3301 -86985 -75868 211918
831 -99470 44186 211923
2746 -48414 95285 211966
1493 -66724 77127 212118
2889 -97499 -65608 212172
2868 -64879 -98237 212181
2352 -95493 48626 212386
303 -74197 -89128 212390
709 -98825 -64541 212431
1969 -82098 -81349 212512
2842 -75427 -88146 212638
3181 -66239 -97344 212648
2431 -97098 -66490 212653
1790 -58988 85536 212791
686 -83658 60991 212916
1164 -67132 -96725 212922
3135 -84431 -79430 212926
2776 -89158 -75096 213319
3164 -75660 69395 213322
3693 -56745 88320 213332
3315 -75496 69592 213355
2303 -49376 95809 213452
590 -67909 77313 213489
1946 -65459 79844 213570
1180 -75913 -88706 213684
572 -89461 -75168 213694
346 -75163 -89476 213704
1783 -97506 -67155 213726
1689 -88268 57259 213794
1060 -73612 72192 214071
2428 -79489 66372 214128
1492 -63804 82225 214296
3097 -92023 -73214 214302
722 -53990 92264 214521
2935 -94392 -71425 214882
1029 -98023 -67974 215062
1549 -94975 51831 215073
1054 -59947 86900 215114
3298 -70975 76011 215253
1806 -99780 47312 215359
743 -99995 -66347 215407
2722 -92694 54631 215592
3014 -68596 -98083 215744
1596 -52598 95056 215921
1393 -98693 -68436 216194
540 -58963 89115 216345
1573 -74322 -93025 216412
2721 -93442 -73962 216469
543 -57887 90344 216498
687 -54391 93888 216546
1161 -75719 -91942 216726
1121 -93963 54603 216833
588 -66910 81873 217050
495 -90503 58348 217118
2605 -78601 70271 217139
26 -77401 -90807 217273
1973 -60474 88674 217415
2383 -93962 55322 217551
600 -83770 65741 217778
172 -76528 73001 217796
1565 -76006 73701 217974
883 -89288 60574 218129
1189 -72171 -96936 218172
374 -78245 -91027 218337
2022 -73229 76874 218370
3421 -95553 -73777 218395
2604 -86360 64029 218656
1645 -98912 -70738 218715
1905 -91362 -78628 219055
2940 -98979 -71023 219067
2575 -77599 73472 219338
3401 -86724 64389 219380
984 -95800 -74654 219519
69 -96879 54498 219644
1170 -89372 62015 219654
1404 -72558 -98168 219791
2913 -73005 -97780 219850
3138 -84084 67573 219924
676 -97384 54424 220075
2025 -73138 -98501 220704
1568 -83526 -88348 220939
1192 -72369 80627 221263
872 -92588 60673 221528
2866 -99384 53904 221555
3451 -90601 62902 221770
1331 -99980 54192 222439
3436 -84671 69596 222534
787 -81207 73099 222573
1232 -91381 62968 222616
764 -80587 -92981 222633
2038 -59081 95590 222938
3613 -83190 -90847 223102
1863 -99930 54916 223113
2501 -71470 83410 223147
2157 -56325 98673 223265
2327 -79347 75739 223353
1138 -87249 67853 223369
2860 -81558 73573 223398
3274 -61679 93621 223567
1173 -98812 -75853 223730
3292 -64443 91054 223764
1722 -76548 79189 224004
2996 -76423 79652 224342
3561 -78444 -96840 224349
398 -83656 -91810 224531
728 -78077 78396 224740
2903 -68137 88466 224870
1510 -77803 -98005 224873
1329 -74510 82407 225184
1998 -68008 88983 225258
814 -98552 58454 225273
902 -92927 -83400 225392
3597 -82226 -94310 225601
1520 -77380 -99413 225858
1016 -91772 -85315 226152
1484 -70115 87978 226360
2461 -91863 66245 226375
3312 -91170 67008 226445
2666 -90871 -86738 226674
3707 -60658 98516 227441
918 -95030 64445 227742
1616 -89246 -89437 227748
3323 -93217 66378 227862
209 -92296 67332 227895
1240 -81353 78324 227944
671 -74508 85244 228019
819 -97070 62743 228080
3456 -92445 -86814 228324
3179 -63765 96387 228419
1428 -96298 -83098 228461
3018 -66754 93534 228555
2667 -60696 99938 228901
2131 -89356 71318 228941
2366 -73243 87810 229320
849 -84836 -95471 229372
2135 -86782 -93652 229499
2319 -83781 77489 229537
3250 -85737 -94948 229750
51 -96762 -83980 229807
1789 -96641 -84211 229917
282 -98226 63550 230043
2013 -79976 82379 230622
372 -72929 90387 231583
2863 -91820 -90905 231790
874 -69175 94536 231978
