21348813295087113
21348813295087113
21348813295087113
21352190873171753
21352190873171753
21350563797758586
21349404405512806
21349404405512806
21349404405512806
21345697822019758
21345697822019758
21347805700741783
21347805700741783
21344032118089258
21344032118089258
21344032118089258
21344912724493801
21344912724493801
21344912724493801
21348293793347259
21342834977953951
21341012674798122
21341012674798122
21341012674798122
21341012674798122
21340383915923567
21340351185381743
21340351185381743
21337393932554850
21337393932554850
21337282912437481
21339507597341056
21342606617604123
21342606617604123
21342606617604123
21342947316829942
21342947316829942
21343658713279632
21343658713279632
21343658713279632
21343658713279632
21343853926308359
21343853926308359
21343853926308359
21343853926308359
21343853926308359
21343853926308359
21345583166409430
21346720654978775
21350671994122690
21347990199765542
21346668076373527
21351159294630337
21351159294630337
21357425570980384
21354066243528945
21354066243528945
21354363845601521
21354467294475757
21353773689464726
21360416659924909
21359694235358130
21359694235358130
21350529331806965
21356176607260237
21356176607260237
21356176607260237
21356176607260237
21356176607260237
21356176607260237
21356176607260237
21356176607260237
21353766251777970
21353766251777970
21354204891224889
21353615245080737
21350120419142284
21351628914527038
21355000219969594
21351148349670235
21351148349670235
21355062992918842
21354997296904284
21352570218940122
21356791064249735
21356791064249735
21355494979089151
21355494979089151
21353961043906502
21353961043906502
21348559856887371
21348559856887371
21345931698128665
21347456682564593
21347456682564593
21348162291222160
21347168362347307
21347372727494395
21345252977878948
21344049716979077
21341288775737657
21339320704142157
21333452173308781
21336838259561236
21336838259561236
21336838259561236
21338178169703587
21337318811862652
21337318811862652
21343486170209868
21341640628612358
21342723757105011
21342027528646125
21339827084546339
21339678301546100
21340731717235004
21341319455235182
21342239882260554
21342239882260554
21341013453597113
21344774838830715
21344023038332189
21345275487145891
21342221181272318
21342221181272318
21343685158299455
21343685158299455
21348358063993481
21348358063993481
21353451169212467
21354204358591981
21354204358591981
21354204358591981
21355228683345204
21353434147428109
21353826732493841
21353826732493841
21353826732493841
21354018202498147
21352326448479723
21352326448479723
21352326448479723
21350645531250885
21351234625548508
21353415695883710
21350644210836020
21348351902076562
21345914171407737
21348671396933755
21348671396933755
21346052648791282
21344216562131439
21340502988954410
21341512090614057
21344372660041658
21342521729866250
21336531868918775
21336531868918775
21336531868918775
21336531868918775
21336824452862275
21335722317078219
21335722317078219
21335722317078219
21341085513019164
21341031293272356
21341031293272356
21341031293272356
21341031293272356
21341031293272356
21341031293272356
21347948617656269
21348274693321388
21343909854526974
21343909854526974
21343909854526974
21344699651059020
21343245819361327
21341181578478444
21338955728552992
21338955728552992
21337539986960757
21334414111590065
21334288659848109
21337891888000533
21337891888000533
21336852099808233
21338190264671080
21339259071945866
21339259071945866
21344552961736803
21344552961736803
21342961298315286
21342961298315286
21336150537602417
21334894238508590
21334894238508590
21333242958107188
21333242958107188
21335453874085795
21335809483171650
21336028048092252
21336028048092252
21340151372923207
21340151372923207
21340151372923207
21340232977108750
21340232977108750
21340387786437660
21339228027986648
21334103708750295
21334103708750295
21331255153713269
21329962240444588
21329962240444588
21329962240444588
21329862995015867
21329862995015867
21329862995015867
21331454741550471
21330212309285521
21330212309285521
21329944120903308
21331906953065610
21333929137122238
21332439570162129
21332968238409661
21334669619146561
21335774651814074
21333003220404168
21334474479781071
21332267167477953
21328189149814034
21326022171367196
21324142356094058
21324668772752977
21323730209478882
21320473011423458
21321277037980217
21320070282262411
21322039807546149
21322039807546149
21322039807546149
21323974154974033
21320066186595163
21320165864332632
21320809472722320
21323385042634959
21323385042634959
21323385042634959
21323385042634959
21322608371845424
21325000784844866
21321602621141514
21322025818606501
21322025818606501
21320521503703066
21320521503703066
21319362827171078
21319200089330718
21319200089330718
21325549588896732
21327443428650894
21327443428650894
21329833220118869
21327571617150624
21327571617150624
21327571617150624
21325201432481770
21323418127229397
21330392800050684
21328033067820831
21328033067820831
21326801007709480
21319957876905416
21319957876905416
21319957876905416
21319807212247195
21319807212247195
21319807212247195
21320290138703418
21320290138703418
21320290138703418
21320290138703418
21320290138703418
21322026937525040
21325046340839463
21324920330022201
21325955849802967
21325955849802967
21324056926825278
21320405945680309
21320690117331514
21320690117331514
21320690117331514
21321088791205407
21320700079054859
21318077962084298
21318077962084298
21318077962084298
21318077962084298
21321652739218606
21321652739218606
21321652739218606
21321652739218606
21319112467022461
21318640262457911
21319956065288073
21323631670974026
21327607937142797
21327607937142797
21329704410497392
21329704410497392
21328619508437423
21329095331327529
21328042150601281
21327375636317923
21327375636317923
21327375636317923
21330017409813565
21328746260955935
21328746260955935
21328746260955935
21321520722985655
21320431137793212
21320431137793212
21320431137793212
21320667750720580
21320667750720580
21316291569898505
21316291569898505
21316437585188831
21318705958688444
21316821104870526
21317325568507455
21316032524747457
21316032524747457
21316032524747457
21316032524747457
21316032524747457
21317478573509063
21317478573509063
21317550664372788
21317613752642801
21315636646643476
21316087671378653
21315361071917168
21314594397190313
21314247635701737
21314039389043953
21314039389043953
21314039389043953
21314039389043953
21311761890548739
21311761890548739
21313620411873210
21313620411873210
21310490342601630
21310365900494852
21310833474129311
21311730269209262
21313972331430055
21313972331430055
21319375858836382
21318471943054564
21315478445179738
21312221166714269
21312221166714269
21312221166714269
21312798267517890
21313916250266234
21310427196543560
21309277969073032
21308255906053696
21305648772232995
21305648772232995
21306330560261539
21303190353197531
21303190353197531
21303190353197531
21304877189846205
21304877189846205
21302937995505256
21302937995505256
21302937995505256
21296809685515518
21300187859971190
21302579680299889
21302203999531455
21303860954373425
21303860954373425
21304062011966962
21303176163747243
21300140332279908
21300140332279908
21302674328988021
21302674328988021
21301079886806191
21304609132399322
21306591179631995
21309145672633516
21310371513228646
21307072711899371
21307072711899371
21309473686413899
21308797341579894
21311459675368024
21311044052047619
21311044052047619
21306062687655266
21310691732231161
21311872895818575
21311872895818575
21311872895818575
21311699246721360
21312215560001309
21311573451945121
21311573451945121
21313418527761986
21313418527761986
21312731339491291
21312731339491291
21312731339491291
21312731339491291
21312703164653318
21313222266401958
21316650699570946
21315295058681441
21315501720129230
21312962400479617
21312962400479617
21314514331277524
21313574724769171
21316096692482993
21316431776413928
21314133220506062
21314133220506062
21314133220506062
21314133220506062
21313040619881113
21316382138783487
21315048868753992
21316231533557612
21316231533557612
21316231533557612
21313805384623363
21313805384623363
21313805384623363
21314468775115120
21314056938476452
21314411788171950
21314200761599047
21314200761599047
21314731086916989
21314731086916989
21314731086916989
21314731086916989
21314731086916989
21314731086916989
21312341504617640
21307332642409273
21307073771011748
21308250942671291
21308250942671291
21308479626245424
21308450443250257
21310973220649536
21311443739859282
21311641007614206
21310235257992094
21309594421474355
21309594421474355
21309594421474355
21304738157057367
21308094381197951
21308094381197951
21309370467731733
21308827865135507
21309417904646267
21306478777610509
21307342232160000
21307342232160000
21306790913065717
21306664060485523
21306002623302277
21306807013276485
21304258033825216
21303456410099933
21303456410099933
21303456410099933
21303456410099933
21303456410099933
21303456410099933
21303423199599626
21305488287444150
21304815657317824
21304815657317824
21309569296574066
21309044760323767
21309044760323767
21309044760323767
21307879040578270
21306398330037182
21311211766219430
21308036010924255
21308659310942172
21308659310942172
21304640401445945
21305139558453118
21305382431438283
21305318864486665
21307100357079427
21307100357079427
21309068881815091
21309068881815091
21309372611461027
21313147217396562
21313147217396562
21313147217396562
21311310776110227
21316064327977993
21320106106134395
21320106106134395
21323839248997201
21321867814658690
21321755877652975
21321595603790184
21321595603790184
21321595603790184
21321595603790184
21321718845494392
21321718845494392
21323015420599636
21323015420599636
21321356838132550
21321510225494831
21323650957686531
21323650957686531
21322870027853463
21322529516557866
21321142099155603
21326131134966491
21330079463127296
21328505244403213
21331445236813382
21333855501721613
21334407638586263
21334407638586263
21334276870971649
21334106993600449
21336802123279832
21336802123279832
21336802123279832
21336439518934978
21338043839103902
21338043839103902
21336960732530710
21337254202271138
21337254202271138
21342990619275192
21342681489786271
21336169055722567
21336169055722567
21338700940797386
21339432591199926
21338347951216474
21338778777360017
21339998038295949
21341246005487552
21329104464792080
21329650234651276
21329281743370756
21332008775558475
21332008775558475
21327870053460414
21327978944151610
21321390428118221
21322209893537497
21322172662449812
21322172662449812
21322172662449812
21315538556453668
21315538556453668
21315538556453668
21315472784658046
21315472784658046
21315565919696258
21315565919696258
21315565919696258
21313058981104831
21313058981104831
21318666356109519
21319689661769917
21319689661769917
21320963219297095
21320963219297095
21324978780920256
21322801934158887
21322801934158887
21327227126655378
21325795671415855
21325598547548086
21325598547548086
21328643431968093
21328229355624708
21327615232596734
21328523807466302
21328476033399218
21327427612546169
21337870306396473
21339409362893957
21337978308871874
21334204078564470
21340406636112269
21342238228622367
21342238228622367
21340153504478245
21340153504478245
21340972437216671
21345221540940845
21345221540940845
21346639737651611
21346639737651611
21346639737651611
21346639737651611
21346872366240230
21348255966605053
21344663564359003
21345719346970990
21345719346970990
21344692980829259
21343906742861196
21348047417921893
21348047417921893
21348428705995491
21346197413808454
21346197413808454
21346197413808454
21346095103240426
21342739838455292
21345659106453682
21342834296544714
21342834296544714
21346196977011241
21345366153676866
21345366153676866
21345366153676866
21345366153676866
21343062720222585
21344742999489909
21344302425117387
21344302425117387
21344302425117387
21344302425117387
21350187083704353
21346279029425584
21343655401120025
21336844025299399
21335770272728173
21335770272728173
21335770272728173
21334567423169536
21332795699790701
21332795699790701
21331435647868455
21331435647868455
21331435647868455
21331636665230941
21330313959595028
21332391275609426
21334936965376460
21333919250469958
21333919250469958
21333843178606440
21334011995181632
21334011995181632
21334178677495072
21334753218546454
21333585767746413
21331444748363764
21331444748363764
21333852212120209
21329229442920802
21332924574178075
21333771180948743
21333771180948743
21333994178146025
21331838128088711
21332200422643975
21332200422643975
21334705359963883
21334705359963883
21339054650080361
21341736516098054
21341736516098054
21344433539251602
21344433539251602
21344433539251602
21345193106590730
21344668025048644
21344668025048644
21344668025048644
21344668025048644
21347808819397178
21340018154026342
21338698709503819
21342782798716239
21341954564997275
21337408641628958
21338317037613932
21338317037613932
21337614905641410
21337614905641410
21337614905641410
21340095581157335
21341639290524192
21339485886480320
21339485886480320
21343517170058092
21343517170058092
21343255769951597
21343255769951597
21343255769951597
21343537221702674
21342884868142473
21342884868142473
21342884868142473
21340970090507458
21340970090507458
21337286557766976
21337286557766976
21334192231071214
21331949983704629
21331949983704629
21329333412958538
21326164185586673
21326164185586673
21324400228366595
21324400228366595
21323120337459255
21322934455093829
21322934455093829
21320021894746529
21318516319449094
21318516319449094
21315932987228041
21315217500133254
21315217500133254
21315309185542628
21315309185542628
21312135663854229
21313480913647015
21311685773635081
21308167378993244
21304895392569427
21307737290451885
21312298697329280
21312298697329280
21312298697329280
21312298697329280
21312298697329280
21312298697329280
21312298697329280
21314703832630241
21311197334117674
21310237811602368
21306682061037083
21314725046202967
21314725046202967
21317939152945487
21315936045694606
21312777649724260
21312097655301194
21310275684916409
21307575269041807
21307170965682893
21307170965682893
21305445730889834
21308965672902671
21308965672902671
21311046048351746
21307974584925880
21307974584925880
21301209525712380
21301209525712380
21304979635628371
21301649887686607
21302791381770627
21305878319085979
21302583245727649
21302731017717245
21300080887471340
21301625960619824
21301762726260739
21301762726260739
21301762726260739
21307528372757086
21307216293757488
21307216293757488
21301581928668692
21301581928668692
21304147392623134
21300831979568606
21300872995255272
21305819514638580
21304606376438489
21304606376438489
21304606376438489
21302563251820571
21303205800085037
21303205800085037
21303835367054748
21303835367054748
21308924853663759
21308924853663759
21299276305810223
21299276305810223
21304581729449958
21301837984236089
21301837984236089
21301837984236089
21301837984236089
21305048412813389
21308835487425383
21311759717503332
21311648514194210
21307831092899466
21307831092899466
21307831092899466
21307831092899466
21307831092899466
21307607983912342
21309655607555504
21308047446868431
21306947671174210
21305108797403743
21302760604963789
21302760604963789
21302760604963789
21301275691919847
21298604947061752
21298604947061752
21298604947061752
21298604947061752
21298604947061752
21298326681944111
21295773700534905
21295773700534905
21297298929043557
21297298929043557
21293946285798704
21295785436555446
21295795622478464
21295795622478464
21298851776715836
21298851776715836
21297022910591449
21297022910591449
21299768736266307
21299768736266307
21299517195661782
21299517195661782
21299517195661782
21299517195661782
21299517195661782
21299517195661782
21299517195661782
21301185536567824
21301185536567824
21303484281729905
21303484281729905
21304091197423296
21301685802008252
21301685802008252
21301685802008252
21306659092909219
21302977419503072
21300652986969367
21300652986969367
21295181228437408
21287954911229707
21290993730801659
21287648630047291
21287648630047291
21288777570615225
21287683411837961
21287683411837961
21286306967101330
21286915709162908
21286915709162908
21285099287481685
21288344298549002
21289868541447892
21282278533390128
21282008143091724
21282408384494411
21282474640286658
21281835812688312
21281835812688312
21283002151132242
21283002151132242
21283002151132242
21279814443191731
21278341864157691
21278341864157691
21280278858893419
21283874398797086
21285825785670131
21285825785670131
21285825785670131
21285825785670131
21285825785670131
21285825785670131
21281635266561437
21279479753493078
21283017068507774
21281873840215428
21284995513739231
21287565298605670
21287565298605670
21289603258013144
21290033632937689
21290033632937689
21293258301704504
21292042500596996
21290932738182535
21290932738182535
21290932738182535
21290114262242538
21288270020142589
21288270020142589
21288270020142589
21288270020142589
21289342204565585
21289342204565585
21290048039499533
21295417322474101
21296752941828148
21298718420674298
21298718420674298
21298047479143091
21293024180989188
21293024180989188
21293024180989188
21294346327983826
21294346327983826
21290065084751469
21291027954793909
21291027954793909
21293807306906503
21293807306906503
21291581894314958
21292162879051774
21292162879051774
21292612079934930
21292612079934930
21288791263612565
21288791263612565
21284164851273257
21287119274319792
21287119274319792
21288864974039771
21291445585292291
21293216169811597
21295169557595093
21291526784297592
21287943867915036
21289822620918080
21289822620918080
21289302967003622
21291486270087403
21291486270087403
21291486270087403
21295352065000058
21294051226289243
21292916181431719
21293363004735297
21293307613938032
21289701178933380
21289701178933380
21283584470109344
21284792613829455
21285232948230885
21285232948230885
21283151453440046
21283151453440046
21283151453440046
21279777865310352
21278086436011866
21278443636125424
21275707039032784
21277021692194461
21277572581612930
21277654520965646
21277654520965646
21277015941948546
21274941390744473
21276455411828982
21281374203489204
21281374203489204
21280855695579948
21281563553378730
21281563553378730
21281563553378730
21281563553378730
21281037701858999
21288238227542127
21290763305225258
21290763305225258
21292756619076642
21295008575758950
21295008575758950
21293847139738478
21290806466406394
21290474409684450
21292964345286909
21295430840007523
21294780129553576
21294278843361180
21293795808863207
21292946035251427
21293584162232652
21290511499052069
21286664007351402
21280750685487139
21281041015447590
21281041015447590
21273743951160537
21273628561863443
21273628561863443
21273628561863443
21273628561863443
21273628561863443
21268692607934612
21268692607934612
21270034915310687
21269075086703048
21270963493660947
21270963493660947
21270963493660947
21270963493660947
21268803932110293
21268803932110293
21268803932110293
21268803932110293
21268803932110293
21268318553197879
21270079833777385
21270079833777385
21269015100144941
21266647106526460
21267704836783338
21267704836783338
21267704836783338
21270745976574484
21270745976574484
21268638378105966
21269493013044375
21265837898445913
21265837898445913
21265837898445913
21267398739832964
21267398739832964
21267398739832964
21270349280075127
21272010771454614
21272857713495377
21271335155907970
21270131637429211
21266767619486021
21266166468471544
21265316991451568
21265316991451568
21265316991451568
21265316991451568
21263615190537286
21263615190537286
21263615190537286
21263615190537286
21269788640714779
21266010288109141
21263605873057819
21259002070832781
21256846533582427
21257735080153072
21255310618767255
21255310618767255
21268723763490509
21270979050072565
21270979050072565
21266887966417803
21268479545273962
21267002527472225
21267002527472225
21267002527472225
21266517061157522
21265536481029158
21265559959298505
21265559959298505
21263100022508489
21258954503333197
21258954503333197
21258262693224005
21258262693224005
21258262693224005
21258262693224005
21264360855349357
21263172954867365
21263172954867365
21262816554695178
21262816554695178
21262816554695178
21262993261241240
21262993261241240
21262993261241240
21262993261241240
21262993261241240
21259390755251248
21259283355190678
21260981401211327
21264077853876908
21264077853876908
21264077853876908
21264077853876908
21264330583633701
21268656981673351
21269732381231887
21269732381231887
21270672488062633
21270672488062633
21270672488062633
21269211870867675
21268654087848749
21268654087848749
21268654087848749
21268813544492468
21268813544492468
21268813544492468
21270258870985290
21270258870985290
21270258870985290
21270332170943887
21268661390187959
21268486257544951
21268486257544951
21271243932495319
21274029669807505
21274915262487191
21271898219515030
21271898219515030
21271898219515030
21272568761382774
21274318586808497
21275649073346561
21273891309138409
21271302435404115
21271302435404115
21265945207613977
21265945207613977
21265945207613977
21272582698714084
21274623489536999
21274515247894980
21274515247894980
21270633334247243
21269443771728382
21269615384095847
21271199952503282
21271199952503282
21267936825717813
21269993041516789
21272678970399057
21277007502908645
21277007502908645
21277007502908645
21279945152110640
21279971644467560
21281941857231858
21281907792944085
21281907792944085
21281907792944085
21286209583765820
21284279074592347
21284279074592347
21284279074592347
21284343178167092
21283102230933067
21283102230933067
21278815134710264
21278815134710264
21278815134710264
21278815134710264
21281853241018539
21281853241018539
21278997496481887
21278002387834009
21278002387834009
21276274863808773
21276274863808773
21283566447951464
21280441068967309
21280441068967309
21274763275555301
21274763275555301
21275915632621761
21273143054250311
21273143054250311
21265407543517231
21265407543517231
21265407543517231
21264299242805040
21262566499121328
21264203333389139
21264203333389139
21264203333389139
21262986432635189
21263042254182727
21264263147973680
21264263147973680
21264263147973680
21264263147973680
21264263147973680
21264263147973680
21264263147973680
21261702306472883
21261702306472883
21262008534184994
21262330264661837
21262357499919978
21263353505689332
21263353505689332
21262638364976268
21264000842201832
21264000842201832
21266183206626777
21266183206626777
21267282943489814
21267707348239626
21268792959314423
21265304265646645
21262768509888043
21262768509888043
21260398648439552
21264106604111087
21251076323619351
21251076323619351
21251076323619351
21251483482958902
21251483482958902
21252993649392783
21254405179976432
21255335772699915
21255335772699915
21255335772699915
21254244655310528
21254244655310528
21254244655310528
21255727695644435
21255727695644435
21255467189461555
21254391641163124
21251109850603884
21239922270779183
21241614646045238
21249136648699062
21250768971995845
21248653756513459
21246811385062058
21246811385062058
21245074660680078
21245069440523803
21244008318866110
21244008318866110
21245191626758576
21249244272985916
21252937627437488
21249899369685496
21249899369685496
21252349825328851
21251108051696294
21252250783787938
21253121598914620
21255362604232050
21258279558230002
21262303680112169
21262303680112169
21265927189692395
21264122364554415
21264122364554415
21264122364554415
21265433712848289
21265433712848289
21265289904363348
21271344781650141
21273003410455135
21273330858460633
21271701009928427
21271701009928427
21272353022268702
21274559609132516
21274559609132516
21274559609132516
21271596952142301
21270946145889235
21270946145889235
21270946145889235
21270946145889235
21270946145889235
21271463263124248
21271631507957352
21270676452606163
21271823578830019
21271823578830019
21270325082879377
21270325082879377
21273834144532447
21273834144532447
21273564659890344
21274123299373053
21273923540038027
21271107121155605
21271107121155605
21271107121155605
21268890749931773
21268890749931773
21268890749931773
21270122167413335
21270122167413335
21269700479149971
21270531458371828
21270294834401369
21270534568856116
21270534568856116
21269130163361673
21269130163361673
21269130163361673
21269261736637413
21274858568696781
21274858568696781
21278125496531423
21282521039404957
21282521039404957
21282521039404957
21282521039404957
21282521039404957
21282521039404957
21282521039404957
21279825234757526
21281615234201076
21281615234201076
21280890336219703
21281659734831741
21282596698930931
21285431941430747
21288352320332879
21282501599481238
21285641077338924
21285641077338924
21274497421508867
21277236672658443
21276368363637500
21276368363637500
21276368363637500
21276368363637500
21276368363637500
21276368363637500
21276368363637500
21275960380089005
21275960380089005
21275960380089005
21275960380089005
21275960380089005
21272392918706122
21272392918706122
21272392918706122
21272392918706122
21272392918706122
21272392918706122
21275900321547082
21276916914619110
21272970086169351
21272296146868208
21269683299399925
21269683299399925
21269987617311146
21267117178489691
21269822696514531
21273029913413271
21273029913413271
21273029913413271
21273029913413271
21273029913413271
21272761713983718
21272761713983718
21273223808189474
21274477140443330
21274477140443330
21273481016339154
21279968587711841
21279968587711841
21280179428669823
21279344508454618
21276299797059826
21275491877238340
21277962907593351
21277962907593351
21274157057908986
21273696020413323
21274121869944760
21269556405638154
21268670703063447
21268670703063447
21270611212478655
21273984843620569
21272872567445549
21272872567445549
21272872567445549
21270628465350927
21270324551147946
21275324588694329
21279764086154248
21277583261209806
21277583261209806
21277583261209806
21272118119495959
21268391024727709
21268391024727709
21268391024727709
21268267067823478
21269315924526623
21261187131068289
21255218831391876
21255218831391876
21250947671915185
21250947671915185
21249836617661898
21249165285818803
21252629228342797
21252054479361770
21252054479361770
21251212317009260
21252296155718746
21252296155718746
21252296155718746
21252296155718746
21252296155718746
21252296155718746
21252296155718746
21248417305672730
21248119464867563
21248119464867563
21249685704998559
21250162662655510
21250594118389745
21254612182686189
21254488513282638
21258770811181513
21258770811181513
21258770811181513
21256657099523138
21255463022432350
21255463022432350
21255463022432350
21254037381496506
21254007193905644
21254007193905644
21254277171098601
21255462154508914
21255462154508914
21254263491735288
21256513346316238
21256513346316238
21258813611513088
21258813611513088
21258813611513088
21258813611513088
21257390187562011
21256074093027105
21256074093027105
21260642861001060
21266620857560611
21265174276316549
21262159372053709
21264152541857682
21264152541857682
21266693353355404
21268511785674470
21268511785674470
21269115571029572
21268415715649019
21270031783067153
21270031783067153
21270031783067153
21273723373288679
21271361197934426
21271361197934426
21271361197934426
21271361197934426
21271361197934426
21271361197934426
21271361197934426
21269928235312140
21269928235312140
21269928235312140
21273821861772147
21272510040457595
21272775910128365
21272775910128365
21272507954232563
21268778362442894
21270847854686090
21271138234868809
21272889563983823
21268699832266669
21272260013366942
21272951936786490
21272951936786490
21277595162711437
21278541685407491
21277945004637599
21276300974871866
21287932087684657
21282827860120768
21286303814456624
21282884562699237
21280416976974229
21281020686450128
21281020686450128
21281020686450128
21278888841038800
21278888841038800
21278888841038800
21277853507548849
21280926103797480
21279052874466971
21283695767766998
21284114268373148
21281778643149191
21281778643149191
21278390454012722
21278498282381043
21277300214782451
21278159722422379
21276085267295002
21276085267295002
21276334241567206
21276334241567206
21272708654505246
21274506324179648
21278505320448710
21278505320448710
21278505320448710
21278505320448710
21278443400382747
21278379394815079
21281861729521180
21281462496877520
21281462496877520
21280931134534826
21280931134534826
21280824702118952
21280824702118952
21275367228273236
21275367228273236
21272725734150055
21272725734150055
21272725734150055
21271371090235002
21263662138734409
21263662138734409
21263662138734409
21263662138734409
21263662138734409
21261155625719400
21253223255637255
21254330764361592
21254330764361592
21253852842179512
21247483705885307
21244121800498064
21244121800498064
21244121800498064
21244887197510382
21243312252937658
21243312252937658
21242281546412147
21248685249360285
21246565832591455
21248702596842136
21248702596842136
21248702596842136
21248702596842136
21248702596842136
21248702596842136
21248702596842136
21245601263817464
21252783896119560
21252783896119560
21252783896119560
21252783896119560
21258626534331384
21258626534331384
21257359874556700
21257359874556700
21260611732196774
21263673163923855
21275513799176610
21277614394771873
21273731685950169
21272002415098755
21272002415098755
21272002415098755
21271562204479437
21267935273884916
21267935273884916
21267935273884916
21259084107483668
21259932847664252
21259932847664252
21259994706403090
21261712604190449
21260919424261339
21260919424261339
21256792144728215
21262681612756816
21260204188197092
21260204188197092
21258105301289387
21256036735932240
21256036735932240
21256036735932240
21258031105904467
21258952517781864
21258952517781864
21256034376792472
21255745835511287
21259688655454795
21260048058930721
21256440730954240
21257073858317449
21258623659530650
21258216546114700
21259530871386930
21259530871386930
21259530871386930
21257192108498976
21258868860101430
21258868860101430
21250416115611452
21251818879014506
21253082420996135
21253082420996135
21253082420996135
21253082420996135
21250687531514343
21251382648527868
21251382648527868
21252078182018958
21252406717182456
21252406717182456
21252406717182456
21252244754160975
21254283845416154
21254283845416154
21256924943122695
21266641039036675
21266641039036675
21263247607655686
21263247607655686
21263890968016970
21263630822174154
21274263957506106
21273680171635037
21273680171635037
21274396178432675
21278191099429046
21278191099429046
21278191099429046
21278191099429046
21276376818588407
21276376818588407
21278895408535350
21278895408535350
21282564678558948
21279302132757334
21279302132757334
21280740218286020
21280740218286020
21280309112820404
21280309112820404
21282600852640277
21284234763365966
21284234763365966
21278688975060567
21281147512265571
21281114274110889
21276993532121248
21276993532121248
21276993532121248
21275465339238493
21275465339238493
21275465339238493
21275465339238493
21275465339238493
21275474856631415
21279258037175188
21279258037175188
21279258037175188
21279258037175188
21280409598635176
21280409598635176
21283191203156999
21288181427897498
21288181427897498
21288181427897498
21288181427897498
21288181427897498
21287872845771920
21285606064943571
21285606064943571
21279148921137416
21282267706754855
21287281291915347
21287189874221017
21287498288203896
21287498288203896
21285690103275752
21285690103275752
21287745847352716
21284435869033269
21284435869033269
21284435869033269
21284435869033269
21281726273790652
21281726273790652
21281726273790652
21282902143238563
21282902143238563
21284560591843694
21283481943745066
21283223002444106
21284136623052431
21284136623052431
21284256187936670
21284256187936670
21270956960331765
21270956960331765
21270416184274579
21266668388750873
21266668388750873
21266668388750873
21262409853535691
21260866928293908
21260373267556402
21260373267556402
21260373267556402
21261947357543938
21262754647428050
21256465312703066
21256414367556580
21256414367556580
21255409453985177
21258383693503514
21258190547628316
21258190547628316
21255915023285568
21251125157057327
21255155625324355
21258418954250407
21259294724384140
21259294724384140
21261129781308772
21261129781308772
21261129781308772
21261011814240155
21270367163321789
21270367163321789
21269836718665643
21270255012056916
21270315113575424
21273946034190226
21277884927743514
21277884927743514
21280615428218496
21278742835151998
21278052028471393
21278052028471393
21278052028471393
21278565858865585
21276256803809181
21275300783149399
21273763041126547
21273396803401631
21274250416319628
21276939053466963
21276939053466963
21275466685730254
21276807567099420
21276844656078333
21277400754170649
21276353155533050
21276370518501605
21276370518501605
21282893915841927
21287425698092079
21287425698092079
21286567834879213
21286567834879213
21289630480306954
21288514124641986
21292310126409370
21292310126409370
21290861953297657
21290861953297657
21290289507278426
21292942526971634
21291341746624014
21290003260629128
21292892609468214
21292892609468214
21295601389481064
21295601389481064
21295340381931744
21294647560781853
21295882045344045
21304668950915312
21302553777545592
21302553777545592
21302553777545592
21304408449469849
21304408449469849
21304421702160905
21304224051744880
21308907727935062
21308907727935062
21308907727935062
21311323948611506
21309754680103719
21309754680103719
21315978863569312
21315441598792524
21317661452693767
21317918172963903
21317918172963903
21318531518176805
21318531518176805
21318531518176805
21318531518176805
21318531518176805
21320737184206320
21320737184206320
21320737184206320
21320737184206320
21321429734202138
21324206913040103
21327759135011288
21327759135011288
21325898570141231
21325898570141231
21325361611857234
21325460779452485
21325460779452485
21325460779452485
21324746735273108
21326729849176654
21326478500579407
21326478500579407
21326478500579407
21326478500579407
21328597543664786
21324512911687374
21324512911687374
21324511897145582
21319985676062506
21319985676062506
21318587979493075
21318587979493075
21320202266761966
21320202266761966
21320402684124420
21319495040075700
21311995352379769
21311995352379769
21312816280464526
21312035848212459
21313593045620938
21313593045620938
21312778046638374
21312778046638374
21312778046638374
21320916659330669
21326378241350231
21326378241350231
21326378241350231
21324916826617302
21323815465314576
21323815465314576
21323815465314576
21324052294093121
21324052294093121
21324052294093121
21319454733768240
21316750148074825
21316750148074825
21317643199188755
21313585628582733
21316170861604421
21316170861604421
21318416062445706
21318416062445706
21318455240183410
21319950515535556
21319244874855706
21319244874855706
21319244874855706
21319244874855706
21318878857219814
21318878857219814
21317738447854054
21323398098309405
21324930751881784
21324930751881784
21326764166462224
21326764166462224
21326764166462224
21325196412732725
21322382960094259
21322382960094259
21320485069645935
21319319540684285
21319348331935749
21320804991561332
21320804991561332
21321035138389353
21321015972771607
21321028480321927
21321974941498024
21320377146842005
21320711244721232
21322076945189604
21322076945189604
21322766985228347
21322766985228347
21322766985228347
21326474868129765
21326474868129765
21330264848508013
21331370930817437
21331370930817437
21333102096056967
21335741696918980
21332796347317383
21333854962743059
21332205732719955
21339599814839201
21342327273859659
21342327273859659
21336133570813388
21325642183758819
21325642183758819
21325642183758819
21326554694124445
21326709225757504
21326709225757504
21323932578118146
21324452043228868
21324452043228868
21324875232505911
21321712847916483
21321712847916483
21320276563020265
21319452532724174
21317160234994766
21318333263126941
21321887273293790
21324036684220707
21319777190288743
21315794881816198
21317625374743101
21317625374743101
21317738372222033
21320569491566883
21320569491566883
21324862361354720
21322280140062826
21322280140062826
21322280140062826
21322280140062826
21322530824323130
21319886779475324
21322550961188614
21322020478543305
21322040158765145
21330117386181039
21330117386181039
21327708538965711
21327708538965711
21327708538965711
21327089376658917
21327107018634645
21327107018634645
21327107018634645
21329727182749927
21329727182749927
21333381740597926
21335779010604941
21337592103982256
21331210077624065
21331210077624065
21334895773981898
21335584268469974
21335584268469974
21340885248141410
21337482631440509
21336560898253659
21346700991076573
21346023550046187
21347923212726681
21347923212726681
21347923212726681
21348655733618315
21348842187484527
21348897091048561
21349891527231719
21349891527231719
21351960150057399
21350014858386307
21350014858386307
21352457185635062
21352457185635062
21352482568535719
21356350819098475
21356350819098475
21356350819098475
21355932132153267
21355932132153267
21355932132153267
21355270335703112
21356857343503997
21356857343503997
21358978866338800
21358978866338800
21358978866338800
21362064333599196
21362064333599196
21365924670569030
21368488396706099
21371792235756214
21369374426678182
21370831758282504
21372388808389613
21372315219227680
21372315219227680
21374534235890279
21374534235890279
21367858254665596
21369088280325759
21363219933359699
21362633906733807
21361610658922289
21361441421282090
21358068609150510
21358068609150510
21353006462405134
21355054697409678
21355054697409678
21355054697409678
21358623676251597
21358352259262408
21359166949305992
21359166949305992
21359166949305992
21359166949305992
21359166949305992
21363051561111029
21364596474616431
21365364017332669
21365364017332669
21365906870426197
21361649547714506
21359795080954311
21359405937870312
21357905042671221
21358060889913339
21358014015266178
21358680017326494
21356996345287352
21356935619977196
21358727707202874
21358727707202874
21358744661576515
21358744661576515
21357316019114141
21357316019114141
21356604933044397
21354425957696150
21354425957696150
21353537730646082
21353537730646082
21353779933611160
21347244316510904
21347244316510904
21343634545830891
21343634545830891
21343634545830891
21342659938984161
21340419546781237
21339847103206042
21339847103206042
21340150012197145
21340150012197145
21344262479328761
21344262479328761
21342288670205856
21339762308801677
21339762308801677
21333105735530919
21338018765265144
21339479001040464
21338222471000903
21337864872023370
21337864872023370
21337864872023370
21337783782286523
21336518705906266
21341013211222293
21339366342734648
21341607281549556
21341607281549556
21341607281549556
21341627354872108
21341627354872108
21341627354872108
21341627354872108
21339918566180508
21338195685300174
21340166018274496
21342931325711977
21339494952598827
21339494952598827
21339494952598827
21342594387859591
21345039636319105
21345039636319105
21345039636319105
21345039636319105
21348038008577772
21353276858760357
21353276858760357
21355407807573880
21348368449066601
21344759147809101
21342269722977818
21342269722977818
21350391179553553
21350391179553553
21349573020667349
21348849720791271
21348849720791271
21350066586295038
21348609629729486
21346831690626997
21346831690626997
21345468276910663
21345521011693072
21348668463564432
21353023175264548
21352215478165801
21351537970934167
21357171881563670
21357171881563670
21359063132831221
21360076304569602
21360076304569602
21361359449955648
21355662177258290
21354099331970298
21354681573045523
21349437344739345
21349437344739345
21350673165038140
21348647449488894
21351325853698365
21353438988755803
21357272984967550
21357272984967550
21357557312903768
21351088380345435
21351966951386745
21351966951386745
21352341677117075
21352341677117075
21348991906697454
21353182582283200
21351304813264158
21351304813264158
21351304813264158
21351304813264158
21349637956508803
21350104128675037
21350104128675037
21349006062138527
21349889733392877
21347840604315181
21347840604315181
21347474494922003
21347474494922003
21349778136225407
21349778136225407
21348791568814219
21347629726576706
21347605654002707
21347189718951487
21347983958598560
21347983958598560
21347847296391162
21348720901212467
21348720901212467
21347104932616896
21349755444113544
21349556245710758
21351190232559040
21353115193388832
21350138136537764
21348690906166456
21342759817220573
21337716718940856
21341874900612795
21341874900612795
21341874900612795
21345980420251916
21347032425307688
21347032425307688
21346995661155552
21348260204525935
21347481100012624
21347062204760195
21354358834390325
21356470242240552
21364914864762549
21364914864762549
21363008593730840
21363008593730840
21359286738134289
21359286738134289
21354886300236376
21354886300236376
21359919232938949
21359919232938949
21359919232938949
21360042977045664
21361573729346291
21361573729346291
21361573729346291
21361573729346291
21361005219894133
21359780277221750
21355077468868687
21355077468868687
21354877981072771
21348897971589370
21349035601735532
21349035601735532
21349712261198895
21349712261198895
21349702752930102
21348310013971444
21349860043452621
21350205919941918
21351683169599779
21351683169599779
21351683169599779
21353718222880022
21353718222880022
21354644256512226
21355057899666643
21352936267707908
21349441435820033
21348569594846968
21350741486507618
21351622399107573
21348682577532357
21348682577532357
21348682577532357
21348682577532357
21351180093826762
21354386008707561
21359415237840142
21356979071391723
21355466328805698
21355466328805698
21355466261819729
21355466261819729
21358498318911620
21361539538146773
21361539538146773
21361432609786769
21361432609786769
21362048627329490
21360254088945494
21360204588072287
21357629038956130
21357629038956130
21358391990975312
21358425912277867
21357876269933707
21357876269933707
21359161313296738
21359161313296738
21358276253008419
21358276253008419
21356758518630191
21356058970459108
21355284604171519
21351328489874238
21350952657229200
21352714671573894
21351260043338397
21351260043338397
21355765405941090
21358990173664904
21357597218426012
21357193876613629
21356689056329459
21353758327148590
21353758327148590
21353758327148590
21352522065248189
21352522065248189
21352522065248189
21352522065248189
21345624934484586
21345624934484586
21346279018713765
21348656130553937
21348656130553937
21345491165818214
21345507258734102
21345782691778786
21345184633028963
21343297043334350
21342074173868185
21340771372123582
21343246806749125
21343520898593571
21344933160841364
21343782494724543
21343137134619297
21346241583092031
21350884923088263
21350884923088263
21347117815281716
21347117815281716
21346543928748575
21346543928748575
21344539366025028
21344539366025028
21345257239821971
21345257239821971
21345099820683437
21343422148447028
21343939093889580
21343939093889580
21343939093889580
21344705360808937
21341168280731705
21341901007597538
21339849323245070
21341814259857387
21341814259857387
21344339587340723
21344339587340723
21342501329318657
21342501329318657
21339205493336348
21339205493336348
21339889529643845
21339889529643845
21343502783801513
21342460460365023
21338112165392497
21336852860732444
21336799826596688
21333265567844772
21329847780878433
21329847780878433
21333622673417778
21335076957920754
21335194504214773
21335194504214773
21333139056919259
21330555582433320
21328006572397748
21327276441673047
21327276441673047
21325443818283317
21321579942728504
21321579942728504
21325749053843725
21325749053843725
21327481439805361
21326859021367409
21323062177310522
21327702745492277
21328925026675909
21328551754054516
21328551754054516
21328551754054516
21330367957098319
21327733010175325
21323121214111648
21323987160844626
21322908372076967
21322783685436745
21325960759717740
21331792690344050
21325780780249139
21325665964852430
21325740994181128
21325740994181128
21325740994181128
21329023390762728
21326305994634867
21326305994634867
21326305994634867
21323972774193444
21323972774193444
21323972774193444
21323972774193444
21325424847052321
21325424847052321
21313970622540587
21314673610290506
21316217644847617
21314935725468813
21308091423764913
21308091423764913
21308091423764913
21307381715734510
21307381715734510
21305320023907146
21305320023907146
21306935329906118
21309684270950065
21312114895680163
21313098220169029
21309319822410598
21305868302593186
21305868302593186
21305868302593186
21304442111189647
21304746937408832
21302943650862195
21307634424490061
21307839343895691
21309832794035298
21310433582870698
21310433582870698
21307562358032544
21306192400488107
21306865436167416
21306865436167416
21306253887715815
21306253887715815
21306253887715815
21311769651246413
21309276203826326
21308758069145824
21303382150457653
21313257292262361
21316264389813458
21305747916040248
21304078540019283
21302549980271390
21301074775831979
21304039907868093
21303243588350777
21301595821395510
21296976619030943
21296755783071305
21297160957114555
21297160957114555
21294732218718649
21294732218718649
21282305829949161
21282305829949161
21279797975442037
21282876479526145
21282876479526145
21282063730618007
21284246120532720
21288287438302579
21288287438302579
21288287438302579
21288945576648896
21288945576648896
21285075648688320
21285075648688320
21289170389772135
21289170389772135
21287575584315224
21287575584315224
21287365587307847
21287233279093262
21291806361751121
21290133440637224
21289572521917414
21289572521917414
21287789450579300
21287789450579300
21288765643658853
21288765643658853
21285559354656747
21283604588774293
21282872915465432
21283505665147275
21283363442686921
21283363442686921
21283363442686921
21274251991994928
21274251991994928
21273201192839001
21275325666923823
21272739190736043
21272739190736043
21271462265064984
21272499526697269
21271763189245036
21273786436878243
21270319505673647
21269821795014104
21265240616463643
21267032935152354
21267032935152354
21267988722742578
21267988722742578
21271367672934917
21271026058143571
21270971621223677
21272470236854376
21272470236854376
21265703141910994
21265703141910994
21266939498752360
21269354164804561
21269213270639525
21269213270639525
21270207369890200
21271026175546306
21272517229808682
21278583515987721
21278583515987721
21277839671664496
21274181773563002
21274317632071053
21271645922575017
21271645922575017
21276901017159297
21276901017159297
21276901017159297
21273489098097090
21272945473954741
21272945473954741
21278489064315277
21278489064315277
21275597521437258
21275597521437258
21275597521437258
21274844394151849
21274844394151849
21274844394151849
21275515936520430
21274637578676887
21274637578676887
21274637578676887
21274637578676887
21275196116908101
21275196116908101
21276508777403833
21276508777403833
21274207910483443
21274207910483443
21274207910483443
21274207910483443
21270426289153893
21267310015860168
21268105137760956
21268105137760956
21268105137760956
21269135028339319
21269135028339319
21269135028339319
21266446244444215
21272773268819381
21272773268819381
21271728861243903
21271728861243903
21274626843480619
21271302746479652
21271302746479652
21270089082299774
21271389481334423
21271389481334423
21270826216016322
21271264829726404
21271737804271859
21271737804271859
21272693847389530
21275513725811747
21275513725811747
21276207255198657
21276054192864193
21276054192864193
21273462443348681
21273461725770208
21272031729149188
21271786300108806
21272276906319325
21272276906319325
21275152463455960
21275152463455960
21277214940261329
21275755686044795
21275043238806830
21270212246020390
21269812750377841
21270717338707477
21273274455182404
21274329204698251
21273754488704199
21273092251359389
21278271028590706
21281346072080849
21281346072080849
21279805270823344
21280395781122706
21280395781122706
21278251391394312
21275900023667762
21274341490258894
21283376761239729
21285234733016856
21285518784080976
21285518784080976
21284173304157232
21284935285808801
21286545718702116
21286545718702116
21284769728842303
21284769728842303
21284769728842303
21284769728842303
21283516874141220
21286485515417792
21286485515417792
21286485515417792
21286485515417792
21283688627627414
21282266431977050
21285538296183609
21287822083956165
21279937776206096
21278691249741425
21278691249741425
21279622898526638
21282149385006639
21282149385006639
21282149385006639
21281994500226203
21281994500226203
21281105786425979
21281105786425979
21281105786425979
21283967935571153
21287730805359061
21287730805359061
21286441854828069
21287005396657507
21286202227975229
21286202227975229
21281240133739873
21281556514699020
21284338059738810
21285480130983310
21285480130983310
21280076529729611
21277557978065563
21277557978065563
21277557978065563
21273612002314265
21269761076551782
21270600873300840
21270966054330004
21268520599697906
21268274967964302
21268274967964302
21272769926557164
21273105721900050
21271676855795205
21271081400740719
21267402557881057
21267402557881057
21268689131067091
21271967441091490
21275677991879104
21275677991879104
21275677991879104
21278785826451191
21278241906658498
21278241906658498
21281797940146163
21281797940146163
21281797940146163
21279644183302468
21279555135571813
21281434468920151
21284346059286498
21282910500481206
21282910500481206
21283539773753152
21288361813542154
21285930181320761
21285930181320761
21287062633276595
21287338449400781
21287940809496931
21287940809496931
21287940809496931
21286422556260382
21286422556260382
21286422556260382
21286422556260382
21283777573834736
21283777573834736
21278656411497886
21276972561144398
21276972561144398
21276972561144398
21278381052790076
21278381052790076
21278381052790076
21279549727242180
21276000242828546
21275913439293048
21282549666415282
21282549666415282
21278390870365918
21282015076058389
21278193046940121
21278193046940121
21278193046940121
21278193046940121
21278193046940121
21276941621566172
21278544158814439
21278544158814439
21278544158814439
21277140291354020
21277024419056092
21277342891352686
21275423367578574
21282014416253998
21272072127089205
21277880427776429
21277880427776429
21277880427776429
21281100406324617
21285625043689183
21283935112422484
21288419779354877
21288206247896117
21288206247896117
21288206247896117
21288206247896117
21288206247896117
21287556834242451
21287556834242451
21291393431512248
21292955851857703
21292955851857703
21292955851857703
21292955851857703
21294220973471260
21294220973471260
21294388342308896
21295802131303755
21295802131303755
21296356657998304
21296356657998304
21293265823628024
21287612594478536
21290348708469755
