3325
-1
-1
-1
11552
-1
-1
-1
-1
-1
5952
-1
-1
-1
-1
16794
-1
-1
-1
-1
-1
12919
14717
-1
-1
11768
-1
-1
-1
-1
-1
-1
17988
-1
-1
-1
-1
-1
-1
-1
-1
-1
-1
-1
13005
-1
-1
-1
17973
-1
-1
-1
-1
-1
-1
-1
14195
-1
-1
12667
14358
-1
12865
-1
-1
-1
-1
-1
-1
17608
-1
-1
-1
-1
-1
-1
-1
10814
14163
-1
-1
-1
14297
-1
-1
-1
-1
-1
-1
-1
-1
-1
-1
-1
-1
-1
-1
-1
-1
-1
11310
-1
-1
-1
-1
-1
-1
-1
-1
-1
-1
13401
-1
13740
-1
-1
-1
-1
-1
-1
-1
-1
-1
-1
-1
-1
-1
-1
-1
16876
-1
-1
-1
-1
17174
-1
16269
-1
7192
-1
-1
-1
-1
-1
-1
-1
-1
15611
-1
-1
-1
17948
-1
8991
-1
-1
-1
-1
-1
-1
-1
-1
18247
-1
-1
-1
-1
8027
-1
-1
-1
-1
-1
-1
-1
-1
-1
-1
-1
-1
-1
-1
16094
-1
-1
-1
-1
-1
-1
-1
4419
-1
-1
-1
-1
-1
-1
-1
-1
-1
-1
-1
9942
-1
-1
-1
-1
-1
-1
-1
-1
-1
-1
-1
-1
10635
-1
-1
14785
-1
-1
5150
-1
-1
-1
-1
-1
-1
-1
-1
-1
16206
-1
-1
-1
-1
18478
-1
-1
-1
-1
-1
-1
15272
-1
14286
16002
-1
-1
-1
-1
-1
-1
-1
-1
-1
-1
-1
-1
-1
-1
14161
-1
-1
-1
15955
18516
-1
-1
-1
-1
13894
-1
-1
-1
-1
-1
-1
16665
-1
-1
12397
-1
-1
-1
-1
-1
-1
-1
-1
-1
-1
-1
-1
-1
-1
-1
-1
-1
-1
-1
16151
-1
-1
-1
-1
-1
-1
-1
16342
18262
-1
-1
-1
-1
-1
-1
-1
13572
-1
-1
-1
-1
-1
-1
-1
-1
-1
-1
10220
-1
-1
5314
-1
-1
-1
-1
-1
-1
-1
-1
-1
-1
-1
-1
-1
-1
-1
-1
-1
-1
-1
-1
1723
14007
-1
18246
-1
-1
-1
-1
-1
-1
16817
-1
-1
-1
-1
-1
-1
-1
-1
-1
-1
17991
-1
12076
-1
-1
-1
-1
-1
-1
-1
-1
-1
-1
-1
-1
-1
-1
-1
-1
17736
-1
-1
-1
-1
-1
-1
-1
-1
17674
10644
-1
-1
-1
-1
-1
-1
18686
-1
-1
-1
-1
-1
-1
7972
9897
-1
-1
-1
-1
-1
-1
-1
-1
-1
-1
-1
-1
-1
-1
-1
-1
-1
-1
-1
-1
-1
-1
-1
-1
-1
-1
11600
-1
-1
-1
-1
-1
-1
-1
-1
-1
-1
11790
-1
-1
-1
-1
-1
-1
-1
-1
-1
-1
-1
-1
-1
-1
-1
-1
14631
-1
-1
-1
-1
-1
-1
-1
-1
-1
-1
-1
-1
-1
-1
-1
-1
-1
-1
-1
-1
-1
-1
-1
-1
-1
-1
-1
-1
-1
15089
-1
-1
-1
-1
-1
-1
-1
12911
-1
5695
-1
-1
-1
-1
-1
16164
-1
-1
-1
-1
-1
-1
-1
-1
-1
-1
-1
4792
-1
-1
-1
-1
6701
-1
-1
-1
-1
-1
9640
-1
-1
-1
-1
13565
-1
-1
-1
-1
-1
13860
-1
-1
-1
-1
-1
-1
-1
-1
-1
-1
-1
-1
-1
12570
-1
-1
-1
-1
-1
-1
-1
-1
-1
-1
-1
-1
18434
-1
-1
-1
-1
-1
-1
-1
-1
-1
-1
-1
-1
-1
-1
-1
-1
-1
6871
-1
-1
-1
-1
10789
-1
11101
-1
-1
-1
15053
-1
-1
-1
8702
14102
-1
-1
-1
-1
-1
-1
-1
-1
-1
-1
-1
-1
-1
-1
-1
-1
9168
-1
-1
-1
-1
-1
-1
-1
-1
-1
-1
-1
-1
-1
-1
-1
18045
-1
-1
-1
-1
-1
11596
-1
-1
16909
-1
-1
16228
-1
9070
3373
16527
-1
-1
-1
-1
-1
-1
-1
-1
-1
-1
-1
-1
-1
10620
-1
-1
-1
-1
-1
-1
-1
-1
-1
-1
-1
-1
-1
-1
-1
12535
-1
16663
-1
-1
-1
-1
-1
-1
-1
-1
-1
-1
-1
-1
-1
-1
-1
16522
-1
-1
8265
-1
-1
-1
-1
-1
-1
-1
-1
-1
12892
-1
-1
-1
-1
-1
-1
-1
-1
-1
-1
10623
-1
-1
-1
4706
-1
16767
-1
4437
-1
-1
12663
-1
-1
-1
-1
-1
-1
-1
-1
-1
16320
-1
-1
-1
-1
16892
-1
-1
-1
-1
-1
16058
-1
-1
-1
-1
-1
-1
-1
14262
-1
-1
-1
-1
-1
-1
-1
5495
-1
-1
-1
-1
-1
-1
-1
-1
-1
18017
-1
-1
-1
13662
-1
-1
4798
-1
-1
-1
-1
-1
-1
-1
16676
-1
-1
-1
-1
-1
-1
-1
-1
-1
-1
-1
-1
-1
-1
-1
-1
-1
-1
-1
16024
-1
-1
-1
-1
-1
-1
-1
8189
-1
-1
-1
-1
-1
-1
-1
-1
-1
-1
-1
-1
15450
-1
-1
-1
-1
-1
-1
-1
-1
-1
-1
-1
-1
-1
-1
-1
-1
-1
-1
-1
4488
-1
-1
-1
-1
-1
-1
-1
-1
-1
-1
-1
-1
-1
-1
-1
-1
-1
-1
-1
-1
-1
-1
-1
-1
-1
-1
-1
-1
5285
-1
-1
5778
-1
7341
-1
-1
-1
-1
17731
-1
-1
-1
-1
-1
-1
-1
-1
-1
17924
-1
-1
-1
-1
-1
-1
-1
-1
-1
-1
-1
-1
-1
-1
-1
-1
8402
-1
-1
18738
2732
-1
16029
17354
-1
-1
-1
-1
-1
-1
-1
-1
-1
-1
-1
-1
-1
-1
-1
-1
-1
-1
-1
-1
-1
-1
-1
-1
-1
-1
-1
-1
-1
-1
-1
9345
-1
-1
-1
-1
-1
-1
-1
15783
-1
-1
-1
-1
-1
-1
-1
-1
-1
-1
-1
-1
-1
-1
-1
-1
-1
-1
-1
-1
-1
-1
-1
-1
-1
-1
-1
-1
-1
-1
-1
-1
-1
-1
-1
-1
-1
-1
-1
-1
-1
-1
-1
-1
-1
-1
-1
-1
-1
9550
-1
-1
-1
-1
-1
13959
-1
-1
-1
-1
-1
-1
-1
-1
-1
-1
-1
-1
-1
-1
-1
-1
-1
-1
14015
-1
-1
10399
-1
-1
-1
-1
-1
-1
-1
-1
-1
-1
-1
8931
14191
-1
10481
-1
-1
-1
-1
-1
-1
-1
-1
-1
-1
-1
-1
12958
-1
-1
-1
-1
11537
14993
-1
-1
-1
-1
-1
-1
-1
-1
-1
13599
-1
-1
-1
-1
-1
-1
-1
15212
-1
-1
-1
-1
-1
-1
-1
13855
2912
-1
-1
-1
-1
-1
-1
18301
-1
-1
-1
-1
-1
-1
13722
-1
-1
-1
-1
-1
-1
-1
-1
-1
-1
-1
-1
-1
-1
-1
-1
-1
-1
-1
-1
-1
-1
-1
-1
-1
-1
-1
-1
-1
11265
-1
-1
-1
-1
-1
-1
-1
17418
-1
-1
-1
4319
-1
-1
-1
-1
-1
-1
-1
-1
-1
8022
17078
-1
14629
-1
-1
-1
-1
-1
-1
-1
-1
-1
-1
14486
-1
-1
14044
-1
-1
17788
-1
-1
14961
-1
-1
-1
5328
18014
16636
-1
-1
-1
-1
-1
-1
18288
-1
-1
15417
-1
-1
-1
-1
18601
11114
-1
-1
-1
-1
-1
-1
-1
-1
-1
-1
-1
-1
-1
-1
-1
-1
-1
-1
15935
9812
-1
-1
-1
-1
-1
-1
-1
-1
-1
-1
-1
-1
8282
16018
8188
-1
-1
-1
-1
-1
-1
-1
-1
-1
-1
-1
8638
-1
-1
-1
-1
-1
-1
-1
-1
-1
-1
-1
-1
14197
-1
-1
-1
-1
-1
-1
-1
-1
-1
-1
-1
-1
-1
6860
-1
-1
-1
-1
-1
-1
-1
-1
-1
7133
-1
-1
-1
-1
-1
-1
-1
-1
-1
-1
-1
-1
-1
-1
-1
-1
-1
-1
-1
-1
-1
-1
13270
-1
-1
-1
-1
-1
-1
-1
-1
-1
-1
-1
-1
-1
-1
-1
-1
-1
-1
-1
-1
9800
-1
-1
7281
-1
-1
-1
-1
-1
-1
-1
-1
-1
-1
-1
12294
-1
-1
-1
-1
-1
-1
-1
-1
-1
-1
-1
-1
-1
-1
-1
-1
-1
-1
-1
-1
-1
-1
-1
-1
-1
9793
-1
-1
-1
-1
4232
-1
-1
-1
-1
-1
17139
16554
12550
9414
-1
-1
-1
8339
-1
18215
-1
-1
-1
-1
18384
-1
-1
12963
-1
-1
-1
-1
-1
-1
-1
-1
-1
-1
-1
-1
-1
-1
-1
-1
-1
-1
-1
-1
-1
-1
-1
-1
-1
-1
-1
-1
-1
-1
-1
-1
-1
-1
-1
-1
-1
-1
-1
-1
-1
-1
16355
-1
10403
16513
-1
-1
8881
-1
-1
-1
-1
-1
13960
-1
-1
-1
-1
-1
-1
-1
-1
-1
-1
-1
-1
-1
-1
-1
8716
-1
11434
-1
-1
7253
-1
-1
11720
-1
-1
-1
9911
-1
-1
-1
-1
-1
-1
-1
-1
-1
-1
-1
-1
-1
17768
-1
-1
-1
-1
-1
-1
-1
-1
14788
-1
-1
-1
-1
2788
-1
-1
-1
-1
6118
-1
-1
-1
-1
-1
-1
-1
-1
-1
-1
-1
-1
-1
-1
-1
-1
-1
-1
-1
-1
-1
-1
-1
-1
-1
-1
15826
-1
-1
17222
-1
-1
7442
-1
10616
-1
-1
-1
-1
-1
7991
-1
-1
12137
11918
-1
-1
-1
-1
-1
-1
-1
-1
-1
-1
-1
-1
-1
-1
-1
-1
-1
-1
-1
-1
-1
-1
13999
-1
-1
-1
-1
-1
-1
-1
-1
11350
-1
-1
-1
-1
-1
-1
-1
-1
-1
-1
-1
-1
-1
-1
-1
-1
11962
-1
-1
-1
-1
-1
-1
-1
-1
-1
-1
-1
11285
-1
14313
10601
-1
-1
-1
-1
-1
-1
14214
-1
-1
-1
-1
-1
-1
-1
-1
-1
-1
-1
-1
-1
-1
-1
-1
-1
-1
14549
-1
-1
-1
-1
-1
10257
-1
-1
-1
-1
-1
-1
-1
-1
-1
2061
-1
-1
-1
12839
-1
-1
-1
-1
-1
-1
-1
-1
14214
-1
-1
-1
-1
7628
-1
-1
-1
-1
2619
6505
-1
-1
-1
-1
-1
-1
-1
-1
-1
-1
-1
-1
-1
-1
-1
4937
-1
-1
-1
5645
-1
-1
-1
-1
-1
-1
-1
16554
-1
-1
-1
-1
-1
14479
-1
-1
-1
-1
-1
-1
-1
-1
-1
-1
-1
-1
-1
-1
-1
-1
-1
-1
-1
-1
-1
-1
-1
-1
-1
-1
-1
-1
-1
-1
-1
-1
-1
-1
-1
-1
-1
14788
-1
-1
-1
10301
-1
-1
-1
-1
-1
-1
-1
11737
-1
-1
-1
-1
18021
-1
-1
7338
-1
-1
-1
-1
-1
13894
-1
16201
5748
-1
-1
-1
-1
-1
-1
-1
-1
-1
-1
-1
-1
-1
-1
-1
-1
-1
-1
-1
-1
-1
-1
-1
-1
-1
-1
-1
-1
-1
-1
-1
-1
-1
-1
-1
-1
-1
-1
-1
-1
-1
-1
-1
-1
-1
-1
6228
-1
-1
-1
-1
-1
-1
-1
-1
-1
-1
-1
-1
-1
-1
-1
-1
-1
-1
-1
-1
-1
-1
-1
-1
-1
-1
-1
17304
8381
-1
17303
-1
-1
5419
-1
16663
-1
-1
-1
-1
10695
-1
-1
-1
-1
-1
-1
-1
-1
-1
-1
-1
-1
7907
-1
-1
-1
-1
-1
-1
-1
-1
-1
-1
-1
16777
-1
-1
-1
-1
-1
-1
17832
-1
-1
-1
-1
9630
-1
-1
13057
-1
1619
-1
-1
5577
-1
-1
16336
-1
-1
-1
-1
-1
-1
-1
-1
-1
-1
7819
15927
-1
-1
-1
16470
-1
-1
-1
-1
-1
-1
-1
-1
-1
10175
-1
-1
2088
-1
-1
-1
-1
-1
15355
-1
-1
-1
-1
-1
-1
-1
-1
-1
-1
17220
-1
-1
6716
13277
-1
-1
-1
-1
-1
-1
-1
-1
-1
-1
-1
-1
-1
-1
-1
-1
-1
-1
-1
-1
-1
-1
-1
5055
-1
-1
9121
-1
-1
-1
-1
-1
-1
-1
-1
10732
-1
-1
-1
-1
-1
-1
-1
16277
-1
15196
-1
-1
-1
-1
-1
-1
-1
-1
-1
-1
-1
7224
-1
-1
-1
-1
13093
-1
-1
-1
14775
9059
-1
-1
-1
-1
-1
-1
13918
-1
-1
-1
-1
14872
-1
-1
-1
-1
-1
-1
-1
7812
-1
-1
-1
-1
-1
-1
-1
-1
-1
-1
-1
-1
-1
-1
-1
-1
-1
-1
-1
-1
13482
-1
-1
18296
-1
-1
-1
-1
-1
-1
-1
-1
-1
-1
-1
-1
-1
-1
-1
-1
-1
-1
12640
14923
8452
-1
-1
-1
-1
-1
-1
-1
13778
17864
-1
-1
-1
-1
-1
-1
-1
-1
-1
2072
-1
9359
-1
-1
-1
-1
-1
-1
-1
-1
-1
-1
-1
-1
-1
-1
-1
-1
13050
-1
-1
-1
-1
-1
-1
-1
-1
-1
-1
-1
-1
-1
-1
-1
-1
-1
-1
-1
-1
-1
-1
-1
-1
-1
-1
-1
-1
-1
-1
-1
-1
-1
-1
-1
-1
-1
18089
-1
-1
-1
-1
-1
5808
-1
-1
-1
-1
-1
-1
-1
-1
-1
9423
17265
-1
14556
-1
-1
-1
-1
-1
-1
5477
-1
-1
-1
-1
-1
-1
-1
-1
17864
-1
-1
-1
16012
15932
-1
-1
-1
-1
-1
-1
10386
-1
-1
-1
-1
14678
-1
-1
-1
-1
-1
-1
-1
-1
-1
-1
-1
-1
-1
-1
-1
-1
-1
-1
9689
-1
-1
-1
6544
-1
-1
-1
-1
-1
-1
-1
-1
-1
-1
-1
-1
-1
-1
-1
-1
-1
-1
-1
-1
-1
-1
-1
-1
-1
17680
-1
-1
-1
-1
-1
-1
-1
-1
-1
-1
-1
-1
-1
-1
-1
-1
-1
-1
-1
-1
-1
18355
-1
-1
-1
-1
-1
-1
-1
-1
-1
15451
-1
-1
-1
-1
-1
-1
-1
-1
-1
-1
-1
-1
-1
-1
-1
-1
-1
-1
-1
-1
-1
-1
-1
-1
16287
-1
-1
-1
-1
-1
-1
-1
11869
-1
-1
-1
-1
-1
-1
-1
-1
-1
-1
-1
9085
-1
-1
-1
-1
-1
-1
-1
-1
-1
-1
-1
-1
-1
-1
-1
15440
-1
-1
-1
-1
-1
-1
-1
-1
-1
-1
-1
-1
-1
-1
-1
7571
-1
-1
-1
-1
-1
-1
-1
-1
-1
-1
-1
-1
-1
-1
-1
11991
14555
-1
6191
-1
-1
-1
-1
-1
-1
-1
-1
-1
-1
-1
-1
-1
13041
-1
-1
-1
-1
-1
-1
-1
-1
-1
-1
-1
-1
-1
16724
-1
-1
-1
-1
-1
-1
-1
15437
-1
-1
-1
-1
-1
-1
-1
-1
-1
11459
-1
-1
-1
-1
-1
-1
-1
-1
-1
-1
11101
-1
-1
-1
-1
-1
-1
-1
12804
-1
-1
-1
-1
-1
-1
-1
-1
-1
18243
-1
-1
-1
-1
-1
9389
-1
-1
-1
-1
-1
800
-1
15879
-1
-1
-1
15700
-1
-1
-1
-1
15448
755
-1
-1
-1
-1
-1
-1
-1
-1
-1
-1
-1
-1
-1
-1
-1
-1
-1
-1
-1
11362
-1
-1
14715
-1
-1
-1
-1
9498
-1
-1
-1
-1
-1
-1
-1
-1
6848
-1
-1
-1
4385
-1
-1
-1
14516
-1
-1
-1
-1
-1
-1
-1
-1
-1
-1
-1
-1
-1
-1
-1
-1
-1
-1
-1
-1
-1
-1
-1
-1
15020
-1
-1
-1
-1
-1
-1
4927
8897
-1
-1
-1
-1
-1
-1
-1
-1
8934
-1
-1
-1
-1
-1
13927
-1
-1
-1
-1
12578
-1
-1
-1
-1
-1
-1
-1
12229
-1
14742
-1
-1
-1
-1
-1
-1
-1
-1
-1
-1
-1
-1
-1
-1
-1
-1
-1
-1
-1
-1
-1
15638
-1
-1
-1
-1
-1
-1
-1
-1
-1
-1
-1
6827
-1
10134
-1
-1
5551
-1
-1
-1
-1
16889
-1
-1
-1
-1
-1
13599
-1
-1
-1
-1
-1
-1
-1
-1
-1
-1
-1
-1
10266
-1
-1
-1
-1
-1
-1
-1
14639
-1
-1
-1
-1
-1
-1
-1
-1
-1
-1
-1
-1
-1
-1
-1
9186
-1
-1
12694
-1
-1
-1
-1
-1
-1
-1
-1
-1
-1
-1
-1
-1
-1
-1
10906
-1
-1
-1
-1
-1
-1
-1
-1
-1
-1
18602
-1
8482
-1
-1
-1
-1
5397
-1
-1
-1
-1
-1
-1
-1
-1
-1
5927
-1
-1
14910
-1
-1
10708
-1
15520
-1
-1
-1
-1
-1
-1
-1
-1
-1
-1
-1
-1
-1
-1
-1
-1
-1
11691
-1
-1
-1
-1
-1
-1
-1
-1
-1
-1
-1
-1
-1
-1
-1
-1
-1
-1
-1
-1
-1
17275
-1
-1
-1
-1
-1
-1
-1
-1
-1
-1
9347
-1
-1
-1
-1
-1
-1
-1
17681
-1
-1
-1
-1
-1
-1
-1
-1
-1
14912
-1
-1
12649
-1
17035
-1
-1
-1
-1
-1
-1
15979
-1
-1
-1
-1
-1
4715
-1
-1
-1
17084
-1
-1
9236
-1
-1
-1
14076
-1
-1
-1
-1
2347
14559
18014
-1
-1
2711
-1
14021
-1
-1
-1
-1
13881
12020
-1
-1
-1
-1
-1
-1
-1
-1
-1
-1
-1
-1
15663
-1
-1
-1
-1
-1
-1
-1
-1
-1
10491
17892
-1
-1
-1
-1
9359
-1
-1
13751
-1
-1
-1
6187
-1
-1
-1
-1
-1
-1
-1
-1
-1
-1
-1
-1
-1
-1
-1
-1
10845
-1
-1
-1
3573
-1
-1
-1
-1
-1
-1
-1
-1
-1
-1
9524
-1
-1
-1
-1
-1
-1
-1
-1
-1
-1
-1
-1
-1
-1
-1
-1
-1
-1
-1
-1
-1
-1
-1
-1
-1
-1
-1
-1
-1
-1
-1
-1
-1
-1
-1
12610
-1
-1
-1
-1
-1
-1
-1
-1
11756
-1
-1
-1
-1
-1
-1
-1
-1
-1
-1
-1
6050
-1
-1
15255
-1
-1
-1
11154
-1
-1
-1
-1
-1
-1
-1
-1
-1
-1
-1
-1
10356
-1
-1
-1
-1
13106
-1
-1
-1
-1
16196
-1
14935
-1
-1
-1
-1
-1
-1
16402
-1
-1
-1
-1
-1
5456
-1
-1
-1
-1
-1
-1
-1
-1
-1
-1
-1
-1
-1
-1
-1
-1
4549
-1
-1
-1
-1
-1
-1
14980
13188
-1
-1
-1
-1
-1
-1
-1
6431
-1
-1
-1
-1
-1
-1
-1
-1
-1
-1
-1
-1
-1
-1
-1
-1
-1
13144
7792
-1
-1
-1
-1
-1
-1
3523
-1
-1
-1
-1
-1
-1
-1
-1
-1
-1
-1
-1
-1
-1
-1
-1
-1
-1
-1
11171
-1
-1
13500
14445
-1
18640
-1
-1
-1
-1
16374
-1
9468
-1
-1
-1
-1
-1
-1
-1
-1
-1
-1
-1
-1
-1
-1
-1
-1
-1
16609
11434
-1
-1
-1
-1
-1
-1
18738
-1
-1
-1
-1
7996
-1
-1
-1
-1
-1
-1
-1
-1
-1
-1
-1
-1
-1
-1
-1
-1
-1
-1
12187
-1
-1
-1
-1
-1
-1
-1
-1
-1
-1
-1
-1
-1
-1
-1
18370
-1
-1
13024
-1
-1
-1
-1
-1
17734
-1
-1
-1
-1
-1
-1
-1
-1
-1
-1
-1
-1
-1
-1
-1
-1
-1
-1
-1
16014
-1
-1
12373
-1
-1
10514
-1
-1
-1
-1
-1
-1
-1
-1
-1
-1
-1
15826
8815
-1
-1
-1
15231
-1
-1
-1
-1
-1
-1
-1
-1
-1
-1
-1
-1
11983
-1
-1
-1
-1
-1
-1
-1
-1
-1
-1
-1
-1
-1
-1
-1
-1
-1
-1
9399
-1
-1
14581
-1
-1
-1
-1
-1
16277
-1
-1
-1
-1
-1
-1
-1
-1
-1
-1
4736
-1
8226
3511
-1
6435
-1
-1
18335
-1
-1
-1
7896
-1
-1
-1
-1
-1
-1
-1
-1
-1
-1
-1
-1
-1
-1
-1
-1
-1
-1
-1
-1
-1
-1
-1
17201
-1
-1
-1
-1
-1
-1
-1
-1
-1
-1
-1
-1
-1
-1
-1
-1
-1
-1
-1
-1
-1
-1
-1
-1
-1
-1
-1
-1
-1
-1
-1
-1
-1
-1
-1
-1
-1
-1
-1
-1
-1
-1
-1
-1
18720
-1
-1
-1
-1
-1
9944
-1
-1
-1
-1
-1
-1
-1
-1
-1
-1
14272
11747
-1
-1
-1
-1
-1
-1
-1
-1
-1
-1
-1
-1
-1
-1
-1
-1
-1
-1
-1
-1
-1
-1
-1
-1
-1
-1
-1
-1
-1
-1
12940
-1
-1
7375
-1
-1
-1
-1
-1
-1
-1
-1
-1
-1
-1
-1
-1
-1
-1
-1
-1
-1
-1
-1
14963
-1
-1
-1
16438
-1
-1
-1
-1
-1
-1
-1
-1
-1
-1
-1
18035
-1
-1
-1
-1
-1
-1
-1
-1
-1
-1
-1
-1
-1
-1
-1
-1
-1
-1
-1
-1
12176
-1
-1
4461
-1
-1
-1
-1
-1
-1
-1
-1
-1
-1
-1
-1
-1
-1
-1
18081
-1
-1
-1
-1
-1
-1
-1
-1
7972
-1
-1
-1
-1
-1
-1
-1
-1
-1
-1
-1
-1
-1
16015
-1
-1
-1
3805
14496
-1
-1
-1
-1
-1
-1
-1
-1
-1
-1
15179
-1
-1
-1
-1
-1
-1
-1
17759
13193
-1
18470
-1
-1
3859
-1
-1
-1
-1
-1
-1
1670
-1
-1
-1
-1
-1
-1
-1
-1
-1
-1
-1
-1
-1
-1
-1
-1
-1
-1
-1
-1
12945
-1
-1
-1
-1
-1
-1
-1
3008
-1
-1
-1
-1
-1
18235
-1
-1
-1
-1
-1
-1
-1
-1
-1
-1
-1
-1
16257
-1
-1
-1
-1
4739
-1
-1
-1
-1
18675
-1
-1
-1
-1
-1
-1
-1
-1
-1
-1
-1
-1
-1
-1
-1
-1
-1
-1
-1
-1
-1
-1
-1
18119
-1
7521
-1
-1
-1
-1
-1
-1
15927
-1
-1
-1
-1
-1
18063
-1
-1
11665
-1
-1
-1
-1
-1
-1
-1
-1
6324
-1
-1
3879
-1
-1
8222
-1
-1
-1
-1
-1
-1
-1
-1
8253
-1
-1
-1
13533
-1
-1
-1
-1
-1
-1
-1
-1
-1
-1
-1
-1
-1
12912
-1
-1
-1
-1
-1
-1
-1
-1
-1
-1
-1
6212
-1
-1
-1
-1
-1
-1
-1
-1
-1
-1
-1
-1
-1
-1
-1
-1
4005
-1
-1
-1
-1
-1
-1
-1
2669
-1
-1
-1
-1
-1
-1
-1
-1
-1
10656
-1
-1
-1
-1
-1
-1
-1
-1
-1
-1
-1
-1
-1
-1
-1
-1
-1
-1
11226
-1
-1
-1
-1
-1
-1
6871
-1
17601
-1
11162
-1
-1
-1
-1
-1
-1
-1
-1
-1
15253
-1
-1
-1
-1
-1
-1
-1
-1
-1
16070
-1
-1
12218
-1
17341
-1
-1
-1
-1
-1
-1
-1
15884
-1
14565
-1
-1
-1
-1
-1
-1
-1
-1
-1
-1
-1
-1
-1
-1
4477
-1
-1
-1
-1
-1
-1
-1
-1
-1
-1
-1
-1
-1
-1
-1
-1
-1
-1
-1
-1
-1
-1
-1
-1
-1
-1
-1
14850
-1
-1
-1
17618
-1
6978
-1
-1
-1
-1
-1
-1
-1
-1
-1
15819
-1
-1
-1
-1
-1
-1
17335
16702
-1
-1
-1
-1
-1
-1
-1
-1
-1
-1
13054
-1
-1
-1
-1
-1
-1
15413
-1
-1
-1
-1
13669
-1
-1
-1
-1
-1
-1
-1
-1
-1
-1
-1
-1
16039
8129
13699
-1
-1
-1
-1
-1
-1
-1
-1
-1
-1
15196
-1
6364
-1
6853
-1
-1
-1
-1
-1
-1
-1
7140
-1
9190
14199
-1
15095
-1
-1
-1
-1
-1
-1
-1
-1
-1
15634
-1
-1
-1
-1
-1
-1
-1
-1
14451
11308
-1
-1
12976
-1
-1
-1
-1
-1
-1
-1
-1
-1
-1
-1
-1
5218
-1
-1
-1
-1
14143
-1
-1
2104
-1
-1
-1
-1
-1
-1
-1
-1
-1
-1
-1
-1
-1
-1
-1
14710
-1
-1
-1
-1
-1
-1
-1
11910
-1
-1
4987
-1
-1
-1
-1
-1
-1
-1
7449
-1
-1
-1
-1
-1
-1
-1
11230
-1
-1
-1
-1
-1
-1
-1
-1
-1
-1
-1
-1
-1
-1
-1
-1
-1
-1
-1
-1
-1
-1
-1
-1
-1
-1
-1
-1
-1
-1
-1
-1
-1
-1
-1
-1
-1
-1
-1
-1
-1
-1
-1
-1
-1
-1
-1
-1
-1
-1
9868
12616
-1
-1
-1
-1
-1
-1
-1
-1
-1
-1
-1
-1
-1
-1
-1
-1
-1
-1
-1
-1
10416
-1
-1
-1
-1
-1
16015
-1
-1
-1
-1
-1
-1
-1
-1
-1
-1
-1
-1
5015
-1
-1
-1
-1
-1
-1
-1
-1
11804
-1
-1
-1
-1
-1
-1
-1
14988
-1
-1
-1
-1
-1
18618
-1
-1
-1
-1
-1
-1
-1
-1
3172
-1
-1
-1
-1
-1
-1
-1
-1
11519
-1
-1
-1
-1
-1
-1
-1
-1
-1
-1
-1
-1
-1
11735
-1
-1
-1
-1
-1
-1
-1
-1
-1
8295
-1
14999
16934
-1
-1
-1
-1
-1
-1
-1
-1
-1
-1
-1
-1
-1
-1
-1
-1
11389
-1
-1
-1
-1
-1
-1
-1
17646
-1
-1
-1
-1
-1
-1
-1
-1
-1
-1
-1
-1
-1
-1
-1
-1
-1
-1
17642
14092
16222
-1
-1
-1
-1
-1
14426
-1
13939
-1
-1
-1
-1
-1
-1
-1
-1
-1
-1
-1
-1
-1
-1
-1
16040
-1
-1
14965
10498
-1
-1
-1
-1
-1
1841
-1
-1
16012
-1
-1
-1
-1
-1
-1
-1
-1
-1
-1
-1
3958
8840
-1
-1
-1
-1
-1
-1
-1
-1
8769
-1
-1
-1
-1
-1
-1
-1
-1
-1
-1
-1
-1
-1
9937
-1
-1
-1
13304
-1
-1
-1
-1
-1
18408
-1
-1
-1
6486
17265
-1
-1
-1
5629
-1
-1
15962
8353
-1
-1
8846
-1
-1
-1
-1
-1
-1
12844
-1
-1
-1
-1
-1
-1
-1
-1
-1
-1
-1
-1
-1
-1
-1
-1
-1
-1
-1
-1
-1
12591
-1
-1
-1
-1
-1
-1
-1
-1
-1
-1
-1
14922
-1
601
-1
-1
-1
-1
3472
-1
-1
-1
-1
-1
-1
-1
-1
-1
-1
-1
-1
-1
-1
-1
-1
-1
-1
-1
-1
-1
-1
-1
-1
-1
-1
-1
-1
-1
-1
-1
-1
-1
-1
-1
-1
-1
-1
-1
-1
-1
-1
-1
-1
-1
-1
-1
-1
-1
5838
-1
-1
-1
-1
-1
-1
-1
-1
-1
-1
-1
-1
-1
-1
-1
-1
-1
-1
-1
-1
-1
-1
-1
-1
10615
-1
-1
10428
-1
-1
-1
-1
-1
-1
-1
-1
-1
441
-1
-1
-1
-1
-1
-1
-1
-1
-1
-1
-1
-1
-1
11152
-1
16179
-1
13775
-1
-1
-1
16990
-1
-1
-1
-1
-1
-1
-1
-1
-1
-1
-1
7011
-1
-1
-1
-1
-1
-1
-1
-1
-1
-1
-1
-1
-1
11031
-1
-1
-1
18654
-1
-1
-1
-1
-1
11983
-1
-1
-1
-1
-1
-1
-1
-1
-1
-1
-1
-1
-1
9021
-1
-1
15223
17593
18001
3565
-1
-1
-1
-1
-1
6781
-1
-1
-1
-1
-1
-1
-1
-1
-1
-1
-1
-1
-1
-1
-1
-1
-1
-1
-1
-1
15089
-1
-1
-1
-1
-1
-1
-1
-1
-1
-1
-1
-1
-1
15239
-1
18618
-1
-1
-1
-1
-1
16558
-1
-1
14868
-1
-1
-1
-1
-1
-1
-1
-1
15730
-1
6465
-1
-1
-1
-1
-1
-1
-1
-1
-1
-1
-1
-1
-1
-1
-1
-1
-1
-1
-1
-1
-1
16324
-1
-1
4796
-1
-1
-1
3444
-1
-1
-1
-1
-1
-1
-1
-1
18549
18441
-1
-1
-1
-1
-1
-1
-1
-1
-1
-1
-1
-1
-1
-1
-1
-1
-1
-1
-1
-1
-1
-1
-1
-1
-1
-1
5489
-1
-1
10952
-1
10408
-1
-1
-1
-1
18040
-1
-1
-1
-1
-1
-1
-1
14916
-1
-1
-1
-1
-1
-1
-1
-1
-1
9287
-1
-1
-1
15858
17511
-1
-1
-1
-1
-1
-1
-1
-1
-1
-1
-1
-1
-1
-1
14960
-1
-1
-1
-1
-1
14696
-1
-1
-1
-1
-1
-1
-1
-1
-1
-1
-1
-1
-1
-1
7493
-1
-1
-1
-1
-1
-1
-1
-1
-1
-1
-1
12759
-1
-1
-1
-1
17250
-1
-1
-1
-1
-1
-1
-1
-1
-1
-1
-1
-1
-1
-1
-1
-1
-1
-1
-1
-1
-1
-1
-1
-1
-1
-1
-1
-1
-1
-1
-1
-1
-1
8920
-1
-1
5305
-1
-1
-1
-1
-1
-1
-1
-1
-1
-1
-1
-1
-1
-1
-1
-1
-1
-1
-1
-1
-1
-1
-1
12489
10288
-1
-1
-1
-1
-1
-1
-1
-1
-1
-1
-1
18279
13256
-1
-1
12434
-1
-1
-1
-1
-1
-1
8900
-1
-1
-1
-1
-1
-1
-1
-1
-1
-1
-1
-1
-1
-1
-1
13272
-1
-1
-1
-1
-1
-1
-1
-1
-1
-1
9184
-1
-1
-1
-1
-1
-1
-1
-1
-1
-1
-1
-1
-1
-1
-1
-1
-1
-1
-1
-1
-1
-1
-1
-1
6873
13034
-1
-1
-1
-1
-1
-1
-1
-1
-1
-1
-1
-1
-1
-1
-1
-1
-1
-1
-1
-1
-1
-1
-1
18601
-1
-1
-1
-1
-1
-1
-1
-1
10913
-1
-1
-1
-1
-1
-1
-1
-1
18533
-1
-1
-1
-1
-1
-1
-1
-1
-1
15206
-1
-1
-1
-1
-1
-1
-1
-1
-1
-1
-1
-1
-1
-1
-1
-1
-1
-1
-1
14001
-1
14631
-1
-1
-1
-1
15563
16407
-1
-1
8093
-1
-1
-1
-1
-1
-1
-1
-1
-1
16323
-1
-1
16209
-1
-1
-1
-1
-1
-1
-1
-1
-1
-1
5748
-1
-1
-1
-1
-1
-1
-1
12484
6014
-1
-1
-1
-1
-1
-1
-1
-1
-1
-1
-1
-1
-1
-1
-1
-1
9253
16266
-1
-1
-1
-1
-1
-1
-1
-1
-1
-1
-1
-1
14780
14888
-1
-1
-1
-1
-1
9346
-1
-1
-1
-1
-1
-1
13990
-1
9667
-1
-1
-1
-1
-1
-1
-1
-1
-1
-1
-1
-1
-1
-1
-1
-1
-1
-1
-1
-1
-1
-1
-1
-1
-1
-1
-1
-1
8136
-1
-1
-1
-1
-1
-1
4148
-1
-1
-1
-1
-1
15639
-1
-1
-1
-1
9908
-1
14340
-1
-1
-1
-1
-1
-1
-1
10450
-1
1394
-1
-1
-1
-1
7157
-1
11011
-1
-1
-1
-1
-1
-1
-1
-1
-1
-1
9724
-1
-1
-1
-1
12080
-1
-1
-1
-1
-1
-1
-1
-1
-1
-1
-1
1703
11254
-1
17007
11968
-1
17806
-1
-1
-1
-1
-1
-1
-1
15432
-1
-1
-1
-1
-1
-1
14559
-1
-1
-1
-1
-1
-1
16402
13317
-1
-1
13842
-1
-1
10616
-1
-1
-1
-1
-1
-1
-1
-1
-1
-1
-1
-1
-1
-1
-1
-1
13779
-1
-1
-1
-1
-1
-1
-1
-1
-1
-1
-1
-1
-1
-1
-1
-1
-1
-1
-1
-1
-1
-1
-1
-1
-1
-1
-1
-1
-1
-1
-1
-1
-1
-1
-1
-1
-1
11218
-1
6886
-1
-1
13520
-1
-1
-1
-1
-1
-1
-1
-1
-1
-1
-1
-1
3450
-1
-1
-1
-1
-1
-1
17596
5168
-1
-1
-1
-1
-1
15778
-1
-1
-1
-1
-1
-1
-1
-1
-1
-1
-1
-1
-1
-1
-1
-1
-1
-1
-1
-1
-1
-1
-1
9096
-1
-1
-1
-1
-1
-1
-1
16609
9144
-1
-1
-1
-1
-1
-1
-1
-1
-1
-1
-1
-1
-1
-1
-1
-1
-1
-1
-1
-1
-1
7966
-1
-1
-1
-1
-1
-1
-1
-1
13909
-1
-1
5385
-1
-1
18584
-1
-1
-1
-1
18562
-1
-1
-1
-1
-1
-1
-1
-1
-1
-1
-1
-1
-1
-1
-1
-1
-1
-1
-1
-1
-1
-1
14417
-1
-1
4294
-1
-1
-1
4505
-1
-1
-1
10231
-1
-1
-1
-1
-1
-1
-1
-1
-1
-1
-1
-1
-1
-1
-1
-1
-1
-1
-1
-1
12477
-1
-1
-1
8604
-1
-1
-1
-1
-1
-1
18081
-1
18451
-1
-1
-1
-1
-1
-1
-1
2509
-1
-1
-1
-1
-1
-1
-1
-1
-1
-1
-1
-1
10714
-1
-1
-1
-1
12280
14516
-1
-1
-1
-1
-1
-1
10011
-1
-1
-1
-1
-1
-1
-1
-1
-1
-1
-1
-1
-1
15699
-1
8443
-1
-1
-1
-1
14817
-1
-1
-1
4327
-1
-1
-1
-1
-1
-1
-1
3983
-1
-1
-1
12175
-1
-1
-1
-1
-1
-1
17098
-1
-1
-1
-1
12409
-1
-1
-1
-1
-1
-1
-1
-1
-1
-1
-1
-1
13315
-1
-1
8493
-1
-1
-1
-1
-1
-1
-1
-1
-1
-1
-1
-1
-1
-1
1666
-1
12251
-1
-1
5414
-1
-1
8625
8668
-1
-1
-1
-1
-1
-1
-1
-1
-1
-1
-1
-1
-1
10048
-1
-1
-1
-1
-1
-1
-1
-1
-1
-1
-1
-1
-1
-1
-1
-1
-1
-1
-1
-1
-1
-1
-1
-1
-1
-1
-1
-1
-1
-1
-1
-1
-1
-1
-1
-1
-1
-1
4658
12074
-1
-1
-1
-1
-1
-1
-1
15533
-1
-1
-1
-1
-1
-1
-1
-1
-1
-1
-1
-1
-1
-1
-1
-1
-1
-1
14063
-1
-1
-1
-1
-1
-1
-1
-1
-1
17236
-1
-1
-1
-1
-1
13002
-1
-1
-1
-1
-1
-1
-1
-1
-1
-1
-1
15324
-1
-1
-1
-1
-1
-1
-1
-1
-1
-1
14367
-1
-1
-1
-1
-1
13783
-1
-1
-1
-1
-1
-1
13352
-1
-1
-1
-1
-1
-1
-1
-1
-1
-1
13850
15491
-1
18614
-1
-1
-1
-1
-1
-1
-1
-1
-1
7830
-1
-1
-1
17181
-1
-1
2497
-1
-1
-1
-1
-1
-1
-1
-1
14096
-1
-1
-1
17719
-1
-1
-1
-1
16476
-1
-1
-1
-1
-1
-1
-1
-1
-1
-1
-1
-1
-1
-1
-1
-1
16577
-1
-1
-1
-1
-1
-1
-1
-1
-1
-1
-1
-1
-1
-1
-1
-1
-1
-1
8999
17911
-1
-1
-1
-1
-1
-1
-1
-1
-1
-1
-1
-1
-1
-1
-1
-1
-1
-1
-1
-1
-1
-1
-1
-1
-1
-1
-1
-1
-1
-1
-1
-1
-1
-1
-1
-1
-1
-1
-1
-1
-1
-1
9646
-1
16887
-1
-1
-1
-1
-1
-1
-1
-1
-1
-1
-1
-1
-1
-1
-1
-1
-1
-1
-1
-1
-1
-1
-1
14094
-1
15555
14041
-1
-1
-1
-1
-1
9138
-1
-1
-1
-1
-1
-1
-1
-1
-1
-1
-1
-1
-1
-1
-1
-1
-1
-1
-1
-1
9170
-1
-1
-1
15671
-1
-1
-1
-1
-1
-1
11823
-1
6081
-1
-1
-1
5600
-1
-1
-1
-1
-1
-1
-1
-1
-1
-1
-1
-1
-1
6674
-1
-1
-1
-1
-1
-1
-1
10855
-1
-1
-1
-1
-1
-1
-1
-1
9801
-1
-1
-1
12839
-1
-1
-1
-1
-1
-1
-1
-1
-1
-1
-1
-1
-1
-1
12471
-1
7587
-1
-1
-1
-1
-1
-1
-1
-1
-1
-1
-1
16877
-1
-1
-1
-1
-1
-1
-1
-1
-1
-1
16181
-1
-1
5461
-1
-1
-1
-1
-1
-1
-1
-1
-1
-1
-1
-1
-1
-1
-1
-1
-1
-1
-1
-1
-1
-1
-1
-1
-1
-1
-1
-1
4391
-1
-1
-1
-1
-1
-1
-1
-1
-1
-1
-1
-1
-1
-1
-1
-1
-1
-1
13843
-1
-1
-1
-1
-1
-1
-1
17756
-1
-1
-1
-1
-1
-1
-1
-1
-1
-1
-1
-1
-1
6466
-1
5580
-1
-1
-1
-1
-1
-1
-1
-1
-1
11887
-1
-1
-1
13621
-1
-1
-1
-1
7297
-1
-1
-1
-1
-1
-1
-1
-1
-1
-1
-1
-1
-1
16974
6692
-1
-1
-1
-1
-1
-1
-1
-1
-1
-1
-1
-1
-1
-1
-1
-1
-1
-1
-1
-1
-1
-1
-1
-1
-1
-1
-1
-1
-1
-1
-1
-1
-1
-1
-1
16438
6818
-1
-1
-1
10828
9026
-1
-1
-1
-1
15291
-1
-1
15719
-1
-1
-1
-1
-1
-1
-1
7902
-1
-1
-1
14175
-1
-1
-1
-1
-1
-1
-1
-1
-1
17653
-1
-1
8345
16242
16699
-1
-1
12190
-1
16690
-1
10076
-1
-1
12510
-1
-1
-1
-1
-1
-1
-1
-1
-1
-1
-1
-1
-1
-1
-1
-1
-1
-1
-1
10414
-1
-1
-1
-1
-1
-1
7051
-1
-1
-1
-1
-1
8004
-1
6178
-1
-1
-1
12420
-1
-1
-1
-1
-1
-1
-1
-1
-1
-1
-1
-1
6665
-1
-1
-1
-1
-1
-1
-1
-1
-1
-1
-1
-1
-1
-1
14680
-1
-1
-1
-1
-1
-1
-1
-1
-1
-1
-1
-1
-1
-1
-1
-1
-1
-1
-1
-1
-1
-1
-1
17125
-1
-1
-1
-1
-1
-1
12397
-1
-1
14854
-1
-1
9234
-1
-1
-1
-1
-1
-1
-1
-1
-1
-1
14232
-1
-1
11537
-1
-1
-1
-1
-1
-1
-1
-1
-1
6519
-1
-1
-1
7683
-1
-1
-1
-1
-1
-1
7297
11261
-1
-1
-1
-1
-1
-1
-1
-1
-1
-1
-1
6808
-1
-1
-1
18554
-1
-1
-1
-1
-1
-1
-1
18716
-1
-1
-1
-1
17547
-1
9857
-1
-1
-1
-1
-1
-1
-1
-1
-1
-1
-1
-1
-1
-1
-1
-1
-1
-1
-1
-1
-1
-1
-1
-1
-1
-1
-1
-1
-1
-1
-1
-1
-1
-1
-1
-1
-1
-1
-1
-1
-1
-1
-1
-1
-1
-1
16309
9163
-1
-1
-1
-1
-1
-1
-1
17944
-1
-1
-1
-1
-1
-1
-1
-1
-1
-1
-1
12562
-1
-1
-1
13248
8099
-1
13056
-1
-1
-1
-1
13788
-1
-1
-1
-1
-1
-1
-1
-1
-1
-1
-1
-1
-1
-1
9346
-1
-1
-1
-1
-1
-1
-1
-1
-1
-1
-1
-1
-1
-1
-1
-1
-1
-1
-1
-1
-1
-1
-1
-1
-1
16479
-1
-1
-1
-1
18480
-1
-1
-1
-1
-1
-1
-1
-1
-1
-1
-1
-1
-1
11090
-1
-1
12970
-1
-1
13015
-1
-1
-1
15733
-1
-1
-1
-1
-1
-1
15723
-1
-1
-1
-1
-1
-1
12233
-1
16680
-1
-1
-1
-1
-1
-1
15291
-1
-1
11212
-1
-1
-1
-1
-1
-1
-1
-1
-1
12842
-1
-1
18329
-1
-1
-1
-1
-1
-1
-1
-1
-1
-1
-1
-1
-1
-1
-1
11333
13522
17851
6643
-1
-1
-1
-1
-1
-1
-1
-1
-1
-1
-1
-1
-1
-1
11731
-1
-1
-1
-1
-1
-1
-1
-1
-1
-1
-1
-1
-1
-1
-1
-1
-1
-1
-1
-1
-1
-1
-1
-1
-1
-1
-1
-1
18415
-1
-1
-1
-1
1518
-1
-1
-1
-1
-1
-1
-1
-1
-1
-1
-1
-1
-1
-1
-1
-1
-1
-1
-1
-1
-1
-1
-1
5218
-1
-1
-1
-1
-1
-1
-1
-1
-1
-1
18637
-1
-1
-1
-1
-1
-1
-1
-1
-1
-1
-1
-1
-1
-1
-1
-1
-1
-1
-1
-1
-1
-1
18120
-1
-1
-1
-1
-1
-1
-1
-1
-1
-1
-1
-1
-1
-1
-1
-1
8359
-1
-1
-1
-1
-1
-1
-1
-1
-1
-1
17349
-1
-1
-1
-1
13582
-1
-1
-1
-1
-1
-1
-1
-1
4730
-1
-1
18119
-1
-1
-1
-1
-1
-1
-1
-1
-1
-1
-1
2788
-1
-1
-1
-1
-1
12839
-1
-1
-1
-1
-1
-1
-1
-1
-1
-1
-1
-1
-1
-1
-1
-1
-1
13903
-1
-1
-1
-1
-1
-1
-1
-1
-1
-1
-1
-1
-1
-1
-1
11238
-1
-1
-1
-1
-1
-1
-1
-1
-1
-1
-1
-1
-1
-1
-1
-1
-1
-1
-1
-1
-1
-1
-1
-1
-1
-1
-1
-1
-1
-1
1586
-1
-1
-1
-1
-1
8786
-1
-1
-1
-1
-1
-1
-1
-1
-1
-1
-1
-1
-1
-1
-1
-1
-1
7819
-1
-1
-1
-1
-1
6204
-1
-1
-1
-1
-1
-1
-1
-1
-1
-1
-1
-1
-1
-1
-1
-1
-1
-1
-1
-1
10444
-1
-1
-1
-1
-1
-1
-1
-1
13671
11971
-1
-1
17244
-1
-1
-1
-1
6562
-1
-1
-1
-1
-1
-1
-1
-1
-1
14190
-1
9163
15355
-1
11156
-1
-1
-1
-1
-1
-1
-1
-1
-1
-1
-1
-1
-1
-1
-1
12924
-1
-1
-1
-1
-1
-1
10264
-1
-1
-1
-1
-1
-1
-1
-1
-1
-1
-1
-1
15488
-1
-1
-1
-1
-1
9852
-1
-1
-1
-1
-1
-1
-1
-1
-1
-1
-1
-1
-1
-1
-1
11275
-1
-1
-1
-1
-1
-1
-1
-1
-1
-1
-1
-1
-1
-1
13766
-1
-1
-1
-1
-1
-1
-1
-1
-1
-1
-1
-1
-1
-1
8426
-1
-1
-1
-1
-1
-1
-1
11949
-1
-1
-1
-1
-1
-1
-1
-1
-1
-1
-1
-1
-1
7388
-1
-1
-1
-1
16040
-1
-1
-1
-1
-1
-1
-1
-1
-1
18177
-1
-1
-1
-1
-1
12663
-1
-1
-1
-1
-1
-1
-1
-1
-1
-1
-1
-1
-1
-1
-1
8695
-1
-1
-1
-1
-1
-1
-1
-1
-1
-1
13380
3777
-1
-1
-1
-1
-1
-1
-1
-1
-1
-1
-1
15962
-1
-1
-1
-1
-1
-1
-1
-1
11014
-1
-1
17922
-1
-1
-1
-1
-1
-1
-1
-1
-1
-1
-1
-1
-1
-1
-1
-1
-1
18612
-1
-1
-1
-1
17716
-1
-1
-1
6649
-1
-1
-1
-1
-1
15106
-1
-1
-1
-1
-1
-1
-1
-1
-1
-1
13780
-1
-1
17238
-1
-1
-1
-1
-1
-1
-1
-1
12249
-1
-1
-1
-1
-1
-1
-1
-1
-1
-1
-1
-1
-1
-1
-1
-1
16441
-1
16862
-1
-1
-1
-1
-1
-1
-1
6195
-1
13783
-1
-1
-1
9310
-1
-1
-1
-1
-1
18112
-1
-1
15778
-1
-1
-1
-1
-1
-1
-1
-1
-1
-1
2509
-1
-1
6619
-1
-1
-1
-1
-1
-1
-1
-1
17806
-1
-1
-1
-1
-1
-1
-1
-1
-1
-1
-1
-1
-1
-1
-1
11534
-1
-1
-1
-1
-1
-1
-1
-1
-1
-1
-1
-1
-1
-1
-1
15567
-1
-1
-1
-1
-1
-1
-1
-1
-1
-1
-1
-1
-1
-1
-1
-1
-1
12128
-1
4736
18383
-1
-1
-1
-1
-1
-1
-1
-1
-1
-1
-1
-1
-1
-1
-1
-1
-1
-1
-1
-1
-1
-1
-1
-1
-1
-1
-1
-1
-1
-1
-1
-1
-1
-1
-1
-1
-1
-1
-1
-1
-1
11801
-1
-1
-1
-1
-1
13496
-1
14260
-1
-1
-1
-1
16879
-1
-1
10462
-1
-1
-1
-1
15137
-1
-1
-1
-1
13911
-1
-1
18109
12926
-1
12179
-1
-1
-1
-1
-1
-1
-1
-1
-1
-1
-1
-1
-1
-1
-1
14207
13768
-1
-1
-1
-1
-1
-1
-1
-1
-1
-1
-1
-1
-1
-1
-1
-1
-1
-1
16910
-1
12480
-1
-1
-1
-1
-1
-1
-1
-1
-1
-1
-1
-1
-1
16058
11832
-1
-1
7720
9860
14417
17094
-1
-1
13549
-1
-1
-1
-1
-1
-1
-1
-1
16532
-1
-1
8575
-1
-1
13965
-1
-1
-1
18199
-1
-1
-1
9412
-1
-1
-1
-1
-1
-1
-1
-1
-1
-1
-1
-1
-1
12641
-1
-1
-1
2350
-1
-1
-1
-1
-1
-1
-1
-1
-1
-1
10913
-1
-1
-1
-1
-1
-1
-1
-1
-1
-1
-1
6295
11710
-1
12222
-1
-1
-1
-1
10355
-1
-1
-1
16343
-1
-1
-1
-1
-1
-1
-1
-1
-1
-1
-1
-1
13359
-1
-1
-1
-1
-1
15938
5661
-1
-1
-1
-1
-1
-1
-1
-1
-1
-1
-1
-1
-1
-1
-1
-1
-1
-1
10908
-1
-1
-1
-1
-1
-1
-1
-1
-1
-1
-1
-1
-1
-1
-1
-1
-1
-1
-1
-1
-1
-1
17644
-1
-1
-1
7995
-1
-1
-1
-1
-1
-1
-1
-1
-1
-1
-1
-1
-1
-1
-1
-1
-1
-1
-1
12863
-1
-1
-1
-1
-1
-1
14403
-1
-1
-1
-1
17071
-1
-1
-1
-1
11853
-1
7154
15989
-1
9992
-1
-1
-1
-1
-1
9282
-1
-1
-1
-1
-1
-1
-1
-1
-1
-1
-1
-1
-1
-1
-1
-1
-1
-1
-1
-1
-1
-1
-1
-1
-1
-1
-1
-1
7875
-1
-1
-1
13440
-1
11828
-1
-1
-1
-1
16096
-1
6119
-1
-1
-1
-1
-1
-1
-1
12747
-1
-1
-1
-1
-1
-1
16076
16298
-1
-1
-1
-1
-1
-1
-1
-1
-1
-1
-1
-1
-1
-1
-1
-1
-1
-1
-1
-1
-1
-1
-1
-1
9419
-1
-1
-1
3482
-1
-1
-1
-1
18426
-1
-1
-1
-1
-1
-1
-1
-1
6560
-1
-1
-1
-1
-1
-1
-1
-1
-1
-1
-1
-1
-1
-1
-1
2474
-1
-1
-1
11198
-1
10625
-1
-1
14961
5715
-1
-1
-1
-1
-1
-1
-1
-1
-1
-1
-1
-1
-1
-1
-1
-1
-1
-1
-1
-1
-1
-1
-1
-1
17696
8645
-1
17105
-1
-1
17171
-1
-1
-1
-1
-1
-1
-1
-1
-1
-1
-1
-1
-1
-1
-1
-1
-1
-1
-1
-1
9850
-1
-1
12283
-1
-1
-1
-1
18201
-1
-1
-1
-1
-1
-1
-1
-1
-1
-1
-1
-1
-1
-1
-1
-1
14041
-1
-1
6911
-1
-1
-1
18312
-1
12876
-1
-1
13822
-1
-1
-1
-1
-1
-1
-1
-1
-1
-1
-1
-1
-1
-1
-1
-1
15982
-1
-1
-1
-1
-1
-1
-1
-1
-1
-1
-1
11636
-1
-1
-1
-1
-1
14622
-1
13241
-1
-1
-1
-1
-1
-1
-1
-1
-1
-1
-1
-1
-1
-1
17818
-1
-1
-1
-1
-1
-1
-1
-1
-1
-1
-1
-1
-1
-1
-1
-1
-1
-1
9070
-1
-1
-1
-1
-1
-1
-1
-1
-1
-1
16293
-1
-1
-1
-1
-1
-1
-1
-1
-1
-1
-1
-1
-1
-1
-1
18520
-1
-1
-1
-1
-1
-1
-1
-1
-1
-1
-1
-1
-1
-1
-1
-1
-1
-1
-1
-1
-1
-1
-1
17660
-1
-1
-1
10623
-1
-1
-1
-1
15378
-1
3008
6595
-1
16708
-1
-1
-1
-1
-1
-1
11022
9259
-1
-1
18196
-1
-1
-1
-1
-1
-1
-1
-1
-1
-1
-1
-1
-1
-1
-1
-1
-1
-1
10041
-1
5606
-1
-1
-1
-1
-1
-1
-1
-1
-1
-1
-1
-1
-1
-1
-1
-1
-1
-1
-1
3558
4801
-1
16915
-1
12988
-1
-1
-1
18452
-1
12365
-1
-1
-1
-1
-1
-1
-1
-1
-1
-1
601
-1
-1
-1
-1
-1
-1
-1
15324
-1
-1
-1
-1
-1
-1
-1
-1
-1
-1
17238
-1
-1
-1
-1
-1
-1
-1
-1
-1
-1
4731
-1
-1
14537
-1
-1
-1
-1
-1
-1
-1
-1
-1
16778
11776
14010
-1
-1
-1
-1
17117
-1
-1
-1
6253
-1
-1
-1
-1
-1
-1
-1
-1
-1
-1
-1
-1
-1
-1
-1
-1
-1
-1
-1
-1
-1
-1
-1
-1
-1
-1
-1
-1
18336
-1
-1
-1
-1
-1
-1
-1
-1
8803
-1
-1
-1
-1
-1
-1
-1
-1
-1
-1
-1
-1
-1
15914
-1
-1
-1
13909
-1
-1
-1
-1
-1
-1
-1
-1
-1
-1
-1
-1
-1
-1
-1
-1
-1
-1
-1
15879
-1
-1
-1
-1
-1
-1
-1
-1
-1
-1
11418
-1
-1
-1
-1
-1
2912
-1
-1
-1
-1
-1
-1
-1
-1
-1
-1
-1
-1
-1
-1
-1
8778
-1
-1
-1
-1
-1
-1
-1
-1
-1
11068
-1
-1
-1
-1
-1
-1
-1
-1
-1
-1
-1
-1
-1
7016
18717
-1
-1
-1
-1
-1
-1
-1
-1
-1
-1
-1
-1
-1
-1
-1
-1
-1
-1
-1
12977
13306
-1
-1
-1
-1
-1
-1
-1
-1
-1
-1
-1
17846
-1
-1
-1
-1
-1
16162
-1
-1
8638
-1
-1
-1
-1
-1
-1
-1
-1
-1
15291
-1
-1
-1
-1
15111
-1
-1
-1
-1
-1
-1
-1
-1
-1
-1
-1
13604
-1
8799
-1
-1
-1
-1
-1
-1
-1
-1
-1
-1
-1
-1
-1
-1
-1
-1
-1
-1
-1
18161
-1
-1
-1
18235
-1
-1
18498
-1
16824
-1
-1
-1
-1
-1
6381
-1
-1
-1
-1
-1
-1
-1
-1
-1
-1
-1
-1
-1
-1
-1
-1
-1
-1
-1
12172
-1
-1
-1
10848
-1
-1
-1
-1
-1
-1
-1
-1
-1
-1
-1
-1
-1
-1
-1
-1
-1
-1
-1
-1
6568
-1
-1
-1
-1
-1
-1
11266
-1
-1
-1
-1
-1
-1
-1
-1
-1
-1
-1
-1
-1
-1
-1
-1
18216
-1
-1
-1
-1
11097
-1
13379
6842
-1
-1
-1
-1
-1
-1
-1
-1
-1
-1
-1
10895
-1
-1
-1
13759
-1
-1
-1
-1
-1
-1
-1
3928
17614
-1
9154
-1
-1
-1
-1
18258
-1
-1
-1
-1
-1
5495
-1
-1
-1
-1
-1
-1
-1
-1
-1
-1
-1
-1
-1
-1
-1
-1
-1
-1
-1
-1
-1
13002
15317
-1
-1
-1
-1
-1
-1
-1
-1
-1
-1
13957
-1
-1
-1
-1
-1
-1
-1
-1
-1
-1
-1
-1
-1
-1
-1
-1
-1
-1
-1
-1
-1
-1
-1
-1
-1
-1
-1
-1
-1
-1
-1
-1
-1
18685
-1
-1
-1
-1
16755
-1
-1
-1
17596
-1
-1
-1
-1
-1
-1
-1
-1
-1
-1
-1
-1
-1
-1
-1
-1
14624
16837
-1
-1
-1
-1
-1
-1
-1
-1
-1
-1
-1
-1
-1
-1
-1
5739
-1
-1
-1
-1
-1
-1
-1
-1
-1
-1
-1
-1
-1
-1
-1
-1
-1
-1
-1
-1
-1
-1
-1
-1
-1
-1
-1
-1
-1
17639
-1
-1
-1
7727
-1
-1
-1
-1
-1
6785
-1
-1
-1
-1
-1
-1
-1
-1
-1
-1
-1
-1
-1
-1
-1
-1
-1
-1
-1
-1
8589
-1
-1
-1
-1
-1
-1
-1
-1
-1
-1
-1
-1
17892
17468
-1
-1
-1
4508
-1
-1
14530
-1
8320
-1
-1
-1
-1
-1
-1
-1
-1
-1
-1
-1
-1
-1
-1
-1
-1
-1
-1
-1
-1
-1
-1
-1
-1
-1
-1
-1
-1
-1
-1
-1
-1
-1
-1
-1
-1
-1
-1
-1
14922
15601
8414
-1
-1
-1
-1
-1
-1
-1
-1
13831
-1
-1
-1
-1
-1
-1
-1
-1
-1
15050
-1
-1
-1
3707
-1
-1
5715
-1
-1
8433
-1
16955
-1
4365
-1
-1
-1
-1
-1
-1
-1
-1
-1
-1
-1
-1
-1
-1
-1
-1
-1
-1
-1
-1
-1
-1
-1
5580
-1
-1
-1
-1
-1
-1
-1
-1
9191
-1
9296
-1
-1
-1
-1
-1
-1
-1
-1
5285
-1
-1
-1
-1
-1
-1
-1
-1
-1
13001
-1
9312
-1
-1
-1
-1
-1
18273
-1
-1
-1
-1
-1
-1
-1
-1
-1
-1
-1
-1
-1
-1
-1
-1
-1
-1
-1
-1
-1
-1
-1
-1
-1
-1
-1
-1
-1
-1
-1
-1
9978
-1
-1
-1
-1
-1
-1
-1
-1
14627
-1
-1
-1
-1
18665
-1
-1
-1
2545
-1
-1
-1
-1
-1
-1
-1
-1
-1
-1
-1
-1
-1
-1
-1
-1
-1
16751
-1
-1
-1
-1
9396
-1
-1
-1
-1
-1
-1
-1
-1
5350
10900
18623
-1
-1
-1
-1
-1
-1
-1
-1
-1
14958
-1
-1
-1
-1
-1
-1
-1
-1
-1
-1
-1
-1
-1
15407
4658
-1
-1
-1
-1
18549
-1
-1
-1
-1
-1
-1
-1
3027
-1
18738
-1
-1
-1
-1
-1
-1
-1
8727
-1
-1
-1
10173
18073
-1
-1
-1
-1
-1
-1
-1
-1
-1
-1
-1
-1
-1
-1
-1
-1
-1
-1
-1
-1
-1
-1
-1
-1
-1
-1
-1
-1
-1
-1
14349
17730
-1
-1
13433
-1
-1
-1
-1
-1
-1
-1
-1
-1
11020
-1
17364
15246
-1
-1
13102
-1
-1
-1
-1
-1
-1
7502
-1
15263
-1
-1
-1
-1
-1
-1
-1
-1
-1
7540
-1
-1
-1
-1
15820
-1
-1
-1
18422
-1
-1
-1
-1
-1
2595
-1
-1
-1
-1
-1
-1
-1
-1
6824
17402
-1
12305
-1
-1
-1
-1
-1
-1
-1
-1
-1
-1
-1
-1
-1
-1
-1
-1
-1
-1
-1
-1
-1
-1
-1
-1
-1
-1
-1
-1
10588
-1
-1
-1
-1
-1
-1
7996
-1
-1
-1
14931
-1
-1
-1
-1
-1
-1
-1
-1
-1
-1
-1
-1
-1
-1
-1
-1
-1
-1
16125
-1
-1
14837
-1
-1
-1
-1
-1
-1
-1
-1
11238
-1
-1
-1
-1
-1
-1
-1
-1
-1
-1
-1
-1
-1
14793
-1
-1
-1
-1
-1
15627
-1
-1
-1
-1
-1
-1
-1
-1
-1
-1
-1
13500
-1
-1
-1
-1
16678
13183
-1
-1
-1
-1
-1
-1
-1
-1
-1
-1
-1
12274
16065
14763
-1
-1
-1
-1
-1
-1
-1
-1
7332
-1
-1
-1
-1
-1
-1
-1
-1
-1
-1
-1
-1
-1
-1
-1
-1
-1
-1
-1
-1
10695
-1
-1
-1
13924
-1
2595
-1
-1
-1
-1
-1
-1
-1
-1
-1
-1
16938
-1
-1
-1
-1
13981
17123
-1
-1
16007
-1
-1
-1
-1
-1
-1
-1
-1
-1
-1
-1
-1
-1
-1
-1
-1
-1
-1
17340
-1
-1
-1
1576
-1
-1
-1
-1
-1
-1
-1
-1
-1
-1
2239
-1
-1
-1
-1
-1
10564
-1
-1
-1
10212
-1
7907
-1
-1
-1
-1
-1
-1
9118
-1
-1
-1
-1
-1
-1
-1
-1
-1
-1
-1
-1
-1
-1
-1
-1
-1
-1
17938
-1
5636
-1
-1
-1
-1
14088
2001
-1
12787
-1
7358
-1
17275
-1
-1
-1
-1
10361
17342
-1
-1
-1
11661
13306
-1
-1
11845
-1
1815
-1
2302
-1
-1
-1
-1
-1
-1
-1
-1
11192
-1
2128
-1
-1
-1
-1
-1
-1
-1
-1
-1
-1
-1
-1
-1
-1
-1
-1
-1
-1
-1
-1
-1
-1
16880
-1
-1
-1
-1
-1
-1
-1
-1
-1
-1
-1
-1
-1
-1
-1
-1
-1
8575
-1
17291
-1
-1
-1
-1
-1
2219
-1
-1
-1
-1
-1
14079
-1
-1
-1
-1
-1
-1
-1
-1
-1
-1
14260
-1
-1
-1
17586
-1
-1
-1
-1
-1
-1
-1
-1
-1
18613
-1
-1
-1
-1
-1
-1
-1
-1
-1
-1
-1
-1
-1
-1
-1
-1
8031
-1
-1
-1
-1
-1
-1
-1
-1
-1
-1
15270
-1
-1
-1
-1
-1
-1
-1
16966
-1
-1
2560
-1
-1
16545
-1
-1
-1
-1
-1
-1
-1
-1
-1
-1
-1
-1
-1
-1
-1
-1
-1
12781
-1
-1
-1
-1
-1
-1
-1
-1
-1
-1
-1
-1
7203
16588
-1
-1
-1
-1
-1
12830
-1
-1
-1
15291
7442
-1
-1
-1
-1
-1
-1
-1
17155
-1
-1
-1
-1
-1
17935
-1
-1
13630
-1
-1
-1
-1
-1
13059
-1
-1
-1
-1
-1
-1
-1
-1
-1
17811
-1
-1
-1
-1
15739
-1
-1
-1
-1
-1
-1
-1
-1
-1
-1
-1
-1
-1
-1
-1
-1
-1
-1
-1
-1
-1
-1
2290
14354
-1
-1
17643
6728
10346
-1
-1
-1
5857
-1
-1
12423
-1
-1
-1
-1
-1
-1
-1
-1
-1
-1
-1
-1
-1
-1
-1
-1
-1
-1
-1
-1
-1
-1
-1
-1
-1
-1
-1
-1
-1
-1
-1
-1
-1
-1
-1
-1
-1
15515
-1
-1
-1
-1
-1
-1
-1
-1
8340
-1
-1
-1
-1
5865
-1
-1
-1
-1
-1
16777
-1
-1
-1
12405
-1
-1
-1
-1
-1
-1
-1
10337
-1
-1
-1
-1
-1
-1
-1
13012
17013
-1
-1
-1
-1
-1
-1
-1
-1
9616
-1
-1
17738
-1
-1
-1
-1
-1
-1
-1
-1
-1
-1
-1
-1
-1
-1
-1
-1
-1
-1
-1
-1
-1
-1
-1
-1
6617
-1
-1
-1
9584
-1
-1
-1
-1
-1
-1
-1
-1
-1
10862
-1
-1
-1
-1
-1
-1
-1
-1
-1
-1
-1
-1
16123
18699
-1
-1
-1
3594
-1
-1
-1
-1
-1
-1
-1
-1
-1
2812
-1
-1
-1
-1
-1
16436
-1
-1
-1
-1
16094
-1
-1
-1
-1
-1
-1
-1
9593
-1
9499
-1
-1
-1
-1
-1
-1
-1
-1
-1
-1
-1
-1
-1
-1
-1
8576
-1
-1
-1
-1
-1
-1
10327
15670
-1
-1
-1
-1
-1
-1
-1
-1
-1
-1
-1
-1
8055
-1
-1
-1
-1
-1
13428
-1
-1
-1
-1
-1
-1
-1
4495
-1
-1
-1
-1
-1
-1
-1
-1
16508
18407
-1
-1
-1
-1
-1
-1
-1
-1
-1
8527
-1
-1
-1
-1
-1
-1
13423
-1
-1
-1
-1
-1
14301
-1
-1
-1
-1
12274
-1
-1
-1
-1
-1
-1
-1
-1
-1
-1
-1
-1
-1
-1
-1
-1
-1
-1
-1
16305
-1
-1
-1
-1
-1
-1
-1
-1
-1
-1
-1
-1
-1
-1
-1
-1
-1
-1
-1
-1
-1
10488
-1
-1
9000
-1
17881
7839
-1
-1
-1
-1
-1
-1
-1
-1
-1
-1
-1
-1
-1
-1
-1
-1
-1
17917
-1
-1
-1
-1
3463
-1
-1
-1
-1
-1
-1
-1
-1
12061
-1
-1
-1
-1
-1
-1
8389
18523
-1
-1
-1
-1
-1
13330
-1
-1
-1
17071
-1
-1
-1
-1
-1
-1
-1
14859
-1
17730
-1
-1
-1
-1
-1
10386
-1
-1
-1
-1
-1
-1
-1
-1
-1
-1
-1
-1
-1
-1
-1
-1
11306
-1
-1
-1
-1
-1
-1
-1
-1
-1
-1
-1
-1
-1
-1
-1
-1
-1
-1
11020
-1
-1
-1
-1
-1
-1
-1
15396
-1
-1
-1
-1
-1
-1
-1
6370
-1
-1
-1
-1
-1
-1
-1
-1
-1
-1
-1
-1
7644
-1
-1
-1
-1
-1
17343
-1
-1
-1
-1
-1
-1
-1
-1
-1
-1
-1
16137
-1
-1
-1
-1
-1
-1
-1
17109
-1
-1
-1
-1
-1
15429
-1
-1
-1
-1
-1
-1
-1
-1
-1
14398
-1
16374
-1
-1
-1
-1
-1
-1
-1
9095
-1
-1
-1
-1
16672
-1
9594
-1
-1
-1
-1
-1
-1
-1
-1
-1
-1
-1
4706
-1
-1
-1
-1
-1
-1
-1
-1
-1
-1
-1
-1
-1
-1
-1
-1
-1
-1
-1
6178
-1
-1
-1
-1
4148
-1
-1
12553
-1
-1
-1
-1
-1
-1
-1
-1
-1
-1
-1
-1
-1
-1
-1
-1
-1
-1
-1
-1
-1
-1
-1
-1
-1
-1
-1
-1
-1
-1
-1
10865
-1
-1
-1
-1
-1
-1
14896
-1
-1
-1
-1
-1
-1
-1
-1
-1
7422
-1
-1
-1
12079
-1
-1
-1
-1
-1
-1
5636
-1
-1
-1
-1
-1
-1
-1
10606
-1
-1
-1
-1
-1
-1
-1
-1
-1
-1
-1
-1
-1
-1
-1
-1
-1
-1
-1
-1
11781
-1
-1
-1
-1
-1
-1
13733
-1
-1
-1
-1
-1
9799
-1
18264
13747
-1
-1
-1
-1
-1
-1
-1
-1
-1
-1
-1
-1
-1
8189
-1
-1
-1
-1
-1
-1
-1
-1
-1
-1
-1
14420
-1
-1
-1
-1
-1
-1
-1
16347
-1
-1
15449
3893
-1
-1
-1
-1
-1
-1
-1
16898
5637
-1
-1
-1
-1
-1
-1
-1
-1
-1
-1
-1
-1
-1
-1
-1
-1
-1
-1
-1
-1
-1
-1
-1
-1
-1
-1
-1
-1
-1
-1
-1
-1
-1
-1
-1
-1
-1
-1
-1
-1
-1
-1
16359
-1
5649
-1
-1
-1
-1
-1
-1
-1
-1
-1
-1
16878
-1
3690
-1
-1
-1
8690
6679
-1
-1
-1
12586
-1
-1
-1
8898
-1
-1
8719
-1
-1
-1
-1
-1
14694
-1
-1
15112
-1
14419
-1
-1
-1
-1
-1
-1
13507
-1
-1
-1
-1
-1
-1
-1
-1
-1
-1
-1
-1
16046
-1
-1
-1
-1
-1
-1
-1
-1
-1
-1
-1
-1
-1
-1
-1
-1
-1
-1
-1
-1
-1
-1
-1
-1
13952
18612
12101
-1
12769
-1
-1
-1
-1
-1
-1
-1
-1
-1
-1
13270
-1
-1
-1
-1
-1
5524
-1
-1
-1
-1
-1
-1
-1
-1
-1
-1
-1
-1
-1
-1
-1
14460
13966
-1
12563
-1
17400
-1
-1
-1
-1
12790
-1
-1
-1
-1
-1
-1
-1
-1
-1
-1
-1
-1
-1
-1
-1
-1
-1
-1
-1
-1
-1
-1
17007
-1
-1
-1
-1
-1
-1
-1
-1
-1
-1
-1
-1
-1
-1
-1
-1
-1
-1
-1
-1
-1
-1
-1
-1
-1
-1
-1
-1
14810
-1
-1
-1
-1
12592
16241
-1
-1
11453
-1
-1
-1
-1
-1
-1
-1
-1
-1
-1
14267
-1
-1
-1
13233
-1
-1
-1
-1
-1
-1
-1
-1
-1
-1
-1
-1
13270
-1
-1
-1
-1
-1
-1
-1
-1
-1
-1
-1
-1
-1
-1
-1
15748
-1
-1
-1
-1
-1
-1
-1
-1
-1
-1
-1
-1
-1
-1
-1
16220
-1
-1
-1
-1
16911
-1
-1
5536
-1
-1
-1
-1
-1
-1
-1
-1
-1
-1
-1
-1
-1
-1
-1
-1
16513
-1
-1
-1
-1
-1
-1
-1
-1
-1
3766
-1
-1
7803
-1
-1
-1
18744
-1
16279
-1
-1
-1
-1
-1
-1
-1
-1
-1
-1
-1
13739
-1
14139
-1
-1
-1
-1
-1
-1
-1
17821
-1
11034
-1
-1
-1
-1
-1
-1
-1
-1
-1
-1
-1
-1
-1
-1
-1
-1
-1
-1
-1
-1
-1
-1
-1
-1
-1
-1
-1
-1
-1
-1
-1
-1
-1
-1
7273
-1
15716
-1
5888
17902
-1
-1
-1
-1
-1
-1
-1
-1
-1
-1
-1
-1
-1
-1
-1
13437
-1
-1
-1
-1
-1
-1
-1
-1
-1
-1
-1
-1
14020
-1
-1
-1
-1
-1
-1
-1
-1
3272
-1
-1
-1
-1
-1
-1
-1
8695
-1
-1
-1
-1
-1
6270
-1
-1
10036
-1
-1
-1
-1
-1
-1
-1
-1
-1
-1
-1
-1
-1
-1
-1
-1
-1
-1
-1
-1
-1
-1
-1
-1
-1
10887
-1
-1
-1
-1
-1
3687
-1
-1
9092
-1
-1
5055
-1
8668
12441
-1
-1
-1
-1
-1
15237
-1
-1
-1
8304
10586
-1
-1
-1
-1
2754
-1
-1
15482
-1
14156
-1
-1
1309
-1
-1
8085
-1
-1
14210
-1
-1
12921
-1
-1
-1
-1
-1
7076
-1
-1
7765
-1
-1
-1
-1
-1
-1
-1
-1
-1
-1
-1
-1
-1
-1
-1
-1
-1
-1
8181
-1
-1
-1
-1
-1
-1
-1
-1
-1
-1
-1
-1
12329
-1
-1
14062
-1
-1
-1
-1
-1
-1
-1
-1
-1
-1
-1
-1
-1
-1
-1
-1
-1
-1
-1
-1
-1
-1
-1
-1
-1
-1
-1
-1
-1
-1
15739
-1
-1
-1
-1
-1
3154
-1
-1
-1
-1
-1
-1
-1
-1
-1
-1
-1
-1
-1
-1
-1
3225
-1
-1
-1
-1
-1
-1
-1
1519
4281
-1
-1
-1
-1
-1
14951
-1
-1
-1
-1
-1
3221
-1
-1
-1
-1
-1
14997
-1
4505
-1
-1
12398
13202
16526
-1
-1
-1
-1
-1
-1
13395
-1
11355
-1
-1
-1
-1
11936
-1
-1
-1
-1
-1
-1
-1
-1
-1
15211
-1
-1
-1
13569
-1
-1
-1
-1
-1
-1
-1
-1
-1
-1
-1
-1
-1
-1
-1
-1
-1
-1
-1
-1
13669
-1
-1
8031
-1
-1
-1
-1
-1
-1
-1
-1
-1
-1
-1
-1
-1
-1
-1
2545
-1
-1
-1
-1
-1
-1
-1
-1
-1
-1
-1
-1
18042
-1
-1
-1
6166
-1
-1
6544
3928
-1
-1
-1
-1
-1
-1
-1
7407
-1
-1
-1
-1
-1
-1
-1
-1
-1
-1
-1
-1
-1
-1
-1
12284
-1
-1
-1
-1
-1
-1
-1
-1
-1
-1
-1
-1
14855
-1
-1
16861
-1
-1
11689
-1
-1
-1
-1
-1
-1
-1
-1
-1
-1
-1
-1
-1
-1
-1
-1
13066
-1
-1
-1
-1
-1
13159
-1
-1
-1
-1
-1
-1
-1
-1
-1
8961
-1
-1
-1
-1
15433
-1
-1
-1
-1
-1
-1
-1
-1
15263
-1
-1
16852
15574
-1
-1
-1
-1
-1
-1
-1
-1
8897
-1
-1
-1
-1
-1
-1
-1
17111
-1
-1
-1
-1
-1
-1
-1
4858
-1
-1
-1
8267
14532
-1
-1
-1
-1
-1
-1
17656
-1
-1
-1
17279
-1
-1
-1
-1
-1
-1
-1
-1
-1
-1
-1
-1
4033
16279
-1
-1
-1
-1
11729
-1
-1
-1
-1
-1
-1
-1
-1
-1
-1
-1
11341
-1
-1
-1
16333
-1
-1
-1
-1
-1
-1
-1
-1
-1
-1
-1
17932
-1
-1
-1
15399
-1
6964
-1
-1
-1
-1
-1
-1
18380
-1
-1
-1
-1
-1
-1
9899
-1
-1
-1
-1
-1
-1
-1
-1
-1
-1
-1
-1
-1
-1
-1
-1
-1
-1
13582
-1
-1
17806
-1
-1
-1
-1
-1
-1
-1
-1
-1
18119
-1
-1
-1
-1
-1
-1
-1
-1
-1
-1
-1
-1
-1
-1
-1
-1
-1
-1
-1
-1
-1
-1
-1
-1
-1
-1
-1
9474
-1
-1
-1
-1
-1
-1
-1
-1
-1
12604
-1
-1
-1
17429
-1
-1
-1
-1
-1
-1
-1
-1
18538
-1
-1
9352
-1
-1
2578
-1
-1
-1
13252
-1
-1
-1
-1
-1
-1
-1
-1
-1
-1
-1
6118
14347
-1
-1
-1
-1
-1
-1
-1
-1
-1
-1
-1
-1
-1
-1
-1
-1
-1
-1
-1
-1
-1
-1
-1
-1
-1
-1
-1
-1
15778
-1
-1
-1
-1
12557
-1
-1
-1
-1
-1
-1
-1
-1
-1
-1
-1
-1
-1
-1
-1
8991
-1
12404
-1
13971
-1
-1
-1
-1
-1
-1
-1
-1
-1
-1
-1
13106
-1
-1
-1
-1
-1
-1
-1
-1
-1
-1
-1
-1
-1
-1
-1
-1
-1
-1
-1
-1
16373
-1
17745
10247
-1
11535
-1
16252
-1
-1
9401
3302
-1
-1
-1
-1
-1
-1
-1
-1
-1
-1
16214
-1
-1
-1
-1
-1
-1
-1
-1
-1
-1
-1
18676
-1
-1
-1
-1
1670
-1
-1
-1
-1
-1
-1
-1
-1
-1
10677
-1
-1
15453
-1
-1
13159
-1
-1
17109
-1
-1
-1
-1
-1
-1
-1
-1
4924
-1
7459
-1
-1
-1
-1
3047
-1
-1
-1
11160
-1
-1
-1
-1
-1
-1
-1
-1
17359
-1
-1
-1
-1
-1
-1
-1
-1
-1
13791
-1
16827
-1
-1
-1
-1
-1
-1
15842
-1
-1
-1
-1
-1
2104
-1
-1
-1
-1
-1
-1
-1
-1
-1
-1
3879
-1
-1
-1
-1
-1
-1
6519
-1
-1
-1
-1
-1
16752
-1
-1
-1
-1
-1
-1
-1
-1
-1
-1
13046
-1
-1
15977
-1
-1
-1
-1
-1
15745
-1
13797
-1
-1
-1
-1
-1
-1
-1
-1
-1
-1
-1
16768
-1
-1
10678
16623
-1
-1
-1
-1
-1
-1
-1
-1
11226
-1
-1
-1
-1
-1
-1
17126
-1
-1
-1
-1
-1
-1
-1
-1
13723
-1
-1
-1
-1
-1
-1
-1
-1
-1
-1
6466
-1
-1
-1
-1
-1
-1
-1
-1
-1
-1
15653
-1
-1
-1
-1
-1
-1
-1
-1
-1
13673
-1
-1
-1
-1
-1
-1
-1
-1
14945
-1
-1
-1
-1
-1
12984
-1
-1
-1
-1
-1
-1
9608
-1
-1
-1
-1
-1
16612
-1
-1
-1
17675
-1
-1
-1
-1
2209
-1
-1
-1
-1
-1
-1
-1
-1
-1
-1
-1
14139
-1
-1
-1
-1
-1
-1
9243
-1
-1
-1
-1
-1
-1
-1
-1
-1
-1
-1
-1
-1
-1
15375
-1
-1
-1
-1
-1
-1
-1
-1
-1
-1
-1
-1
-1
-1
-1
-1
10070
-1
-1
9383
-1
-1
16523
-1
6873
-1
-1
-1
-1
-1
-1
-1
-1
-1
-1
-1
-1
18200
-1
8352
17565
-1
15161
9022
-1
-1
-1
-1
-1
-1
-1
-1
-1
-1
-1
-1
-1
-1
-1
-1
-1
-1
-1
1904
-1
-1
-1
-1
-1
-1
-1
-1
-1
17682
-1
10421
-1
-1
-1
17495
-1
-1
-1
-1
-1
-1
-1
-1
-1
-1
-1
-1
-1
-1
-1
-1
-1
-1
-1
-1
-1
-1
-1
-1
-1
-1
-1
-1
-1
12589
-1
-1
-1
3177
-1
-1
-1
-1
-1
-1
-1
-1
-1
-1
-1
9718
-1
-1
-1
-1
-1
-1
-1
-1
-1
-1
-1
-1
-1
10331
-1
18054
-1
-1
-1
1648
-1
-1
-1
-1
-1
-1
-1
-1
-1
-1
-1
-1
-1
12074
-1
-1
-1
-1
-1
15994
-1
-1
-1
-1
-1
-1
-1
-1
-1
16938
-1
-1
-1
-1
-1
-1
-1
-1
-1
-1
-1
18481
-1
-1
-1
-1
-1
-1
13332
17644
-1
-1
13096
-1
-1
-1
-1
-1
-1
-1
6773
-1
-1
-1
-1
14231
-1
-1
-1
4114
-1
-1
4025
-1
-1
-1
-1
13986
-1
-1
-1
-1
-1
-1
6517
-1
-1
-1
-1
-1
17742
-1
-1
-1
-1
-1
-1
-1
-1
7371
-1
-1
-1
10212
-1
-1
-1
-1
-1
-1
-1
-1
-1
-1
-1
-1
-1
-1
-1
-1
-1
-1
-1
-1
-1
-1
-1
-1
-1
-1
-1
-1
-1
16201
-1
-1
-1
-1
-1
-1
-1
-1
17048
-1
-1
-1
15495
-1
-1
13754
-1
-1
-1
-1
-1
17856
-1
-1
-1
-1
-1
-1
-1
17849
-1
-1
-1
-1
-1
-1
17119
-1
-1
-1
17602
-1
-1
-1
-1
-1
16019
-1
-1
-1
-1
18712
-1
-1
-1
-1
10987
-1
-1
-1
-1
-1
-1
-1
-1
-1
2460
-1
-1
-1
-1
-1
-1
-1
-1
-1
-1
-1
-1
-1
-1
-1
-1
-1
-1
-1
-1
-1
-1
6979
11756
-1
-1
-1
-1
-1
-1
-1
-1
9205
-1
-1
-1
-1
-1
-1
-1
-1
-1
-1
-1
-1
-1
-1
-1
-1
-1
14303
-1
-1
14462
-1
-1
-1
-1
-1
-1
-1
-1
-1
-1
-1
-1
-1
-1
-1
-1
-1
-1
-1
17236
-1
-1
-1
-1
-1
9133
-1
-1
13518
-1
-1
-1
-1
-1
-1
-1
-1
-1
-1
-1
-1
-1
-1
-1
-1
-1
17800
-1
-1
-1
-1
-1
-1
12742
-1
-1
-1
-1
-1
-1
-1
-1
-1
-1
-1
-1
-1
10482
-1
-1
-1
-1
-1
-1
-1
-1
-1
-1
-1
-1
-1
-1
-1
-1
-1
-1
-1
-1
-1
-1
-1
-1
-1
12775
-1
-1
-1
-1
-1
-1
-1
11635
-1
-1
-1
-1
-1
-1
8560
7899
6832
-1
-1
-1
-1
-1
-1
-1
-1
6185
-1
-1
-1
-1
-1
-1
-1
-1
-1
-1
-1
-1
11014
-1
-1
-1
-1
-1
-1
-1
-1
-1
-1
-1
-1
-1
-1
-1
-1
-1
-1
-1
-1
-1
-1
-1
-1
11003
-1
-1
-1
13842
-1
-1
-1
-1
-1
-1
-1
-1
-1
-1
-1
-1
-1
-1
-1
-1
-1
-1
-1
-1
-1
-1
-1
-1
-1
-1
-1
-1
-1
-1
15388
-1
-1
-1
-1
-1
10949
-1
-1
-1
-1
-1
-1
-1
-1
-1
-1
-1
-1
-1
-1
-1
-1
-1
12398
-1
-1
11170
-1
-1
-1
-1
-1
-1
-1
-1
-1
-1
-1
-1
-1
-1
-1
-1
-1
8460
-1
-1
-1
-1
-1
-1
16855
-1
-1
-1
-1
-1
4343
-1
-1
-1
-1
-1
-1
-1
-1
-1
-1
-1
-1
-1
-1
-1
-1
6794
18465
18412
-1
-1
-1
-1
-1
-1
-1
-1
-1
-1
-1
-1
6054
-1
-1
-1
-1
-1
-1
-1
-1
-1
12803
-1
-1
-1
-1
-1
7386
-1
-1
-1
-1
-1
-1
7808
-1
-1
-1
-1
-1
-1
-1
13401
-1
-1
-1
-1
-1
-1
-1
-1
-1
-1
-1
-1
12902
13858
-1
-1
-1
-1
-1
-1
-1
-1
-1
-1
-1
-1
-1
17680
-1
-1
-1
11198
-1
-1
-1
11147
-1
-1
-1
-1
-1
-1
-1
-1
-1
11256
-1
-1
15223
-1
-1
-1
-1
-1
-1
10928
2409
7346
-1
-1
-1
-1
-1
-1
-1
-1
-1
-1
-1
-1
-1
-1
-1
-1
-1
-1
-1
-1
-1
-1
-1
-1
-1
-1
-1
-1
-1
-1
-1
-1
-1
-1
-1
-1
-1
-1
-1
-1
-1
-1
-1
14767
-1
-1
-1
-1
-1
-1
2474
-1
-1
-1
-1
-1
-1
-1
-1
-1
-1
-1
-1
-1
-1
-1
-1
13257
-1
16438
-1
-1
-1
-1
12586
-1
-1
-1
-1
13012
-1
-1
-1
-1
-1
17542
-1
-1
-1
-1
-1
-1
-1
-1
-1
8845
-1
-1
-1
14163
-1
18675
-1
-1
-1
-1
-1
-1
10442
-1
6963
-1
-1
-1
-1
-1
-1
-1
-1
-1
16526
-1
11978
-1
-1
-1
15482
-1
-1
-1
-1
-1
-1
13350
18245
-1
-1
-1
13693
-1
-1
-1
-1
16657
-1
7224
13922
-1
-1
-1
-1
-1
16717
-1
-1
-1
-1
-1
-1
-1
-1
-1
-1
11402
-1
9046
-1
-1
10218
-1
14646
-1
-1
-1
-1
-1
-1
-1
-1
-1
-1
-1
-1
-1
-1
-1
-1
-1
-1
-1
-1
-1
-1
-1
-1
-1
18040
-1
-1
-1
-1
-1
-1
-1
-1
-1
-1
-1
-1
-1
-1
-1
-1
13524
-1
-1
-1
-1
-1
-1
-1
-1
-1
-1
-1
16431
-1
-1
-1
-1
-1
-1
-1
-1
-1
-1
-1
-1
-1
-1
-1
-1
-1
-1
-1
14610
-1
8309
-1
-1
-1
14694
-1
-1
-1
-1
-1
-1
-1
-1
-1
-1
14623
-1
-1
-1
-1
10718
-1
-1
15518
-1
-1
-1
-1
-1
-1
11475
-1
7602
-1
-1
-1
-1
-1
-1
-1
-1
-1
-1
-1
-1
7671
-1
10584
-1
-1
-1
-1
13013
-1
6762
-1
7084
-1
14945
-1
-1
-1
-1
-1
-1
-1
-1
-1
-1
-1
-1
-1
-1
-1
-1
-1
11657
-1
-1
-1
-1
-1
-1
-1
-1
-1
7083
-1
-1
-1
7251
-1
-1
-1
-1
-1
12446
-1
1608
-1
-1
-1
-1
-1
-1
-1
-1
-1
-1
-1
4993
6562
-1
-1
9674
-1
-1
1868
-1
-1
-1
-1
-1
-1
-1
-1
-1
-1
-1
4256
-1
-1
-1
-1
-1
-1
14765
-1
-1
-1
17007
-1
-1
-1
-1
8613
-1
-1
-1
-1
-1
-1
-1
-1
-1
-1
-1
-1
17800
-1
-1
-1
-1
-1
-1
-1
-1
-1
-1
-1
-1
-1
-1
-1
-1
-1
-1
-1
-1
-1
-1
-1
-1
-1
-1
-1
-1
-1
-1
-1
-1
-1
-1
-1
-1
14483
-1
-1
18346
-1
-1
-1
-1
16041
-1
-1
-1
-1
-1
-1
17411
-1
-1
-1
-1
-1
11448
-1
-1
-1
-1
-1
-1
-1
9314
16155
-1
-1
-1
-1
-1
-1
13209
18361
-1
-1
-1
4413
-1
-1
15508
-1
-1
-1
-1
-1
-1
-1
-1
-1
-1
-1
18089
-1
-1
-1
-1
-1
903
-1
-1
-1
13062
-1
-1
18286
-1
-1
-1
-1
-1
5989
9312
-1
-1
-1
-1
-1
-1
-1
-1
-1
-1
-1
-1
-1
-1
-1
-1
-1
-1
-1
-1
-1
-1
-1
-1
-1
-1
-1
-1
-1
-1
-1
-1
-1
-1
-1
-1
-1
-1
15005
-1
-1
-1
-1
-1
-1
-1
-1
-1
-1
12692
-1
-1
17051
-1
-1
-1
6968
-1
-1
-1
-1
-1
12511
-1
-1
15415
-1
-1
-1
-1
-1
-1
-1
-1
-1
-1
18686
-1
-1
-1
-1
-1
-1
-1
-1
-1
-1
-1
-1
-1
-1
-1
9201
-1
-1
-1
-1
-1
-1
-1
-1
-1
-1
-1
-1
-1
-1
-1
-1
9799
-1
-1
-1
-1
-1
-1
-1
-1
-1
-1
-1
-1
-1
-1
-1
-1
-1
-1
-1
-1
-1
-1
-1
-1
-1
-1
-1
-1
-1
-1
-1
-1
-1
-1
-1
-1
-1
-1
-1
-1
-1
-1
-1
-1
-1
-1
-1
-1
-1
-1
-1
-1
-1
-1
-1
11826
-1
-1
-1
-1
-1
-1
-1
-1
-1
-1
12075
-1
15323
-1
-1
-1
-1
-1
-1
-1
-1
-1
-1
-1
17007
-1
-1
-1
-1
-1
-1
-1
-1
-1
-1
-1
-1
-1
-1
-1
-1
18481
-1
-1
-1
-1
-1
14783
-1
-1
16902
17389
-1
-1
-1
-1
17920
-1
-1
-1
-1
-1
-1
-1
-1
-1
-1
-1
-1
-1
-1
-1
-1
-1
-1
-1
-1
-1
-1
-1
-1
-1
-1
-1
15745
-1
-1
-1
-1
-1
-1
-1
-1
-1
-1
1715
18120
-1
16082
-1
-1
-1
-1
-1
13068
-1
-1
-1
-1
14679
-1
-1
-1
-1
7157
-1
-1
-1
-1
-1
-1
-1
-1
-1
-1
-1
-1
-1
-1
-1
-1
18539
-1
-1
-1
4225
-1
-1
-1
-1
-1
-1
-1
-1
-1
11187
-1
9203
-1
-1
-1
-1
-1
-1
-1
-1
-1
-1
-1
-1
-1
18059
-1
-1
-1
4505
-1
-1
-1
-1
-1
-1
-1
-1
-1
-1
-1
-1
-1
-1
-1
-1
-1
-1
-1
-1
-1
-1
-1
-1
-1
-1
12202
-1
14114
-1
-1
-1
-1
-1
-1
-1
17756
-1
-1
-1
-1
-1
-1
-1
-1
-1
-1
-1
-1
-1
-1
-1
-1
-1
17892
-1
-1
-1
-1
-1
-1
10604
-1
-1
-1
-1
7588
-1
-1
-1
-1
-1
-1
-1
-1
-1
-1
-1
13265
-1
-1
-1
-1
-1
4658
-1
-1
-1
-1
6182
-1
-1
7526
-1
-1
-1
-1
-1
11994
-1
-1
-1
-1
-1
-1
-1
-1
-1
-1
-1
-1
-1
-1
-1
-1
-1
-1
-1
-1
-1
-1
-1
-1
-1
-1
-1
-1
-1
-1
11820
-1
-1
-1
17422
-1
14242
-1
-1
-1
-1
-1
15469
-1
-1
-1
-1
-1
-1
9680
-1
-1
6674
-1
-1
-1
-1
-1
-1
18050
-1
-1
-1
-1
13552
-1
-1
-1
-1
-1
-1
-1
-1
-1
-1
-1
-1
-1
14963
-1
-1
-1
-1
11996
16023
-1
-1
-1
-1
-1
-1
-1
-1
-1
18246
-1
12579
-1
-1
-1
-1
-1
-1
-1
-1
-1
-1
11072
-1
-1
-1
-1
-1
-1
-1
-1
-1
-1
13894
-1
-1
-1
-1
-1
-1
-1
-1
-1
-1
-1
-1
-1
-1
-1
-1
-1
-1
-1
-1
-1
-1
-1
-1
-1
-1
8418
-1
-1
-1
-1
-1
-1
-1
-1
-1
-1
-1
-1
-1
-1
11433
-1
-1
-1
6983
-1
-1
-1
1656
16346
-1
-1
-1
-1
-1
-1
-1
-1
-1
-1
-1
-1
-1
-1
13109
-1
-1
-1
-1
-1
-1
-1
-1
-1
-1
-1
-1
-1
-1
-1
-1
-1
-1
-1
-1
-1
-1
-1
-1
-1
-1
-1
-1
-1
-1
-1
-1
-1
-1
-1
-1
-1
10027
-1
-1
-1
-1
-1
-1
12418
7041
-1
-1
-1
-1
8880
-1
14303
-1
-1
16591
-1
13317
-1
-1
-1
-1
-1
4698
-1
-1
-1
-1
-1
-1
-1
-1
-1
-1
-1
-1
-1
-1
-1
-1
-1
-1
-1
-1
-1
-1
-1
-1
-1
-1
-1
-1
-1
-1
-1
-1
18317
8820
-1
-1
3922
15027
-1
-1
-1
6853
-1
-1
-1
-1
-1
-1
-1
-1
7124
-1
-1
9550
-1
-1
-1
-1
-1
-1
-1
-1
11316
-1
-1
-1
-1
-1
-1
-1
-1
-1
-1
17200
-1
-1
-1
11871
-1
-1
-1
-1
15979
-1
-1
-1
5778
-1
-1
-1
-1
-1
-1
-1
-1
-1
-1
-1
-1
-1
-1
-1
-1
-1
3325
16036
-1
-1
-1
-1
-1
-1
-1
-1
-1
-1
11827
-1
-1
-1
-1
-1
-1
14556
-1
-1
-1
-1
-1
-1
-1
-1
9860
-1
-1
-1
-1
-1
-1
-1
-1
-1
-1
-1
-1
-1
-1
-1
-1
-1
-1
-1
-1
-1
-1
-1
-1
-1
-1
-1
-1
-1
-1
-1
-1
-1
-1
-1
-1
-1
17558
-1
-1
-1
-1
-1
-1
-1
9165
-1
16801
-1
-1
-1
-1
-1
16750
-1
5631
12112
-1
-1
-1
-1
-1
-1
-1
-1
-1
-1
-1
-1
-1
-1
-1
-1
-1
-1
-1
-1
-1
-1
-1
-1
-1
-1
-1
-1
-1
-1
17340
-1
-1
-1
-1
-1
-1
-1
-1
-1
7246
-1
-1
-1
-1
12032
-1
16922
6066
-1
-1
-1
-1
-1
-1
-1
-1
8435
16399
-1
18716
-1
10389
-1
-1
-1
-1
-1
18580
-1
-1
18058
-1
10856
-1
-1
14435
-1
12490
-1
-1
-1
-1
-1
-1
-1
-1
-1
9195
-1
-1
-1
-1
-1
7568
-1
-1
-1
-1
-1
-1
-1
-1
16673
-1
-1
8598
-1
-1
-1
-1
-1
14337
-1
-1
-1
-1
-1
-1
-1
-1
-1
17635
-1
-1
-1
8335
-1
-1
-1
-1
-1
-1
-1
8610
-1
-1
-1
-1
-1
-1
-1
-1
18408
-1
601
-1
-1
-1
-1
-1
-1
-1
-1
-1
-1
-1
-1
-1
17232
-1
-1
-1
4634
-1
-1
10812
-1
-1
-1
-1
-1
-1
-1
-1
-1
12543
12618
-1
-1
-1
-1
-1
-1
-1
-1
-1
-1
-1
-1
-1
-1
-1
9401
-1
9759
-1
-1
-1
-1
-1
-1
-1
-1
13563
-1
-1
-1
-1
-1
-1
-1
-1
-1
-1
15194
-1
-1
-1
-1
-1
-1
-1
17413
-1
-1
-1
-1
-1
15891
-1
-1
-1
-1
-1
-1
-1
-1
-1
-1
14244
15157
-1
-1
-1
-1
-1
-1
-1
11819
11929
-1
-1
-1
12319
-1
-1
-1
-1
-1
-1
-1
-1
-1
-1
-1
-1
-1
-1
-1
-1
-1
-1
-1
-1
9163
8302
-1
-1
-1
-1
-1
-1
-1
-1
17423
-1
-1
-1
-1
-1
-1
-1
-1
-1
-1
-1
-1
-1
-1
-1
-1
-1
-1
-1
-1
12842
-1
-1
-1
-1
-1
-1
-1
-1
14302
-1
-1
-1
-1
-1
-1
-1
-1
-1
-1
-1
-1
-1
-1
-1
-1
-1
-1
-1
-1
-1
-1
15526
-1
-1
-1
10270
-1
-1
-1
-1
-1
-1
-1
-1
-1
-1
-1
-1
-1
-1
-1
-1
-1
-1
-1
-1
-1
-1
-1
-1
-1
-1
-1
-1
-1
-1
-1
-1
-1
-1
-1
-1
-1
-1
18120
-1
-1
-1
-1
-1
-1
15306
-1
-1
-1
-1
-1
-1
-1
-1
-1
-1
-1
-1
-1
-1
-1
-1
-1
-1
8832
-1
-1
-1
-1
-1
-1
-1
-1
10945
16545
-1
-1
11460
17913
-1
-1
14765
-1
-1
-1
-1
-1
-1
-1
-1
-1
-1
-1
-1
-1
-1
-1
-1
13885
-1
-1
-1
-1
-1
-1
-1
-1
-1
-1
-1
-1
-1
17181
-1
-1
-1
-1
-1
-1
-1
-1
-1
-1
-1
-1
-1
-1
-1
-1
-1
-1
17850
5621
-1
-1
-1
2214
-1
13773
-1
-1
-1
-1
-1
-1
-1
-1
-1
-1
-1
-1
-1
-1
-1
-1
-1
12049
-1
-1
12255
-1
-1
13427
-1
-1
-1
-1
18369
-1
-1
-1
-1
-1
-1
-1
-1
-1
-1
-1
-1
-1
-1
-1
-1
-1
-1
-1
-1
-1
-1
-1
-1
-1
-1
-1
15179
-1
-1
-1
-1
-1
-1
-1
-1
-1
-1
-1
-1
-1
-1
-1
18424
-1
-1
-1
-1
-1
-1
-1
-1
-1
-1
-1
-1
-1
-1
-1
-1
-1
-1
-1
-1
-1
-1
-1
-1
-1
-1
-1
-1
-1
-1
-1
-1
-1
-1
-1
-1
-1
-1
-1
-1
-1
-1
-1
-1
-1
-1
-1
-1
-1
-1
-1
-1
-1
-1
-1
-1
-1
-1
-1
8847
2705
-1
-1
4104
-1
15186
8541
-1
-1
-1
-1
-1
-1
-1
-1
-1
-1
