16537
18536
6952
-1
-1
-1
13328
-1
-1
12844
-1
12734
-1
-1
-1
-1
-1
-1
-1
-1
4731
-1
-1
-1
-1
-1
-1
-1
-1
-1
-1
-1
-1
-1
-1
16335
-1
-1
17330
-1
-1
-1
-1
-1
-1
-1
-1
-1
-1
-1
-1
-1
-1
-1
-1
-1
-1
-1
-1
-1
-1
-1
-1
-1
-1
-1
11339
-1
11953
-1
-1
18299
-1
-1
-1
-1
-1
-1
-1
-1
-1
-1
-1
-1
-1
-1
-1
-1
-1
-1
-1
-1
-1
-1
-1
-1
-1
-1
-1
-1
-1
-1
-1
-1
-1
-1
13955
-1
-1
10938
-1
-1
-1
-1
-1
-1
-1
-1
-1
-1
-1
-1
-1
-1
-1
-1
-1
-1
-1
-1
-1
-1
-1
-1
13378
-1
-1
-1
-1
-1
18088
-1
-1
-1
-1
-1
-1
-1
-1
-1
-1
-1
-1
-1
-1
-1
-1
10291
-1
-1
-1
-1
9664
-1
-1
-1
-1
-1
13976
-1
-1
-1
-1
-1
-1
-1
-1
18951
-1
-1
11896
-1
-1
-1
-1
-1
-1
18717
-1
-1
-1
13417
-1
-1
-1
-1
12874
-1
-1
11248
-1
-1
-1
-1
-1
-1
-1
-1
-1
-1
-1
-1
-1
-1
-1
-1
-1
16793
-1
-1
-1
-1
-1
-1
-1
18232
-1
-1
18081
-1
15341
11204
-1
-1
-1
-1
9112
15624
-1
-1
-1
-1
-1
-1
-1
-1
-1
-1
8011
-1
-1
15270
-1
-1
-1
-1
-1
-1
-1
-1
-1
-1
-1
-1
-1
-1
-1
15576
-1
-1
-1
-1
-1
-1
-1
-1
-1
-1
16329
-1
-1
-1
-1
-1
-1
-1
-1
-1
-1
-1
-1
-1
-1
-1
17181
-1
-1
-1
770
-1
-1
-1
-1
-1
-1
-1
-1
-1
-1
-1
-1
-1
-1
4736
-1
15700
-1
-1
-1
-1
-1
-1
-1
-1
-1
-1
-1
-1
-1
-1
-1
-1
-1
-1
-1
-1
-1
-1
-1
-1
-1
-1
-1
-1
-1
-1
-1
-1
-1
-1
-1
-1
-1
8760
-1
-1
-1
-1
-1
-1
-1
-1
-1
15630
-1
-1
-1
-1
-1
19027
-1
-1
-1
-1
-1
-1
-1
-1
-1
-1
-1
18420
-1
6291
10275
-1
18920
17999
18531
-1
-1
-1
-1
-1
-1
-1
-1
-1
-1
14908
-1
-1
-1
-1
-1
-1
-1
-1
-1
-1
-1
-1
-1
-1
-1
12105
-1
-1
15836
-1
-1
-1
7140
-1
-1
-1
-1
-1
6600
-1
5731
10700
-1
-1
2342
-1
-1
15070
-1
-1
-1
-1
-1
-1
-1
-1
-1
-1
-1
-1
7493
-1
18299
10487
-1
-1
-1
-1
-1
-1
-1
-1
-1
-1
-1
-1
-1
-1
-1
-1
-1
-1
-1
18398
-1
9632
-1
-1
-1
-1
-1
-1
-1
-1
-1
-1
-1
-1
-1
-1
-1
-1
-1
-1
-1
-1
-1
16545
-1
-1
-1
-1
-1
-1
-1
9530
-1
-1
-1
-1
-1
-1
-1
-1
-1
-1
-1
-1
-1
6902
-1
-1
-1
-1
-1
8041
-1
-1
12365
18903
-1
-1
-1
-1
-1
-1
13429
-1
7625
-1
-1
-1
-1
-1
-1
5710
14110
-1
-1
-1
-1
-1
-1
-1
-1
-1
-1
-1
10240
-1
-1
-1
-1
-1
-1
-1
10744
-1
-1
-1
-1
17113
-1
-1
-1
-1
-1
-1
-1
-1
-1
7143
-1
-1
-1
-1
-1
-1
-1
-1
8745
-1
13566
-1
14436
-1
19138
-1
-1
-1
-1
12637
-1
-1
-1
-1
-1
-1
-1
-1
-1
-1
-1
17077
-1
-1
-1
-1
-1
-1
-1
-1
-1
-1
-1
13229
-1
-1
-1
-1
-1
-1
-1
-1
-1
-1
-1
14048
-1
-1
-1
-1
-1
-1
-1
-1
-1
-1
-1
-1
-1
-1
-1
-1
-1
-1
-1
-1
-1
-1
-1
-1
-1
-1
-1
-1
-1
-1
-1
-1
-1
-1
-1
-1
-1
-1
-1
-1
-1
-1
11573
-1
-1
-1
-1
-1
-1
-1
-1
-1
-1
-1
-1
-1
9871
-1
-1
-1
-1
-1
-1
11224
-1
-1
-1
-1
-1
-1
-1
-1
-1
-1
-1
14335
-1
-1
-1
-1
-1
-1
-1
-1
-1
-1
-1
18133
-1
-1
14615
-1
-1
-1
-1
-1
-1
-1
-1
-1
-1
-1
-1
-1
14185
-1
-1
-1
-1
-1
-1
-1
-1
-1
-1
-1
-1
-1
-1
-1
-1
-1
-1
-1
9425
-1
-1
3587
-1
-1
16683
-1
-1
14830
-1
-1
-1
18486
-1
-1
-1
-1
16464
-1
-1
-1
-1
-1
-1
-1
-1
-1
16176
-1
-1
-1
-1
-1
-1
-1
-1
13453
-1
-1
16329
-1
8755
-1
-1
-1
-1
-1
-1
-1
-1
-1
14160
-1
-1
-1
-1
-1
-1
-1
-1
-1
-1
-1
-1
3843
-1
-1
-1
-1
-1
-1
-1
-1
14894
-1
15720
-1
-1
-1
-1
15574
-1
-1
-1
12071
-1
-1
-1
-1
17959
-1
-1
-1
-1
-1
-1
-1
-1
-1
-1
-1
-1
-1
7501
-1
-1
-1
-1
-1
-1
-1
-1
-1
-1
-1
-1
-1
-1
-1
-1
-1
-1
-1
-1
-1
-1
-1
-1
-1
-1
12136
-1
-1
-1
-1
-1
-1
-1
-1
-1
-1
-1
-1
-1
-1
-1
-1
-1
-1
-1
-1
-1
-1
-1
-1
-1
-1
-1
-1
-1
-1
-1
-1
-1
-1
-1
-1
-1
-1
15475
-1
17744
-1
-1
-1
17700
16153
-1
-1
-1
-1
-1
-1
-1
18520
-1
-1
-1
-1
-1
-1
-1
-1
-1
-1
-1
-1
-1
-1
-1
-1
-1
-1
-1
-1
-1
-1
-1
17572
-1
-1
-1
-1
-1
8774
-1
-1
-1
-1
-1
18185
-1
-1
-1
-1
-1
-1
10018
-1
-1
-1
-1
-1
-1
8375
-1
15414
-1
-1
-1
-1
-1
-1
-1
-1
-1
-1
13170
-1
3826
-1
-1
-1
-1
-1
-1
-1
-1
-1
-1
8086
-1
16876
-1
-1
-1
-1
-1
17586
-1
-1
-1
-1
-1
-1
14487
-1
-1
-1
13004
-1
17195
-1
-1
-1
-1
-1
-1
-1
-1
-1
-1
-1
-1
-1
-1
-1
-1
-1
14237
-1
9216
1323
4988
10081
-1
-1
-1
-1
-1
-1
-1
-1
-1
-1
-1
19250
-1
-1
-1
-1
16518
-1
-1
-1
15955
-1
14476
18249
-1
-1
-1
-1
-1
12404
-1
-1
-1
-1
-1
7339
-1
-1
-1
-1
-1
-1
-1
-1
-1
-1
-1
17000
-1
13299
2906
-1
-1
-1
-1
-1
-1
-1
-1
-1
-1
8815
-1
-1
-1
-1
-1
-1
-1
-1
15435
-1
-1
-1
-1
-1
-1
-1
17496
-1
-1
-1
-1
-1
-1
-1
-1
-1
-1
-1
12432
-1
-1
-1
-1
-1
-1
-1
-1
-1
-1
-1
-1
-1
-1
-1
-1
-1
-1
-1
-1
-1
-1
12306
-1
-1
12971
7278
-1
-1
-1
-1
-1
-1
-1
-1
-1
-1
-1
-1
-1
-1
-1
-1
-1
-1
-1
-1
-1
13350
3876
-1
-1
-1
-1
-1
-1
-1
-1
-1
-1
-1
-1
-1
-1
-1
-1
7611
-1
-1
16979
-1
-1
-1
-1
-1
11275
-1
-1
-1
-1
-1
5765
-1
-1
-1
15589
-1
-1
-1
14829
-1
19077
-1
-1
-1
-1
-1
-1
-1
-1
-1
-1
-1
-1
16006
-1
-1
-1
-1
-1
-1
-1
-1
-1
-1
-1
15272
-1
-1
-1
18642
-1
-1
-1
-1
-1
-1
-1
-1
-1
15565
6602
-1
-1
-1
-1
-1
-1
-1
-1
13850
14067
-1
-1
-1
-1
-1
-1
-1
-1
-1
-1
-1
-1
-1
-1
-1
-1
-1
-1
-1
-1
-1
-1
-1
-1
-1
-1
-1
-1
-1
-1
-1
-1
14190
13516
-1
-1
-1
-1
-1
-1
-1
-1
-1
-1
-1
-1
-1
-1
18017
-1
-1
-1
-1
-1
-1
-1
-1
-1
-1
-1
-1
-1
-1
-1
-1
-1
-1
-1
-1
-1
-1
-1
-1
-1
-1
16783
-1
-1
-1
-1
-1
-1
10505
-1
-1
-1
11894
-1
-1
-1
-1
19064
-1
-1
-1
-1
-1
-1
-1
-1
-1
-1
-1
-1
-1
-1
-1
-1
-1
-1
-1
-1
1856
-1
-1
-1
-1
-1
-1
-1
-1
-1
-1
-1
-1
-1
17460
-1
-1
-1
-1
15219
-1
-1
-1
-1
-1
-1
-1
-1
11746
-1
-1
-1
-1
-1
-1
-1
-1
-1
-1
-1
-1
-1
-1
-1
-1
-1
-1
-1
-1
-1
-1
-1
7606
-1
-1
-1
-1
-1
-1
-1
-1
-1
-1
-1
-1
-1
-1
-1
-1
-1
-1
-1
-1
-1
-1
-1
-1
-1
-1
-1
-1
14237
-1
-1
-1
-1
-1
-1
17789
-1
-1
-1
-1
-1
-1
-1
-1
-1
-1
-1
-1
-1
-1
-1
-1
-1
-1
-1
-1
-1
-1
-1
-1
-1
-1
-1
11145
-1
-1
10234
-1
-1
-1
-1
-1
-1
-1
-1
-1
-1
-1
-1
-1
-1
-1
-1
-1
-1
-1
-1
-1
-1
-1
-1
-1
-1
-1
-1
-1
18702
-1
-1
-1
-1
-1
-1
-1
-1
-1
-1
-1
-1
-1
-1
-1
-1
-1
-1
-1
-1
-1
13151
-1
-1
10581
-1
-1
-1
-1
12421
-1
-1
-1
-1
-1
-1
-1
-1
-1
-1
-1
-1
-1
-1
-1
-1
-1
-1
-1
-1
-1
-1
-1
-1
-1
-1
13490
-1
-1
-1
-1
-1
-1
-1
-1
-1
-1
5450
-1
-1
-1
-1
-1
-1
-1
-1
-1
-1
-1
-1
-1
-1
-1
-1
-1
2342
-1
-1
-1
-1
-1
-1
-1
5147
-1
-1
-1
-1
-1
-1
-1
-1
-1
5846
-1
-1
-1
-1
-1
-1
-1
-1
12973
-1
-1
-1
-1
-1
-1
-1
-1
-1
-1
-1
-1
-1
-1
10660
-1
2577
-1
-1
-1
-1
-1
-1
-1
-1
-1
14524
-1
-1
-1
-1
-1
-1
-1
-1
-1
-1
-1
-1
-1
-1
-1
-1
-1
-1
-1
12360
-1
-1
-1
-1
-1
-1
9759
-1
-1
-1
-1
-1
-1
-1
-1
3675
-1
-1
-1
-1
-1
-1
-1
-1
-1
-1
-1
-1
-1
-1
-1
-1
-1
-1
-1
-1
-1
-1
-1
-1
-1
18988
-1
-1
-1
6940
-1
18486
-1
-1
-1
-1
-1
-1
-1
14185
-1
-1
-1
-1
-1
-1
-1
-1
-1
-1
-1
-1
-1
-1
-1
-1
-1
-1
-1
-1
-1
-1
-1
-1
-1
-1
-1
-1
-1
15406
-1
-1
-1
-1
-1
-1
-1
10553
16995
-1
-1
-1
-1
-1
-1
-1
9368
3117
-1
-1
-1
-1
-1
-1
-1
-1
-1
-1
-1
-1
-1
-1
13535
-1
-1
-1
-1
-1
-1
-1
-1
-1
-1
-1
-1
-1
-1
-1
-1
-1
-1
-1
-1
-1
-1
-1
-1
-1
11804
-1
-1
-1
-1
-1
-1
11351
-1
-1
-1
-1
-1
-1
-1
-1
-1
-1
-1
-1
-1
-1
-1
-1
-1
-1
13377
-1
-1
-1
370
-1
16134
-1
15268
-1
-1
-1
-1
-1
-1
-1
-1
-1
-1
-1
-1
-1
-1
-1
-1
-1
-1
-1
16046
-1
-1
-1
-1
-1
-1
-1
-1
-1
-1
-1
-1
17104
-1
9722
-1
-1
-1
15042
-1
-1
-1
-1
-1
-1
18314
-1
-1
-1
-1
4666
-1
-1
-1
-1
-1
-1
-1
-1
-1
8322
-1
-1
-1
-1
-1
-1
-1
-1
-1
-1
-1
14318
-1
-1
-1
-1
-1
-1
-1
-1
-1
-1
-1
-1
-1
-1
-1
-1
-1
-1
-1
-1
-1
-1
-1
6340
-1
-1
-1
-1
8266
-1
-1
17149
-1
-1
-1
-1
-1
-1
-1
13002
-1
-1
-1
-1
-1
14129
17688
-1
-1
-1
14388
15320
15303
-1
-1
1953
-1
-1
-1
9368
-1
-1
-1
17715
11098
-1
-1
-1
-1
-1
-1
15405
-1
19043
-1
-1
-1
-1
-1
-1
-1
-1
-1
-1
-1
-1
-1
-1
-1
8701
-1
-1
-1
-1
-1
-1
-1
-1
-1
5309
-1
14347
-1
-1
-1
-1
8966
-1
-1
-1
-1
4861
-1
-1
-1
-1
-1
-1
-1
-1
-1
-1
-1
-1
-1
-1
-1
-1
7873
-1
-1
-1
-1
-1
-1
-1
-1
-1
-1
3031
6085
6609
-1
-1
-1
-1
13257
17952
-1
-1
17894
-1
-1
-1
-1
-1
-1
10397
-1
-1
-1
-1
-1
-1
-1
-1
-1
-1
-1
-1
-1
-1
11259
-1
15107
-1
-1
12645
-1
-1
-1
-1
-1
-1
-1
-1
-1
-1
-1
-1
-1
-1
-1
-1
-1
-1
-1
-1
-1
4792
-1
-1
-1
-1
-1
-1
-1
-1
-1
-1
-1
10284
-1
-1
-1
-1
-1
-1
6568
16138
-1
-1
-1
-1
-1
-1
-1
-1
-1
-1
-1
-1
-1
-1
-1
-1
-1
16716
-1
-1
-1
-1
-1
-1
-1
-1
-1
-1
-1
-1
-1
-1
-1
-1
-1
-1
18233
6173
-1
-1
-1
-1
-1
-1
-1
-1
-1
-1
-1
-1
-1
-1
-1
-1
-1
-1
-1
-1
-1
-1
-1
-1
-1
-1
6600
-1
-1
-1
19259
-1
1788
-1
-1
-1
-1
-1
-1
-1
-1
-1
12561
-1
-1
-1
-1
-1
-1
-1
-1
-1
-1
18062
-1
-1
-1
-1
-1
-1
-1
-1
-1
-1
-1
-1
11801
-1
-1
-1
-1
-1
-1
-1
-1
-1
-1
-1
-1
-1
-1
-1
-1
-1
-1
-1
-1
-1
-1
-1
-1
-1
-1
13119
-1
-1
-1
-1
-1
-1
-1
987
-1
-1
9610
-1
-1
-1
-1
-1
-1
-1
-1
11643
-1
12274
-1
-1
-1
18918
-1
-1
-1
-1
-1
-1
-1
-1
-1
-1
-1
-1
-1
-1
-1
-1
-1
-1
-1
18621
-1
-1
-1
-1
-1
-1
-1
-1
-1
-1
-1
-1
-1
-1
-1
18994
-1
-1
7813
-1
-1
-1
-1
-1
-1
-1
-1
19198
-1
-1
-1
-1
-1
-1
-1
-1
9553
-1
-1
-1
-1
-1
-1
-1
-1
-1
-1
-1
18555
-1
-1
-1
-1
-1
-1
-1
-1
-1
-1
-1
-1
-1
-1
13709
-1
-1
18105
-1
-1
-1
-1
-1
-1
-1
-1
-1
-1
-1
-1
-1
-1
-1
-1
-1
-1
-1
-1
-1
19136
-1
-1
-1
-1
-1
-1
-1
18164
17594
-1
-1
8061
-1
-1
-1
-1
-1
-1
-1
13860
-1
-1
15182
-1
-1
-1
-1
-1
-1
5630
9700
-1
-1
-1
-1
-1
-1
-1
-1
-1
16644
-1
-1
-1
-1
-1
-1
-1
-1
-1
-1
-1
-1
-1
-1
-1
-1
-1
-1
-1
-1
-1
17953
-1
-1
12557
17113
-1
-1
-1
-1
17839
12827
-1
-1
-1
1653
-1
-1
-1
-1
-1
-1
11353
-1
-1
-1
-1
5050
-1
-1
-1
-1
-1
-1
-1
-1
-1
-1
-1
-1
-1
-1
-1
-1
-1
-1
14958
-1
-1
-1
-1
-1
-1
18942
3805
-1
-1
11876
-1
-1
-1
-1
-1
-1
-1
-1
17482
-1
-1
-1
-1
-1
-1
-1
-1
7476
-1
-1
-1
11871
-1
-1
-1
-1
-1
-1
-1
-1
-1
-1
-1
17305
-1
-1
-1
17967
-1
-1
-1
-1
-1
-1
-1
18267
-1
-1
-1
-1
-1
-1
-1
16395
-1
-1
-1
-1
-1
-1
-1
-1
15316
-1
-1
-1
-1
-1
-1
-1
-1
9448
-1
-1
-1
-1
-1
-1
-1
-1
-1
-1
-1
-1
11526
-1
-1
-1
-1
-1
-1
-1
-1
-1
-1
-1
-1
-1
-1
-1
-1
9853
-1
-1
-1
-1
-1
-1
-1
-1
-1
-1
-1
-1
-1
-1
-1
-1
-1
-1
12570
-1
17340
-1
-1
-1
-1
-1
-1
-1
-1
-1
-1
-1
-1
-1
-1
-1
-1
-1
-1
-1
-1
-1
-1
-1
-1
9663
-1
-1
-1
-1
-1
-1
14604
-1
-1
-1
-1
-1
-1
-1
17549
-1
-1
-1
-1
16496
-1
-1
-1
-1
18215
-1
16082
-1
-1
-1
-1
11186
-1
-1
-1
-1
-1
-1
-1
-1
-1
-1
-1
-1
18810
-1
-1
-1
-1
4966
-1
-1
-1
-1
8215
-1
-1
-1
-1
-1
-1
-1
-1
-1
-1
-1
13287
-1
-1
-1
-1
-1
-1
-1
-1
-1
-1
-1
-1
-1
-1
-1
11212
18416
-1
-1
14516
-1
11059
3510
-1
-1
-1
-1
-1
9195
-1
-1
-1
-1
-1
-1
17445
-1
-1
-1
-1
-1
-1
-1
-1
10277
-1
-1
7211
-1
-1
-1
-1
-1
-1
-1
-1
-1
-1
-1
-1
-1
-1
-1
-1
-1
-1
-1
-1
-1
-1
-1
-1
11392
-1
-1
-1
-1
-1
-1
-1
-1
-1
-1
-1
-1
-1
-1
-1
-1
-1
12761
-1
-1
-1
-1
-1
-1
-1
-1
13333
-1
17596
-1
-1
-1
16100
-1
11713
-1
-1
11816
-1
14056
-1
-1
-1
17418
-1
-1
-1
-1
-1
-1
-1
-1
-1
3675
10428
-1
-1
-1
-1
-1
-1
-1
-1
-1
-1
-1
-1
18941
-1
-1
-1
-1
-1
-1
-1
-1
-1
-1
-1
-1
-1
-1
-1
-1
-1
4035
-1
14500
-1
-1
-1
16611
-1
-1
-1
-1
-1
-1
-1
-1
-1
-1
-1
-1
-1
11497
-1
-1
-1
-1
-1
-1
15931
-1
-1
-1
-1
-1
-1
-1
-1
-1
-1
-1
-1
-1
-1
-1
-1
-1
-1
-1
-1
-1
-1
-1
-1
-1
-1
-1
-1
-1
-1
-1
-1
-1
-1
-1
-1
-1
-1
-1
-1
-1
-1
-1
-1
-1
-1
16856
-1
-1
-1
-1
-1
-1
11451
-1
14052
-1
-1
-1
-1
-1
4695
-1
-1
-1
-1
-1
-1
17108
-1
-1
-1
-1
-1
16691
-1
-1
6457
-1
-1
-1
-1
16798
7129
11115
-1
-1
-1
-1
18902
-1
-1
-1
-1
-1
3730
-1
-1
-1
-1
12302
7074
-1
-1
-1
-1
-1
-1
-1
-1
-1
18183
-1
-1
-1
-1
-1
-1
-1
-1
12741
-1
15117
-1
-1
-1
-1
-1
-1
-1
-1
-1
-1
-1
-1
-1
-1
-1
-1
-1
-1
-1
-1
-1
-1
-1
10785
-1
-1
10147
-1
-1
-1
8276
-1
-1
-1
-1
15079
-1
-1
-1
-1
-1
-1
-1
-1
-1
-1
18925
-1
-1
-1
-1
-1
-1
-1
-1
-1
-1
-1
-1
-1
-1
-1
-1
-1
19195
-1
-1
-1
-1
-1
16771
-1
-1
-1
-1
-1
-1
-1
-1
-1
-1
-1
3184
8158
-1
13455
-1
-1
-1
-1
-1
-1
17841
-1
10289
-1
-1
-1
-1
-1
-1
-1
-1
-1
-1
-1
-1
-1
-1
-1
-1
-1
-1
-1
-1
-1
-1
-1
-1
-1
-1
-1
-1
-1
-1
-1
16001
-1
-1
9926
15614
-1
-1
-1
-1
-1
-1
-1
-1
-1
-1
-1
-1
-1
-1
-1
-1
-1
-1
-1
-1
-1
-1
-1
-1
-1
-1
-1
-1
-1
-1
-1
-1
-1
-1
-1
-1
-1
12637
-1
-1
-1
-1
17472
-1
-1
-1
-1
-1
-1
-1
-1
-1
-1
-1
-1
-1
-1
-1
-1
-1
-1
13616
-1
-1
-1
-1
17600
-1
-1
-1
15579
-1
-1
-1
-1
-1
-1
-1
-1
-1
-1
-1
-1
-1
10066
7098
-1
-1
13592
-1
-1
15188
-1
-1
-1
-1
-1
17285
-1
-1
-1
-1
-1
-1
-1
-1
-1
-1
-1
-1
-1
-1
10724
-1
-1
-1
-1
-1
-1
-1
-1
-1
-1
-1
-1
13100
14684
16155
-1
-1
-1
-1
-1
-1
-1
-1
-1
-1
-1
-1
-1
11551
-1
-1
-1
-1
-1
-1
-1
-1
-1
-1
-1
-1
-1
-1
-1
-1
15205
-1
8930
-1
-1
18899
13746
-1
-1
-1
2517
-1
11395
-1
-1
-1
-1
9748
-1
-1
-1
16748
-1
-1
14644
-1
-1
-1
-1
-1
19202
19139
-1
-1
-1
-1
-1
-1
8948
-1
-1
-1
-1
-1
-1
-1
-1
-1
-1
-1
-1
-1
-1
-1
-1
-1
-1
-1
-1
-1
-1
-1
-1
-1
-1
-1
-1
-1
-1
-1
-1
-1
-1
-1
-1
-1
-1
-1
-1
-1
-1
9868
-1
-1
-1
-1
-1
-1
-1
-1
-1
-1
-1
18800
-1
-1
-1
-1
-1
-1
-1
-1
-1
-1
-1
-1
-1
-1
15697
-1
-1
-1
-1
-1
-1
-1
17599
-1
-1
-1
-1
-1
-1
10116
9663
-1
-1
-1
-1
-1
-1
-1
-1
-1
-1
-1
-1
-1
-1
17929
-1
-1
-1
-1
-1
-1
-1
18116
6067
-1
-1
-1
-1
-1
12845
-1
-1
-1
-1
-1
-1
-1
-1
-1
-1
9730
-1
-1
6191
-1
-1
-1
-1
10245
16307
-1
-1
-1
-1
-1
-1
-1
-1
-1
-1
-1
-1
-1
-1
-1
-1
-1
-1
-1
-1
-1
-1
-1
-1
17908
-1
-1
17554
-1
-1
13220
-1
-1
-1
-1
16946
-1
-1
-1
-1
-1
14487
-1
-1
15876
-1
-1
-1
-1
-1
16627
-1
-1
-1
-1
-1
-1
-1
-1
-1
15107
-1
-1
-1
-1
13201
-1
-1
-1
-1
-1
-1
-1
17283
-1
-1
-1
-1
-1
-1
-1
17021
-1
-1
-1
18953
18655
-1
-1
13254
-1
-1
-1
-1
-1
14565
-1
-1
-1
-1
-1
-1
-1
-1
-1
-1
-1
-1
-1
-1
-1
15748
-1
-1
15192
-1
-1
-1
-1
-1
-1
-1
-1
-1
-1
-1
-1
11478
4308
-1
-1
-1
-1
-1
-1
-1
-1
-1
-1
-1
-1
-1
-1
18543
-1
-1
-1
-1
-1
-1
-1
18409
-1
-1
-1
-1
-1
-1
-1
17958
-1
-1
-1
-1
-1
-1
-1
-1
-1
-1
-1
-1
-1
-1
-1
11419
-1
-1
-1
-1
-1
-1
-1
-1
-1
-1
6688
-1
-1
4272
-1
-1
-1
-1
-1
-1
-1
-1
-1
-1
16403
-1
-1
-1
-1
3269
-1
17583
13898
-1
-1
-1
-1
-1
-1
-1
-1
-1
-1
-1
-1
-1
-1
-1
11991
-1
-1
-1
-1
-1
-1
-1
-1
-1
16010
-1
-1
-1
-1
-1
-1
-1
-1
-1
-1
-1
-1
-1
-1
-1
-1
-1
-1
-1
-1
-1
17229
-1
-1
-1
-1
-1
-1
-1
-1
-1
-1
18589
-1
-1
-1
-1
-1
-1
-1
-1
-1
-1
-1
-1
-1
-1
-1
-1
-1
-1
-1
-1
-1
-1
-1
-1
-1
12827
-1
-1
15702
-1
-1
-1
-1
-1
-1
5411
-1
-1
14914
-1
18271
-1
-1
-1
-1
-1
-1
-1
-1
-1
-1
-1
-1
-1
-1
-1
-1
-1
16682
-1
18823
-1
-1
14220
-1
-1
-1
-1
-1
12818
-1
-1
-1
-1
-1
-1
-1
-1
-1
-1
-1
-1
13213
-1
-1
-1
-1
11938
-1
-1
-1
-1
-1
-1
-1
-1
-1
-1
-1
-1
-1
-1
-1
-1
-1
-1
-1
-1
-1
-1
-1
-1
-1
-1
14941
-1
12370
-1
-1
-1
-1
-1
-1
-1
-1
-1
-1
-1
-1
7830
-1
-1
-1
-1
-1
-1
-1
3376
17705
-1
-1
-1
-1
-1
-1
-1
-1
-1
-1
-1
-1
-1
-1
-1
-1
-1
-1
18739
5114
-1
-1
-1
-1
-1
-1
-1
-1
-1
-1
-1
-1
-1
-1
-1
-1
-1
-1
-1
-1
-1
-1
-1
-1
-1
-1
9508
-1
-1
-1
-1
-1
-1
-1
-1
-1
-1
-1
-1
-1
17744
-1
-1
-1
18800
-1
-1
-1
12210
-1
-1
6109
-1
-1
-1
-1
-1
-1
-1
-1
-1
-1
-1
9127
-1
-1
-1
-1
-1
-1
-1
-1
-1
-1
-1
-1
6158
-1
-1
-1
-1
-1
-1
-1
-1
-1
-1
-1
-1
-1
-1
-1
-1
-1
-1
-1
-1
-1
-1
-1
-1
-1
-1
-1
-1
13446
-1
7831
-1
-1
-1
-1
-1
-1
-1
-1
-1
-1
-1
-1
-1
-1
-1
-1
1641
-1
-1
-1
-1
-1
-1
-1
-1
-1
-1
-1
-1
-1
11808
-1
-1
6369
-1
-1
-1
6057
-1
-1
-1
-1
-1
-1
-1
-1
-1
-1
-1
-1
-1
-1
-1
-1
-1
-1
-1
-1
-1
-1
16020
14480
-1
-1
-1
-1
2995
-1
-1
-1
-1
-1
-1
-1
13580
-1
16654
-1
-1
10065
1323
-1
-1
-1
-1
-1
-1
-1
-1
-1
8520
-1
-1
-1
-1
-1
-1
-1
-1
-1
-1
18645
-1
-1
-1
-1
-1
-1
-1
17505
-1
-1
12123
-1
-1
-1
-1
-1
13995
-1
18685
-1
-1
-1
-1
-1
-1
-1
-1
-1
-1
-1
-1
-1
-1
-1
-1
-1
-1
-1
-1
-1
-1
-1
-1
-1
-1
-1
-1
-1
-1
-1
-1
-1
-1
-1
-1
-1
-1
-1
-1
17319
-1
-1
15047
-1
-1
-1
-1
-1
14956
-1
12813
-1
-1
14258
-1
-1
-1
-1
-1
-1
-1
-1
11886
-1
-1
-1
-1
-1
-1
-1
-1
-1
-1
-1
-1
-1
-1
15038
19006
-1
-1
-1
-1
-1
-1
-1
13417
16868
-1
-1
14354
-1
-1
-1
-1
-1
-1
-1
-1
-1
-1
-1
-1
-1
-1
16236
12491
-1
-1
10081
-1
-1
13053
-1
-1
-1
-1
-1
-1
-1
-1
-1
-1
-1
-1
-1
12973
-1
-1
12409
-1
11958
-1
-1
-1
-1
-1
-1
-1
-1
-1
-1
-1
-1
-1
-1
-1
-1
-1
-1
-1
-1
15852
-1
13666
-1
-1
-1
-1
8834
-1
-1
-1
-1
-1
-1
-1
-1
-1
-1
-1
-1
-1
12906
-1
-1
-1
-1
-1
-1
7077
-1
15051
-1
-1
8158
-1
-1
-1
-1
-1
-1
-1
-1
-1
-1
-1
-1
-1
-1
-1
-1
-1
-1
-1
-1
-1
-1
-1
-1
-1
-1
-1
-1
-1
-1
-1
-1
-1
-1
-1
-1
-1
-1
-1
3423
-1
-1
-1
-1
-1
-1
-1
2384
-1
-1
-1
-1
-1
-1
-1
-1
-1
-1
-1
-1
-1
-1
-1
-1
-1
-1
-1
-1
-1
5339
-1
-1
14486
-1
-1
-1
-1
13033
-1
-1
-1
-1
-1
-1
-1
-1
-1
-1
-1
-1
16322
-1
-1
-1
-1
-1
-1
-1
-1
1487
-1
-1
-1
-1
-1
-1
12905
-1
-1
-1
-1
-1
5506
-1
-1
-1
-1
-1
-1
-1
-1
-1
-1
-1
-1
-1
-1
-1
-1
-1
-1
10729
-1
-1
-1
-1
-1
-1
-1
5943
-1
-1
-1
-1
-1
-1
-1
14163
-1
-1
-1
17666
11821
-1
-1
-1
15053
-1
-1
-1
-1
-1
-1
-1
-1
-1
-1
-1
-1
-1
-1
-1
-1
-1
-1
-1
-1
12789
-1
-1
-1
-1
11463
-1
-1
-1
-1
-1
-1
14088
-1
-1
-1
-1
-1
-1
-1
-1
-1
-1
-1
-1
-1
-1
-1
-1
-1
-1
-1
-1
-1
-1
-1
-1
-1
-1
-1
-1
-1
17991
-1
-1
-1
5958
-1
-1
-1
-1
-1
-1
-1
-1
-1
-1
-1
18844
-1
-1
-1
4887
-1
-1
-1
-1
-1
-1
-1
-1
-1
-1
-1
-1
-1
-1
-1
4788
-1
-1
17249
-1
-1
-1
-1
-1
-1
-1
-1
-1
-1
-1
-1
-1
-1
-1
-1
-1
-1
-1
-1
-1
-1
-1
-1
-1
-1
-1
-1
-1
-1
-1
-1
-1
-1
-1
-1
-1
-1
-1
-1
7833
-1
-1
9160
16360
-1
-1
-1
-1
-1
-1
-1
-1
-1
-1
-1
-1
-1
-1
-1
18818
-1
5858
-1
-1
2970
-1
18595
-1
-1
-1
-1
-1
-1
-1
10778
-1
-1
12162
-1
-1
10086
-1
-1
17883
-1
17076
15035
-1
16821
-1
11533
-1
-1
-1
-1
-1
-1
-1
-1
-1
-1
-1
-1
-1
-1
-1
-1
-1
11148
-1
-1
-1
-1
-1
10700
-1
9098
-1
-1
15259
-1
4252
-1
-1
-1
-1
-1
16334
-1
-1
-1
-1
-1
-1
11915
8743
-1
-1
-1
-1
-1
-1
-1
-1
-1
-1
-1
-1
-1
-1
-1
-1
-1
-1
-1
-1
-1
-1
-1
-1
-1
-1
-1
11911
-1
-1
-1
-1
-1
-1
-1
-1
-1
-1
-1
-1
-1
-1
-1
-1
-1
-1
-1
-1
-1
-1
-1
-1
11789
-1
4351
-1
-1
-1
-1
-1
-1
-1
-1
-1
-1
9445
-1
-1
-1
-1
-1
-1
-1
-1
-1
15055
-1
-1
-1
-1
-1
-1
-1
-1
-1
-1
-1
-1
-1
-1
-1
-1
-1
-1
-1
-1
-1
-1
-1
-1
3914
11244
-1
-1
12243
-1
-1
-1
-1
-1
-1
-1
-1
-1
-1
-1
6389
-1
-1
-1
-1
-1
-1
-1
-1
-1
-1
-1
-1
-1
-1
-1
-1
-1
-1
-1
-1
5912
-1
-1
-1
-1
-1
-1
13103
-1
-1
-1
-1
-1
-1
-1
-1
-1
-1
-1
-1
-1
-1
-1
-1
12655
-1
-1
-1
-1
-1
-1
17942
-1
-1
-1
-1
-1
-1
-1
-1
-1
-1
-1
-1
-1
-1
-1
-1
-1
-1
-1
-1
-1
9727
-1
-1
-1
-1
-1
-1
-1
-1
-1
-1
-1
-1
-1
-1
-1
-1
-1
-1
-1
-1
-1
-1
-1
-1
-1
-1
-1
-1
-1
-1
-1
-1
-1
-1
-1
-1
-1
-1
-1
-1
-1
-1
-1
-1
-1
-1
-1
-1
-1
-1
9633
-1
-1
11866
11852
9648
-1
-1
-1
-1
-1
-1
-1
-1
-1
-1
-1
-1
-1
-1
-1
17775
-1
-1
-1
-1
-1
-1
-1
-1
-1
-1
-1
-1
-1
-1
-1
-1
-1
-1
-1
-1
-1
-1
-1
-1
-1
-1
-1
-1
-1
-1
-1
-1
-1
-1
-1
-1
-1
-1
-1
-1
-1
-1
-1
-1
-1
13283
-1
-1
-1
19191
-1
-1
-1
-1
-1
-1
-1
-1
-1
-1
-1
-1
-1
-1
-1
-1
-1
-1
-1
17541
-1
11915
-1
-1
-1
-1
-1
-1
-1
-1
228
-1
-1
16453
-1
-1
-1
-1
-1
-1
-1
-1
-1
-1
-1
19238
-1
-1
-1
-1
15475
-1
15921
-1
-1
-1
-1
-1
-1
-1
-1
-1
-1
-1
-1
-1
-1
-1
-1
-1
-1
-1
-1
-1
-1
2070
-1
-1
-1
7611
-1
-1
-1
-1
-1
-1
-1
-1
-1
11215
-1
10365
-1
-1
-1
-1
-1
-1
-1
-1
-1
-1
6554
-1
-1
-1
-1
-1
-1
-1
-1
-1
-1
-1
11108
-1
-1
-1
8095
-1
-1
-1
11448
-1
19017
-1
-1
15762
-1
-1
-1
18280
-1
-1
-1
-1
-1
-1
-1
-1
-1
10193
-1
-1
-1
-1
-1
-1
-1
-1
-1
-1
-1
-1
-1
-1
-1
9352
-1
-1
-1
-1
-1
-1
-1
-1
-1
-1
-1
-1
-1
-1
-1
-1
-1
-1
-1
-1
-1
15735
-1
12099
17045
-1
-1
-1
-1
5059
9040
-1
-1
-1
-1
-1
8225
17488
-1
-1
-1
6067
-1
-1
-1
-1
-1
13632
15382
-1
-1
-1
-1
8510
-1
-1
-1
-1
-1
-1
-1
-1
-1
-1
-1
-1
-1
-1
-1
6568
-1
5505
-1
-1
-1
-1
-1
-1
-1
-1
-1
-1
-1
-1
-1
-1
-1
-1
-1
-1
-1
-1
-1
-1
-1
-1
-1
-1
-1
-1
-1
-1
-1
-1
16463
-1
-1
-1
-1
-1
-1
-1
-1
-1
-1
-1
15728
-1
-1
-1
16781
-1
-1
17820
-1
-1
-1
-1
14404
-1
11172
-1
-1
-1
12885
-1
-1
-1
-1
-1
-1
9210
-1
-1
-1
14294
-1
-1
-1
-1
-1
-1
-1
-1
-1
-1
-1
-1
-1
12149
-1
-1
7536
-1
-1
-1
-1
-1
-1
-1
13783
11123
-1
-1
-1
-1
-1
-1
-1
-1
-1
-1
-1
-1
-1
-1
-1
-1
-1
-1
-1
-1
-1
-1
-1
-1
-1
-1
-1
-1
-1
-1
-1
-1
-1
-1
-1
-1
-1
-1
-1
-1
-1
-1
-1
-1
9836
13368
5217
-1
-1
-1
-1
-1
5135
7554
-1
-1
-1
-1
-1
-1
-1
-1
-1
-1
6448
-1
-1
-1
-1
-1
-1
-1
-1
-1
-1
-1
-1
-1
18127
-1
-1
-1
-1
-1
-1
-1
-1
-1
-1
-1
-1
-1
-1
-1
-1
18744
-1
10235
-1
-1
15825
-1
-1
-1
-1
-1
-1
-1
-1
-1
-1
-1
-1
-1
-1
19078
-1
-1
-1
-1
-1
-1
-1
-1
-1
-1
-1
-1
-1
-1
17015
-1
-1
5855
-1
-1
-1
-1
-1
-1
-1
-1
-1
-1
-1
16043
-1
-1
-1
-1
-1
-1
-1
-1
-1
17032
-1
-1
-1
-1
-1
-1
-1
18114
-1
-1
-1
-1
13078
-1
-1
-1
-1
-1
-1
-1
8322
-1
-1
-1
-1
-1
-1
-1
-1
3117
-1
-1
-1
-1
-1
-1
-1
-1
-1
-1
-1
-1
-1
-1
-1
-1
-1
-1
-1
-1
-1
-1
-1
-1
-1
-1
-1
18162
-1
-1
-1
7944
-1
-1
-1
-1
-1
-1
12138
-1
-1
-1
-1
-1
-1
-1
-1
-1
-1
-1
-1
-1
-1
-1
-1
-1
-1
-1
-1
-1
-1
11448
-1
-1
-1
12372
-1
-1
-1
-1
-1
-1
-1
-1
-1
-1
-1
-1
-1
-1
-1
-1
-1
-1
-1
-1
-1
-1
-1
-1
-1
-1
-1
-1
-1
-1
6819
-1
-1
12596
-1
-1
-1
-1
-1
-1
-1
-1
-1
-1
-1
-1
-1
-1
-1
-1
12691
-1
-1
-1
-1
-1
-1
-1
-1
-1
-1
17044
-1
-1
-1
-1
9832
-1
19165
-1
-1
-1
-1
-1
-1
-1
-1
-1
-1
17804
-1
-1
-1
-1
-1
-1
-1
-1
-1
-1
-1
-1
-1
-1
-1
-1
-1
5343
-1
-1
-1
-1
-1
-1
-1
-1
-1
-1
-1
-1
-1
-1
-1
-1
-1
-1
-1
-1
-1
-1
-1
-1
7421
5316
-1
-1
-1
-1
-1
-1
-1
10918
-1
-1
-1
4622
-1
-1
-1
-1
-1
-1
-1
-1
-1
-1
-1
11137
-1
-1
-1
-1
-1
-1
-1
-1
-1
-1
14970
12861
-1
-1
-1
-1
-1
-1
-1
-1
17419
-1
-1
-1
-1
15122
-1
-1
-1
-1
-1
-1
-1
-1
-1
-1
-1
-1
-1
-1
-1
-1
-1
-1
-1
3483
-1
-1
-1
-1
-1
-1
-1
-1
-1
-1
-1
-1
-1
-1
-1
-1
-1
-1
-1
-1
-1
-1
-1
-1
-1
-1
-1
-1
-1
-1
-1
-1
-1
-1
-1
-1
-1
-1
-1
-1
6468
-1
-1
8760
-1
-1
-1
-1
10778
-1
-1
17946
-1
-1
-1
-1
-1
18204
7255
-1
-1
-1
-1
-1
-1
-1
-1
16261
-1
-1
-1
-1
11654
-1
-1
-1
-1
-1
-1
-1
-1
-1
-1
-1
-1
-1
-1
-1
-1
-1
-1
-1
-1
-1
-1
-1
-1
-1
-1
-1
-1
-1
-1
-1
-1
-1
15845
-1
-1
-1
-1
-1
-1
-1
-1
-1
-1
-1
-1
-1
12519
-1
-1
-1
-1
-1
-1
-1
-1
-1
-1
-1
-1
-1
-1
-1
-1
-1
-1
-1
-1
-1
-1
-1
-1
-1
3083
-1
-1
-1
-1
-1
-1
-1
-1
-1
-1
2244
-1
-1
-1
9488
17991
-1
-1
-1
-1
-1
-1
16585
-1
-1
4268
-1
-1
-1
-1
-1
-1
-1
-1
-1
-1
-1
-1
-1
-1
-1
-1
-1
-1
16814
-1
10868
-1
-1
-1
-1
-1
-1
-1
-1
-1
-1
-1
-1
-1
-1
-1
-1
-1
-1
-1
-1
-1
-1
-1
-1
-1
-1
-1
-1
-1
-1
-1
-1
-1
-1
7029
-1
-1
-1
-1
-1
-1
-1
-1
-1
-1
-1
-1
-1
-1
-1
-1
-1
-1
-1
-1
-1
16861
13606
-1
-1
-1
-1
-1
-1
-1
-1
-1
-1
-1
-1
-1
-1
-1
19043
-1
-1
-1
-1
-1
-1
-1
13226
-1
-1
-1
-1
-1
-1
-1
-1
-1
-1
5638
-1
-1
-1
-1
-1
-1
-1
-1
-1
-1
-1
10286
-1
-1
7603
-1
-1
-1
-1
-1
-1
-1
18942
-1
-1
-1
-1
16233
-1
9711
-1
-1
16256
-1
-1
-1
-1
-1
-1
-1
-1
-1
6689
9614
-1
-1
10235
-1
-1
-1
-1
-1
-1
-1
18543
-1
-1
-1
-1
-1
-1
-1
-1
-1
-1
-1
-1
-1
-1
-1
-1
-1
-1
-1
-1
-1
-1
-1
-1
12162
-1
-1
16564
-1
-1
-1
-1
6179
-1
-1
-1
17145
-1
-1
-1
-1
-1
-1
-1
-1
-1
-1
-1
-1
-1
-1
10128
-1
4687
-1
-1
-1
15634
-1
-1
-1
-1
-1
-1
-1
-1
-1
-1
-1
-1
-1
-1
-1
-1
-1
-1
-1
-1
10796
-1
-1
-1
-1
-1
-1
-1
-1
-1
12142
-1
-1
-1
-1
-1
-1
-1
12484
-1
-1
-1
-1
-1
-1
-1
-1
-1
16068
-1
-1
-1
-1
-1
-1
-1
-1
-1
-1
-1
-1
16070
-1
-1
-1
-1
17425
13687
17146
-1
-1
-1
-1
-1
-1
-1
-1
-1
-1
-1
-1
-1
-1
-1
-1
-1
-1
-1
-1
-1
-1
-1
-1
6671
-1
14996
16564
-1
-1
-1
-1
18412
-1
-1
-1
-1
-1
-1
-1
-1
10583
-1
-1
-1
1458
-1
11651
-1
-1
-1
-1
-1
6594
-1
-1
-1
-1
-1
-1
-1
-1
12768
17002
-1
-1
15814
-1
-1
-1
17499
-1
-1
-1
-1
-1
-1
-1
-1
-1
-1
-1
-1
-1
-1
-1
-1
-1
16656
-1
-1
-1
-1
-1
-1
-1
-1
-1
-1
-1
-1
-1
-1
-1
-1
-1
9401
-1
14280
15741
11083
-1
-1
-1
15343
-1
-1
17967
-1
-1
14870
15477
-1
-1
-1
-1
18781
-1
-1
-1
-1
-1
-1
13899
-1
-1
-1
-1
11128
-1
-1
16910
-1
-1
12918
-1
-1
-1
-1
-1
-1
16134
-1
-1
-1
-1
-1
-1
-1
-1
-1
-1
-1
-1
-1
-1
-1
-1
-1
-1
12596
-1
-1
-1
-1
-1
-1
-1
-1
6457
-1
-1
-1
-1
-1
-1
-1
8459
-1
-1
-1
-1
-1
15855
13974
-1
-1
-1
-1
-1
-1
-1
-1
-1
-1
-1
-1
-1
16392
-1
-1
-1
-1
-1
-1
-1
-1
-1
-1
-1
16082
-1
-1
-1
-1
-1
-1
-1
-1
-1
-1
-1
15948
-1
-1
-1
-1
-1
-1
7350
-1
-1
-1
-1
-1
-1
-1
-1
-1
-1
-1
-1
-1
2629
-1
-1
-1
-1
8071
-1
-1
-1
-1
-1
-1
-1
-1
-1
-1
-1
-1
-1
-1
-1
-1
16624
-1
-1
-1
-1
-1
-1
-1
-1
-1
-1
-1
-1
-1
-1
-1
-1
-1
-1
-1
18521
-1
-1
-1
-1
-1
-1
-1
-1
-1
-1
-1
-1
11105
-1
-1
-1
-1
14565
-1
-1
-1
17283
-1
-1
-1
-1
-1
-1
-1
12781
-1
-1
-1
-1
-1
-1
-1
-1
2385
-1
-1
-1
-1
-1
5795
-1
15994
-1
-1
-1
-1
-1
-1
5271
-1
-1
11633
-1
-1
7094
-1
-1
-1
-1
-1
-1
-1
-1
-1
-1
19165
-1
-1
-1
-1
-1
-1
-1
-1
-1
-1
-1
-1
-1
-1
-1
11308
-1
-1
-1
-1
-1
-1
14018
-1
-1
18107
-1
17981
-1
-1
-1
-1
-1
-1
-1
-1
-1
-1
-1
-1
-1
-1
4493
16488
-1
-1
-1
-1
-1
7830
-1
-1
-1
-1
-1
15969
-1
11128
-1
-1
-1
-1
-1
-1
-1
-1
-1
-1
-1
-1
-1
-1
-1
-1
-1
-1
10963
-1
-1
-1
-1
-1
-1
-1
-1
-1
7929
-1
-1
-1
2531
-1
-1
-1
-1
-1
-1
-1
-1
-1
-1
-1
-1
-1
-1
-1
-1
-1
-1
-1
-1
-1
-1
-1
-1
-1
-1
-1
16323
-1
-1
-1
-1
-1
-1
-1
10446
-1
-1
-1
10810
-1
-1
-1
-1
-1
-1
-1
-1
-1
-1
-1
-1
-1
-1
-1
-1
-1
-1
-1
-1
-1
-1
-1
-1
-1
-1
-1
-1
11269
-1
-1
-1
-1
-1
-1
-1
-1
-1
-1
6316
-1
-1
-1
-1
-1
-1
-1
-1
13450
-1
-1
-1
-1
-1
-1
-1
-1
-1
-1
-1
4698
-1
-1
-1
-1
-1
-1
-1
-1
-1
-1
-1
-1
15597
-1
-1
-1
-1
-1
-1
-1
-1
-1
-1
-1
-1
17973
-1
10978
-1
-1
-1
-1
-1
-1
-1
-1
-1
-1
11373
-1
-1
-1
-1
-1
-1
-1
-1
-1
17439
-1
-1
-1
-1
-1
6902
-1
3541
-1
-1
-1
-1
-1
-1
-1
-1
-1
-1
-1
-1
-1
16849
-1
-1
-1
-1
-1
-1
-1
-1
13290
18396
-1
-1
17277
15435
-1
-1
-1
-1
-1
-1
-1
-1
-1
-1
-1
-1
-1
-1
-1
-1
-1
-1
-1
6551
-1
-1
-1
-1
-1
-1
-1
-1
17610
-1
-1
-1
-1
-1
-1
16311
-1
-1
-1
-1
-1
-1
-1
-1
-1
-1
-1
-1
-1
-1
-1
-1
-1
-1
-1
-1
-1
-1
-1
-1
-1
-1
8930
-1
-1
-1
-1
-1
19117
-1
-1
-1
15876
-1
-1
-1
-1
-1
-1
-1
15414
15015
-1
-1
-1
-1
2892
-1
-1
-1
-1
-1
-1
-1
-1
5199
-1
17841
-1
-1
-1
-1
-1
18114
-1
-1
-1
-1
-1
-1
-1
-1
-1
-1
-1
-1
-1
-1
-1
12918
-1
-1
-1
-1
-1
9945
-1
-1
-1
-1
-1
-1
-1
11793
-1
-1
-1
-1
-1
-1
13753
-1
-1
-1
-1
-1
-1
-1
-1
-1
-1
-1
10168
-1
-1
10235
9264
-1
-1
12771
-1
-1
-1
-1
-1
5157
-1
-1
-1
-1
-1
-1
15710
-1
7776
-1
-1
-1
-1
-1
-1
-1
-1
-1
-1
-1
-1
-1
-1
-1
-1
-1
-1
-1
4047
15602
-1
-1
-1
-1
-1
-1
-1
-1
-1
-1
-1
-1
-1
-1
-1
-1
-1
19210
-1
-1
-1
-1
-1
-1
-1
-1
-1
-1
-1
-1
-1
-1
-1
-1
-1
10316
-1
4497
-1
-1
18991
-1
-1
13709
-1
-1
13427
-1
13735
-1
-1
-1
-1
-1
-1
-1
-1
-1
-1
-1
-1
-1
-1
-1
-1
16113
-1
-1
16592
-1
-1
-1
-1
-1
-1
-1
-1
-1
16544
-1
-1
-1
-1
-1
17553
-1
-1
18740
-1
-1
-1
16046
-1
-1
-1
5743
-1
-1
-1
-1
-1
-1
-1
14867
-1
-1
-1
10623
-1
-1
-1
-1
-1
-1
-1
-1
-1
-1
-1
11633
-1
-1
-1
-1
-1
-1
-1
-1
-1
-1
14905
14811
-1
-1
-1
-1
-1
-1
-1
-1
-1
-1
-1
-1
15985
-1
-1
6906
-1
-1
-1
-1
-1
-1
-1
-1
9118
-1
-1
19079
-1
-1
-1
-1
-1
-1
-1
-1
-1
-1
-1
18294
-1
-1
16078
-1
-1
19182
-1
-1
-1
-1
-1
-1
-1
-1
-1
-1
-1
-1
-1
-1
-1
-1
17263
-1
-1
-1
-1
-1
-1
-1
-1
-1
-1
-1
-1
-1
-1
-1
-1
-1
-1
-1
-1
-1
12387
-1
-1
-1
-1
-1
-1
-1
-1
-1
-1
-1
-1
-1
-1
-1
-1
-1
-1
-1
-1
15028
-1
-1
-1
1653
-1
-1
-1
-1
-1
-1
-1
-1
14824
-1
-1
-1
-1
-1
-1
-1
16032
-1
4694
-1
-1
-1
-1
-1
-1
-1
-1
-1
-1
-1
-1
-1
-1
-1
-1
-1
-1
5192
9625
-1
-1
-1
-1
-1
-1
-1
-1
-1
-1
-1
-1
-1
-1
-1
-1
-1
-1
-1
3696
-1
14609
-1
-1
-1
-1
-1
-1
18046
-1
6316
-1
-1
-1
16199
-1
-1
-1
-1
-1
-1
-1
-1
-1
-1
-1
13388
-1
-1
-1
15941
-1
17282
-1
-1
-1
-1
15264
-1
-1
-1
17813
-1
-1
7581
-1
-1
-1
1530
-1
-1
-1
-1
-1
-1
-1
-1
18240
-1
10098
-1
-1
-1
-1
-1
-1
-1
-1
-1
-1
-1
-1
-1
-1
-1
-1
-1
14365
-1
-1
-1
-1
-1
-1
-1
-1
12153
-1
-1
-1
-1
-1
-1
-1
-1
-1
-1
-1
-1
-1
-1
-1
-1
-1
-1
-1
17187
-1
-1
15214
-1
-1
-1
-1
-1
-1
-1
-1
-1
-1
-1
12210
-1
-1
-1
-1
-1
-1
17576
-1
-1
-1
-1
-1
-1
-1
-1
-1
-1
-1
-1
11837
-1
-1
-1
-1
-1
-1
-1
-1
-1
11876
-1
-1
-1
-1
-1
17402
11156
-1
-1
-1
-1
-1
-1
-1
15104
9155
-1
-1
-1
-1
-1
16900
-1
-1
-1
-1
-1
-1
-1
-1
13032
-1
-1
-1
-1
-1
-1
-1
-1
-1
-1
-1
-1
-1
-1
-1
-1
-1
-1
-1
-1
-1
-1
-1
-1
-1
-1
-1
-1
14328
-1
-1
-1
4871
-1
-1
16019
-1
-1
-1
-1
-1
-1
-1
-1
-1
-1
-1
-1
-1
-1
-1
-1
-1
-1
-1
12270
-1
-1
-1
-1
-1
-1
-1
-1
-1
6947
-1
3876
-1
10202
-1
-1
-1
-1
-1
17862
-1
-1
-1
-1
-1
-1
-1
-1
-1
-1
-1
-1
-1
-1
-1
-1
-1
-1
-1
-1
-1
-1
-1
-1
-1
13895
-1
-1
-1
-1
8422
-1
-1
-1
-1
-1
-1
-1
-1
-1
-1
-1
-1
-1
-1
-1
-1
-1
-1
-1
-1
-1
-1
-1
-1
-1
-1
-1
-1
14283
-1
-1
-1
-1
17546
-1
2876
-1
-1
-1
-1
-1
-1
15916
-1
-1
-1
-1
-1
-1
-1
-1
-1
-1
-1
-1
-1
-1
5733
-1
-1
-1
14504
-1
-1
-1
-1
-1
-1
-1
-1
-1
14578
-1
2744
-1
-1
4516
-1
-1
-1
-1
-1
-1
-1
-1
-1
-1
-1
-1
-1
-1
-1
-1
-1
-1
16850
-1
-1
-1
-1
-1
-1
-1
-1
16465
16996
-1
-1
-1
-1
-1
-1
-1
-1
15163
-1
7818
-1
3987
-1
-1
-1
-1
-1
-1
-1
-1
6442
-1
-1
-1
-1
-1
-1
-1
-1
-1
-1
12324
-1
-1
-1
-1
8853
-1
-1
-1
-1
-1
-1
-1
-1
-1
-1
-1
-1
-1
-1
-1
-1
-1
-1
12282
-1
-1
-1
-1
-1
-1
-1
-1
-1
-1
-1
-1
-1
-1
-1
-1
-1
-1
-1
-1
-1
17120
-1
17853
-1
10505
-1
-1
-1
-1
-1
-1
13879
-1
-1
-1
-1
-1
11116
-1
-1
-1
-1
-1
-1
-1
-1
-1
-1
-1
-1
-1
-1
-1
-1
-1
-1
-1
-1
-1
5587
-1
-1
-1
-1
-1
-1
-1
-1
-1
-1
-1
12114
-1
-1
-1
-1
-1
-1
-1
8390
-1
-1
-1
-1
-1
-1
-1
-1
-1
-1
-1
-1
3006
-1
-1
-1
-1
-1
-1
-1
-1
-1
-1
-1
-1
16186
5484
-1
-1
-1
-1
-1
-1
-1
-1
-1
-1
-1
-1
-1
-1
16941
-1
-1
-1
-1
-1
8162
-1
19218
-1
-1
-1
-1
-1
-1
-1
12055
-1
14212
-1
-1
-1
-1
-1
-1
-1
8087
-1
-1
-1
-1
-1
-1
-1
-1
-1
-1
16101
-1
-1
-1
2817
-1
-1
-1
-1
-1
-1
7714
-1
-1
-1
13769
-1
-1
-1
-1
-1
-1
-1
-1
-1
-1
-1
-1
-1
-1
13786
18694
-1
-1
-1
11517
-1
-1
-1
-1
-1
-1
-1
-1
7993
-1
-1
-1
-1
-1
9425
-1
-1
-1
-1
-1
-1
-1
-1
-1
-1
-1
-1
-1
-1
-1
-1
-1
-1
-1
-1
6879
-1
-1
-1
-1
-1
-1
-1
-1
-1
-1
17277
-1
-1
-1
-1
-1
-1
-1
-1
-1
-1
6245
-1
-1
-1
-1
-1
-1
-1
-1
-1
-1
-1
-1
-1
-1
-1
-1
16855
-1
-1
-1
-1
-1
-1
-1
-1
-1
-1
-1
-1
-1
-1
-1
-1
-1
-1
-1
-1
-1
15925
-1
-1
-1
-1
-1
-1
11652
-1
10852
-1
-1
-1
-1
-1
-1
8225
-1
-1
-1
-1
-1
-1
-1
13041
-1
-1
-1
11113
-1
-1
-1
-1
-1
-1
-1
19047
-1
17912
-1
-1
-1
-1
15323
-1
-1
-1
-1
-1
-1
-1
-1
-1
-1
-1
-1
15945
-1
-1
-1
-1
-1
-1
-1
-1
-1
-1
-1
-1
-1
-1
-1
-1
-1
9648
13007
-1
-1
-1
-1
-1
-1
-1
-1
-1
-1
-1
-1
-1
-1
-1
-1
-1
-1
-1
-1
-1
-1
-1
-1
-1
-1
-1
-1
13083
-1
-1
-1
-1
-1
18593
-1
-1
-1
-1
-1
-1
17286
-1
-1
-1
-1
-1
3910
-1
-1
-1
-1
-1
-1
-1
-1
-1
8234
-1
-1
-1
-1
-1
-1
-1
-1
-1
-1
-1
12201
-1
-1
-1
-1
-1
-1
-1
-1
-1
-1
-1
-1
-1
17867
-1
-1
15303
-1
-1
-1
-1
-1
-1
-1
13705
16009
-1
-1
-1
-1
15900
-1
-1
13075
-1
-1
12164
-1
-1
-1
13068
-1
8879
-1
-1
-1
-1
-1
-1
-1
-1
-1
-1
-1
-1
-1
-1
-1
-1
-1
-1
-1
-1
-1
-1
-1
-1
-1
-1
-1
5688
15558
-1
-1
5910
-1
-1
-1
-1
-1
-1
-1
-1
-1
-1
-1
-1
-1
-1
-1
-1
15594
-1
-1
-1
-1
-1
-1
-1
-1
-1
-1
-1
-1
-1
9742
-1
-1
-1
-1
-1
-1
-1
-1
-1
12257
-1
-1
7750
-1
-1
-1
-1
-1
-1
-1
-1
-1
-1
-1
-1
-1
-1
-1
-1
-1
-1
-1
-1
-1
-1
-1
-1
11760
-1
-1
13368
-1
-1
-1
-1
18719
18372
6940
-1
-1
-1
771
-1
-1
-1
-1
-1
-1
14318
-1
-1
-1
-1
-1
-1
-1
-1
-1
-1
-1
10227
-1
-1
-1
18593
-1
-1
-1
-1
-1
-1
-1
-1
-1
-1
-1
-1
-1
-1
-1
-1
-1
-1
-1
-1
-1
-1
-1
-1
-1
18837
-1
-1
-1
-1
-1
-1
-1
-1
8062
-1
-1
-1
-1
17973
-1
-1
-1
-1
-1
5630
-1
-1
-1
-1
-1
16333
6643
-1
-1
-1
-1
-1
-1
-1
8059
-1
12995
-1
-1
-1
-1
-1
-1
-1
-1
-1
-1
-1
-1
-1
-1
-1
-1
-1
-1
-1
-1
-1
-1
-1
-1
-1
-1
-1
-1
-1
-1
-1
-1
-1
-1
-1
-1
-1
-1
-1
15414
-1
-1
-1
-1
-1
-1
6632
-1
-1
14241
-1
-1
-1
-1
-1
16350
-1
-1
-1
-1
14783
-1
-1
-1
6705
-1
-1
-1
-1
-1
-1
-1
-1
-1
-1
-1
-1
-1
-1
-1
16028
-1
-1
-1
16575
-1
-1
6109
-1
-1
-1
-1
-1
-1
17159
-1
-1
-1
13430
-1
-1
-1
-1
12793
-1
-1
-1
19189
-1
-1
14080
-1
-1
-1
-1
-1
-1
-1
-1
-1
-1
-1
-1
-1
-1
-1
-1
-1
-1
-1
-1
-1
-1
18664
-1
-1
9817
-1
10446
-1
-1
-1
-1
-1
-1
-1
-1
-1
-1
-1
-1
-1
-1
11084
12995
-1
-1
-1
-1
-1
-1
12594
-1
-1
-1
-1
-1
-1
-1
-1
-1
-1
-1
-1
-1
17541
-1
-1
