-1
-1
-1
-1
-1
-1
-1
-1
-1
-1
-1
-1
-1
-1
-1
-1
-1
-1
9340
-1
-1
-1
-1
-1
-1
-1
-1
-1
-1
-1
-1
-1
-1
-1
-1
-1
-1
-1
-1
-1
-1
-1
-1
7411
-1
-1
-1
-1
-1
5869
-1
-1
-1
-1
-1
-1
-1
-1
-1
-1
-1
-1
-1
-1
-1
-1
-1
-1
-1
15040
1796
15231
-1
-1
-1
-1
-1
-1
12158
-1
-1
-1
-1
-1
-1
-1
-1
-1
-1
11552
14509
-1
-1
469
-1
-1
-1
-1
10190
-1
-1
14751
-1
-1
-1
-1
10275
-1
-1
-1
-1
-1
-1
-1
13693
-1
-1
-1
-1
-1
-1
-1
-1
-1
11587
-1
-1
-1
-1
-1
-1
-1
-1
-1
-1
-1
-1
-1
-1
-1
-1
-1
13227
-1
-1
-1
-1
-1
-1
-1
-1
-1
-1
-1
-1
6786
5636
-1
-1
9571
-1
-1
-1
-1
-1
-1
-1
-1
-1
-1
9460
-1
11079
-1
-1
-1
-1
-1
-1
15309
-1
-1
-1
-1
-1
-1
-1
-1
-1
-1
-1
-1
-1
-1
-1
-1
8334
11278
-1
-1
-1
-1
-1
-1
-1
14775
-1
-1
-1
-1
-1
-1
-1
-1
-1
8094
-1
-1
-1
-1
-1
-1
-1
-1
-1
-1
-1
-1
-1
-1
-1
-1
2643
-1
-1
-1
-1
9199
-1
-1
-1
-1
-1
-1
-1
-1
-1
-1
-1
-1
-1
-1
7081
-1
-1
-1
15151
-1
-1
8994
-1
13663
-1
-1
-1
-1
-1
-1
-1
-1
-1
-1
-1
-1
7469
-1
-1
-1
-1
-1
-1
-1
-1
-1
-1
-1
-1
-1
-1
-1
-1
-1
-1
-1
-1
-1
-1
-1
-1
-1
-1
-1
-1
-1
-1
-1
-1
-1
-1
-1
-1
-1
-1
-1
-1
10231
-1
-1
-1
-1
-1
-1
-1
-1
1973
-1
-1
-1
-1
-1
-1
-1
-1
-1
-1
-1
-1
-1
-1
-1
-1
-1
-1
-1
-1
-1
12162
-1
-1
-1
-1
-1
-1
-1
-1
-1
-1
-1
-1
7244
-1
-1
-1
-1
-1
-1
13971
-1
-1
-1
-1
-1
6825
-1
-1
-1
10620
-1
-1
-1
-1
-1
-1
9690
8147
-1
-1
-1
-1
-1
-1
-1
-1
-1
-1
11030
-1
13103
11279
-1
-1
-1
-1
-1
-1
-1
-1
-1
-1
-1
-1
-1
-1
-1
-1
-1
-1
-1
-1
-1
-1
-1
9888
-1
15079
-1
-1
-1
-1
-1
-1
-1
-1
-1
-1
-1
-1
-1
-1
-1
-1
-1
-1
15422
-1
-1
-1
-1
-1
-1
-1
-1
5769
-1
-1
-1
-1
-1
-1
9878
-1
-1
-1
6611
-1
15207
-1
-1
6975
-1
-1
-1
-1
13311
-1
-1
-1
-1
-1
-1
-1
-1
-1
-1
9641
-1
-1
-1
-1
-1
3859
-1
-1
-1
-1
-1
-1
-1
-1
-1
-1
11912
-1
-1
-1
-1
-1
-1
-1
-1
-1
-1
-1
8995
-1
11091
-1
-1
-1
-1
-1
-1
-1
-1
-1
-1
-1
-1
11572
-1
-1
6991
9538
-1
-1
-1
-1
14714
-1
-1
-1
-1
-1
-1
9149
-1
8603
-1
-1
-1
-1
13707
-1
-1
-1
9616
-1
-1
-1
-1
-1
-1
13111
-1
-1
-1
-1
-1
-1
-1
-1
-1
-1
-1
-1
-1
-1
-1
-1
-1
-1
-1
-1
-1
-1
-1
-1
-1
-1
-1
-1
-1
-1
-1
-1
-1
13561
-1
-1
-1
-1
-1
-1
-1
-1
-1
-1
-1
6652
-1
-1
-1
-1
13131
-1
-1
11054
-1
-1
-1
-1
-1
-1
-1
-1
-1
-1
-1
-1
13115
14681
9149
-1
-1
-1
-1
-1
10442
-1
-1
-1
-1
-1
-1
-1
-1
-1
-1
-1
-1
-1
-1
469
-1
-1
-1
-1
-1
-1
-1
1796
-1
-1
-1
9146
-1
-1
-1
-1
-1
-1
-1
-1
-1
-1
-1
-1
-1
-1
-1
-1
-1
-1
-1
-1
-1
-1
-1
-1
-1
-1
15304
-1
-1
-1
-1
-1
-1
-1
-1
-1
-1
-1
-1
-1
3007
-1
13638
-1
-1
-1
12613
-1
-1
-1
-1
-1
-1
-1
13077
8328
10536
-1
13466
-1
-1
-1
-1
-1
-1
-1
11036
-1
-1
-1
-1
-1
-1
-1
-1
-1
-1
-1
-1
-1
-1
-1
-1
-1
9325
-1
-1
-1
-1
-1
-1
-1
-1
-1
-1
-1
-1
-1
-1
-1
-1
8731
-1
-1
-1
-1
-1
-1
-1
-1
-1
9875
-1
-1
-1
-1
-1
-1
-1
13019
-1
-1
-1
-1
-1
-1
-1
-1
-1
14145
2218
-1
-1
-1
-1
7023
10172
-1
-1
-1
-1
-1
-1
-1
-1
-1
11388
-1
11115
-1
-1
-1
4672
-1
14267
-1
-1
9417
-1
-1
-1
-1
-1
-1
-1
-1
12525
7281
-1
-1
-1
-1
-1
-1
-1
-1
-1
-1
-1
-1
-1
-1
-1
-1
4465
-1
-1
-1
-1
-1
-1
-1
-1
-1
-1
-1
-1
10702
-1
-1
-1
11333
-1
4811
-1
12071
7816
-1
-1
-1
-1
13309
-1
-1
-1
-1
-1
-1
7944
-1
-1
-1
-1
-1
-1
-1
-1
-1
-1
-1
-1
-1
-1
-1
-1
-1
-1
6369
-1
15035
-1
-1
-1
-1
-1
-1
-1
-1
-1
-1
-1
-1
-1
10112
-1
-1
-1
-1
-1
-1
-1
-1
-1
-1
-1
-1
-1
-1
-1
12633
-1
-1
-1
-1
6510
-1
-1
-1
2928
-1
-1
-1
-1
-1
-1
-1
-1
-1
-1
-1
-1
-1
-1
-1
-1
-1
-1
-1
-1
13995
-1
-1
-1
-1
-1
-1
-1
-1
12351
14589
-1
13571
-1
-1
-1
-1
-1
-1
-1
-1
-1
-1
-1
-1
-1
14645
-1
-1
-1
-1
12798
-1
-1
-1
-1
-1
-1
-1
-1
12140
-1
-1
-1
-1
-1
-1
11526
-1
-1
-1
7114
-1
-1
-1
-1
-1
14181
-1
-1
-1
-1
-1
-1
13672
-1
-1
-1
-1
-1
-1
-1
-1
-1
-1
-1
13122
-1
13300
14255
6841
-1
-1
-1
2585
8336
15405
-1
-1
3509
-1
-1
-1
-1
-1
-1
-1
-1
-1
-1
-1
-1
-1
-1
-1
-1
-1
-1
-1
5394
-1
-1
-1
-1
-1
-1
-1
-1
-1
-1
-1
-1
-1
-1
-1
-1
-1
-1
-1
-1
11818
-1
-1
-1
-1
-1
-1
-1
-1
-1
-1
-1
-1
-1
-1
-1
-1
-1
-1
-1
-1
-1
-1
-1
-1
-1
-1
-1
-1
-1
-1
8545
-1
-1
-1
13803
-1
-1
-1
-1
-1
-1
-1
-1
-1
11133
-1
-1
-1
-1
-1
-1
-1
-1
-1
-1
-1
-1
-1
-1
-1
-1
-1
6870
-1
-1
-1
-1
-1
-1
-1
-1
-1
-1
-1
-1
-1
-1
-1
-1
-1
-1
-1
-1
-1
-1
-1
-1
15189
-1
-1
-1
-1
-1
-1
-1
-1
11959
-1
-1
-1
-1
-1
-1
-1
-1
-1
-1
-1
-1
-1
-1
-1
-1
15222
-1
-1
-1
-1
-1
-1
-1
-1
-1
-1
-1
-1
-1
-1
-1
-1
-1
13322
-1
-1
-1
-1
12404
6001
4510
-1
-1
-1
-1
-1
-1
-1
5027
-1
-1
5081
-1
-1
-1
15016
-1
-1
-1
-1
-1
-1
-1
-1
-1
-1
-1
-1
-1
-1
-1
-1
-1
-1
8047
-1
-1
-1
-1
-1
-1
-1
-1
-1
-1
-1
14656
-1
-1
-1
-1
-1
-1
-1
7776
-1
572
-1
-1
-1
-1
14143
-1
10795
-1
-1
-1
7177
-1
-1
-1
-1
-1
-1
15048
12128
-1
-1
-1
-1
-1
13698
-1
-1
-1
-1
-1
-1
-1
-1
-1
-1
-1
-1
-1
-1
12719
-1
12420
-1
-1
-1
-1
-1
-1
10372
-1
-1
-1
-1
-1
-1
6437
13413
-1
-1
-1
-1
5599
-1
3414
-1
-1
-1
-1
13730
14689
-1
-1
-1
-1
-1
-1
-1
-1
-1
-1
-1
-1
-1
-1
-1
-1
-1
-1
-1
-1
11475
-1
-1
-1
-1
-1
-1
-1
-1
-1
-1
-1
-1
-1
-1
-1
-1
-1
-1
-1
5433
-1
15163
-1
-1
-1
-1
13071
-1
-1
-1
-1
-1
-1
-1
-1
-1
-1
-1
8995
-1
-1
-1
-1
-1
-1
-1
-1
-1
-1
-1
12799
-1
-1
-1
-1
-1
14255
-1
-1
-1
-1
-1
-1
-1
-1
-1
-1
-1
-1
-1
-1
12343
5855
-1
-1
-1
3026
-1
-1
-1
-1
-1
-1
7520
-1
-1
-1
14085
-1
7725
-1
-1
-1
-1
-1
12800
3607
-1
-1
-1
-1
-1
-1
-1
-1
-1
-1
-1
-1
-1
-1
7420
8872
-1
-1
-1
-1
-1
-1
-1
-1
-1
10450
8157
-1
-1
-1
-1
-1
-1
-1
-1
-1
-1
-1
-1
-1
-1
-1
-1
-1
-1
-1
-1
-1
-1
-1
-1
-1
-1
-1
-1
-1
-1
-1
-1
-1
-1
-1
-1
-1
-1
-1
-1
-1
-1
-1
-1
-1
-1
-1
-1
-1
-1
-1
-1
-1
-1
-1
-1
-1
-1
-1
7379
-1
-1
-1
-1
-1
-1
7458
-1
-1
-1
-1
-1
-1
-1
-1
13876
-1
-1
-1
9162
9312
-1
-1
-1
-1
-1
9745
-1
-1
-1
10727
7595
-1
5846
-1
-1
-1
11060
-1
14777
-1
-1
-1
-1
-1
-1
-1
-1
8125
-1
-1
-1
-1
-1
-1
12010
-1
-1
-1
-1
-1
-1
-1
-1
-1
-1
-1
-1
-1
-1
-1
-1
-1
-1
-1
-1
7870
-1
8356
-1
-1
-1
-1
11110
-1
-1
-1
3516
-1
-1
-1
-1
-1
-1
-1
-1
-1
-1
-1
14878
-1
-1
-1
-1
-1
15400
-1
-1
-1
-1
-1
-1
14003
-1
-1
-1
-1
-1
-1
5742
-1
-1
-1
-1
-1
-1
-1
-1
-1
4437
-1
-1
-1
-1
-1
-1
5471
-1
-1
-1
-1
7947
-1
-1
-1
-1
-1
-1
-1
-1
-1
-1
-1
-1
-1
-1
-1
-1
13245
-1
-1
3562
-1
10716
-1
12037
15097
-1
-1
-1
-1
-1
-1
-1
-1
-1
-1
-1
-1
-1
-1
-1
14244
-1
-1
-1
-1
-1
-1
-1
-1
-1
-1
6928
-1
13988
-1
-1
-1
-1
-1
-1
-1
-1
-1
-1
-1
-1
-1
-1
-1
-1
-1
-1
-1
12986
-1
-1
-1
-1
-1
-1
-1
-1
-1
7797
-1
-1
-1
-1
-1
-1
-1
-1
8374
-1
-1
-1
-1
-1
-1
-1
-1
-1
-1
11480
-1
-1
-1
-1
-1
-1
-1
-1
-1
-1
-1
-1
-1
-1
-1
-1
-1
-1
-1
-1
-1
-1
-1
-1
-1
-1
-1
-1
-1
5992
-1
-1
-1
-1
-1
-1
-1
15229
-1
-1
-1
-1
-1
-1
-1
-1
-1
-1
-1
-1
-1
-1
-1
-1
-1
-1
-1
6437
14513
-1
-1
-1
-1
-1
-1
-1
-1
-1
-1
9529
-1
-1
-1
-1
-1
-1
-1
-1
-1
-1
-1
-1
-1
-1
-1
-1
-1
-1
-1
-1
-1
-1
-1
-1
-1
-1
-1
13106
-1
-1
7249
-1
-1
-1
-1
9482
-1
-1
-1
-1
-1
7136
-1
-1
-1
-1
-1
-1
-1
-1
-1
-1
-1
-1
-1
-1
7696
-1
-1
-1
-1
-1
-1
13332
-1
2704
-1
-1
-1
-1
-1
-1
-1
-1
-1
14831
-1
-1
-1
-1
9274
-1
-1
-1
-1
-1
-1
-1
-1
-1
-1
-1
7389
-1
-1
-1
-1
-1
-1
12068
11334
-1
-1
13884
-1
-1
-1
-1
-1
-1
-1
-1
-1
-1
8217
-1
-1
-1
-1
-1
-1
-1
-1
-1
-1
-1
-1
10358
-1
-1
-1
-1
-1
-1
-1
-1
-1
-1
8252
-1
-1
-1
-1
-1
-1
-1
-1
7796
12150
12998
-1
-1
-1
-1
-1
-1
-1
-1
-1
-1
-1
-1
-1
-1
-1
9375
15395
-1
-1
-1
13672
-1
-1
13513
-1
-1
15013
-1
-1
-1
-1
-1
-1
-1
-1
-1
-1
-1
-1
-1
-1
-1
3094
-1
-1
-1
-1
-1
-1
-1
9383
-1
-1
-1
-1
-1
-1
-1
12904
-1
-1
-1
-1
6533
6700
-1
-1
-1
-1
-1
-1
-1
7082
-1
-1
11648
-1
-1
-1
15010
-1
10147
-1
-1
-1
-1
-1
-1
11948
-1
-1
-1
-1
14996
-1
-1
-1
-1
-1
-1
14935
-1
-1
-1
-1
15320
-1
-1
7856
-1
-1
-1
-1
-1
-1
-1
-1
-1
-1
-1
14880
-1
-1
-1
-1
-1
-1
14710
-1
-1
-1
-1
-1
-1
-1
-1
-1
-1
-1
7427
-1
-1
-1
-1
-1
-1
9883
-1
-1
-1
10398
-1
-1
-1
-1
-1
-1
8755
1659
-1
-1
-1
-1
-1
-1
-1
-1
6465
-1
-1
-1
-1
-1
-1
-1
-1
-1
-1
15436
-1
-1
-1
-1
-1
-1
-1
10464
-1
-1
-1
-1
-1
-1
-1
-1
-1
-1
-1
-1
-1
-1
-1
11182
4133
-1
-1
-1
-1
-1
-1
-1
-1
-1
-1
-1
-1
4925
-1
15222
-1
-1
-1
-1
-1
-1
9263
10962
10974
-1
-1
-1
-1
11260
3616
-1
-1
-1
-1
9043
-1
-1
8282
-1
-1
-1
-1
-1
8725
-1
-1
-1
14521
8830
-1
-1
-1
-1
-1
-1
-1
-1
-1
-1
-1
-1
2468
-1
-1
-1
-1
-1
-1
-1
-1
-1
-1
-1
3873
-1
-1
-1
-1
-1
-1
-1
-1
-1
-1
-1
7191
-1
-1
-1
-1
-1
-1
13318
-1
-1
-1
-1
-1
-1
10541
-1
-1
-1
11075
-1
-1
-1
-1
-1
-1
8089
-1
13748
-1
-1
-1
-1
-1
-1
-1
-1
-1
-1
-1
-1
-1
-1
-1
-1
-1
-1
-1
-1
-1
-1
-1
-1
-1
-1
13203
-1
-1
-1
9651
-1
-1
8903
11027
13955
-1
-1
-1
-1
-1
-1
-1
-1
-1
-1
-1
-1
-1
-1
-1
-1
-1
-1
-1
5258
14634
-1
-1
-1
-1
-1
-1
-1
-1
14310
-1
-1
-1
-1
-1
-1
-1
-1
-1
-1
-1
-1
-1
-1
-1
-1
-1
-1
-1
-1
-1
-1
-1
-1
-1
15054
-1
-1
-1
-1
2830
-1
-1
-1
-1
14597
-1
-1
-1
-1
-1
-1
-1
7014
8356
7010
-1
14783
-1
-1
-1
14544
-1
-1
-1
-1
-1
-1
-1
-1
-1
-1
12810
-1
-1
-1
-1
-1
-1
-1
-1
-1
-1
-1
-1
-1
12283
-1
-1
-1
-1
-1
-1
-1
-1
-1
-1
-1
-1
-1
2471
-1
-1
-1
-1
-1
-1
-1
-1
-1
-1
15033
-1
10192
-1
-1
-1
-1
-1
-1
-1
7572
-1
-1
-1
-1
-1
-1
-1
10939
11323
-1
-1
-1
-1
-1
13135
13079
-1
-1
-1
-1
-1
-1
-1
-1
-1
-1
-1
-1
-1
-1
-1
-1
-1
-1
-1
5128
9042
-1
-1
-1
15246
-1
-1
6273
14666
-1
-1
-1
-1
-1
-1
-1
-1
-1
-1
-1
-1
-1
-1
-1
-1
-1
-1
-1
-1
-1
-1
11919
-1
-1
-1
-1
-1
-1
-1
-1
-1
-1
10126
-1
8118
-1
-1
-1
-1
10985
-1
-1
-1
-1
-1
-1
-1
-1
-1
-1
-1
-1
-1
-1
-1
-1
-1
9502
-1
-1
14646
2482
-1
-1
-1
-1
-1
-1
-1
-1
-1
-1
-1
3530
-1
-1
-1
-1
-1
-1
-1
-1
15447
-1
-1
6932
-1
-1
-1
-1
-1
-1
-1
-1
11089
-1
-1
-1
-1
13328
-1
-1
-1
-1
-1
-1
-1
-1
-1
-1
-1
-1
-1
-1
-1
-1
-1
-1
-1
-1
-1
-1
-1
-1
-1
-1
6417
-1
-1
-1
-1
-1
-1
-1
-1
-1
-1
-1
-1
-1
-1
-1
-1
-1
-1
-1
12815
-1
-1
-1
-1
-1
-1
-1
-1
-1
-1
5293
10364
-1
-1
-1
15368
-1
-1
-1
-1
-1
-1
-1
-1
-1
-1
-1
-1
-1
13587
-1
-1
-1
-1
-1
-1
-1
-1
-1
-1
-1
-1
-1
11123
-1
-1
-1
-1
-1
-1
-1
-1
9734
-1
-1
11478
-1
-1
-1
-1
-1
-1
-1
-1
-1
-1
-1
-1
-1
-1
-1
-1
-1
11343
-1
-1
-1
-1
-1
10395
-1
-1
-1
-1
-1
-1
-1
-1
-1
-1
-1
-1
-1
-1
-1
-1
-1
14583
-1
-1
-1
-1
-1
-1
-1
-1
-1
-1
-1
-1
-1
-1
-1
-1
-1
-1
-1
-1
6285
-1
-1
-1
-1
5762
7979
-1
-1
-1
-1
14788
-1
-1
-1
-1
-1
-1
-1
-1
-1
-1
-1
14953
-1
-1
-1
-1
-1
14118
-1
-1
-1
-1
-1
-1
11760
-1
-1
-1
-1
-1
-1
-1
-1
-1
-1
-1
-1
-1
-1
-1
-1
10850
-1
-1
-1
-1
-1
-1
-1
-1
-1
-1
-1
4140
-1
-1
-1
-1
-1
-1
-1
-1
-1
-1
-1
-1
-1
-1
-1
-1
-1
-1
-1
-1
13131
-1
-1
-1
-1
-1
-1
-1
-1
-1
-1
-1
-1
15539
-1
-1
-1
-1
-1
-1
-1
-1
-1
-1
-1
-1
-1
-1
-1
-1
-1
-1
-1
-1
-1
-1
-1
-1
-1
-1
4456
-1
-1
-1
-1
-1
-1
-1
-1
-1
-1
-1
-1
-1
-1
-1
-1
-1
-1
-1
-1
-1
-1
-1
-1
-1
-1
-1
5151
-1
-1
-1
-1
-1
-1
-1
9358
-1
-1
7815
-1
-1
-1
-1
-1
15375
-1
-1
-1
-1
-1
-1
-1
-1
-1
-1
-1
-1
-1
6536
-1
-1
-1
15199
-1
-1
-1
-1
-1
-1
10231
-1
-1
12138
-1
-1
-1
-1
-1
10105
-1
-1
-1
-1
-1
-1
2034
15495
-1
-1
-1
-1
-1
13296
-1
-1
-1
-1
-1
-1
-1
-1
8922
-1
-1
-1
-1
-1
8972
-1
-1
-1
-1
-1
-1
-1
-1
-1
-1
-1
-1
-1
-1
-1
13631
-1
-1
-1
-1
-1
-1
-1
-1
-1
-1
-1
-1
-1
-1
-1
-1
-1
-1
-1
-1
8358
-1
-1
-1
-1
-1
-1
-1
-1
-1
-1
-1
-1
-1
-1
-1
-1
-1
-1
-1
-1
4568
-1
-1
-1
-1
-1
-1
-1
-1
-1
-1
-1
-1
6637
-1
12042
-1
-1
15118
-1
-1
-1
14364
8779
12686
-1
-1
-1
-1
-1
-1
-1
-1
15450
-1
-1
-1
-1
-1
-1
8381
-1
-1
-1
-1
14268
-1
-1
-1
-1
-1
-1
-1
-1
-1
15346
-1
12378
-1
-1
-1
-1
-1
-1
-1
-1
-1
-1
-1
-1
-1
-1
-1
-1
-1
15194
15525
-1
-1
-1
12791
-1
-1
-1
-1
12997
-1
-1
-1
-1
-1
9924
-1
-1
-1
-1
-1
-1
-1
-1
11184
-1
-1
-1
-1
-1
-1
11377
-1
-1
-1
-1
-1
-1
-1
-1
-1
10226
-1
-1
-1
-1
-1
-1
-1
-1
-1
-1
9503
13860
-1
-1
-1
-1
-1
-1
-1
-1
-1
9139
-1
-1
-1
-1
-1
-1
-1
-1
-1
-1
4990
-1
-1
-1
-1
14584
6294
-1
-1
-1
-1
-1
-1
-1
-1
-1
-1
6368
-1
9300
-1
-1
-1
-1
-1
-1
-1
-1
-1
-1
-1
7049
-1
-1
-1
-1
-1
12447
-1
-1
-1
-1
-1
-1
-1
-1
-1
-1
-1
-1
-1
-1
-1
-1
-1
-1
11787
-1
11190
-1
11980
-1
-1
-1
-1
-1
-1
-1
-1
-1
-1
-1
-1
-1
-1
-1
-1
-1
-1
9325
-1
-1
-1
-1
-1
-1
-1
-1
-1
-1
-1
10388
-1
-1
-1
-1
2535
-1
-1
-1
-1
-1
-1
-1
-1
-1
4913
-1
-1
-1
-1
-1
4713
-1
-1
-1
-1
-1
-1
-1
-1
-1
-1
-1
-1
-1
-1
-1
-1
-1
-1
-1
-1
-1
-1
-1
-1
-1
-1
-1
-1
-1
-1
12413
-1
-1
-1
-1
-1
8805
-1
-1
-1
10978
-1
-1
12641
-1
-1
-1
-1
-1
-1
-1
11879
12023
-1
-1
-1
-1
-1
-1
-1
-1
-1
10289
-1
-1
-1
-1
-1
-1
-1
-1
-1
-1
10126
-1
-1
-1
-1
-1
11421
-1
-1
-1
-1
-1
-1
-1
-1
-1
-1
-1
-1
-1
-1
-1
-1
-1
-1
-1
-1
13127
-1
-1
-1
13743
-1
-1
-1
-1
-1
-1
-1
-1
-1
-1
-1
10014
-1
-1
-1
-1
-1
-1
15117
-1
-1
-1
-1
13870
-1
-1
-1
-1
-1
-1
11725
-1
-1
-1
-1
-1
8992
-1
-1
-1
-1
-1
-1
-1
-1
-1
-1
-1
-1
-1
-1
-1
-1
-1
-1
-1
-1
-1
-1
-1
-1
-1
-1
-1
-1
-1
-1
-1
5361
-1
-1
-1
5565
-1
-1
-1
-1
-1
10582
10395
-1
-1
14935
-1
-1
-1
-1
4984
-1
-1
-1
-1
-1
-1
-1
-1
-1
-1
-1
-1
-1
-1
-1
-1
12434
-1
-1
-1
-1
-1
-1
-1
-1
-1
-1
-1
12044
-1
-1
-1
-1
-1
-1
-1
14966
14505
-1
11780
-1
-1
4346
-1
-1
-1
-1
-1
13456
-1
-1
-1
-1
-1
-1
-1
14948
-1
-1
-1
-1
-1
-1
-1
-1
-1
-1
-1
-1
-1
-1
-1
-1
-1
-1
-1
-1
-1
-1
-1
10542
-1
7742
-1
-1
-1
-1
-1
-1
-1
-1
-1
-1
-1
-1
-1
-1
-1
-1
-1
-1
-1
-1
-1
5812
-1
-1
-1
13945
-1
-1
-1
-1
-1
15085
-1
-1
12892
-1
-1
-1
-1
-1
-1
-1
-1
-1
-1
12413
-1
-1
-1
-1
-1
-1
-1
-1
-1
-1
-1
-1
-1
-1
-1
-1
-1
-1
-1
-1
-1
-1
-1
-1
-1
-1
-1
-1
-1
-1
-1
-1
-1
-1
-1
-1
-1
-1
-1
-1
-1
-1
-1
-1
-1
12093
-1
-1
-1
-1
9532
-1
13167
-1
-1
-1
-1
-1
-1
-1
-1
-1
-1
-1
-1
-1
-1
-1
-1
-1
-1
-1
-1
3792
-1
-1
-1
-1
-1
-1
-1
-1
-1
-1
-1
-1
-1
-1
-1
2506
-1
-1
-1
-1
-1
-1
-1
-1
-1
-1
-1
-1
-1
-1
-1
-1
-1
-1
11375
-1
-1
-1
-1
-1
-1
13220
-1
14827
-1
-1
-1
-1
-1
-1
-1
-1
-1
-1
-1
-1
-1
4990
-1
-1
-1
14554
-1
-1
-1
-1
-1
-1
-1
8565
-1
12857
-1
11976
13631
8012
-1
-1
-1
-1
-1
-1
-1
11712
-1
-1
-1
-1
-1
-1
10857
-1
-1
-1
-1
7622
-1
-1
-1
-1
-1
9479
-1
-1
-1
-1
-1
-1
-1
-1
-1
-1
-1
-1
-1
8307
-1
-1
-1
-1
-1
-1
-1
-1
-1
-1
-1
-1
-1
13357
-1
-1
-1
8052
-1
-1
-1
-1
-1
-1
-1
-1
-1
-1
-1
-1
-1
-1
-1
-1
-1
-1
-1
13639
5471
-1
-1
-1
8762
-1
-1
-1
-1
-1
-1
-1
-1
-1
-1
-1
-1
-1
-1
-1
-1
-1
-1
-1
-1
-1
12971
-1
-1
-1
-1
-1
4726
-1
-1
-1
-1
-1
-1
13588
-1
-1
-1
-1
-1
-1
-1
-1
14335
-1
5979
-1
-1
-1
-1
-1
13928
-1
-1
-1
-1
-1
-1
-1
-1
-1
-1
-1
-1
-1
-1
-1
-1
-1
-1
-1
-1
-1
-1
-1
-1
-1
-1
-1
-1
-1
-1
-1
-1
-1
-1
-1
-1
-1
-1
8358
-1
-1
-1
-1
-1
-1
-1
-1
-1
-1
-1
-1
2411
-1
2575
-1
-1
13887
1542
-1
-1
-1
6196
-1
-1
-1
12788
-1
-1
-1
-1
12565
-1
-1
-1
-1
-1
6423
-1
-1
-1
-1
-1
-1
-1
-1
8973
-1
-1
-1
-1
-1
-1
-1
10240
-1
7725
-1
-1
-1
-1
-1
-1
6826
6207
-1
-1
-1
-1
-1
9760
-1
-1
-1
-1
-1
-1
-1
-1
-1
-1
-1
-1
-1
-1
13950
-1
-1
-1
-1
-1
-1
-1
-1
-1
-1
14237
-1
-1
13958
15117
-1
-1
-1
-1
-1
-1
-1
-1
-1
-1
-1
-1
8137
-1
1088
-1
1356
-1
-1
-1
-1
-1
-1
-1
-1
-1
-1
-1
-1
-1
-1
-1
-1
-1
-1
-1
-1
-1
-1
-1
-1
-1
-1
15227
4366
-1
-1
-1
-1
-1
12148
-1
-1
-1
-1
-1
-1
-1
-1
-1
-1
-1
-1
-1
-1
-1
-1
11183
-1
-1
-1
7191
-1
-1
-1
-1
-1
-1
15480
-1
-1
-1
-1
7954
-1
-1
-1
-1
-1
-1
9199
-1
-1
-1
-1
-1
11409
-1
-1
-1
-1
-1
-1
-1
-1
-1
-1
-1
-1
-1
-1
-1
-1
-1
-1
-1
-1
-1
-1
-1
-1
-1
-1
13403
-1
-1
-1
-1
-1
-1
-1
14158
8435
-1
-1
-1
-1
-1
-1
4200
6159
-1
-1
-1
-1
-1
-1
-1
-1
-1
-1
-1
-1
-1
-1
-1
7466
-1
10135
-1
-1
-1
-1
-1
-1
-1
-1
14605
-1
-1
-1
-1
-1
-1
-1
-1
-1
-1
12762
-1
-1
-1
-1
-1
-1
-1
-1
-1
-1
-1
-1
-1
-1
-1
-1
-1
-1
-1
-1
-1
-1
-1
-1
11511
-1
-1
-1
-1
-1
-1
-1
-1
-1
-1
-1
-1
-1
-1
13259
-1
-1
-1
-1
-1
-1
-1
-1
-1
-1
-1
-1
-1
-1
-1
-1
-1
-1
-1
-1
-1
-1
-1
7572
-1
-1
-1
-1
5887
-1
-1
-1
-1
-1
-1
12039
-1
8545
13884
-1
-1
-1
13138
-1
-1
-1
-1
-1
-1
-1
-1
-1
-1
-1
-1
7025
-1
2034
-1
5803
-1
-1
-1
-1
-1
13402
-1
-1
-1
10356
-1
-1
-1
-1
-1
-1
-1
-1
-1
-1
-1
-1
-1
-1
-1
-1
-1
-1
-1
-1
-1
-1
-1
-1
-1
-1
-1
-1
-1
-1
6024
-1
-1
-1
-1
-1
-1
-1
-1
11822
-1
-1
-1
-1
-1
-1
-1
-1
-1
-1
-1
7561
10792
-1
-1
-1
-1
-1
11053
-1
-1
-1
-1
8694
-1
-1
-1
-1
-1
9380
-1
-1
4735
-1
-1
-1
5665
-1
-1
-1
-1
9559
-1
-1
-1
-1
-1
-1
-1
11702
-1
-1
-1
-1
-1
-1
-1
-1
-1
-1
-1
-1
-1
-1
1444
-1
-1
-1
-1
-1
-1
-1
-1
-1
-1
10300
-1
-1
-1
-1
-1
-1
-1
-1
-1
-1
-1
-1
-1
-1
-1
-1
11581
-1
-1
-1
-1
-1
-1
-1
13038
-1
-1
-1
13527
-1
10324
-1
-1
-1
11265
-1
14403
-1
7139
-1
5795
-1
-1
-1
-1
-1
-1
-1
-1
3029
-1
-1
-1
-1
-1
-1
-1
-1
11777
-1
-1
-1
2735
-1
-1
6872
-1
-1
13373
-1
-1
11481
-1
-1
-1
-1
-1
-1
-1
-1
9980
-1
-1
-1
-1
-1
-1
14028
-1
-1
-1
-1
-1
-1
-1
-1
5331
-1
-1
-1
9137
-1
-1
-1
7944
-1
14494
7506
-1
-1
15095
-1
15356
-1
-1
-1
-1
-1
-1
5768
-1
5067
-1
-1
-1
-1
-1
-1
-1
-1
15025
-1
12867
-1
-1
-1
-1
-1
-1
-1
-1
-1
-1
-1
8330
-1
-1
-1
-1
-1
-1
-1
-1
-1
-1
-1
-1
-1
-1
-1
-1
-1
-1
-1
-1
-1
-1
-1
-1
-1
4835
-1
-1
-1
-1
-1
-1
-1
-1
-1
-1
-1
-1
-1
13296
-1
-1
-1
-1
-1
-1
-1
-1
3213
4158
-1
-1
-1
-1
-1
11075
-1
-1
-1
12626
-1
-1
-1
-1
-1
-1
-1
-1
-1
-1
-1
-1
-1
9896
-1
-1
-1
-1
-1
-1
-1
-1
15204
-1
-1
-1
-1
-1
-1
-1
-1
-1
-1
-1
-1
-1
-1
-1
-1
-1
-1
-1
-1
-1
-1
-1
-1
-1
-1
4899
-1
-1
-1
-1
-1
-1
-1
-1
-1
-1
-1
-1
-1
-1
-1
-1
-1
-1
-1
-1
-1
-1
-1
-1
-1
-1
-1
-1
-1
14892
-1
-1
-1
-1
-1
-1
-1
-1
-1
3333
-1
-1
-1
-1
-1
-1
-1
-1
-1
-1
-1
-1
3416
-1
12162
9330
-1
-1
-1
-1
-1
-1
-1
-1
-1
-1
-1
-1
-1
-1
14864
-1
-1
-1
-1
-1
-1
-1
-1
-1
-1
-1
-1
-1
-1
-1
-1
-1
-1
-1
-1
-1
-1
-1
-1
-1
-1
6662
-1
-1
1730
-1
-1
10339
-1
-1
-1
-1
-1
-1
-1
12877
-1
-1
-1
-1
-1
-1
-1
-1
-1
-1
-1
-1
-1
-1
-1
-1
-1
-1
-1
-1
-1
-1
-1
-1
-1
-1
-1
-1
-1
-1
-1
-1
-1
-1
-1
-1
-1
-1
-1
-1
-1
8824
-1
-1
11549
-1
-1
-1
-1
-1
948
-1
-1
-1
-1
-1
-1
8269
-1
6710
-1
-1
-1
7914
-1
-1
-1
-1
-1
-1
-1
-1
-1
-1
13401
-1
-1
-1
-1
8040
-1
-1
-1
-1
-1
-1
-1
-1
-1
-1
-1
-1
15425
-1
9918
-1
-1
-1
12152
-1
-1
-1
13904
-1
-1
-1
-1
-1
-1
-1
-1
11262
-1
-1
-1
-1
-1
-1
-1
-1
-1
-1
-1
-1
-1
11749
-1
-1
-1
-1
-1
-1
-1
-1
-1
-1
-1
-1
-1
-1
-1
-1
-1
7432
-1
-1
-1
6417
-1
-1
-1
-1
-1
-1
-1
-1
14078
-1
-1
-1
-1
-1
-1
-1
-1
-1
-1
-1
-1
8903
-1
-1
-1
-1
-1
-1
-1
-1
-1
6440
-1
-1
14040
-1
-1
-1
-1
-1
-1
-1
-1
-1
10852
12978
-1
-1
-1
5181
-1
-1
-1
-1
-1
-1
-1
-1
-1
-1
-1
4843
-1
-1
-1
-1
13962
-1
-1
-1
-1
-1
-1
-1
-1
7966
-1
-1
13941
-1
-1
-1
15054
-1
-1
-1
-1
-1
-1
-1
9029
-1
-1
-1
7854
-1
5710
-1
-1
-1
-1
-1
-1
-1
-1
-1
-1
-1
-1
-1
-1
-1
-1
-1
-1
-1
-1
-1
-1
-1
-1
-1
9664
-1
-1
-1
-1
10573
-1
-1
-1
-1
-1
-1
-1
-1
-1
-1
-1
-1
-1
-1
-1
-1
-1
-1
-1
-1
-1
-1
-1
-1
-1
-1
-1
-1
8370
-1
-1
-1
-1
-1
-1
-1
-1
-1
-1
-1
-1
-1
-1
-1
-1
-1
-1
-1
-1
-1
15388
11416
3110
-1
-1
-1
-1
-1
-1
-1
-1
-1
-1
12475
-1
-1
8042
-1
-1
-1
-1
-1
-1
-1
-1
-1
12678
-1
-1
-1
7621
-1
-1
-1
-1
-1
-1
-1
-1
6811
-1
-1
5199
-1
12658
5136
-1
-1
-1
-1
-1
-1
-1
-1
-1
-1
-1
-1
-1
-1
-1
-1
-1
-1
-1
-1
-1
-1
-1
-1
-1
7282
-1
-1
-1
-1
-1
-1
-1
-1
-1
-1
-1
-1
-1
15467
-1
15414
10056
-1
-1
-1
-1
-1
-1
-1
-1
-1
-1
-1
15304
-1
-1
-1
12335
-1
-1
-1
-1
-1
-1
-1
-1
-1
-1
-1
-1
-1
-1
-1
9206
-1
-1
-1
-1
-1
-1
-1
-1
-1
-1
-1
-1
-1
-1
-1
2600
-1
-1
-1
-1
-1
-1
-1
-1
-1
-1
-1
-1
-1
11619
-1
-1
6135
-1
-1
-1
-1
-1
-1
-1
-1
-1
-1
-1
4581
9248
-1
-1
-1
10639
-1
-1
-1
-1
-1
-1
-1
-1
-1
-1
-1
15381
-1
-1
13354
-1
7941
-1
-1
10263
-1
7982
12202
14258
-1
-1
-1
9966
-1
-1
-1
-1
-1
-1
9829
-1
-1
-1
-1
-1
-1
-1
-1
-1
-1
-1
-1
-1
-1
-1
-1
-1
-1
-1
-1
-1
-1
-1
-1
-1
-1
-1
-1
-1
-1
-1
-1
14444
-1
-1
-1
-1
-1
-1
-1
-1
-1
-1
-1
-1
-1
13680
-1
-1
-1
-1
-1
-1
-1
-1
5242
-1
-1
-1
-1
-1
-1
-1
-1
-1
-1
-1
-1
12229
-1
-1
-1
-1
-1
-1
-1
-1
-1
-1
-1
-1
-1
-1
-1
-1
-1
-1
-1
-1
-1
-1
-1
-1
-1
-1
-1
-1
-1
-1
9883
-1
-1
-1
-1
-1
-1
-1
-1
-1
-1
-1
-1
-1
-1
-1
-1
15005
-1
-1
-1
-1
-1
-1
-1
-1
10983
-1
-1
-1
-1
-1
-1
5716
11650
-1
-1
-1
4492
-1
-1
-1
-1
-1
-1
-1
-1
-1
-1
-1
-1
-1
-1
-1
-1
-1
-1
-1
-1
-1
-1
-1
-1
11854
-1
-1
-1
-1
-1
-1
-1
-1
-1
-1
-1
-1
-1
-1
-1
-1
-1
8251
-1
-1
-1
-1
-1
-1
-1
-1
-1
-1
-1
10441
-1
-1
-1
-1
-1
-1
-1
-1
-1
-1
-1
-1
-1
-1
-1
5595
-1
-1
-1
-1
5791
11320
-1
-1
-1
-1
-1
-1
-1
-1
-1
-1
-1
-1
-1
-1
-1
-1
-1
-1
-1
-1
11508
11193
-1
-1
-1
-1
-1
-1
-1
-1
-1
-1
-1
-1
-1
-1
-1
-1
12573
-1
12769
-1
-1
9031
-1
-1
-1
-1
-1
-1
-1
-1
-1
-1
-1
-1
-1
-1
-1
14364
-1
-1
-1
-1
3495
-1
-1
-1
-1
-1
-1
-1
-1
-1
-1
-1
-1
-1
-1
-1
-1
-1
10823
-1
-1
-1
-1
-1
-1
-1
-1
-1
9043
-1
-1
-1
-1
-1
-1
-1
-1
-1
-1
-1
-1
9539
-1
-1
-1
-1
5839
7750
-1
10070
5590
-1
-1
-1
-1
-1
-1
-1
-1
-1
-1
-1
-1
-1
-1
-1
-1
-1
-1
-1
-1
-1
-1
11309
-1
-1
-1
-1
-1
-1
-1
-1
-1
-1
-1
-1
-1
-1
10244
-1
-1
-1
-1
-1
-1
-1
-1
-1
-1
-1
-1
-1
-1
-1
14472
-1
-1
-1
-1
-1
6662
-1
-1
12815
-1
-1
-1
-1
-1
-1
-1
-1
-1
-1
-1
5263
-1
-1
-1
-1
-1
-1
-1
-1
-1
-1
-1
-1
6211
-1
-1
-1
-1
-1
-1
-1
-1
13778
-1
-1
-1
-1
9966
-1
-1
-1
-1
-1
-1
11252
-1
-1
-1
-1
-1
-1
-1
-1
-1
7723
-1
-1
11064
-1
-1
-1
-1
-1
-1
-1
12728
-1
-1
-1
-1
-1
-1
9479
-1
-1
-1
-1
-1
-1
-1
-1
14440
-1
8174
-1
-1
-1
-1
-1
-1
-1
-1
-1
-1
12837
-1
-1
-1
-1
-1
-1
-1
-1
-1
-1
-1
-1
-1
-1
-1
-1
-1
-1
9045
-1
-1
-1
-1
14544
-1
-1
-1
-1
8641
-1
-1
-1
-1
-1
-1
-1
-1
-1
-1
-1
-1
-1
-1
4672
-1
-1
-1
5167
-1
-1
-1
-1
11158
-1
-1
-1
-1
-1
6158
-1
-1
-1
5433
-1
-1
-1
-1
-1
-1
-1
-1
14248
-1
-1
-1
5742
-1
-1
-1
-1
-1
13890
6695
-1
10260
-1
-1
-1
13930
-1
-1
-1
14079
-1
-1
-1
-1
-1
-1
-1
-1
-1
-1
-1
-1
-1
-1
-1
-1
-1
-1
-1
-1
-1
-1
-1
-1
-1
-1
3161
-1
-1
-1
-1
-1
-1
-1
-1
-1
-1
-1
-1
-1
-1
-1
-1
-1
-1
-1
1943
-1
-1
9349
-1
-1
-1
-1
-1
-1
-1
-1
-1
15176
-1
-1
-1
-1
-1
-1
5908
-1
-1
-1
-1
-1
-1
-1
-1
15142
-1
-1
-1
-1
-1
-1
3873
-1
-1
-1
-1
1349
-1
11470
-1
-1
-1
9668
-1
-1
6677
-1
-1
-1
12456
-1
-1
-1
-1
-1
-1
-1
10652
-1
-1
-1
-1
-1
-1
-1
-1
-1
-1
-1
11398
-1
-1
13886
-1
-1
-1
-1
-1
-1
-1
-1
-1
-1
-1
-1
8751
-1
-1
8731
-1
-1
-1
-1
-1
-1
-1
-1
-1
9803
-1
-1
-1
-1
-1
-1
-1
-1
-1
-1
-1
-1
-1
12480
-1
-1
12809
-1
-1
7177
-1
-1
-1
-1
-1
-1
5660
-1
-1
-1
-1
-1
-1
-1
-1
-1
-1
-1
-1
-1
-1
-1
10202
-1
-1
-1
-1
-1
-1
-1
-1
-1
-1
-1
-1
-1
9290
-1
9313
-1
-1
-1
-1
-1
-1
4428
-1
-1
-1
-1
-1
-1
-1
-1
-1
-1
-1
-1
-1
-1
-1
6122
13385
14084
-1
-1
-1
-1
9791
-1
-1
-1
6285
-1
-1
-1
-1
-1
-1
-1
-1
-1
-1
10172
-1
-1
12652
-1
12453
-1
-1
-1
-1
-1
-1
-1
-1
-1
-1
-1
-1
15529
-1
-1
-1
-1
-1
-1
-1
-1
-1
-1
-1
-1
-1
-1
-1
-1
-1
-1
-1
-1
-1
-1
-1
-1
-1
-1
-1
13432
-1
-1
-1
-1
-1
-1
-1
-1
-1
-1
-1
-1
-1
-1
-1
-1
-1
-1
13447
-1
-1
-1
-1
-1
-1
-1
-1
-1
-1
-1
8131
-1
-1
-1
15081
-1
-1
-1
-1
-1
-1
-1
-1
-1
-1
-1
-1
-1
-1
-1
-1
-1
-1
5985
-1
7963
-1
-1
-1
-1
-1
-1
-1
-1
-1
-1
-1
-1
-1
-1
-1
-1
-1
-1
-1
-1
-1
9319
-1
-1
-1
-1
-1
8079
-1
-1
-1
-1
-1
-1
-1
-1
-1
14049
13555
-1
-1
-1
-1
-1
-1
-1
-1
-1
-1
-1
-1
-1
-1
-1
-1
-1
-1
14089
-1
10176
-1
-1
-1
10245
-1
-1
-1
-1
-1
-1
-1
-1
-1
-1
-1
-1
-1
-1
-1
3194
-1
4032
-1
-1
-1
9573
-1
-1
-1
-1
-1
-1
-1
-1
10586
-1
14833
-1
-1
-1
-1
-1
-1
-1
-1
-1
-1
-1
-1
-1
-1
10937
-1
-1
-1
-1
12376
-1
-1
-1
-1
-1
-1
-1
-1
-1
-1
-1
-1
-1
-1
-1
-1
-1
-1
-1
-1
-1
-1
-1
13620
5836
-1
-1
-1
-1
-1
-1
-1
-1
-1
3245
-1
-1
-1
-1
-1
-1
-1
-1
-1
-1
-1
12050
-1
-1
-1
13870
-1
-1
-1
-1
-1
-1
-1
-1
-1
-1
9736
4592
-1
-1
-1
-1
-1
-1
10664
-1
-1
-1
6771
-1
-1
9796
14310
-1
-1
8757
-1
-1
-1
8448
-1
-1
-1
-1
-1
-1
-1
-1
-1
7559
-1
4317
-1
-1
6093
-1
-1
-1
-1
-1
-1
-1
-1
-1
12784
-1
-1
-1
2943
-1
-1
9274
-1
-1
-1
10214
-1
-1
-1
-1
-1
-1
-1
-1
-1
-1
-1
-1
-1
-1
-1
12595
-1
-1
-1
-1
-1
5361
-1
14538
-1
-1
9349
-1
-1
-1
-1
-1
-1
-1
-1
-1
-1
-1
-1
12993
-1
-1
-1
-1
-1
-1
-1
-1
-1
-1
-1
-1
-1
-1
-1
-1
-1
12366
-1
-1
-1
-1
-1
-1
-1
-1
-1
-1
-1
-1
7753
-1
8275
-1
-1
-1
-1
-1
-1
-1
-1
-1
-1
-1
-1
-1
-1
-1
-1
-1
-1
-1
-1
-1
-1
-1
-1
9659
-1
-1
-1
-1
-1
-1
-1
-1
-1
-1
6465
-1
-1
15353
-1
-1
-1
-1
-1
-1
9324
-1
-1
-1
-1
-1
-1
-1
-1
-1
-1
-1
-1
-1
-1
-1
-1
-1
-1
-1
-1
-1
-1
11646
-1
-1
-1
-1
-1
8042
-1
-1
-1
-1
-1
-1
-1
-1
-1
-1
-1
-1
11098
-1
-1
-1
-1
-1
-1
-1
-1
-1
-1
-1
-1
-1
-1
-1
-1
-1
-1
-1
12555
-1
-1
-1
-1
-1
-1
-1
-1
-1
-1
-1
-1
-1
10571
-1
-1
8710
-1
-1
-1
15013
-1
-1
-1
14573
14152
-1
-1
-1
-1
-1
-1
-1
-1
-1
9972
-1
-1
-1
-1
-1
-1
-1
-1
-1
6467
-1
-1
-1
-1
-1
-1
-1
-1
-1
-1
-1
11394
-1
-1
-1
14743
-1
-1
7934
-1
12356
-1
11400
-1
-1
-1
-1
-1
-1
8790
-1
7733
-1
-1
-1
-1
-1
-1
-1
-1
-1
-1
-1
-1
-1
-1
-1
9854
14230
-1
9124
-1
-1
-1
-1
15200
4422
12655
-1
-1
-1
15279
-1
-1
-1
-1
-1
-1
-1
-1
-1
-1
-1
-1
-1
-1
-1
-1
-1
-1
-1
-1
-1
-1
-1
-1
9686
-1
-1
-1
-1
-1
-1
-1
-1
-1
-1
-1
-1
-1
-1
-1
-1
-1
-1
-1
-1
-1
-1
-1
-1
15246
-1
-1
-1
-1
-1
-1
-1
-1
5256
9074
-1
-1
-1
-1
-1
-1
-1
-1
-1
-1
-1
-1
-1
-1
11767
8341
-1
-1
-1
-1
-1
11395
-1
-1
-1
-1
-1
-1
-1
-1
8897
-1
11265
9846
-1
-1
11653
-1
-1
-1
-1
-1
-1
-1
-1
-1
-1
-1
-1
-1
-1
-1
-1
-1
-1
-1
-1
-1
12842
-1
6500
-1
-1
-1
-1
-1
-1
-1
-1
-1
-1
-1
-1
-1
13256
-1
-1
-1
-1
-1
-1
-1
-1
-1
4926
-1
-1
-1
-1
-1
10503
-1
-1
-1
-1
-1
8970
14815
-1
-1
-1
-1
-1
-1
-1
-1
-1
-1
6832
-1
-1
-1
-1
-1
-1
-1
-1
-1
5186
-1
-1
-1
-1
-1
-1
-1
-1
-1
-1
-1
-1
-1
12547
-1
-1
-1
-1
-1
-1
-1
13562
-1
-1
-1
-1
-1
-1
-1
-1
-1
-1
-1
-1
-1
-1
-1
-1
-1
-1
-1
-1
-1
-1
-1
-1
-1
-1
-1
-1
12604
-1
-1
11471
9559
-1
-1
5195
-1
-1
-1
-1
-1
-1
-1
-1
-1
9077
-1
-1
3360
-1
14599
6729
-1
-1
-1
-1
-1
-1
-1
-1
-1
-1
-1
15066
-1
-1
-1
-1
-1
-1
-1
14710
9151
-1
-1
-1
-1
-1
-1
13377
-1
13596
-1
-1
-1
7789
15149
-1
-1
-1
-1
-1
-1
-1
-1
-1
-1
-1
6991
-1
-1
-1
-1
12511
-1
-1
-1
-1
-1
-1
-1
-1
-1
-1
7426
-1
-1
-1
-1
-1
-1
-1
9644
-1
-1
-1
-1
8252
-1
-1
-1
-1
-1
-1
-1
-1
-1
-1
-1
-1
-1
-1
-1
-1
-1
-1
-1
-1
-1
-1
7109
12385
-1
-1
8546
-1
5782
-1
-1
-1
-1
-1
-1
-1
-1
-1
-1
-1
-1
-1
-1
-1
-1
5641
5974
-1
-1
-1
-1
10663
-1
-1
-1
-1
-1
-1
-1
-1
-1
-1
-1
-1
-1
-1
-1
-1
-1
-1
-1
-1
-1
-1
-1
-1
-1
-1
-1
-1
-1
-1
-1
-1
-1
-1
-1
-1
-1
-1
-1
-1
-1
6247
-1
-1
-1
-1
-1
-1
-1
-1
-1
-1
15000
12915
-1
-1
-1
6882
12404
-1
-1
-1
-1
-1
-1
-1
-1
-1
-1
-1
-1
-1
-1
-1
-1
-1
-1
-1
-1
13565
-1
-1
-1
-1
-1
-1
-1
-1
8047
-1
-1
-1
-1
-1
-1
-1
-1
-1
-1
-1
-1
-1
-1
11964
-1
-1
-1
-1
-1
-1
-1
-1
-1
14723
-1
-1
1388
-1
-1
7948
-1
-1
-1
-1
-1
-1
-1
-1
-1
-1
-1
-1
-1
2062
-1
-1
-1
-1
-1
-1
-1
-1
-1
-1
9787
-1
-1
-1
-1
-1
-1
-1
-1
-1
-1
-1
-1
-1
12220
-1
-1
-1
-1
-1
-1
-1
-1
-1
-1
15447
-1
-1
-1
-1
-1
-1
-1
-1
-1
-1
-1
-1
-1
14465
-1
-1
5100
15182
-1
-1
-1
-1
-1
-1
4649
-1
-1
-1
-1
10746
-1
-1
-1
-1
-1
7332
-1
-1
-1
-1
-1
-1
-1
9012
-1
-1
3962
-1
-1
-1
-1
6370
-1
-1
-1
-1
-1
9985
-1
-1
-1
-1
-1
-1
-1
-1
-1
-1
-1
8206
-1
-1
-1
-1
-1
-1
-1
-1
-1
-1
-1
-1
-1
-1
6109
-1
11982
-1
-1
-1
-1
-1
-1
-1
-1
-1
-1
4580
-1
-1
-1
-1
-1
-1
-1
-1
-1
-1
-1
-1
-1
-1
-1
-1
-1
-1
-1
-1
12071
-1
-1
-1
-1
-1
13058
-1
-1
-1
-1
-1
-1
-1
-1
-1
-1
-1
-1
-1
-1
-1
-1
-1
-1
-1
-1
-1
-1
-1
-1
-1
-1
-1
-1
-1
-1
14056
-1
-1
-1
-1
-1
-1
-1
-1
-1
-1
-1
11758
-1
-1
-1
11663
10585
-1
-1
-1
-1
15526
-1
10152
10724
11612
-1
-1
-1
-1
-1
-1
-1
-1
-1
-1
-1
-1
9576
-1
8514
-1
-1
-1
-1
-1
-1
-1
-1
-1
-1
1891
-1
-1
-1
-1
-1
-1
-1
-1
-1
-1
-1
-1
-1
-1
-1
4742
-1
-1
-1
-1
-1
-1
-1
-1
-1
924
-1
3607
-1
-1
10462
-1
-1
-1
-1
-1
-1
-1
-1
-1
-1
-1
-1
-1
-1
-1
-1
-1
-1
-1
-1
-1
-1
-1
-1
-1
-1
-1
-1
-1
-1
-1
-1
-1
5009
-1
15066
-1
13255
-1
-1
-1
-1
-1
-1
-1
-1
-1
-1
-1
12615
-1
-1
-1
-1
-1
3552
-1
-1
-1
-1
-1
-1
-1
-1
-1
-1
10178
-1
-1
7504
-1
-1
14613
-1
-1
-1
-1
-1
-1
-1
-1
-1
-1
4514
-1
-1
-1
-1
-1
-1
-1
-1
-1
-1
-1
6354
-1
-1
12059
-1
-1
-1
-1
9656
-1
-1
-1
-1
-1
15180
-1
-1
-1
-1
-1
-1
-1
-1
14898
-1
-1
8236
-1
-1
13132
-1
-1
-1
-1
-1
-1
-1
-1
-1
-1
-1
-1
-1
-1
-1
-1
-1
9022
-1
-1
-1
-1
-1
-1
-1
-1
-1
-1
-1
-1
-1
-1
-1
-1
-1
-1
-1
15008
-1
-1
-1
-1
-1
14630
-1
-1
-1
11761
-1
-1
-1
-1
-1
-1
-1
-1
-1
-1
-1
-1
11362
-1
-1
-1
-1
-1
-1
12447
-1
-1
-1
-1
-1
-1
-1
8897
7249
-1
14966
10331
-1
-1
-1
-1
-1
14924
-1
11625
-1
-1
-1
-1
5357
12598
-1
-1
15031
-1
-1
-1
15303
-1
-1
14515
-1
-1
-1
9329
-1
-1
-1
-1
-1
-1
-1
-1
-1
-1
-1
-1
12287
13047
-1
-1
-1
-1
-1
-1
-1
-1
-1
-1
-1
-1
-1
-1
-1
-1
-1
-1
-1
9022
-1
-1
-1
-1
-1
-1
-1
-1
-1
-1
-1
-1
-1
7377
-1
-1
-1
-1
-1
-1
-1
-1
-1
6145
-1
-1
-1
-1
-1
-1
-1
-1
-1
-1
-1
11684
-1
-1
-1
-1
-1
-1
-1
-1
-1
-1
-1
-1
-1
-1
-1
6700
-1
-1
-1
-1
-1
12241
-1
-1
-1
-1
-1
-1
-1
-1
-1
-1
11258
-1
-1
-1
-1
5803
-1
2535
-1
-1
-1
-1
-1
-1
-1
-1
9060
-1
-1
-1
-1
-1
-1
-1
-1
-1
-1
-1
-1
-1
-1
-1
7310
-1
15096
-1
-1
-1
-1
-1
-1
-1
-1
-1
-1
-1
-1
-1
-1
-1
-1
-1
-1
14374
-1
-1
-1
-1
-1
-1
-1
-1
-1
-1
-1
10839
8181
-1
-1
-1
-1
-1
-1
7416
-1
-1
-1
-1
-1
-1
-1
-1
-1
-1
-1
8641
-1
-1
-1
-1
-1
-1
-1
-1
-1
-1
-1
-1
-1
-1
-1
-1
-1
-1
-1
-1
-1
-1
-1
-1
-1
-1
-1
-1
-1
-1
9905
-1
-1
15425
-1
-1
-1
-1
12994
-1
-1
-1
-1
-1
-1
14197
-1
-1
7454
-1
15444
-1
-1
14175
-1
-1
-1
11648
-1
-1
-1
-1
-1
-1
-1
-1
12756
-1
-1
-1
-1
-1
-1
-1
-1
-1
-1
-1
1941
-1
-1
-1
9328
-1
-1
-1
-1
-1
-1
-1
-1
-1
-1
-1
10006
-1
-1
-1
-1
-1
-1
-1
9642
-1
-1
-1
-1
-1
-1
6524
-1
-1
-1
-1
-1
-1
-1
-1
-1
-1
2179
-1
-1
-1
-1
-1
-1
-1
-1
-1
-1
-1
-1
-1
6111
-1
-1
-1
4835
-1
-1
-1
-1
-1
-1
-1
-1
2749
-1
-1
-1
-1
-1
-1
-1
-1
-1
-1
-1
-1
-1
-1
-1
5958
4651
-1
-1
-1
-1
-1
-1
-1
-1
-1
-1
-1
-1
2762
-1
-1
10114
15249
-1
-1
-1
-1
-1
-1
-1
7817
-1
-1
-1
9534
-1
889
-1
-1
4906
-1
-1
-1
-1
-1
12379
10529
-1
-1
-1
-1
-1
-1
11540
-1
-1
-1
-1
-1
-1
-1
-1
-1
-1
-1
-1
-1
-1
-1
9038
-1
-1
-1
-1
-1
-1
-1
-1
-1
-1
-1
13432
-1
-1
-1
-1
-1
9500
-1
-1
-1
-1
903
-1
-1
-1
13725
-1
-1
-1
-1
-1
-1
-1
-1
-1
-1
-1
-1
-1
1796
-1
-1
-1
-1
-1
-1
-1
-1
-1
-1
-1
-1
13131
-1
-1
-1
-1
-1
-1
-1
-1
-1
-1
-1
-1
-1
-1
-1
-1
-1
-1
-1
-1
-1
-1
-1
-1
-1
-1
-1
5696
-1
-1
-1
-1
-1
-1
-1
-1
-1
-1
-1
8768
-1
-1
-1
-1
-1
-1
-1
-1
-1
-1
10563
12414
-1
-1
-1
-1
-1
-1
-1
-1
-1
-1
-1
-1
-1
-1
13803
-1
-1
-1
-1
-1
-1
-1
-1
-1
-1
-1
-1
-1
-1
-1
-1
-1
-1
11751
-1
-1
-1
-1
-1
-1
-1
-1
-1
-1
-1
-1
-1
-1
-1
15398
-1
-1
-1
9590
-1
-1
-1
7820
-1
-1
-1
-1
-1
-1
-1
-1
-1
-1
-1
5620
-1
-1
-1
-1
-1
-1
-1
-1
-1
-1
-1
-1
-1
-1
-1
-1
-1
-1
-1
-1
-1
-1
-1
-1
-1
-1
-1
-1
-1
-1
-1
-1
-1
-1
-1
-1
14268
-1
10361
-1
-1
-1
-1
-1
-1
-1
-1
-1
-1
12435
-1
-1
4595
1408
-1
-1
-1
-1
-1
-1
-1
-1
-1
-1
11476
-1
-1
-1
-1
-1
-1
-1
-1
-1
-1
-1
-1
-1
-1
-1
-1
-1
-1
-1
-1
11148
-1
-1
-1
-1
-1
-1
-1
-1
-1
-1
-1
10556
-1
-1
-1
15190
1408
-1
-1
8268
-1
-1
-1
-1
7891
-1
-1
10357
8474
-1
-1
-1
-1
-1
-1
-1
-1
-1
-1
-1
-1
13884
-1
-1
-1
-1
-1
-1
-1
-1
-1
-1
-1
-1
-1
-1
-1
-1
-1
-1
-1
-1
-1
-1
-1
-1
-1
-1
-1
8680
-1
-1
-1
-1
-1
-1
-1
-1
10462
2671
-1
-1
-1
-1
-1
-1
-1
-1
-1
-1
5151
-1
3841
-1
-1
-1
10313
-1
-1
-1
12128
-1
-1
-1
-1
-1
-1
-1
13965
-1
-1
7553
-1
-1
11148
9099
-1
-1
9406
-1
-1
-1
-1
-1
-1
-1
-1
-1
-1
-1
8010
-1
-1
-1
-1
-1
-1
10372
-1
-1
-1
-1
15487
15203
-1
-1
-1
11029
-1
-1
-1
10702
-1
-1
-1
-1
-1
-1
-1
-1
-1
-1
-1
-1
7488
-1
-1
-1
14516
-1
-1
-1
-1
-1
-1
-1
-1
-1
-1
-1
15398
-1
-1
-1
4906
-1
-1
-1
-1
-1
-1
-1
4637
-1
-1
-1
-1
-1
-1
-1
-1
-1
-1
-1
-1
6662
-1
-1
-1
-1
-1
-1
6833
-1
10914
-1
-1
-1
-1
-1
-1
-1
-1
-1
-1
-1
-1
-1
-1
-1
-1
8280
-1
-1
-1
-1
12978
-1
-1
-1
11099
-1
-1
-1
-1
-1
-1
-1
4510
-1
-1
-1
-1
-1
-1
-1
-1
-1
14450
-1
-1
-1
-1
-1
-1
15005
-1
1937
8028
-1
-1
-1
-1
-1
-1
-1
-1
-1
-1
-1
-1
-1
-1
-1
-1
-1
-1
-1
-1
-1
-1
-1
15049
-1
-1
-1
-1
-1
-1
-1
-1
-1
7734
-1
-1
-1
-1
-1
-1
-1
11123
-1
-1
-1
-1
12138
-1
6726
-1
-1
-1
-1
-1
-1
-1
-1
-1
-1
2558
-1
-1
-1
-1
12621
-1
-1
-1
-1
-1
-1
-1
13833
12480
-1
-1
-1
-1
-1
-1
-1
-1
-1
-1
-1
-1
-1
-1
-1
12674
-1
12587
-1
-1
-1
-1
-1
-1
-1
-1
-1
-1
-1
-1
-1
-1
-1
-1
-1
-1
-1
7642
-1
-1
-1
14469
-1
-1
-1
-1
-1
-1
-1
-1
-1
-1
-1
-1
-1
-1
-1
-1
-1
-1
6910
-1
-1
-1
11558
-1
-1
-1
-1
-1
11454
-1
-1
-1
-1
-1
-1
-1
-1
-1
-1
-1
-1
-1
-1
-1
-1
-1
-1
-1
-1
-1
-1
-1
-1
-1
-1
-1
-1
2112
-1
-1
-1
-1
-1
-1
-1
-1
-1
-1
11131
-1
-1
-1
11845
-1
-1
-1
-1
11819
-1
-1
-1
-1
-1
-1
-1
-1
11119
-1
-1
5333
-1
-1
-1
-1
-1
-1
-1
10988
-1
13152
-1
-1
-1
-1
-1
-1
-1
-1
-1
-1
-1
-1
-1
-1
10514
-1
-1
-1
-1
-1
-1
-1
-1
-1
-1
-1
-1
-1
-1
-1
14559
-1
-1
14542
12945
-1
3407
-1
-1
10942
-1
11863
10444
10324
-1
-1
-1
13521
-1
-1
-1
-1
-1
-1
-1
-1
-1
-1
11002
-1
14621
-1
-1
-1
14915
-1
-1
-1
-1
-1
-1
-1
-1
-1
-1
-1
-1
-1
-1
-1
-1
-1
12521
-1
-1
-1
-1
-1
-1
-1
-1
-1
-1
-1
-1
-1
-1
15303
-1
-1
-1
-1
-1
-1
-1
15231
-1
-1
-1
-1
-1
6191
7430
-1
-1
-1
-1
-1
-1
-1
-1
-1
-1
-1
8585
-1
-1
-1
-1
-1
-1
-1
9757
-1
-1
-1
-1
-1
-1
-1
-1
-1
-1
-1
11512
-1
-1
-1
-1
-1
-1
-1
-1
-1
-1
-1
-1
-1
-1
-1
-1
-1
-1
-1
-1
-1
-1
-1
-1
-1
-1
-1
10251
-1
-1
-1
-1
-1
-1
-1
-1
2690
-1
-1
-1
-1
-1
-1
-1
-1
11184
-1
-1
-1
-1
-1
-1
-1
-1
-1
-1
-1
-1
-1
-1
-1
-1
-1
-1
-1
-1
-1
5641
-1
10334
-1
-1
-1
-1
-1
-1
-1
-1
-1
-1
-1
-1
-1
-1
-1
-1
-1
-1
-1
-1
10720
-1
-1
14742
-1
-1
-1
-1
-1
-1
-1
-1
-1
-1
-1
10989
-1
-1
-1
-1
-1
-1
-1
-1
-1
-1
-1
-1
-1
-1
-1
-1
-1
11390
-1
-1
-1
-1
5827
-1
7646
-1
-1
6432
-1
-1
-1
-1
-1
4416
-1
-1
-1
-1
-1
-1
15510
8293
-1
-1
-1
-1
-1
-1
-1
-1
-1
-1
-1
-1
-1
-1
-1
-1
-1
-1
-1
-1
-1
-1
-1
-1
-1
-1
-1
-1
-1
-1
-1
-1
5361
-1
10688
-1
-1
-1
-1
-1
-1
15503
-1
-1
-1
-1
-1
-1
-1
-1
-1
-1
-1
-1
-1
-1
-1
-1
-1
-1
13538
-1
-1
-1
-1
-1
-1
-1
14554
-1
-1
-1
-1
-1
-1
-1
-1
-1
-1
-1
-1
-1
-1
-1
-1
-1
6842
7643
-1
-1
-1
-1
-1
-1
-1
-1
-1
-1
-1
-1
12753
-1
-1
-1
-1
-1
-1
12750
-1
-1
-1
-1
-1
-1
-1
-1
-1
-1
-1
-1
-1
-1
-1
-1
-1
-1
-1
-1
9158
-1
-1
-1
-1
-1
-1
2069
-1
-1
-1
-1
-1
-1
-1
-1
-1
-1
-1
-1
-1
-1
6343
-1
-1
12803
6780
1647
-1
-1
-1
-1
-1
-1
-1
-1
-1
-1
-1
-1
12219
-1
-1
-1
-1
-1
-1
-1
-1
-1
10377
-1
-1
-1
-1
-1
-1
-1
-1
-1
-1
-1
4651
-1
-1
-1
-1
-1
-1
11311
-1
-1
-1
-1
-1
-1
-1
-1
-1
-1
-1
-1
-1
-1
-1
-1
-1
-1
-1
-1
-1
-1
-1
-1
-1
-1
-1
-1
-1
-1
-1
-1
-1
-1
-1
-1
-1
-1
-1
-1
12227
11229
-1
-1
-1
13657
-1
-1
-1
-1
-1
11519
-1
-1
-1
10863
5667
-1
-1
-1
-1
10441
9442
-1
-1
-1
-1
-1
-1
-1
-1
-1
-1
-1
-1
-1
-1
-1
-1
-1
-1
-1
-1
-1
-1
-1
-1
-1
5572
-1
-1
-1
-1
-1
-1
-1
-1
-1
8933
-1
-1
-1
-1
-1
-1
-1
2704
-1
2836
-1
-1
-1
-1
-1
-1
-1
-1
15380
-1
-1
-1
-1
-1
-1
-1
-1
-1
-1
-1
11789
-1
-1
-1
-1
-1
12753
-1
-1
-1
4776
-1
9864
-1
-1
-1
-1
-1
-1
-1
-1
-1
11412
14826
15295
-1
-1
-1
-1
-1
-1
5181
-1
-1
-1
-1
-1
-1
-1
-1
-1
9343
6294
-1
-1
-1
-1
-1
-1
-1
-1
-1
-1
-1
-1
-1
-1
-1
-1
-1
-1
-1
-1
-1
-1
-1
-1
7458
-1
2749
-1
-1
-1
-1
-1
-1
-1
-1
-1
-1
-1
-1
-1
-1
-1
-1
-1
6667
11839
-1
-1
-1
-1
-1
-1
-1
-1
-1
8373
-1
-1
-1
-1
-1
-1
-1
-1
-1
-1
-1
-1
-1
-1
-1
-1
-1
-1
-1
-1
-1
-1
-1
-1
-1
-1
-1
-1
-1
12587
-1
-1
-1
-1
-1
-1
8574
-1
-1
8760
-1
9725
-1
-1
-1
-1
-1
-1
-1
-1
-1
-1
-1
-1
-1
-1
-1
-1
-1
-1
-1
-1
-1
-1
-1
-1
-1
-1
-1
-1
-1
-1
-1
-1
-1
-1
-1
-1
-1
-1
-1
1477
-1
-1
-1
-1
-1
-1
-1
-1
-1
11817
-1
-1
14670
-1
-1
-1
-1
11086
-1
-1
-1
-1
-1
-1
-1
-1
-1
-1
-1
12771
-1
-1
-1
-1
-1
-1
-1
-1
-1
-1
-1
-1
-1
-1
-1
-1
-1
-1
-1
-1
-1
-1
-1
-1
-1
-1
-1
-1
-1
-1
-1
14977
-1
-1
-1
-1
-1
-1
-1
-1
-1
9463
-1
-1
-1
-1
-1
-1
15450
-1
-1
-1
-1
-1
-1
-1
-1
-1
14133
-1
-1
-1
-1
-1
-1
-1
-1
-1
-1
15097
-1
-1
-1
-1
10473
-1
13626
-1
-1
-1
-1
15118
-1
-1
-1
-1
-1
-1
-1
-1
-1
-1
-1
-1
-1
-1
-1
-1
-1
-1
-1
-1
14930
-1
-1
-1
-1
-1
-1
-1
-1
-1
-1
-1
-1
-1
-1
-1
-1
-1
-1
12511
-1
-1
11768
-1
-1
-1
-1
-1
5073
7289
-1
-1
-1
15522
-1
-1
-1
-1
-1
4092
-1
-1
-1
-1
-1
-1
-1
-1
-1
-1
-1
-1
-1
-1
-1
-1
-1
-1
-1
-1
-1
-1
-1
-1
-1
-1
3026
-1
-1
-1
-1
-1
-1
-1
-1
-1
-1
-1
-1
-1
-1
-1
11132
-1
-1
-1
8555
-1
-1
-1
-1
-1
-1
-1
-1
-1
-1
-1
-1
-1
-1
-1
-1
11026
-1
8607
-1
10001
-1
-1
7778
-1
-1
-1
-1
10606
-1
-1
-1
-1
-1
-1
-1
-1
-1
-1
7619
5471
-1
-1
-1
-1
-1
8014
-1
-1
-1
-1
-1
3690
-1
14549
10565
-1
-1
-1
-1
-1
-1
-1
-1
-1
9857
-1
8757
-1
-1
-1
-1
-1
-1
-1
4099
-1
11655
-1
1576
-1
-1
-1
-1
-1
-1
-1
-1
-1
-1
9979
-1
-1
-1
-1
-1
-1
-1
-1
-1
-1
-1
-1
-1
-1
-1
-1
-1
-1
-1
-1
-1
-1
-1
-1
-1
-1
-1
-1
6831
-1
-1
-1
-1
-1
5793
-1
-1
-1
-1
-1
-1
-1
-1
-1
-1
-1
-1
-1
-1
14737
-1
11545
-1
-1
-1
-1
-1
-1
-1
-1
-1
-1
-1
13848
-1
-1
-1
-1
-1
-1
-1
-1
15163
-1
14329
-1
-1
-1
-1
-1
-1
-1
-1
-1
-1
-1
-1
-1
5383
-1
-1
-1
-1
-1
-1
14433
15201
-1
-1
-1
7344
-1
-1
-1
-1
-1
-1
-1
-1
-1
-1
-1
14598
12500
-1
-1
-1
-1
-1
-1
-1
-1
-1
-1
-1
-1
-1
-1
-1
-1
-1
-1
-1
-1
10159
-1
-1
-1
-1
-1
-1
-1
-1
-1
10240
10601
-1
-1
-1
-1
-1
13992
9763
-1
-1
-1
-1
-1
-1
8181
-1
-1
-1
-1
-1
-1
-1
-1
-1
-1
-1
4386
-1
-1
-1
-1
-1
-1
-1
-1
-1
-1
-1
-1
-1
-1
-1
-1
-1
-1
-1
-1
-1
-1
14956
-1
-1
-1
-1
-1
-1
-1
-1
-1
-1
7620
12313
-1
-1
-1
-1
10073
-1
-1
13266
-1
5418
-1
-1
-1
-1
-1
4969
-1
12237
-1
-1
3716
-1
-1
-1
-1
-1
-1
-1
-1
-1
-1
-1
-1
11636
7413
-1
-1
-1
14102
-1
-1
-1
-1
-1
-1
-1
-1
-1
-1
-1
-1
-1
-1
-1
-1
-1
-1
-1
-1
-1
-1
-1
-1
-1
-1
-1
-1
15268
-1
-1
-1
-1
-1
-1
-1
-1
-1
-1
-1
12393
-1
-1
-1
-1
13414
-1
-1
-1
-1
13901
-1
-1
-1
11569
-1
-1
-1
-1
-1
4071
-1
-1
-1
-1
-1
-1
-1
-1
-1
-1
-1
-1
-1
-1
-1
-1
-1
2274
-1
-1
-1
13539
4877
-1
-1
-1
-1
-1
-1
-1
-1
-1
-1
-1
-1
-1
-1
9467
-1
-1
-1
-1
-1
10408
-1
-1
-1
-1
-1
-1
-1
-1
-1
4510
-1
-1
-1
-1
-1
-1
-1
-1
-1
7006
-1
11595
-1
-1
-1
-1
-1
11633
-1
-1
-1
7397
-1
-1
-1
5953
-1
-1
-1
-1
-1
-1
-1
-1
-1
-1
-1
-1
-1
-1
-1
-1
-1
-1
7407
-1
-1
-1
-1
-1
13153
-1
-1
-1
-1
-1
5572
-1
-1
-1
-1
-1
-1
-1
-1
-1
-1
-1
-1
-1
-1
-1
-1
-1
-1
-1
3807
-1
13692
8888
-1
-1
-1
-1
-1
-1
-1
-1
-1
-1
-1
-1
-1
-1
-1
-1
-1
5829
-1
-1
11457
-1
-1
7161
-1
-1
-1
-1
-1
-1
-1
13702
-1
-1
13742
-1
-1
-1
-1
-1
-1
-1
-1
-1
-1
10585
-1
10360
-1
-1
-1
-1
-1
-1
-1
-1
-1
-1
-1
-1
-1
-1
15347
-1
-1
-1
-1
-1
-1
-1
-1
-1
-1
8713
-1
-1
-1
-1
-1
-1
-1
-1
-1
-1
-1
-1
-1
-1
-1
-1
-1
-1
-1
-1
-1
-1
-1
-1
-1
-1
-1
-1
-1
-1
-1
-1
-1
-1
-1
6029
-1
-1
-1
-1
-1
-1
9725
8687
-1
-1
-1
-1
15209
-1
-1
-1
-1
-1
-1
-1
-1
-1
12300
-1
15257
-1
-1
-1
-1
-1
-1
-1
13050
-1
-1
-1
-1
-1
-1
14726
-1
-1
-1
-1
-1
-1
-1
-1
-1
-1
-1
-1
-1
-1
-1
-1
-1
-1
-1
-1
-1
-1
-1
12422
-1
-1
-1
-1
-1
-1
-1
-1
-1
-1
-1
-1
-1
6336
-1
-1
-1
6445
-1
-1
-1
7862
-1
-1
-1
-1
-1
-1
-1
10422
-1
-1
-1
-1
-1
-1
-1
-1
-1
-1
-1
-1
-1
-1
-1
-1
-1
-1
-1
-1
-1
-1
-1
-1
-1
-1
-1
4510
-1
-1
-1
-1
-1
6707
13055
-1
-1
-1
-1
-1
-1
-1
-1
-1
-1
-1
-1
-1
-1
-1
-1
-1
-1
-1
-1
4839
11560
-1
-1
-1
-1
-1
-1
-1
-1
-1
-1
-1
-1
-1
10560
11044
-1
-1
-1
-1
-1
-1
-1
-1
9183
-1
-1
-1
-1
-1
-1
14196
-1
-1
-1
-1
-1
-1
-1
8515
-1
-1
-1
-1
-1
-1
-1
-1
-1
-1
-1
-1
-1
6704
-1
8120
-1
-1
-1
-1
-1
14222
-1
-1
-1
-1
-1
-1
-1
-1
10752
-1
-1
12972
-1
-1
-1
-1
-1
-1
-1
-1
-1
-1
11764
-1
-1
-1
-1
-1
-1
-1
-1
-1
-1
7201
-1
-1
-1
-1
-1
-1
-1
-1
-1
-1
-1
-1
-1
-1
8100
-1
-1
-1
-1
-1
-1
-1
-1
-1
-1
-1
-1
-1
-1
-1
-1
-1
-1
-1
-1
11320
-1
-1
-1
-1
-1
-1
-1
-1
-1
-1
-1
-1
-1
-1
14363
-1
-1
-1
-1
-1
-1
-1
-1
-1
-1
-1
-1
-1
-1
-1
-1
-1
-1
-1
-1
-1
5631
-1
-1
-1
7236
8545
-1
14273
-1
-1
-1
15065
-1
-1
11043
-1
5292
13660
-1
-1
13103
-1
-1
-1
-1
-1
-1
-1
-1
-1
-1
10741
-1
-1
-1
-1
-1
-1
-1
-1
-1
9328
-1
-1
-1
-1
8804
-1
-1
-1
-1
-1
-1
-1
-1
3357
-1
10711
-1
-1
-1
-1
-1
-1
-1
5354
-1
-1
-1
-1
-1
-1
-1
15397
-1
-1
-1
-1
-1
-1
-1
-1
12625
-1
-1
-1
-1
-1
-1
-1
-1
-1
-1
10754
-1
14522
-1
-1
-1
-1
-1
-1
-1
-1
-1
-1
-1
-1
-1
-1
-1
-1
11772
-1
-1
-1
1730
-1
-1
-1
-1
-1
10014
-1
-1
-1
-1
-1
-1
-1
-1
-1
-1
-1
3407
-1
-1
-1
-1
-1
-1
-1
13583
-1
-1
-1
12965
-1
-1
7014
-1
-1
-1
-1
-1
-1
-1
-1
-1
-1
-1
-1
-1
-1
-1
7523
-1
-1
-1
-1
-1
-1
-1
-1
-1
-1
-1
-1
-1
8101
-1
10192
-1
-1
-1
-1
-1
-1
9240
-1
-1
-1
-1
-1
10622
-1
-1
-1
-1
-1
9784
-1
-1
-1
-1
-1
6695
-1
-1
-1
10301
-1
-1
-1
-1
-1
-1
-1
-1
-1
-1
-1
-1
-1
-1
-1
-1
-1
-1
-1
-1
-1
8908
-1
-1
-1
5281
-1
13965
-1
13892
-1
-1
-1
-1
10543
-1
-1
-1
-1
-1
-1
-1
-1
-1
-1
-1
-1
-1
-1
-1
-1
-1
-1
-1
-1
-1
-1
-1
-1
-1
-1
-1
-1
-1
-1
-1
-1
-1
-1
-1
-1
-1
11452
-1
-1
-1
-1
-1
13003
-1
-1
14856
-1
-1
-1
-1
-1
-1
-1
-1
-1
4996
-1
-1
-1
-1
-1
-1
7854
-1
-1
-1
-1
-1
-1
-1
-1
7633
-1
-1
-1
-1
-1
-1
-1
-1
-1
-1
-1
-1
-1
-1
-1
-1
-1
-1
-1
-1
-1
-1
-1
-1
-1
15430
-1
-1
-1
-1
11751
-1
-1
-1
-1
-1
12561
-1
-1
-1
-1
-1
-1
-1
-1
14394
-1
-1
-1
-1
-1
-1
-1
-1
-1
-1
682
-1
-1
-1
-1
-1
-1
14002
-1
-1
-1
-1
-1
-1
-1
-1
-1
-1
-1
-1
-1
-1
-1
-1
-1
-1
-1
-1
-1
-1
-1
-1
-1
-1
-1
-1
-1
-1
-1
-1
13705
8628
-1
-1
7734
-1
-1
-1
-1
8545
-1
-1
-1
-1
-1
-1
-1
-1
-1
-1
-1
6534
-1
-1
-1
-1
-1
14646
-1
-1
-1
-1
-1
-1
-1
-1
-1
-1
-1
-1
-1
-1
-1
-1
-1
11332
-1
-1
-1
-1
-1
-1
-1
-1
-1
9879
-1
-1
-1
-1
-1
-1
-1
-1
-1
-1
-1
-1
-1
-1
-1
-1
13210
-1
-1
11842
-1
-1
10927
-1
-1
-1
-1
-1
531
2175
-1
8702
-1
-1
-1
-1
-1
-1
-1
-1
-1
-1
-1
-1
-1
-1
-1
-1
-1
-1
-1
-1
-1
-1
-1
-1
11505
-1
-1
-1
-1
-1
6304
-1
-1
1711
-1
-1
-1
-1
-1
8972
-1
-1
-1
-1
-1
-1
-1
-1
-1
-1
-1
-1
-1
-1
-1
-1
-1
-1
-1
-1
-1
-1
10727
-1
5282
7620
7041
-1
-1
14441
-1
-1
-1
-1
12715
-1
9300
-1
-1
11198
-1
-1
-1
11496
-1
-1
-1
-1
-1
-1
-1
-1
-1
13211
-1
-1
4947
-1
-1
14348
-1
-1
-1
-1
-1
-1
-1
-1
-1
-1
-1
-1
-1
-1
-1
-1
-1
-1
-1
-1
-1
-1
-1
-1
-1
-1
8835
-1
-1
-1
-1
-1
-1
-1
-1
-1
-1
2943
-1
13753
-1
-1
-1
-1
-1
-1
-1
-1
11287
-1
-1
-1
-1
-1
-1
9082
-1
-1
-1
-1
-1
-1
-1
-1
-1
-1
-1
-1
-1
-1
-1
-1
-1
9082
8141
-1
-1
11976
-1
-1
-1
-1
-1
6229
-1
-1
-1
-1
-1
-1
-1
-1
-1
-1
-1
-1
-1
-1
-1
-1
-1
-1
-1
-1
-1
-1
-1
-1
-1
-1
-1
-1
-1
-1
-1
7470
-1
-1
-1
12255
-1
-1
-1
-1
-1
-1
-1
-1
-1
-1
-1
-1
-1
-1
-1
-1
-1
-1
-1
-1
-1
-1
-1
-1
-1
-1
-1
-1
-1
-1
-1
-1
-1
-1
-1
-1
-1
-1
-1
-1
-1
-1
6370
-1
-1
-1
-1
8187
-1
-1
-1
11705
-1
13383
-1
-1
-1
-1
-1
-1
11751
5426
-1
-1
8971
-1
-1
7812
-1
-1
5716
-1
-1
-1
-1
-1
-1
-1
14955
-1
-1
-1
-1
-1
-1
-1
-1
-1
-1
-1
-1
-1
-1
-1
-1
-1
-1
-1
1189
-1
-1
-1
-1
-1
-1
-1
-1
-1
-1
-1
-1
-1
-1
-1
-1
-1
-1
-1
-1
-1
-1
-1
-1
-1
-1
-1
-1
-1
-1
-1
15104
-1
-1
-1
-1
-1
-1
-1
2890
-1
-1
-1
-1
15110
10938
-1
-1
-1
-1
-1
-1
9765
-1
-1
-1
-1
-1
-1
-1
-1
-1
-1
-1
-1
-1
-1
-1
-1
-1
-1
-1
-1
-1
-1
-1
-1
-1
-1
15373
-1
-1
-1
-1
-1
12407
-1
-1
-1
-1
-1
-1
-1
-1
-1
-1
-1
-1
-1
-1
-1
-1
-1
-1
-1
3007
-1
-1
-1
-1
-1
-1
-1
13431
-1
-1
-1
13304
-1
-1
12475
-1
-1
10453
-1
-1
-1
8854
-1
7049
-1
-1
-1
-1
-1
-1
-1
-1
-1
-1
4810
-1
-1
-1
-1
15489
-1
-1
-1
-1
12816
-1
-1
-1
-1
-1
-1
-1
-1
-1
-1
-1
-1
-1
-1
9056
-1
-1
-1
-1
13979
7218
12429
-1
-1
-1
14950
-1
-1
-1
7560
8760
-1
-1
-1
-1
12410
7620
11780
-1
-1
-1
-1
-1
-1
-1
-1
-1
-1
-1
-1
-1
4754
12604
13638
-1
-1
-1
-1
-1
-1
-1
-1
-1
-1
1348
-1
-1
-1
12543
-1
-1
12005
-1
-1
-1
14293
-1
8936
13987
-1
-1
-1
15262
-1
-1
8873
-1
-1
-1
-1
-1
-1
-1
-1
-1
-1
-1
-1
-1
-1
-1
-1
-1
-1
-1
-1
-1
-1
-1
-1
-1
-1
-1
-1
-1
-1
-1
13403
-1
-1
-1
-1
-1
-1
-1
-1
-1
-1
-1
-1
-1
-1
-1
-1
-1
-1
-1
-1
-1
-1
-1
-1
-1
-1
-1
-1
9954
-1
15152
-1
-1
-1
13044
-1
-1
-1
-1
-1
7646
-1
-1
-1
-1
-1
2310
-1
-1
-1
-1
-1
-1
-1
-1
-1
-1
-1
14474
6067
-1
-1
-1
8790
-1
-1
-1
-1
-1
-1
-1
-1
-1
-1
-1
-1
-1
-1
-1
-1
8592
-1
-1
-1
-1
-1
6067
-1
-1
-1
9414
-1
-1
-1
-1
-1
-1
-1
-1
-1
-1
-1
-1
-1
7570
-1
-1
-1
-1
-1
-1
5694
-1
-1
-1
-1
-1
-1
-1
-1
-1
-1
-1
-1
14327
-1
-1
-1
-1
9954
12477
-1
-1
-1
-1
-1
-1
-1
-1
-1
-1
-1
-1
-1
6866
10196
-1
-1
-1
-1
-1
-1
-1
-1
-1
-1
-1
-1
11395
-1
-1
12736
-1
-1
9956
-1
-1
-1
-1
-1
-1
-1
-1
-1
-1
8515
-1
-1
5144
-1
-1
-1
-1
3784
-1
-1
13154
-1
-1
-1
-1
11238
-1
10735
-1
-1
-1
-1
-1
9516
-1
-1
-1
-1
-1
-1
-1
-1
7999
-1
-1
-1
-1
15096
-1
-1
-1
-1
-1
-1
-1
-1
-1
-1
-1
-1
-1
-1
-1
14872
12815
-1
-1
-1
-1
-1
-1
-1
-1
-1
-1
1948
15507
-1
-1
-1
-1
-1
-1
-1
-1
-1
-1
-1
-1
-1
-1
-1
-1
-1
-1
6733
15303
-1
-1
-1
-1
-1
-1
-1
-1
-1
13452
-1
-1
-1
-1
-1
-1
-1
-1
-1
-1
-1
-1
-1
-1
-1
-1
-1
-1
-1
-1
-1
-1
-1
-1
-1
-1
5815
-1
-1
-1
-1
4982
-1
-1
-1
-1
-1
-1
-1
8631
-1
-1
-1
-1
-1
-1
-1
-1
-1
-1
5669
-1
-1
-1
-1
-1
1576
-1
-1
-1
-1
-1
-1
-1
-1
-1
-1
-1
-1
-1
-1
-1
-1
-1
-1
-1
-1
-1
14218
-1
-1
-1
-1
-1
-1
-1
-1
-1
-1
-1
-1
-1
-1
-1
-1
-1
-1
-1
7383
-1
-1
-1
-1
-1
-1
-1
-1
-1
-1
-1
-1
-1
-1
6500
-1
-1
-1
-1
-1
-1
-1
-1
-1
-1
-1
-1
-1
-1
-1
-1
-1
-1
-1
-1
-1
-1
-1
-1
4424
-1
-1
-1
5799
-1
-1
-1
-1
-1
-1
-1
-1
-1
-1
-1
-1
-1
-1
7875
-1
-1
-1
-1
-1
-1
8873
-1
-1
-1
-1
-1
-1
-1
12957
-1
-1
-1
-1
-1
12555
-1
-1
11189
-1
4755
2069
-1
4271
-1
-1
-1
-1
-1
6066
-1
-1
-1
7470
-1
-1
13322
11262
13103
-1
-1
8091
-1
-1
-1
-1
-1
-1
-1
-1
-1
-1
-1
-1
-1
-1
10956
-1
-1
-1
-1
-1
-1
-1
-1
-1
-1
-1
-1
-1
-1
-1
-1
-1
-1
-1
5905
-1
-1
-1
-1
-1
-1
-1
-1
-1
-1
-1
-1
-1
-1
-1
-1
-1
-1
-1
-1
-1
-1
-1
-1
9788
-1
-1
-1
-1
-1
-1
-1
-1
-1
-1
-1
-1
-1
-1
-1
7400
-1
-1
8072
-1
-1
-1
-1
-1
-1
6651
-1
14230
-1
-1
-1
-1
-1
-1
-1
-1
-1
-1
-1
6796
-1
-1
-1
-1
-1
-1
-1
-1
-1
-1
-1
-1
1623
-1
-1
-1
-1
-1
13434
-1
-1
7241
-1
-1
-1
-1
-1
-1
-1
-1
-1
-1
-1
-1
-1
-1
-1
-1
-1
12272
-1
-1
-1
-1
-1
-1
-1
-1
-1
-1
-1
-1
-1
-1
-1
-1
-1
-1
-1
-1
-1
4588
-1
-1
-1
-1
-1
-1
-1
-1
-1
-1
-1
-1
-1
-1
13220
-1
-1
-1
-1
-1
-1
-1
10242
-1
-1
-1
-1
-1
-1
-1
-1
-1
-1
-1
-1
-1
-1
-1
-1
-1
-1
8774
-1
-1
-1
7903
-1
-1
-1
9012
-1
-1
-1
-1
-1
-1
-1
-1
-1
-1
-1
-1
-1
-1
-1
-1
-1
-1
-1
-1
-1
-1
-1
-1
-1
-1
-1
-1
5852
-1
-1
-1
-1
-1
-1
-1
-1
-1
-1
-1
-1
-1
14108
-1
-1
-1
604
-1
-1
-1
-1
-1
-1
-1
-1
-1
-1
-1
-1
12111
-1
-1
-1
-1
-1
-1
-1
-1
11978
7734
-1
-1
-1
-1
-1
-1
-1
-1
-1
-1
-1
-1
6941
-1
-1
-1
-1
-1
-1
-1
-1
-1
-1
-1
-1
-1
5737
-1
-1
-1
-1
-1
-1
-1
-1
-1
-1
-1
-1
-1
-1
-1
-1
-1
-1
2943
7919
-1
-1
-1
-1
-1
-1
-1
-1
-1
3162
-1
1973
15063
-1
-1
-1
10374
-1
-1
-1
-1
-1
11593
-1
-1
-1
-1
-1
-1
-1
-1
15459
-1
-1
-1
-1
3638
-1
11682
-1
-1
-1
-1
-1
-1
-1
-1
-1
-1
-1
-1
-1
-1
-1
-1
-1
-1
5120
-1
-1
11526
-1
-1
1204
-1
-1
12075
-1
-1
-1
8028
-1
-1
-1
-1
-1
-1
-1
-1
-1
-1
-1
-1
14279
11563
-1
-1
-1
-1
-1
4798
3397
-1
-1
-1
-1
-1
-1
-1
-1
-1
-1
-1
-1
-1
-1
8221
-1
-1
-1
-1
-1
-1
-1
-1
-1
13607
-1
-1
-1
-1
-1
-1
-1
-1
-1
-1
-1
-1
-1
-1
-1
-1
-1
-1
6630
-1
-1
-1
-1
-1
11833
-1
-1
-1
9017
-1
-1
11925
-1
-1
-1
12616
-1
-1
-1
-1
-1
-1
-1
-1
-1
-1
-1
-1
-1
-1
-1
-1
-1
-1
12543
-1
15357
-1
-1
-1
-1
-1
-1
-1
12361
-1
-1
-1
-1
5282
-1
15519
-1
-1
-1
-1
-1
-1
-1
-1
-1
-1
-1
-1
-1
-1
-1
-1
-1
-1
-1
-1
-1
-1
-1
-1
-1
-1
-1
-1
-1
9846
-1
-1
-1
-1
-1
10517
-1
-1
-1
-1
-1
-1
-1
-1
-1
-1
-1
11540
-1
-1
-1
12004
-1
-1
11064
-1
-1
-1
-1
-1
-1
-1
-1
-1
-1
-1
-1
-1
-1
-1
-1
-1
-1
-1
5256
10401
-1
-1
-1
-1
-1
-1
-1
-1
6566
-1
-1
-1
-1
10335
-1
-1
9795
-1
8062
-1
-1
-1
-1
-1
-1
-1
-1
-1
-1
-1
-1
-1
-1
-1
-1
-1
-1
9596
-1
11388
-1
-1
-1
-1
-1
-1
-1
-1
6364
12668
-1
12032
-1
-1
-1
-1
5939
10131
15510
-1
-1
-1
-1
-1
-1
-1
-1
-1
-1
-1
-1
-1
-1
-1
-1
-1
-1
-1
-1
-1
-1
15368
10263
6206
-1
-1
-1
-1
-1
-1
-1
-1
-1
-1
-1
-1
-1
-1
-1
-1
-1
-1
-1
-1
-1
-1
-1
-1
-1
-1
-1
-1
-1
8873
5546
-1
-1
-1
6358
-1
8448
-1
-1
-1
4564
-1
-1
-1
-1
-1
-1
-1
-1
13408
-1
-1
-1
-1
-1
-1
-1
-1
-1
-1
8259
-1
-1
-1
-1
-1
-1
-1
-1
12632
-1
-1
-1
-1
14479
-1
-1
-1
-1
-1
-1
10058
-1
-1
2794
-1
-1
-1
-1
-1
9765
-1
-1
6465
-1
-1
-1
-1
-1
-1
-1
-1
-1
-1
14460
-1
-1
3279
-1
-1
-1
-1
-1
-1
-1
-1
-1
-1
-1
-1
-1
-1
-1
-1
-1
-1
-1
-1
-1
-1
303
-1
13195
-1
-1
-1
8587
-1
-1
-1
-1
-1
-1
13043
-1
-1
-1
-1
-1
-1
-1
-1
-1
-1
12264
-1
-1
-1
-1
11077
-1
-1
-1
-1
-1
9865
-1
-1
11200
-1
-1
11705
-1
13773
-1
4328
-1
-1
-1
-1
-1
-1
-1
-1
15122
7634
-1
-1
-1
-1
5824
-1
-1
-1
-1
-1
12211
-1
-1
-1
-1
-1
-1
-1
8551
-1
-1
-1
-1
-1
-1
-1
-1
12556
-1
-1
-1
-1
-1
-1
-1
-1
-1
-1
-1
-1
-1
-1
12702
-1
-1
-1
-1
-1
-1
-1
-1
-1
-1
-1
-1
-1
-1
-1
7698
-1
-1
12912
-1
-1
-1
-1
-1
-1
6390
-1
-1
-1
11164
-1
-1
-1
-1
-1
-1
-1
-1
-1
-1
-1
-1
-1
-1
-1
-1
-1
-1
-1
-1
-1
-1
-1
-1
-1
-1
-1
-1
-1
-1
-1
14886
-1
3428
-1
-1
-1
-1
-1
8787
-1
8673
-1
-1
-1
-1
-1
-1
-1
-1
-1
-1
-1
5669
-1
-1
-1
10245
-1
14931
5455
-1
-1
-1
-1
-1
-1
-1
-1
-1
-1
4920
-1
-1
-1
-1
-1
-1
-1
-1
-1
-1
-1
-1
-1
-1
-1
-1
-1
-1
-1
-1
-1
-1
-1
-1
14496
-1
9573
-1
-1
-1
-1
-1
2471
-1
-1
-1
-1
-1
-1
-1
12834
-1
-1
-1
-1
-1
-1
-1
-1
-1
-1
-1
-1
-1
-1
-1
-1
-1
5496
14133
-1
-1
-1
-1
-1
9137
-1
-1
-1
11958
-1
-1
-1
12561
-1
-1
-1
-1
-1
-1
-1
11148
-1
-1
-1
-1
-1
-1
-1
-1
-1
10908
-1
-1
-1
-1
-1
-1
-1
-1
-1
-1
-1
-1
-1
13482
-1
-1
-1
-1
-1
-1
-1
-1
-1
-1
-1
-1
-1
7635
-1
-1
-1
-1
-1
13851
-1
-1
-1
-1
-1
-1
-1
-1
-1
-1
-1
-1
-1
-1
-1
-1
-1
-1
-1
-1
7796
-1
-1
7117
-1
-1
11419
-1
-1
-1
-1
-1
-1
-1
-1
-1
-1
-1
-1
-1
-1
-1
11654
-1
-1
-1
-1
-1
-1
-1
-1
-1
-1
-1
-1
-1
-1
-1
-1
-1
-1
11806
-1
-1
8484
-1
11196
-1
-1
-1
-1
-1
-1
-1
-1
-1
-1
-1
-1
-1
-1
-1
-1
-1
-1
-1
11766
-1
-1
-1
-1
-1
-1
-1
-1
-1
-1
-1
-1
-1
12727
-1
-1
-1
-1
-1
13215
-1
12331
-1
-1
-1
-1
-1
-1
-1
-1
-1
-1
-1
8234
10027
-1
-1
-1
-1
-1
-1
-1
-1
-1
-1
-1
-1
-1
-1
-1
-1
-1
-1
14275
-1
-1
-1
-1
-1
-1
7651
-1
-1
-1
-1
-1
-1
-1
-1
-1
-1
5281
-1
-1
-1
-1
-1
-1
-1
13762
-1
-1
-1
-1
9813
-1
-1
-1
-1
-1
-1
-1
-1
-1
-1
-1
-1
-1
-1
-1
-1
-1
-1
-1
-1
-1
-1
-1
-1
-1
-1
-1
-1
-1
-1
-1
-1
14748
-1
-1
-1
1598
-1
-1
-1
-1
-1
-1
-1
-1
-1
-1
-1
-1
-1
8474
-1
-1
-1
-1
5190
-1
13565
-1
-1
-1
-1
-1
-1
-1
-1
-1
-1
-1
-1
-1
-1
-1
-1
-1
-1
-1
-1
-1
-1
-1
-1
-1
-1
-1
-1
-1
-1
10605
7876
-1
-1
-1
-1
-1
-1
-1
-1
13280
-1
-1
-1
-1
-1
8943
-1
-1
-1
15270
-1
-1
-1
9498
-1
-1
-1
-1
-1
-1
-1
-1
13748
-1
-1
-1
-1
-1
-1
14813
-1
-1
-1
-1
-1
-1
-1
-1
-1
-1
-1
-1
-1
-1
-1
-1
-1
9689
-1
-1
-1
-1
8650
-1
-1
-1
7175
-1
-1
-1
-1
-1
-1
-1
-1
-1
-1
-1
15342
-1
-1
-1
-1
-1
-1
7205
-1
-1
-1
-1
6938
10060
6458
-1
-1
-1
-1
11304
-1
-1
-1
-1
-1
-1
-1
-1
-1
-1
-1
-1
-1
4925
-1
-1
-1
15247
-1
-1
-1
-1
-1
-1
-1
-1
13304
-1
-1
-1
-1
-1
-1
-1
-1
-1
-1
-1
-1
-1
-1
-1
-1
-1
-1
8418
-1
-1
8101
11075
-1
-1
-1
-1
-1
7461
-1
-1
-1
-1
-1
10951
14386
-1
-1
-1
-1
-1
-1
11651
-1
-1
-1
13047
-1
-1
-1
-1
-1
-1
-1
-1
13748
13975
-1
-1
-1
-1
-1
-1
-1
485
1545
-1
7413
12798
-1
8752
-1
-1
-1
-1
9589
-1
-1
-1
-1
-1
-1
-1
-1
-1
-1
-1
-1
-1
-1
-1
-1
-1
-1
11967
5948
-1
14243
13551
-1
-1
-1
-1
-1
-1
-1
-1
-1
-1
-1
-1
-1
-1
-1
-1
-1
-1
-1
-1
-1
-1
-1
-1
2471
-1
-1
-1
-1
-1
-1
-1
-1
9312
-1
-1
-1
-1
-1
-1
-1
-1
-1
-1
-1
-1
-1
-1
-1
-1
14450
-1
13915
-1
-1
5653
-1
-1
-1
-1
-1
-1
-1
-1
-1
-1
-1
-1
-1
-1
-1
-1
-1
-1
-1
-1
-1
-1
-1
-1
11581
5308
-1
7698
-1
-1
-1
-1
-1
-1
4709
-1
-1
-1
-1
-1
-1
-1
-1
-1
-1
-1
-1
9508
-1
-1
-1
8896
-1
-1
-1
-1
-1
-1
-1
-1
-1
-1
-1
-1
-1
-1
-1
-1
13755
-1
-1
-1
-1
-1
-1
-1
-1
-1
-1
-1
-1
-1
-1
-1
-1
-1
-1
-1
-1
-1
-1
-1
-1
-1
-1
-1
-1
-1
-1
-1
10817
-1
-1
-1
-1
14797
-1
-1
-1
-1
-1
-1
-1
-1
-1
-1
-1
-1
8583
8727
-1
-1
7642
-1
-1
-1
-1
-1
-1
-1
-1
-1
-1
-1
-1
-1
8452
-1
-1
9893
-1
-1
-1
-1
-1
-1
-1
-1
-1
-1
-1
-1
-1
10867
-1
-1
-1
-1
-1
-1
6534
-1
-1
-1
11133
-1
-1
-1
-1
-1
-1
8079
5129
-1
-1
10951
-1
-1
-1
-1
-1
-1
-1
-1
-1
-1
-1
-1
-1
-1
-1
-1
-1
7072
-1
9393
-1
-1
-1
-1
-1
-1
-1
14010
-1
-1
14439
-1
-1
-1
-1
-1
-1
-1
10683
-1
-1
-1
-1
-1
-1
-1
-1
-1
-1
-1
-1
2585
-1
-1
5474
-1
4550
7706
13396
-1
-1
-1
-1
-1
-1
-1
-1
-1
14425
-1
-1
-1
-1
-1
12730
-1
-1
11253
-1
-1
-1
-1
-1
-1
-1
-1
-1
-1
-1
15229
14978
-1
-1
-1
-1
-1
-1
-1
11066
-1
-1
13548
-1
-1
-1
-1
-1
-1
-1
-1
-1
-1
14168
-1
-1
-1
-1
-1
-1
4580
-1
-1
-1
-1
-1
-1
-1
-1
-1
-1
-1
10350
11332
-1
-1
-1
-1
-1
-1
-1
-1
-1
-1
-1
-1
-1
-1
-1
-1
-1
-1
-1
-1
12819
-1
10730
-1
5572
-1
-1
15470
-1
-1
-1
-1
1448
-1
-1
-1
-1
-1
-1
15271
-1
-1
-1
-1
-1
-1
3987
-1
-1
-1
-1
13015
-1
-1
-1
-1
-1
-1
-1
14927
-1
-1
-1
-1
-1
-1
-1
-1
7870
-1
-1
-1
-1
-1
-1
-1
-1
-1
-1
-1
-1
-1
-1
-1
-1
-1
-1
-1
-1
-1
-1
-1
-1
5111
-1
-1
-1
-1
-1
-1
13243
1444
-1
-1
-1
-1
-1
-1
-1
7126
-1
-1
-1
-1
-1
-1
-1
-1
-1
-1
11620
4508
14780
-1
-1
-1
-1
-1
-1
5237
-1
-1
-1
-1
-1
-1
-1
7620
-1
-1
-1
-1
-1
-1
6156
-1
-1
-1
-1
-1
-1
-1
-1
-1
-1
-1
-1
14375
-1
-1
-1
-1
-1
-1
-1
-1
-1
-1
6237
-1
-1
-1
-1
11836
-1
-1
-1
-1
-1
-1
11950
-1
-1
-1
-1
-1
15143
6830
-1
-1
-1
6078
14813
-1
-1
-1
-1
-1
-1
-1
-1
-1
-1
-1
-1
-1
-1
-1
-1
-1
-1
-1
5608
-1
-1
-1
-1
-1
5542
-1
-1
-1
-1
10046
-1
-1
-1
-1
-1
-1
-1
-1
-1
10769
-1
13218
-1
-1
-1
-1
-1
-1
-1
-1
-1
-1
-1
8943
-1
-1
-1
-1
3026
14158
-1
-1
4514
-1
-1
13997
-1
-1
-1
-1
-1
-1
-1
-1
-1
-1
-1
-1
-1
-1
-1
-1
-1
-1
8435
-1
-1
-1
-1
-1
-1
8302
-1
-1
-1
-1
-1
-1
-1
-1
-1
-1
9479
-1
-1
-1
9849
-1
-1
6990
-1
-1
-1
-1
-1
-1
-1
-1
-1
-1
-1
-1
-1
-1
-1
-1
-1
15238
-1
-1
14849
-1
-1
11012
-1
-1
-1
-1
-1
-1
-1
-1
-1
-1
8760
-1
-1
-1
-1
-1
-1
-1
-1
-1
-1
-1
-1
-1
11158
-1
-1
2565
8587
-1
-1
-1
-1
-1
-1
-1
14901
-1
-1
-1
-1
-1
-1
-1
6533
-1
1876
-1
10890
-1
-1
-1
12998
-1
-1
-1
-1
-1
-1
-1
-1
-1
-1
-1
-1
-1
-1
-1
-1
-1
-1
-1
-1
-1
-1
-1
-1
-1
-1
-1
-1
-1
-1
-1
-1
11572
-1
-1
-1
-1
-1
-1
-1
-1
-1
-1
-1
-1
-1
-1
-1
-1
-1
-1
-1
-1
-1
-1
12027
13231
-1
-1
-1
-1
-1
-1
-1
-1
-1
5531
-1
-1
-1
-1
-1
-1
11229
-1
-1
-1
-1
-1
-1
-1
-1
13607
-1
-1
-1
13178
-1
-1
-1
-1
-1
-1
-1
1448
13750
-1
-1
-1
-1
-1
-1
12697
-1
14757
-1
-1
-1
-1
-1
-1
-1
-1
-1
13400
-1
-1
-1
-1
-1
-1
-1
-1
-1
-1
-1
-1
-1
-1
-1
-1
-1
6269
-1
-1
-1
-1
-1
7096
4730
-1
-1
-1
-1
-1
-1
-1
-1
-1
-1
-1
-1
-1
-1
-1
-1
-1
-1
10735
-1
-1
13156
-1
-1
-1
-1
-1
-1
-1
-1
-1
-1
-1
-1
-1
-1
-1
-1
-1
-1
-1
-1
-1
-1
-1
-1
4824
-1
-1
-1
6920
4672
-1
-1
-1
-1
-1
-1
-1
-1
-1
-1
-1
11617
-1
-1
6813
-1
4122
-1
-1
-1
-1
-1
-1
-1
-1
-1
-1
-1
-1
-1
-1
14268
-1
-1
-1
-1
-1
11819
-1
6536
-1
-1
9138
-1
-1
-1
12580
6194
-1
-1
-1
-1
-1
-1
-1
-1
-1
-1
-1
6163
-1
-1
-1
15099
-1
-1
-1
-1
-1
-1
-1
-1
-1
-1
3414
-1
4476
-1
-1
-1
-1
-1
13861
-1
-1
-1
-1
-1
-1
-1
7114
-1
-1
5156
7514
11267
-1
-1
-1
-1
11953
-1
-1
-1
-1
14465
-1
-1
-1
-1
-1
-1
-1
15509
-1
-1
-1
-1
-1
-1
15462
-1
-1
-1
-1
-1
-1
-1
-1
-1
-1
-1
-1
-1
-1
-1
-1
-1
-1
-1
-1
-1
-1
-1
-1
-1
-1
-1
-1
-1
10627
-1
8012
5733
8883
-1
-1
-1
-1
12814
-1
6538
-1
-1
-1
7707
-1
-1
-1
-1
-1
-1
-1
-1
-1
-1
-1
-1
-1
-1
-1
-1
-1
-1
-1
-1
-1
-1
-1
-1
-1
-1
-1
-1
-1
-1
-1
-1
-1
-1
-1
-1
-1
-1
-1
-1
-1
-1
-1
-1
-1
-1
-1
-1
5176
-1
-1
15528
-1
-1
9982
-1
-1
-1
-1
-1
-1
-1
7970
-1
-1
3798
-1
-1
-1
-1
13334
9292
-1
-1
10035
-1
-1
-1
-1
-1
-1
-1
-1
-1
-1
-1
-1
15286
-1
-1
-1
-1
-1
6470
-1
-1
-1
-1
-1
9565
-1
-1
15025
-1
-1
-1
-1
13819
12287
-1
-1
-1
-1
-1
-1
-1
-1
-1
5669
-1
-1
-1
-1
-1
-1
-1
-1
7498
-1
-1
-1
-1
12602
-1
-1
14167
-1
-1
-1
12653
-1
-1
-1
-1
-1
-1
-1
-1
-1
-1
14403
-1
-1
-1
-1
-1
-1
-1
-1
-1
-1
-1
-1
8481
-1
-1
-1
14782
-1
-1
-1
-1
-1
-1
-1
-1
-1
-1
-1
-1
-1
-1
-1
-1
-1
-1
-1
-1
-1
-1
-1
-1
-1
-1
-1
-1
-1
-1
-1
14595
-1
-1
-1
-1
-1
-1
-1
-1
-1
-1
-1
-1
-1
-1
-1
13058
-1
-1
-1
-1
11726
-1
-1
-1
-1
2585
-1
-1
-1
-1
-1
-1
9340
6564
-1
-1
-1
-1
-1
-1
-1
12963
-1
4446
-1
-1
-1
-1
-1
4609
-1
-1
-1
-1
-1
-1
-1
-1
-1
-1
-1
-1
-1
-1
-1
-1
14843
-1
-1
-1
-1
-1
-1
-1
-1
5188
-1
-1
9862
-1
-1
-1
-1
-1
-1
-1
-1
-1
-1
-1
-1
-1
-1
10222
-1
12076
-1
-1
-1
-1
-1
14275
-1
-1
-1
13861
-1
-1
-1
-1
-1
-1
-1
-1
-1
-1
-1
-1
-1
-1
11912
-1
-1
-1
-1
-1
-1
-1
-1
-1
-1
-1
-1
-1
-1
-1
-1
-1
-1
-1
-1
-1
-1
11442
5163
-1
12269
9007
-1
-1
-1
-1
-1
-1
-1
-1
-1
-1
-1
-1
-1
-1
-1
-1
-1
-1
-1
-1
-1
-1
-1
-1
-1
-1
-1
-1
-1
-1
-1
-1
-1
-1
-1
-1
11646
-1
-1
9541
-1
-1
-1
-1
11700
-1
-1
-1
-1
-1
-1
-1
-1
-1
-1
-1
-1
-1
-1
-1
-1
-1
-1
-1
-1
-1
-1
-1
-1
-1
-1
-1
-1
-1
-1
-1
-1
8668
7752
-1
-1
15501
-1
2471
-1
-1
-1
-1
-1
-1
-1
-1
-1
-1
-1
-1
-1
-1
-1
-1
-1
14234
-1
-1
14119
-1
-1
-1
-1
-1
-1
-1
-1
-1
-1
-1
-1
-1
-1
-1
-1
-1
-1
-1
-1
-1
-1
-1
-1
7862
-1
9986
-1
-1
-1
-1
-1
-1
-1
-1
-1
11950
-1
-1
-1
-1
-1
-1
-1
-1
-1
-1
-1
-1
-1
-1
-1
-1
-1
-1
-1
-1
-1
14044
-1
-1
-1
-1
-1
-1
-1
10721
-1
-1
-1
-1
-1
-1
-1
-1
5165
-1
-1
-1
-1
-1
13177
-1
-1
-1
-1
-1
-1
9924
-1
15361
-1
-1
12427
-1
-1
-1
-1
9651
-1
-1
6686
-1
-1
-1
-1
-1
8688
-1
-1
4903
-1
-1
-1
-1
-1
-1
-1
-1
-1
-1
-1
2631
-1
-1
-1
-1
-1
-1
7151
13127
13752
-1
-1
-1
-1
-1
-1
-1
-1
-1
-1
-1
-1
-1
-1
-1
-1
-1
-1
-1
-1
-1
-1
-1
-1
-1
-1
-1
11077
-1
-1
13340
-1
-1
-1
-1
6582
-1
-1
-1
-1
10324
-1
-1
-1
-1
-1
-1
-1
-1
-1
-1
-1
11028
-1
-1
-1
-1
-1
-1
10342
-1
-1
-1
13849
-1
-1
-1
-1
-1
-1
-1
-1
-1
-1
2747
-1
-1
-1
-1
5361
-1
-1
-1
-1
-1
-1
-1
15405
-1
-1
-1
-1
-1
-1
-1
-1
-1
-1
-1
-1
-1
-1
-1
-1
-1
-1
-1
-1
-1
13997
-1
-1
-1
-1
-1
-1
-1
-1
-1
-1
-1
-1
-1
-1
-1
-1
-1
-1
-1
-1
-1
-1
-1
-1
-1
-1
-1
-1
-1
-1
-1
-1
-1
-1
13628
-1
-1
-1
-1
-1
-1
-1
1745
-1
-1
-1
-1
-1
-1
-1
-1
-1
-1
9980
-1
-1
5083
-1
-1
-1
-1
-1
-1
-1
-1
-1
-1
-1
-1
-1
-1
-1
-1
-1
-1
-1
-1
-1
-1
9554
-1
-1
-1
14073
9811
-1
-1
-1
-1
-1
-1
-1
-1
-1
-1
-1
14075
-1
-1
9959
-1
-1
-1
12700
-1
-1
14680
-1
-1
-1
-1
-1
-1
10827
-1
-1
-1
-1
-1
14729
-1
-1
-1
-1
-1
-1
-1
-1
-1
-1
-1
-1
-1
-1
-1
-1
-1
-1
-1
-1
-1
-1
-1
-1
-1
-1
-1
3674
-1
-1
-1
-1
-1
-1
-1
-1
-1
-1
-1
-1
-1
-1
-1
-1
-1
-1
-1
-1
-1
-1
-1
-1
-1
-1
3384
-1
-1
-1
-1
-1
11649
-1
-1
-1
-1
10959
-1
-1
-1
-1
-1
-1
-1
-1
-1
15168
-1
-1
-1
-1
-1
-1
-1
12404
-1
-1
-1
-1
12625
-1
4811
-1
-1
-1
6948
-1
-1
-1
9766
-1
-1
-1
-1
-1
-1
-1
-1
-1
-1
8516
-1
14276
-1
-1
-1
-1
-1
-1
-1
-1
-1
-1
-1
-1
-1
-1
-1
8703
-1
-1
-1
-1
-1
12048
-1
-1
-1
-1
-1
-1
-1
-1
-1
-1
-1
-1
-1
6542
-1
-1
-1
-1
-1
-1
-1
-1
-1
-1
-1
-1
9917
-1
-1
-1
-1
-1
-1
-1
-1
-1
-1
-1
13222
-1
12789
-1
-1
-1
-1
-1
-1
-1
-1
-1
-1
-1
13188
-1
-1
-1
-1
1070
-1
-1
-1
-1
-1
-1
9380
-1
-1
15467
-1
-1
9124
-1
-1
-1
-1
-1
-1
-1
-1
1151
-1
-1
-1
-1
6704
-1
-1
-1
-1
-1
-1
-1
-1
-1
-1
-1
-1
-1
-1
-1
-1
-1
-1
13188
-1
-1
-1
-1
-1
-1
-1
-1
-1
-1
-1
-1
12225
-1
-1
-1
-1
-1
-1
-1
-1
-1
12748
-1
-1
-1
-1
-1
-1
-1
-1
-1
-1
-1
-1
-1
-1
-1
-1
-1
-1
-1
-1
-1
-1
-1
-1
-1
-1
-1
-1
14757
-1
-1
10263
-1
-1
-1
10319
-1
-1
-1
-1
-1
9878
-1
-1
-1
-1
-1
-1
-1
-1
-1
-1
-1
-1
-1
-1
-1
-1
-1
7488
11791
7375
-1
-1
-1
-1
-1
13004
-1
-1
-1
-1
-1
-1
-1
-1
-1
-1
-1
-1
-1
-1
-1
-1
-1
-1
-1
-1
-1
-1
-1
-1
-1
-1
-1
-1
12708
-1
-1
-1
11545
-1
-1
-1
14423
-1
-1
-1
-1
-1
-1
-1
-1
-1
-1
-1
-1
12182
-1
-1
-1
-1
-1
14886
-1
-1
-1
-1
-1
12115
-1
-1
-1
-1
6697
-1
-1
-1
-1
-1
-1
-1
-1
13318
-1
-1
10735
-1
-1
-1
-1
-1
-1
-1
-1
-1
-1
-1
-1
-1
-1
-1
12202
-1
-1
-1
-1
-1
-1
-1
-1
-1
-1
-1
-1
-1
-1
11980
-1
-1
-1
-1
2806
-1
8969
-1
-1
-1
-1
-1
-1
-1
-1
-1
-1
-1
-1
-1
-1
-1
-1
-1
-1
-1
-1
-1
11471
-1
-1
-1
13283
-1
-1
-1
-1
-1
-1
-1
-1
-1
-1
-1
-1
-1
-1
-1
-1
9213
-1
-1
8368
-1
-1
-1
-1
-1
-1
-1
-1
14253
12985
-1
-1
-1
-1
-1
13918
-1
-1
-1
-1
-1
-1
-1
-1
-1
-1
-1
-1
-1
10517
-1
-1
-1
-1
8669
-1
-1
-1
-1
15386
-1
8101
-1
-1
11844
-1
-1
-1
-1
-1
15207
-1
-1
13504
-1
-1
-1
-1
-1
-1
-1
-1
-1
-1
-1
-1
-1
-1
-1
-1
-1
15199
-1
-1
-1
-1
-1
-1
-1
-1
-1
-1
-1
-1
-1
-1
-1
-1
-1
-1
7968
-1
-1
-1
-1
-1
-1
-1
-1
-1
-1
-1
7383
-1
8643
-1
-1
-1
-1
-1
-1
-1
-1
9183
-1
-1
-1
-1
-1
-1
-1
-1
-1
-1
-1
-1
-1
-1
-1
-1
-1
-1
-1
-1
-1
-1
-1
-1
-1
-1
12198
-1
-1
-1
-1
-1
-1
-1
-1
-1
-1
-1
-1
-1
-1
-1
-1
12220
-1
-1
-1
-1
-1
-1
15082
-1
-1
-1
-1
-1
-1
-1
-1
-1
-1
12107
-1
1937
-1
-1
-1
-1
-1
-1
-1
-1
-1
-1
12500
-1
12659
-1
-1
-1
-1
-1
10848
-1
9760
-1
-1
-1
14375
-1
-1
-1
-1
15392
-1
-1
-1
-1
-1
-1
-1
-1
-1
-1
-1
-1
-1
-1
-1
-1
-1
-1
-1
-1
-1
-1
-1
-1
-1
-1
-1
-1
-1
-1
-1
-1
-1
-1
-1
-1
-1
-1
-1
-1
7550
-1
5667
-1
-1
-1
-1
-1
11612
-1
-1
-1
11240
-1
-1
-1
-1
-1
-1
-1
-1
-1
-1
-1
-1
10459
-1
-1
-1
-1
-1
-1
-1
-1
-1
11801
-1
-1
-1
-1
-1
-1
-1
-1
-1
-1
-1
-1
-1
-1
-1
12179
-1
-1
-1
14873
-1
8063
-1
-1
11725
-1
8676
-1
2328
5107
-1
-1
-1
-1
-1
-1
-1
-1
-1
-1
-1
-1
-1
13218
-1
-1
-1
-1
-1
-1
-1
10914
-1
3699
-1
-1
14001
-1
-1
-1
-1
-1
-1
3866
-1
-1
-1
-1
-1
-1
-1
-1
13870
-1
-1
-1
-1
-1
12380
-1
-1
-1
-1
-1
-1
-1
-1
10494
-1
-1
-1
-1
-1
-1
-1
-1
-1
-1
-1
-1
-1
-1
-1
-1
-1
-1
-1
-1
-1
-1
-1
-1
-1
13072
-1
-1
10167
-1
-1
-1
-1
-1
-1
-1
-1
-1
-1
-1
-1
-1
-1
-1
-1
-1
-1
6407
-1
-1
11965
-1
-1
-1
13175
-1
-1
-1
-1
-1
-1
-1
-1
-1
-1
-1
-1
-1
-1
10627
-1
-1
-1
-1
-1
-1
-1
-1
-1
-1
-1
-1
-1
-1
-1
-1
-1
-1
-1
-1
-1
-1
-1
13601
-1
-1
-1
-1
7362
-1
-1
-1
9246
-1
-1
-1
-1
-1
-1
-1
-1
-1
-1
-1
-1
-1
-1
-1
12266
1684
-1
-1
-1
-1
-1
-1
-1
-1
-1
-1
-1
-1
8933
-1
-1
-1
-1
12634
-1
-1
-1
-1
-1
-1
-1
-1
-1
15445
-1
-1
-1
-1
-1
12753
-1
13942
-1
-1
-1
-1
-1
-1
-1
-1
12157
-1
-1
-1
-1
-1
-1
-1
-1
-1
-1
-1
-1
-1
14751
-1
-1
-1
-1
-1
-1
-1
-1
-1
-1
-1
-1
-1
2750
-1
-1
-1
-1
-1
-1
-1
-1
-1
-1
7583
-1
-1
-1
-1
-1
-1
-1
-1
9896
-1
-1
-1
-1
-1
-1
-1
-1
-1
-1
-1
-1
-1
-1
14506
-1
-1
-1
-1
-1
-1
-1
-1
-1
-1
-1
-1
-1
-1
-1
-1
-1
-1
12991
-1
-1
-1
12390
-1
14403
-1
-1
-1
-1
-1
6704
3536
-1
-1
-1
11434
-1
-1
-1
-1
-1
-1
-1
-1
-1
-1
-1
-1
-1
-1
10803
-1
-1
-1
-1
-1
-1
-1
-1
-1
-1
10468
-1
-1
9818
-1
-1
-1
-1
-1
-1
-1
-1
-1
-1
-1
-1
-1
-1
-1
-1
-1
-1
-1
-1
-1
-1
7743
-1
-1
-1
9488
-1
7863
-1
-1
-1
-1
-1
-1
-1
-1
-1
5083
-1
-1
-1
-1
-1
-1
-1
-1
-1
-1
-1
-1
-1
-1
8904
-1
-1
-1
9095
-1
-1
-1
-1
-1
-1
-1
-1
-1
-1
-1
-1
-1
-1
3103
-1
-1
-1
-1
-1
-1
13651
-1
-1
-1
-1
-1
-1
-1
11977
-1
-1
-1
-1
-1
-1
-1
2565
7403
-1
4575
13193
-1
-1
-1
-1
-1
-1
-1
-1
-1
-1
-1
-1
-1
-1
-1
-1
-1
-1
-1
-1
-1
-1
-1
-1
-1
-1
-1
-1
9621
-1
-1
-1
-1
14696
-1
-1
5718
-1
-1
-1
-1
-1
-1
-1
-1
-1
-1
-1
-1
-1
-1
-1
-1
9730
-1
-1
-1
-1
-1
-1
-1
-1
-1
-1
-1
-1
-1
-1
-1
-1
-1
-1
-1
-1
-1
-1
-1
-1
-1
-1
-1
-1
-1
-1
-1
-1
-1
-1
-1
-1
-1
-1
12904
-1
13241
-1
-1
-1
-1
-1
-1
-1
13970
-1
-1
-1
-1
7466
-1
-1
-1
-1
14523
-1
-1
-1
15329
-1
-1
-1
-1
-1
-1
-1
-1
-1
-1
11302
-1
-1
-1
10371
-1
-1
-1
-1
-1
-1
-1
-1
-1
-1
-1
-1
-1
-1
-1
-1
-1
-1
-1
-1
-1
-1
-1
6845
-1
-1
-1
-1
-1
-1
-1
-1
-1
-1
-1
-1
-1
-1
5390
-1
-1
-1
-1
-1
-1
-1
-1
4685
12824
-1
-1
-1
-1
12952
-1
-1
-1
-1
-1
-1
-1
-1
-1
-1
-1
-1
-1
-1
-1
-1
-1
-1
-1
-1
5948
-1
-1
8693
-1
-1
-1
-1
-1
-1
-1
-1
7244
-1
-1
-1
-1
-1
-1
-1
-1
-1
-1
-1
-1
-1
-1
-1
-1
-1
-1
-1
-1
-1
-1
4283
-1
-1
-1
-1
-1
-1
-1
-1
10473
-1
-1
-1
11984
-1
-1
-1
-1
-1
-1
-1
-1
13255
-1
7469
-1
-1
-1
-1
-1
-1
9875
-1
-1
9395
5101
-1
-1
-1
-1
-1
-1
13903
-1
15306
-1
-1
-1
-1
-1
-1
9214
-1
-1
-1
-1
-1
-1
-1
-1
-1
-1
-1
-1
-1
-1
15229
-1
-1
-1
-1
-1
-1
-1
-1
-1
-1
-1
-1
-1
-1
-1
-1
-1
-1
-1
-1
13514
4385
-1
-1
-1
-1
-1
-1
-1
-1
-1
-1
-1
-1
-1
-1
-1
-1
-1
-1
-1
-1
-1
-1
9538
-1
-1
-1
-1
-1
-1
-1
-1
-1
-1
-1
-1
10914
-1
6053
-1
-1
-1
-1
-1
-1
-1
-1
-1
-1
-1
-1
-1
-1
15294
-1
-1
3356
-1
-1
-1
-1
-1
-1
-1
-1
-1
-1
-1
-1
-1
-1
-1
-1
-1
13608
-1
-1
-1
-1
-1
-1
-1
13755
9057
-1
-1
9083
-1
-1
-1
-1
-1
-1
-1
2615
-1
-1
-1
-1
-1
5651
5762
-1
9333
-1
-1
-1
-1
-1
-1
-1
-1
-1
-1
-1
-1
12523
-1
-1
-1
-1
-1
5058
-1
-1
-1
-1
-1
-1
5976
-1
-1
-1
-1
7377
-1
-1
-1
-1
-1
-1
-1
