78
104
361
89
213
423
80
4126
68
146
116
64
321
72
441
279
52
57
163
239
172
169
74
72
87
105
442
61
127
71
190
140
128
82
229
139
72
649
560
80
76
71
54
84
67
56
695
167
167
227
87
265
50
180
162
87
50
86
286
190
56
72
397
80
100
91
75
110
83
68
573
94
196
195
71
57
61
138
646
47
121
113
50
65
99
54
265
234
70
80
103
81
89
66
108
81
577
47
79
62
69
132
149
46
52
63
143
60
550
151
64
181
93
98
297
49
173
125
283
907
93
92
64
74
115
460
244
71
172
82
123
143
174
4579
74
88
299
181
88
179
96
173
53
87
66
66
81
293
189
122
63
112
132
95
1988
80
175
65
80
495
184
110
75
59
99
473
74
99
141
180
535
80
54
90
755
179
79
51
85
161
49
158
1072
53
60
95
72
49
262
42
99
66
96
164
119
495
105
53
123
171
95
84
107
69
389
211
339
447
238
62
69
61
41
62
275
170
6142
196
91
130
100
63
58
71
59
590
196
77
58
62
141
106
97
188
91
46
66
72
62
62
11404
308
88
1213
1374
90
1274
201
53
85
903
128
378
958
142
165
77
53
823
112
104
47
625
819
101
143
80
51
926
118
140
193
55
106
111
826
94
108
117
179
243
405
174
87
66
93
70
54
67
142
339
447
270
156
61
96
133
78
192
59
101
145
75
93
89
90
101
49
76
63
77
119
61
131
53
608
163
89
75
91
71
153
93
141
79
252
102
85
58
83
1800
93
270
66
664
91
41
103
139
59
376
82
75
77
165
99
145
102
518
9021
88
249
143
136
110
60
79
78
93
106
49
77
53
74
358
67
71
72
490
94
73
311
73
69
88
98
76
577
101
128
1000
302
313
211
264
299
690
249
6847
113
79
49
76
200
383
115
71
75
1442
100
52
75
81
146
82
63
80
93
56
75
4272
262
76
1240
477
519
104
68
83
95
198
64
98
106
173
90
69
44
169
182
66
47
53
1645
136
84
55
137
50
62
146
613
77
519
83
