09000027 01000001 45 success
09000045 01000004 56 success
09000023 01000002 80 success
09000011 01000003 23 success
09000045 01000005 24 success
09000049 01000006 89 success
09000002 01000007 77 success
09000028 01000010 33 success
09000021 01000008 100 success
09000004 01000009 16 success
09000045 01000013 73 success
09000011 01000011 45 success
09000024 01000014 41 success
09000039 01000015 9 success
09000046 01000012 7 success
09000018 01000017 4 success
09000037 01000016 12 success
09000020 01000018 5 success
09000022 01000019 71 success
09000026 01000020 77 success
09000009 01000021 6 success
09000024 01000022 10 success
09000031 01000023 54 success
09000011 01000024 73 success
09000016 01000027 84 success
09000025 01000025 32 success
09000046 01000028 26 success
09000029 01000026 22 success
09000003 01000029 91 success
09000029 01000030 90 success
09000028 01000031 59 success
09000032 01000032 31 success
09000026 01000034 8 success
09000004 01000033 97 success
09000020 01000035 40 success
09000024 01000036 88 success
09000007 01000038 93 success
09000024 01000037 77 success
09000024 01000039 82 success
09000043 01000040 55 success
09000011 01000041 8 success
09000049 01000042 48 success
09000009 01000043 59 success
09000029 01000044 31 success
09000007 01000047 19 success
09000046 01000045 86 success
09000042 01000046 35 success
09000006 01000048 66 success
09000038 01000049 6 success
09000047 01000050 14 success
09000040 01000051 53 success
09000003 01000052 100 success
09000025 01000053 51 success
09000022 01000054 18 success
09000023 01000055 74 success
09000042 01000056 80 success
09000008 01000057 49 success
09000008 01000058 62 success
09000050 01000059 91 success
09000019 01000060 2 success
09000015 01000061 12 success
09000031 01000062 74 success
09000033 01000063 1 success
09000047 01000064 77 success
