09000049 01000001 27 success
09000006 01000003 19 success
09000002 01000002 62 failure
09000044 01000006 58 failure
09000009 01000005 74 failure
09000050 01000004 89 failure
09000049 01000008 31 failure
09000016 01000009 94 failure
09000037 01000012 38 failure
09000048 01000007 70 failure
09000030 01000010 27 failure
09000012 01000011 55 failure
09000033 01000013 20 failure
09000031 01000014 88 failure
09000014 01000017 43 failure
09000048 01000015 55 failure
09000045 01000016 24 failure
09000024 01000018 3 failure
09000017 01000019 69 failure
09000021 01000021 98 failure
09000042 01000022 26 failure
09000023 01000020 23 failure
09000042 01000024 93 failure
09000017 01000023 55 failure
09000039 01000025 44 failure
09000029 01000026 6 failure
09000004 01000027 60 failure
09000014 01000028 97 failure
09000023 01000029 21 failure
09000014 01000030 71 failure
09000009 01000031 45 failure
09000021 01000032 69 failure
09000033 01000033 40 failure
09000036 01000034 14 failure
09000004 01000035 39 failure
09000010 01000036 28 failure
09000040 01000037 31 failure
09000022 01000038 50 failure
09000048 01000039 8 failure
09000030 01000040 11 failure
09000020 01000041 12 failure
09000025 01000043 97 failure
09000020 01000042 46 failure
