null
0
false
0
false
0
-1
-1
true
1
1
true
true
-1
3
3
true
false
-1
true
5
5
false
false
5
-1
true
true
-1
-1
false
7
13
false
false
true
false
true
-1
true
true
true
true
-1
true
true
true
16
false
true
17
-1
true
-1
18
true
false
19
false
false
-1
true
false
true
21
false
-1
true
true
false
false
true
24
-1
false
24
true
false
25
25
false
false
-1
false
-1
false
true
true
false
27
false
9
1
true
true
false
false
5
false
29
-1
false
-1
false
29
false
5
18
-1
true
-1
true
31
false
false
31
31
true
32
3
32
false
false
32
32
false
true
false
9
33
33
33
false
false
3
false
false
-1
true
false
-1
false
true
-1
35
35
false
35
19
2
true
false
36
false
true
true
-1
-1
false
38
true
false
39
true
false
false
40
true
-1
-1
false
41
41
false
false
-1
3
false
false
true
true
false
false
true
-1
44
true
45
false
false
false
45
false
false
false
true
true
true
-1
3
48
20
48
false
false
48
-1
false
-1
true
49
true
50
false
50
50
false
false
false
false
50
false
-1
false
true
false
false
19
51
51
false
false
11
false
-1
false
true
5
false
true
false
true
true
-1
false
-1
true
true
11
57
57
1
3
true
-1
-1
11
false
58
false
false
58
false
18
58
58
false
58
-1
15
-1
false
true
-1
-1
-1
true
false
false
false
false
8
60
true
false
false
61
false
false
61
61
false
false
10
false
20
false
9
61
true
4
false
62
false
-1
false
62
62
false
false
9
false
false
13
false
3
false
false
18
false
62
16
true
false
false
false
63
false
10
63
63
false
13
63
true
false
true
false
65
false
false
false
false
65
false
65
11
false
65
65
false
false
-1
false
12
65
-1
11
false
false
false
65
65
false
false
false
true
false
66
18
false
5
false
66
false
false
66
13
66
66
false
66
66
false
false
false
false
66
false
14
true
19
67
true
68
9
false
68
false
68
true
69
69
false
true
70
11
70
9
false
70
20
false
false
18
19
70
13
70
true
6
false
71
false
true
true
5
false
18
false
false
false
73
false
false
13
false
false
-1
false
-1
true
false
12
false
false
12
17
74
74
false
false
74
false
1
17
false
false
2
false
10
false
false
6
74
false
-1
false
false
false
true
18
75
false
false
false
75
75
9
75
false
false
false
false
false
9
false
false
false
15
false
false
75
false
false
false
false
3
14
13
false
75
6
1
false
75
false
false
75
75
75
3
14
false
-1
false
false
false
16
false
4
75
75
false
false
false
false
13
75
false
false
false
false
5
false
false
75
false
false
false
18
true
76
false
false
76
76
16
76
true
5
8
false
false
true
false
false
false
false
false
false
false
false
18
false
78
78
false
false
false
false
78
78
false
false
5
12
false
false
78
false
false
false
78
2
false
11
78
78
15
false
false
false
14
false
false
false
7
false
false
78
78
78
78
78
14
78
78
false
false
false
78
78
false
78
false
false
false
6
78
18
false
false
78
false
2
false
false
78
false
false
false
false
78
78
false
78
9
78
78
14
17
14
false
false
false
11
false
false
false
2
false
5
false
78
78
false
false
false
false
11
7
false
78
false
false
18
false
8
78
false
false
17
false
false
false
false
1
false
9
false
1
false
false
14
false
false
false
false
10
3
false
-1
true
3
false
77
false
10
77
false
false
false
3
77
77
20
false
false
77
false
77
14
false
1
false
16
false
false
false
false
77
false
14
1
false
false
false
77
false
17
77
false
2
false
false
false
77
false
-1
77
6
77
false
77
77
false
15
3
77
false
77
9
77
false
false
false
3
true
false
false
78
11
false
15
false
78
false
78
78
false
-1
false
false
78
11
false
true
false
18
77
77
true
false
false
8
false
false
76
false
false
false
false
false
76
20
false
false
false
11
14
false
false
false
17
false
false
false
20
14
76
false
2
false
76
18
false
true
false
false
false
13
77
9
false
false
77
77
false
14
7
false
false
16
13
false
77
true
false
false
false
78
false
false
false
false
18
78
false
false
false
78
14
78
13
false
false
false
false
78
false
18
false
false
false
20
false
false
17
false
13
false
10
78
11
false
78
false
3
78
false
false
false
3
78
1
17
78
false
false
78
78
false
14
true
18
10
2
false
10
false
false
10
14
false
17
false
false
17
false
false
false
false
false
true
80
false
3
80
false
false
false
15
80
17
false
80
false
false
false
80
false
80
80
false
false
80
10
5
false
1
false
false
false
10
2
19
12
80
80
false
false
false
15
11
false
false
false
false
1
false
15
false
false
false
false
false
19
18
false
15
false
2
false
19
16
false
19
80
false
false
false
false
false
false
80
false
80
9
false
80
false
80
false
false
false
80
false
3
false
false
false
11
false
false
80
80
false
14
false
15
false
9
false
false
false
80
false
false
false
false
false
false
false
10
false
false
false
false
80
false
80
80
false
2
80
false
80
false
20
false
14
false
false
false
false
false
80
false
false
17
false
15
false
80
80
80
2
false
14
false
80
false
18
80
false
8
false
2
80
80
false
18
false
18
false
false
17
10
80
false
false
11
3
false
false
14
false
false
false
false
false
false
80
80
false
80
false
14
false
80
80
false
13
11
15
80
80
false
false
false
false
false
false
false
80
false
false
80
4
false
13
14
false
false
false
80
10
17
false
false
80
80
false
false
80
false
false
false
false
false
false
false
6
false
10
80
false
80
false
false
false
false
false
80
false
false
false
true
18
false
20
13
79
18
79
false
false
16
14
3
79
false
false
false
false
false
13
false
false
79
false
79
false
false
7
false
10
79
false
false
2
false
false
14
false
false
false
false
false
false
false
6
false
false
2
false
false
79
79
false
79
false
false
false
false
13
false
79
false
false
false
false
false
79
false
false
false
false
false
false
79
false
14
10
79
false
20
18
79
79
79
false
false
false
true
false
80
3
false
false
80
15
false
false
false
2
12
80
false
14
80
false
false
80
false
11
16
15
19
4
false
11
false
false
false
false
20
false
false
false
false
false
80
18
false
false
18
80
7
80
11
80
80
80
false
80
14
80
80
false
false
false
false
16
false
false
14
false
false
false
2
false
false
false
false
false
4
false
false
80
10
true
false
false
false
false
false
false
false
79
false
false
false
false
false
false
18
1
false
false
false
false
false
false
8
79
13
false
false
false
false
12
79
false
false
false
9
false
10
79
79
false
false
false
79
15
14
79
false
2
false
false
false
false
false
false
15
18
false
false
79
79
false
false
79
true
false
false
false
78
10
13
14
false
false
18
false
false
false
false
9
false
false
false
5
false
false
false
10
false
false
1
false
78
false
78
false
78
false
1
false
6
false
false
10
10
false
false
false
false
78
14
false
false
78
18
false
78
78
78
78
false
78
false
false
false
false
78
11
false
78
78
false
true
false
77
false
false
false
7
true
78
false
9
false
10
false
false
78
false
17
78
false
3
false
false
false
18
false
false
78
false
2
false
11
11
false
1
false
78
78
78
false
false
13
false
false
false
78
false
true
false
false
false
false
false
false
77
false
false
false
false
77
5
77
4
false
false
false
false
77
4
13
77
false
false
false
false
77
false
8
77
77
false
4
false
false
77
false
6
false
1
false
19
false
false
false
18
false
77
false
10
77
true
4
false
false
false
78
78
4
78
78
false
false
false
13
false
13
false
false
false
false
6
78
17
true
false
false
false
false
false
false
19
false
true
78
20
false
false
2
false
false
14
false
false
17
false
false
78
false
false
false
false
true
77
false
false
false
false
false
false
false
false
false
false
false
18
77
11
77
false
77
false
false
77
77
false
20
false
7
false
false
false
2
false
77
false
false
false
false
false
77
false
true
18
false
78
false
false
78
false
10
78
false
false
78
11
false
false
false
false
false
false
false
false
10
11
false
false
2
false
78
false
78
10
false
3
78
false
78
16
false
false
false
false
false
false
14
false
false
78
false
true
false
false
77
8
false
77
false
false
77
false
3
false
false
14
true
18
6
78
false
false
6
-1
18
false
false
false
78
false
false
78
14
false
false
false
false
false
14
78
false
18
false
false
false
false
false
false
3
false
11
false
false
false
false
false
false
15
78
1
true
false
false
false
false
false
false
false
79
false
false
false
false
79
false
false
79
79
false
false
10
false
79
false
false
79
false
79
11
false
15
false
false
79
false
false
79
false
-1
false
4
false
false
9
false
true
80
false
false
false
80
false
false
false
19
false
false
false
false
false
80
false
16
80
false
false
false
false
false
false
false
80
false
false
false
false
16
false
false
false
false
false
16
false
80
false
80
false
false
false
false
15
80
false
false
9
false
80
false
14
80
false
false
false
false
false
false
false
false
false
9
80
10
80
false
15
80
false
false
false
3
false
18
80
11
true
79
false
79
false
false
79
false
false
79
false
false
79
79
false
false
false
79
false
false
false
2
false
3
17
false
false
12
false
false
false
false
false
4
79
false
false
false
14
79
false
false
false
false
false
-1
false
false
79
5
true
12
false
78
78
false
false
1
false
false
false
false
false
false
16
15
12
false
78
false
false
5
false
78
false
false
false
78
10
false
16
false
78
78
false
false
78
7
false
false
false
false
false
78
false
false
false
11
false
false
false
false
false
78
14
78
false
false
false
78
2
false
false
78
78
false
78
false
false
false
false
false
false
