1 1 2 3 4 4 4
1 1 2 3 5 7
1 1 2 3 6 6
1 1 2 4 4 7
1 1 2 4 5 6
1 1 2 4 11
1 1 2 5 10
1 1 2 6 9
1 1 2 15
1 1 3 4 4 6
1 1 3 4 10
1 1 3 5 9
1 1 3 14
1 1 4 4 4 5
1 1 4 4 9
1 1 4 6 7
1 1 5 6 6
1 1 6 11
1 1 7 10
1 1 17
1 2 3 4 4 5
1 2 3 4 9
1 2 3 6 7
1 2 4 4 4 4
1 2 4 5 7
1 2 4 6 6
1 2 5 11
1 2 6 10
1 2 7 9
1 3 4 4 7
1 3 4 5 6
1 3 4 11
1 3 5 10
1 3 6 9
1 3 15
1 4 4 4 6
1 4 4 10
1 4 5 9
1 4 14
1 5 6 7
1 6 6 6
1 7 11
2 3 4 4 6
2 3 4 10
2 3 5 9
2 3 14
2 4 4 4 5
2 4 4 9
2 4 6 7
2 5 6 6
2 6 11
2 7 10
2 17
3 4 4 4 4
3 4 5 7
3 4 6 6
3 5 11
3 6 10
3 7 9
4 4 4 7
4 4 5 6
4 4 11
4 5 10
4 6 9
4 15
5 14
6 6 7
9 10
