1 5 6 10 10 13 15 21
1 5 6 10 10 13 36
1 5 6 10 10 16 33
1 5 6 10 10 24 25
1 5 6 10 13 13 33
1 5 6 10 13 15 15 16
1 5 6 10 13 21 25
1 5 6 10 15 15 29
1 5 6 10 26 33
1 5 6 10 27 32
1 5 6 13 13 16 27
1 5 6 13 15 15 26
1 5 6 13 15 16 25
1 5 6 13 24 32
1 5 6 13 27 29
1 5 6 15 15 39
1 5 6 15 21 33
1 5 6 15 25 29
1 5 6 15 27 27
1 5 6 16 21 32
1 5 6 16 24 29
1 5 6 16 26 27
1 5 6 21 24 24
1 5 6 33 36
1 5 10 10 13 13 29
1 5 10 10 13 15 27
1 5 10 10 13 16 26
1 5 10 10 15 15 25
1 5 10 10 15 16 24
1 5 10 10 16 39
1 5 10 10 26 29
1 5 10 13 13 15 24
1 5 10 13 13 39
1 5 10 13 15 16 21
1 5 10 13 16 36
1 5 10 13 25 27
1 5 10 15 21 29
1 5 10 15 24 26
1 5 10 16 24 25
1 5 10 26 39
1 5 10 29 36
1 5 10 32 33
1 5 13 13 16 33
1 5 13 13 24 25
1 5 13 15 15 32
1 5 13 15 21 26
1 5 13 16 21 25
1 5 13 26 36
1 5 13 29 33
1 5 15 15 16 29
1 5 15 15 21 24
1 5 15 21 39
1 5 15 24 36
1 5 15 27 33
1 5 16 26 33
1 5 16 27 32
1 5 21 25 29
1 5 21 27 27
1 5 24 24 27
1 5 24 25 26
1 5 36 39
1 6 10 10 13 15 26
1 6 10 10 13 16 25
1 6 10 10 15 15 24
1 6 10 10 15 39
1 6 10 10 21 33
1 6 10 10 25 29
1 6 10 10 27 27
1 6 10 13 15 15 21
1 6 10 13 15 36
1 6 10 13 24 27
1 6 10 13 25 26
1 6 10 15 16 33
1 6 10 15 24 25
1 6 10 16 21 27
1 6 10 16 24 24
1 6 10 25 39
1 6 13 13 15 33
1 6 13 13 16 32
1 6 13 13 21 27
1 6 13 13 24 24
1 6 13 15 21 25
1 6 13 16 21 24
1 6 13 25 36
1 6 13 29 32
1 6 15 26 33
1 6 15 27 32
1 6 16 25 33
1 6 16 26 32
1 6 21 24 29
1 6 21 26 27
1 6 24 24 26
1 10 10 13 15 32
1 10 10 13 21 26
1 10 10 15 16 29
1 10 10 15 21 24
1 10 10 21 39
1 10 10 24 36
1 10 10 27 33
1 10 13 13 15 29
1 10 13 15 15 27
1 10 13 15 16 26
1 10 13 21 36
1 10 13 24 33
1 10 13 25 32
1 10 15 15 16 24
1 10 15 16 39
1 10 15 26 29
1 10 16 21 33
1 10 16 25 29
1 10 16 27 27
1 10 21 24 25
1 13 13 15 15 24
1 13 13 15 39
1 13 13 21 33
1 13 13 25 29
1 13 13 27 27
1 13 15 15 16 21
1 13 15 16 36
1 13 15 25 27
1 13 16 24 27
1 13 16 25 26
1 15 15 21 29
1 15 15 24 26
1 15 16 24 25
1 15 26 39
1 15 29 36
1 15 32 33
1 16 25 39
1 21 26 33
1 21 27 32
1 24 24 32
1 24 27 29
1 25 26 29
1 26 27 27
5 6 10 10 13 13 24
5 6 10 10 13 16 21
5 6 10 10 21 29
5 6 10 10 24 26
5 6 10 13 15 32
5 6 10 13 21 26
5 6 10 15 16 29
5 6 10 15 21 24
5 6 10 21 39
5 6 10 24 36
5 6 10 27 33
5 6 13 13 15 29
5 6 13 15 15 27
5 6 13 15 16 26
5 6 13 21 36
5 6 13 24 33
5 6 13 25 32
5 6 15 15 16 24
5 6 15 16 39
5 6 15 26 29
5 6 16 21 33
5 6 16 25 29
5 6 16 27 27
5 6 21 24 25
5 10 10 13 13 15 15
5 10 10 13 16 27
5 10 10 15 15 26
5 10 10 15 16 25
5 10 10 24 32
5 10 10 27 29
5 10 13 13 15 25
5 10 13 13 16 24
5 10 13 21 32
5 10 13 24 29
5 10 13 26 27
5 10 15 15 36
5 10 15 24 27
5 10 15 25 26
5 10 16 21 29
5 10 16 24 26
5 10 27 39
5 13 13 21 29
5 13 13 24 26
5 13 15 15 33
5 13 15 16 32
5 13 15 21 27
5 13 15 24 24
5 13 16 21 26
5 13 24 39
5 13 27 36
5 15 15 21 25
5 15 16 21 24
5 15 25 36
5 15 29 32
5 16 21 39
5 16 24 36
5 16 27 33
5 21 26 29
5 24 25 27
6 10 10 13 13 29
6 10 10 13 15 27
6 10 10 13 16 26
6 10 10 15 15 25
6 10 10 15 16 24
6 10 10 16 39
6 10 10 26 29
6 10 13 13 15 24
6 10 13 13 39
6 10 13 15 16 21
6 10 13 16 36
6 10 13 25 27
6 10 15 21 29
6 10 15 24 26
6 10 16 24 25
6 10 26 39
6 10 29 36
6 10 32 33
6 13 13 16 33
6 13 13 24 25
6 13 15 15 32
6 13 15 21 26
6 13 16 21 25
6 13 26 36
6 13 29 33
6 15 15 16 29
6 15 15 21 24
6 15 21 39
6 15 24 36
6 15 27 33
6 16 26 33
6 16 27 32
6 21 25 29
6 21 27 27
6 24 24 27
6 24 25 26
6 36 39
10 10 13 15 33
10 10 13 16 32
10 10 13 21 27
10 10 13 24 24
10 10 15 21 25
10 10 16 21 24
10 10 25 36
10 10 29 32
10 13 13 16 29
10 13 13 21 24
10 13 15 16 27
10 13 25 33
10 13 26 32
10 15 15 16 25
10 15 24 32
10 15 27 29
10 16 26 29
10 21 24 26
10 32 39
13 13 15 15 25
13 13 15 16 24
13 13 16 39
13 13 26 29
13 15 21 32
13 15 24 29
13 15 26 27
13 16 25 27
13 29 39
13 32 36
15 15 24 27
15 15 25 26
15 16 21 29
15 16 24 26
15 27 39
16 26 39
16 29 36
16 32 33
21 24 36
21 27 33
24 24 33
24 25 32
25 27 29
