1 1 1 2 4 5 6 7 8 8 8
1 1 1 2 4 5 6 7 9 15
1 1 1 2 4 5 6 7 24
1 1 1 2 4 5 6 8 8 15
1 1 1 2 4 5 6 8 23
1 1 1 2 4 5 7 9 21
1 1 1 2 4 5 7 11 19
1 1 1 2 4 5 7 15 15
1 1 1 2 4 5 7 30
1 1 1 2 4 5 8 8 21
1 1 1 2 4 5 8 9 9 11
1 1 1 2 4 5 8 11 18
1 1 1 2 4 5 9 9 19
1 1 1 2 4 5 11 26
1 1 1 2 4 5 18 19
1 1 1 2 4 6 7 8 21
1 1 1 2 4 6 7 9 9 11
1 1 1 2 4 6 7 11 18
1 1 1 2 4 6 8 8 9 11
1 1 1 2 4 6 8 9 19
1 1 1 2 4 6 9 9 18
1 1 1 2 4 6 15 21
1 1 1 2 4 7 8 8 8 11
1 1 1 2 4 7 8 8 19
1 1 1 2 4 7 8 9 18
1 1 1 2 4 7 9 11 15
1 1 1 2 4 7 9 26
1 1 1 2 4 7 11 24
1 1 1 2 4 8 8 8 9 9
1 1 1 2 4 8 8 8 18
1 1 1 2 4 8 8 11 15
1 1 1 2 4 8 8 26
1 1 1 2 4 8 11 23
1 1 1 2 4 8 15 19
1 1 1 2 4 9 9 24
1 1 1 2 4 9 15 18
1 1 1 2 4 18 24
1 1 1 2 4 19 23
1 1 1 2 4 21 21
1 1 1 2 5 6 7 8 9 11
1 1 1 2 5 6 7 9 19
1 1 1 2 5 6 8 8 8 11
1 1 1 2 5 6 8 8 19
1 1 1 2 5 6 8 9 18
1 1 1 2 5 6 9 11 15
1 1 1 2 5 6 9 26
1 1 1 2 5 6 11 24
1 1 1 2 5 7 8 8 9 9
1 1 1 2 5 7 8 8 18
1 1 1 2 5 7 8 11 15
1 1 1 2 5 7 8 26
1 1 1 2 5 7 11 23
1 1 1 2 5 7 15 19
1 1 1 2 5 8 8 8 8 9
1 1 1 2 5 8 9 9 15
1 1 1 2 5 8 9 24
1 1 1 2 5 8 15 18
1 1 1 2 5 9 9 23
1 1 1 2 5 9 11 21
1 1 1 2 5 9 32
1 1 1 2 5 11 15 15
1 1 1 2 5 11 30
1 1 1 2 5 15 26
1 1 1 2 5 18 23
1 1 1 2 6 7 8 8 8 9
1 1 1 2 6 7 9 9 15
1 1 1 2 6 7 9 24
1 1 1 2 6 7 15 18
1 1 1 2 6 8 8 8 8 8
1 1 1 2 6 8 8 9 15
1 1 1 2 6 8 8 24
1 1 1 2 6 8 9 23
1 1 1 2 6 8 11 21
1 1 1 2 6 8 32
1 1 1 2 6 19 21
1 1 1 2 7 8 8 8 15
1 1 1 2 7 8 8 23
1 1 1 2 7 9 9 21
1 1 1 2 7 9 11 19
1 1 1 2 7 9 15 15
1 1 1 2 7 9 30
1 1 1 2 7 15 24
1 1 1 2 7 18 21
1 1 1 2 8 8 9 21
1 1 1 2 8 8 11 19
1 1 1 2 8 8 15 15
1 1 1 2 8 8 30
1 1 1 2 8 9 11 18
1 1 1 2 8 15 23
1 1 1 2 9 11 26
1 1 1 2 9 18 19
1 1 1 4 5 6 7 8 9 9
1 1 1 4 5 6 7 8 18
1 1 1 4 5 6 7 11 15
1 1 1 4 5 6 7 26
1 1 1 4 5 6 8 8 8 9
1 1 1 4 5 6 9 9 15
1 1 1 4 5 6 9 24
1 1 1 4 5 6 15 18
1 1 1 4 5 7 8 8 8 8
1 1 1 4 5 7 8 9 15
1 1 1 4 5 7 8 24
1 1 1 4 5 7 9 23
1 1 1 4 5 7 11 21
1 1 1 4 5 7 32
1 1 1 4 5 8 8 8 15
1 1 1 4 5 8 8 23
1 1 1 4 5 9 9 21
1 1 1 4 5 9 11 19
1 1 1 4 5 9 15 15
1 1 1 4 5 9 30
1 1 1 4 5 15 24
1 1 1 4 5 18 21
1 1 1 4 6 7 8 8 15
1 1 1 4 6 7 8 23
1 1 1 4 6 8 9 21
1 1 1 4 6 8 11 19
1 1 1 4 6 8 15 15
1 1 1 4 6 8 30
1 1 1 4 6 9 11 18
1 1 1 4 6 15 23
1 1 1 4 7 8 8 21
1 1 1 4 7 8 9 9 11
1 1 1 4 7 8 11 18
1 1 1 4 7 9 9 19
1 1 1 4 7 11 26
1 1 1 4 7 18 19
1 1 1 4 8 8 8 9 11
1 1 1 4 8 8 9 19
1 1 1 4 8 9 9 18
1 1 1 4 8 15 21
1 1 1 4 9 9 11 15
1 1 1 4 9 9 26
1 1 1 4 9 11 24
1 1 1 4 11 15 18
1 1 1 4 18 26
1 1 1 4 21 23
1 1 1 5 6 7 9 21
1 1 1 5 6 7 11 19
1 1 1 5 6 7 15 15
1 1 1 5 6 7 30
1 1 1 5 6 8 8 21
1 1 1 5 6 8 9 9 11
1 1 1 5 6 8 11 18
1 1 1 5 6 9 9 19
1 1 1 5 6 11 26
1 1 1 5 6 18 19
1 1 1 5 7 8 8 9 11
1 1 1 5 7 8 9 19
1 1 1 5 7 9 9 18
1 1 1 5 7 15 21
1 1 1 5 8 8 8 8 11
1 1 1 5 8 8 8 19
1 1 1 5 8 8 9 18
1 1 1 5 8 9 11 15
1 1 1 5 8 9 26
1 1 1 5 8 11 24
1 1 1 5 9 11 23
1 1 1 5 9 15 19
1 1 1 5 11 32
1 1 1 5 19 24
1 1 1 6 7 8 8 8 11
1 1 1 6 7 8 8 19
1 1 1 6 7 8 9 18
1 1 1 6 7 9 11 15
1 1 1 6 7 9 26
1 1 1 6 7 11 24
1 1 1 6 8 8 8 9 9
1 1 1 6 8 8 8 18
1 1 1 6 8 8 11 15
1 1 1 6 8 8 26
1 1 1 6 8 11 23
1 1 1 6 8 15 19
1 1 1 6 9 9 24
1 1 1 6 9 15 18
1 1 1 6 18 24
1 1 1 6 19 23
1 1 1 6 21 21
1 1 1 7 8 8 8 8 9
1 1 1 7 8 9 9 15
1 1 1 7 8 9 24
1 1 1 7 8 15 18
1 1 1 7 9 9 23
1 1 1 7 9 11 21
1 1 1 7 9 32
1 1 1 7 11 15 15
1 1 1 7 11 30
1 1 1 7 15 26
1 1 1 7 18 23
1 1 1 8 8 8 9 15
1 1 1 8 8 8 24
1 1 1 8 8 9 23
1 1 1 8 8 11 21
1 1 1 8 8 32
1 1 1 8 19 21
1 1 1 9 9 11 19
1 1 1 9 9 15 15
1 1 1 9 9 30
1 1 1 9 15 24
1 1 1 9 18 21
1 1 1 11 18 19
1 1 1 15 15 18
1 1 1 18 30
1 1 2 4 5 6 7 8 8 9
1 1 2 4 5 6 8 8 8 8
1 1 2 4 5 6 8 9 15
1 1 2 4 5 6 8 24
1 1 2 4 5 6 9 23
1 1 2 4 5 6 11 21
1 1 2 4 5 6 32
1 1 2 4 5 7 8 8 15
1 1 2 4 5 7 8 23
1 1 2 4 5 8 9 21
1 1 2 4 5 8 11 19
1 1 2 4 5 8 15 15
1 1 2 4 5 8 30
1 1 2 4 5 9 11 18
1 1 2 4 5 15 23
1 1 2 4 6 7 9 21
1 1 2 4 6 7 11 19
1 1 2 4 6 7 15 15
1 1 2 4 6 7 30
1 1 2 4 6 8 8 21
1 1 2 4 6 8 9 9 11
1 1 2 4 6 8 11 18
1 1 2 4 6 9 9 19
1 1 2 4 6 11 26
1 1 2 4 6 18 19
1 1 2 4 7 8 8 9 11
1 1 2 4 7 8 9 19
1 1 2 4 7 9 9 18
1 1 2 4 7 15 21
1 1 2 4 8 8 8 8 11
1 1 2 4 8 8 8 19
1 1 2 4 8 8 9 18
1 1 2 4 8 9 11 15
1 1 2 4 8 9 26
1 1 2 4 8 11 24
1 1 2 4 9 11 23
1 1 2 4 9 15 19
1 1 2 4 11 32
1 1 2 4 19 24
1 1 2 5 6 7 8 21
1 1 2 5 6 7 9 9 11
1 1 2 5 6 7 11 18
1 1 2 5 6 8 8 9 11
1 1 2 5 6 8 9 19
1 1 2 5 6 9 9 18
1 1 2 5 6 15 21
1 1 2 5 7 8 8 8 11
1 1 2 5 7 8 8 19
1 1 2 5 7 8 9 18
1 1 2 5 7 9 11 15
1 1 2 5 7 9 26
1 1 2 5 7 11 24
1 1 2 5 8 8 8 9 9
1 1 2 5 8 8 8 18
1 1 2 5 8 8 11 15
1 1 2 5 8 8 26
1 1 2 5 8 11 23
1 1 2 5 8 15 19
1 1 2 5 9 9 24
1 1 2 5 9 15 18
1 1 2 5 18 24
1 1 2 5 19 23
1 1 2 5 21 21
1 1 2 6 7 8 8 9 9
1 1 2 6 7 8 8 18
1 1 2 6 7 8 11 15
1 1 2 6 7 8 26
1 1 2 6 7 11 23
1 1 2 6 7 15 19
1 1 2 6 8 8 8 8 9
1 1 2 6 8 9 9 15
1 1 2 6 8 9 24
1 1 2 6 8 15 18
1 1 2 6 9 9 23
1 1 2 6 9 11 21
1 1 2 6 9 32
1 1 2 6 11 15 15
1 1 2 6 11 30
1 1 2 6 15 26
1 1 2 6 18 23
1 1 2 7 8 8 8 8 8
1 1 2 7 8 8 9 15
1 1 2 7 8 8 24
1 1 2 7 8 9 23
1 1 2 7 8 11 21
1 1 2 7 8 32
1 1 2 7 19 21
1 1 2 8 8 8 8 15
1 1 2 8 8 8 23
1 1 2 8 9 9 21
1 1 2 8 9 11 19
1 1 2 8 9 15 15
1 1 2 8 9 30
1 1 2 8 15 24
1 1 2 8 18 21
1 1 2 9 9 11 18
1 1 2 9 15 23
1 1 2 11 15 21
1 1 2 15 32
1 1 2 21 26
1 1 2 23 24
1 1 4 5 6 7 8 8 11
1 1 4 5 6 7 8 19
1 1 4 5 6 7 9 18
1 1 4 5 6 8 8 9 9
1 1 4 5 6 8 8 18
1 1 4 5 6 8 11 15
1 1 4 5 6 8 26
1 1 4 5 6 11 23
1 1 4 5 6 15 19
1 1 4 5 7 8 8 8 9
1 1 4 5 7 9 9 15
1 1 4 5 7 9 24
1 1 4 5 7 15 18
1 1 4 5 8 8 8 8 8
1 1 4 5 8 8 9 15
1 1 4 5 8 8 24
1 1 4 5 8 9 23
1 1 4 5 8 11 21
1 1 4 5 8 32
1 1 4 5 19 21
1 1 4 6 7 8 8 8 8
1 1 4 6 7 8 9 15
1 1 4 6 7 8 24
1 1 4 6 7 9 23
1 1 4 6 7 11 21
1 1 4 6 7 32
1 1 4 6 8 8 8 15
1 1 4 6 8 8 23
1 1 4 6 9 9 21
1 1 4 6 9 11 19
1 1 4 6 9 15 15
1 1 4 6 9 30
1 1 4 6 15 24
1 1 4 6 18 21
1 1 4 7 8 9 21
1 1 4 7 8 11 19
1 1 4 7 8 15 15
1 1 4 7 8 30
1 1 4 7 9 11 18
1 1 4 7 15 23
1 1 4 8 8 8 21
1 1 4 8 8 9 9 11
1 1 4 8 8 11 18
1 1 4 8 9 9 19
1 1 4 8 11 26
1 1 4 8 18 19
1 1 4 9 15 21
1 1 4 11 15 19
1 1 4 15 30
1 1 4 19 26
1 1 4 21 24
1 1 5 6 7 8 8 15
1 1 5 6 7 8 23
1 1 5 6 8 9 21
1 1 5 6 8 11 19
1 1 5 6 8 15 15
1 1 5 6 8 30
1 1 5 6 9 11 18
1 1 5 6 15 23
1 1 5 7 8 8 21
1 1 5 7 8 9 9 11
1 1 5 7 8 11 18
1 1 5 7 9 9 19
1 1 5 7 11 26
1 1 5 7 18 19
1 1 5 8 8 8 9 11
1 1 5 8 8 9 19
1 1 5 8 9 9 18
1 1 5 8 15 21
1 1 5 9 9 11 15
1 1 5 9 9 26
1 1 5 9 11 24
1 1 5 11 15 18
1 1 5 18 26
1 1 5 21 23
1 1 6 7 8 8 9 11
1 1 6 7 8 9 19
1 1 6 7 9 9 18
1 1 6 7 15 21
1 1 6 8 8 8 8 11
1 1 6 8 8 8 19
1 1 6 8 8 9 18
1 1 6 8 9 11 15
1 1 6 8 9 26
1 1 6 8 11 24
1 1 6 9 11 23
1 1 6 9 15 19
1 1 6 11 32
1 1 6 19 24
1 1 7 8 8 8 9 9
1 1 7 8 8 8 18
1 1 7 8 8 11 15
1 1 7 8 8 26
1 1 7 8 11 23
1 1 7 8 15 19
1 1 7 9 9 24
1 1 7 9 15 18
1 1 7 18 24
1 1 7 19 23
1 1 7 21 21
1 1 8 8 8 8 8 9
1 1 8 8 9 9 15
1 1 8 8 9 24
1 1 8 8 15 18
1 1 8 9 9 23
1 1 8 9 11 21
1 1 8 9 32
1 1 8 11 15 15
1 1 8 11 30
1 1 8 15 26
1 1 8 18 23
1 1 9 19 21
1 1 11 15 23
1 1 15 15 19
1 1 19 30
1 1 23 26
1 2 4 5 6 7 8 9 9
1 2 4 5 6 7 8 18
1 2 4 5 6 7 11 15
1 2 4 5 6 7 26
1 2 4 5 6 8 8 8 9
1 2 4 5 6 9 9 15
1 2 4 5 6 9 24
1 2 4 5 6 15 18
1 2 4 5 7 8 8 8 8
1 2 4 5 7 8 9 15
1 2 4 5 7 8 24
1 2 4 5 7 9 23
1 2 4 5 7 11 21
1 2 4 5 7 32
1 2 4 5 8 8 8 15
1 2 4 5 8 8 23
1 2 4 5 9 9 21
1 2 4 5 9 11 19
1 2 4 5 9 15 15
1 2 4 5 9 30
1 2 4 5 15 24
1 2 4 5 18 21
1 2 4 6 7 8 8 15
1 2 4 6 7 8 23
1 2 4 6 8 9 21
1 2 4 6 8 11 19
1 2 4 6 8 15 15
1 2 4 6 8 30
1 2 4 6 9 11 18
1 2 4 6 15 23
1 2 4 7 8 8 21
1 2 4 7 8 9 9 11
1 2 4 7 8 11 18
1 2 4 7 9 9 19
1 2 4 7 11 26
1 2 4 7 18 19
1 2 4 8 8 8 9 11
1 2 4 8 8 9 19
1 2 4 8 9 9 18
1 2 4 8 15 21
1 2 4 9 9 11 15
1 2 4 9 9 26
1 2 4 9 11 24
1 2 4 11 15 18
1 2 4 18 26
1 2 4 21 23
1 2 5 6 7 9 21
1 2 5 6 7 11 19
1 2 5 6 7 15 15
1 2 5 6 7 30
1 2 5 6 8 8 21
1 2 5 6 8 9 9 11
1 2 5 6 8 11 18
1 2 5 6 9 9 19
1 2 5 6 11 26
1 2 5 6 18 19
1 2 5 7 8 8 9 11
1 2 5 7 8 9 19
1 2 5 7 9 9 18
1 2 5 7 15 21
1 2 5 8 8 8 8 11
1 2 5 8 8 8 19
1 2 5 8 8 9 18
1 2 5 8 9 11 15
1 2 5 8 9 26
1 2 5 8 11 24
1 2 5 9 11 23
1 2 5 9 15 19
1 2 5 11 32
1 2 5 19 24
1 2 6 7 8 8 8 11
1 2 6 7 8 8 19
1 2 6 7 8 9 18
1 2 6 7 9 11 15
1 2 6 7 9 26
1 2 6 7 11 24
1 2 6 8 8 8 9 9
1 2 6 8 8 8 18
1 2 6 8 8 11 15
1 2 6 8 8 26
1 2 6 8 11 23
1 2 6 8 15 19
1 2 6 9 9 24
1 2 6 9 15 18
1 2 6 18 24
1 2 6 19 23
1 2 6 21 21
1 2 7 8 8 8 8 9
1 2 7 8 9 9 15
1 2 7 8 9 24
1 2 7 8 15 18
1 2 7 9 9 23
1 2 7 9 11 21
1 2 7 9 32
1 2 7 11 15 15
1 2 7 11 30
1 2 7 15 26
1 2 7 18 23
1 2 8 8 8 9 15
1 2 8 8 8 24
1 2 8 8 9 23
1 2 8 8 11 21
1 2 8 8 32
1 2 8 19 21
1 2 9 9 11 19
1 2 9 9 15 15
1 2 9 9 30
1 2 9 15 24
1 2 9 18 21
1 2 11 18 19
1 2 15 15 18
1 2 18 30
1 4 5 6 7 8 9 11
1 4 5 6 7 9 19
1 4 5 6 8 8 8 11
1 4 5 6 8 8 19
1 4 5 6 8 9 18
1 4 5 6 9 11 15
1 4 5 6 9 26
1 4 5 6 11 24
1 4 5 7 8 8 9 9
1 4 5 7 8 8 18
1 4 5 7 8 11 15
1 4 5 7 8 26
1 4 5 7 11 23
1 4 5 7 15 19
1 4 5 8 8 8 8 9
1 4 5 8 9 9 15
1 4 5 8 9 24
1 4 5 8 15 18
1 4 5 9 9 23
1 4 5 9 11 21
1 4 5 9 32
1 4 5 11 15 15
1 4 5 11 30
1 4 5 15 26
1 4 5 18 23
1 4 6 7 8 8 8 9
1 4 6 7 9 9 15
1 4 6 7 9 24
1 4 6 7 15 18
1 4 6 8 8 8 8 8
1 4 6 8 8 9 15
1 4 6 8 8 24
1 4 6 8 9 23
1 4 6 8 11 21
1 4 6 8 32
1 4 6 19 21
1 4 7 8 8 8 15
1 4 7 8 8 23
1 4 7 9 9 21
1 4 7 9 11 19
1 4 7 9 15 15
1 4 7 9 30
1 4 7 15 24
1 4 7 18 21
1 4 8 8 9 21
1 4 8 8 11 19
1 4 8 8 15 15
1 4 8 8 30
1 4 8 9 11 18
1 4 8 15 23
1 4 9 11 26
1 4 9 18 19
1 5 6 7 8 8 8 8
1 5 6 7 8 9 15
1 5 6 7 8 24
1 5 6 7 9 23
1 5 6 7 11 21
1 5 6 7 32
1 5 6 8 8 8 15
1 5 6 8 8 23
1 5 6 9 9 21
1 5 6 9 11 19
1 5 6 9 15 15
1 5 6 9 30
1 5 6 15 24
1 5 6 18 21
1 5 7 8 9 21
1 5 7 8 11 19
1 5 7 8 15 15
1 5 7 8 30
1 5 7 9 11 18
1 5 7 15 23
1 5 8 8 8 21
1 5 8 8 9 9 11
1 5 8 8 11 18
1 5 8 9 9 19
1 5 8 11 26
1 5 8 18 19
1 5 9 15 21
1 5 11 15 19
1 5 15 30
1 5 19 26
1 5 21 24
1 6 7 8 8 21
1 6 7 8 9 9 11
1 6 7 8 11 18
1 6 7 9 9 19
1 6 7 11 26
1 6 7 18 19
1 6 8 8 8 9 11
1 6 8 8 9 19
1 6 8 9 9 18
1 6 8 15 21
1 6 9 9 11 15
1 6 9 9 26
1 6 9 11 24
1 6 11 15 18
1 6 18 26
1 6 21 23
1 7 8 8 8 8 11
1 7 8 8 8 19
1 7 8 8 9 18
1 7 8 9 11 15
1 7 8 9 26
1 7 8 11 24
1 7 9 11 23
1 7 9 15 19
1 7 11 32
1 7 19 24
1 8 8 8 8 9 9
1 8 8 8 8 18
1 8 8 8 11 15
1 8 8 8 26
1 8 8 11 23
1 8 8 15 19
1 8 9 9 24
1 8 9 15 18
1 8 18 24
1 8 19 23
1 8 21 21
1 9 9 11 21
1 9 9 32
1 9 11 15 15
1 9 11 30
1 9 15 26
1 9 18 23
1 11 15 24
1 11 18 21
1 18 32
1 24 26
2 4 5 6 7 8 8 11
2 4 5 6 7 8 19
2 4 5 6 7 9 18
2 4 5 6 8 8 9 9
2 4 5 6 8 8 18
2 4 5 6 8 11 15
2 4 5 6 8 26
2 4 5 6 11 23
2 4 5 6 15 19
2 4 5 7 8 8 8 9
2 4 5 7 9 9 15
2 4 5 7 9 24
2 4 5 7 15 18
2 4 5 8 8 8 8 8
2 4 5 8 8 9 15
2 4 5 8 8 24
2 4 5 8 9 23
2 4 5 8 11 21
2 4 5 8 32
2 4 5 19 21
2 4 6 7 8 8 8 8
2 4 6 7 8 9 15
2 4 6 7 8 24
2 4 6 7 9 23
2 4 6 7 11 21
2 4 6 7 32
2 4 6 8 8 8 15
2 4 6 8 8 23
2 4 6 9 9 21
2 4 6 9 11 19
2 4 6 9 15 15
2 4 6 9 30
2 4 6 15 24
2 4 6 18 21
2 4 7 8 9 21
2 4 7 8 11 19
2 4 7 8 15 15
2 4 7 8 30
2 4 7 9 11 18
2 4 7 15 23
2 4 8 8 8 21
2 4 8 8 9 9 11
2 4 8 8 11 18
2 4 8 9 9 19
2 4 8 11 26
2 4 8 18 19
2 4 9 15 21
2 4 11 15 19
2 4 15 30
2 4 19 26
2 4 21 24
2 5 6 7 8 8 15
2 5 6 7 8 23
2 5 6 8 9 21
2 5 6 8 11 19
2 5 6 8 15 15
2 5 6 8 30
2 5 6 9 11 18
2 5 6 15 23
2 5 7 8 8 21
2 5 7 8 9 9 11
2 5 7 8 11 18
2 5 7 9 9 19
2 5 7 11 26
2 5 7 18 19
2 5 8 8 8 9 11
2 5 8 8 9 19
2 5 8 9 9 18
2 5 8 15 21
2 5 9 9 11 15
2 5 9 9 26
2 5 9 11 24
2 5 11 15 18
2 5 18 26
2 5 21 23
2 6 7 8 8 9 11
2 6 7 8 9 19
2 6 7 9 9 18
2 6 7 15 21
2 6 8 8 8 8 11
2 6 8 8 8 19
2 6 8 8 9 18
2 6 8 9 11 15
2 6 8 9 26
2 6 8 11 24
2 6 9 11 23
2 6 9 15 19
2 6 11 32
2 6 19 24
2 7 8 8 8 9 9
2 7 8 8 8 18
2 7 8 8 11 15
2 7 8 8 26
2 7 8 11 23
2 7 8 15 19
2 7 9 9 24
2 7 9 15 18
2 7 18 24
2 7 19 23
2 7 21 21
2 8 8 8 8 8 9
2 8 8 9 9 15
2 8 8 9 24
2 8 8 15 18
2 8 9 9 23
2 8 9 11 21
2 8 9 32
2 8 11 15 15
2 8 11 30
2 8 15 26
2 8 18 23
2 9 19 21
2 11 15 23
2 15 15 19
2 19 30
2 23 26
4 5 6 7 8 21
4 5 6 7 9 9 11
4 5 6 7 11 18
4 5 6 8 8 9 11
4 5 6 8 9 19
4 5 6 9 9 18
4 5 6 15 21
4 5 7 8 8 8 11
4 5 7 8 8 19
4 5 7 8 9 18
4 5 7 9 11 15
4 5 7 9 26
4 5 7 11 24
4 5 8 8 8 9 9
4 5 8 8 8 18
4 5 8 8 11 15
4 5 8 8 26
4 5 8 11 23
4 5 8 15 19
4 5 9 9 24
4 5 9 15 18
4 5 18 24
4 5 19 23
4 5 21 21
4 6 7 8 8 9 9
4 6 7 8 8 18
4 6 7 8 11 15
4 6 7 8 26
4 6 7 11 23
4 6 7 15 19
4 6 8 8 8 8 9
4 6 8 9 9 15
4 6 8 9 24
4 6 8 15 18
4 6 9 9 23
4 6 9 11 21
4 6 9 32
4 6 11 15 15
4 6 11 30
4 6 15 26
4 6 18 23
4 7 8 8 8 8 8
4 7 8 8 9 15
4 7 8 8 24
4 7 8 9 23
4 7 8 11 21
4 7 8 32
4 7 19 21
4 8 8 8 8 15
4 8 8 8 23
4 8 9 9 21
4 8 9 11 19
4 8 9 15 15
4 8 9 30
4 8 15 24
4 8 18 21
4 9 9 11 18
4 9 15 23
4 11 15 21
4 15 32
4 21 26
4 23 24
5 6 7 8 8 8 9
5 6 7 9 9 15
5 6 7 9 24
5 6 7 15 18
5 6 8 8 8 8 8
5 6 8 8 9 15
5 6 8 8 24
5 6 8 9 23
5 6 8 11 21
5 6 8 32
5 6 19 21
5 7 8 8 8 15
5 7 8 8 23
5 7 9 9 21
5 7 9 11 19
5 7 9 15 15
5 7 9 30
5 7 15 24
5 7 18 21
5 8 8 9 21
5 8 8 11 19
5 8 8 15 15
5 8 8 30
5 8 9 11 18
5 8 15 23
5 9 11 26
5 9 18 19
6 7 8 9 21
6 7 8 11 19
6 7 8 15 15
6 7 8 30
6 7 9 11 18
6 7 15 23
6 8 8 8 21
6 8 8 9 9 11
6 8 8 11 18
6 8 9 9 19
6 8 11 26
6 8 18 19
6 9 15 21
6 11 15 19
6 15 30
6 19 26
6 21 24
7 8 8 8 9 11
7 8 8 9 19
7 8 9 9 18
7 8 15 21
7 9 9 11 15
7 9 9 26
7 9 11 24
7 11 15 18
7 18 26
7 21 23
8 8 8 8 8 11
8 8 8 8 19
8 8 8 9 18
8 8 9 11 15
8 8 9 26
8 8 11 24
8 9 11 23
8 9 15 19
8 11 32
8 19 24
9 9 15 18
9 18 24
9 19 23
9 21 21
11 19 21
15 15 21
19 32
21 30
