16.60 20.00 20.00 19.80 19.80 18.60 19.60 18.80 18.80 18.60
17.00 17.70 17.60 19.80 19.80 18.30 19.60 18.80 19.00 14.40
17.10 17.10 18.60 19.50 19.50 18.30 18.10 18.10 19.00 18.40
19.50 19.50 18.60 18.60 17.00 18.20 18.20 19.90 19.90 19.90
19.90 19.90 18.50 19.20 19.50 19.50 19.00 19.90 19.90 19.90
17.90 18.10 18.10 19.20 19.50 19.50 19.00 19.20 19.90 19.90
18.80 18.90 16.10 17.80 19.10 19.50 19.50 18.10 19.90 19.90
18.80 18.00 17.40 17.30 18.80 19.50 19.50 17.90 19.70 19.70
18.50 18.50 18.50 19.30 19.30 16.00 18.20 19.90 19.90 19.20
17.30 18.50 18.50 19.30 19.30 16.90 19.80 19.90 19.90 19.20
17.30 19.90 19.90 18.60 17.70 18.50 18.50 18.50 19.60 20.00
15.00 19.90 19.90 18.80 19.90 19.90 19.40 17.30 19.60 19.50
19.90 18.20 18.90 19.20 19.70 19.70 19.40 19.60 19.60 17.80
19.50 19.80 19.80 19.20 19.20 19.10 20.00 20.00 19.60 17.80
19.90 19.90 16.10 19.60 16.70 19.50 20.00 20.00 17.90 19.40
19.80 18.00 19.90 19.90 19.90 19.50 19.50 19.90 19.70 19.70
14.80 18.00 19.90 19.90 19.90 18.50 18.50 19.90 19.70 19.70
18.90 16.50 17.00 19.60 19.60 18.20 18.20 18.10 19.50 19.00
14.20 19.80 19.80 17.20 15.30 19.50 18.50 18.10 19.50 17.40
16.90 17.70 19.30 19.30 14.00 19.50 19.10 19.60 19.60 18.50
19.70 19.50 18.60 18.90 18.90 19.50 18.80 18.50 16.40 18.40
18.00 18.60 19.90 19.90 19.10 18.90 18.50 18.50 18.30 18.40
19.90 19.90 18.70 19.60 19.20 19.90 19.00 18.90 18.30 19.80
19.90 19.90 16.30 19.10 19.20 19.00 19.00 18.90 17.00 19.80
19.80 19.80 16.80 18.70 17.80 17.80 19.00 19.30 19.60 19.60
18.20 17.70 18.50 18.50 16.80 14.80 19.00 19.30 19.30 17.90
19.50 19.60 19.60 18.90 18.80 18.80 19.40 19.70 19.70 16.20
19.20 19.60 19.60 19.90 19.90 19.10 19.10 19.70 19.70 19.10
19.20 19.20 18.40 19.90 19.90 17.70 19.10 19.10 20.00 20.00
17.70 18.40 18.40 19.80 20.00 17.80 18.20 15.90 20.00 20.00
19.30 19.30 18.90 18.90 18.20 18.20 18.20 18.20 19.20 16.20
19.40 19.40 18.80 18.80 18.10 19.10 19.10 18.90 19.00 19.40
19.40 19.40 18.80 18.80 19.30 19.30 19.10 18.90 20.00 20.00
17.70 18.80 18.80 18.70 19.30 19.30 19.30 19.30 20.00 20.00
17.40 18.80 18.80 18.50 19.10 19.10 19.10 19.90 19.90 19.20
19.70 17.70 18.50 19.10 18.80 19.10 19.60 18.70 18.90 19.20
19.70 19.20 19.70 19.10 18.80 17.90 18.00 18.70 18.90 18.90
19.40 19.20 19.70 19.40 18.10 17.80 18.00 18.00 18.80 18.80
19.40 19.10 18.60 19.40 18.90 17.50 18.30 18.30 18.80 18.80
19.40 19.00 19.00 18.90 18.90 17.50 18.30 18.60 19.50 19.50
18.60 18.60 19.00 19.00 18.00 19.20 19.20 18.60 17.50 17.50
18.50 19.80 19.80 19.50 19.50 14.70 17.30 17.70 18.10 19.40
18.70 19.80 19.80 19.50 19.50 17.80 18.80 18.80 16.90 19.40
18.70 18.80 18.80 17.30 18.40 18.90 19.70 19.70 16.90 19.90
18.90 18.80 18.80 18.70 18.70 19.90 19.90 18.70 19.90 19.90
18.70 18.70 18.70 18.70 18.70 18.90 19.60 19.60 19.10 17.90
19.50 19.50 18.30 18.80 18.80 18.90 19.60 19.60 17.60 17.60
15.90 19.90 19.80 19.80 18.80 17.60 17.90 17.90 17.00 17.50
17.40 19.90 16.00 18.10 19.70 19.70 17.90 18.50 18.50 17.50
17.40 20.00 20.00 19.50 19.70 19.80 19.80 18.50 18.50 19.60
19.80 19.30 19.30 19.90 19.90 18.60 19.10 19.50 19.50 19.10
15.90 16.80 19.20 19.90 19.90 19.10 18.60 18.60 18.60 19.50
19.00 15.00 19.90 19.20 18.60 19.70 19.70 18.60 18.60 19.50
19.00 19.80 19.80 19.30 19.80 19.80 19.70 19.60 19.60 18.10
19.60 19.50 19.60 19.60 19.10 19.10 19.10 19.90 19.90 18.30
19.60 19.50 19.60 19.60 19.10 19.10 19.10 19.90 19.90 18.60
18.90 19.50 19.90 19.90 18.30 18.80 18.80 19.80 19.90 19.90
18.90 19.50 19.90 19.90 18.30 18.20 19.80 19.80 19.90 19.90
18.50 19.80 19.80 18.50 17.20 17.30 19.80 17.50 19.90 19.90
18.50 19.80 19.80 19.40 17.30 18.90 18.90 18.20 19.80 19.80
19.80 19.80 19.80 19.80 18.90 18.50 19.00 19.00 19.90 17.90
19.80 19.80 19.90 19.90 19.10 18.50 19.20 19.90 19.90 19.70
18.50 17.20 19.60 19.60 19.10 19.50 19.50 19.90 19.90 19.70
17.20 17.20 19.60 19.60 17.20 15.30 19.30 19.30 19.90 19.50
15.90 15.90 17.40 17.50 16.10 17.60 17.30 17.30 19.50 19.50
16.30 16.00 19.50 19.30 19.00 18.50 18.20 18.20 19.50 19.50
19.50 19.50 18.80 18.50 19.70 19.70 17.10 17.10 19.30 16.10
19.50 19.70 19.70 17.80 19.70 19.70 19.80 19.80 17.30 18.60
15.20 19.70 19.70 17.80 18.60 18.60 19.80 19.80 17.80 19.80
18.60 19.30 19.50 19.50 17.60 19.90 19.90 19.40 19.40 19.80
18.10 18.10 19.50 19.40 19.40 19.90 18.00 19.70 19.70 19.40
18.20 19.70 19.50 19.40 19.40 19.90 18.00 17.20 18.70 18.70
18.20 19.70 17.20 19.30 18.90 18.90 18.90 18.30 19.60 19.60
18.90 19.70 16.10 19.80 19.30 19.30 18.90 18.40 19.60 19.90
19.60 19.70 17.30 19.80 18.60 17.90 16.00 18.40 19.40 19.90
17.40 17.40 18.80 19.50 18.30 19.80 19.80 17.40 19.40 19.80
14.10 18.70 18.80 18.80 18.30 19.80 19.80 19.50 19.40 19.30
18.90 18.70 18.60 18.60 17.10 19.90 19.90 18.60 20.00 18.90
18.90 16.40 19.30 19.30 16.30 19.90 19.90 18.60 20.00 19.00
16.70 19.60 19.90 19.70 19.70 19.40 19.40 18.20 17.90 18.70
