18.20 18.30 19.30 14.40 19.50 19.70 19.20 19.20
20.00 14.50 19.70 16.50 15.30 17.10 13.70 15.30
13.20 18.80 17.30 19.70 15.60 16.90 18.80 19.00
19.00 18.10 18.50 19.70 18.80 12.20 11.90 18.20
19.90 17.30 19.90 18.70 18.10 17.80 18.20 17.80
18.40 18.80 18.20 18.90 19.00 19.40 16.60 19.80
18.30 18.70 19.60 19.90 17.50 18.50 16.70 18.30
19.60 16.50 19.30 17.00 17.60 14.80 16.90 18.40
17.50 18.90 16.10 19.80 11.90 19.20 18.20 19.30
18.20 18.10 19.20 18.70 19.80 19.40 19.60 19.20
18.90 17.70 19.60 19.90 19.50 19.60 18.20 20.00
18.50 17.60 17.00 17.80 19.00 16.70 16.80 19.70
19.30 19.20 19.50 19.30 18.50 18.50 19.70 16.90
19.80 15.50 19.80 20.00 17.70 19.90 18.80 19.70
18.00 19.80 19.50 19.90 19.80 19.90 19.80 19.00
18.40 18.60 19.60 18.70 18.00 19.70 19.60 16.10
19.90 20.00 19.10 18.50 19.40 19.40 19.40 19.30
19.20 18.30 19.20 18.00 18.30 19.00 17.50 18.60
19.60 18.80 19.80 13.10 19.10 20.00 19.80 17.70
19.30 19.60 19.00 13.00 19.10 17.80 19.70 19.90
14.30 19.40 17.10 16.50 17.30 19.30 18.80 19.80
19.70 18.00 19.40 19.60 19.30 17.90 19.60 19.30
19.50 17.70 17.50 18.60 15.00 19.70 18.90 15.60
19.50 19.00 15.80 17.30 16.60 17.50 20.00 19.10
19.20 19.10 16.90 19.90 18.20 17.50 19.90 18.70
18.80 19.80 19.10 19.00 19.60 19.20 18.50 13.00
19.30 18.20 19.10 19.00 19.40 19.50 19.10 17.60
19.00 18.00 15.90 19.70 14.30 19.90 17.30 19.60
17.70 20.00 19.60 14.90 18.20 20.00 20.00 19.70
19.10 19.90 14.90 19.20 14.80 18.00 19.30 17.50
13.80 15.50 19.70 18.30 18.40 19.90 19.20 16.40
17.70 17.80 17.70 19.20 14.70 18.90 19.00 19.90
19.80 19.70 17.70 15.80 19.20 17.80 19.90 18.00
17.90 19.50 18.30 19.10 16.10 19.70 17.60 19.80
19.30 19.70 19.50 18.50 19.40 18.20 16.70 19.70
18.00 19.10 18.90 17.70 17.50 19.70 13.10 20.00
14.00 19.30 17.40 16.00 16.80 19.90 19.00 13.70
17.80 18.70 16.80 15.10 19.50 19.60 18.20 18.40
19.30 19.80 19.90 18.80 17.70 18.50 17.30 20.00
18.40 19.80 19.80 19.50 14.80 19.40 19.10 19.60
19.60 17.80 17.60 19.60 18.50 18.50 17.20 16.90
18.60 17.20 19.20 16.50 19.90 19.40 14.90 17.60
19.50 19.30 18.30 18.70 18.50 18.20 18.30 19.80
18.20 18.20 17.60 18.40 19.40 18.30 14.60 19.20
19.60 18.70 18.80 16.00 18.50 19.90 17.80 19.70
17.60 19.80 20.00 18.70 19.10 18.30 19.60 17.50
18.10 19.70 18.60 19.40 19.20 14.60 18.70 16.70
18.40 13.00 19.00 19.20 19.80 17.10 18.80 19.90
16.20 19.70 17.10 18.40 19.30 19.50 20.00 19.10
18.20 14.30 17.20 19.30 18.20 19.50 18.50 19.90
19.30 16.70 19.90 19.80 19.20 19.40 19.10 19.00
18.70 19.40 18.30 15.60 15.00 17.20 19.80 19.60
18.20 14.10 17.90 19.40 19.00 19.00 19.60 18.20
19.60 16.40 18.10 18.20 19.70 16.50 15.30 20.00
16.70 20.00 19.50 12.10 17.20 18.80 18.90 19.30
14.90 18.90 16.30 19.80 16.20 17.10 14.70 19.80
18.30 18.90 19.80 18.70 19.50 17.60 18.80 18.70
19.20 18.20 14.20 19.90 19.90 19.70 19.50 18.90
18.00 18.80 19.40 18.80 17.80 18.50 17.80 17.60
18.10 18.40 19.80 19.80 19.90 17.00 18.10 18.30
19.30 19.60 17.90 19.80 17.90 17.70 19.30 18.30
19.70 19.40 18.50 19.20 17.20 19.60 19.60 17.60
19.60 20.00 19.30 13.40 15.30 19.20 19.40 16.80
16.20 19.80 19.80 19.30 18.70 18.10 19.40 19.80
