284
222 284
54 206 205
80
80 235 284 54 206 205 204 19 222 327 133 102
-1
345 79 235 284 9 54
345 79 235 284 9 54 13 206 102 205
204 222 196
330 257 153 19 207
80 125
-1
133 327
345 79 41 235 330 284 9 54
330 345 79 41 235 284 9 54 13 206 102 205 204 280 222
330 79 41 235 284 9 54 13
330 79 263 41 235 284 286 54 13 99 350 206 102 205
76 330 350 79 263 41 235 284 286 54 13 99 206 102 205 199 280
76 330 350 79 263 41 235 284 286 54 13 99 206 102 205 199 280
130
212 302 222 196 257 153 258 19 65 207 80 125 189 133 327
251 76 330 350 79 362 263 41 235 284 286 54 324 13 99 130 102 205 212 164 302 199 280 196 222 257 153 258 19 65 207 80 206 125 189 133 327 262 117 175 27 170 9 209 208 86
251 76 330 350 79 362 263 41 235 284 286 54 324 13 99 130 102 205 212 164 302 198 199 280 196 222 257 153 258 356 19 65 207 80 206 125 189 133 9 327 262 117 281 175 27 170 209
152 251 58 76 330 350
79 362 263 41 235 286 54 324 13 99 130 205 102 212 164 302 198 199 320 280 196 222 257 153 258 356 19 65
152 251 58 76 330 350 79 362 263 41 235 27
152 251 58 76 179 330 350 79 362 263 41 235 27 253 286 54 324 13 99 130 205 102 28 5 212 164 302 198 199 320 280 196 222 257 153 348 356 19 65 207 17 80 206 125 189
152 251 58 76 179 330 350 79 28 213 362 263 41 235 27 253 286 54 324 13 99 130 205 102 5 212 164 302 198 199 320
267 84 280 196 222 257 153 348 356 19 65 207
354 284
17 80 206 125 189 133 9 344 75 327 262 117 281 175 258 170 209 208 86 292 345 265 204
-1
152 251 58 267 84 76 179 232 330 350 79 28 213 362 263 351 41 235 27 253 286 54 324 13 99 130 205 102
152 251 58 267 84 76 179 232 330 350 79 28 213 362 263 351 41 235 27 253 286 54 324 13 223 99 130 205
152 251 58 267 84 76 179 232 330 350 79 28 213 362
152
251 58 267 84 76 179 232 330 350 79 28 213 362 354 336 351 41 95 27 253 286 54 324 13 223 335 99 130 205 102 5 212 164 302 121 198 199 280 128 196 228 222 257 153 348 356 19 65 67 207 216 284 162 17 80 206 125 189 133 9 344 75 327 262 281
152 251 58 267 84 76 179 232 330 350 79 28 213 362 336 351 41 95 27 253 286 54 324 13 223 335 99 130 205 102 212 5 164 354 302 121
168 1 198 199 280 128 196 228 222 257 153 172 348 356 19 182 65 67 207 216 284 162 17 80 206 125 189 133 9 344 75 327 262
152 251 58 267 84 76 179 232 330 350 79 28 213 362 336 351 41 95 27 253 286 54 39 324 125 13 223 335 99 130 122 168 205 102 212 1 5 164 354 302 121 198
-1
152 251 58 267 109 84 76 179 232
330 350 79 178 28 213 362 336 351 41 95 27 253 286 54 324 125 13 223 105 335 99
249 130 122 168 205 102 212 1 5 164 354 302 121 198 199 280 128 196 228 222 257 153 172 348 356 19 182 65 67 207 216 284 162 17 80 206 189 133 9 316 344 75 327 262 3 281 320 175 39 288 258 170 209 208 326 117 263 86 177 292
251 58 267 109 84 76 179 232 330 350 79 178 28 213 362 170 336 351 249 41 95 27 253 286 54 324 125 13 223 105 335 99 130 122 168 205 102 212 1 5 164 354 302 121 198 199 280 128 196 228
251 58 267 109 84 76 179 232 350 79 326 108 178 28 213 362 170 336 317 293 351 249 41
251 58 267 109 84 76 179 232 350 79 326 108 178 28 213 362 170 336 317 293 351 249 258 41 95
251 58 267
109 84 76 179 232 350 79 326 108 178 28 213 362 170 229 336 317 293 351 249 258 41 95 301 153 27 253 56 54 327 324 125 13 223 105 99 130 169 122 168 183 205 216 295 102 138 356 212 162 1 264 5 164 354 302 121 198 199 280 128 196 228 222 257 330 152 172 348 273 19 335 306 182 65 67 255 207 284 17 80 206 141 189 133 9 311 316 344 75 262 3 281 320 175 39 288 286 209 82 208 117 263 86 177 292 345 332 83 165 21 235 265 204 124
-1
251 58 267 109 84 76 179 232 350 79 326 108 178 28 213 362 170 336 317 293 351 249 258 41 95 301 153 27 253 56 54 327 324 125 13 223 105 99 130 169 122 168 183 205 216 295 102 138 229 356 212 162 1 264 5 164 354 302 121 198 199 280 128 196 228 222 257 330 152 172 348 273
251 58 267 109 84 76 179 232 350 79 326 108 178 28 213 362 170 336 317 125 293 351 249 258 41 95 301 153 27 253 56 54 327 324 13 223 105 99 130 169 122 211 168 183 205 216 295 102 29 138 229 356 212 162 1 264 5 164 354 302 121 198 199 280 128 196 228 222 257 330 152 172 348 273 290 19 335 306 182 65
251 58 267 109 84 76 179 232 350 79 326 108 178 28 213 362 170 200 317 125 293 351 249 258 41 95 301 153 27 253 56 54 327 324 13
251 58 169 267 109 84 76 179 232 350 79 326 108 178 28 213 362 170 200 317 125 293 351 249 258 41 95 301 153 27 253 56 54 327 324 13 223 105
99 130 122 211 168 155 183 205 216 295
102 29 138 229 356 212 162 1 264 5 164 354 302 121 198 199 280 128 196 228 222 257 330 152 172 348 273 290 19 335 306 243 182 319 304 65 67 255 207 256 284 17 80 206 141 189 133 9 311 316 344 75 262 3 281 300 320 175 39 60 11 288 286 209 82 208 117 263 86 193 177 292
251 58 169 267 109 84 76 179 131 232 350 79 326 108 178 28 213 362 170 200 317 293 351 249 258 41 95 301 153 27 253 56 54 327 324 13 223 105 99 130
251 58 169 267 109 84 76 179 131 232 350 238 79 326 108 178 28 213 362 170 200 317 293
351 249 258 41 95 301 153 27 253 56 54 327 324 13 223 105 99 130 122 211 168 155 224 183 205 216 295 102 29 138 229 356 212 162 1 264 5 164 354 302 121 198 199 280 128 125 196 228 222 257 152 172 348 273 290 19 335 306 243 182 319 315 330 304 65 286 67 255 207 256 284 17 80 206 141 189
251 58 169 267 102 109 84 76 179 131 232 350 238 79 326 108 178 28 213 362 170 200 317 293 351 249 258 41 95 301 153 27 253 56 54 327 324 13 223 105 99 130 122 211 168 155 224 183
59 205 216 295 29 138 229 237 356 212 162 1 264 5 164 354 302 121 198 199 280 128 125 196 228 222 257 152 172 348 273 290 19 335 306 243 182 319 315 330 304 65
-1
251 58 169
251 58 169 267 102 109 84 76 179 131 232 350 238 79 326 108 178 28 213 362 170 38 200 317 293
351 249 258 41 95 242 301 153 27 59 253 56 54
327 324 13 223 105 99 130 122 211 321 168 155 224 183 205 216 207 295 29 138 229 237 121 163 356 212 162 1 5 164 354 302 198 199 133 280 128 125 196 228 222 257 269 152 172 348 273 290 19 335 306 243 182 319 315 330 304 65 286 67 255 256 284 17 80 206 141
189 214 167 9 311 316 344 151 262 3 281 300 320 175 264 39 60 11 288 209 82 126 208 117 263 86
-1
-1
251 58 169
251 58 169 267 102 109 84 76 179 131 232 215 334 350 238 79 326 108 178 28 213 362 170 38 200 8 317 293 351 249 258 41 95 242 301 153 27 360 59 253 56 129 54
-1
-1
251 58 169 267 102
109 84 76 179 131 232 215 334 350 238 79 326 108 270 178 28 213 101 362 170 240 38 361 200 8 317 293 351 249 258 41 95 242 301 252 153 27 360 59 253 56 129 327 324 13 223 105 99 130 48 14 122 211 321 168 155 224 183 205 216
-1
251 331 58
251 331 58 169 267 102 109 84 76
179 131 232 215 334 238 79 326 108 270 178 28 213 101 362 170 240 38 361 200 8 317 293 351
249 258 95 242 301 252 153 27 285 360 59 253 56 129 343 327 324 13 223 105 99 130 48 14 122 211 321 168 155 224 183 205 216 207 295 29 138 229 237 121 163 356 212 162 1 5 164 354 302 241 198 199 133 280 128 111 125 196 117 228 222 257 77 269 152 172 348 256 273 19 335 306 243 182 159 319 315 330 290 304 65 286 67 255 284 17 80 206 141 272 41 189 214 167 9 311 316 344 154 151 262 3 281 300 320 175 264 39 60 11 288 209 82 126 208 263 86 193 75 177 292 345 332 323 83 165 21 181
-1
-1
-1
251 331 58 169 267 102 109 84 76 179 131 232 215 334 238
251 331 58 169 267 102 109 84 76 179 131 232 215 334 238 79 326 270 178 28 22 213 101 362 170 240 38 361 200 8 317 293 249 258 95 242 301 252 153 27 285 360 59 253 69 56 129 343 327 324 13 223 105 99 48 14 122 211 321 168 155 224 183 205 216 207 295 29 351 134 138 229 237 121 163 356 162 1 5 164 354 302 241 198 199 133 280 128 130 111 125 196 117 228 222 257 77 269 152 172 256 273 19 335 306 243 182 159 319 315 330 290 304
251 331 58 169 267 102 109 84 76 179 131 232 215 334 238 79 326 270 178 28 22 213 101 362 170 240 38 361 200 8 317 293 249 258 95 242 301 252 153 27 285 360 59 253 69 56 129 343 327 324 13 223 105 245 99 48 14 122 211 321 168 155 224 183 205 216 162 207 295 29 351 134 138 229 237 121 163 356 1 5 164 354 302 241 198 199 133 280 128 130 111 125 196 117 228 222 257 77 269 152 172 256 273 19 335 306 243 182 159 319 315 290 304 65 212 286 67 255 284 283 265 17 80 206 141 272 41 189
250 214 167 9 311 316 344 154 92 151 262 3 281 108 300 320 175 264 39 60 11 288 127 209 82 126 208 330 263 86 193 75 177 292 345 332 323 166 83 165 21 348 181 235 350 54 221
251 331 58 169 267 102 84 76 179 131 232 53 334 238 79 326 270 178 28 22 213 101 362 170 240 38 361 200 8 317 293 249 258 95 242 301 252 153
