516
440
326
326 214 380
42
328 440 235
-1
-1
227 380 421
380 421 227 302 235 328 483 210 440 516 477
493 321 366
-1
328 493 374 380 421 227 243 302 235
328 493 374 380 421 227 243 302 235 483 210 440 516 477 321 366 231 438 214 564 197 190 79 474 485 42 442
-1
-1
328 454 493 374 150 380 421 227 323 420 243 302 235 483 42 210
328 454 493 374 231 150 380 421 227 323 420 243 321 302 235 483 209 42 210 485 440 516 477 366 438 246 214 564 197 190 79 474
48 21 442 326 189 215 535
-1
328 454 113 493 374 231 150 380 421 227 323 420 243 48 321 302 235 483 209 42
410 210 485 440 21 516 477 564 366 438 246 214 4 197 190 112
328 410 454 493 374 231 150 380 421
153 227 323 420 243 48 321 302 235 483 267 209 42 210 485 440 21 516 477 564 366 113 438 361 246 214 4 197 190 112 79
328 410 454 153
328 410 454 153 493 374 231 150 380 421 227 323 420
243 48 302 520 235 98 483 267 42 210 485 440 21 516 477 564 104 366 397 113 390 321 361 246 364 214 4 209 197
190 112 79 474 438 492 442 326 189 503 215 269 535 548 447
328 410 454 532 153 493 374 104 231 150 380 421 227 323 420 243
48 302 520 235
328 197 410 454 532 153 493 374 104 231 150 380 421 227 323 420 73 243 48 302 520 235 98 483 267 42 210 485 440 194 21 516 477 564 366 397 113 390 321
157 361 246 364 214
328 197 410 454 532 153 493 374 104 231 150 380
328 197 410 454 28 532 153 493 374 104 231 150 380 421 227 489 323 420 73 243 53 48 302 520
328 197 410 454 28 532 153 493
328 197 410 454 562 28 532 438 153 493 374 104 231 150 380 421 227 489 323 420 73 243 53 48 302 520 224 235 358 98 483 157 267 42 210 485 440 194 21 516 477 564 209 366 397 113 321 361 246 364 214 4 547 111 293 112 79 190 474 390 14 492 442 326 502 189 503 215
-1
140 197 410 454 562 28 532 438 153 493 80 374 104 231 150 380 421 227 489 323 420 328 73 243 53 48 302 520 224 235 358 98 483 157 267 42 210 485
140 197 410 454 73 562 28 532 438 153 493 80 374 104 231 150 380 421 227 489 323 420 328 243 53 48 302 520 224 235 358 98 483 157 267 42 210 485 440 194 21 126 516 477
564 209 547 366
140 197 410 326 454 73 562 28 532 438 153 493 80 374 104 231 150 380 421 227 489 323 94 420 328
243 53 48 302 520 224 235 358 98 483 157 267 42 210 485
404 440 194 276 21 126 516 477
140 421 197 410 326 454 73 562 28 532 109 438 153 493 80 374 104 231 150 380 404 227 489 323 94 420 328 243 53 48 302 520 224 235 358 98 483 157 267 42 453 210 485 440 194 276 21 126 516 477 564 209 547 366 397 113 321 428 361 246 364 214
386 140 421 197 410 326 454 73 562 28 111 532 109 383 438 153 182 493 80 374 104 231 150 380 404 227 489 323 94 420 328 243 53 48 302 520 224 235 358 98 267 42 453 210 485
386 140 421 197 410 326 454 73 562 28 111 532 109 383 438 153 182 493 80 374 104 231 150 380 404 227 489 323 94 420 419 328 243 53 48 62 302 520 224 235 358 98 267
140 421 197 410 326 454 73 562 28 111 532 109 383 438 153 182 493 80 374 104 231 150 380 404 227 489 323 94 420 344 419 328 243 53 48 62 302 520 224 235 358 98 267 42 453 210 485 440 194 276 21 126 516 477 564 547 366 397 113 157 321 428 361 246 364 214 4 293 112 443 387 209 79 190 474 483 13 390 106 548 353 386 14 492 442
140 421 197 410 326 454 73 562 28 111 532 109 383 438 153 182 493 80 374 104 231 150 380 404 227 489 323
394 94 420 473 344 419 328 243 53 48 62 302 520 224 235 358 98
377 267 276 42 210 485 440 194 304 21
126 516 477 564 547 366 397 113 157 321 428 361 246 364 214 4
140 421 197 410 326 454 73 562 28 111 532 109 383 438 153 182 493 80 374 104 231 150 380 404 394 227 489 252 323 94 420 473 344 419 328 243 53 48 62 302 520 224 235 358 98 377 267 276 42 210 485 440 194 304 21 126 516 477 564 547 397 113 157 321 428 361 246 364 366 214 4 293 112 443 387 209 79 190 453 474 483 13 390 106 548 507 353 386 14 492 442 502 189
-1
-1
140 421
197 410 326 454 73 562 28 111 532 109 383 438 153 182 493 80 374 159 104 231 150 380 404 394 227 489 103 252 323 94 420 473 189 344 419
328 243 53 48 62 302 520 224 235 317 358 98 21 377 201 267 276 42 210 485 440 194 304 126 516 477 564 547 397 113
140
421 197 410 326 454 73 562 268 28 111 532 109 383 438 153 182 493 80 377 374 159 104 231 150 380 404 394 227 484 489 103
252 323 94 420 242 473 189 344 419 328 243 53 48 62 302
520 224 235 317 321 358 368 21 201 267 276 42 210 485 440 194 304 126 516 477 564 547
140 421 197 410 326 454 73
140 197 410 326 454 73 562 268 28 111 532 109 383 402 438 153 182 493 80 377 374 159 104 231 150 380 404 394 227 484 489 103 252 323 94 420 242 473 189 344 419 328 243 48
62 302 520 224 235 317 321 358 368 21 201 267 276 42 210 485 440 194 304 126 516 477 564 547 397 113 53 157 428 361 246 364 98 366 351 214 4 293 112 443 387 209 79 190 212 453 474 483 13 508 390 106 421 548
140 197
140 157 197 410 326 266 454 73 477 562 268 28 111 532 109 383 402 438 153 182 493 80 377 374 159 104 231 150 380 404 394 27 227 484 489 103 252 282 323 94 420 242 473 189 344 419 328 243 48 62 302 520
157 197 410 326 266 454 73 477 562 268 28 111 532 109 383 317 402 438 153 182 140 493 80 377 374 159 104 231 150 380 404 394 27 227 484 489 103 252 323 94 420 242 473 189 344
-1
157 197 410 326 266 105 454 73 562 268 28 477 111 532 109 83 383 317 402 438 153 182 140 493 80 374 159 104 231 150 380 404 394 27 227 484 489 103 252 323 94 503 420 242 473 189 344 282 419 243 48 62 88 302 520 224 235 321 358 64
157 197 410 326 266 105 454 73 562 268 28 477 111 532 109 83 383 317 402 438 192 153 182 140 493 80 374 159 104 231 150 380 404 394 27 34 227 484 489 103 252 323 94 503 420 242 473 189
344 282 419
243 48 62 88 302 520 224 235 321 358 64 260 21 201 267 546
157 197 410 326 266 105 454 73 562 268 28 477 111 532 109 83 383 317 402 438 192 153 182 140 493 80 374 159 104 231 150 380 404 394 27 34 227 484 489 103 252 323 94 503 420 242 473 189 344 282 419 243
157 197 410 326 266 105 454 73 562 268 28 477 111 532 109 83 383 317 402 438 192 153 182 140 493 80 374 159 104 231 150 380 404 394 27 34 227 484 489 103 252 323 94 503 420 242 473 189 344 282 419 243 48 62 88 302 520 257
224 235 321 358 64 147 21 201 267 546 276 363 328 42 210 485 440 194 275 304 516 228 98 377 564 273 547
157 197 410 326 411 266 105 454 73 562 268 28 477 111 532 109 83 383 317 402 438 192 153 182 140 493 80 374 159 104 231 150 380 404 394 27 34 227 484 489 103 252 323 94 503 420 242 473 189 344 282 419 243 48 62 88 302 520 257 210 224 235 321 358 64 147 21 201 267 546 276 363 328 42 485 440 194 275 304 516 146 228 98 377 564 273 547 514 37 397 113 387 77 53 298 428 429 361 246 364 366 351 214 4 165 293 112 443 209 79 190 445
157 197 410 326 411 266 105 454 73 562 268 28 477 111 532 109 83 383 317 402 438 192 153 182 140 493 80 374 159 104 231 150 380 404 394 27 34 227 484 489 103
157 197 410 326 411 266 105 454 73 562 268 28 477 111 532 109 83 383 317 402 438 192 153 182
379 140 493 80 374 159 104 231 150 380 404 394 27 34 331 227 484 489 103 252 323 94 503 12 420 242 473 189 344 282 419 243 48 62 88 302 520 257 210 224 235 321 358 64 147 21 201 267 546 276 363 328 42 485 440 275 304 516 146 228 98 377 564 273 547 37 397 113 387 77 53 298 428 429 361 246 364 498 366 351 214 4 165 293 112 443 209 79 190 445 212 248 453 368 483 13 508
136 365 194 390 106 474 126 373 421 548 507 137 353 78 155 9 188 269 544 386 14 527 492 352 442 502 551 215 535 260 447 487 10
-1
-1
-1
-1
157 342 197 379 410 326 411 266 105 454 73 562 268 28 477 111 532 109 83 383 317 402 438 192 153 182 140 493 80 374 159 104 231 150 380 404
27 34 385 331 227 484 489 103 252 323 94 503 12 420 223 242 473 189 344 282 419 136 243 48
62 88 302 520 257 210 224 235 321 358 64 147 21 201 267 546 365 276 144 363 328 42 485 440 275 304 516 146 228 98 377 564 273 547 37 397 113 387 77 53 298 428 429 361 246 425 364 498 366 351 214 4 135
157 342 197 379 410 326 411 266 105 454 73 562 268 28 477 111 532 109 83 383 317 402 438 192 153 182 140 493 80 374 159 104 231 150 380 404 27 34 385 331 484 489 103 252 323 94 503 12 420 223 242 473 189 344 282 419 136 243 48 62 88 302 520 257 210 224 235 321 358 64 147 21 201 267 546 365 30 276 144 363 328 42 485 440 275 304 516 146 228 98 377 564 273 547 37 397 113 387 77 53 298 428 429 361
157 342 197 379 410 326 411 266 105 454 73 562 268 28 477 111 532 109 83 383 317 402 438 192 153 182
157 342 197 379 410 326 411 266 105 454 73 562 268 28 477 111 532 109 83 383 317 402
438 192 153 182 140
157 342 197 379
157 342 197 379 128 410 326 530 411 266 105 454 73 562 268 28 477 111 532 109 83 383 317 402 438 192 153 182 140 80 374 159 104 231 150 380 404 27 34 385 331 484 489 103 252 323 94 503 12 420 507 223 242 473 189 344 282 419 136 243 48 110 62 88 113 352 302 520 257 210 504 224 235 321 358 64 158 147 21 508 310 201 267 546 365 30 276 144 363 37 439 328 42 396 131 485
157 342 197 379 128 410 326 530 411
266 105 454 73 562 268 28 477 111 532 109 83 383 317 402 438 192 153 182 140 80 374 159 104 231 150 380 404 27 34 385 331 484 489 103 252 323 94 503 12 420 507 223 242 473 189 344 282 419 136 243 48 110 62 88 113 352 302 520 257 237 210 504 224 235 321 358 64 158 147 21 310 201 267 546 365 30 276
144 363 37 439 328 42 396 131 485 440 204 275 176 304 349 397 516 146 461 228 98 377 564 508 273 79 387 53 298 428 429 361 246 425 364 547 498 366 351 214 4 69 135 173 199 165 329 355 293 112 443 463 209 394 190 445 212 248 453 368 483 13 493 194 390 427 444 106 474 126 373 421 548 137 118 534 574 353 78 155 9 188 269 544 386 14 527 492 442 502 551 215 203 31 77 535 260 227 447 487 10 569 514
-1
-1
-1
-1
157 342 197 379 128 410 326 530 411 266 105 454 73 562 268 28 477 111 532 109 83 383 402 438 192 153 182 556 140 80 374 159 104 231 150 380 404 27 241 34 385 331 484 489 103 252 323 94 503 12 420 507 223 242 473 189 344 282 419 136 243 48 110 62 88 113 352 302 520 257 237 210 504 224 235 321 358
64 158 147 348 21 310 201 267 546 365 490 30 276 144 363 317 439 328 42 396 131 485 440 204 275 176 304 349 397 516 146 461 577 228 98 377 564 508 273 79 387 53 298 428 429 361 246 425 364 547 498 366 351 214 4 69 135 173 199 165 329 355 293 112 443 463 209 394 190 445 212 248 453 368 483 13 493 194 390
292 308 427 444 106 474 126 373 421 548 137 118 534
-1
-1
157 342 197 379 128 410 326 530 411 287 266 105 454 73 562 268 28 477 111 532 109 83 383 402 438 192 153 182 556 140 80 374 159 104 231 150 380 404 27 241 34 385 331 484 489 103 252 323 94 503 12 420 507 223 242 473 189 344 282 419 136 243 48 110 62 88 113 352 302 520 257 237 210 504 224 235 321 358 64 158 147 348 21 310 201 267 546 365 490 30 276
157 342 197 379 128 410 326 530 411 287 266 105 454 73 562 268 28 477 111 532 109 83 383 402 438 192 153 182 556 140 80 374 104 231 150 380 404 27 241 34 385 331 484 489 103 252 323 94 503 12 420 507 223 242 473 189 344 282 419 136 243 48 110 62 88 113 352 302
157 342 197 379 128 410 326 530 411 287 266 105 454 73 562 268 28 477 111 532 109 83 383 402 438 192 153 182 556 140 80 374 104 231 150 380 404 27 241 34 385 331 484 489 103 252 323 94 503 12 420 507 223 242 473 189 344 282 419 136 243 48 110 62 88 113 352 302 520 257 237 210 504 224
360 235 321 358 64 158 147 348 21 310 201 267 546 365 366 490 30 276 144 363 317 439 328 292 42 396 131 485 440 204 275 176 304 349 397 516 146 308 461 154 577 228 98 377 564 508 273 79 387 53 298 428 429 361 246 425 145 364 547 498 351 214 4 69 135 173 199 381 165 329 355 531 293 112 443 463 209 394 190
157 342 197 379 128 410 360 326 530 411 287 266 105 454 73 562 268 28 477 111 532 109 83 383 402 438 192 153 182 556 140 80 374 104 231 150 380 404 27 241 34 385 331 484 489 103 252 323 94 503 12 420 507 223 242 473 189 344 282 419 136 48 110 62 88 113 352 302 520 257 237 210 504 224 235 321 358 64 158 147 243 348 21 310 201 267 546 365 366 490 30 276 144 363 317 439 328 292 42 396 131 485 440 204 275 176 304 349 397 516 146 308 461 154
166 288 577 228 98 377 564 508 273 79 387 53 298 428 429 361 246 425 145 364 547 498 351 214 4 69 135 173 199 381 165 329 355 531 293 112
157 342 197 379 128 410 166 360 326 530 411 287 266 105 454 73 562 268 28 477 111 532 109 83 383 402 438 192 153 182 556 140 80 374 104 231 150 380 404 27 241 34 385 331 484 489 56 103 252 323 94 503
157 342 197 379 128
410 166 190 360 326 530 411 287 266 105 454 73
562 268 28 477 111 532 109 83 383 402 438 192 153 182 556 140 132 80 374 104 231 150 380 404 27 262 241 34 385 331 484 489 56 103 252 323 94 503 12 420 507 242 473 189 344 282 419 136 121 48 110 62 88 113 352 302 288 520 257 106 237 210 504 224 235 321 358 545 64 147 243 348 21 310 201 267 546 365 366 490 30 276 144 363 439 328 292 42 396 158 131 485 440 204 275 176 304 349 397 516 146 308 461 154 577 228 98 377 564 508 273 406 79 223 387 53 298 428 250 429 361 246 425 145 364 547 498 351 214 4 69 135 173 199 381 165 329 355 531 293 112 443 463 209 394 456 233 445 212 248 453 368 13 493 194 390 196 427 444 474 126 496 373 421 548 137 118 534 574 353 78 155 9 188 269 544 386 14 8 527 492 442 502 551 346 159 37 215 483 203 222 31 77 535 260 227 447 487 317 569 514 10 510
-1
-1
-1
-1
-1
-1
-1
-1
157 342 197 379 128 410 166 190 360 326 530 411 287 266 105 454 73 562 268 28 477 111 532 109 83 383 402 438 192 153 182 556 140 132 80 374 104 231 150 542 380 404 27 262 241 34 385 331 484 489 56 103 252 323 94 503 12 420 507 242 473 125 189 344
282 547 419 136 121 48 110 62 88 113 352 302 288 520 257 106 237 210 504 224 277 235 321 358 545 64 147 243 348 21 310 201 267 546 365 366 490 30 276 144 363 439 328 292 42 396 158 131 485 440 204 275 176 304 349 397 516 146 308 461 154 577 228 98 377 564 508 273 513 406 79 223 387 53 298 428 250 429 361 246 425 145 364 498 351 214 4 69 135 173 199 381 165 329 355 543 531 499 293 112 443 463 209 394 456 233 445
479 212 248 453 368 13 493 194 390 196 427 444 474 126 29 496 373 421 548 137 118 534 574 353 78 155 9 188 269 544 386 14 538 8 527 492 442 502
-1
157 342 17 197
157 342 17 197 379 128 410 166 190 360 326 530 482 479 411 287 266 105 454 73 562 268 28 477 111 532 109 83 383 402 438 192 153 182 556 140 132 80 374 104 231 150 542 380 404 27 262 241 34 385 331 484 489 56 103 252 323 94 503 12 420 507 242 473 125 189 344 282 547 419 373 136 121 48 110 88 113 352 302 288 520 257 106 237 261 210 504 224 277
235 256 321 358 545 64 147 243 348 21 310 201 267 546
365 550 366 490 30 276 403 144 15 363 439 328 292 42 396 393 158 131 485 440 204 275 176 304 349 397 85 516 146 308 461 154 239 577 228 98 377 564 508 273 513 406 567 79 223 387 53 298 428 250 429 361 246 425 145 364 227 498 351 214 4 69 135 173 199 381 165 329 355 543 531
157 342 17 197 379 128 410 166 190 360 326 530 482 479 411 287 266 105 454 73 562 268 28 477 111 532 109 83 383 402 438 192 153 182 556 140 132 80 374 104 231 150 542 380 404 27 138 262 436 241 34 385 331 484 489 56 103 252 323 94 503 12 420 507 242 473 125 189 344 282 547 419 373 136 121 48 110 88 113 352 302 288 520 257 106 237 261 210 504 224 277 235 256 321 358 545 64 60 147 243 348 21 310 201 267 546 365 550 366 490 30 276 403
157 342 17 197 379 128 410 166 190 360 326 530 482 479 411 287 266 105 454 73 562 268 28 477 111 532 109 83 383 402 438 192 153 182 556 140 132 80 374 104 231 150 542 380 404 27 138 262 436 241 34 385 331 484 489 56 103 252 323 94 503 12 420 507 242 473 125 189 344 282 547 419 373 136 121 48 110 88 113 352 302 288 520 257 59 106 237 261 210 504 224 277 235 256 321 358 545 64 60 147 243 348 21 310 201 267 546 365 550 366 490 30 276 403 144 15 363 439 328 292 396 393 158 131 485 440 204 275 176 304 349 397 85 516 146 308 461 239 577 228 98 377 564 508 273 513 567 42
-1
157 342 17 197 379 128 410 166 190 360 326 530 482 479 411 287 221 266 105 454 73 562 268 28 477 156 111 532 109 83 353 383 402 438 192 153 182 556 140 132 80 374 104 215 231 150 542 380 404 27 138 262 436 241 34 385 331 296 484 489 56 103 252 323 503 12 420 507 242 473 125 189 344 282 547 419 373 136 121 48 110 88 113 352 302 288 520 257 59 106 237 261 210 504 224 277 235 256 321 358 545 64 60 11 147 243 348 21 310 201 267 546 365 550 366 490 30 276 403 144 15 363 439 328 292 94 396 393 158 131 485 440 204 275 176 304 349 397 85 516 146 308 461 239 577 228 98 377 564 508 273 513 58 567 42 79 223 387 53 298 9 428 250 429 361 314 246 425 145 406 364 227 498 351 214 4 69 135 173 199 381 165 329 355 543 531 499 293 112 443 463 62 209 394 456 233 445 212 248 453 368 13 493 194 390 196 427 444 540 474 126 29 496 421 548 137 118 424 154 534 574 294 78 155 188 269 544 386 14 163 538 571 8 527 492 442 399 502 551 346 159 37
-1
-1
157 342 17 197 379 128 410 166 190 360 326 530 482 479 411 287 221 266 105 454 73 562 268 28 477 156 111 532 109 83 353 383 402 438 192 153 182 556 140 132 80 329 374 104 215 231 150 542 380 404 27 138 262 436 241 34 385 331 296 484 489 56 103 252
323 503 12 420 507 242 473 125 189 344 282 547 419 373 136 121 48 110
88 113 352 302 288 520 257 59
157 342 17 197 379 128 410 166 190 360 326 530 482 479 411 287 221 266 105 454 73 562 268 28 477 156 111 532 109 83 353 383 402 438 192 153 182 556 140 132 80 329 374 104 215 231 150 542 380 404 27 138 262 436 241
342 17 197 379 128 410 166 190 360 72 326 530 482 479 411 287 171 266 105 454 73 562 268 28 477 156 111 532 109 83 353 383 402 438 192 153 182 556 140 132 80 329 374 486 104 215 231 150 542 380 404 27 221 138 262 436 241 34 385 331 296 484 489 56 103 252 323 503 12 420 507 242 473 125 189 344 282 547 419 373 136 121 48 110 88 113 352 302 288 520 257 59 106 237 261 210 504 224 277 235 367 256 321 358 545 64 60 11 147 243 348 21 310 201 267 546 365 550 366 490 30 276 403 144 15 363 439 328 292 94 396 393 158 131 485 440 204 275 176 304 349 397 85 516 146 308 461 239 577 228 98 377 361 564 508 273 513 58 567 42 79 223 387 53 311 298 9 428 250 429 314 246 425 145 406 187 364 227 498 351 214 4 69 135 173 199 381 165 157 355 543 531 499 293 112 443 247 463 62 209 394 456 233 445 212 248 453 368 13 493 194 390 196 427 444 540 474 126 29 496 421 548 137 118 424 154 534 574 294 78 155 188 269 544 386 14 163 538 571 8 527 492 442 399 502 551 346 159 37 483 203 222 31 77 535 16 260 447 487 317
-1
342 17 197 379 128 410 166 190 360 72 326 530 482 411 287 171 266 105 454 73 562 268 28 477 156 111 532 109 83 353 383 402 438 479 192 153 182 556 140 132 80 374 486 104 215 231 150 542 380 404 27 221 138 262 436 241 329 34 385 331 296 484 489 56 103 252 323 503 12 420 507 242 473 125 189 344 282 547 467 419 373 136 121 48 110 88 113 352 302 288 520 257 59 106 237 261 210 504 224 277 235 367 256 321 358 545 64 60
11 147 243 348 21 310 201 267 546 365 550 366 490 30 276 403 144 15 363 439 328 292 94 396 555 393 158 334 131 485 440 204 275 176 304 349 397 85 516 146 308 461 239 577 228 98 377 361 564 151 508 273 513 58 567 42 79 223 387 53 311 298 9 428 250 429 314 246 425 145 406 187 364 227 498 351 214 4 69 135 173 199 381 165 157 355 543 531 499 293 112 443 247 463 62 209 394 456 233 445 212 248 453 368 13 493 194 390 196 427 444 540 474 126 29 496 421 548 137 118 424 154 534 574 294 78 155 188 269 544 386 14 163 538 571 8 527
342 17 197 379 128 410 166 190 360 72 326 530 482 411 287 171 266 105 454 73 562 268 28 477 156 111 532 109 83 353 383 402 438 479 192 153 182 556 140 132 80 374 486 104 215 334 231 150 542 380 404 27 221 138 262 436 576 18 241 329 34 385 331 296 484 489 56 103 252 323 503 12 420 507 242 473 125 189 344 282 547 467 419 373 136 121
48 110 88 113 352 302 288 520 257 59 106 237 261 210 504 224 277 235 367 256 321 358 545 64 60 11 147 243 348 21 310 201 267 546 365 550 366 490 30 276 403 144 15 363 439 328 292 94 396 555 393 158 131 485 440 204 275 176 304 349 397 85 516 146 308 461 239 391 577 228
-1
98 377 361 564 151 508 273 513 58 567 42 79 223 387 53 311 298 9 428 250 429 314 246 425 145 406 187 364 227 498 351 214 154 4 69 135 173 199 381 165 157 355 543 499 293 112 443 247 463 89 62 209 394 456 233 445 212 248 453 368
-1
-1
-1
-1
17 197 379 128 410 166 190 360 72 326 530 482 411 287 171 266 105 454 73 562 268 28 477 156 111 532 109 83 353 383 402 438 479 192 153 182 556 140 132 80 512 374 486 104 215 334 231 150 542 380 404 27 221 138 262 436 576 18 241 329 34 385 331 296 484 489 56 103 252 323 503 12 420 507 242 473 125 342
17 197 379 128 410 166 190 360 72 326 530 482 411 287 171 266 105 454 73 562 268 28 477 156 111 532 109 83 353 383 402 438 479 192 153 182 556 140 132 80 512 374 486 104 215 334 231 150 542 380 404 27 221 138 306 262 436 576 18 241 329 34 385 331 296 484 96 489 56 103 252 323 503 12 420 507 242 473 125 342 189 344 282 547 467 419 373 136 121 48 110 88 113 352 302 288 520 257 59 106 237 261 210 504 224 277 235
