2.0960 134.7174
2.1933 125.2024
2.2915 115.5437
2.3900 105.8405
2.4884 96.1985
2.5860 86.7265
2.6823 77.5318
2.7768 68.7154
2.8689 60.3677
2.9580 52.5645
3.0438 45.3640
3.1258 38.8048
3.2037 32.9059
3.2772 27.6671
3.3462 23.0713
3.4104 19.0871
3.4700 15.6722
3.5250 12.7766
3.5754 10.3464
3.6214 8.3262
3.6632 6.6617
3.7010 5.3016
3.7351 4.1986
3.7657 3.3103
3.7931 2.5994
3.8176 2.0338
3.8394 1.5860
3.8587 1.2331
3.8758 0.9563
3.8910 0.7399
3.9044 0.5712
3.9162 0.4402
3.9266 0.3387
3.9357 0.2602
3.9438 0.1997
3.9508 0.1530
3.9570 0.1172
3.9624 0.0896
3.9671 0.0685
3.9713 0.0523
3.9749 0.0400
3.9781 0.0305
3.9809 0.0233
3.9833 0.0177
3.9854 0.0135
3.9873 0.0103
3.9889 0.0078
3.9903 0.0060
3.9916 0.0045
3.9926 0.0035
