3.3840 183.5630
3.7508 119.4999
4.0788 69.9459
4.3517 36.7561
4.5628 17.4821
4.7154 7.6459
4.8197 3.1347
4.8880 1.2272
4.9313 0.4657
4.9582 0.1732
4.9747 0.0636
4.9848 0.0232
4.9908 0.0084
4.9945 0.0030
4.9967 0.0011
4.9980 0.0004
4.9988 0.0001
4.9993 0.0001
4.9996 0.0000
4.9997 0.0000
4.9998 0.0000
4.9999 0.0000
4.9999 0.0000
5.0000 0.0000
5.0000 0.0000
5.0000 0.0000
5.0000 0.0000
5.0000 0.0000
5.0000 0.0000
5.0000 0.0000
5.0000 0.0000
5.0000 0.0000
5.0000 0.0000
5.0000 0.0000
5.0000 0.0000
5.0000 0.0000
5.0000 0.0000
5.0000 0.0000
5.0000 0.0000
5.0000 0.0000
5.0000 0.0000
5.0000 0.0000
5.0000 0.0000
5.0000 0.0000
5.0000 0.0000
5.0000 0.0000
5.0000 0.0000
5.0000 0.0000
5.0000 0.0000
5.0000 0.0000
5.0000 0.0000
5.0000 0.0000
5.0000 0.0000
5.0000 0.0000
5.0000 0.0000
5.0000 0.0000
5.0000 0.0000
5.0000 0.0000
5.0000 0.0000
5.0000 0.0000
5.0000 0.0000
5.0000 0.0000
5.0000 0.0000
5.0000 0.0000
5.0000 0.0000
5.0000 0.0000
5.0000 0.0000
5.0000 0.0000
5.0000 0.0000
5.0000 0.0000
5.0000 0.0000
5.0000 0.0000
5.0000 0.0000
5.0000 0.0000
5.0000 0.0000
5.0000 0.0000
5.0000 0.0000
5.0000 0.0000
5.0000 0.0000
5.0000 0.0000
5.0000 0.0000
5.0000 0.0000
5.0000 0.0000
5.0000 0.0000
5.0000 0.0000
5.0000 0.0000
5.0000 0.0000
5.0000 0.0000
5.0000 0.0000
5.0000 0.0000
5.0000 0.0000
5.0000 0.0000
5.0000 0.0000
5.0000 0.0000
5.0000 0.0000
5.0000 0.0000
5.0000 0.0000
5.0000 0.0000
5.0000 0.0000
5.0000 0.0000
