5.2400 464.0750
5.4658 365.7817
5.6748 282.1142
5.8655 213.0521
6.0367 157.7114
6.1883 114.5915
6.3208 81.8559
6.4352 57.5849
6.5328 39.9668
6.6154 27.4144
6.6847 18.6150
6.7424 12.5316
6.7901 8.3753
6.8294 5.5636
6.8617 3.6773
6.8880 2.4205
6.9094 1.5878
6.9268 1.0387
6.9409 0.6779
6.9524 0.4416
6.9616 0.2873
6.9691 0.1866
6.9751 0.1211
6.9799 0.0786
6.9839 0.0509
6.9870 0.0330
6.9896 0.0214
6.9916 0.0138
6.9932 0.0089
6.9946 0.0058
6.9956 0.0037
6.9965 0.0024
6.9972 0.0016
6.9977 0.0010
6.9982 0.0007
6.9985 0.0004
6.9988 0.0003
6.9990 0.0002
6.9992 0.0001
6.9994 0.0001
6.9995 0.0000
6.9996 0.0000
6.9997 0.0000
6.9997 0.0000
6.9998 0.0000
6.9998 0.0000
6.9999 0.0000
6.9999 0.0000
6.9999 0.0000
6.9999 0.0000
6.9999 0.0000
7.0000 0.0000
7.0000 0.0000
7.0000 0.0000
7.0000 0.0000
7.0000 0.0000
7.0000 0.0000
7.0000 0.0000
7.0000 0.0000
7.0000 0.0000
7.0000 0.0000
7.0000 0.0000
7.0000 0.0000
7.0000 0.0000
7.0000 0.0000
7.0000 0.0000
7.0000 0.0000
7.0000 0.0000
7.0000 0.0000
7.0000 0.0000
7.0000 0.0000
7.0000 0.0000
7.0000 0.0000
7.0000 0.0000
7.0000 0.0000
7.0000 0.0000
7.0000 0.0000
7.0000 0.0000
7.0000 0.0000
7.0000 0.0000
7.0000 0.0000
7.0000 0.0000
7.0000 0.0000
7.0000 0.0000
7.0000 0.0000
7.0000 0.0000
7.0000 0.0000
7.0000 0.0000
7.0000 0.0000
7.0000 0.0000
7.0000 0.0000
7.0000 0.0000
7.0000 0.0000
7.0000 0.0000
7.0000 0.0000
7.0000 0.0000
7.0000 0.0000
7.0000 0.0000
7.0000 0.0000
7.0000 0.0000
7.0000 0.0000
7.0000 0.0000
7.0000 0.0000
7.0000 0.0000
7.0000 0.0000
7.0000 0.0000
7.0000 0.0000
7.0000 0.0000
7.0000 0.0000
7.0000 0.0000
7.0000 0.0000
7.0000 0.0000
7.0000 0.0000
7.0000 0.0000
7.0000 0.0000
7.0000 0.0000
7.0000 0.0000
7.0000 0.0000
7.0000 0.0000
7.0000 0.0000
7.0000 0.0000
7.0000 0.0000
7.0000 0.0000
7.0000 0.0000
7.0000 0.0000
7.0000 0.0000
7.0000 0.0000
7.0000 0.0000
7.0000 0.0000
7.0000 0.0000
7.0000 0.0000
7.0000 0.0000
7.0000 0.0000
7.0000 0.0000
7.0000 0.0000
7.0000 0.0000
7.0000 0.0000
7.0000 0.0000
7.0000 0.0000
7.0000 0.0000
7.0000 0.0000
7.0000 0.0000
7.0000 0.0000
7.0000 0.0000
7.0000 0.0000
7.0000 0.0000
7.0000 0.0000
7.0000 0.0000
7.0000 0.0000
7.0000 0.0000
7.0000 0.0000
7.0000 0.0000
7.0000 0.0000
7.0000 0.0000
7.0000 0.0000
7.0000 0.0000
7.0000 0.0000
7.0000 0.0000
7.0000 0.0000
7.0000 0.0000
7.0000 0.0000
7.0000 0.0000
7.0000 0.0000
7.0000 0.0000
7.0000 0.0000
7.0000 0.0000
7.0000 0.0000
7.0000 0.0000
7.0000 0.0000
7.0000 0.0000
7.0000 0.0000
7.0000 0.0000
7.0000 0.0000
7.0000 0.0000
7.0000 0.0000
7.0000 0.0000
7.0000 0.0000
7.0000 0.0000
7.0000 0.0000
7.0000 0.0000
7.0000 0.0000
7.0000 0.0000
7.0000 0.0000
7.0000 0.0000
7.0000 0.0000
7.0000 0.0000
7.0000 0.0000
7.0000 0.0000
7.0000 0.0000
7.0000 0.0000
7.0000 0.0000
7.0000 0.0000
7.0000 0.0000
7.0000 0.0000
7.0000 0.0000
7.0000 0.0000
7.0000 0.0000
7.0000 0.0000
7.0000 0.0000
7.0000 0.0000
