17.6000 43999.2576
16.1233 25587.3512
15.0917 16322.1120
14.3204 11040.6482
13.7185 7778.9359
13.2346 5648.0489
12.8367 4196.5866
12.5041 3175.5429
12.2222 2438.6614
11.9808 1895.6914
11.7721 1488.6756
11.5905 1179.1504
11.4313 940.8748
11.2910 755.5220
11.1669 610.0313
11.0565 494.9314
10.9581 403.2476
10.8701 329.7744
10.7912 270.5805
10.7202 222.6650
10.6562 183.7155
10.5984 151.9352
10.5462 125.9173
10.4988 104.5525
10.4559 86.9609
10.4169 72.4408
10.3814 60.4292
10.3491 50.4729
10.3197 42.2053
10.2929 35.3287
10.2684 29.6004
10.2461 24.8223
10.2257 20.8317
10.2070 17.4952
10.1899 14.7027
10.1743 12.3632
10.1600 10.4016
10.1469 8.7557
10.1349 7.3735
10.1239 6.2121
10.1138 5.2356
10.1045 4.4142
10.0960 3.7228
10.0882 3.1406
10.0811 2.6502
10.0745 2.2369
10.0685 1.8885
10.0629 1.5947
10.0579 1.3468
10.0532 1.1377
10.0489 0.9612
10.0450 0.8122
10.0413 0.6864
10.0380 0.5801
10.0350 0.4904
10.0321 0.4146
10.0296 0.3505
10.0272 0.2964
10.0250 0.2506
10.0230 0.2119
10.0211 0.1792
10.0194 0.1516
10.0179 0.1282
10.0165 0.1085
10.0151 0.0918
10.0139 0.0776
10.0128 0.0657
10.0118 0.0556
10.0108 0.0470
10.0100 0.0398
10.0092 0.0337
10.0084 0.0285
10.0078 0.0241
10.0071 0.0204
10.0066 0.0173
10.0060 0.0146
10.0056 0.0124
10.0051 0.0105
10.0047 0.0088
10.0043 0.0075
10.0040 0.0063
10.0037 0.0054
10.0034 0.0045
10.0031 0.0038
10.0029 0.0033
10.0026 0.0028
10.0024 0.0023
10.0022 0.0020
10.0020 0.0017
10.0019 0.0014
10.0017 0.0012
10.0016 0.0010
10.0015 0.0009
10.0013 0.0007
10.0012 0.0006
10.0011 0.0005
10.0010 0.0004
10.0010 0.0004
10.0009 0.0003
10.0008 0.0003
10.0008 0.0002
10.0007 0.0002
10.0006 0.0002
10.0006 0.0001
10.0005 0.0001
10.0005 0.0001
10.0005 0.0001
10.0004 0.0001
10.0004 0.0001
10.0004 0.0001
10.0003 0.0000
10.0003 0.0000
10.0003 0.0000
10.0003 0.0000
10.0002 0.0000
10.0002 0.0000
10.0002 0.0000
10.0002 0.0000
10.0002 0.0000
10.0002 0.0000
10.0001 0.0000
10.0001 0.0000
10.0001 0.0000
10.0001 0.0000
10.0001 0.0000
10.0001 0.0000
10.0001 0.0000
10.0001 0.0000
10.0001 0.0000
10.0001 0.0000
10.0001 0.0000
10.0001 0.0000
10.0001 0.0000
10.0000 0.0000
10.0000 0.0000
10.0000 0.0000
10.0000 0.0000
10.0000 0.0000
10.0000 0.0000
10.0000 0.0000
10.0000 0.0000
10.0000 0.0000
10.0000 0.0000
10.0000 0.0000
10.0000 0.0000
10.0000 0.0000
10.0000 0.0000
10.0000 0.0000
10.0000 0.0000
10.0000 0.0000
10.0000 0.0000
10.0000 0.0000
10.0000 0.0000
10.0000 0.0000
10.0000 0.0000
10.0000 0.0000
10.0000 0.0000
10.0000 0.0000
10.0000 0.0000
10.0000 0.0000
10.0000 0.0000
10.0000 0.0000
10.0000 0.0000
10.0000 0.0000
10.0000 0.0000
10.0000 0.0000
10.0000 0.0000
10.0000 0.0000
10.0000 0.0000
10.0000 0.0000
10.0000 0.0000
10.0000 0.0000
10.0000 0.0000
10.0000 0.0000
10.0000 0.0000
10.0000 0.0000
10.0000 0.0000
10.0000 0.0000
10.0000 0.0000
10.0000 0.0000
10.0000 0.0000
10.0000 0.0000
10.0000 0.0000
10.0000 0.0000
10.0000 0.0000
10.0000 0.0000
10.0000 0.0000
10.0000 0.0000
10.0000 0.0000
10.0000 0.0000
10.0000 0.0000
10.0000 0.0000
10.0000 0.0000
10.0000 0.0000
10.0000 0.0000
10.0000 0.0000
10.0000 0.0000
10.0000 0.0000
10.0000 0.0000
10.0000 0.0000
10.0000 0.0000
10.0000 0.0000
10.0000 0.0000
10.0000 0.0000
10.0000 0.0000
10.0000 0.0000
10.0000 0.0000
10.0000 0.0000
10.0000 0.0000
10.0000 0.0000
10.0000 0.0000
10.0000 0.0000
10.0000 0.0000
10.0000 0.0000
10.0000 0.0000
10.0000 0.0000
10.0000 0.0000
10.0000 0.0000
10.0000 0.0000
10.0000 0.0000
10.0000 0.0000
10.0000 0.0000
10.0000 0.0000
10.0000 0.0000
10.0000 0.0000
10.0000 0.0000
10.0000 0.0000
10.0000 0.0000
10.0000 0.0000
10.0000 0.0000
10.0000 0.0000
10.0000 0.0000
10.0000 0.0000
10.0000 0.0000
10.0000 0.0000
10.0000 0.0000
10.0000 0.0000
10.0000 0.0000
10.0000 0.0000
10.0000 0.0000
10.0000 0.0000
10.0000 0.0000
10.0000 0.0000
10.0000 0.0000
10.0000 0.0000
10.0000 0.0000
10.0000 0.0000
10.0000 0.0000
10.0000 0.0000
10.0000 0.0000
10.0000 0.0000
10.0000 0.0000
10.0000 0.0000
10.0000 0.0000
10.0000 0.0000
10.0000 0.0000
10.0000 0.0000
10.0000 0.0000
10.0000 0.0000
10.0000 0.0000
10.0000 0.0000
10.0000 0.0000
10.0000 0.0000
10.0000 0.0000
10.0000 0.0000
10.0000 0.0000
10.0000 0.0000
10.0000 0.0000
10.0000 0.0000
10.0000 0.0000
10.0000 0.0000
10.0000 0.0000
10.0000 0.0000
10.0000 0.0000
10.0000 0.0000
10.0000 0.0000
10.0000 0.0000
10.0000 0.0000
10.0000 0.0000
10.0000 0.0000
10.0000 0.0000
10.0000 0.0000
10.0000 0.0000
10.0000 0.0000
10.0000 0.0000
10.0000 0.0000
10.0000 0.0000
10.0000 0.0000
10.0000 0.0000
10.0000 0.0000
10.0000 0.0000
10.0000 0.0000
10.0000 0.0000
10.0000 0.0000
10.0000 0.0000
10.0000 0.0000
10.0000 0.0000
10.0000 0.0000
10.0000 0.0000
10.0000 0.0000
10.0000 0.0000
10.0000 0.0000
10.0000 0.0000
10.0000 0.0000
10.0000 0.0000
10.0000 0.0000
10.0000 0.0000
10.0000 0.0000
10.0000 0.0000
10.0000 0.0000
10.0000 0.0000
10.0000 0.0000
10.0000 0.0000
10.0000 0.0000
10.0000 0.0000
10.0000 0.0000
10.0000 0.0000
10.0000 0.0000
10.0000 0.0000
10.0000 0.0000
10.0000 0.0000
10.0000 0.0000
10.0000 0.0000
10.0000 0.0000
10.0000 0.0000
10.0000 0.0000
10.0000 0.0000
10.0000 0.0000
10.0000 0.0000
10.0000 0.0000
10.0000 0.0000
10.0000 0.0000
10.0000 0.0000
10.0000 0.0000
10.0000 0.0000
10.0000 0.0000
10.0000 0.0000
10.0000 0.0000
10.0000 0.0000
10.0000 0.0000
10.0000 0.0000
10.0000 0.0000
10.0000 0.0000
10.0000 0.0000
10.0000 0.0000
10.0000 0.0000
10.0000 0.0000
10.0000 0.0000
10.0000 0.0000
10.0000 0.0000
10.0000 0.0000
10.0000 0.0000
10.0000 0.0000
10.0000 0.0000
10.0000 0.0000
10.0000 0.0000
10.0000 0.0000
10.0000 0.0000
10.0000 0.0000
10.0000 0.0000
10.0000 0.0000
10.0000 0.0000
10.0000 0.0000
10.0000 0.0000
10.0000 0.0000
10.0000 0.0000
10.0000 0.0000
10.0000 0.0000
10.0000 0.0000
10.0000 0.0000
10.0000 0.0000
10.0000 0.0000
10.0000 0.0000
10.0000 0.0000
10.0000 0.0000
10.0000 0.0000
10.0000 0.0000
10.0000 0.0000
10.0000 0.0000
10.0000 0.0000
10.0000 0.0000
10.0000 0.0000
10.0000 0.0000
10.0000 0.0000
10.0000 0.0000
10.0000 0.0000
10.0000 0.0000
10.0000 0.0000
10.0000 0.0000
10.0000 0.0000
10.0000 0.0000
10.0000 0.0000
10.0000 0.0000
10.0000 0.0000
10.0000 0.0000
10.0000 0.0000
10.0000 0.0000
10.0000 0.0000
10.0000 0.0000
10.0000 0.0000
10.0000 0.0000
10.0000 0.0000
10.0000 0.0000
10.0000 0.0000
10.0000 0.0000
10.0000 0.0000
10.0000 0.0000
10.0000 0.0000
10.0000 0.0000
10.0000 0.0000
10.0000 0.0000
10.0000 0.0000
10.0000 0.0000
10.0000 0.0000
10.0000 0.0000
10.0000 0.0000
10.0000 0.0000
10.0000 0.0000
10.0000 0.0000
10.0000 0.0000
10.0000 0.0000
10.0000 0.0000
10.0000 0.0000
10.0000 0.0000
10.0000 0.0000
10.0000 0.0000
10.0000 0.0000
10.0000 0.0000
10.0000 0.0000
10.0000 0.0000
10.0000 0.0000
10.0000 0.0000
10.0000 0.0000
10.0000 0.0000
10.0000 0.0000
10.0000 0.0000
10.0000 0.0000
10.0000 0.0000
10.0000 0.0000
10.0000 0.0000
10.0000 0.0000
10.0000 0.0000
10.0000 0.0000
10.0000 0.0000
10.0000 0.0000
10.0000 0.0000
10.0000 0.0000
10.0000 0.0000
10.0000 0.0000
10.0000 0.0000
10.0000 0.0000
10.0000 0.0000
10.0000 0.0000
10.0000 0.0000
10.0000 0.0000
10.0000 0.0000
10.0000 0.0000
10.0000 0.0000
10.0000 0.0000
10.0000 0.0000
10.0000 0.0000
10.0000 0.0000
10.0000 0.0000
10.0000 0.0000
10.0000 0.0000
10.0000 0.0000
10.0000 0.0000
10.0000 0.0000
10.0000 0.0000
10.0000 0.0000
10.0000 0.0000
10.0000 0.0000
10.0000 0.0000
10.0000 0.0000
10.0000 0.0000
10.0000 0.0000
10.0000 0.0000
10.0000 0.0000
10.0000 0.0000
10.0000 0.0000
10.0000 0.0000
10.0000 0.0000
10.0000 0.0000
10.0000 0.0000
10.0000 0.0000
10.0000 0.0000
10.0000 0.0000
10.0000 0.0000
10.0000 0.0000
10.0000 0.0000
10.0000 0.0000
10.0000 0.0000
10.0000 0.0000
10.0000 0.0000
10.0000 0.0000
10.0000 0.0000
10.0000 0.0000
10.0000 0.0000
10.0000 0.0000
10.0000 0.0000
10.0000 0.0000
10.0000 0.0000
10.0000 0.0000
10.0000 0.0000
10.0000 0.0000
10.0000 0.0000
10.0000 0.0000
10.0000 0.0000
10.0000 0.0000
10.0000 0.0000
10.0000 0.0000
10.0000 0.0000
10.0000 0.0000
10.0000 0.0000
10.0000 0.0000
10.0000 0.0000
10.0000 0.0000
10.0000 0.0000
10.0000 0.0000
10.0000 0.0000
10.0000 0.0000
10.0000 0.0000
10.0000 0.0000
10.0000 0.0000
10.0000 0.0000
10.0000 0.0000
10.0000 0.0000
10.0000 0.0000
10.0000 0.0000
10.0000 0.0000
10.0000 0.0000
10.0000 0.0000
10.0000 0.0000
10.0000 0.0000
10.0000 0.0000
10.0000 0.0000
10.0000 0.0000
10.0000 0.0000
10.0000 0.0000
10.0000 0.0000
10.0000 0.0000
10.0000 0.0000
10.0000 0.0000
10.0000 0.0000
10.0000 0.0000
10.0000 0.0000
10.0000 0.0000
10.0000 0.0000
10.0000 0.0000
10.0000 0.0000
10.0000 0.0000
10.0000 0.0000
10.0000 0.0000
10.0000 0.0000
10.0000 0.0000
10.0000 0.0000
10.0000 0.0000
10.0000 0.0000
10.0000 0.0000
10.0000 0.0000
10.0000 0.0000
10.0000 0.0000
10.0000 0.0000
10.0000 0.0000
10.0000 0.0000
10.0000 0.0000
10.0000 0.0000
10.0000 0.0000
10.0000 0.0000
10.0000 0.0000
10.0000 0.0000
10.0000 0.0000
10.0000 0.0000
10.0000 0.0000
10.0000 0.0000
10.0000 0.0000
10.0000 0.0000
10.0000 0.0000
10.0000 0.0000
10.0000 0.0000
10.0000 0.0000
10.0000 0.0000
10.0000 0.0000
10.0000 0.0000
10.0000 0.0000
10.0000 0.0000
10.0000 0.0000
10.0000 0.0000
10.0000 0.0000
10.0000 0.0000
10.0000 0.0000
10.0000 0.0000
10.0000 0.0000
10.0000 0.0000
10.0000 0.0000
10.0000 0.0000
10.0000 0.0000
10.0000 0.0000
10.0000 0.0000
10.0000 0.0000
10.0000 0.0000
10.0000 0.0000
10.0000 0.0000
10.0000 0.0000
10.0000 0.0000
10.0000 0.0000
10.0000 0.0000
10.0000 0.0000
10.0000 0.0000
10.0000 0.0000
10.0000 0.0000
10.0000 0.0000
10.0000 0.0000
10.0000 0.0000
10.0000 0.0000
10.0000 0.0000
10.0000 0.0000
10.0000 0.0000
10.0000 0.0000
10.0000 0.0000
10.0000 0.0000
10.0000 0.0000
10.0000 0.0000
10.0000 0.0000
10.0000 0.0000
10.0000 0.0000
10.0000 0.0000
10.0000 0.0000
10.0000 0.0000
10.0000 0.0000
10.0000 0.0000
10.0000 0.0000
10.0000 0.0000
10.0000 0.0000
10.0000 0.0000
10.0000 0.0000
10.0000 0.0000
10.0000 0.0000
10.0000 0.0000
10.0000 0.0000
10.0000 0.0000
10.0000 0.0000
10.0000 0.0000
10.0000 0.0000
10.0000 0.0000
10.0000 0.0000
10.0000 0.0000
10.0000 0.0000
10.0000 0.0000
10.0000 0.0000
10.0000 0.0000
10.0000 0.0000
10.0000 0.0000
10.0000 0.0000
10.0000 0.0000
10.0000 0.0000
10.0000 0.0000
10.0000 0.0000
10.0000 0.0000
10.0000 0.0000
10.0000 0.0000
10.0000 0.0000
10.0000 0.0000
10.0000 0.0000
10.0000 0.0000
10.0000 0.0000
10.0000 0.0000
10.0000 0.0000
10.0000 0.0000
10.0000 0.0000
10.0000 0.0000
10.0000 0.0000
10.0000 0.0000
10.0000 0.0000
10.0000 0.0000
10.0000 0.0000
10.0000 0.0000
10.0000 0.0000
10.0000 0.0000
10.0000 0.0000
10.0000 0.0000
10.0000 0.0000
10.0000 0.0000
10.0000 0.0000
10.0000 0.0000
10.0000 0.0000
10.0000 0.0000
10.0000 0.0000
10.0000 0.0000
10.0000 0.0000
10.0000 0.0000
10.0000 0.0000
10.0000 0.0000
10.0000 0.0000
10.0000 0.0000
10.0000 0.0000
10.0000 0.0000
10.0000 0.0000
10.0000 0.0000
10.0000 0.0000
10.0000 0.0000
10.0000 0.0000
10.0000 0.0000
10.0000 0.0000
10.0000 0.0000
10.0000 0.0000
10.0000 0.0000
10.0000 0.0000
10.0000 0.0000
10.0000 0.0000
10.0000 0.0000
10.0000 0.0000
10.0000 0.0000
10.0000 0.0000
10.0000 0.0000
10.0000 0.0000
10.0000 0.0000
10.0000 0.0000
10.0000 0.0000
10.0000 0.0000
10.0000 0.0000
10.0000 0.0000
10.0000 0.0000
10.0000 0.0000
10.0000 0.0000
10.0000 0.0000
10.0000 0.0000
10.0000 0.0000
10.0000 0.0000
10.0000 0.0000
10.0000 0.0000
10.0000 0.0000
10.0000 0.0000
10.0000 0.0000
10.0000 0.0000
10.0000 0.0000
10.0000 0.0000
10.0000 0.0000
10.0000 0.0000
10.0000 0.0000
10.0000 0.0000
10.0000 0.0000
10.0000 0.0000
10.0000 0.0000
10.0000 0.0000
10.0000 0.0000
10.0000 0.0000
10.0000 0.0000
10.0000 0.0000
10.0000 0.0000
10.0000 0.0000
10.0000 0.0000
10.0000 0.0000
10.0000 0.0000
10.0000 0.0000
10.0000 0.0000
10.0000 0.0000
10.0000 0.0000
10.0000 0.0000
10.0000 0.0000
10.0000 0.0000
10.0000 0.0000
10.0000 0.0000
10.0000 0.0000
10.0000 0.0000
10.0000 0.0000
10.0000 0.0000
10.0000 0.0000
10.0000 0.0000
10.0000 0.0000
10.0000 0.0000
10.0000 0.0000
10.0000 0.0000
10.0000 0.0000
10.0000 0.0000
10.0000 0.0000
10.0000 0.0000
10.0000 0.0000
10.0000 0.0000
10.0000 0.0000
10.0000 0.0000
10.0000 0.0000
10.0000 0.0000
10.0000 0.0000
10.0000 0.0000
10.0000 0.0000
10.0000 0.0000
10.0000 0.0000
10.0000 0.0000
10.0000 0.0000
10.0000 0.0000
10.0000 0.0000
10.0000 0.0000
10.0000 0.0000
10.0000 0.0000
10.0000 0.0000
10.0000 0.0000
10.0000 0.0000
10.0000 0.0000
10.0000 0.0000
10.0000 0.0000
10.0000 0.0000
10.0000 0.0000
10.0000 0.0000
10.0000 0.0000
10.0000 0.0000
10.0000 0.0000
10.0000 0.0000
10.0000 0.0000
10.0000 0.0000
10.0000 0.0000
10.0000 0.0000
10.0000 0.0000
10.0000 0.0000
10.0000 0.0000
10.0000 0.0000
10.0000 0.0000
10.0000 0.0000
10.0000 0.0000
10.0000 0.0000
10.0000 0.0000
10.0000 0.0000
10.0000 0.0000
10.0000 0.0000
10.0000 0.0000
10.0000 0.0000
10.0000 0.0000
10.0000 0.0000
10.0000 0.0000
10.0000 0.0000
10.0000 0.0000
10.0000 0.0000
10.0000 0.0000
10.0000 0.0000
10.0000 0.0000
10.0000 0.0000
10.0000 0.0000
10.0000 0.0000
10.0000 0.0000
10.0000 0.0000
10.0000 0.0000
10.0000 0.0000
10.0000 0.0000
10.0000 0.0000
10.0000 0.0000
10.0000 0.0000
10.0000 0.0000
10.0000 0.0000
10.0000 0.0000
10.0000 0.0000
10.0000 0.0000
10.0000 0.0000
10.0000 0.0000
10.0000 0.0000
10.0000 0.0000
10.0000 0.0000
10.0000 0.0000
10.0000 0.0000
10.0000 0.0000
10.0000 0.0000
10.0000 0.0000
10.0000 0.0000
10.0000 0.0000
10.0000 0.0000
10.0000 0.0000
10.0000 0.0000
10.0000 0.0000
10.0000 0.0000
10.0000 0.0000
10.0000 0.0000
10.0000 0.0000
10.0000 0.0000
10.0000 0.0000
10.0000 0.0000
10.0000 0.0000
10.0000 0.0000
10.0000 0.0000
10.0000 0.0000
10.0000 0.0000
10.0000 0.0000
10.0000 0.0000
10.0000 0.0000
10.0000 0.0000
10.0000 0.0000
10.0000 0.0000
10.0000 0.0000
10.0000 0.0000
10.0000 0.0000
10.0000 0.0000
10.0000 0.0000
10.0000 0.0000
10.0000 0.0000
10.0000 0.0000
10.0000 0.0000
10.0000 0.0000
10.0000 0.0000
10.0000 0.0000
10.0000 0.0000
10.0000 0.0000
10.0000 0.0000
10.0000 0.0000
10.0000 0.0000
10.0000 0.0000
10.0000 0.0000
10.0000 0.0000
10.0000 0.0000
10.0000 0.0000
10.0000 0.0000
10.0000 0.0000
10.0000 0.0000
10.0000 0.0000
10.0000 0.0000
10.0000 0.0000
10.0000 0.0000
10.0000 0.0000
10.0000 0.0000
10.0000 0.0000
10.0000 0.0000
10.0000 0.0000
10.0000 0.0000
10.0000 0.0000
10.0000 0.0000
10.0000 0.0000
10.0000 0.0000
10.0000 0.0000
10.0000 0.0000
10.0000 0.0000
10.0000 0.0000
10.0000 0.0000
10.0000 0.0000
10.0000 0.0000
10.0000 0.0000
10.0000 0.0000
10.0000 0.0000
10.0000 0.0000
10.0000 0.0000
10.0000 0.0000
10.0000 0.0000
10.0000 0.0000
10.0000 0.0000
10.0000 0.0000
10.0000 0.0000
10.0000 0.0000
10.0000 0.0000
10.0000 0.0000
10.0000 0.0000
10.0000 0.0000
10.0000 0.0000
10.0000 0.0000
10.0000 0.0000
10.0000 0.0000
10.0000 0.0000
10.0000 0.0000
10.0000 0.0000
10.0000 0.0000
10.0000 0.0000
10.0000 0.0000
10.0000 0.0000
10.0000 0.0000
10.0000 0.0000
10.0000 0.0000
10.0000 0.0000
10.0000 0.0000
10.0000 0.0000
10.0000 0.0000
10.0000 0.0000
10.0000 0.0000
10.0000 0.0000
10.0000 0.0000
10.0000 0.0000
10.0000 0.0000
10.0000 0.0000
10.0000 0.0000
10.0000 0.0000
10.0000 0.0000
10.0000 0.0000
10.0000 0.0000
10.0000 0.0000
10.0000 0.0000
10.0000 0.0000
10.0000 0.0000
10.0000 0.0000
10.0000 0.0000
10.0000 0.0000
10.0000 0.0000
10.0000 0.0000
10.0000 0.0000
10.0000 0.0000
10.0000 0.0000
10.0000 0.0000
10.0000 0.0000
10.0000 0.0000
10.0000 0.0000
10.0000 0.0000
10.0000 0.0000
10.0000 0.0000
10.0000 0.0000
10.0000 0.0000
10.0000 0.0000
10.0000 0.0000
