clientAA,0
clientAB,0
clientAC,0
clientAE,0
clientAF,0
clientAG,0
clientAH,0
clientAI,0
clientAJ,0
clientAK,6745
clientAL,0
clientAM,0
clientAN,0
clientAP,0
clientAQ,0
clientAU,0
clientAW,0
clientAZ,0
clientBA,0
clientBB,0
clientBC,0
clientBD,0
clientBF,0
clientBH,0
clientBJ,0
clientBL,0
clientBP,0
clientBQ,0
clientBR,0
clientBU,0
clientBV,0
clientBW,0
clientBX,0
clientBZ,0
clientCA,0
clientCB,0
clientCC,0
clientCD,0
clientCE,0
clientCF,0
clientCG,0
clientCH,102
clientCI,0
clientCJ,0
clientCK,0
clientCL,2964
clientCM,0
clientCN,0
clientCO,0
clientCR,0
clientCS,0
clientCT,0
clientCV,0
clientCW,0
clientCX,0
clientCY,0
clientCZ,0
clientDA,0
clientDB,0
clientDD,0
clientDE,0
clientDF,0
clientDG,0
clientDH,0
clientDO,0
clientDQ,0
clientDR,0
clientDT,0
clientDU,0
clientDV,0
clientDW,0
clientDX,0
clientDY,0
clientDZ,0
clientEA,0
clientEB,0
clientEC,0
clientED,0
clientEF,0
clientEG,0
clientEH,4524
clientEI,0
clientEJ,0
clientEP,0
clientEU,0
clientEW,0
clientFA,0
clientFB,0
clientFC,0
clientFE,0
clientFF,0
clientFG,0
clientFH,0
clientFI,0
clientFJ,0
clientFK,0
clientFL,0
clientFN,0
clientFO,0
clientFP,0
clientFR,0
clientFT,0
clientFW,0
clientFX,0
clientFY,0
clientGA,0
clientGB,0
clientGC,0
clientGD,0
clientGE,0
clientGF,0
clientGH,0
clientGJ,0
clientGN,0
clientGP,0
clientGQ,0
clientGT,0
clientGU,0
clientGV,0
clientGW,0
clientGX,0
clientGZ,0
clientHA,0
clientHB,0
clientHC,0
clientHD,400
clientHF,0
clientHG,0
clientHH,0
clientHI,0
clientHJ,0
clientHK,0
clientHM,0
clientHN,5609
clientHO,0
clientHP,0
clientHR,0
clientHS,0
clientHT,0
clientHU,0
clientHV,0
clientHW,0
clientHX,0
clientHY,0
clientHZ,0
clientIA,0
clientIB,0
clientIC,0
clientIE,0
clientIF,0
clientIG,0
clientIH,0
clientII,0
clientIJ,0
clientIK,0
clientIM,0
clientIN,0
clientIO,0
clientIQ,0
clientIR,0
clientIS,0
clientIU,0
clientIV,0
clientIW,0
clientIX,0
clientIY,0
clientIZ,0
clientJB,0
clientJC,0
clientJD,0
clientJE,0
clientJF,0
clientJG,0
clientJI,0
clientJJ,0
clientJK,0
clientJM,0
clientJO,0
clientJP,0
clientJQ,0
clientJR,0
clientJT,0
clientJU,0
clientJV,0
clientJW,0
clientJX,0
clientJY,4588
clientKA,0
clientKB,0
clientKC,0
clientKD,0
clientKF,0
clientKH,0
clientKI,0
clientKJ,0
clientKK,0
clientKL,0
clientKS,0
clientKT,0
clientKV,0
clientLA,1932
clientLB,0
clientLC,0
clientLD,0
clientLE,0
clientLF,0
clientLG,0
clientLH,0
clientLI,0
clientLJ,0
clientLL,80
clientLP,0
clientLQ,0
clientLR,0
clientLU,0
clientLX,0
clientLY,0
clientLZ,0
clientMA,0
clientMB,0
clientMC,0
clientME,0
clientMF,0
clientMG,0
clientMH,0
clientMI,0
clientMK,0
clientMM,0
clientMO,0
clientMP,0
clientMQ,0
clientMT,0
clientMU,0
clientMV,0
clientMX,0
clientMZ,0
clientNA,0
clientNB,0
clientNC,156
clientNE,0
clientNF,0
clientNG,0
clientNH,0
clientNI,0
clientNJ,0
clientNK,0
clientNL,0
clientNM,0
clientNN,0
clientNO,0
clientNP,0
clientNR,0
clientNS,0
clientNT,0
clientNU,0
clientNX,0
clientNY,0
clientNZ,0
clientOC,0
clientOE,0
clientOF,0
clientOG,0
clientOH,0
clientOI,4472
clientOJ,0
clientOL,0
clientOM,0
clientON,0
clientOO,0
clientOQ,0
clientOT,0
clientOV,0
clientOY,0
clientOZ,0
clientPA,0
clientPB,0
clientPD,0
clientPE,0
clientPF,0
clientPH,0
clientPI,0
clientPJ,0
clientPL,0
clientPO,0
clientPP,0
clientPR,0
clientPS,0
clientPT,0
clientPU,0
clientPW,0
clientPY,0
clientQA,0
clientQB,0
clientQE,0
clientQF,0
clientQG,0
clientQH,0
clientQI,0
clientQK,0
clientQL,0
clientQM,0
clientQN,0
clientQR,0
clientQU,0
clientQV,0
clientQW,0
clientQY,0
clientQZ,0
clientRA,0
clientRB,0
clientRC,0
clientRD,0
clientRE,0
clientRF,0
clientRG,0
clientRH,0
clientRI,0
clientRJ,0
clientRK,0
clientRL,0
clientRN,0
clientRO,0
clientRQ,0
clientRR,0
clientRS,0
clientRT,0
clientRU,0
clientRV,0
clientSA,0
clientSB,0
clientSC,0
clientSE,0
clientSF,0
clientSG,0
clientSH,0
clientSI,0
clientSJ,0
clientSM,0
clientSN,0
clientSO,0
clientSR,0
clientSS,0
clientST,0
clientSU,0
clientSY,0
clientSZ,0
clientTA,0
clientTB,0
clientTC,0
clientTD,0
clientTE,0
clientTF,0
clientTG,0
clientTH,0
clientTI,0
clientTJ,0
clientTK,0
clientTL,0
clientTM,0
clientTO,0
clientTP,0
clientTQ,0
clientTT,0
clientTU,0
clientTV,0
clientTY,0
clientTZ,0
clientUB,0
clientUC,0
clientUD,0
clientUF,0
clientUG,0
clientUH,4200
clientUJ,0
clientUL,0
clientUM,0
clientUO,0
clientUQ,0
clientUR,0
clientUT,0
clientUU,0
clientUX,0
clientVA,176
clientVB,0
clientVC,0
clientVD,0
clientVE,0
clientVF,0
clientVG,0
clientVH,0
clientVI,0
clientVJ,0
clientVK,0
clientVL,0
clientVP,0
clientVQ,0
clientVR,0
clientVS,0
clientVW,0
clientVX,0
clientVZ,0
clientWA,0
clientWB,0
clientWC,0
clientWD,320
clientWE,0
clientWF,0
clientWG,0
clientWI,0
clientWL,0
clientWN,0
clientWO,0
clientWP,0
clientWQ,0
clientWR,0
clientWT,0
clientWU,0
clientWW,0
clientWX,0
clientWY,0
clientXA,0
clientXB,0
clientXC,0
clientXE,0
clientXF,0
clientXG,0
clientXI,0
clientXJ,0
clientXL,0
clientXM,0
clientXO,0
clientXP,6732
clientXU,0
clientXV,0
clientXW,0
clientXX,0
clientXY,680
clientYA,0
clientYB,0
clientYD,0
clientYG,5846
clientYH,0
clientYJ,0
clientYK,0
clientYM,0
clientYN,0
clientYO,0
clientYQ,0
clientYR,0
clientYS,0
clientYT,0
clientYW,0
clientYX,0
clientYY,0
clientYZ,0
clientZA,0
clientZB,0
clientZC,0
clientZD,0
clientZE,0
clientZF,0
clientZG,0
clientZK,3348
clientZM,0
clientZN,0
clientZO,0
clientZP,0
clientZQ,0
clientZR,0
clientZT,0
clientZV,0
clientZW,0
clientZZ,0