clientAA,320
clientAB,2070
clientAC,734
clientAD,1470
clientAE,1440
clientAF,0
clientBB,258
clientBC,0
clientBE,147
clientBF,0
clientCA,0
clientCD,7644
clientCE,406
clientDC,1757
clientDE,1911
clientDF,686
clientEA,1752
clientEC,400
clientED,0
clientEE,6600
clientFA,0
clientFB,405
clientFC,360
clientFE,6438
clientFF,30
clientGA,0
clientGC,200
clientGD,2053
clientGF,376
clientHB,0
clientHD,980
clientHE,5247
clientIA,376
clientIB,3976
clientID,4029
clientIE,1558
clientIF,4794
clientJB,2555
clientJC,3783
clientJD,0
clientJE,0
clientJF,2774
clientKA,0
clientKB,5256
clientKC,380
clientKD,1365
clientKE,2838
clientKF,0
clientLA,0
clientLB,0
clientMA,648
clientMB,5125
clientMC,0
clientNA,6302
clientNB,18
clientNC,0
clientND,975
clientNE,663
clientOC,357
clientPC,0
clientPD,1312
clientQB,0
clientRB,816
clientRD,4032
clientSA,0
clientSB,0
clientSC,2911
clientSE,9328
clientTB,0
clientTC,14502
clientTD,3591
clientUA,5751
clientUB,0
clientUC,0
clientUD,840
clientVC,0
clientVE,2612
clientWA,1722
clientXB,880
clientXC,6789
clientXD,3192
clientXE,2016
clientYB,6822
clientYC,6823
clientYD,4048
clientYE,656
clientZA,2726
clientZB,80
clientZC,0
clientZE,3367