clientAA,35
clientAB,0
clientAC,0
clientAE,264
clientAF,756
clientAG,0
clientAI,3124
clientAJ,2236
clientBA,990
clientBB,0
clientBC,0
clientBD,6206
clientBF,0
clientBG,0
clientBI,0
clientCC,0
clientCD,0
clientCF,0
clientCG,0
clientCH,0
clientCI,1068
clientCJ,0
clientDA,1679
clientDB,0
clientDC,0
clientDE,0
clientDG,712
clientDH,0
clientDI,1932
clientEA,0
clientEC,0
clientED,0
clientEE,0
clientEF,0
clientEG,64
clientEH,1950
clientEI,0
clientEJ,2000
clientFA,0
clientFB,0
clientFC,0
clientFE,0
clientFF,0
clientFG,0
clientFH,1144
clientGA,0
clientGB,3905
clientGC,0
clientGE,0
clientGH,0
clientGJ,0
clientHB,16
clientHE,5101
clientHF,0
clientHG,0
clientHI,4590
clientIA,0
clientIB,5304
clientID,0
clientIE,0
clientIF,0
clientIG,0
clientIH,0
clientII,0
clientJA,0
clientJB,0
clientJD,0
clientKA,0
clientKB,0
clientKC,0
clientKD,0
clientKE,0
clientKF,0
clientKH,4402
clientKI,0
clientLC,1302
clientLF,3192
clientLG,0
clientLH,0
clientLI,0
clientMA,0
clientMB,6636
clientMD,1512
clientME,0
clientMH,0
clientNB,943
clientND,2232
clientNE,704
clientNF,7600
clientNG,675
clientOD,0
clientOF,174
clientOG,0
clientPA,5655
clientPD,0
clientPE,0
clientPF,2132
clientPI,0
clientQA,0
clientQC,0
clientQE,2262
clientQF,3619
clientQG,0
clientRA,0
clientRB,7905
clientRG,828
clientRH,0
clientRI,0
clientSD,0
clientSE,56
clientSF,50
clientSG,0
clientSH,2480
clientTB,0
clientTC,3105
clientTD,0
clientTE,4029
clientTF,0
clientTH,801
clientUA,1380
clientUB,0
clientUC,1980
clientUD,0
clientUE,0
clientUF,9834
clientUG,0
clientUI,0
clientVA,174
clientVC,270
clientVD,0
clientVE,0
clientVF,0
clientVG,0
clientVH,0
clientWA,0
clientWG,0
clientWH,0
clientWI,2940
clientXE,4100
clientXG,0
clientXH,0
clientXI,0
clientYA,0
clientYE,1736
clientYF,2046
clientYG,5250
clientYH,0
clientYI,2444
clientZA,7476
clientZB,3200
clientZC,4071
clientZF,0
clientZG,920
clientZH,0