null
0
0
false
false
false
0
false
0
0
0
0
0
0
false
false
0
0
false
false
0
0
0
0
true
1
1
false
false
0
true
false
2
false
false
false
0
true
3
3
false
false
0
3
false
3
0
true
4
0
true
false
false
5
5
false
5
5
0
5
0
true
0
false
0
false
0
0
0
0
6
0
6
0
true
0
0
7
0
false
false
false
7
false
7
7
0
false
false
0
7
false
false
0
0
7
7
false
0
7
false
true
true
false
0
true
10
0
0
0
10
false
false
false
10
10
10
0
false
true
11
0
false
0
true
false
false
12
12
false
0
12
0
12
0
12
false
12
false
12
12
12
0
false
12
12
false
false
12
12
12
12
12
12
true
12
0
12
false
12
12
0
12
12
0
12
true
false
false
0
true
true
false
true
0
15
false
15
15
18
false
false
false
0
false
14
0
0
false
true
0
0
15
false
15
true
16
false
false
true
16
0
false
16
false
false
16
16
16
16
true
17
17
17
17
17
17
17
17
false
17
17
17
false
false
false
17
17
true
18
true
19
false
0
19
19
0
19
false
true
20
true
true
22
0
22
22
false
0
22
0
true
0
0
false
false
0
true
false
23
false
0
751
22
0
false
0
22
true
23
23
false
23
23
23
23
23
false
23
true
0
false
24
false
24
false
0
0
true
25
25
0
false
0
0
false
false
false
true
0
false
false
false
false
true
false
26
26
26
26
26
false
true
false
false
0
26
false
26
true
6169
false
false
26
26
0
true
27
27
false
27
false
true
false
0
6507
false
false
27
false
27
27
27
27
false
false
false
27
0
0
false
false
false
27
27
27
27
27
false
27
false
27
27
false
27
false
0
0
true
27
0
false
false
true
28
28
28
false
false
28
0
28
false
false
true
28
0
false
0
false
false
0
true
29
false
false
0
0
false
29
true
29
29
29
0
false
29
false
29
false
29
false
29
0
29
false
true
true
false
0
0
true
false
false
false
31
31
31
31
31
31
false
false
false
31
31
31
true
32
0
false
32
false
false
0
true
32
0
false
0
18
true
0
false
false
31
31
31
96
0
30
0
30
false
30
30
30
false
0
30
30
0
0
false
30
0
0
false
30
78
false
29
0
false
false
true
0
29
0
false
29
29
false
0
false
false
0
29
29
29
false
29
29
23
28
false
true
29
0
29
29
0
false
0
29
29
false
29
29
29
true
false
0
0
0
0
0
0
0
45
29
29
0
false
0
0
true
30
30
false
0
false
30
false
0
0
0
false
true
31
60
30
30
30
30
false
false
30
false
0
false
false
94
0
0
true
30
true
0
0
false
false
31
false
false
0
31
31
false
0
31
0
0
0
false
true
32
false
true
33
33
false
false
33
false
false
33
false
0
false
0
true
33
false
33
33
33
false
33
false
0
true
0
34
false
34
34
false
34
true
0
false
false
35
false
true
36
false
false
36
false
false
false
false
36
false
6727
35
true
false
36
false
false
false
0
36
false
36
0
0
36
36
36
36
false
true
true
false
0
false
0
false
38
false
38
0
false
false
0
0
0
false
false
1963
false
37
37
37
false
37
0
false
false
0
8745
36
36
false
36
36
false
false
false
true
false
0
37
37
false
false
37
0
37
2402
36
false
36
0
false
36
true
false
37
37
37
false
false
37
37
37
false
0
37
6288
36
0
false
0
36
36
36
36
36
true
false
37
37
0
false
37
37
37
37
37
true
38
38
false
false
38
38
false
true
0
false
0
39
39
false
false
false
false
false
39
false
true
40
false
40
40
40
40
40
40
true
false
false
40
40
0
true
41
41
41
0
false
true
true
43
false
false
false
43
0
43
9175
false
42
42
42
42
true
false
42
false
42
false
false
0
42
true
true
44
false
44
0
0
44
44
false
44
44
44
false
44
0
44
false
44
3972
43
0
43
43
43
false
92
false
true
0
true
0
0
false
0
44
60
false
43
0
false
43
true
0
true
43
43
43
43
false
43
true
false
true
false
45
false
45
45
true
46
false
46
false
true
46
46
46
46
46
5291
false
true
46
4659
true
0
46
46
46
true
false
false
47
47
0
47
47
false
0
47
0
47
47
47
36
true
47
true
48
0
48
48
0
true
49
49
6759
false
true
false
false
0
48
false
11
47
false
false
false
47
true
false
0
48
false
48
2666
false
0
true
false
false
false
0
true
49
49
49
0
false
0
49
true
8234
1650
48
true
true
0
false
false
false
false
true
true
50
true
true
50
0
50
false
false
50
false
50
true
51
51
5352
false
0
false
false
50
50
2228
false
false
false
0
0
false
49
false
49
false
49
0
0
0
true
false
false
50
false
50
true
false
50
50
0
0
50
50
50
50
50
false
false
50
false
50
true
50
0
false
true
0
50
50
50
50
true
50
50
false
7887
false
true
0
0
50
50
50
false
65
49
false
0
49
49
49
false
true
50
false
0
false
50
false
0
false
false
false
true
false
51
true
52
true
34
false
0
0
true
52
true
53
false
922
false
false
52
52
52
52
52
0
false
52
52
52
0
false
19
51
false
0
false
true
3177
50
83
0
true
50
50
50
false
50
50
false
50
50
50
false
false
50
true
51
51
false
false
51
true
51
51
true
true
false
52
0
false
52
false
52
false
true
false
false
53
53
false
false
53
0
false
0
53
false
53
true
false
false
53
false
true
false
53
false
true
true
false
54
54
0
83
53
53
false
53
53
false
false
false
53
0
53
false
true
53
false
0
53
53
false
false
53
0
53
false
53
0
false
true
53
53
53
true
54
true
55
55
55
false
true
55
true
true
false
9393
false
54
false
true
55
false
48
54
54
false
false
59
53
0
53
false
53
0
false
53
53
53
0
false
53
0
false
53
5541
false
0
52
52
52
false
false
52
false
false
52
52
true
53
53
53
false
true
53
53
0
true
54
54
false
54
0
false
false
0
false
true
false
false
false
true
false
false
false
55
true
56
0
false
0
6
55
true
55
true
false
false
55
55
true
false
55
55
true
56
56
false
true
57
false
true
58
58
false
36
57
false
57
57
true
false
58
false
true
0
58
58
58
3692
true
false
3806
0
57
false
false
74
56
true
0
35
false
56
56
false
56
56
56
56
56
56
56
0
false
false
false
56
false
56
false
56
56
56
0
56
false
0
0
7060
55
55
false
55
false
false
false
false
0
false
55
true
55
false
43
42
0
0
false
3659
52
0
0
52
false
52
52
0
false
false
52
52
false
false
52
52
52
false
52
true
true
true
false
0
53
true
54
false
2799
false
false
53
true
53
53
false
false
53
53
52
52
52
52
52
52
52
52
52
52
false
52
52
4519
0
51
false
false
51
51
51
false
51
8245
4139
false
false
0
49
true
50
true
0
false
50
false
true
false
0
0
false
51
51
false
51
51
0
51
true
0
false
true
0
false
53
53
false
false
53
false
53
53
53
53
false
false
53
0
53
true
54
54
false
573
0
false
53
false
false
false
false
53
0
false
0
false
53
true
false
54
false
0
false
54
false
false
54
false
false
54
false
true
false
true
56
false
56
true
true
57
0
57
81
56
56
56
false
33
false
55
false
2749
54
0
100
53
53
false
0
0
false
true
false
71
false
0
53
53
53
53
false
false
0
false
false
53
53
false
0
false
0
52
6254
51
51
false
0
51
false
false
0
false
false
51
false
51
false
false
false
true
true
52
52
52
false
true
true
true
53
false
false
53
53
53
false
0
53
53
true
54
true
false
54
false
54
54
661
true
false
54
54
69
false
53
false
53
false
false
false
53
false
0
53
53
0
false
false
53
false
53
53
53
53
true
0
54
54
54
54
true
true
55
55
false
false
55
55
55
55
0
false
55
55
55
55
0
55
34
0
30
false
0
false
53
53
53
false
53
0
53
53
false
false
true
false
53
0
false
53
53
53
true
false
0
54
54
54
false
false
true
55
0
55
true
false
0
false
56
56
false
false
false
2014
false
55
true
true
true
58
false
58
58
0
58
false
true
false
0
58
58
false
58
58
58
58
58
58
58
58
false
false
false
58
false
58
58
false
58
58
58
0
false
4551
875
56
56
56
56
56
false
false
false
56
56
false
56
false
0
1
0
22
54
0
false
54
false
0
54
54
54
false
54
54
true
0
55
0
false
364
0
0
54
0
54
false
false
