null
0
0
0
0
false
0
0
true
true
false
false
0
true
3
true
0
true
5
5
false
true
6
false
false
false
true
false
0
true
false
false
8
0
true
0
9
9
true
false
10
true
0
11
0
0
11
false
0
11
false
5761
true
true
false
0
12
0
12
12
12
false
false
true
13
false
13
0
0
false
false
0
true
0
0
14
false
false
14
true
0
15
false
false
15
15
false
15
false
false
15
false
15
15
false
false
false
false
15
15
false
0
0
false
15
15
false
15
false
true
16
0
0
false
0
16
0
false
0
16
false
16
0
16
true
false
0
0
17
17
0
84
16
0
16
0
false
16
false
16
16
0
16
16
true
17
0
17
17
0
false
0
0
17
0
17
false
17
0
17
17
17
17
true
18
18
18
true
0
true
20
20
20
false
0
20
20
20
false
20
20
20
20
20
false
20
false
20
20
0
20
0
true
20
false
0
false
true
21
false
21
21
21
21
false
false
false
false
false
false
true
22
22
false
false
22
22
true
23
false
0
0
0
23
0
false
true
24
50
0
0
23
23
false
23
0
false
23
true
24
24
0
true
25
25
0
true
26
26
false
26
26
false
false
26
true
true
28
0
0
false
true
true
30
false
false
false
0
30
30
false
0
true
31
0
false
0
0
31
true
false
false
32
32
0
true
0
false
0
false
0
0
0
0
false
false
33
false
false
33
33
true
34
34
false
34
34
34
false
0
34
34
34
false
false
true
0
35
35
35
false
35
35
35
0
35
0
35
35
false
false
true
0
false
false
36
false
false
36
36
true
false
false
0
37
37
37
0
0
true
37
false
37
37
0
false
false
false
0
0
37
37
37
0
37
false
0
37
37
37
false
37
false
true
false
false
38
38
38
0
38
false
0
false
38
38
38
0
true
0
6742
38
true
39
false
true
39
39
0
true
false
39
39
false
0
39
false
39
false
39
false
39
false
39
39
false
false
39
39
0
false
false
true
false
true
false
false
41
0
true
true
7690
0
false
false
42
0
false
83
41
false
0
41
false
41
41
41
false
true
42
0
42
39
41
false
false
41
false
41
false
41
true
0
false
false
false
true
false
42
false
true
false
43
false
true
true
45
false
0
false
45
false
45
45
45
0
45
false
45
45
45
false
false
false
45
0
false
false
false
false
2640
false
0
false
false
false
44
0
false
false
true
0
true
40
45
false
45
0
false
false
45
true
45
false
false
0
45
false
false
false
0
45
0
false
45
false
2756
0
false
0
44
false
44
92
false
43
0
false
false
7522
false
false
false
true
false
0
0
42
0
42
42
false
2777
41
59
40
0
61
39
0
39
0
39
39
39
false
0
0
true
false
39
false
39
39
39
true
0
false
39
39
false
3701
true
0
39
false
0
false
false
39
39
0
false
false
39
0
false
false
0
false
0
false
false
39
false
false
0
39
39
0
0
true
false
false
false
40
40
false
12
0
39
39
0
false
39
39
0
39
false
39
true
39
39
false
true
39
false
2610
38
0
0
38
38
38
0
0
false
38
false
38
38
true
39
39
39
false
39
0
39
true
39
0
true
0
40
false
false
0
0
false
40
false
40
false
false
40
true
false
0
true
false
false
true
0
42
42
42
42
false
false
8269
false
false
true
41
false
false
1604
false
true
41
41
0
false
41
false
true
false
false
false
0
0
41
false
41
41
41
false
41
false
false
false
1689
0
40
false
40
false
40
0
0
true
true
0
true
43
0
43
false
false
false
false
43
43
false
43
0
false
43
43
0
0
false
43
false
43
false
0
0
false
43
true
43
43
false
false
43
57
42
42
42
42
0
false
true
42
0
false
42
42
42
42
true
43
false
43
false
8910
false
42
true
