678.01 18.06 339.98
344.65 20.53 174.07
586.21 18.99 294.49
621.24 42.42 312.25
821.68 20.75 413.11
823.32 23.15 410.70
4.60 0.79 2.59
241.80 2.61 123.51
982.73 41.60 491.79
108.98 15.44 56.05
482.10 4.21 242.79
862.05 42.84 432.90
163.29 21.95 82.78
644.56 20.12 321.08
960.91 4.47 480.79
820.32 22.45 412.36
69.27 15.49 35.35
403.19 22.65 202.71
752.37 16.64 377.40
180.55 0.53 92.01
267.82 38.28 134.24
842.71 4.06 422.61
930.85 33.77 466.93
963.96 3.77 480.71
217.79 27.66 109.61
22.48 42.46 12.72
183.21 2.99 94.38
480.91 1.69 241.12
901.84 2.09 451.90
962.77 1.81 482.22
462.65 22.14 232.08
542.72 2.12 273.37
422.13 3.23 213.63
484.29 1.89 241.28
302.71 2.72 152.30
142.10 42.89 71.60
844.29 3.10 423.91
844.46 0.91 420.97
441.99 43.60 223.42
883.38 22.45 442.38
510.04 34.56 256.34
802.00 42.88 403.08
382.99 42.55 192.34
149.64 15.13 75.15
642.45 23.84 322.37
1.53 4.10 2.15
42.33 22.60 21.91
422.72 2.86 211.03
1.33 0.99 2.23
641.77 20.44 323.57
