AAB 6002090 6002121 6002194 6002244 6002294 6002311 6002713 
AYEbmXqHd 6002129 6002182 6002226 6002235 6002267 6002377 6002405 6002415 6002452 6002500 6002568 6002659 6002660 6002676 6002740 6002815 6002881 6002906 6002948 6002980 
BMOpciKQtC 6002048 6002150 6002332 6002566 6002982 
BNUYWLu 6002043 
CFWj 6002785 
CI 6002010 6002075 6002096 6002107 6002108 6002134 6002176 6002207 6002241 6002253 6002276 6002400 6002440 6002522 6002541 6002544 6002574 6002601 6002654 6002703 6002724 6002854 6002871 6002911 6002968 
DhGUC 6002001 6002018 6002063 6002208 6002329 6002409 6002466 6002477 6002631 6002634 6002648 6002677 6002690 6002694 6002704 6002725 6002733 6002741 6002766 6002822 6002835 6002889 6002895 6002971 
DjuRwTNG 6002257 
E 6002054 6002579 6002746 6002814 
FSFoI 6002209 
Fm 6002931 
GxCqBGI 6002024 6002687 6002837 
GzDdRMk 6002023 6002152 6002198 6002206 6002282 6002474 6002512 6002528 6002531 6002828 6002882 6002913 6002977 6002996 
IxZYnT 6002359 
J 6002309 6002325 
KGs 6002231 
LKK 6002180 
LMlz 6002303 6002472 6002598 6002780 6002831 6002965 
MMRsgxENZo 6002667 
MeV 6002117 6002187 6002336 6002337 6002493 6002496 6002705 
QGHpHro 6002142 6002144 6002323 6002389 6002420 6002583 6002638 6002688 6002852 6002914 6002943 
QltarOOgQ 6002470 
RAmpHgfMyI 6002448 6002539 
RfUQmPkt 6002186 6002228 6002481 6002764 
RiIOYjos 6002155 6002238 6002446 6002553 
RwG 6002744 
SEuELy 6002215 6002216 6002322 6002809 6002868 6002934 
T 6002350 6002668 
TElYeoRR 6002510 6002944 
ThEt 6002369 6002382 6002511 6002514 6002851 
TuHqZVAm 6002052 6002164 6002399 6002715 
VLyBOx 6002029 6002156 6002175 6002222 6002430 6002836 
VZwqNzSEPu 6002402 6002433 6002549 6002628 6002879 
WmTxLn 6002158 6002387 6002797 6002905 6002991 
XwKogRYh 6002504 
YGYFvwUZb 6002103 
YbGUEhuKB 6002236 6002368 6002372 6002540 6002615 
cFbZSrumO 6002110 6002561 6002573 
cROaJ 6002657 
f 6002455 
gsgQRyxz 6002068 6002460 6002774 
hKKo 6002689 
hPQv 6002126 6002281 6002843 
i 6002013 6002105 6002813 6002841 
jWWxs 6002221 6002630 6002974 
jYdUTm 6002102 6002272 6002495 6002593 6002640 
jZ 6002499 6002624 
jshj 6002114 6002227 
lVcz 6002326 
lkU 6002611 6002655 
nXUqyHsTLz 6002869 6002870 
nyLVNR 6002709 6002978 
oAqxxEof 6002111 6002200 6002742 6002824 6002898 
otrAvI 6002763 6002952 
tdwve 6002388 
urAz 6002302 6002632 
v 6002064 6002502 6002543 6002686 6002904 
wgdGGr 6002488 
wpwtXKXx 6002205 6002846 6002873 
xsOO 6002006 6002061 6002525 6002585 6002698 
zOiAqFJLYg 6002015 6002259 6002489 6002692 6002726