AMqZad 13583749 13583787 13584279 13584442 
AZgJyC 13583861 13583884 13584083 13584121 
AgluIwroD 13583993 13584082 13584256 
Al 13583843 13584067 13584106 13584150 13584206 13584438 13584743 
B 13584563 
BRcqDeBeF 13583809 13583918 13583960 13583980 13584098 13584120 13584158 13584169 13584193 13584210 13584220 13584241 13584293 13584331 13584391 13584441 13584526 13584552 13584641 13584705 13584745 
BdzNmxjUg 13583774 13583782 13583814 13583848 13583858 13583906 13583956 13583966 13583970 13583978 13583979 13584043 13584055 13584086 13584108 13584148 13584172 13584190 13584205 13584208 13584213 13584242 13584262 13584269 13584270 13584278 13584289 13584351 13584464 13584493 13584497 13584504 13584520 13584529 13584560 13584604 13584610 13584613 13584720 13584732 
DBs 13583846 13584166 13584178 13584275 13584506 13584537 
DPyuGrHo 13583792 13583900 13583910 13583998 13584194 13584214 13584239 13584359 13584365 13584386 13584426 13584457 13584579 13584678 13584724 
DbHKhwh 13583778 13583913 13584294 13584311 13584358 
DlYdNNYsD 13583780 13583796 13583808 13583879 13583932 13584014 13584022 13584052 13584069 13584084 13584422 13584452 13584524 
EtRKpn 13583791 13584461 13584511 
FgPjTVS 13583835 13583847 13583915 13584390 13584569 
ICO 13584399 
IN 13583770 13584132 13584472 
IxQL 13583817 13583872 13583899 13584057 13584171 13584363 13584455 13584491 13584559 13584566 
JkXs 13584710 
LVlssOuPxg 13584074 13584320 
LixOeB 13584323 13584693 
N 13583788 13584008 13584030 13584105 13584117 13584553 13584684 
OPTs 13583832 13583838 13584062 13584088 13584183 13584227 13584405 13584519 13584597 
SY 13583763 13584050 13584093 13584287 13584290 13584474 13584543 13584546 
SlqCF 13583949 13584299 13584445 13584588 
Tx 13583757 13584016 13584319 13584324 13584325 13584531 13584550 13584608 
UatSAyZd 13584226 13584407 
VsCY 13584735 
VwBjkc 13583748 13583942 13584107 13584295 13584304 13584479 13584614 13584681 
WvFqhrOlBT 13584235 13584448 13584653 13584656 13584669 13584672 13584718 
YclBlzDsL 13583901 13584012 13584277 13584576 13584612 
ZBVRK 13584233 
ZRLY 13583753 13584219 
b 13583830 13583873 13584192 13584522 13584601 
cqxqtR 13584348 13584381 
eHAYkU 13584217 
ewqnfI 13584038 13584111 13584266 
f 13584473 13584490 
hyedDj 13584671 13584734 
jEvgiK 13584053 13584428 
m 13584683 
mERFZ 13583818 13583930 13583965 
nEKf 13584160 13584573 13584603 
nfQeJaoLeG 13583999 
nli 13584103 13584145 13584146 
oZlg 13584009 13584465 13584621 
qSTgLhSkJ 13584212 13584577 13584661 
rDMvj 13584382 13584571 
rNzpYoCtf 13583786 13583907 13584306 13584582 13584607 
sDzVS 13583935 13584297 
sLljNCpCPw 13584197 13584495 
swwdWtHb 13584444 
te 13584634 
w 13583954 13583985 13583997 13584418 
wSh 13584430 
xPfgS 13584015 13584026 13584157 13584159 
zET 13584209 
zV 13583922 13583984 13584236