210.724552
46.509436
23.346975
-74.882286
-62.335719
171.554667
-62.284081
-87.656508
-17.203852
291.994692
199.145666
-163.841243
-13.050890
-5.811026
221.299839
404.396755
221.299839
-0.966273
-13.458158
-11.820636
-0.966237
-66.610255
-66.610255
183.323847
-17.918917
-62.350113
-62.714060
171.554667
414.438053
-155.520758
-62.678015
-24.673181
52.295228
-58.214692
65.482143
-150.481403
83.087536
-47.397588
-62.334420
-46.392437
-163.885634
-17.906403
128.377655
-58.214823
-55.618499
-75.164164
-47.392037
-19.180565
65.487763
-33.695173
35.408354
-0.966237
82.008647
-82.705154
-17.070050
65.881732
-7.744523
-24.571321
-87.042482
-58.427115
-77.592651
-66.218462
-150.481706
-46.415211
-65.268546
-75.082340
-62.733084
-46.946614
404.396755
127.459035
-163.885539
-67.375241
-57.850726
137.340963
15.612191
-68.490449
-7.673576
-62.635455
-0.966094
-17.098388
-53.708619
-115.130636
-62.635455
-0.966237
-46.152534
46.509436
-51.470470
-0.966218
-68.490422
-45.747282
83.088030
-45.526154
147.738612
46.506798
-167.998288
-115.130640
-0.966087
-208.348007
-64.037761
-14.624184
