dir1
dir1 dir2 dir3
dir6
dir6
dir5 dir7
dir5 dir7 dir8 dir9
dir5 dir7 dir8 dir9
dir5 dir7 dir8 dir9
dir10 dir5 dir7 dir8 dir9
dir10 dir5 dir7 dir8 dir9
dir12 dir13
dir12 dir13
dir12 dir13
dir12 dir13 dir14 dir15 dir16
dir11
dir11 dir17 dir18 dir19 dir20
dir11 dir17 dir18 dir19 dir20 dir21
dir11 dir17 dir18 dir19 dir20 dir21
dir11 dir17 dir18 dir19 dir20 dir21 dir22
dir11 dir17 dir18 dir19 dir20 dir21 dir22 dir23
dir11 dir17 dir18 dir19 dir20 dir21 dir22 dir23
dir12 dir13 dir14 dir15 dir16 dir24 dir25
dir12 dir13 dir14 dir15 dir16 dir24 dir25 dir26 dir27
dir12 dir13 dir14 dir15 dir16 dir24 dir25 dir26 dir27
dir12 dir13 dir14 dir15 dir16 dir24 dir25 dir26 dir27
dir12 dir13 dir14 dir15 dir16 dir24 dir25 dir26 dir27 dir28 dir29
dir12 dir13 dir14 dir15 dir16 dir24 dir25 dir26 dir27 dir28 dir29
dir11 dir17 dir18 dir19 dir20 dir21 dir22 dir23 dir32
dir11 dir17 dir18 dir19 dir20 dir21 dir22 dir23 dir32
dir10 dir5 dir7 dir8 dir9
dir10 dir33 dir5 dir7 dir8 dir9
dir38 dir40 dir41 dir42
dir37 dir48
dir37 dir48 dir49 dir50 dir51 dir52 dir53 dir54 dir55
dir37 dir48 dir49 dir50 dir51 dir52 dir53 dir54 dir55 dir56
 
dir4
dir4 dir57
dir1 dir2 dir3
dir1 dir2 dir3
dir1 dir2 dir3
dir63 dir64
dir62
dir10 dir33 dir34 dir35 dir36 dir5 dir7 dir70 dir71 dir72 dir8 dir9
dir10 dir33 dir34 dir35 dir36 dir5 dir7 dir70 dir71 dir72 dir8 dir9
dir10 dir33 dir34 dir35 dir36 dir5 dir7 dir70 dir71 dir72 dir8 dir9
dir10 dir33 dir34 dir35 dir36 dir5 dir7 dir70 dir71 dir72 dir8 dir9
 