dir2 dir3 usr
dir2 dir3 dir4 dir5 usr
dir2 dir3 dir4 dir5 usr
dir2 dir3 dir4 dir5 usr
dir2 dir3 dir4 dir5 dir6 dir7 usr
dir10
dir10
dir10 dir11
dir10 dir11
dir10 dir11 dir12 dir13 dir14 dir15 dir16 dir17
dir8 dir9
dir8 dir9
dir8 dir9
dir8 dir9
 
dir22 dir23
dir22 dir23
dir22 dir23
dir24
dir24
dir27
dir27 dir29
dir31 dir32
dir31 dir32
dir31 dir32
dir31 dir32
dir31 dir32 dir33
dir38 dir39 dir40 dir41 dir42 dir43
dir37 dir44 dir45
 
 
dir47 dir48 dir49
dir47 dir48 dir49
dir47 dir48 dir49 dir50
dir47 dir48 dir49 dir50
 
dir47 dir48 dir49 dir50
dir47 dir48 dir49 dir50
 
 
dir56 dir57 dir58
dir56 dir57 dir58
dir56 dir57 dir58
dir56 dir57 dir58
dir56 dir57 dir58
dir56 dir57 dir58
dir56 dir57 dir58 dir59
dir56 dir57 dir58 dir59 dir60 dir61
 
 
dir55 dir62
dir55 dir62 dir63
dir55 dir62 dir63 dir64 dir65
dir55 dir62 dir63 dir64 dir65 dir66 dir67 dir68 dir69 dir70
dir72