0 0.0077
1 0.9756
0 0.0090
1 0.9940
0 0.0063
1 0.9961
0 0.0021
1 0.9958
0 0.0271
1 0.9918
0 0.0080
1 0.9974
0 0.0120
1 0.9854
0 0.0059
1 0.9961
0 0.0031
1 0.9912
0 0.0094
1 0.9920
0 0.0049
1 0.9977
0 0.0196
1 0.9948
0 0.0053
1 0.9928
0 0.0216
1 0.9788
0 0.0138
1 0.9954
0 0.0122
1 0.9917
0 0.0122
1 0.9889
0 0.0047
1 0.9892
0 0.0045
1 0.9690
0 0.0072
1 0.9930
0 0.0079
1 0.9975
0 0.0184
1 0.9874
0 0.0066
1 0.9939
0 0.0198
1 0.9765
0 0.0071
1 0.9917
0 0.0089
1 0.9909
0 0.0042
1 0.9914
0 0.0022
1 0.9945
0 0.0028
1 0.9775
0 0.0118
1 0.9967
0 0.0044
1 0.9980
0 0.0048
1 0.9951
0 0.0110
1 0.9877
0 0.0103
1 0.9976
0 0.0046
1 0.9921
0 0.0115
1 0.9972
0 0.0117
1 0.9867
0 0.0099
1 0.9968
0 0.0087
1 0.9890
0 0.0092
1 0.9888
0 0.0025
1 0.9867
0 0.0061
1 0.9936
0 0.0103
1 0.9950
0 0.0111
1 0.9940
0 0.0117
1 0.9912
0 0.0212
1 0.9751
0 0.0057
1 0.9912
0 0.0060
1 0.9967
0 0.0177
1 0.9967
0 0.0061
1 0.9935
