null
-1
true
-1
false
49
49
-1
-1
true
false
49
true
true
true
49
49
107
-1
-1
-1
49
-1
false
-1
-1
false
-1
-1
true
true
-1
false
true
-1
true
true
-1
false
188
188
-1
-1
true
true
true
188
-1
-1
-1
true
false
false
-1
-1
-1
false
false
true
-1
49
114
-1
true
true
188
false
-1
38
-1
true
false
true
-1
114
200
false
false
38
false
false
true
false
true
178
true
false
178
false
true
true
-1
185
true
-1
49
true
true
-1
172
88
-1
114
-1
true
-1
38
-1
-1
true
-1
47
8421
47
178
true
true
false
true
130
188
false
-1
-1
false
true
-1
true
true
true
true
false
148
-1
true
true
true
true
true
174
-1
0
-1
true
67
193
false
109
-1
false
true
true
178
false
true
false
-1
114
178
true
true
67
-1
false
true
false
true
true
130
-1
4915
true
191
174
130
false
-1
false
49
false
true
-1
false
193
4057
602
false
true
-1
49
-1
true
-1
true
94
false
-1
114
false
130
true
true
false
true
166
true
true
false
false
false
true
true
true
-1
false
-1
67
true
false
false
-1
193
true
151
-1
49
-1
-1
-1
false
191
true
false
88
-1
182
true
true
166
108
15
-1
false
true
true
-1
43
187
false
true
true
false
7790
-1
15
8463
-1
true
114
-1
94
185
-1
-1
true
107
117
-1
true
-1
true
false
187
false
-1
true
true
-1
15
178
false
-1
-1
-1
58
false
-1
-1
false
-1
true
-1
90
true
193
-1
21
true
false
true
true
true
false
-1
true
-1
151
-1
-1
117
-1
true
168
-1
176
false
4820
true
102
6856
180
167
200
-1
false
false
2577
180
-1
true
true
148
true
false
-1
114
false
-1
true
190
93
-1
true
174
-1
-1
false
93
-1
-1
130
13
false
-1
-1
true
14
14
3184
14
-1
146
-1
-1
-1
false
77
true
47
-1
-1
true
false
-1
-1
-1
false
9
5921
-1
189
9
true
false
21
-1
false
38
49
146
true
72
true
false
-1
49
true
168
true
-1
true
-1
72
31
false
-1
true
3645
190
false
true
-1
false
false
true
-1
false
-1
false
false
false
-1
176
false
156
-1
false
true
-1
true
false
-1
false
false
true
4749
false
-1
18
false
193
148
false
true
-1
-1
-1
13
-1
180
178
-1
80
true
-1
178
-1
139
-1
true
180
98
98
false
49
156
true
true
7179
0
false
true
-1
178
187
151
false
132
149
false
-1
-1
132
149
false
false
100
58
false
4329
-1
false
151
-1
-1
109
80
false
100
70
14
168
100
-1
5685
true
-1
true
70
true
false
174
-1
-1
116
true
72
true
116
-1
false
false
true
-1
530
173
49
602
169
173
-1
true
true
90
true
true
false
119
101
107
true
176
51
true
4
true
13
false
178
false
-1
-1
0
true
true
-1
false
-1
true
false
true
8527
true
59
-1
35
100
false
-1
-1
false
-1
-1
true
true
67
149
-1
42
239
true
-1
151
true
true
169
140
false
169
149
140
true
-1
true
2
64
187
140
35
78
false
239
0
false
false
false
false
-1
111
57
true
false
14
false
68
-1
false
true
false
68
-1
46
46
false
-1
true
178
18
-1
true
46
168
49
true
-1
false
-1
9165
false
true
68
-1
68
false
true
183
-1
-1
false
85
-1
false
false
45
true
-1
true
129
false
false
3
85
183
7420
37
180
true
false
-1
2
false
-1
178
-1
true
true
13
68
2
172
true
180
false
false
598
189
-1
7420
false
0
true
false
-1
false
193
150
146
true
true
109
true
-1
179
57
5
150
59
-1
true
true
-1
-1
129
false
129
110
true
3715
-1
false
false
74
-1
-1
false
-1
14
false
true
false
-1
-1
151
110
true
94
false
633
6365
false
true
true
200
56
false
110
151
true
94
31
true
105
-1
-1
true
false
130
18
134
18
true
35
-1
false
177
false
true
true
36
39
false
-1
true
false
-1
false
-1
36
-1
-1
87
58
239
30
-1
false
110
-1
true
111
false
false
-1
-1
false
167
-1
true
-1
39
true
6754
false
false
-1
12
-1
87
0
119
157
170
47
false
true
true
-1
57
633
false
true
false
false
true
39
-1
true
87
111
9008
-1
56
true
true
true
29
true
155
109
-1
189
false
false
1400
-1
46
-1
false
-1
false
false
-1
-1
false
true
166
false
false
2688
-1
-1
170
97
false
5685
170
false
-1
11
true
168
0
true
false
true
false
180
true
false
true
false
true
-1
false
-1
true
false
false
true
-1
true
-1
-1
-1
4920
97
true
false
true
11
3792
true
false
67
-1
68
-1
-1
-1
false
true
58
false
106
87
false
false
true
true
0
1708
false
true
-1
108
false
false
false
-1
true
false
-1
true
178
true
false
-1
190
-1
140
-1
94
129
true
-1
-1
-1
-1
239
-1
80
165
false
false
false
-1
false
false
true
false
true
173
-1
false
false
172
-1
-1
false
61
true
-1
true
633
2
-1
false
true
162
116
true
-1
false
true
false
true
7938
true
true
false
false
true
-1
-1
false
false
-1
135
95
false
176
106
184
13
false
-1
true
false
125
true
46
-1
-1
9728
false
false
132
99
true
-1
false
98
81
false
1708
74
true
false
true
false
-1
162
-1
150
-1
false
true
false
false
21
158
true
321
512
274
false
45
false
-1
false
-1
-1
false
6423
0
false
-1
false
false
158
96
149
157
-1
8134
-1
true
false
683
157
true
68
false
85
true
false
125
-1
false
false
false
false
true
109
155
-1
true
false
157
true
4
118
true
158
false
false
-1
false
false
81
175
false
56
true
6
175
12
148
false
38
false
true
-1
39
58
77
false
146
-1
false
60
false
67
-1
false
false
60
false
false
76
false
false
-1
false
false
-1
true
false
true
-1
47
5973
36
27
false
76
-1
172
-1
false
77
58
71
true
-1
5117
false
160
false
true
false
true
false
false
false
true
141
-1
98
-1
155
80
false
-1
-1
0
false
true
false
true
-1
56
-1
187
78
1127
71
-1
false
false
false
71
true
99
-1
false
64
true
8817
false
-1
false
58
141
94
false
98
false
false
57
false
76
true
true
11
6
false
false
143
false
6
false
17
false
17
17
26
-1
-1
-1
-1
false
true
-1
-1
-1
4964
60
-1
-1
2895
-1
-1
true
76
8678
-1
-1
7079
false
-1
-1
-1
-1
false
false
false
true
false
9349
-1
false
false
true
false
109
-1
15
true
4168
false
188
-1
71
-1
false
false
31
895
-1
true
8294
170
143
true
71
-1
-1
true
true
115
177
100
34
3071
false
-1
25
190
-1
-1
12
false
34
false
-1
false
151
-1
false
-1
-1
-1
6
-1
-1
118
true
-1
false
true
false
8747
false
true
false
152
189
4749
false
173
116
true
false
true
-1
true
49
false
-1
true
-1
-1
43
96
58
21
false
false
true
-1
239
133
-1
true
603
false
false
11
false
152
9265
136
false
true
false
-1
-1
false
false
5704
0
116
true
85
-1
98
-1
true
64
162
41
50
false
false
140
-1
false
false
false
true
-1
true
432
true
-1
178
18
238
false
false
-1
true
-1
false
false
false
77
true
164
false
true
14
false
false
-1
true
113
false
150
true
false
-1
false
-1
false
164
-1
31
148
false
false
false
true
130
false
16
false
187
false
-1
-1
9071
94
false
-1
false
-1
148
49
false
143
50
-1
false
false
-1
41
-1
true
false
false
true
-1
57
122
true
true
-1
false
false
47
-1
false
false
18
-1
-1
3945
134
87
false
6
1161
121
7752
170
120
false
120
-1
false
-1
true
-1
72
true
-1
true
-1
-1
-1
false
true
54
true
true
6267
false
false
false
false
false
false
-1
-1
6030
true
false
143
false
-1
-1
59
false
false
false
71
42
184
38
false
2671
87
21
true
false
false
false
false
-1
false
46
8590
9008
true
68
-1
false
6063
-1
-1
12
141
155
false
-1
false
162
-1
188
false
true
19
67
false
3378
56
169
-1
true
-1
2378
false
false
-1
false
68
-1
true
-1
104
3
170
6584
-1
true
-1
55
-1
true
54
true
false
false
117
170
-1
false
false
true
false
true
2857
-1
81
-1
false
false
67
false
-1
8158
88
134
false
false
146
false
false
68
100
false
true
-1
109
55
7043
-1
false
-1
false
7
141
false
197
-1
178
-1
187
-1
234
76
true
155
165
160
-1
7
-1
-1
81
false
false
49
-1
3747
false
false
-1
-1
false
-1
false
false
-1
true
-1
false
139
true
41
603
-1
4346
36
67
-1
true
-1
117
187
-1
385
-1
false
149
false
-1
-1
-1
true
4179
false
false
28
false
false
28
174
false
-1
-1
false
true
178
false
-1
0
36
true
true
171
false
3373
-1
100
-1
true
-1
false
69
false
171
69
false
-1
-1
false
false
false
-1
-1
110
257
6460
true
false
676
28
1127
-1
false
58
171
-1
265
-1
8652
9738
false
false
false
75
true
false
false
false
false
false
7
7
false
false
69
true
172
-1
42
-1
255
-1
false
-1
false
false
true
60
true
-1
162
true
-1
0
false
-1
76
true
-1
false
false
-1
18
9357
-1
-1
-1
false
137
-1
false
false
3164
false
-1
false
-1
false
false
false
125
false
716
false
71
false
7
true
-1
false
true
-1
3184
-1
true
false
38
-1
3039
177
-1
-1
true
1
-1
-1
true
false
false
45
-1
false
700
false
true
false
false
false
true
7
188
1054
-1
false
0
39
true
80
47
false
false
false
122
false
163
174
2856
53
false
false
true
163
103
1
-1
73
267
false
-1
true
false
53
false
false
113
-1
true
true
114
65
false
false
true
false
9
false
false
-1
true
false
7485
69
false
true
197
true
192
5906
67
-1
57
-1
false
-1
false
-1
false
-1
false
true
148
false
96
-1
false
-1
-1
171
false
true
-1
false
168
35
63
4808
-1
true
true
432
89
true
-1
false
-1
-1
-1
175
-1
false
1592
false
true
148
71
false
65
false
4121
false
true
109
53
1410
false
true
-1
false
false
235
false
false
4738
-1
true
-1
true
false
7968
1
-1
55
false
true
true
192
true
143
-1
91
5677
-1
-1
-1
-1
233
-1
0
-1
-1
-1
-1
false
false
60
true
87
false
-1
false
false
true
false
-1
-1
184
35
false
5564
107
100
true
true
false
-1
false
false
7
9279
false
false
139
false
138
11
-1
true
-1
114
138
false
32
false
false
-1
true
200
false
false
196
138
196
false
143
true
false
false
true
true
122
true
-1
27
4808
9359
false
132
false
179
true
321
42
false
false
1008
false
184
72
false
5515
true
-1
99
false
6961
false
-1
108
true
179
true
true
310
false
61
-1
true
false
false
false
-1
-1
188
false
true
199
false
-1
false
false
-1
true
true
343
135
-1
602
false
false
198
false
false
51
10
true
40
false
489
true
false
true
-1
false
3373
false
-1
8318
false
false
-1
false
false
true
false
1444
false
false
183
5575
26
false
-1
11
92
-1
-1
40
-1
false
199
181
false
false
3617
3945
3043
false
3881
6754
-1
160
false
false
-1
-1
false
34
false
true
3
4257
171
-1
true
143
true
-1
-1
true
114
-1
false
-1
-1
false
163
7148
31
false
-1
false
3759
false
false
-1
10
49
-1
96
96
true
-1
-1
false
33
false
30
103
-1
false
-1
50
false
99
false
false
33
false
-1
false
false
174
-1
184
-1
-1
63
7
40
-1
false
47
141
false
-1
4168
false
false
23
true
7
3
-1
47
35
true
false
true
-1
1916
-1
8318
0
true
false
false
98
172
33
189
false
false
false
false
true
false
146
-1
false
40
-1
false
44
3071
-1
false
false
true
false
4346
-1
false
122
-1
68
-1
206
-1
false
82
false
267
true
-1
false
true
71
false
false
false
false
21
133
21
false
98
257
-1
false
false
-1
false
-1
210
8849
310
false
-1
-1
-1
-1
6267
727
8254
-1
-1
-1
false
true
-1
-1
-1
false
114
4
-1
true
85
138
155
174
15
33
37
false
false
1785
false
false
-1
-1
98
-1
-1
-1
148
-1
72
179
3
false
false
false
-1
true
false
10
false
false
33
false
false
233
true
false
10
false
71
false
169
false
510
-1
false
34
-1
-1
true
-1
0
152
false
true
-1
36
3
-1
177
true
false
false
-1
false
-1
-1
false
10
false
-1
false
39
false
-1
48
13
15
false
false
48
17
-1
false
47
37
false
-1
true
-1
false
true
false
false
false
-1
-1
false
true
true
false
-1
195
186
false
false
false
false
168
186
376
47
-1
101
false
-1
false
false
false
-1
-1
false
7715
6998
false
false
91
false
-1
-1
false
false
true
false
false
false
21
false
false
141
false
112
3184
false
75
-1
8254
-1
-1
35
-1
-1
false
false
4749
28
false
-1
-1
-1
-1
true
false
false
-1
45
-1
true
true
true
true
69
false
166
29
false
-1
39
7752
1
-1
153
false
153
true
false
635
false
65
-1
-1
9049
-1
75
6
87
false
149
-1
-1
-1
133
false
-1
false
-1
false
false
-1
65
-1
false
17
false
178
67
false
false
-1
116
-1
false
false
false
27
141
-1
735
1567
45
false
false
-1
true
5770
false
false
37
false
-1
-1
false
-1
-1
false
176
-1
-1
-1
94
false
-1
726
82
false
148
95
false
-1
72
-1
44
-1
false
32
-1
false
false
750
false
true
false
110
110
false
false
6417
-1
-1
-1
false
false
25
45
-1
-1
1
89
true
true
false
-1
-1
-1
false
-1
false
418
151
40
false
false
false
180
8849
338
97
true
false
false
false
false
204
59
false
55
true
109
true
false
124
false
4852
false
false
true
false
false
39
false
11
true
false
91
40
false
3
false
39
-1
-1
202
false
false
false
98
false
false
-1
4431
202
3827
67
6
225
3
true
55
false
false
1884
13
false
124
false
142
20
114
6168
-1
false
false
false
141
false
false
-1
false
-1
false
-1
3901
67
142
38
55
-1
-1
-1
-1
-1
false
-1
-1
true
false
false
false
19
19
-1
-1
true
false
false
-1
false
-1
-1
false
false
false
19
false
false
4090
7043
63
149
149
-1
true
-1
-1
1916
-1
true
9312
-1
false
159
175
true
true
false
true
277
4346
false
40
-1
178
163
false
false
36
false
false
-1
-1
false
true
9008
false
-1
255
142
false
123
false
-1
false
-1
13
-1
false
39
false
5688
228
-1
191
false
false
-1
-1
false
123
-1
65
false
true
-1
false
199
199
false
false
-1
false
false
false
true
117
-1
false
-1
-1
false
5063
false
1916
true
true
75
147
false
199
77
-1
-1
true
false
77
true
false
false
-1
false
false
-1
-1
false
true
35
false
false
-1
-1
false
false
343
false
false
-1
-1
-1
false
112
-1
false
false
false
202
594
6
false
50
true
false
-1
false
true
-1
6
180
true
true
-1
170
95
false
26
false
false
278
186
false
338
false
49
false
-1
false
true
false
-1
-1
280
5330
199
false
-1
3757
false
-1
true
97
186
false
9464
-1
false
-1
41
false
false
false
3057
false
-1
-1
false
false
36
false
18
false
false
35
-1
true
3827
false
false
false
2816
-1
false
false
-1
true
2622
39
39
-1
96
199
105
false
749
false
-1
true
-1
-1
-1
8900
false
false
false
-1
-1
-1
4262
-1
false
3757
-1
false
-1
false
false
true
132
6704
38
-1
false
132
false
false
-1
false
-1
-1
520
53
0
-1
-1
-1
-1
-1
-1
false
-1
26
false
-1
false
false
true
false
46
186
4168
24
true
false
false
-1
-1
-1
2443
false
-1
85
783
605
false
-1
true
390
-1
-1
0
9798
false
false
true
true
55
-1
true
false
false
594
false
186
-1
false
true
159
true
false
-1
-1
true
132
146
true
false
189
25
87
66
false
149
false
false
false
3204
false
-1
62
-1
150
-1
false
false
true
163
false
154
180
-1
-1
false
105
-1
146
-1
false
4168
true
105
73
-1
1403
false
79
false
16
false
602
false
-1
2816
true
true
-1
4650
-1
false
-1
7872
14
-1
-1
-1
-1
-1
-1
-1
-1
-1
false
false
false
-1
false
-1
117
true
-1
3184
false
true
-1
false
3827
-1
false
false
false
192
false
-1
false
11
false
40
-1
false
3204
false
731
false
false
6877
-1
7563
true
false
2207
1365
66
false
-1
5688
17
-1
true
false
127
false
false
-1
726
true
false
5583
266
false
9481
false
8471
-1
-1
-1
-1
-1
false
9065
-1
false
114
-1
727
false
112
false
-1
152
false
false
false
-1
false
false
false
true
false
false
7
52
-1
-1
9065
true
false
false
false
390
5063
-1
17
-1
-1
true
0
79
475
false
85
33
true
false
-1
-1
false
38
false
true
726
-1
-1
true
false
-1
2487
-1
133
-1
false
false
52
142
-1
false
true
false
false
210
41
7
22
827
102
-1
false
-1
-1
92
-1
-1
5583
30
false
false
200
-1
166
true
257
1
18
-1
true
4777
true
72
false
false
49
17
-1
true
false
false
19
-1
131
-1
false
67
131
false
-1
-1
-1
731
false
-1
6948
-1
false
6489
false
-1
-1
-1
1
-1
false
false
false
2293
183
-1
-1
55
-1
-1
false
-1
false
-1
-1
false
-1
false
false
false
-1
-1
-1
true
-1
-1
-1
false
-1
false
-1
false
-1
-1
false
false
-1
12
-1
false
-1
-1
-1
false
false
false
-1
76
false
-1
false
168
200
4799
false
false
-1
false
false
9481
-1
-1
475
true
false
9383
true
175
false
41
783
-1
-1
375
true
-1
false
-1
5088
-1
7
-1
false
-1
-1
-1
false
-1
4908
17
false
6168
false
39
-1
-1
false
40
-1
-1
78
false
-1
-1
-1
false
749
44
false
154
false
false
-1
false
3204
false
-1
-1
false
false
-1
-1
false
454
5
-1
false
true
false
-1
true
184
72
154
false
false
true
false
false
-1
189
false
5820
-1
-1
false
200
false
false
false
-1
514
false
-1
-1
false
-1
false
19
-1
70
66
-1
198
false
false
-1
-1
false
-1
1687
5771
5688
-1
false
-1
false
false
-1
3757
-1
false
229
140
-1
-1
false
true
false
-1
-1
-1
-1
39
26
41
false
-1
-1
-1
false
3071
-1
-1
false
15
-1
false
-1
false
3
false
0
-1
false
-1
false
-1
-1
false
3
true
false
179
false
-1
false
255
-1
-1
7
true
false
-1
16
false
true
-1
false
132
false
true
false
-1
-1
-1
255
false
65
false
false
-1
141
-1
-1
-1
false
506
78
3057
-1
49
-1
false
false
-1
529
1
-1
-1
-1
-1
false
true
-1
false
false
109
5517
false
false
4777
-1
-1
322
false
170
9329
6
-1
509
true
-1
-1
-1
false
false
false
225
6267
-1
-1
false
false
1363
-1
false
false
-1
false
-1
true
-1
false
175
-1
false
1444
false
281
-1
false
false
-1
false
false
false
154
false
-1
149
false
false
false
93
-1
false
85
false
-1
-1
827
false
true
141
false
8318
-1
-1
-1
-1
true
false
191
3164
53
391
true
26
7
-1
131
94
4218
false
-1
4776
-1
false
false
false
false
-1
100
false
false
false
-1
-1
false
1916
-1
false
false
false
17
-1
92
false
-1
-1
6584
97
-1
-1
true
true
17
false
6256
false
false
155
false
-1
1
false
-1
-1
169
false
true
false
-1
-1
-1
false
false
false
false
-1
27
88
false
false
false
false
-1
46
true
178
-1
false
false
30
52
434
false
177
false
-1
false
-1
46
-1
true
6
false
-1
true
163
9
26
-1
-1
-1
58
false
209
-1
false
3
false
3376
false
3324
false
-1
false
-1
false
-1
false
7485
-1
true
false
-1
false
-1
-1
-1
false
false
5836
false
-1
false
36
3
2705
147
false
-1
67
true
false
false
4284
184
107
false
false
9713
4856
false
40
611
6009
false
-1
-1
false
-1
false
false
-1
-1
false
-1
-1
false
false
false
-1
false
18
-1
false
3184
false
false
false
3184
-1
false
false
false
-1
-1
-1
-1
false
64
false
false
77
-1
-1
-1
false
-1
-1
343
false
false
-1
false
-1
false
false
18
-1
false
-1
15
-1
false
-1
121
false
false
-1
-1
true
false
-1
184
false
false
27
-1
-1
false
27
191
false
false
77
false
false
false
-1
false
false
true
false
3759
-1
false
-1
195
false
false
false
-1
198
false
false
false
false
-1
false
165
false
132
false
198
5564
-1
false
false
-1
-1
-1
false
-1
-1
-1
-1
-1
3184
false
false
-1
false
4015
false
-1
-1
1884
-1
false
41
false
-1
false
-1
false
false
8471
155
-1
-1
0
false
-1
