null
false
false
-1
-1
-1
-1
-1
false
-1
-1
true
5
false
false
true
true
5
false
true
-1
false
3
false
-1
-1
3
5
true
true
true
-1
4
2
false
8
9
-1
false
false
true
false
false
false
-1
8
4
false
2
false
4
-1
false
-1
-1
false
false
20
false
-1
-1
false
-1
0
-1
true
true
-1
1
true
-1
11
false
false
12
false
false
false
-1
9
12
false
6
false
false
0
-1
-1
false
4
-1
false
-1
6
-1
false
false
8
-1
-1
1
5
-1
false
-1
-1
true
2
-1
-1
-1
-1
-1
8
-1
false
false
-1
false
false
false
-1
-1
false
12
true
true
-1
1
9
false
11
15
-1
-1
false
false
false
31
60
-1
-1
5
false
-1
-1
false
false
false
-1
false
-1
false
12
false
8
-1
-1
false
-1
-1
7
false
false
3
false
true
-1
true
12
false
-1
7
false
3
false
false
31
-1
false
-1
1
-1
true
false
10
2
-1
false
10
3
false
false
8
false
-1
-1
12
31
true
