null
-1
true
true
false
-1
-1
true
true
-1
true
true
false
41
true
-1
38
-1
true
true
-1
38
true
true
49
true
-1
38
-1
false
true
-1
-1
false
24
false
true
-1
false
false
false
49
false
-1
-1
false
-1
true
43
-1
-1
false
true
920
-1
17
-1
78
-1
false
false
true
38
49
59
true
true
59
54
true
-1
78
-1
43
-1
-1
65
false
true
true
-1
true
true
true
false
-1
-1
65
-1
false
65
54
-1
66
66
7
false
-1
1
66
true
true
true
false
false
7
-1
69
true
false
38
1
-1
true
true
37
true
69
false
false
false
-1
-1
true
-1
false
-1
true
true
true
-1
true
-1
7
true
false
59
3
66
-1
65
3
64
-1
65
false
61
49
-1
68
false
false
-1
-1
true
-1
-1
false
true
false
false
-1
false
-1
-1
true
false
66
true
true
15
49
17
-1
1
59
23
46
false
59
-1
false
5
17
-1
false
68
false
61
true
false
true
false
5
false
29
false
46
165
78
false
42
42
false
72
true
true
29
-1
false
72
false
true
true
false
true
57
54
-1
72
-1
false
9
false
true
-1
-1
247
-1
false
false
48
57
38
-1
-1
true
false
42
false
false
12
148
false
0
-1
false
69
74
9
false
true
46
-1
true
false
false
57
74
-1
false
12
699
false
78
6
false
6
16
false
6
-1
-1
-1
5
-1
83
true
6
false
false
76
59
76
-1
-1
true
true
-1
79
false
-1
78
-1
true
true
false
876
false
false
true
-1
29
524
76
false
-1
true
-1
81
-1
true
true
false
false
true
false
-1
25
true
-1
11
-1
65
true
64
12
-1
true
true
false
false
true
376
33
false
76
47
-1
true
63
72
-1
16
23
true
true
false
49
64
9
38
false
true
false
40
true
-1
false
57
23
-1
false
8
true
false
11
-1
839
false
-1
-1
-1
65
true
14
true
625
true
40
true
false
50
-1
false
71
-1
71
11
true
-1
false
-1
-1
-1
true
true
71
true
222
64
-1
-1
72
775
49
true
-1
50
false
true
8
false
61
33
-1
false
6
-1
false
false
-1
true
535
false
false
false
false
true
-1
80
98
-1
30
true
true
41
false
3
false
70
false
-1
77
-1
29
12
1
61
48
false
-1
-1
628
17
556
-1
false
false
-1
-1
-1
false
17
156
362
-1
-1
true
3
57
-1
49
-1
false
-1
-1
false
7
22
false
9
-1
false
-1
70
false
70
false
-1
916
-1
-1
-1
false
12
false
64
true
false
false
true
false
true
false
false
true
54
true
true
57
8
false
true
false
36
2
true
0
617
false
-1
false
452
true
66
589
true
858
true
49
50
false
false
-1
65
-1
36
false
false
65
false
68
2
true
true
false
-1
false
-1
false
true
false
35
false
66
false
true
3
65
6
47
-1
false
35
53
true
false
false
53
true
true
27
53
37
false
false
-1
46
false
-1
false
true
646
14
51
false
22
556
true
false
-1
false
false
true
37
928
false
77
57
8
true
78
66
4
-1
-1
-1
-1
-1
-1
-1
-1
-1
false
-1
false
true
-1
35
-1
false
2
5
false
false
true
false
false
456
427
false
-1
true
-1
false
false
73
33
18
79
-1
false
20
false
false
17
false
false
16
true
73
53
true
false
0
false
-1
53
20
29
true
-1
-1
547
0
false
false
79
8
20
true
true
56
223
2
false
5
80
false
false
false
29
20
false
true
false
true
true
38
20
35
true
true
true
-1
true
false
623
false
false
true
false
-1
true
false
false
46
749
9
false
-1
true
-1
false
false
false
false
58
false
true
72
-1
0
33
0
14
-1
-1
615
-1
220
33
72
66
false
156
-1
-1
20
-1
-1
false
20
24
false
6
true
false
-1
-1
12
false
false
-1
false
-1
-1
false
-1
-1
false
-1
true
-1
58
-1
true
false
121
71
-1
false
-1
false
false
-1
462
false
false
16
false
true
-1
127
30
true
9
false
16
false
-1
56
true
true
false
false
-1
false
false
4
31
true
-1
65
true
false
59
false
false
73
false
true
false
8
false
74
false
false
true
20
false
true
false
17
true
905
50
1
9
44
68
61
false
321
false
3
66
false
true
20
44
948
34
false
10
false
true
false
false
false
false
98
78
98
true
false
false
false
false
false
false
-1
false
false
731
true
937
true
true
false
294
70
49
false
false
-1
false
false
false
false
6
359
true
-1
false
-1
61
false
144
-1
false
21
342
false
78
false
2
-1
18
false
false
true
false
489
false
-1
16
535
false
530
168
false
615
34
true
21
39
-1
false
-1
false
false
290
false
false
78
-1
false
65
true
39
0
true
false
10
4
-1
-1
false
60
-1
10
false
true
-1
22
-1
-1
false
false
-1
true
false
false
22
false
false
-1
-1
true
-1
42
false
-1
-1
true
-1
false
false
5
748
27
28
-1
67
-1
false
-1
-1
173
true
731
false
144
70
3
false
false
-1
-1
false
29
-1
-1
true
false
770
-1
false
false
30
false
true
-1
-1
-1
false
false
-1
-1
false
-1
-1
false
true
false
false
36
-1
-1
false
-1
false
false
615
false
-1
16
173
-1
false
39
887
-1
-1
40
-1
false
-1
-1
72
false
false
610
-1
-1
7
-1
true
-1
false
-1
-1
-1
false
29
false
false
156
-1
75
false
false
false
-1
78
true
false
false
15
true
-1
true
false
false
false
false
false
-1
25
false
-1
425
false
6
161
-1
false
-1
false
false
-1
54
-1
false
425
49
-1
28
-1
18
false
false
false
72
-1
false
-1
false
547
91
false
-1
937
-1
71
false
13
57
-1
false
-1
615
0
-1
-1
-1
2
false
-1
false
-1
310
-1
-1
false
8
-1
false
-1
4
false
false
-1
false
false
928
59
false
false
14
false
-1
25
false
false
-1
false
-1
-1
-1
false
false
-1
-1
true
false
0
false
-1
-1
25
false
-1
false
false
-1
-1
false
3
56
8
false
false
0
true
false
false
144
false
10
21
false
-1
-1
-1
-1
false
-1
false
false
false
true
49
false
60
-1
43
-1
-1
false
false
false
57
-1
true
-1
3
610
-1
64
0
499
353
1
14
false
false
false
2
false
false
-1
-1
false
-1
false
true
32
573
-1
-1
true
540
36
441
false
32
false
false
false
-1
false
false
-1
11
false
27
21
true
-1
-1
false
false
-1
false
false
false
false
-1
441
-1
false
-1
-1
591
false
false
false
-1
73
false
2
-1
false
-1
-1
-1
false
-1
false
-1
44
false
4
false
67
true
false
-1
-1
6
198
4
-1
false
-1
-1
60
109
-1
2
false
462
false
-1
-1
-1
-1
-1
false
51
false
false
57
-1
-1
false
11
-1
-1
false
4
-1
false
-1
false
1
false
-1
1
-1
-1
-1
887
false
-1
-1
0
13
265
-1
false
16
-1
3
false
-1
false
-1
25
false
462
-1
false
-1
false
false
false
-1
28
1
true
-1
false
49
false
false
-1
-1
false
-1
22
false
-1
false
false
false
false
334
-1
-1
-1
-1
161
8
-1
-1
false
-1
0
true
-1
21
false
-1
-1
29
false
true
8
false
false
62
false
false
27
-1
false
false
false
false
312
15
43
false
false
4
58
62
-1
false
49
false
25
11
-1
-1
false
-1
false
-1
false
16
-1
-1
220
false
462
false
-1
16
-1
-1
false
6
false
0
false
-1
-1
-1
false
32
false
51
-1
false
false
false
-1
368
false
-1
false
-1
false
183
-1
false
-1
true
50
275
false
-1
true
2
62
30
false
false
8
false
26
false
false
-1
false
60
26
-1
12
20
-1
-1
-1
13
true
-1
-1
-1
false
false
-1
true
16
3
-1
65
false
22
-1
-1
false
-1
-1
true
false
-1
-1
59
2
26
-1
false
553
-1
49
-1
-1
false
-1
false
-1
-1
false
false
-1
-1
false
-1
-1
30
-1
true
false
false
-1
true
false
false
16
false
55
-1
28
-1
false
11
55
-1
8
-1
true
false
-1
true
false
false
353
-1
-1
-1
-1
false
false
-1
-1
-1
-1
441
false
51
false
1
false
false
144
false
-1
false
4
-1
false
-1
-1
false
-1
false
false
-1
21
false
false
-1
false
-1
-1
-1
949
false
false
false
true
false
-1
-1
-1
false
59
true
-1
false
143
880
false
-1
2
4
false
true
39
false
75
30
-1
39
-1
false
true
false
false
false
61
-1
false
false
false
false
-1
false
false
false
420
40
true
-1
false
171
false
false
true
632
-1
-1
true
false
61
48
false
916
false
-1
false
false
false
2
false
0
false
71
4
-1
false
-1
109
-1
false
false
true
265
false
false
false
462
509
6
0
22
false
false
275
false
42
false
false
false
20
false
false
-1
false
false
false
-1
-1
false
false
-1
68
75
591
-1
458
false
false
false
-1
true
564
60
17
452
13
false
false
false
false
-1
false
false
false
13
353
false
-1
13
-1
-1
-1
-1
-1
false
46
-1
false
-1
false
true
false
false
30
false
false
true
28
2
29
false
false
false
-1
29
800
10
290
-1
false
-1
17
false
-1
false
156
false
8
false
3
-1
false
937
15
-1
false
884
12
-1
-1
15
false
false
false
false
-1
false
false
57
-1
26
true
false
9
false
false
-1
84
0
509
265
-1
false
40
false
184
-1
362
-1
-1
16
-1
-1
-1
-1
-1
false
false
false
-1
-1
false
768
-1
-1
false
false
30
false
false
true
-1
false
false
true
35
false
19
38
false
529
-1
false
false
false
false
false
593
-1
0
-1
-1
0
452
-1
-1
false
0
false
false
false
-1
28
false
58
-1
-1
10
false
-1
false
-1
-1
false
35
false
144
46
-1
-1
529
35
-1
false
false
-1
true
false
-1
false
false
-1
false
64
false
false
false
-1
11
441
-1
false
false
786
-1
false
false
7
-1
-1
-1
false
-1
575
-1
312
75
475
30
false
717
-1
16
false
-1
false
-1
20
547
-1
-1
false
-1
-1
-1
-1
58
false
-1
-1
-1
-1
-1
false
76
884
35
13
-1
false
-1
-1
-1
false
false
false
false
38
-1
290
3
true
true
false
false
66
51
-1
916
true
