1.56 7.99 6.58 4.86 2.58 1.80 5.69 7.79 1.16 9.01 4.02 1.83 3.61 6.07 7.66 1.84 1.72 5.79 0.10 6.67 2.13 4.45 10.47 2.06 8.14 6.86 4.60 4.32 9.52 9.17 2.56 4.09 7.71 7.92 6.12 4.29 6.85 3.24 6.09 3.85 9.55 4.62 0.45 2.92 8.12 3.84 0.93 5.27 7.51 0.50 8.69 5.91 1.31 9.10 8.68 9.32 3.06 2.90 4.31 0.66 6.42 0.42 8.34 9.35 6.86 2.48 6.95 1.85 5.50 7.82 5.89 2.48 1.84 6.47 1.44 4.31 6.51 0.96 5.57 7.59 0.69 4.95 7.12 5.01 7.77 5.36 3.92 1.98 4.76 7.23 4.35 7.90 7.23 9.42 7.64 1.85 1.05 0.68 0.53 3.96
4.93
0.40 0.01 0.01 0.00 0.03 0.21 0.14 0.00 0.00 -0.79
0.00 0.00 -1.00 0.68 0.03 0.02 0.00 0.19 0.05 0.02
-1.00 0.00 0.00 0.50 0.00 0.01 0.38 0.10 0.00 0.00
0.00 -0.99 0.00 0.03 0.00 0.00 0.38 0.02 0.00 0.55
0.00 0.46 0.00 0.00 0.00 0.07 0.07 -0.92 0.00 0.31
0.00 -0.83 0.02 0.18 0.00 0.02 0.53 0.02 0.06 0.00
0.00 0.00 -1.00 0.00 0.00 0.03 0.33 0.28 0.29 0.07
0.27 0.00 0.01 -1.00 0.00 0.00 0.55 0.16 0.01 0.00
0.00 0.00 0.01 0.01 -0.69 0.00 0.29 0.35 0.00 0.03
0.13 0.47 0.30 -1.00 0.05 0.00 0.01 0.04 0.00 0.00
0.31 -0.98 0.01 0.57 0.00 0.00 0.00 0.00 0.00 0.09
0.05 -0.84 0.00 0.01 0.01 0.02 0.09 0.00 0.00 0.65
0.01 0.00 0.00 0.83 0.08 0.02 0.01 0.00 0.02 -0.97
0.00 0.59 0.07 -1.00 0.14 0.18 0.01 0.00 0.00 0.00
0.00 0.54 0.00 0.00 0.01 0.00 0.21 0.22 0.01 -1.00
-0.84 0.00 0.01 0.00 0.01 0.00 0.46 0.12 0.24 0.00
0.02 0.23 0.04 0.23 0.15 0.13 0.00 0.01 0.00 -0.82
-1.00 0.01 0.96 0.00 0.00 0.01 0.00 0.00 0.01 0.00
0.00 0.04 -0.10 0.00 0.00 0.02 0.02 0.00 0.00 0.01
0.02 -1.00 0.00 0.13 0.53 0.00 0.21 0.00 0.08 0.02
0.24 0.00 0.00 0.00 0.62 0.00 0.00 0.00 -0.88 0.02
0.49 0.07 0.23 -0.99 0.00 0.02 0.13 0.00 0.01 0.04
0.00 0.40 0.00 0.04 0.00 0.02 0.26 -1.00 0.06 0.22
0.00 0.12 0.00 0.00 0.00 0.00 0.73 -0.87 0.00 0.01
0.02 0.30 0.02 0.01 0.40 0.17 -1.00 0.08 0.00 0.00
0.01 0.01 0.14 0.02 0.09 0.38 0.22 0.13 0.00 -1.00
0.05 0.30 0.08 0.00 0.02 0.00 -0.99 0.01 0.01 0.53
-0.99 0.00 0.61 0.30 0.00 0.00 0.03 0.04 0.00 0.00
0.04 0.12 0.54 0.00 -1.00 0.00 0.00 0.00 0.00 0.30
0.00 0.06 0.00 0.28 0.00 0.03 0.00 -1.00 0.43 0.19
0.00 0.57 0.01 -0.92 0.00 0.00 0.00 0.08 0.26 0.00
0.00 0.72 0.00 0.00 -0.98 0.01 0.21 0.01 0.00 0.04
0.16 -1.00 0.00 0.22 0.29 0.00 0.01 0.00 0.03 0.28
0.37 -1.00 0.14 0.34 0.04 0.00 0.00 0.00 0.10 0.00
-1.00 0.49 0.02 0.23 0.00 0.07 0.13 0.03 0.03 0.01
0.72 0.00 0.00 0.01 0.11 0.00 0.00 -0.99 0.05 0.09
0.00 0.00 0.04 0.00 0.00 0.36 -1.00 0.60 0.00 0.00
-0.96 0.00 0.00 0.10 0.00 0.35 0.00 0.34 0.00 0.17
0.00 0.06 0.01 0.00 -1.00 0.42 0.50 0.01 0.00 0.00
0.03 0.05 -0.98 0.00 0.00 0.00 0.01 0.08 0.81 0.00
0.71 0.00 0.01 0.00 0.00 0.00 0.14 -1.00 0.00 0.14
0.14 0.00 0.00 0.00 0.48 0.00 0.27 0.10 -0.99 0.00
0.00 -0.37 0.00 0.00 0.00 0.00 0.00 0.14 0.14 0.08
0.00 0.01 -0.95 0.00 0.12 0.00 0.53 0.00 0.00 0.28
0.01 0.00 0.23 -1.00 0.00 0.00 0.00 0.01 0.00 0.74
-0.98 0.01 0.07 0.49 0.06 0.04 0.14 0.14 0.00 0.02
0.00 0.00 0.00 0.00 0.32 -0.61 0.28 0.00 0.01 0.00
0.00 0.19 -0.99 0.12 0.21 0.07 0.00 0.04 0.36 0.00
0.00 0.01 0.65 0.00 0.01 0.00 -1.00 0.00 0.29 0.03
0.00 0.01 0.26 0.00 0.02 0.10 0.00 0.01 -0.39 0.00
0.03 0.03 0.00 -1.00 0.31 0.27 0.36 0.00 0.00 0.00
0.46 0.00 0.26 0.06 0.02 0.00 -1.00 0.08 0.01 0.11
0.02 0.01 0.00 0.26 0.41 0.00 0.00 0.01 0.03 -0.73
0.01 0.09 0.00 0.34 -1.00 0.00 0.00 0.00 0.00 0.55
0.08 0.00 0.08 0.60 0.05 0.01 0.10 -1.00 0.08 0.00
0.00 0.17 0.20 0.05 -1.00 0.00 0.52 0.01 0.03 0.02
-0.95 0.13 0.00 0.01 0.00 0.21 0.56 0.04 0.00 0.00
0.00 0.34 0.02 -0.95 0.06 0.01 0.00 0.04 0.10 0.38
0.00 0.00 0.65 0.02 0.19 0.00 0.00 0.12 0.00 -0.99
0.01 0.00 0.16 0.00 0.06 0.00 -0.48 0.00 0.01 0.24
0.00 0.07 0.01 0.00 0.74 0.15 0.01 -1.00 0.02 0.01
-0.35 0.00 0.00 0.00 0.00 0.00 0.00 0.31 0.00 0.03
0.08 -1.00 0.00 0.00 0.00 0.32 0.42 0.05 0.00 0.14
-1.00 0.01 0.00 0.00 0.00 0.00 0.03 0.00 0.95 0.00
0.00 -1.00 0.67 0.00 0.00 0.06 0.01 0.03 0.01 0.22
0.05 0.04 0.02 0.22 0.52 0.01 0.05 0.00 -0.92 0.00
0.02 0.23 0.30 0.00 0.39 0.03 0.00 -1.00 0.02 0.01
0.04 0.12 0.00 0.10 0.00 0.00 0.58 0.00 -0.84 0.00
0.27 0.00 0.00 0.71 0.00 0.00 0.00 0.01 -1.00 0.00
0.02 0.08 0.01 0.00 -1.00 0.05 0.15 0.36 0.32 0.00
0.29 0.00 0.17 0.02 0.01 -1.00 0.36 0.10 0.02 0.03
0.02 0.00 0.00 0.01 -0.92 0.52 0.18 0.08 0.10 0.00
0.01 0.00 0.00 0.01 0.00 -0.84 0.42 0.22 0.01 0.18
0.63 -1.00 0.13 0.07 0.00 0.00 0.15 0.00 0.01 0.00
0.06 0.00 0.03 0.37 0.04 0.14 0.00 0.13 -0.76 0.00
0.00 0.01 0.00 -0.99 0.21 0.00 0.16 0.00 0.60 0.00
0.01 0.00 0.24 0.02 0.00 -1.00 0.07 0.03 0.00 0.62
0.00 -0.62 0.01 0.34 0.20 0.01 0.06 0.00 0.00 0.00
0.04 0.00 0.00 0.00 0.00 0.00 0.00 0.94 -1.00 0.01
0.00 0.00 0.02 0.00 0.00 0.46 0.00 0.51 -1.00 0.00
-0.50 0.00 0.00 0.00 0.10 0.00 0.01 0.03 0.35 0.01
0.01 -0.99 0.00 0.17 0.19 0.47 0.00 0.14 0.01 0.01
0.30 0.00 0.01 0.18 0.00 0.00 0.51 0.00 -1.00 0.00
0.20 0.45 0.00 0.01 -0.99 0.00 0.00 0.33 0.01 0.00
0.02 0.02 0.00 0.00 0.91 -1.00 0.04 0.00 0.01 0.00
-1.00 0.00 0.37 0.29 0.11 0.00 0.06 0.00 0.16 0.00
0.00 0.08 0.20 0.00 0.01 0.26 0.00 0.38 0.04 -0.98
0.11 0.02 -0.86 0.00 0.00 0.71 0.02 0.00 0.00 0.00
0.06 0.00 0.01 0.08 0.00 0.00 -0.99 0.54 0.00 0.28
-1.00 0.00 0.01 0.10 0.15 0.07 0.00 0.08 0.00 0.58
0.00 0.10 0.01 0.00 0.87 0.00 0.00 -0.99 0.00 0.00
0.00 0.00 0.00 -1.00 0.29 0.00 0.26 0.28 0.11 0.05
0.01 0.15 0.00 -1.00 0.00 0.73 0.03 0.00 0.00 0.07
-1.00 0.65 0.02 0.14 0.04 0.00 0.00 0.00 0.12 0.03
0.34 -1.00 0.00 0.01 0.02 0.00 0.01 0.53 0.06 0.02
0.01 0.06 -0.84 0.01 0.06 0.01 0.27 0.37 0.02 0.05
0.04 0.03 0.01 -0.65 0.26 0.01 0.00 0.27 0.00 0.02
0.03 -0.49 0.00 0.06 0.00 0.00 0.02 0.24 0.02 0.12
0.03 0.04 0.26 0.00 0.01 -0.41 0.00 0.02 0.03 0.02
-0.98 0.00 0.00 0.00 0.44 0.12 0.01 0.36 0.00 0.06
