1.06 4.24 1.56 6.03 1.54 3.26 0.35 9.44 0.86 5.26 7.38 7.70 2.36 0.14 5.39 6.88 4.16 0.33 5.07 5.11
3.91
0.00 0.10 -0.65 0.07 0.03 0.01 0.42 0.02
0.00 0.00 0.01 0.00 0.62 0.34 -0.99 0.01
0.00 0.00 0.00 0.00 -0.79 0.00 0.77 0.01
0.04 -1.00 0.00 0.02 0.11 0.01 0.82 0.00
0.00 0.18 0.00 0.00 0.00 0.01 0.59 -0.78
0.00 0.00 0.01 0.00 0.16 0.02 -0.96 0.76
-0.29 0.00 0.02 0.00 0.00 0.00 0.23 0.04
0.05 0.16 0.00 0.68 0.00 0.10 -1.00 0.00
0.00 -0.58 0.02 0.44 0.00 0.09 0.00 0.01
-0.99 0.02 0.02 0.00 0.01 0.00 0.93 0.00
0.00 0.51 0.03 -1.00 0.03 0.01 0.02 0.39
0.00 0.00 -1.00 0.00 0.00 1.00 0.00 0.00
0.38 0.09 0.05 -0.91 0.38 0.00 0.00 0.01
0.00 0.02 -0.13 0.00 0.10 0.00 0.00 0.00
0.11 0.01 0.08 0.03 -1.00 0.77 0.00 0.01
0.67 0.12 0.13 0.05 0.02 -1.00 0.00 0.00
0.27 0.00 0.34 0.12 -0.98 0.01 0.00 0.24
0.09 0.10 -0.28 0.00 0.01 0.01 0.07 0.00
0.03 0.00 0.00 -0.99 0.57 0.06 0.26 0.06
0.00 -0.99 0.62 0.01 0.00 0.13 0.24 0.00
