3.49 3.38 8.29 2.81 1.52 6.43 8.03 3.10 6.17 9.79 1.46 4.00 0.43 0.12 4.86 1.03 1.91 4.43 9.01 8.84 3.74 2.60 0.57 8.72 1.27 2.81 5.29 6.25 4.81 9.33 1.50 8.15 3.06 1.90 2.77 6.27 9.15 4.38 7.84 0.19 0.96 2.89 9.42 1.37 1.49 2.69 6.98 6.35 3.99 4.24
4.40
0.02 0.83 -0.97 0.04 0.00 0.00 0.00 0.07 0.00 0.00
0.39 0.14 0.01 0.00 0.00 0.00 0.03 -0.97 0.38 0.01
0.01 0.01 0.00 0.47 -1.00 0.00 0.00 0.00 0.51 0.00
0.00 0.73 0.00 0.06 0.01 0.00 0.00 0.00 0.12 -0.94
0.01 -0.78 0.00 0.01 0.41 0.03 0.00 0.00 0.00 0.33
0.11 0.00 0.01 0.04 0.01 -1.00 0.08 0.12 0.01 0.62
0.01 0.00 0.55 0.00 0.00 0.04 0.00 -1.00 0.40 0.00
0.03 0.00 0.00 0.07 -0.95 0.07 0.01 0.00 0.69 0.08
-1.00 0.02 0.01 0.05 0.01 0.00 0.00 0.83 0.00 0.08
0.49 -1.00 0.04 0.01 0.04 0.05 0.35 0.03 0.00 0.00
0.00 0.01 0.00 0.00 0.00 0.19 -0.77 0.55 0.00 0.01
0.03 -0.98 0.25 0.00 0.01 0.00 0.37 0.19 0.11 0.03
0.00 0.27 0.01 0.02 0.02 0.00 0.02 0.00 -0.35 0.00
0.00 0.00 0.00 0.02 0.00 0.08 0.00 0.00 0.01 -0.11
0.02 -0.99 0.95 0.00 0.00 0.01 0.00 0.01 0.00 0.00
0.00 0.00 0.14 0.01 0.04 0.01 0.03 -0.64 0.39 0.00
-0.85 0.01 0.01 0.00 0.29 0.52 0.02 0.00 0.00 0.00
0.00 0.00 0.00 0.00 0.01 0.61 0.00 0.32 0.04 -0.99
0.15 -1.00 0.05 0.00 0.57 0.11 0.12 0.00 0.00 0.00
-1.00 0.00 0.00 0.30 0.36 0.00 0.00 0.27 0.06 0.01
0.57 0.01 0.00 0.00 0.00 0.00 0.00 -0.98 0.00 0.39
0.84 0.03 -0.93 0.01 0.02 0.01 0.02 0.00 0.00 0.00
0.23 0.01 0.00 0.00 0.00 -0.43 0.09 0.00 0.05 0.04
0.00 0.14 0.11 0.00 -1.00 0.01 0.00 0.01 0.62 0.09
0.01 0.00 -0.72 0.00 0.00 0.00 0.03 0.66 0.00 0.02
0.06 0.01 0.00 0.07 0.01 -0.94 0.00 0.00 0.00 0.78
-0.99 0.04 0.07 0.80 0.05 0.00 0.00 0.00 0.01 0.03
0.01 0.01 0.07 0.00 0.00 0.01 0.03 0.02 0.85 -1.00
0.00 0.07 0.02 0.00 0.00 0.22 -0.99 0.01 0.66 0.00
0.01 0.00 0.00 0.28 0.13 0.25 0.00 -1.00 0.00 0.33
0.30 0.22 0.00 0.00 0.04 0.20 0.01 -0.78 0.00 0.00
0.23 0.00 -1.00 0.00 0.00 0.00 0.00 0.11 0.00 0.66
0.17 0.01 0.02 0.00 0.01 0.10 0.12 -0.95 0.52 0.01
0.01 0.00 0.00 0.46 0.00 0.26 -0.85 0.01 0.10 0.01
0.00 0.00 0.00 0.05 -0.94 0.00 0.00 0.80 0.02 0.06
0.00 0.12 0.70 0.01 0.04 -1.00 0.12 0.00 0.00 0.00
0.15 0.04 0.24 0.00 0.47 0.00 0.00 0.08 0.01 -1.00
-0.99 0.00 0.01 0.14 0.36 0.15 0.30 0.00 0.02 0.00
0.07 0.08 0.26 0.00 -1.00 0.09 0.00 0.15 0.35 0.00
0.03 -0.17 0.00 0.03 0.00 0.00 0.00 0.00 0.07 0.05
0.00 0.15 0.00 -0.62 0.31 0.12 0.01 0.00 0.01 0.01
0.63 0.04 0.01 0.00 0.01 0.00 0.04 0.01 0.21 -0.94
0.34 0.25 0.08 0.00 0.32 -1.00 0.00 0.00 0.00 0.01
0.00 0.00 0.01 0.01 0.05 0.09 0.44 -0.74 0.14 0.00
0.01 0.05 0.00 0.00 0.00 0.00 -0.77 0.00 0.01 0.71
-0.93 0.14 0.36 0.02 0.12 0.00 0.00 0.00 0.00 0.30
0.61 0.00 0.04 0.01 -1.00 0.00 0.03 0.17 0.00 0.13
0.02 0.00 0.08 0.00 -1.00 0.77 0.00 0.02 0.11 0.00
0.00 0.00 0.00 -0.98 0.48 0.00 0.15 0.04 0.31 0.00
0.38 0.01 0.00 0.01 0.00 0.30 0.00 0.00 -0.99 0.29
