clientAA,0
clientAB,0
clientAD,0
clientAF,0
clientAH,0
clientAL,0
clientAN,0
clientBB,0
clientBC,0
clientBE,0
clientBG,0
clientBH,0
clientBI,0
clientBJ,0
clientBK,0
clientBL,0
clientBM,0
clientBN,0
clientBO,0
clientCA,0
clientCC,3104
clientCF,0
clientCG,4005
clientCI,0
clientCJ,0
clientCK,0
clientCM,0
clientCN,0
clientCO,0
clientDA,0
clientDB,0
clientDC,0
clientDE,0
clientDF,0
clientDG,0
clientDK,0
clientDM,0
clientDN,0
clientDO,0
clientEC,0
clientED,0
clientEF,0
clientEI,0
clientEJ,0
clientEL,0
clientEO,0
clientFA,0
clientFC,0
clientFD,0
clientFE,0
clientFG,0
clientFH,0
clientFI,0
clientFJ,0
clientFK,0
clientFN,0
clientFO,0
clientGA,0
clientGD,0
clientGF,0
clientGH,0
clientGI,0
clientGJ,0
clientGK,0
clientGL,0
clientGM,0
clientGO,0
clientHA,0
clientHB,0
clientHD,0
clientHE,0
clientHH,0
clientHI,0
clientHL,0
clientHM,0
clientHN,0
clientIA,0
clientIB,0
clientIC,0
clientID,0
clientIF,0
clientIH,5390
clientII,0
clientIJ,0
clientIK,297
clientIL,0
clientIM,873
clientJB,0
clientJD,0
clientJF,0
clientJG,0
clientJL,0
clientJM,0
clientJN,0
clientKB,704
clientKD,0
clientKF,0
clientKH,0
clientKJ,0
clientKK,0
clientKL,0
clientKM,0
clientLA,0
clientLB,0
clientLD,0
clientLE,0
clientLG,0
clientLH,352
clientLI,0
clientLJ,0
clientLL,429
clientLM,0
clientLN,0
clientMB,0
clientMD,0
clientME,0
clientMH,0
clientMI,380
clientMJ,0
clientMM,0
clientNA,0
clientNC,0
clientNE,0
clientNI,0
clientOB,0
clientOC,0
clientOD,0
clientOE,0
clientOF,0
clientOI,0
clientOK,0
clientOL,0
clientOM,0
clientON,0
clientPA,0
clientPB,0
clientPC,0
clientPD,0
clientPF,0
clientPH,520
clientPI,0
clientPJ,0
clientPN,0
clientQB,0
clientQC,0
clientQD,0
clientQE,0
clientQG,0
clientQH,0
clientQI,0
clientQK,0
clientRA,0
clientRB,0
clientRC,0
clientRD,0
clientRE,0
clientRF,0
clientRG,0
clientRI,0
clientRJ,0
clientRK,0
clientRM,0
clientRN,0
clientSA,0
clientSC,0
clientSD,0
clientSE,0
clientSF,0
clientSG,0
clientSH,0
clientSJ,0
clientSK,0
clientSL,0
clientSM,0
clientSN,0
clientTC,0
clientTD,0
clientTF,0
clientTH,0
clientTI,0
clientTJ,0
clientTK,0
clientTM,0
clientUA,0
clientUB,0
clientUC,0
clientUD,0
clientUE,0
clientUF,0
clientUG,248
clientUH,0
clientUK,0
clientUN,0
clientVA,0
clientVB,0
clientVC,0
clientVD,504
clientVE,0
clientVF,0
clientVG,0
clientVI,0
clientVJ,0
clientVK,0
clientVM,0
clientVN,0
clientWA,0
clientWB,0
clientWC,0
clientWD,0
clientWE,0
clientWI,0
clientWJ,0
clientWK,0
clientWL,0
clientWM,0
clientXA,0
clientXC,0
clientXD,0
clientXE,0
clientXG,0
clientXH,0
clientXJ,0
clientXK,0
clientXL,0
clientXM,0
clientXN,0
clientYC,0
clientYD,0
clientYF,0
clientYG,0
clientYH,0
clientYI,0
clientYL,0
clientZB,0
clientZC,0
clientZD,0
clientZF,0
clientZG,0
clientZH,0
clientZJ,0
clientZK,0
clientZM,0
clientZN,0