clientAA,0
clientAB,0
clientAC,0
clientAD,0
clientAE,594
clientAH,5544
clientAJ,99
clientAM,0
clientAN,0
clientAP,0
clientAQ,0
clientAS,0
clientBA,0
clientBB,0
clientBC,700
clientBF,0
clientBH,0
clientBI,0
clientBJ,1785
clientBL,4158
clientBM,1062
clientBN,0
clientBO,0
clientBQ,0
clientBR,0
clientBS,0
clientCA,0
clientCB,0
clientCC,0
clientCD,0
clientCF,2900
clientCG,282
clientCH,0
clientCI,0
clientCL,0
clientCM,0
clientCN,0
clientCP,0
clientCR,0
clientCS,0
clientDA,0
clientDB,0
clientDD,0
clientDE,0
clientDF,0
clientDH,0
clientDI,0
clientDJ,78
clientDK,0
clientDL,0
clientDN,0
clientDO,0
clientDP,5610
clientDQ,0
clientDS,0
clientEA,148
clientEB,3000
clientEC,0
clientEE,0
clientEF,0
clientEH,0
clientEJ,4118
clientEK,0
clientEL,0
clientEM,0
clientEO,0
clientEP,2156
clientEQ,0
clientFC,8832
clientFG,0
clientFH,0
clientFI,5100
clientFJ,0
clientFL,0
clientFM,0
clientFN,0
clientFP,0
clientFS,8093
clientGA,0
clientGB,0
clientGE,3720
clientGF,0
clientGG,0
clientGJ,2376
clientGK,0
clientGL,0
clientGM,0
clientGO,0
clientGQ,0
clientGR,0
clientHA,532
clientHB,0
clientHE,0
clientHK,0
clientHL,72
clientHO,0
clientHP,0
clientHQ,0
clientHR,0
clientHS,0
clientIA,0
clientIC,0
clientID,0
clientIE,2162
clientIF,0
clientIG,0
clientIH,0
clientIJ,0
clientIK,0
clientIL,0
clientIN,0
clientIQ,0
clientJC,0
clientJE,0
clientJG,0
clientJH,1708
clientJJ,0
clientJK,0
clientJM,1798
clientJN,0
clientJQ,0
clientKA,1674
clientKB,0
clientKC,0
clientKD,0
clientKE,0
clientKF,0
clientKH,667
clientKI,475
clientKJ,0
clientKK,0
clientKL,0
clientKM,0
clientKN,0
clientKO,0
clientKS,1520
clientLA,20
clientLD,0
clientLE,0
clientLG,0
clientLH,0
clientLI,0
clientLM,0
clientLN,0
clientLP,0
clientLQ,1692
clientLR,3362
clientLS,0
clientMA,0
clientMB,0
clientMC,0
clientME,0
clientMG,0
clientMH,0
clientMI,0
clientMJ,2680
clientMK,0
clientML,0
clientMM,0
clientMN,0
clientMO,0
clientMP,0
clientMR,0
clientMS,0
clientNB,0
clientND,0
clientNG,128
clientNH,0
clientNJ,0
clientNK,0
clientNL,0
clientNM,3330
clientNN,0
clientNQ,0
clientNS,0
clientOA,3276
clientOC,0
clientOD,2340
clientOE,0
clientOG,0
clientOH,0
clientOK,0
clientOL,4115
clientOO,7623
clientOQ,0
clientOR,0
clientOS,0
clientPA,0
clientPB,0
clientPC,0
clientPD,0
clientPE,0
clientPF,182
clientPG,0
clientPH,0
clientPJ,0
clientPL,1870
clientPM,0
clientPO,0
clientPP,0
clientQA,0
clientQB,2640
clientQF,0
clientQJ,1400
clientQK,0
clientQL,0
clientQM,0
clientQP,0
clientQR,0
clientQS,0
clientRC,0
clientRD,0
clientRE,3332
clientRF,4214
clientRH,0
clientRJ,0
clientRK,0
clientRN,0
clientRO,0
clientRP,0
clientRQ,0
clientSA,0
clientSB,0
clientSF,1280
clientSG,0
clientSI,186
clientSJ,0
clientSK,0
clientSL,0
clientSN,0
clientSP,0
clientSS,0
clientTA,0
clientTD,0
clientTF,0
clientTG,0
clientTJ,0
clientTK,1539
clientTN,1102
clientTP,0
clientTS,0
clientUA,0
clientUB,8019
clientUH,0
clientUJ,0
clientUK,0
clientUL,936
clientUM,896
clientUN,0
clientUP,0
clientUQ,138
clientVA,0
clientVB,0
clientVC,1207
clientVD,0
clientVG,0
clientVI,0
clientVJ,0
clientVK,0
clientVL,0
clientVM,0
clientVO,0
clientVR,0
clientWA,0
clientWC,0
clientWD,0
clientWE,0
clientWF,2000
clientWG,0
clientWH,744
clientWI,0
clientWK,1456
clientWL,0
clientWM,0
clientWN,148
clientWO,5264
clientWP,0
clientWR,0
clientXA,0
clientXB,0
clientXC,0
clientXF,5229
clientXG,0
clientXH,0
clientXI,0
clientXL,7938
clientXM,0
clientXN,0
clientXO,3195
clientXQ,0
clientXR,0
clientYB,0
clientYC,0
clientYD,0
clientYE,0
clientYG,0
clientYH,0
clientYI,0
clientYJ,380
clientYK,7912
clientYL,0
clientZA,0
clientZD,0
clientZE,4331
clientZG,3575
clientZI,3256
clientZK,0
clientZM,0
clientZO,0
clientZR,5320