clientAA,0
clientAB,0
clientAD,0
clientAE,0
clientAH,0
clientAI,0
clientAK,1645
clientAL,0
clientAM,0
clientAN,0
clientAO,0
clientAP,0
clientAT,0
clientBA,0
clientBE,0
clientBG,0
clientBJ,0
clientBL,1209
clientBN,0
clientBO,4092
clientBQ,0
clientBR,0
clientBT,4623
clientCA,126
clientCC,0
clientCE,0
clientCF,0
clientCH,0
clientCI,4888
clientCJ,0
clientCK,0
clientCN,0
clientCQ,0
clientCT,7056
clientDA,0
clientDF,0
clientDG,0
clientDH,0
clientDI,0
clientDJ,0
clientDK,0
clientDL,0
clientDM,0
clientDO,0
clientDP,0
clientDQ,54
clientDR,0
clientDS,0
clientEA,0
clientED,0
clientEE,0
clientEF,0
clientEG,0
clientEJ,0
clientEL,3648
clientEQ,0
clientES,640
clientFB,2925
clientFE,0
clientFF,0
clientFG,196
clientFH,0
clientFK,0
clientFL,0
clientFM,0
clientFO,0
clientFP,0
clientFR,0
clientFT,7161
clientGB,0
clientGC,0
clientGD,0
clientGE,0
clientGF,140
clientGG,1176
clientGH,1702
clientGI,1534
clientGJ,0
clientGK,5560
clientGL,0
clientGN,0
clientGP,0
clientGS,0
clientGT,0
clientHA,0
clientHC,0
clientHD,0
clientHE,0
clientHF,6400
clientHG,0
clientHI,0
clientHK,0
clientHL,0
clientHM,0
clientHN,0
clientHO,0
clientHQ,0
clientHR,0
clientHT,0
clientIA,0
clientIB,3360
clientIE,0
clientIG,0
clientII,0
clientIJ,0
clientIK,0
clientIM,0
clientIN,0
clientIO,0
clientIQ,0
clientIT,0
clientJA,4165
clientJB,0
clientJE,0
clientJF,0
clientJG,32
clientJH,0
clientJI,0
clientJJ,0
clientJM,0
clientJN,0
clientJO,0
clientJQ,0
clientJR,0
clientJS,0
clientJT,0
clientKA,0
clientKB,0
clientKC,0
clientKD,0
clientKE,0
clientKF,0
clientKG,0
clientKH,0
clientKI,3900
clientKJ,0
clientKK,0
clientKL,0
clientKM,1767
clientKN,0
clientKP,0
clientKQ,0
clientKR,0
clientKS,0
clientKT,0
clientLB,4536
clientLC,0
clientLD,5330
clientLE,0
clientLG,0
clientLI,0
clientLJ,0
clientLL,3116
clientLM,1976
clientLN,1386
clientLO,6120
clientLR,0
clientMA,3569
clientMC,0
clientMF,0
clientMG,9436
clientMH,0
clientMK,0
clientML,0
clientMM,0
clientMN,0
clientMR,0
clientMS,0
clientNB,0
clientND,962
clientNF,0
clientNG,0
clientNH,0
clientNI,0
clientNJ,0
clientNL,0
clientNN,0
clientNO,8008
clientNP,2000
clientNQ,1188
clientNR,0
clientNS,0
clientOB,0
clientOF,0
clientOI,0
clientOJ,0
clientOL,4452
clientOO,0
clientOP,0
clientPB,0
clientPD,0
clientPE,0
clientPF,3450
clientPG,0
clientPH,0
clientPJ,0
clientPK,0
clientPM,2401
clientPN,0
clientPO,957
clientPP,0
clientPR,0
clientPS,0
clientQB,0
clientQD,0
clientQE,0
clientQF,0
clientQG,0
clientQH,0
clientQI,0
clientQJ,0
clientQL,0
clientQO,0
clientQP,4048
clientRB,0
clientRD,0
clientRF,0
clientRG,0
clientRK,2835
clientRL,0
clientRM,0
clientRN,0
clientRO,0
clientRP,364
clientRQ,0
clientRR,1175
clientRS,2744
clientSA,0
clientSB,0
clientSC,0
clientSD,0
clientSE,1892
clientSG,0
clientSH,0
clientSI,0
clientSJ,8712
clientSK,0
clientSM,0
clientSN,0
clientSQ,0
clientSS,0
clientTA,5928
clientTB,0
clientTC,0
clientTD,0
clientTE,440
clientTF,364
clientTG,0
clientTI,1980
clientTK,0
clientTM,0
clientTQ,0
clientTR,0
clientUA,0
clientUC,1782
clientUD,0
clientUE,0
clientUH,1620
clientUI,1197
clientUJ,0
clientUK,0
clientUL,0
clientUM,0
clientUN,0
clientUO,5395
clientUP,0
clientUS,0
clientVA,0
clientVC,0
clientVD,55
clientVE,0
clientVF,0
clientVG,0
clientVK,0
clientVL,0
clientVM,0
clientVN,0
clientVO,0
clientVP,660
clientVQ,0
clientVR,0
clientVS,0
clientWA,0
clientWD,1450
clientWE,0
clientWF,0
clientWG,0
clientWH,0
clientWK,0
clientWL,0
clientWN,0
clientWO,0
clientWP,0
clientWR,0
clientXA,0
clientXB,0
clientXC,0
clientXE,0
clientXG,0
clientXH,3692
clientXK,0
clientXN,0
clientYA,0
clientYB,1824
clientYE,0
clientYG,0
clientYI,0
clientYJ,0
clientYK,0
clientYM,0
clientYN,270
clientYP,0
clientYQ,0
clientYS,0
clientZA,1452
clientZE,6894
clientZI,0
clientZL,0
clientZN,0
clientZO,1674
clientZQ,0
clientZR,0