clientAC,0
clientAF,0
clientAG,0
clientAK,0
clientAM,0
clientAN,0
clientAR,0
clientAS,0
clientAT,0
clientAU,1408
clientAY,0
clientBA,0
clientBB,275
clientBC,0
clientBD,0
clientBE,0
clientBF,0
clientBG,0
clientBH,0
clientBL,0
clientBM,0
clientBN,0
clientBO,0
clientBP,0
clientBT,0
clientBU,0
clientBW,0
clientCA,4004
clientCB,0
clientCE,0
clientCF,0
clientCG,0
clientCH,258
clientCK,0
clientCL,0
clientCM,0
clientCN,1269
clientCO,0
clientCR,0
clientCT,0
clientCU,0
clientCV,0
clientCW,0
clientCY,0
clientDA,0
clientDC,0
clientDG,0
clientDH,0
clientDI,0
clientDJ,0
clientDK,0
clientDL,0
clientDM,0
clientDP,0
clientDQ,0
clientDR,0
clientDS,0
clientDT,0
clientDU,0
clientDV,0
clientDW,0
clientDX,0
clientDY,0
clientEB,0
clientEC,0
clientED,0
clientEH,0
clientEI,0
clientEJ,0
clientEK,1782
clientEM,0
clientEO,0
clientEQ,0
clientER,0
clientET,0
clientEW,0
clientEY,0
clientFA,0
clientFB,0
clientFE,0
clientFF,2013
clientFI,272
clientFJ,0
clientFK,0
clientFL,0
clientFP,0
clientFQ,0
clientFR,0
clientFS,0
clientFU,0
clientFV,0
clientFW,0
clientFX,0
clientGA,0
clientGB,0
clientGE,4224
clientGF,0
clientGG,0
clientGH,0
clientGI,0
clientGK,2303
clientGL,0
clientGO,0
clientGP,0
clientGQ,0
clientGS,0
clientGT,0
clientGU,2574
clientGV,0
clientGY,0
clientHA,0
clientHB,0
clientHC,0
clientHE,0
clientHF,0
clientHG,0
clientHH,0
clientHI,0
clientHJ,0
clientHK,0
clientHM,0
clientHN,0
clientHP,0
clientHQ,0
clientHR,0
clientHS,0
clientHV,0
clientHW,0
clientIA,0
clientIB,0
clientIC,0
clientIE,0
clientIF,0
clientIG,2368
clientII,0
clientIN,0
clientIO,0
clientIQ,0
clientIS,0
clientIT,0
clientIU,0
clientIW,0
clientIY,0
clientJA,0
clientJD,0
clientJE,0
clientJH,0
clientJI,0
clientJJ,0
clientJK,0
clientJL,0
clientJM,0
clientJN,0
clientJP,0
clientJQ,6528
clientJR,0
clientJT,0
clientJU,0
clientJW,0
clientJX,0
clientKA,0
clientKC,1320
clientKE,0
clientKH,0
clientKI,0
clientKJ,8010
clientKL,4891
clientKP,0
clientKQ,0
clientKS,0
clientKV,0
clientKW,0
clientKX,0
clientLA,0
clientLC,0
clientLD,0
clientLE,0
clientLI,0
clientLL,0
clientLN,0
clientLP,0
clientLQ,0
clientLR,0
clientLT,0
clientLU,0
clientLX,0
clientLY,0
clientMA,0
clientMD,0
clientME,0
clientMF,0
clientMI,0
clientMJ,0
clientML,0
clientMN,0
clientMO,0
clientMQ,427
clientMR,0
clientMS,0
clientMV,0
clientMW,0
clientMX,0
clientMY,0
clientNB,0
clientNC,0
clientNF,0
clientNG,0
clientNI,0
clientNJ,0
clientNL,0
clientNM,1311
clientNP,0
clientNQ,0
clientNR,0
clientNT,0
clientNU,0
clientNV,0
clientNW,0
clientNX,0
clientOA,0
clientOB,0
clientOD,0
clientOE,0
clientOF,0
clientOG,0
clientOH,0
clientOI,0
clientOM,0
clientOQ,0
clientOS,0
clientOU,0
clientOX,0
clientOY,0
clientPA,0
clientPB,0
clientPC,0
clientPE,0
clientPF,1768
clientPH,0
clientPI,0
clientPL,0
clientPM,0
clientPN,0
clientPP,0
clientPR,0
clientPS,0
clientPU,1456
clientPV,0
clientPX,0
clientPY,0
clientQA,0
clientQB,0
clientQC,0
clientQD,510
clientQE,0
clientQF,0
clientQG,0
clientQH,0
clientQL,0
clientQM,1353
clientQP,0
clientQQ,0
clientQR,0
clientQS,0
clientQT,0
clientQU,0
clientQV,0
clientQW,0
clientQX,0
clientRA,0
clientRD,0
clientRF,0
clientRG,0
clientRH,0
clientRJ,0
clientRK,0
clientRL,0
clientRM,0
clientRN,0
clientRO,0
clientRP,0
clientRQ,0
clientRR,0
clientRS,0
clientRT,0
clientRV,0
clientRW,0
clientSA,0
clientSD,704
clientSE,0
clientSF,0
clientSG,0
clientSI,0
clientSJ,0
clientSL,0
clientSM,0
clientSN,0
clientSQ,0
clientSR,0
clientSS,0
clientST,0
clientSU,0
clientSW,0
clientSX,0
clientTA,0
clientTB,0
clientTC,0
clientTD,0
clientTE,0
clientTF,0
clientTG,0
clientTH,0
clientTI,0
clientTJ,0
clientTL,0
clientTO,0
clientTP,0
clientTQ,0
clientTR,0
clientTS,0
clientTT,0
clientTU,0
clientTV,0
clientTW,0
clientTX,0
clientUA,0
clientUB,0
clientUC,0
clientUD,0
clientUE,0
clientUG,0
clientUH,0
clientUJ,0
clientUK,2928
clientUQ,0
clientUR,0
clientUS,0
clientVA,0
clientVB,0
clientVI,0
clientVK,0
clientVN,0
clientVP,0
clientVQ,0
clientVR,0
clientVT,0
clientVU,0
clientVV,0
clientVW,0
clientVX,0
clientWA,0
clientWC,0
clientWD,0
clientWE,0
clientWF,0
clientWH,0
clientWI,0
clientWO,0
clientWP,0
clientWQ,0
clientWR,0
clientWS,0
clientWT,0
clientWV,0
clientWW,0
clientWX,0
clientXA,0
clientXD,0
clientXE,0
clientXF,0
clientXH,0
clientXI,0
clientXK,0
clientXN,0
clientXO,1917
clientXQ,0
clientXR,0
clientXS,0
clientXW,0
clientXX,0
clientYD,0
clientYE,0
clientYF,0
clientYI,0
clientYL,0
clientYM,0
clientYN,0
clientYP,0
clientYQ,0
clientYR,0
clientYT,285
clientYU,0
clientYX,0
clientZB,0
clientZD,0
clientZG,0
clientZH,0
clientZI,0
clientZM,0
clientZO,0
clientZQ,0
clientZR,2666
clientZT,0
clientZU,0
clientZV,0
clientZX,0