clientAA,0
clientAB,0
clientAC,0
clientAE,5390
clientAF,0
clientAG,5893
clientAH,0
clientAI,0
clientAK,0
clientAL,0
clientAM,0
clientAN,0
clientAP,0
clientAQ,0
clientAS,1258
clientAV,0
clientAW,0
clientAY,0
clientAZ,144
clientBA,0
clientBB,0
clientBC,0
clientBE,0
clientBI,0
clientBJ,0
clientBK,0
clientBM,0
clientBN,0
clientBO,0
clientBQ,0
clientBS,0
clientBT,0
clientBU,8509
clientBX,0
clientBY,0
clientBZ,0
clientCA,4130
clientCB,2632
clientCC,0
clientCD,0
clientCG,0
clientCH,0
clientCI,0
clientCJ,0
clientCK,0
clientCN,0
clientCQ,4356
clientCR,6237
clientCS,0
clientCV,0
clientCW,0
clientCZ,1856
clientDA,648
clientDB,0
clientDD,0
clientDE,0
clientDF,0
clientDG,0
clientDH,0
clientDI,0
clientDJ,0
clientDL,0
clientDN,0
clientDO,0
clientDP,0
clientDQ,0
clientDR,208
clientDS,0
clientDT,0
clientDU,0
clientDZ,629
clientEA,0
clientEB,0
clientEC,0
clientED,456
clientEE,5088
clientEF,0
clientEG,0
clientEH,0
clientEJ,0
clientEK,0
clientEL,0
clientEM,1224
clientEO,0
clientEP,0
clientEQ,0
clientES,0
clientEV,0
clientEW,0
clientEZ,0
clientFA,0
clientFB,0
clientFC,0
clientFE,0
clientFF,0
clientFG,0
clientFI,0
clientFJ,0
clientFK,0
clientFL,0
clientFM,0
clientFN,0
clientFO,0
clientFP,0
clientFQ,0
clientFR,0
clientFS,0
clientFT,1216
clientFU,0
clientFV,0
clientFW,6059
clientFY,0
clientFZ,0
clientGA,512
clientGB,0
clientGC,0
clientGD,0
clientGE,0
clientGF,3642
clientGJ,0
clientGM,0
clientGN,0
clientGP,0
clientGS,0
clientGU,0
clientGW,0
clientGY,4233
clientHB,0
clientHE,0
clientHF,0
clientHG,7055
clientHH,3978
clientHI,0
clientHJ,0
clientHK,0
clientHL,0
clientHM,0
clientHN,0
clientHO,0
clientHR,3360
clientHU,0
clientHV,0
clientHW,0
clientHZ,0
clientIA,5244
clientIB,5169
clientIC,5952
clientID,1222
clientIG,0
clientIH,0
clientII,0
clientIJ,0
clientIK,0
clientIN,0
clientIO,5632
clientIP,0
clientIQ,0
clientIT,496
clientIV,0
clientIX,0
clientJA,0
clientJB,0
clientJC,0
clientJD,0
clientJE,0
clientJF,0
clientJG,0
clientJH,0
clientJI,0
clientJL,0
clientJP,0
clientJR,0
clientJS,0
clientJU,0
clientJV,0
clientJZ,0
clientKA,0
clientKB,0
clientKD,1040
clientKE,0
clientKF,0
clientKH,0
clientKL,0
clientKN,0
clientKP,0
clientKQ,0
clientKR,1045
clientKT,0
clientKW,0
clientKX,2702
clientKY,0
clientKZ,0
clientLA,0
clientLB,793
clientLD,0
clientLE,0
clientLF,0
clientLH,0
clientLI,0
clientLJ,0
clientLM,0
clientLO,0
clientLP,0
clientLQ,0
clientLR,3195
clientLT,0
clientLU,3657
clientLV,0
clientLW,3990
clientLX,0
clientLY,0
clientLZ,0
clientMA,0
clientMB,1311
clientMC,0
clientMD,2852
clientMF,0
clientMG,0
clientMH,0
clientMI,0
clientMJ,0
clientML,0
clientMM,0
clientMN,3471
clientMO,0
clientMP,0
clientMR,4482
clientMU,0
clientMV,0
clientMX,0
clientMZ,6300
clientNA,0
clientNC,1387
clientND,0
clientNE,0
clientNF,0
clientNG,0
clientNH,0
clientNI,0
clientNJ,0
clientNK,1739
clientNL,0
clientNN,0
clientNO,0
clientNQ,0
clientNS,6608
clientNT,616
clientNU,0
clientNV,0
clientNX,0
clientNZ,1976
clientOA,0
clientOB,0
clientOC,0
clientOD,0
clientOF,0
clientOH,0
clientOJ,147
clientOK,0
clientOL,0
clientOM,0
clientON,0
clientOP,0
clientOR,384
clientOT,0
clientOW,0
clientOX,4508
clientOY,0
clientOZ,0
clientPA,0
clientPB,7840
clientPD,0
clientPF,120
clientPH,0
clientPJ,0
clientPK,0
clientPN,0
clientPO,0
clientPP,3612
clientPQ,0
clientPR,0
clientPT,0
clientPU,0
clientPV,0
clientPX,0
clientPZ,0
clientQA,200
clientQB,0
clientQC,5451
clientQD,4356
clientQF,0
clientQH,3071
clientQL,0
clientQO,0
clientQP,0
clientQQ,0
clientQR,0
clientQS,1218
clientQU,5159
clientQV,1680
clientQW,0
clientQX,396
clientQY,0
clientRA,0
clientRB,0
clientRC,0
clientRD,204
clientRE,3069
clientRH,8544
clientRI,0
clientRJ,3360
clientRK,0
clientRL,0
clientRM,3555
clientRP,0
clientRQ,0
clientRS,8624
clientRT,0
clientRU,0
clientRW,4648
clientRX,1826
clientRZ,0
clientSA,0
clientSB,0
clientSD,0
clientSE,0
clientSF,0
clientSG,0
clientSI,0
clientSJ,752
clientSL,0
clientSN,4559
clientSO,0
clientSP,0
clientSQ,247
clientSS,0
clientSW,0
clientSX,2294
clientSZ,0
clientTA,0
clientTB,0
clientTC,0
clientTD,0
clientTE,0
clientTF,0
clientTG,0
clientTI,0
clientTJ,0
clientTL,3321
clientTM,0
clientTN,2370
clientTO,726
clientTP,0
clientTQ,0
clientTR,0
clientTS,0
clientTT,0
clientTV,0
clientTW,128
clientTX,0
clientTY,0
clientUA,0
clientUB,0
clientUC,0
clientUD,0
clientUE,94
clientUF,690
clientUG,0
clientUJ,0
clientUN,0
clientUO,0
clientUQ,0
clientUU,0
clientUZ,0
clientVA,0
clientVB,0
clientVC,0
clientVD,0
clientVE,6
clientVF,0
clientVI,890
clientVJ,2852
clientVL,0
clientVN,0
clientVO,1209
clientVP,1833
clientVS,165
clientVT,0
clientVV,0
clientVW,0
clientWA,4380
clientWB,0
clientWC,2059
clientWE,0
clientWF,0
clientWH,224
clientWI,0
clientWJ,0
clientWL,0
clientWN,0
clientWO,0
clientWQ,0
clientWR,0
clientWS,0
clientWT,0
clientWU,0
clientWV,1736
clientWW,7584
clientWY,0
clientWZ,0
clientXA,0
clientXB,996
clientXC,0
clientXE,0
clientXF,0
clientXG,0
clientXH,0
clientXI,2001
clientXJ,0
clientXK,0
clientXL,0
clientXM,0
clientXO,0
clientXQ,0
clientXR,0
clientXT,0
clientXX,0
clientXY,0
clientXZ,0
clientYA,0
clientYB,0
clientYC,0
clientYD,0
clientYE,0
clientYF,0
clientYG,0
clientYI,2030
clientYN,0
clientYQ,0
clientYT,0
clientYU,0
clientYV,1406
clientZA,0
clientZC,1178
clientZD,0
clientZF,0
clientZG,0
clientZH,0
clientZI,0
clientZJ,0
clientZK,0
clientZL,0
clientZO,0
clientZP,0
clientZR,0
clientZS,0
clientZT,2400
clientZV,0
clientZX,0
clientZY,0
clientZZ,0