clientAA,0
clientAB,0
clientAC,0
clientAD,0
clientAE,2924
clientAF,2482
clientAG,684
clientAJ,0
clientAL,0
clientAM,0
clientAN,0
clientAP,0
clientAR,0
clientAT,0
clientAV,0
clientAW,2240
clientAY,0
clientAZ,0
clientBA,0
clientBB,2709
clientBC,1134
clientBD,0
clientBE,0
clientBF,5148
clientBG,0
clientBH,0
clientBI,0
clientBJ,0
clientBK,0
clientBO,0
clientBP,0
clientBR,0
clientBT,0
clientBU,0
clientBV,0
clientBW,3456
clientBX,0
clientBZ,78
clientCA,5432
clientCC,3717
clientCD,0
clientCE,0
clientCF,0
clientCG,910
clientCH,0
clientCI,0
clientCJ,0
clientCN,0
clientCR,0
clientCS,0
clientCT,0
clientCV,0
clientCW,0
clientCX,0
clientCZ,0
clientDA,95
clientDB,0
clientDC,0
clientDD,0
clientDF,0
clientDG,0
clientDH,0
clientDI,0
clientDJ,0
clientDL,0
clientDQ,0
clientDR,0
clientDS,0
clientDT,0
clientDW,0
clientEA,0
clientEC,0
clientED,0
clientEE,0
clientEF,0
clientEH,0
clientEK,0
clientEL,0
clientEM,0
clientEN,0
clientEQ,0
clientER,0
clientET,3300
clientEX,0
clientEZ,0
clientFA,0
clientFB,0
clientFC,0
clientFE,0
clientFF,0
clientFG,0
clientFK,0
clientFL,0
clientFM,0
clientFO,0
clientFQ,0
clientFR,0
clientFS,0
clientFT,2065
clientFU,0
clientFV,0
clientFW,0
clientFX,0
clientFZ,0
clientGA,602
clientGC,3440
clientGD,0
clientGE,0
clientGF,0
clientGH,896
clientGI,0
clientGJ,0
clientGL,0
clientGM,0
clientGN,0
clientGO,0
clientGP,0
clientGR,0
clientGS,0
clientGT,0
clientGU,0
clientGX,0
clientGY,0
clientGZ,0
clientHA,0
clientHB,0
clientHC,62
clientHD,2688
clientHH,0
clientHI,1890
clientHK,0
clientHL,0
clientHN,0
clientHO,0
clientHQ,0
clientHR,0
clientHS,5346
clientHT,0
clientHU,0
clientHV,0
clientHX,0
clientHY,0
clientHZ,0
clientIB,0
clientIC,0
clientID,0
clientIE,0
clientIF,0
clientIG,0
clientIH,0
clientII,0
clientIJ,0
clientIK,0
clientIM,0
clientIN,0
clientIO,4752
clientIP,0
clientIR,0
clientIU,0
clientIV,0
clientIW,0
clientIX,0
clientIZ,0
clientJA,0
clientJB,0
clientJC,0
clientJD,0
clientJE,0
clientJF,0
clientJG,0
clientJH,0
clientJI,0
clientJJ,0
clientJK,0
clientJL,0
clientJQ,0
clientJS,0
clientJT,0
clientJW,0
clientJX,0
clientJY,200
clientJZ,0
clientKA,3526
clientKB,0
clientKC,0
clientKD,0
clientKE,0
clientKG,0
clientKI,0
clientKK,0
clientKN,0
clientKO,0
clientKP,0
clientKQ,0
clientKR,0
clientKT,0
clientKU,0
clientKV,0
clientKW,0
clientKX,0
clientKY,0
clientKZ,0
clientLA,0
clientLB,0
clientLC,0
clientLD,0
clientLF,0
clientLH,0
clientLJ,0
clientLK,0
clientLL,0
clientLM,0
clientLO,0
clientLQ,0
clientLR,1558
clientLT,0
clientLV,0
clientLW,0
clientLZ,0
clientMA,8300
clientMB,0
clientMC,0
clientMD,0
clientME,0
clientMF,0
clientMG,0
clientMH,6391
clientMJ,0
clientMK,0
clientML,0
clientMM,0
clientMN,0
clientMS,3588
clientMT,0
clientMU,0
clientMV,0
clientMW,0
clientMX,0
clientMY,0
clientMZ,0
clientNA,0
clientNB,0
clientNC,300
clientND,0
clientNE,0
clientNF,0
clientNH,0
clientNI,0
clientNK,0
clientNL,0
clientNM,0
clientNN,0
clientNO,0
clientNP,390
clientNT,0
clientNU,0
clientNW,0
clientNX,0
clientNY,0
clientOA,0
clientOB,0
clientOC,0
clientOD,0
clientOE,0
clientOF,0
clientOH,0
clientOI,0
clientOK,0
clientOO,0
clientOP,0
clientOQ,0
clientOR,0
clientOU,0
clientOV,0
clientOW,0
clientOX,0
clientOY,0
clientPC,0
clientPD,0
clientPE,0
clientPF,0
clientPI,0
clientPJ,0
clientPK,6468
clientPL,1232
clientPO,0
clientPP,0
clientPQ,0
clientPR,0
clientPS,0
clientPT,0
clientPU,0
clientPW,0
clientPX,0
clientPY,0
clientPZ,0
clientQA,0
clientQB,5766
clientQC,0
clientQD,0
clientQE,0
clientQF,8800
clientQH,0
clientQI,0
clientQK,0
clientQL,0
clientQM,0
clientQO,0
clientQP,0
clientQQ,0
clientQR,0
clientQS,0
clientQU,0
clientQY,0
clientRA,0
clientRB,4362
clientRC,0
clientRD,0
clientRE,0
clientRG,0
clientRH,0
clientRI,0
clientRJ,0
clientRK,0
clientRL,0
clientRM,0
clientRN,0
clientRO,0
clientRQ,0
clientRR,0
clientRS,0
clientRV,0
clientRY,0
clientRZ,0
clientSA,0
clientSB,0
clientSC,0
clientSD,0
clientSE,0
clientSF,0
clientSG,0
clientSH,2241
clientSK,0
clientSL,0
clientSN,0
clientSO,0
clientSQ,0
clientSS,954
clientST,0
clientSU,0
clientSW,928
clientSX,0
clientSY,0
clientSZ,0
clientTA,0
clientTB,0
clientTC,0
clientTD,2183
clientTE,0
clientTF,0
clientTG,660
clientTH,0
clientTK,0
clientTM,0
clientTN,0
clientTP,0
clientTR,0
clientTS,0
clientTT,0
clientTU,0
clientTV,0
clientTX,0
clientTZ,0
clientUA,0
clientUB,0
clientUD,0
clientUE,0
clientUF,0
clientUG,0
clientUH,228
clientUI,0
clientUJ,0
clientUK,0
clientUO,0
clientUP,0
clientUQ,0
clientUS,0
clientUW,0
clientUX,0
clientUY,602
clientVA,0
clientVB,2304
clientVC,2320
clientVD,0
clientVE,0
clientVF,0
clientVG,3536
clientVH,0
clientVI,0
clientVJ,0
clientVK,0
clientVL,2030
clientVN,52
clientVO,0
clientVP,0
clientVQ,1204
clientVR,0
clientVS,0
clientVT,0
clientVU,0
clientVW,3267
clientVX,0
clientWA,0
clientWB,0
clientWC,0
clientWD,0
clientWE,0
clientWF,0
clientWG,0
clientWI,0
clientWJ,0
clientWK,0
clientWL,0
clientWM,0
clientWN,2262
clientWP,0
clientWR,0
clientWS,0
clientWV,0
clientWW,295
clientWY,0
clientWZ,0
clientXA,0
clientXB,0
clientXC,0
clientXD,0
clientXE,0
clientXF,0
clientXI,0
clientXJ,0
clientXK,0
clientXN,660
clientXO,0
clientXQ,0
clientXR,0
clientXS,0
clientXT,0
clientXV,0
clientXW,0
clientXY,3040
clientYA,0
clientYC,0
clientYD,0
clientYE,0
clientYF,0
clientYG,0
clientYH,0
clientYI,0
clientYJ,0
clientYK,0
clientYL,0
clientYP,0
clientYR,0
clientYV,0
clientYX,0
clientYY,0
clientZA,0
clientZB,0
clientZC,0
clientZD,0
clientZE,0
clientZH,0
clientZI,1711
clientZJ,0
clientZK,726
clientZL,0
clientZM,6975
clientZO,0
clientZP,0
clientZQ,2700
clientZR,0
clientZT,0
clientZU,0
clientZW,0
clientZY,0
clientZZ,0