clientAB,0
clientAC,0
clientAD,0
clientAE,5358
clientAG,0
clientAH,0
clientAI,1456
clientAJ,0
clientAK,0
clientAL,0
clientAN,0
clientAO,0
clientAQ,144
clientAR,0
clientAT,5208
clientBC,936
clientBD,0
clientBE,0
clientBF,0
clientBG,405
clientBH,0
clientBI,0
clientBL,0
clientBM,0
clientBP,0
clientBQ,0
clientBT,0
clientBV,0
clientBZ,0
clientCA,3021
clientCB,2894
clientCC,0
clientCD,0
clientCE,0
clientCF,0
clientCH,1672
clientCI,5796
clientCJ,3168
clientCN,0
clientCP,0
clientCR,1820
clientCS,0
clientCX,0
clientCZ,0
clientDC,0
clientDD,0
clientDE,0
clientDF,0
clientDG,0
clientDH,0
clientDJ,0
clientDK,6322
clientDL,0
clientDM,4230
clientDN,0
clientDO,0
clientDQ,0
clientDS,0
clientDT,0
clientDU,0
clientDV,0
clientDX,328
clientDY,0
clientDZ,0
clientEA,5376
clientEB,0
clientEC,714
clientED,0
clientEE,1344
clientEF,0
clientEG,0
clientEH,0
clientEI,0
clientEJ,0
clientEK,0
clientEL,92
clientEM,0
clientEN,0
clientEO,0
clientEQ,0
clientEU,0
clientEV,0
clientEY,0
clientFA,0
clientFB,0
clientFC,0
clientFD,0
clientFE,7416
clientFF,4697
clientFG,0
clientFH,0
clientFI,0
clientFJ,0
clientFK,0
clientFL,0
clientFM,1246
clientFO,0
clientFQ,0
clientFV,0
clientFW,0
clientFX,5225
clientFZ,0
clientGA,0
clientGB,39
clientGC,0
clientGD,0
clientGE,0
clientGF,0
clientGG,0
clientGI,567
clientGJ,1440
clientGK,0
clientGL,0
clientGN,0
clientGO,0
clientGP,0
clientGR,0
clientGS,0
clientGT,0
clientGV,0
clientGW,0
clientGX,0
clientGY,0
clientHA,0
clientHB,0
clientHD,1375
clientHE,0
clientHG,0
clientHH,0
clientHI,0
clientHJ,0
clientHK,0
clientHL,0
clientHM,0
clientHN,0
clientHO,0
clientHP,0
clientHQ,0
clientHR,0
clientHS,0
clientHU,2744
clientHW,0
clientHX,0
clientHY,0
clientHZ,0
clientIA,825
clientIB,0
clientIC,0
clientID,0
clientIE,0
clientIF,4704
clientIG,0
clientIH,0
clientII,228
clientIJ,0
clientIK,0
clientIL,0
clientIM,0
clientIN,0
clientIO,0
clientIP,0
clientIQ,2838
clientIT,0
clientIV,0
clientIX,0
clientIZ,0
clientJA,100
clientJB,0
clientJC,1120
clientJD,2522
clientJE,0
clientJF,0
clientJG,4876
clientJH,0
clientJI,0
clientJJ,0
clientJK,0
clientJM,0
clientJN,0
clientJO,0
clientJQ,0
clientJR,0
clientJS,0
clientJU,1128
clientJV,8827
clientJW,0
clientJX,0
clientJY,0
clientJZ,0
clientKA,0
clientKB,0
clientKC,0
clientKD,0
clientKE,0
clientKF,1768
clientKG,0
clientKH,0
clientKJ,0
clientKK,0
clientKL,0
clientKM,1113
clientKN,1482
clientKO,0
clientKR,0
clientKS,0
clientKT,0
clientKX,0
clientKY,0
clientLA,1800
clientLB,0
clientLC,0
clientLD,0
clientLE,680
clientLF,0
clientLG,8924
clientLH,0
clientLI,0
clientLJ,828
clientLK,0
clientLL,9800
clientLN,0
clientLO,0
clientLS,0
clientLT,0
clientLU,0
clientLV,0
clientLW,0
clientLX,0
clientLZ,0
clientMA,2852
clientMB,0
clientMC,110
clientMD,0
clientME,3354
clientMF,0
clientMG,0
clientMH,0
clientMI,0
clientMJ,0
clientMK,0
clientMN,0
clientMO,0
clientMP,0
clientMQ,0
clientMR,0
clientMV,0
clientMW,0
clientMX,0
clientMY,0
clientMZ,0
clientNA,0
clientNB,1080
clientNC,0
clientND,0
clientNE,1180
clientNF,2166
clientNG,0
clientNH,0
clientNI,0
clientNJ,0
clientNK,0
clientNL,608
clientNN,0
clientNO,0
clientNP,0
clientNQ,3916
clientNR,0
clientNS,0
clientNU,0
clientNV,0
clientOA,0
clientOB,0
clientOC,0
clientOD,0
clientOF,85
clientOG,0
clientOH,0
clientOI,0
clientOK,0
clientOL,0
clientOQ,0
clientOU,0
clientOV,1530
clientOW,0
clientOX,7480
clientOY,0
clientOZ,0
clientPB,0
clientPC,0
clientPD,0
clientPE,0
clientPF,0
clientPG,0
clientPH,0
clientPJ,0
clientPL,150
clientPP,0
clientPR,6006
clientPS,744
clientPV,0
clientPW,0
clientPX,0
clientQA,3168
clientQB,0
clientQD,0
clientQE,0
clientQG,0
clientQH,0
clientQI,0
clientQJ,7663
clientQK,312
clientQL,0
clientQO,1295
clientQP,0
clientQQ,0
clientQR,0
clientQS,0
clientQU,0
clientQV,630
clientQW,0
clientQX,0
clientQY,0
clientQZ,4704
clientRA,0
clientRB,0
clientRC,0
clientRD,0
clientRF,0
clientRG,0
clientRH,0
clientRI,0
clientRJ,0
clientRK,2772
clientRL,0
clientRM,0
clientRO,0
clientRP,0
clientRT,51
clientRU,0
clientRV,0
clientRW,1092
clientRX,0
clientRY,0
clientRZ,0
clientSA,0
clientSB,0
clientSC,0
clientSD,0
clientSE,460
clientSF,0
clientSG,5594
clientSH,0
clientSI,0
clientSJ,0
clientSK,0
clientSL,0
clientSM,0
clientSN,0
clientSO,0
clientSQ,0
clientSS,0
clientST,0
clientSV,0
clientSW,0
clientSY,1610
clientSZ,0
clientTB,0
clientTC,0
clientTD,0
clientTE,0
clientTF,0
clientTG,0
clientTH,0
clientTI,0
clientTK,220
clientTM,0
clientTQ,0
clientTR,0
clientTS,0
clientTT,0
clientTU,0
clientTV,0
clientTW,0
clientTY,0
clientTZ,0
clientUA,0
clientUB,0
clientUC,0
clientUD,0
clientUE,0
clientUF,0
clientUG,0
clientUH,0
clientUI,0
clientUJ,0
clientUK,0
clientUL,0
clientUO,0
clientUS,0
clientUT,0
clientUW,0
clientUX,0
clientUY,0
clientVA,2296
clientVB,8091
clientVC,0
clientVD,0
clientVF,1188
clientVG,0
clientVH,0
clientVJ,0
clientVK,0
clientVL,0
clientVM,4600
clientVN,0
clientVO,0
clientVP,0
clientVQ,0
clientVS,0
clientVV,0
clientVW,0
clientVX,0
clientVY,0
clientVZ,0
clientWA,3300
clientWB,0
clientWC,0
clientWD,0
clientWE,0
clientWF,0
clientWG,0
clientWH,0
clientWI,0
clientWK,0
clientWL,704
clientWM,1613
clientWP,0
clientWQ,0
clientWS,0
clientWT,0
clientWU,0
clientWV,0
clientWX,504
clientWY,5832
clientXB,0
clientXF,0
clientXG,0
clientXH,0
clientXI,0
clientXJ,0
clientXK,0
clientXL,0
clientXN,2208
clientXO,0
clientXP,0
clientXQ,0
clientXR,0
clientXS,0
clientXT,0
clientXU,0
clientXV,0
clientXW,3827
clientXX,0
clientXY,0
clientXZ,0
clientYA,0
clientYB,3216
clientYC,0
clientYD,1904
clientYE,3478
clientYJ,0
clientYL,0
clientYM,0
clientYN,0
clientYP,0
clientYQ,0
clientYR,0
clientYS,0
clientYU,0
clientYW,3233
clientYX,0
clientYZ,0
clientZA,0
clientZC,0
clientZD,0
clientZE,0
clientZF,0
clientZG,0
clientZH,2420
clientZI,0
clientZJ,0
clientZK,0
clientZL,0
clientZM,0
clientZN,0
clientZO,0
clientZQ,0
clientZT,0
clientZV,0
clientZX,0
clientZZ,0