clientAB,0
clientBA,540
clientBB,1860
clientCB,0
clientCC,1760
clientDA,2346
clientEA,0
clientFA,15199
clientGA,9016
clientGB,2904
clientHC,4279
clientIA,5670
clientIB,1254
clientIC,0
clientJA,0
clientJB,2070
clientKA,483
clientKB,300
clientKC,3139
clientLB,1254
clientMA,960
clientMB,264
clientNA,4004
clientNB,7720
clientOA,3602
clientOB,4712
clientOC,544
clientPA,0
clientPC,1056
clientQC,1932
clientRB,7701
clientRC,567
clientSA,3780
clientSB,0
clientSC,3417
clientTA,1848
clientTB,0
clientVA,6745
clientVB,4389
clientWA,5382
clientWB,6000
clientXB,6213
clientYA,4116
clientYB,17680
clientZA,7068