0.09 0.36 0.30 -0.52 -0.59 -0.19 0.07 -0.29 -0.46 -1.36 0.41 0.34 -0.44 -0.34 0.83 0.32
10.05 9.79 5.65 9.91 5.86 11.12 6.96 8.81 9.90 8.21 9.53 5.42 10.18 8.09 7.59 6.73
0.19 0.94 -1.89 0.47 -0.26 -1.23 -0.60 -2.61 0.69 -1.70 0.32 -0.61 -0.15 0.04 -0.58 -3.11
-0.03 1.61 -0.47 -2.55 -0.85 -0.21 -1.11 -2.06 2.41 1.95 0.27 -1.44 -0.92 -0.69 -0.85 -2.30
1.96 2.04 -0.29 2.99 0.16 1.49 1.54 -0.17 2.12 -0.72 -0.47 -0.81 -0.65 -1.43 -1.26 -3.50
1.65 -1.15 -0.14 -2.71 -0.75 -1.41 0.73 -0.09 1.65 2.21 0.89 -1.49 1.20 0.58 1.05 -0.93
1.94 1.35 -0.37 1.23 -0.65 1.17 -0.53 0.71 -0.59 -2.03 0.35 -2.00 -1.09 1.35 0.53 -1.40
1.56 -0.93 0.98 -2.17 -1.91 -1.47 -0.08 -1.50 1.11 -0.35 -2.60 -0.89 -0.94 0.82 -1.08 1.76
-1.30 0.95 -1.01 0.98 -1.04 1.39 -1.33 -2.62 0.05 -2.14 1.92 0.80 1.14 -0.18 1.08 1.26
-0.89 1.75 -0.52 1.63 -0.55 -1.21 1.04 2.08 1.33 1.76 -1.53 -1.92 -1.03 -2.27 0.35 1.84
0.61 1.44 0.13 -2.37 -0.38 0.58 -0.75 0.42 1.43 -1.37 -0.85 -0.53 -0.26 0.18 0.36 -2.80
-0.53 0.68 0.75 -2.07 -0.95 1.49 2.20 0.81 -0.03 -1.80 -2.09 -1.51 1.19 -1.97 0.08 2.33
-0.33 -3.21 0.41 -0.14 -0.28 -1.55 -2.23 1.44 -0.20 -1.44 -0.79 -0.45 0.28 -0.09 0.59 1.42
1.71 -0.47 -1.47 0.85 -1.06 -1.42 0.30 -2.49 2.55 2.17 2.00 -2.12 -0.17 0.56 0.70 -2.82
2.03 2.25 -0.34 -2.72 0.15 -0.67 -1.33 2.27 0.53 1.22 -0.63 -1.61 0.69 -1.43 -0.26 1.27
-1.48 -2.02 0.46 2.13 0.02 0.21 1.97 1.34 -0.86 -0.98 0.91 -1.54 0.44 -2.14 -0.34 -2.04
1.00 1.35 -0.45 -2.19 -1.65 0.19 3.14 -1.70 2.34 -2.03 -1.09 0.63 -0.70 -2.00 -0.99 0.87
-1.63 -2.05 0.40 1.61 -0.84 0.15 1.06 0.21 -0.86 -1.12 -2.01 -0.74 -0.58 -1.39 -0.02 -1.70
-1.07 -2.71 0.88 2.90 -0.74 1.14 2.29 1.83 1.92 1.64 -0.95 0.01 -0.02 -0.03 1.09 -3.49
0.47 -1.74 -0.23 2.99 -1.45 -0.03 0.01 -1.02 2.32 0.68 -3.48 0.58 -1.11 0.98 0.82 -2.10
-1.52 -0.37 0.59 -0.05 -0.64 1.21 -0.68 -2.36 0.06 2.92 -2.58 0.10 0.24 -2.09 1.05 -0.36
1.22 -1.59 1.23 0.02 -1.11 -0.85 -0.72 2.38 0.44 -1.46 1.52 -0.21 -0.88 -1.02 0.46 1.29
1.49 2.15 0.58 -2.23 -0.58 -1.74 -1.44 1.27 -0.38 0.63 1.47 -0.82 -0.72 0.18 -0.54 1.71
-0.65 -2.89 -0.21 -1.01 -1.68 -0.28 -0.02 -1.73 -0.30 -0.60 0.29 -1.42 1.03 0.20 -1.52 0.34
1.14 2.46 -0.50 -0.05 -1.90 0.90 0.84 -1.55 -0.81 -1.72 -2.69 -0.00 1.09 -0.19 -0.10 0.63
1.94 -2.83 -0.44 -2.29 -0.85 0.81 1.05 1.08 2.21 -1.40 -3.51 0.93 0.19 -2.22 0.16 -1.73
-1.43 1.64 -1.23 -1.25 -0.59 1.22 2.72 -1.93 0.09 -2.27 1.96 -0.60 1.12 -0.51 0.26 -0.87
-0.75 -1.99 1.30 2.18 -1.31 -1.68 1.53 -0.39 0.12 -1.74 1.25 -0.75 -0.38 0.13 -1.64 1.00
-1.13 2.49 -1.29 2.08 -1.08 -1.18 1.72 0.85 1.12 -0.32 1.89 0.92 0.62 -0.17 0.69 1.08
-1.38 1.97 -1.33 1.90 -1.86 -1.12 2.31 1.13 -0.54 0.20 -2.65 -0.86 0.32 0.25 -0.37 -3.03
0.11 -1.21 -0.44 -2.03 -1.24 0.48 -1.55 -0.17 -0.71 1.50 0.31 0.32 -0.76 -1.67 0.47 1.46
0.03 2.49 -0.44 -2.12 -1.16 -1.67 0.57 -1.42 0.00 -0.62 -2.62 -1.09 -0.17 -2.21 -0.26 -1.68
-1.83 -1.87 -0.32 -0.69 -1.29 0.29 -0.72 -0.17 -0.08 -2.07 -2.68 0.31 0.52 0.42 -0.91 0.69
0.76 -0.92 0.89 2.27 -0.86 -1.25 2.91 -0.41 2.36 1.24 0.47 -0.49 -0.90 -2.18 0.92 -0.48
