-0.04 -0.63 -0.97 -0.12 0.00 0.08 0.53 -0.12 -0.21 -0.42 -0.81 0.37 0.15 0.09 -0.65 0.31 0.21 -0.07 -0.01 -0.11 -0.28 0.30 0.35 -0.00 0.11 -0.70 0.13 -0.25 -0.31 0.33 0.56 0.45
9.11 7.13 7.78 8.21 6.75 9.13 8.30 9.12 10.03 8.06 7.47 6.80 8.94 7.50 8.30 8.77 9.53 6.73 8.87 6.98 8.67 8.41 8.24 9.11 7.47 8.17 7.63 6.35 7.38 7.24 8.96 8.03
1.65 -0.05 -1.24 0.57 1.27 0.74 0.97 0.87 -1.99 -2.01 -0.66 -0.71 -0.41 -0.59 -1.35 0.30 1.90 -2.00 3.02 0.59 -2.28 0.77 1.12 -2.70 -0.63 -2.53 1.00 0.27 -1.65 0.56 0.76 -1.45
0.81 1.43 -0.02 -1.94 1.28 -2.42 1.60 0.82 -0.40 3.80 -1.93 -0.30 2.12 0.13 -0.03 -0.86 1.47 -1.45 2.71 -0.25 0.79 0.78 -0.46 2.09 1.14 3.55 0.76 0.39 -0.40 0.02 1.52 -1.69
-0.77 -0.55 -0.03 -2.51 -1.07 0.11 1.66 0.31 -1.77 1.51 0.15 1.04 1.12 1.05 -0.07 -0.12 2.65 0.14 -0.61 1.08 -0.21 1.42 1.20 0.08 1.91 1.55 0.88 2.65 0.77 -1.18 -0.33 0.03
1.79 -3.55 0.34 -1.06 1.42 -0.30 0.61 -0.08 -2.35 0.14 -1.21 -2.87 -0.77 0.29 -1.50 -0.26 -1.01 -1.60 2.82 -2.40 0.02 -0.15 0.00 -2.36 -0.48 2.33 1.03 -1.94 -1.91 0.28 1.41 -0.57
2.09 -0.83 -0.12 3.27 -0.84 -0.26 0.96 0.76 -1.11 1.25 -0.49 -0.66 -0.85 -0.86 -1.65 1.87 -1.08 0.51 -0.02 0.11 -0.29 0.80 -0.31 -0.23 1.85 -0.16 -0.60 -0.04 0.14 -0.69 -0.71 -2.23
0.41 -3.55 -1.08 -1.58 -1.09 0.96 0.27 1.99 -2.03 1.26 -0.64 -2.24 0.18 -0.12 -0.98 1.35 -0.22 -2.26 2.61 -0.42 -1.94 -0.15 1.82 2.79 0.20 -0.56 -0.75 -0.97 -0.26 -0.40 1.05 -0.18
-0.24 -0.33 -1.14 -0.41 -2.14 -1.82 -1.58 -1.11 0.18 3.33 0.18 -1.75 1.00 1.27 -1.49 0.01 1.19 -1.04 -1.15 2.18 -2.12 -0.96 1.84 2.79 1.88 1.02 0.88 3.02 -1.49 0.26 -0.71 -0.88
-1.50 0.49 -0.69 1.51 2.45 -1.30 -1.98 1.70 0.52 3.82 -1.14 1.38 2.01 -1.77 -1.10 2.10 1.23 -0.65 -1.26 -0.35 0.70 0.92 -0.45 0.90 0.86 -2.10 -0.45 -1.61 -0.32 -1.30 1.23 -0.32
2.67 -2.73 -1.47 2.45 -0.12 -2.04 1.65 -0.05 -2.08 -2.04 -1.20 -3.55 2.20 -0.71 -0.11 -0.38 0.43 0.20 -0.01 -0.35 -1.45 -0.77 0.23 -1.63 0.93 -2.47 1.57 -0.35 -0.12 0.98 0.93 -0.80
-0.32 -2.38 0.50 -1.00 0.93 -1.74 0.43 1.42 1.46 -0.57 1.05 0.66 2.20 -0.95 -0.50 2.05 -0.92 -2.45 -0.26 -0.26 0.19 -0.09 -0.25 0.89 -0.67 -0.82 -1.15 -1.82 -1.97 -1.36 -0.58 -0.81
0.52 -0.05 0.72 -2.00 3.07 0.69 -1.65 1.44 1.01 -1.23 1.37 -2.15 2.25 -0.14 -1.17 -1.31 0.40 -0.78 0.31 -1.36 -0.61 -0.18 0.83 0.51 -0.18 -0.77 -1.35 -0.44 -0.76 0.23 -0.17 -1.29
-1.27 2.20 -0.51 0.38 2.56 1.20 0.62 0.85 1.39 -0.02 -0.61 0.58 2.55 -1.05 0.28 1.58 -0.65 -0.84 2.59 -3.03 -0.82 1.24 0.20 -0.02 -0.83 -2.38 -0.63 0.99 0.59 0.79 -0.60 -1.29
1.44 -2.60 0.12 0.99 -2.33 -1.18 -3.28 -1.65 -2.18 -0.33 -0.41 -1.95 -1.03 0.99 -1.46 -0.17 2.86 -0.67 0.64 -2.99 -1.00 0.56 1.64 -2.47 1.83 -1.57 1.95 -0.70 -1.39 -0.48 0.68 0.14
-0.11 -3.52 1.85 0.25 -1.17 -2.09 1.84 -0.50 -1.45 1.13 0.28 -1.25 -0.41 -0.88 0.27 0.38 0.98 0.06 -1.45 0.06 -1.42 -0.43 1.53 2.69 1.14 1.24 2.03 0.05 0.02 -1.67 0.83 0.47
1.10 1.40 -0.94 -1.26 -1.35 -1.11 -2.93 -1.78 -1.39 1.18 -0.31 -3.75 -1.22 -1.25 -0.31 0.93 -1.31 -0.23 -0.34 -0.27 -1.77 -0.10 0.23 1.09 -0.29 0.84 0.53 -0.80 0.09 -0.46 0.15 -1.68
0.10 0.49 -0.35 1.19 -1.36 -0.10 -2.31 -1.14 0.19 3.16 0.35 -1.76 -1.13 -1.27 -0.87 0.92 0.68 -1.88 3.25 -0.73 0.27 0.67 1.46 1.76 2.25 2.20 0.19 1.22 0.75 -2.23 1.38 -2.03
-0.52 -0.56 -0.65 1.00 3.55 -1.10 -1.83 -0.69 -0.38 3.13 0.82 -1.62 -0.27 0.94 -0.72 -0.70 -0.22 -0.05 1.40 0.08 -0.18 0.67 0.99 0.18 0.90 3.45 -1.11 -1.27 0.67 0.83 0.18 -1.63
-1.54 -1.64 -0.52 -2.37 -0.13 0.08 -2.14 0.88 -1.49 0.12 -1.16 -0.11 0.92 0.53 -1.70 0.45 2.10 -2.55 0.81 1.39 -2.29 1.03 0.02 -1.49 0.32 -1.20 -0.54 2.09 0.82 -0.91 0.57 -1.46
-0.27 2.44 -0.90 2.55 2.51 1.23 -0.91 -0.66 0.17 3.01 1.04 1.44 -0.11 -1.27 -1.34 -1.37 1.04 0.49 2.04 0.95 -1.13 -0.25 0.20 -1.70 -0.68 0.66 -0.66 1.12 -1.50 -1.54 -0.34 0.00
1.57 -0.66 0.69 3.65 -2.13 -1.82 1.19 -0.63 -1.56 2.12 -0.18 -3.17 -1.08 0.40 -0.16 1.50 0.94 -0.89 0.59 -0.56 -2.45 0.46 -0.41 -2.59 0.65 1.17 0.47 -0.87 -1.22 -1.62 -0.63 0.35
-0.03 -2.23 1.14 -0.31 2.68 -2.56 0.86 1.91 -0.09 1.54 -0.89 1.39 1.51 -0.87 -0.09 1.46 0.44 -0.68 1.92 1.74 0.43 0.11 0.96 -0.16 2.50 1.68 0.45 1.55 -0.58 -0.33 -0.72 -0.51
1.76 -2.27 0.79 3.27 0.72 0.76 -2.56 1.16 -1.47 -0.15 -1.46 0.85 1.34 -0.36 -1.66 -1.02 -0.92 -1.83 0.89 -2.72 -0.91 -0.23 0.09 -0.15 0.48 0.35 0.62 0.65 0.02 -0.24 1.08 -2.36
-1.34 -0.25 -1.00 -2.52 -1.23 0.45 0.03 -0.81 0.58 -1.88 1.10 -1.31 0.51 0.94 -0.28 0.93 2.53 -0.89 -0.19 0.54 -1.49 -0.60 0.54 1.36 -1.07 -1.28 1.72 1.14 -0.38 -1.80 1.28 -2.18
2.68 -2.09 -0.87 1.62 -1.71 0.78 -0.06 -0.64 1.72 0.01 1.16 -3.28 1.24 -0.39 -0.02 2.17 0.67 -0.00 1.95 -0.57 -2.07 -1.01 1.29 2.03 2.39 -2.73 0.80 0.47 -1.43 0.98 -0.15 -1.83
-1.19 2.65 -0.18 3.66 -0.56 0.46 -1.91 -1.46 1.81 0.18 -1.37 -3.10 -0.87 -1.95 -1.73 -1.00 2.57 -0.91 0.97 -1.57 -0.83 1.07 0.63 -1.84 0.46 1.16 -1.11 1.09 -1.04 -0.39 0.81 -0.71
-1.34 0.57 0.87 -1.01 1.23 -1.46 0.51 1.44 0.36 -2.23 0.41 -1.29 2.29 1.04 -1.71 0.91 -0.47 -1.09 1.59 -1.02 -1.41 -0.25 1.00 -2.73 1.05 -0.25 -0.44 -1.17 -0.34 -0.51 1.46 0.22
1.07 1.25 -0.24 1.29 -3.49 1.23 1.39 -0.13 -0.38 1.44 -0.76 0.99 0.40 -1.79 -1.56 -0.71 1.70 -0.27 2.62 -2.51 -2.42 1.33 0.57 2.87 0.02 -1.27 1.78 1.69 -0.88 -1.51 1.44 -0.64
1.30 -2.69 -0.83 3.34 0.23 -0.52 -2.63 1.96 -0.02 -1.48 1.76 0.04 1.26 -2.10 -1.52 -1.23 0.63 -0.98 -0.73 -2.42 0.42 -0.39 -0.40 -0.82 1.42 -0.21 0.86 -1.13 -1.07 0.05 0.87 -1.15
1.53 1.82 -1.05 3.43 2.15 1.12 -1.34 -0.02 -2.13 0.82 -1.42 -1.56 2.04 0.59 -0.94 2.18 2.66 -0.44 1.13 0.18 -1.59 0.52 1.77 -2.25 1.98 -0.56 1.95 1.02 -1.73 0.35 1.37 0.37
-0.91 0.49 1.60 3.43 -1.54 -0.77 -0.98 -0.65 1.38 2.59 -0.44 -0.46 -0.71 -0.99 -0.57 -0.92 -1.19 -0.31 -0.37 2.36 -0.66 1.37 -0.46 1.14 0.95 -1.78 0.45 1.18 -0.77 -1.46 0.94 0.15
0.06 0.88 -0.74 2.92 -2.24 0.75 -1.73 0.10 -2.30 2.85 -1.04 1.55 1.55 -1.54 -0.58 1.27 2.94 -2.40 -1.30 -1.63 -1.10 -0.56 1.80 -0.47 0.13 -1.79 2.14 -0.74 -0.17 -0.80 0.61 -1.39
2.76 1.39 -0.51 -0.46 1.64 -1.62 1.03 -0.98 -1.76 -1.05 -1.11 -0.61 0.90 0.65 -1.48 1.15 2.55 0.11 3.15 1.90 -0.76 1.29 0.18 0.74 0.91 3.08 0.79 1.28 -1.45 0.28 0.48 0.20
2.69 0.02 1.97 0.56 0.41 -0.52 1.97 1.01 1.78 0.90 1.25 -0.18 1.90 -1.36 -1.59 -1.25 -1.25 -0.78 -1.37 -3.34 -1.59 0.70 1.34 3.04 2.16 0.50 -1.82 3.01 -0.22 -0.80 1.23 -1.48
-1.36 -1.18 1.05 1.38 2.57 0.64 -0.78 2.01 -1.65 -1.37 -0.72 -2.62 -1.19 -0.51 -1.45 -1.27 -0.73 -0.79 3.20 0.22 -0.98 1.32 1.63 1.13 -0.48 0.41 -1.27 0.95 -0.09 -1.02 1.49 -0.39
-0.85 -1.31 -1.12 0.74 0.42 -0.54 -0.42 0.51 -1.83 -1.22 -0.54 -0.05 1.40 -2.06 0.12 0.71 -1.06 -1.57 1.43 -2.86 -0.08 1.41 1.11 -0.82 1.75 0.38 -1.01 2.44 0.10 0.43 -0.57 -1.22
1.80 0.90 -1.07 2.92 -1.96 1.19 -0.10 -0.76 1.91 1.23 1.82 0.36 -0.20 0.26 -0.18 -0.22 1.16 -2.32 -0.47 -1.10 -2.44 -0.00 -0.39 1.66 -0.47 -0.70 0.66 -0.69 0.02 -1.34 0.69 -0.74
2.25 0.05 1.23 2.41 -2.87 -2.21 -0.27 -0.14 1.72 -1.97 -1.91 1.22 1.37 -0.85 -0.21 1.68 -1.46 -2.13 0.70 -1.43 -0.67 -1.00 0.22 -3.09 1.36 -0.76 1.94 -0.20 -1.99 0.95 0.69 -1.51
0.04 -3.06 -0.34 1.17 -1.66 -0.61 0.09 0.47 -2.20 1.78 -1.10 -0.46 0.67 1.32 0.08 0.47 2.53 -1.92 -1.18 -2.70 -1.26 -0.55 1.28 -2.77 0.24 -2.54 1.25 2.56 -1.56 0.12 0.04 -1.96
-1.17 0.09 1.38 -1.81 -1.06 0.51 -2.12 -1.46 1.46 -0.55 0.40 0.08 2.53 -1.08 -0.03 0.24 2.84 1.05 -0.74 -0.14 -0.10 0.87 1.12 -1.75 -0.96 -2.05 0.18 -0.55 -1.15 -1.18 1.12 -1.47
2.34 -0.97 2.32 -1.26 -1.55 0.36 -0.38 1.96 1.67 -1.95 0.68 -1.33 -0.70 0.84 0.55 1.34 2.49 -0.68 -1.45 -2.17 -2.44 0.37 1.72 -0.09 1.85 2.99 -0.21 2.80 -1.10 -0.46 0.51 -0.11
-0.06 0.15 1.61 0.54 -0.24 -0.50 -0.78 -1.31 1.03 -1.61 -1.11 -0.11 -1.24 0.07 0.15 -0.26 3.07 0.25 0.50 -3.63 -0.70 1.34 1.73 0.66 -0.66 -0.79 0.05 -1.82 -1.07 0.29 0.46 -2.35
1.66 0.56 -1.37 -1.05 -1.75 -2.15 -0.36 0.34 -0.10 2.97 -1.72 -0.83 -1.06 0.29 -1.34 1.88 2.10 0.40 1.36 -3.27 0.23 -0.86 0.45 -3.14 -0.66 0.29 -1.41 -1.97 -0.01 1.12 1.03 -0.50
1.76 -2.35 -0.95 -2.37 -2.19 0.27 -2.28 -0.35 0.59 1.30 -1.80 -1.79 -0.16 0.47 0.67 1.26 2.21 -0.42 0.55 0.34 -1.82 0.03 1.00 -0.66 2.50 2.27 1.46 0.27 0.59 -0.36 0.49 -0.11
0.77 -1.10 2.21 1.15 -1.02 -1.48 0.65 -1.59 1.41 0.02 1.53 -0.08 -0.05 -1.17 -1.10 0.52 -1.02 0.36 1.42 -3.66 -0.37 0.80 -0.14 2.81 0.01 0.00 0.78 -1.25 -1.03 -0.40 0.48 0.16
2.66 -3.31 -1.55 -2.07 0.24 -1.93 -1.43 -0.92 -1.82 1.08 -1.46 -2.35 2.03 -0.87 -0.90 1.44 -0.83 0.78 2.69 0.56 0.44 -0.08 0.29 -0.62 0.83 3.14 -0.85 1.15 -1.19 -1.07 -0.59 -1.36
2.23 -1.18 -0.32 2.28 -1.98 1.25 -3.26 -1.62 1.34 0.19 -0.85 0.75 0.65 -0.83 0.11 0.83 1.76 0.73 1.81 -1.30 -1.46 -0.26 1.36 -3.01 -0.10 1.15 1.07 0.16 -2.06 -2.28 -0.27 -0.41
-1.01 -3.21 2.26 0.87 2.35 0.18 -0.35 0.09 0.90 0.26 0.25 -0.15 -0.50 0.15 0.67 1.32 3.00 1.00 0.12 -1.69 -1.67 -0.33 0.98 3.01 -0.24 -2.51 0.16 2.21 -0.01 0.43 0.63 -0.29
-1.50 -3.13 0.70 -1.13 -1.81 1.57 1.74 1.94 0.40 -1.23 0.25 0.20 2.14 -1.03 -0.09 -0.58 -1.33 0.44 0.54 -1.19 -0.80 -0.35 0.50 1.91 0.81 -2.42 -0.21 1.23 0.24 -1.81 0.25 -0.69
0.03 -0.19 0.19 -0.13 -1.82 -2.56 1.07 1.35 1.37 3.80 0.00 -3.15 2.31 -0.61 0.50 -0.13 1.67 0.60 1.45 -2.35 -1.26 1.19 0.55 0.19 1.51 0.15 -0.24 -1.26 -0.01 -0.28 0.36 -0.81
0.57 -2.63 1.05 -0.53 3.12 -2.13 1.46 1.75 -1.53 1.03 -1.37 -1.30 1.70 0.75 -1.00 1.40 0.68 1.00 1.02 1.99 -1.54 0.79 -0.34 1.58 0.65 -1.85 1.73 0.20 0.57 0.70 1.03 -0.23
2.69 -3.41 -0.74 0.68 1.77 0.33 1.06 -0.24 -1.43 2.76 -0.25 -3.20 0.29 0.86 -1.25 -1.42 2.30 -1.50 1.26 -2.88 -2.20 0.20 1.11 1.38 -0.39 2.95 0.31 0.77 -0.27 -1.02 0.69 0.44
2.69 -3.41 0.87 0.41 0.08 -0.20 0.62 1.93 -0.96 -0.63 0.59 -1.12 -1.14 0.71 -1.44 0.27 -0.87 -0.09 -1.11 2.13 -1.96 1.00 0.43 -1.32 1.10 -2.04 -0.27 1.56 -0.59 0.63 1.02 -0.86
2.45 -2.91 -1.49 1.54 2.41 -0.36 -3.14 -0.17 -2.09 3.64 1.11 -3.22 1.44 1.19 -0.60 -0.77 1.28 -0.57 -1.00 0.06 -1.71 0.06 -0.54 2.89 0.24 2.57 -1.01 0.42 -2.07 -1.41 1.09 0.42
1.29 -0.13 1.52 -1.65 2.23 -2.20 1.89 1.26 -1.29 -2.21 -1.75 0.46 0.72 0.59 -1.21 0.68 0.35 -2.37 2.23 -2.81 -1.71 1.14 0.83 2.89 2.34 3.06 0.55 0.34 -1.72 0.50 0.41 -1.72
1.42 1.12 0.60 3.06 1.57 1.12 -1.03 -1.70 -0.62 -0.77 -1.14 -2.97 0.75 -0.23 -1.69 2.09 0.84 -0.76 3.01 -0.61 0.55 0.93 0.77 1.92 0.96 -0.22 -0.19 -0.99 -0.98 -1.47 -0.49 -1.91
-0.18 -0.72 -1.00 -1.06 -2.45 1.42 0.22 -1.71 1.86 0.79 1.28 -0.82 2.44 -1.10 -0.77 0.51 0.00 -1.18 -0.99 -3.02 0.70 -0.27 -0.19 -1.49 1.41 1.87 1.73 0.78 0.30 -1.87 1.46 -0.45
0.70 -0.93 0.24 1.57 -3.13 1.40 0.64 2.09 -1.89 -1.23 -0.38 -0.58 0.56 -0.14 -1.31 0.99 -0.87 0.05 2.52 -0.48 0.17 0.80 0.37 -2.28 0.15 2.02 1.45 -0.18 -0.60 0.64 0.19 -0.03
-0.46 1.03 -0.08 -2.35 2.21 0.60 0.50 -1.29 -1.96 -0.69 -0.96 -0.93 -0.08 1.41 0.39 0.65 0.75 0.33 1.87 -0.90 -0.83 -0.67 1.54 -1.45 1.44 1.90 1.27 0.06 -1.83 0.32 1.35 0.32
-0.97 -3.16 -1.30 0.04 -3.28 -2.21 -2.72 -0.72 -0.96 -0.66 -1.68 1.41 -0.69 -1.30 -0.64 2.02 0.38 -1.99 0.29 -0.43 -1.40 -0.51 1.53 -0.48 1.78 -2.21 0.80 -0.57 -1.16 0.42 0.23 -0.65
2.62 -1.50 -1.34 3.50 2.54 -1.61 0.69 0.99 0.84 3.82 0.07 -2.30 2.07 1.43 -0.19 2.01 1.87 0.03 1.04 0.67 0.25 -0.95 1.17 1.63 1.90 2.78 -0.90 1.88 -1.91 -2.28 -0.06 -2.21
0.75 -0.74 1.18 2.25 -0.46 -1.93 1.49 2.09 1.09 3.21 -1.23 -0.86 2.12 -0.82 -0.69 -0.86 3.07 1.16 3.23 2.26 0.72 1.18 0.55 2.10 2.09 -2.16 -1.32 2.78 0.15 0.39 -0.41 -0.98
0.74 -3.51 -1.25 0.61 1.72 1.22 -1.89 -1.40 0.75 2.30 -0.71 -2.09 -0.54 -1.97 -0.62 0.10 3.03 -1.54 2.45 1.16 0.71 -1.05 0.47 -2.72 1.00 -2.20 -1.57 0.31 0.27 -1.18 0.57 -1.45
-0.75 -1.79 2.39 -2.38 0.15 -2.50 0.50 1.15 0.44 0.05 -1.95 -1.40 1.04 -0.54 -1.28 1.54 0.60 -1.73 2.06 -2.17 -1.79 0.98 1.53 -3.01 0.96 3.72 -1.82 1.83 -0.18 -0.99 1.27 -0.76
2.62 -0.11 0.50 -1.78 -0.71 -0.27 -2.94 0.99 -0.39 2.64 -1.96 -0.67 1.64 -0.51 -1.42 0.26 1.79 -1.68 -0.85 -1.92 0.35 -0.39 0.88 0.78 1.48 -2.52 -1.27 1.72 -2.05 -0.71 1.24 -0.38
