0
13 1 2 3 13 14 15 16 20 21 26 27 28 29
12 8 9 10 11 15 16 19 24 25 28 29 32
0
19 3 5 6 8 11 13 14 15 16 17 18 19 26 27 28 29 30 31 32
0
14 1 2 5 6 8 11 17 18 19 20 21 30 31 32
0
13 1 2 3 13 14 15 16 20 21 26 27 28 29
0
0
0
0
12 4 5 6 7 13 14 19 22 23 26 27 32
0
19 3 5 6 8 11 12 20 21 22 23 24 25 26 27 28 29 30 31 32
0
12 4 5 6 7 13 14 19 22 23 26 27 32
7 3 5 6 8 11 12 33
0
26 1 2 4 7 9 10 13 14 15 16 17 18 19 20 21 22 23 24 25 26 27 28 29 30 31 32
16 2 4 5 10 11 13 16 18 19 21 22 25 26 29 31 32
0
0
14 20 21 22 23 24 25 26 27 28 29 30 31 32 33
33 1 2 3 4 5 6 7 8 9 10 11 12 13 14 15 16 17 18 19 20 21 22 23 24 25 26 27 28 29 30 31 32 33
0
17 1 2 3 4 5 6 7 8 9 10 11 20 21 22 23 24 25
33 1 2 3 4 5 6 7 8 9 10 11 12 13 14 15 16 17 18 19 20 21 22 23 24 25 26 27 28 29 30 31 32 33
0
14 12 13 14 15 16 17 18 19 20 21 22 23 24 25
0
0
0
0
0
0
19 3 5 6 8 11 12 20 21 22 23 24 25 26 27 28 29 30 31 32
0
12 4 5 6 7 13 14 19 22 23 26 27 32
0
12 4 5 6 7 13 14 19 22 23 26 27 32
0
16 2 6 7 8 9 14 15 18 19 21 23 24 27 28 31 32
16 2 4 5 10 11 13 16 18 19 21 22 25 26 29 31 32
14 1 4 6 8 10 13 16 17 20 22 25 26 29 30
16 2 4 5 10 11 13 16 18 19 21 22 25 26 29 31 32
19 1 2 3 4 5 6 7 8 9 10 11 12 13 14 15 16 17 18 19
33 1 2 3 4 5 6 7 8 9 10 11 12 13 14 15 16 17 18 19 20 21 22 23 24 25 26 27 28 29 30 31 32 33
16 2 4 5 10 11 13 16 18 19 21 22 25 26 29 31 32
0
