0
32 2 3 6 9 11 12 17 20 22 23 25 26 29 33 34 35 50 51 52 53 54 55 56 57 61 62 66 70 72 73 77 81
23 36 37 38 39 40 41 42 43 44 45 46 47 48 49 50 51 52 53 54 55 56 57 58
23 36 37 38 39 40 41 42 43 44 45 46 47 48 49 50 51 52 53 54 55 56 57 58
36 2 3 4 5 7 8 11 12 15 16 17 20 22 23 25 26 29 30 31 32 40 41 44 45 48 49 50 51 67 68 69 70 78 79 80 81
0
0
45 1 2 3 10 11 12 15 16 21 22 23 24 25 26 31 34 35 36 37 38 39 40 41 42 43 44 45 46 47 48 49 60 63 64 65 67 68 69 71 74 75 76 78 79 80
0
0
45 2 3 4 5 7 8 11 12 13 14 18 19 22 23 25 26 27 28 30 32 34 35 36 37 38 39 40 41 42 43 44 45 46 47 48 49 50 51 52 53 54 55 56 57 59
41 1 2 3 4 5 6 7 8 9 10 11 12 18 19 20 27 28 29 31 34 35 36 37 46 47 48 49 52 53 54 55 60 61 62 63 69 71 72 73 74 80
0
0
36 1 6 9 10 15 16 17 20 21 24 29 31 33 58 60 61 62 63 64 65 66 67 68 69 70 71 72 73 74 75 76 77 78 79 80 81
36 7 8 9 10 11 12 16 18 19 20 24 25 26 31 34 35 42 43 44 45 46 47 48 49 52 53 62 63 65 68 69 73 74 76 79 80
36 7 8 9 10 11 12 16 18 19 20 24 25 26 31 34 35 42 43 44 45 46 47 48 49 52 53 62 63 65 68 69 73 74 76 79 80
0
0
57 1 6 9 10 15 16 17 20 21 24 29 31 33 36 37 38 39 40 41 42 43 44 45 46 47 48 49 50 51 52 53 54 55 56 57 60 61 62 63 64 65 66 67 68 69 70 71 72 73 74 75 76 77 78 79 80 81
45 2 3 4 5 7 8 11 12 13 14 18 19 22 23 25 26 27 28 30 32 34 35 36 37 38 39 40 41 42 43 44 45 46 47 48 49 50 51 52 53 54 55 56 57 59
0
0
23 59 60 61 62 63 64 65 66 67 68 69 70 71 72 73 74 75 76 77 78 79 80 81
42 13 14 15 16 17 18 19 20 27 28 29 31 34 35 36 37 38 39 42 43 46 47 52 53 54 55 56 57 60 61 62 63 64 65 66 71 72 73 74 75 76 77
36 7 8 9 10 11 12 16 18 19 20 24 25 26 31 34 35 42 43 44 45 46 47 48 49 52 53 62 63 65 68 69 73 74 76 79 80
23 36 37 38 39 40 41 42 43 44 45 46 47 48 49 50 51 52 53 54 55 56 57 58
57 1 6 9 10 15 16 17 20 21 24 29 31 33 36 37 38 39 40 41 42 43 44 45 46 47 48 49 50 51 52 53 54 55 56 57 60 61 62 63 64 65 66 67 68 69 70 71 72 73 74 75 76 77 78 79 80 81
36 1 6 9 10 15 16 17 20 21 24 29 31 33 58 60 61 62 63 64 65 66 67 68 69 70 71 72 73 74 75 76 77 78 79 80 81
0
33 1 2 3 4 5 6 7 8 9 10 11 12 13 14 15 16 17 38 39 42 43 48 49 56 57 64 65 66 69 75 76 77 80
29 1 2 3 4 5 6 16 24 25 26 27 28 29 36 37 42 43 44 45 54 55 60 61 65 68 71 72 76 79
0
33 2 4 7 11 13 18 22 25 27 30 34 36 38 40 42 44 46 48 50 52 54 56 71 72 73 74 75 76 77 78 79 80 81
35 1 2 3 4 5 6 7 8 9 10 11 12 13 14 15 16 17 18 19 20 21 22 23 24 25 26 27 28 29 30 31 32 33 34 35
