5 1 2
5 1 7
5 1 19
5 1 20
5 1 23
5 1 29
5 1 33
5 1 36
5 1 39
5 1 40
5 3 2
5 3 7
5 3 19
5 3 23
5 3 29
5 3 33
5 3 39
5 3 40
5 4 7
5 4 23
5 4 29
5 4 33
5 4 35
5 4 36
5 4 39
5 4 40
5 6 2
5 6 7
5 6 23
5 6 29
5 6 33
5 6 35
5 6 36
5 6 39
5 6 40
5 8 2
5 8 7
5 8 19
5 8 20
5 8 23
5 8 29
5 8 33
5 8 35
5 8 36
5 8 40
5 10 2
5 10 7
5 10 19
5 10 23
5 10 29
5 10 33
5 10 35
5 10 36
5 10 39
5 10 40
5 11 2
5 11 7
5 11 19
5 11 20
5 11 23
5 11 29
5 11 36
5 11 39
5 11 40
5 13 2
5 13 7
5 13 19
5 13 20
5 13 23
5 13 29
5 13 33
5 13 35
5 13 36
5 13 39
5 13 40
5 14 2
5 14 7
5 14 19
5 14 20
5 14 23
5 14 29
5 14 33
5 14 35
5 14 36
5 14 39
5 14 40
5 15 2
5 15 7
5 15 19
5 15 20
5 15 23
5 15 29
5 15 33
5 15 35
5 15 36
5 15 39
5 15 40
5 21 2
5 21 7
5 21 23
5 21 29
5 21 39
5 21 40
5 22 2
5 22 7
5 22 23
5 22 29
5 22 33
5 22 35
5 22 36
5 22 39
5 22 40
5 27 2
5 27 7
5 27 19
5 27 23
5 27 29
5 27 33
5 27 36
5 27 39
5 27 40
5 28 7
5 28 23
5 28 29
5 28 33
5 28 40
5 31 2
5 31 7
5 31 23
5 31 29
5 31 33
5 31 36
5 31 39
5 31 40
5 32 2
5 32 7
5 32 19
5 32 20
5 32 23
5 32 29
5 32 36
5 32 40
5 37 2
5 37 7
5 37 23
5 37 29
5 37 33
5 37 35
5 37 36
5 37 39
5 38 2
5 38 7
5 38 19
5 38 20
5 38 23
5 38 29
5 38 33
5 38 35
5 38 36
5 38 39
5 38 40
9 1 2
9 1 7
9 1 19
9 1 23
9 1 29
9 1 33
9 1 36
9 1 39
9 1 40
9 4 7
9 4 23
9 4 29
9 4 33
9 4 35
9 4 36
9 4 39
9 4 40
9 6 2
9 6 7
9 6 23
9 6 29
9 6 33
9 6 35
9 6 36
9 6 39
9 6 40
9 8 2
9 8 7
9 8 19
9 8 23
9 8 29
9 8 33
9 8 35
9 8 36
9 8 40
9 10 2
9 10 7
9 10 19
9 10 23
9 10 29
9 10 33
9 10 35
9 10 36
9 10 39
9 10 40
9 11 2
9 11 7
9 11 19
9 11 23
9 11 29
9 11 36
9 11 39
9 11 40
9 13 2
9 13 7
9 13 19
9 13 23
9 13 29
9 13 33
9 13 35
9 13 36
9 13 39
9 13 40
9 14 2
9 14 7
9 14 19
9 14 23
9 14 29
9 14 33
9 14 35
9 14 36
9 14 39
9 14 40
9 15 2
9 15 7
9 15 19
9 15 23
9 15 29
9 15 33
9 15 35
9 15 36
9 15 39
9 15 40
9 21 2
9 21 7
9 21 23
9 21 29
9 21 39
9 21 40
9 22 2
9 22 7
9 22 23
9 22 29
9 22 33
9 22 35
9 22 36
9 22 39
9 22 40
9 28 7
9 28 23
9 28 29
9 28 33
9 28 40
9 31 2
9 31 7
9 31 23
9 31 29
9 31 33
9 31 36
9 31 39
9 31 40
9 32 2
9 32 7
9 32 19
9 32 23
9 32 29
9 32 36
9 32 40
9 37 2
9 37 7
9 37 23
9 37 29
9 37 33
9 37 35
9 37 36
9 37 39
9 38 2
9 38 7
9 38 19
9 38 23
9 38 29
9 38 33
9 38 35
9 38 36
9 38 39
9 38 40
12 1 2
12 1 7
12 1 19
12 1 20
12 1 23
12 1 29
12 1 36
12 1 39
12 1 40
12 3 2
12 3 7
12 3 19
12 3 23
12 3 29
12 3 39
12 3 40
12 4 7
12 4 23
12 4 29
12 4 36
12 4 39
12 4 40
12 6 2
12 6 7
12 6 23
12 6 29
12 6 36
12 6 39
12 6 40
12 8 2
12 8 7
12 8 19
12 8 20
12 8 23
12 8 29
12 8 36
12 8 40
12 10 2
12 10 7
12 10 19
12 10 23
12 10 29
12 10 36
12 10 39
12 10 40
12 13 2
12 13 7
12 13 19
12 13 20
12 13 23
12 13 29
12 13 36
12 13 39
12 13 40
12 14 2
12 14 7
12 14 19
12 14 20
12 14 23
12 14 29
12 14 36
12 14 39
12 14 40
12 15 2
12 15 7
12 15 19
12 15 20
12 15 23
12 15 29
12 15 36
12 15 39
12 15 40
12 21 2
12 21 7
12 21 23
12 21 29
12 21 39
12 21 40
12 22 2
12 22 7
12 22 23
12 22 29
12 22 36
12 22 39
12 22 40
12 27 2
12 27 7
12 27 19
12 27 23
12 27 29
12 27 36
12 27 39
12 27 40
12 28 7
12 28 23
12 28 29
12 28 40
12 31 2
12 31 7
12 31 23
12 31 29
12 31 36
12 31 39
12 31 40
12 37 2
12 37 7
12 37 23
12 37 29
12 37 36
12 37 39
12 38 2
12 38 7
12 38 19
12 38 20
12 38 23
12 38 29
12 38 36
12 38 39
12 38 40
16 1 7
16 1 19
16 1 20
16 1 23
16 1 29
16 1 33
16 1 36
16 1 39
16 1 40
16 6 7
16 6 23
16 6 29
16 6 33
16 6 35
16 6 36
16 6 39
16 6 40
16 8 7
16 8 19
16 8 20
16 8 23
16 8 29
16 8 33
16 8 35
16 8 36
16 8 40
16 10 7
16 10 19
16 10 23
16 10 29
16 10 33
16 10 35
16 10 36
16 10 39
16 10 40
16 11 7
16 11 19
16 11 20
16 11 23
16 11 29
16 11 36
16 11 39
16 11 40
16 13 7
16 13 19
16 13 20
16 13 23
16 13 29
16 13 33
16 13 35
16 13 36
16 13 39
16 13 40
16 14 7
16 14 19
16 14 20
16 14 23
16 14 29
16 14 33
16 14 35
16 14 36
16 14 39
16 14 40
16 15 7
16 15 19
16 15 20
16 15 23
16 15 29
16 15 33
16 15 35
16 15 36
16 15 39
16 15 40
16 21 7
16 21 23
16 21 29
16 21 39
16 21 40
16 22 7
16 22 23
16 22 29
16 22 33
16 22 35
16 22 36
16 22 39
16 22 40
16 27 7
16 27 19
16 27 23
16 27 29
16 27 33
16 27 36
16 27 39
16 27 40
16 31 7
16 31 23
16 31 29
16 31 33
16 31 36
16 31 39
16 31 40
16 32 7
16 32 19
16 32 20
16 32 23
16 32 29
16 32 36
16 32 40
16 37 7
16 37 23
16 37 29
16 37 33
16 37 35
16 37 36
16 37 39
16 38 7
16 38 19
16 38 20
16 38 23
16 38 29
16 38 33
16 38 35
16 38 36
16 38 39
16 38 40
17 1 7
17 1 19
17 1 20
17 1 23
17 1 29
17 1 33
17 1 39
17 1 40
17 6 7
17 6 23
17 6 29
17 6 33
17 6 39
17 6 40
17 8 7
17 8 19
17 8 20
17 8 23
17 8 29
17 8 33
17 8 40
17 10 7
17 10 19
17 10 23
17 10 29
17 10 33
17 10 39
17 10 40
17 11 7
17 11 19
17 11 20
17 11 23
17 11 29
17 11 39
17 11 40
17 13 7
17 13 19
17 13 20
17 13 23
17 13 29
17 13 33
17 13 39
17 13 40
17 14 7
17 14 19
17 14 20
17 14 23
17 14 29
17 14 33
17 14 39
17 14 40
17 15 7
17 15 19
17 15 20
17 15 23
17 15 29
17 15 33
17 15 39
17 15 40
17 22 7
17 22 23
17 22 29
17 22 33
17 22 39
17 22 40
17 27 7
17 27 19
17 27 23
17 27 29
17 27 33
17 27 39
17 27 40
17 31 7
17 31 23
17 31 29
17 31 33
17 31 39
17 31 40
17 32 7
17 32 19
17 32 20
17 32 23
17 32 29
17 32 40
17 37 7
17 37 23
17 37 29
17 37 33
17 37 39
17 38 7
17 38 19
17 38 20
17 38 23
17 38 29
17 38 33
17 38 39
17 38 40
18 1 2
18 1 7
18 1 19
18 1 20
18 1 23
18 1 29
18 1 33
18 1 36
18 1 39
18 1 40
18 3 2
18 3 7
18 3 19
18 3 23
18 3 29
18 3 33
18 3 39
18 3 40
18 4 7
18 4 23
18 4 29
18 4 33
18 4 35
18 4 36
18 4 39
18 4 40
18 6 2
18 6 7
18 6 23
18 6 29
18 6 33
18 6 35
18 6 36
18 6 39
18 6 40
18 8 2
18 8 7
18 8 19
18 8 20
18 8 23
18 8 29
18 8 33
18 8 35
18 8 36
18 8 40
18 10 2
18 10 7
18 10 19
18 10 23
18 10 29
18 10 33
18 10 35
18 10 36
18 10 39
18 10 40
18 11 2
18 11 7
18 11 19
18 11 20
18 11 23
18 11 29
18 11 36
18 11 39
18 11 40
18 13 2
18 13 7
18 13 19
18 13 20
18 13 23
18 13 29
18 13 33
18 13 35
18 13 36
18 13 39
18 13 40
18 14 2
18 14 7
18 14 19
18 14 20
18 14 23
18 14 29
18 14 33
18 14 35
18 14 36
18 14 39
18 14 40
18 15 2
18 15 7
18 15 19
18 15 20
18 15 23
18 15 29
18 15 33
18 15 35
18 15 36
18 15 39
18 15 40
18 21 2
18 21 7
18 21 23
18 21 29
18 21 39
18 21 40
18 22 2
18 22 7
18 22 23
18 22 29
18 22 33
18 22 35
18 22 36
18 22 39
18 22 40
18 27 2
18 27 7
18 27 19
18 27 23
18 27 29
18 27 33
18 27 36
18 27 39
18 27 40
18 28 7
18 28 23
18 28 29
18 28 33
18 28 40
18 31 2
18 31 7
18 31 23
18 31 29
18 31 33
18 31 36
18 31 39
18 31 40
18 32 2
18 32 7
18 32 19
18 32 20
18 32 23
18 32 29
18 32 36
18 32 40
18 37 2
18 37 7
18 37 23
18 37 29
18 37 33
18 37 35
18 37 36
18 37 39
18 38 2
18 38 7
18 38 19
18 38 20
18 38 23
18 38 29
18 38 33
18 38 35
18 38 36
18 38 39
18 38 40
24 1 2
24 1 7
24 1 19
24 1 20
24 1 23
24 1 29
24 1 33
24 1 36
24 1 39
24 1 40
24 3 2
24 3 7
24 3 19
24 3 23
24 3 29
24 3 33
24 3 39
24 3 40
24 4 7
24 4 23
24 4 29
24 4 33
24 4 35
24 4 36
24 4 39
24 4 40
24 6 2
24 6 7
24 6 23
24 6 29
24 6 33
24 6 35
24 6 36
24 6 39
24 6 40
24 8 2
24 8 7
24 8 19
24 8 20
24 8 23
24 8 29
24 8 33
24 8 35
24 8 36
24 8 40
24 10 2
24 10 7
24 10 19
24 10 23
24 10 29
24 10 33
24 10 35
24 10 36
24 10 39
24 10 40
24 11 2
24 11 7
24 11 19
24 11 20
24 11 23
24 11 29
24 11 36
24 11 39
24 11 40
24 13 2
24 13 7
24 13 19
24 13 20
24 13 23
24 13 29
24 13 33
24 13 35
24 13 36
24 13 39
24 13 40
24 14 2
24 14 7
24 14 19
24 14 20
24 14 23
24 14 29
24 14 33
24 14 35
24 14 36
24 14 39
24 14 40
24 15 2
24 15 7
24 15 19
24 15 20
24 15 23
24 15 29
24 15 33
24 15 35
24 15 36
24 15 39
24 15 40
24 21 2
24 21 7
24 21 23
24 21 29
24 21 39
24 21 40
24 22 2
24 22 7
24 22 23
24 22 29
24 22 33
24 22 35
24 22 36
24 22 39
24 22 40
24 27 2
24 27 7
24 27 19
24 27 23
24 27 29
24 27 33
24 27 36
24 27 39
24 27 40
24 28 7
24 28 23
24 28 29
24 28 33
24 28 40
24 31 2
24 31 7
24 31 23
24 31 29
24 31 33
24 31 36
24 31 39
24 31 40
24 32 2
24 32 7
24 32 19
24 32 20
24 32 23
24 32 29
24 32 36
24 32 40
24 37 2
24 37 7
24 37 23
24 37 29
24 37 33
24 37 35
24 37 36
24 37 39
24 38 2
24 38 7
24 38 19
24 38 20
24 38 23
24 38 29
24 38 33
24 38 35
24 38 36
24 38 39
24 38 40
25 1 2
25 1 7
25 1 19
25 1 20
25 1 23
25 1 29
25 1 33
25 1 36
25 1 39
25 1 40
25 3 2
25 3 7
25 3 19
25 3 23
25 3 29
25 3 33
25 3 39
25 3 40
25 4 7
25 4 23
25 4 29
25 4 33
25 4 35
25 4 36
25 4 39
25 4 40
25 6 2
25 6 7
25 6 23
25 6 29
25 6 33
25 6 35
25 6 36
25 6 39
25 6 40
25 8 2
25 8 7
25 8 19
25 8 20
25 8 23
25 8 29
25 8 33
25 8 35
25 8 36
25 8 40
25 10 2
25 10 7
25 10 19
25 10 23
25 10 29
25 10 33
25 10 35
25 10 36
25 10 39
25 10 40
25 11 2
25 11 7
25 11 19
25 11 20
25 11 23
25 11 29
25 11 36
25 11 39
25 11 40
25 13 2
25 13 7
25 13 19
25 13 20
25 13 23
25 13 29
25 13 33
25 13 35
25 13 36
25 13 39
25 13 40
25 14 2
25 14 7
25 14 19
25 14 20
25 14 23
25 14 29
25 14 33
25 14 35
25 14 36
25 14 39
25 14 40
25 15 2
25 15 7
25 15 19
25 15 20
25 15 23
25 15 29
25 15 33
25 15 35
25 15 36
25 15 39
25 15 40
25 21 2
25 21 7
25 21 23
25 21 29
25 21 39
25 21 40
25 22 2
25 22 7
25 22 23
25 22 29
25 22 33
25 22 35
25 22 36
25 22 39
25 22 40
25 27 2
25 27 7
25 27 19
25 27 23
25 27 29
25 27 33
25 27 36
25 27 39
25 27 40
25 28 7
25 28 23
25 28 29
25 28 33
25 28 40
25 31 2
25 31 7
25 31 23
25 31 29
25 31 33
25 31 36
25 31 39
25 31 40
25 32 2
25 32 7
25 32 19
25 32 20
25 32 23
25 32 29
25 32 36
25 32 40
25 37 2
25 37 7
25 37 23
25 37 29
25 37 33
25 37 35
25 37 36
25 37 39
25 38 2
25 38 7
25 38 19
25 38 20
25 38 23
25 38 29
25 38 33
25 38 35
25 38 36
25 38 39
25 38 40
26 3 7
26 3 19
26 3 23
26 3 29
26 3 33
26 3 39
26 3 40
26 6 7
26 6 23
26 6 29
26 6 33
26 6 35
26 6 36
26 6 39
26 6 40
26 8 7
26 8 19
26 8 20
26 8 23
26 8 29
26 8 33
26 8 35
26 8 36
26 8 40
26 10 7
26 10 19
26 10 23
26 10 29
26 10 33
26 10 35
26 10 36
26 10 39
26 10 40
26 11 7
26 11 19
26 11 20
26 11 23
26 11 29
26 11 36
26 11 39
26 11 40
26 13 7
26 13 19
26 13 20
26 13 23
26 13 29
26 13 33
26 13 35
26 13 36
26 13 39
26 13 40
26 14 7
26 14 19
26 14 20
26 14 23
26 14 29
26 14 33
26 14 35
26 14 36
26 14 39
26 14 40
26 15 7
26 15 19
26 15 20
26 15 23
26 15 29
26 15 33
26 15 35
26 15 36
26 15 39
26 15 40
26 22 7
26 22 23
26 22 29
26 22 33
26 22 35
26 22 36
26 22 39
26 22 40
26 27 7
26 27 19
26 27 23
26 27 29
26 27 33
26 27 36
26 27 39
26 27 40
26 31 7
26 31 23
26 31 29
26 31 33
26 31 36
26 31 39
26 31 40
26 37 7
26 37 23
26 37 29
26 37 33
26 37 35
26 37 36
26 37 39
26 38 7
26 38 19
26 38 20
26 38 23
26 38 29
26 38 33
26 38 35
26 38 36
26 38 39
26 38 40
30 1 7
30 1 23
30 1 29
30 1 33
30 1 36
30 1 39
30 1 40
30 3 7
30 3 23
30 3 29
30 3 33
30 3 39
30 3 40
30 8 7
30 8 23
30 8 29
30 8 33
30 8 35
30 8 36
30 8 40
30 10 7
30 10 23
30 10 29
30 10 33
30 10 35
30 10 36
30 10 39
30 10 40
30 11 7
30 11 23
30 11 29
30 11 36
30 11 39
30 11 40
30 13 7
30 13 23
30 13 29
30 13 33
30 13 35
30 13 36
30 13 39
30 13 40
30 14 7
30 14 23
30 14 29
30 14 33
30 14 35
30 14 36
30 14 39
30 14 40
30 15 7
30 15 23
30 15 29
30 15 33
30 15 35
30 15 36
30 15 39
30 15 40
30 21 7
30 21 23
30 21 29
30 21 39
30 21 40
30 27 7
30 27 23
30 27 29
30 27 33
30 27 36
30 27 39
30 27 40
30 32 7
30 32 23
30 32 29
30 32 36
30 32 40
30 38 7
30 38 23
30 38 29
30 38 33
30 38 35
30 38 36
30 38 39
30 38 40
34 1 2
34 1 7
34 1 19
34 1 20
34 1 23
34 1 29
34 1 33
34 1 36
34 1 39
34 1 40
34 3 2
34 3 7
34 3 19
34 3 23
34 3 29
34 3 33
34 3 39
34 3 40
34 4 7
34 4 23
34 4 29
34 4 33
34 4 35
34 4 36
34 4 39
34 4 40
34 6 2
34 6 7
34 6 23
34 6 29
34 6 33
34 6 35
34 6 36
34 6 39
34 6 40
34 8 2
34 8 7
34 8 19
34 8 20
34 8 23
34 8 29
34 8 33
34 8 35
34 8 36
34 8 40
34 10 2
34 10 7
34 10 19
34 10 23
34 10 29
34 10 33
34 10 35
34 10 36
34 10 39
34 10 40
34 11 2
34 11 7
34 11 19
34 11 20
34 11 23
34 11 29
34 11 36
34 11 39
34 11 40
34 13 2
34 13 7
34 13 19
34 13 20
34 13 23
34 13 29
34 13 33
34 13 35
34 13 36
34 13 39
34 13 40
34 14 2
34 14 7
34 14 19
34 14 20
34 14 23
34 14 29
34 14 33
34 14 35
34 14 36
34 14 39
34 14 40
34 15 2
34 15 7
34 15 19
34 15 20
34 15 23
34 15 29
34 15 33
34 15 35
34 15 36
34 15 39
34 15 40
34 21 2
34 21 7
34 21 23
34 21 29
34 21 39
34 21 40
34 22 2
34 22 7
34 22 23
34 22 29
34 22 33
34 22 35
34 22 36
34 22 39
34 22 40
34 27 2
34 27 7
34 27 19
34 27 23
34 27 29
34 27 33
34 27 36
34 27 39
34 27 40
34 28 7
34 28 23
34 28 29
34 28 33
34 28 40
34 31 2
34 31 7
34 31 23
34 31 29
34 31 33
34 31 36
34 31 39
34 31 40
34 32 2
34 32 7
34 32 19
34 32 20
34 32 23
34 32 29
34 32 36
34 32 40
34 37 2
34 37 7
34 37 23
34 37 29
34 37 33
34 37 35
34 37 36
34 37 39
34 38 2
34 38 7
34 38 19
34 38 20
34 38 23
34 38 29
34 38 33
34 38 35
34 38 36
34 38 39
34 38 40