2 1 4
2 1 7
2 1 8
2 5 7
2 5 8
2 6 4
2 6 7
2 9 4
2 9 7
2 9 8
2 11 4
2 11 7
2 12 4
2 12 7
2 12 8
2 13 4
2 13 7
2 13 8
2 14 7
2 14 8
2 16 4
2 16 7
2 16 8
2 17 4
2 17 7
2 19 7
3 1 4
3 1 7
3 1 8
3 1 15
3 5 7
3 5 8
3 5 15
3 6 4
3 6 7
3 6 15
3 9 4
3 9 7
3 9 8
3 9 15
3 11 4
3 11 7
3 12 4
3 12 7
3 12 8
3 12 15
3 13 4
3 13 7
3 13 8
3 13 15
3 14 7
3 14 8
3 14 15
3 16 4
3 16 7
3 16 8
3 16 15
3 17 4
3 17 7
3 19 7
3 19 15
10 1 4
10 9 4
10 11 4
10 12 4
10 13 4
10 16 4
18 1 4
18 1 7
18 1 8
18 1 15
18 5 7
18 5 8
18 5 15
18 6 4
18 6 7
18 6 15
18 9 4
18 9 7
18 9 8
18 9 15
18 11 4
18 11 7
18 12 4
18 12 7
18 12 8
18 12 15
18 13 4
18 13 7
18 13 8
18 13 15
18 16 4
18 16 7
18 16 8
18 16 15
18 17 4
18 17 7
18 19 7
18 19 15
20 1 4
20 1 7
20 1 15
20 5 7
20 5 15
20 9 4
20 9 7
20 9 15
20 11 4
20 11 7
20 12 4
20 12 7
20 12 15
20 13 4
20 13 7
20 13 15
20 14 7
20 14 15
20 16 4
20 16 7
20 16 15
20 19 7
20 19 15