1 13 4
1 13 5
1 13 20
1 13 21
1 13 22
1 13 29
1 13 34
1 13 38
1 13 40
1 13 43
1 13 44
1 13 47
1 13 50
1 13 54
1 13 55
1 13 58
1 13 59
1 13 60
1 13 65
1 13 72
1 13 73
1 13 75
1 18 20
1 18 21
1 18 22
1 18 29
1 18 34
1 18 38
1 18 40
1 18 44
1 18 50
1 18 54
1 18 55
1 18 58
1 18 59
1 18 60
1 18 65
1 18 72
1 18 73
1 18 75
1 19 4
1 19 5
1 19 20
1 19 21
1 19 22
1 19 29
1 19 34
1 19 38
1 19 40
1 19 43
1 19 44
1 19 47
1 19 50
1 19 54
1 19 55
1 19 58
1 19 59
1 19 60
1 19 65
1 19 72
1 19 73
1 19 75
1 27 5
1 27 21
1 27 29
1 27 34
1 27 44
1 27 50
1 27 59
1 27 60
1 27 65
1 27 72
1 27 73
1 27 75
1 35 5
1 35 20
1 35 21
1 35 29
1 35 34
1 35 38
1 35 40
1 35 43
1 35 50
1 35 54
1 35 55
1 35 58
1 35 59
1 35 60
1 35 65
1 35 72
1 35 73
1 35 75
1 42 4
1 42 5
1 42 20
1 42 21
1 42 22
1 42 29
1 42 34
1 42 38
1 42 40
1 42 43
1 42 44
1 42 47
1 42 50
1 42 54
1 42 55
1 42 58
1 42 59
1 42 60
1 42 65
1 42 72
1 42 73
1 42 75
1 48 4
1 48 5
1 48 21
1 48 29
1 48 34
1 48 40
1 48 43
1 48 44
1 48 47
1 48 50
1 48 54
1 48 55
1 48 58
1 48 59
1 48 60
1 48 65
1 48 72
1 48 73
1 48 75
1 49 4
1 49 5
1 49 20
1 49 21
1 49 22
1 49 29
1 49 34
1 49 38
1 49 40
1 49 44
1 49 47
1 49 50
1 49 58
1 49 59
1 49 60
1 49 65
1 49 72
1 49 73
1 49 75
1 61 4
1 61 20
1 61 21
1 61 22
1 61 29
1 61 38
1 61 40
1 61 43
1 61 44
1 61 47
1 61 54
1 61 55
1 61 58
1 61 59
1 61 60
1 61 65
1 61 72
1 61 73
1 67 4
1 67 5
1 67 20
1 67 21
1 67 29
1 67 34
1 67 38
1 67 40
1 67 43
1 67 44
1 67 47
1 67 50
1 67 54
1 67 55
1 67 58
1 67 59
1 67 60
1 67 65
1 67 72
1 67 73
1 68 4
1 68 5
1 68 20
1 68 21
1 68 22
1 68 29
1 68 34
1 68 43
1 68 44
1 68 47
1 68 50
1 68 54
1 68 55
1 68 59
1 68 60
1 68 65
1 68 72
1 68 73
1 68 75
1 70 20
1 70 21
1 70 22
1 70 29
1 70 34
1 70 38
1 70 40
1 70 44
1 70 47
1 70 50
1 70 54
1 70 55
1 70 58
1 70 59
1 70 60
1 70 65
1 70 72
1 70 73
1 70 75
1 77 4
1 77 20
1 77 21
1 77 22
1 77 29
1 77 34
1 77 38
1 77 40
1 77 43
1 77 44
1 77 47
1 77 50
1 77 54
1 77 55
1 77 59
1 77 60
1 77 65
1 77 72
1 77 73
1 77 75
1 78 4
1 78 5
1 78 20
1 78 21
1 78 22
1 78 29
1 78 34
1 78 38
1 78 40
1 78 44
1 78 47
1 78 50
1 78 58
1 78 59
1 78 60
1 78 65
1 78 72
1 78 73
2 3 15
2 3 20
2 3 21
2 3 22
2 3 25
2 3 29
2 3 34
2 3 36
2 3 38
2 3 40
2 3 44
2 3 50
2 3 59
2 3 60
2 3 65
2 3 72
2 3 73
2 3 75
2 13 15
2 13 20
2 13 21
2 13 22
2 13 25
2 13 29
2 13 34
2 13 36
2 13 38
2 13 40
2 13 43
2 13 44
2 13 46
2 13 50
2 13 54
2 13 59
2 13 60
2 13 65
2 13 72
2 13 73
2 13 75
2 18 15
2 18 20
2 18 21
2 18 22
2 18 25
2 18 29
2 18 34
2 18 36
2 18 38
2 18 40
2 18 44
2 18 50
2 18 54
2 18 59
2 18 60
2 18 65
2 18 72
2 18 73
2 18 75
2 19 15
2 19 20
2 19 21
2 19 22
2 19 25
2 19 29
2 19 34
2 19 36
2 19 38
2 19 40
2 19 43
2 19 44
2 19 46
2 19 50
2 19 54
2 19 59
2 19 60
2 19 65
2 19 72
2 19 73
2 19 75
2 31 15
2 31 20
2 31 21
2 31 25
2 31 29
2 31 34
2 31 36
2 31 38
2 31 40
2 31 43
2 31 44
2 31 50
2 31 54
2 31 59
2 31 60
2 31 65
2 31 72
2 31 73
2 31 75
2 32 15
2 32 20
2 32 21
2 32 22
2 32 29
2 32 34
2 32 36
2 32 38
2 32 40
2 32 43
2 32 46
2 32 50
2 32 54
2 32 59
2 32 60
2 32 65
2 32 72
2 32 73
2 32 75
2 35 15
2 35 20
2 35 21
2 35 25
2 35 29
2 35 34
2 35 36
2 35 38
2 35 40
2 35 43
2 35 46
2 35 50
2 35 54
2 35 59
2 35 60
2 35 65
2 35 72
2 35 73
2 35 75
2 37 15
2 37 20
2 37 21
2 37 22
2 37 29
2 37 34
2 37 36
2 37 38
2 37 40
2 37 43
2 37 44
2 37 46
2 37 50
2 37 54
2 37 59
2 37 60
2 37 65
2 37 72
2 37 73
2 37 75
2 39 15
2 39 20
2 39 21
2 39 22
2 39 29
2 39 34
2 39 36
2 39 38
2 39 40
2 39 46
2 39 50
2 39 59
2 39 60
2 39 65
2 39 72
2 39 73
2 39 75
2 42 15
2 42 20
2 42 21
2 42 22
2 42 25
2 42 29
2 42 34
2 42 36
2 42 38
2 42 40
2 42 43
2 42 44
2 42 46
2 42 50
2 42 54
2 42 59
2 42 60
2 42 65
2 42 72
2 42 73
2 42 75
2 48 21
2 48 25
2 48 29
2 48 34
2 48 36
2 48 40
2 48 43
2 48 44
2 48 50
2 48 54
2 48 59
2 48 60
2 48 65
2 48 72
2 48 73
2 48 75
2 53 15
2 53 20
2 53 21
2 53 22
2 53 29
2 53 34
2 53 36
2 53 38
2 53 40
2 53 44
2 53 46
2 53 50
2 53 54
2 53 59
2 53 60
2 53 65
2 53 72
2 53 73
2 53 75
2 61 15
2 61 20
2 61 21
2 61 22
2 61 29
2 61 36
2 61 38
2 61 40
2 61 43
2 61 44
2 61 46
2 61 54
2 61 59
2 61 60
2 61 65
2 61 72
2 61 73
2 68 15
2 68 20
2 68 21
2 68 22
2 68 25
2 68 29
2 68 34
2 68 36
2 68 43
2 68 44
2 68 46
2 68 50
2 68 54
2 68 59
2 68 60
2 68 65
2 68 72
2 68 73
2 68 75
2 71 20
2 71 21
2 71 25
2 71 29
2 71 34
2 71 38
2 71 40
2 71 44
2 71 46
2 71 50
2 71 54
2 71 59
2 71 60
2 71 65
2 71 72
2 71 73
2 71 75
6 13 4
6 13 5
6 13 15
6 13 20
6 13 21
6 13 22
6 13 23
6 13 25
6 13 29
6 13 34
6 13 36
6 13 40
6 13 43
6 13 44
6 13 47
6 13 50
6 13 54
6 13 55
6 13 58
6 13 59
6 13 60
6 13 65
6 13 72
6 13 73
6 13 75
6 18 15
6 18 20
6 18 21
6 18 22
6 18 23
6 18 25
6 18 29
6 18 34
6 18 36
6 18 40
6 18 44
6 18 50
6 18 54
6 18 55
6 18 58
6 18 59
6 18 60
6 18 65
6 18 72
6 18 73
6 18 75
6 19 4
6 19 5
6 19 15
6 19 20
6 19 21
6 19 22
6 19 23
6 19 25
6 19 29
6 19 34
6 19 36
6 19 40
6 19 43
6 19 44
6 19 47
6 19 50
6 19 54
6 19 55
6 19 58
6 19 59
6 19 60
6 19 65
6 19 72
6 19 73
6 19 75
6 27 5
6 27 21
6 27 23
6 27 25
6 27 29
6 27 34
6 27 36
6 27 44
6 27 50
6 27 59
6 27 60
6 27 65
6 27 72
6 27 73
6 27 75
6 32 4
6 32 5
6 32 15
6 32 20
6 32 21
6 32 22
6 32 23
6 32 29
6 32 34
6 32 36
6 32 40
6 32 43
6 32 47
6 32 50
6 32 54
6 32 55
6 32 58
6 32 59
6 32 60
6 32 65
6 32 72
6 32 73
6 32 75
6 35 5
6 35 15
6 35 20
6 35 21
6 35 23
6 35 25
6 35 29
6 35 34
6 35 36
6 35 40
6 35 43
6 35 50
6 35 54
6 35 55
6 35 58
6 35 59
6 35 60
6 35 65
6 35 72
6 35 73
6 35 75
6 37 4
6 37 5
6 37 15
6 37 20
6 37 21
6 37 22
6 37 23
6 37 29
6 37 34
6 37 36
6 37 40
6 37 43
6 37 44
6 37 47
6 37 50
6 37 54
6 37 55
6 37 58
6 37 59
6 37 60
6 37 65
6 37 72
6 37 73
6 37 75
6 42 4
6 42 5
6 42 15
6 42 20
6 42 21
6 42 22
6 42 23
6 42 25
6 42 29
6 42 34
6 42 36
6 42 40
6 42 43
6 42 44
6 42 47
6 42 50
6 42 54
6 42 55
6 42 58
6 42 59
6 42 60
6 42 65
6 42 72
6 42 73
6 42 75
6 48 4
6 48 5
6 48 21
6 48 23
6 48 25
6 48 29
6 48 34
6 48 36
6 48 40
6 48 43
6 48 44
6 48 47
6 48 50
6 48 54
6 48 55
6 48 58
6 48 59
6 48 60
6 48 65
6 48 72
6 48 73
6 48 75
6 49 4
6 49 5
6 49 15
6 49 20
6 49 21
6 49 22
6 49 23
6 49 25
6 49 29
6 49 34
6 49 36
6 49 40
6 49 44
6 49 47
6 49 50
6 49 58
6 49 59
6 49 60
6 49 65
6 49 72
6 49 73
6 49 75
6 53 15
6 53 20
6 53 21
6 53 22
6 53 23
6 53 29
6 53 34
6 53 36
6 53 40
6 53 44
6 53 47
6 53 50
6 53 54
6 53 55
6 53 58
6 53 59
6 53 60
6 53 65
6 53 72
6 53 73
6 53 75
6 61 4
6 61 15
6 61 20
6 61 21
6 61 22
6 61 29
6 61 36
6 61 40
6 61 43
6 61 44
6 61 47
6 61 54
6 61 55
6 61 58
6 61 59
6 61 60
6 61 65
6 61 72
6 61 73
6 67 4
6 67 5
6 67 15
6 67 20
6 67 21
6 67 25
6 67 29
6 67 34
6 67 36
6 67 40
6 67 43
6 67 44
6 67 47
6 67 50
6 67 54
6 67 55
6 67 58
6 67 59
6 67 60
6 67 65
6 67 72
6 67 73
6 70 15
6 70 20
6 70 21
6 70 22
6 70 25
6 70 29
6 70 34
6 70 36
6 70 40
6 70 44
6 70 47
6 70 50
6 70 54
6 70 55
6 70 58
6 70 59
6 70 60
6 70 65
6 70 72
6 70 73
6 70 75
6 71 20
6 71 21
6 71 25
6 71 29
6 71 34
6 71 40
6 71 44
6 71 50
6 71 54
6 71 55
6 71 58
6 71 59
6 71 60
6 71 65
6 71 72
6 71 73
6 71 75
6 77 4
6 77 15
6 77 20
6 77 21
6 77 22
6 77 23
6 77 25
6 77 29
6 77 34
6 77 36
6 77 40
6 77 43
6 77 44
6 77 47
6 77 50
6 77 54
6 77 55
6 77 59
6 77 60
6 77 65
6 77 72
6 77 73
6 77 75
7 3 4
7 3 5
7 3 15
7 3 20
7 3 21
7 3 22
7 3 23
7 3 25
7 3 29
7 3 34
7 3 36
7 3 38
7 3 40
7 3 44
7 3 47
7 3 50
7 3 55
7 3 58
7 3 59
7 3 60
7 3 65
7 3 72
7 3 73
7 3 75
7 13 4
7 13 5
7 13 15
7 13 20
7 13 21
7 13 22
7 13 23
7 13 25
7 13 29
7 13 34
7 13 36
7 13 38
7 13 40
7 13 43
7 13 44
7 13 46
7 13 47
7 13 50
7 13 54
7 13 55
7 13 58
7 13 59
7 13 60
7 13 65
7 13 72
7 13 73
7 13 75
7 18 15
7 18 20
7 18 21
7 18 22
7 18 23
7 18 25
7 18 29
7 18 34
7 18 36
7 18 38
7 18 40
7 18 44
7 18 50
7 18 54
7 18 55
7 18 58
7 18 59
7 18 60
7 18 65
7 18 72
7 18 73
7 18 75
7 19 4
7 19 5
7 19 15
7 19 20
7 19 21
7 19 22
7 19 23
7 19 25
7 19 29
7 19 34
7 19 36
7 19 38
7 19 40
7 19 43
7 19 44
7 19 46
7 19 47
7 19 50
7 19 54
7 19 55
7 19 58
7 19 59
7 19 60
7 19 65
7 19 72
7 19 73
7 19 75
7 27 5
7 27 21
7 27 23
7 27 25
7 27 29
7 27 34
7 27 36
7 27 44
7 27 46
7 27 50
7 27 59
7 27 60
7 27 65
7 27 72
7 27 73
7 27 75
7 31 4
7 31 5
7 31 15
7 31 20
7 31 21
7 31 25
7 31 29
7 31 34
7 31 36
7 31 38
7 31 40
7 31 43
7 31 44
7 31 47
7 31 50
7 31 54
7 31 55
7 31 59
7 31 60
7 31 65
7 31 72
7 31 73
7 31 75
7 32 4
7 32 5
7 32 15
7 32 20
7 32 21
7 32 22
7 32 23
7 32 29
7 32 34
7 32 36
7 32 38
7 32 40
7 32 43
7 32 46
7 32 47
7 32 50
7 32 54
7 32 55
7 32 58
7 32 59
7 32 60
7 32 65
7 32 72
7 32 73
7 32 75
7 35 5
7 35 15
7 35 20
7 35 21
7 35 23
7 35 25
7 35 29
7 35 34
7 35 36
7 35 38
7 35 40
7 35 43
7 35 46
7 35 50
7 35 54
7 35 55
7 35 58
7 35 59
7 35 60
7 35 65
7 35 72
7 35 73
7 35 75
7 37 4
7 37 5
7 37 15
7 37 20
7 37 21
7 37 22
7 37 23
7 37 29
7 37 34
7 37 36
7 37 38
7 37 40
7 37 43
7 37 44
7 37 46
7 37 47
7 37 50
7 37 54
7 37 55
7 37 58
7 37 59
7 37 60
7 37 65
7 37 72
7 37 73
7 37 75
7 39 4
7 39 5
7 39 15
7 39 20
7 39 21
7 39 22
7 39 23
7 39 29
7 39 34
7 39 36
7 39 38
7 39 40
7 39 46
7 39 47
7 39 50
7 39 55
7 39 58
7 39 59
7 39 60
7 39 65
7 39 72
7 39 73
7 39 75
7 42 4
7 42 5
7 42 15
7 42 20
7 42 21
7 42 22
7 42 23
7 42 25
7 42 29
7 42 34
7 42 36
7 42 38
7 42 40
7 42 43
7 42 44
7 42 46
7 42 47
7 42 50
7 42 54
7 42 55
7 42 58
7 42 59
7 42 60
7 42 65
7 42 72
7 42 73
7 42 75
7 48 4
7 48 5
7 48 21
7 48 23
7 48 25
7 48 29
7 48 34
7 48 36
7 48 40
7 48 43
7 48 44
7 48 47
7 48 50
7 48 54
7 48 55
7 48 58
7 48 59
7 48 60
7 48 65
7 48 72
7 48 73
7 48 75
7 49 4
7 49 5
7 49 15
7 49 20
7 49 21
7 49 22
7 49 23
7 49 25
7 49 29
7 49 34
7 49 36
7 49 38
7 49 40
7 49 44
7 49 46
7 49 47
7 49 50
7 49 58
7 49 59
7 49 60
7 49 65
7 49 72
7 49 73
7 49 75
7 53 15
7 53 20
7 53 21
7 53 22
7 53 23
7 53 29
7 53 34
7 53 36
7 53 38
7 53 40
7 53 44
7 53 46
7 53 47
7 53 50
7 53 54
7 53 55
7 53 58
7 53 59
7 53 60
7 53 65
7 53 72
7 53 73
7 53 75
7 61 4
7 61 15
7 61 20
7 61 21
7 61 22
7 61 29
7 61 36
7 61 38
7 61 40
7 61 43
7 61 44
7 61 46
7 61 47
7 61 54
7 61 55
7 61 58
7 61 59
7 61 60
7 61 65
7 61 72
7 61 73
7 67 4
7 67 5
7 67 15
7 67 20
7 67 21
7 67 25
7 67 29
7 67 34
7 67 36
7 67 38
7 67 40
7 67 43
7 67 44
7 67 46
7 67 47
7 67 50
7 67 54
7 67 55
7 67 58
7 67 59
7 67 60
7 67 65
7 67 72
7 67 73
7 68 4
7 68 5
7 68 15
7 68 20
7 68 21
7 68 22
7 68 23
7 68 25
7 68 29
7 68 34
7 68 36
7 68 43
7 68 44
7 68 46
7 68 47
7 68 50
7 68 54
7 68 55
7 68 59
7 68 60
7 68 65
7 68 72
7 68 73
7 68 75
7 70 15
7 70 20
7 70 21
7 70 22
7 70 25
7 70 29
7 70 34
7 70 36
7 70 38
7 70 40
7 70 44
7 70 46
7 70 47
7 70 50
7 70 54
7 70 55
7 70 58
7 70 59
7 70 60
7 70 65
7 70 72
7 70 73
7 70 75
7 71 20
7 71 21
7 71 25
7 71 29
7 71 34
7 71 38
7 71 40
7 71 44
7 71 46
7 71 50
7 71 54
7 71 55
7 71 58
7 71 59
7 71 60
7 71 65
7 71 72
7 71 73
7 71 75
7 76 4
7 76 5
7 76 15
7 76 20
7 76 21
7 76 22
7 76 25
7 76 29
7 76 36
7 76 38
7 76 40
7 76 43
7 76 44
7 76 47
7 76 50
7 76 54
7 76 55
7 76 58
7 76 59
7 76 60
7 76 65
7 76 72
7 76 73
7 77 4
7 77 15
7 77 20
7 77 21
7 77 22
7 77 23
7 77 25
7 77 29
7 77 34
7 77 36
7 77 38
7 77 40
7 77 43
7 77 44
7 77 46
7 77 47
7 77 50
7 77 54
7 77 55
7 77 59
7 77 60
7 77 65
7 77 72
7 77 73
7 77 75
7 78 4
7 78 5
7 78 15
7 78 20
7 78 21
7 78 22
7 78 25
7 78 29
7 78 34
7 78 36
7 78 38
7 78 40
7 78 44
7 78 46
7 78 47
7 78 50
7 78 58
7 78 59
7 78 60
7 78 65
7 78 72
7 78 73
8 3 4
8 3 15
8 3 20
8 3 21
8 3 22
8 3 23
8 3 25
8 3 29
8 3 34
8 3 36
8 3 38
8 3 40
8 3 44
8 3 47
8 3 50
8 3 55
8 3 59
8 3 60
8 3 65
8 3 72
8 3 73
8 3 75
8 13 4
8 13 15
8 13 20
8 13 21
8 13 22
8 13 23
8 13 25
8 13 29
8 13 34
8 13 36
8 13 38
8 13 40
8 13 43
8 13 44
8 13 46
8 13 47
8 13 50
8 13 54
8 13 55
8 13 59
8 13 60
8 13 65
8 13 72
8 13 73
8 13 75
8 18 15
8 18 20
8 18 21
8 18 22
8 18 23
8 18 25
8 18 29
8 18 34
8 18 36
8 18 38
8 18 40
8 18 44
8 18 50
8 18 54
8 18 55
8 18 59
8 18 60
8 18 65
8 18 72
8 18 73
8 18 75
8 19 4
8 19 15
8 19 20
8 19 21
8 19 22
8 19 23
8 19 25
8 19 29
8 19 34
8 19 36
8 19 38
8 19 40
8 19 43
8 19 44
8 19 46
8 19 47
8 19 50
8 19 54
8 19 55
8 19 59
8 19 60
8 19 65
8 19 72
8 19 73
8 19 75
8 27 21
8 27 23
8 27 25
8 27 29
8 27 34
8 27 36
8 27 44
8 27 46
8 27 50
8 27 59
8 27 60
8 27 65
8 27 72
8 27 73
8 27 75
8 31 4
8 31 15
8 31 20
8 31 21
8 31 25
8 31 29
8 31 34
8 31 36
8 31 38
8 31 40
8 31 43
8 31 44
8 31 47
8 31 50
8 31 54
8 31 55
8 31 59
8 31 60
8 31 65
8 31 72
8 31 73
8 31 75
8 32 4
8 32 15
8 32 20
8 32 21
8 32 22
8 32 23
8 32 29
8 32 34
8 32 36
8 32 38
8 32 40
8 32 43
8 32 46
8 32 47
8 32 50
8 32 54
8 32 55
8 32 59
8 32 60
8 32 65
8 32 72
8 32 73
8 32 75
8 35 15
8 35 20
8 35 21
8 35 23
8 35 25
8 35 29
8 35 34
8 35 36
8 35 38
8 35 40
8 35 43
8 35 46
8 35 50
8 35 54
8 35 55
8 35 59
8 35 60
8 35 65
8 35 72
8 35 73
8 35 75
8 37 4
8 37 15
8 37 20
8 37 21
8 37 22
8 37 23
8 37 29
8 37 34
8 37 36
8 37 38
8 37 40
8 37 43
8 37 44
8 37 46
8 37 47
8 37 50
8 37 54
8 37 55
8 37 59
8 37 60
8 37 65
8 37 72
8 37 73
8 37 75
8 39 4
8 39 15
8 39 20
8 39 21
8 39 22
8 39 23
8 39 29
8 39 34
8 39 36
8 39 38
8 39 40
8 39 46
8 39 47
8 39 50
8 39 55
8 39 59
8 39 60
8 39 65
8 39 72
8 39 73
8 39 75
8 42 4
8 42 15
8 42 20
8 42 21
8 42 22
8 42 23
8 42 25
8 42 29
8 42 34
8 42 36
8 42 38
8 42 40
8 42 43
8 42 44
8 42 46
8 42 47
8 42 50
8 42 54
8 42 55
8 42 59
8 42 60
8 42 65
8 42 72
8 42 73
8 42 75
8 48 4
8 48 21
8 48 23
8 48 25
8 48 29
8 48 34
8 48 36
8 48 40
8 48 43
8 48 44
8 48 47
8 48 50
8 48 54
8 48 55
8 48 59
8 48 60
8 48 65
8 48 72
8 48 73
8 48 75
8 49 4
8 49 15
8 49 20
8 49 21
8 49 22
8 49 23
8 49 25
8 49 29
8 49 34
8 49 36
8 49 38
8 49 40
8 49 44
8 49 46
8 49 47
8 49 50
8 49 59
8 49 60
8 49 65
8 49 72
8 49 73
8 49 75
8 53 15
8 53 20
8 53 21
8 53 22
8 53 23
8 53 29
8 53 34
8 53 36
8 53 38
8 53 40
8 53 44
8 53 46
8 53 47
8 53 50
8 53 54
8 53 55
8 53 59
8 53 60
8 53 65
8 53 72
8 53 73
8 53 75
8 61 4
8 61 15
8 61 20
8 61 21
8 61 22
8 61 29
8 61 36
8 61 38
8 61 40
8 61 43
8 61 44
8 61 46
8 61 47
8 61 54
8 61 55
8 61 59
8 61 60
8 61 65
8 61 72
8 61 73
8 67 4
8 67 15
8 67 20
8 67 21
8 67 25
8 67 29
8 67 34
8 67 36
8 67 38
8 67 40
8 67 43
8 67 44
8 67 46
8 67 47
8 67 50
8 67 54
8 67 55
8 67 59
8 67 60
8 67 65
8 67 72
8 67 73
8 68 4
8 68 15
8 68 20
8 68 21
8 68 22
8 68 23
8 68 25
8 68 29
8 68 34
8 68 36
8 68 43
8 68 44
8 68 46
8 68 47
8 68 50
8 68 54
8 68 55
8 68 59
8 68 60
8 68 65
8 68 72
8 68 73
8 68 75
8 70 15
8 70 20
8 70 21
8 70 22
8 70 25
8 70 29
8 70 34
8 70 36
8 70 38
8 70 40
8 70 44
8 70 46
8 70 47
8 70 50
8 70 54
8 70 55
8 70 59
8 70 60
8 70 65
8 70 72
8 70 73
8 70 75
8 71 20
8 71 21
8 71 25
8 71 29
8 71 34
8 71 38
8 71 40
8 71 44
8 71 46
8 71 50
8 71 54
8 71 55
8 71 59
8 71 60
8 71 65
8 71 72
8 71 73
8 71 75
8 76 4
8 76 15
8 76 20
8 76 21
8 76 22
8 76 25
8 76 29
8 76 36
8 76 38
8 76 40
8 76 43
8 76 44
8 76 47
8 76 50
8 76 54
8 76 55
8 76 59
8 76 60
8 76 65
8 76 72
8 76 73
8 78 4
8 78 15
8 78 20
8 78 21
8 78 22
8 78 25
8 78 29
8 78 34
8 78 36
8 78 38
8 78 40
8 78 44
8 78 46
8 78 47
8 78 50
8 78 59
8 78 60
8 78 65
8 78 72
8 78 73
9 3 15
9 3 20
9 3 21
9 3 22
9 3 23
9 3 25
9 3 29
9 3 34
9 3 36
9 3 38
9 3 40
9 3 44
9 3 47
9 3 50
9 3 58
9 3 59
9 3 60
9 3 65
9 3 72
9 3 73
9 3 75
9 13 15
9 13 20
9 13 21
9 13 22
9 13 23
9 13 25
9 13 29
9 13 34
9 13 36
9 13 38
9 13 40
9 13 44
9 13 46
9 13 47
9 13 50
9 13 54
9 13 58
9 13 59
9 13 60
9 13 65
9 13 72
9 13 73
9 13 75
9 19 15
9 19 20
9 19 21
9 19 22
9 19 23
9 19 25
9 19 29
9 19 34
9 19 36
9 19 38
9 19 40
9 19 44
9 19 46
9 19 47
9 19 50
9 19 54
9 19 58
9 19 59
9 19 60
9 19 65
9 19 72
9 19 73
9 19 75
9 27 21
9 27 23
9 27 25
9 27 29
9 27 34
9 27 36
9 27 44
9 27 46
9 27 50
9 27 59
9 27 60
9 27 65
9 27 72
9 27 73
9 27 75
9 31 15
9 31 20
9 31 21
9 31 25
9 31 29
9 31 34
9 31 36
9 31 38
9 31 40
9 31 44
9 31 47
9 31 50
9 31 54
9 31 59
9 31 60
9 31 65
9 31 72
9 31 73
9 31 75
9 32 15
9 32 20
9 32 21
9 32 22
9 32 23
9 32 29
9 32 34
9 32 36
9 32 38
9 32 40
9 32 46
9 32 47
9 32 50
9 32 54
9 32 58
9 32 59
9 32 60
9 32 65
9 32 72
9 32 73
9 32 75
9 35 15
9 35 20
9 35 21
9 35 23
9 35 25
9 35 29
9 35 34
9 35 36
9 35 38
9 35 40
9 35 46
9 35 50
9 35 54
9 35 58
9 35 59
9 35 60
9 35 65
9 35 72
9 35 73
9 35 75
9 37 15
9 37 20
9 37 21
9 37 22
9 37 23
9 37 29
9 37 34
9 37 36
9 37 38
9 37 40
9 37 44
9 37 46
9 37 47
9 37 50
9 37 54
9 37 58
9 37 59
9 37 60
9 37 65
9 37 72
9 37 73
9 37 75
9 39 15
9 39 20
9 39 21
9 39 22
9 39 23
9 39 29
9 39 34
9 39 36
9 39 38
9 39 40
9 39 46
9 39 47
9 39 50
9 39 58
9 39 59
9 39 60
9 39 65
9 39 72
9 39 73
9 39 75
9 42 15
9 42 20
9 42 21
9 42 22
9 42 23
9 42 25
9 42 29
9 42 34
9 42 36
9 42 38
9 42 40
9 42 44
9 42 46
9 42 47
9 42 50
9 42 54
9 42 58
9 42 59
9 42 60
9 42 65
9 42 72
9 42 73
9 42 75
9 48 21
9 48 23
9 48 25
9 48 29
9 48 34
9 48 36
9 48 40
9 48 44
9 48 47
9 48 50
9 48 54
9 48 58
9 48 59
9 48 60
9 48 65
9 48 72
9 48 73
9 48 75
9 61 15
9 61 20
9 61 21
9 61 22
9 61 29
9 61 36
9 61 38
9 61 40
9 61 44
9 61 46
9 61 47
9 61 54
9 61 58
9 61 59
9 61 60
9 61 65
9 61 72
9 61 73
9 67 15
9 67 20
9 67 21
9 67 25
9 67 29
9 67 34
9 67 36
9 67 38
9 67 40
9 67 44
9 67 46
9 67 47
9 67 50
9 67 54
9 67 58
9 67 59
9 67 60
9 67 65
9 67 72
9 67 73
9 68 15
9 68 20
9 68 21
9 68 22
9 68 23
9 68 25
9 68 29
9 68 34
9 68 36
9 68 44
9 68 46
9 68 47
9 68 50
9 68 54
9 68 59
9 68 60
9 68 65
9 68 72
9 68 73
9 68 75
9 76 15
9 76 20
9 76 21
9 76 22
9 76 25
9 76 29
9 76 36
9 76 38
9 76 40
9 76 44
9 76 47
9 76 50
9 76 54
9 76 58
9 76 59
9 76 60
9 76 65
9 76 72
9 76 73
9 77 15
9 77 20
9 77 21
9 77 22
9 77 23
9 77 25
9 77 29
9 77 34
9 77 36
9 77 38
9 77 40
9 77 44
9 77 46
9 77 47
9 77 50
9 77 54
9 77 59
9 77 60
9 77 65
9 77 72
9 77 73
9 77 75
10 3 4
10 3 5
10 3 15
10 3 20
10 3 21
10 3 22
10 3 23
10 3 29
10 3 34
10 3 36
10 3 40
10 3 44
10 3 47
10 3 50
10 3 58
10 3 59
10 3 60
10 3 65
10 3 72
10 3 73
10 3 75
10 13 4
10 13 5
10 13 15
10 13 20
10 13 21
10 13 22
10 13 23
10 13 29
10 13 34
10 13 36
10 13 40
10 13 43
10 13 44
10 13 46
10 13 47
10 13 50
10 13 54
10 13 58
10 13 59
10 13 60
10 13 65
10 13 72
10 13 73
10 13 75
10 18 15
10 18 20
10 18 21
10 18 22
10 18 23
10 18 29
10 18 34
10 18 36
10 18 40
10 18 44
10 18 50
10 18 54
10 18 58
10 18 59
10 18 60
10 18 65
10 18 72
10 18 73
10 18 75
10 19 4
10 19 5
10 19 15
10 19 20
10 19 21
10 19 22
10 19 23
10 19 29
10 19 34
10 19 36
10 19 40
10 19 43
10 19 44
10 19 46
10 19 47
10 19 50
10 19 54
10 19 58
10 19 59
10 19 60
10 19 65
10 19 72
10 19 73
10 19 75
10 27 5
10 27 21
10 27 23
10 27 29
10 27 34
10 27 36
10 27 44
10 27 46
10 27 50
10 27 59
10 27 60
10 27 65
10 27 72
10 27 73
10 27 75
10 31 4
10 31 5
10 31 15
10 31 20
10 31 21
10 31 29
10 31 34
10 31 36
10 31 40
10 31 43
10 31 44
10 31 47
10 31 50
10 31 54
10 31 59
10 31 60
10 31 65
10 31 72
10 31 73
10 31 75
10 35 5
10 35 15
10 35 20
10 35 21
10 35 23
10 35 29
10 35 34
10 35 36
10 35 40
10 35 43
10 35 46
10 35 50
10 35 54
10 35 58
10 35 59
10 35 60
10 35 65
10 35 72
10 35 73
10 35 75
10 37 4
10 37 5
10 37 15
10 37 20
10 37 21
10 37 22
10 37 23
10 37 29
10 37 34
10 37 36
10 37 40
10 37 43
10 37 44
10 37 46
10 37 47
10 37 50
10 37 54
10 37 58
10 37 59
10 37 60
10 37 65
10 37 72
10 37 73
10 37 75
10 39 4
10 39 5
10 39 15
10 39 20
10 39 21
10 39 22
10 39 23
10 39 29
10 39 34
10 39 36
10 39 40
10 39 46
10 39 47
10 39 50
10 39 58
10 39 59
10 39 60
10 39 65
10 39 72
10 39 73
10 39 75
10 42 4
10 42 5
10 42 15
10 42 20
10 42 21
10 42 22
10 42 23
10 42 29
10 42 34
10 42 36
10 42 40
10 42 43
10 42 44
10 42 46
10 42 47
10 42 50
10 42 54
10 42 58
10 42 59
10 42 60
10 42 65
10 42 72
10 42 73
10 42 75
10 48 4
10 48 5
10 48 21
10 48 23
10 48 29
10 48 34
10 48 36
10 48 40
10 48 43
10 48 44
10 48 47
10 48 50
10 48 54
10 48 58
10 48 59
10 48 60
10 48 65
10 48 72
10 48 73
10 48 75
10 67 4
10 67 5
10 67 15
10 67 20
10 67 21
10 67 29
10 67 34
10 67 36
10 67 40
10 67 43
10 67 44
10 67 46
10 67 47
10 67 50
10 67 54
10 67 58
10 67 59
10 67 60
10 67 65
10 67 72
10 67 73
10 70 15
10 70 20
10 70 21
10 70 22
10 70 29
10 70 34
10 70 36
10 70 40
10 70 44
10 70 46
10 70 47
10 70 50
10 70 54
10 70 58
10 70 59
10 70 60
10 70 65
10 70 72
10 70 73
10 70 75
10 71 20
10 71 21
10 71 29
10 71 34
10 71 40
10 71 44
10 71 46
10 71 50
10 71 54
10 71 58
10 71 59
10 71 60
10 71 65
10 71 72
10 71 73
10 71 75
10 76 4
10 76 5
10 76 15
10 76 20
10 76 21
10 76 22
10 76 29
10 76 36
10 76 40
10 76 43
10 76 44
10 76 47
10 76 50
10 76 54
10 76 58
10 76 59
10 76 60
10 76 65
10 76 72
10 76 73
10 77 4
10 77 15
10 77 20
10 77 21
10 77 22
10 77 23
10 77 29
10 77 34
10 77 36
10 77 40
10 77 43
10 77 44
10 77 46
10 77 47
10 77 50
10 77 54
10 77 59
10 77 60
10 77 65
10 77 72
10 77 73
10 77 75
11 3 4
11 3 5
11 3 15
11 3 20
11 3 21
11 3 22
11 3 23
11 3 25
11 3 29
11 3 34
11 3 36
11 3 38
11 3 40
11 3 44
11 3 47
11 3 50
11 3 55
11 3 58
11 3 59
11 3 60
11 3 65
11 3 72
11 3 73
11 3 75
11 13 4
11 13 5
11 13 15
11 13 20
11 13 21
11 13 22
11 13 23
11 13 25
11 13 29
11 13 34
11 13 36
11 13 38
11 13 40
11 13 43
11 13 44
11 13 46
11 13 47
11 13 50
11 13 54
11 13 55
11 13 58
11 13 59
11 13 60
11 13 65
11 13 72
11 13 73
11 13 75
11 18 15
11 18 20
11 18 21
11 18 22
11 18 23
11 18 25
11 18 29
11 18 34
11 18 36
11 18 38
11 18 40
11 18 44
11 18 50
11 18 54
11 18 55
11 18 58
11 18 59
11 18 60
11 18 65
11 18 72
11 18 73
11 18 75
11 19 4
11 19 5
11 19 15
11 19 20
11 19 21
11 19 22
11 19 23
11 19 25
11 19 29
11 19 34
11 19 36
11 19 38
11 19 40
11 19 43
11 19 44
11 19 46
11 19 47
11 19 50
11 19 54
11 19 55
11 19 58
11 19 59
11 19 60
11 19 65
11 19 72
11 19 73
11 19 75
11 27 5
11 27 21
11 27 23
11 27 25
11 27 29
11 27 34
11 27 36
11 27 44
11 27 46
11 27 50
11 27 59
11 27 60
11 27 65
11 27 72
11 27 73
11 27 75
11 31 4
11 31 5
11 31 15
11 31 20
11 31 21
11 31 25
11 31 29
11 31 34
11 31 36
11 31 38
11 31 40
11 31 43
11 31 44
11 31 47
11 31 50
11 31 54
11 31 55
11 31 59
11 31 60
11 31 65
11 31 72
11 31 73
11 31 75
11 32 4
11 32 5
11 32 15
11 32 20
11 32 21
11 32 22
11 32 23
11 32 29
11 32 34
11 32 36
11 32 38
11 32 40
11 32 43
11 32 46
11 32 47
11 32 50
11 32 54
11 32 55
11 32 58
11 32 59
11 32 60
11 32 65
11 32 72
11 32 73
11 32 75
11 35 5
11 35 15
11 35 20
11 35 21
11 35 23
11 35 25
11 35 29
11 35 34
11 35 36
11 35 38
11 35 40
11 35 43
11 35 46
11 35 50
11 35 54
11 35 55
11 35 58
11 35 59
11 35 60
11 35 65
11 35 72
11 35 73
11 35 75
11 37 4
11 37 5
11 37 15
11 37 20
11 37 21
11 37 22
11 37 23
11 37 29
11 37 34
11 37 36
11 37 38
11 37 40
11 37 43
11 37 44
11 37 46
11 37 47
11 37 50
11 37 54
11 37 55
11 37 58
11 37 59
11 37 60
11 37 65
11 37 72
11 37 73
11 37 75
11 39 4
11 39 5
11 39 15
11 39 20
11 39 21
11 39 22
11 39 23
11 39 29
11 39 34
11 39 36
11 39 38
11 39 40
11 39 46
11 39 47
11 39 50
11 39 55
11 39 58
11 39 59
11 39 60
11 39 65
11 39 72
11 39 73
11 39 75
11 42 4
11 42 5
11 42 15
11 42 20
11 42 21
11 42 22
11 42 23
11 42 25
11 42 29
11 42 34
11 42 36
11 42 38
11 42 40
11 42 43
11 42 44
11 42 46
11 42 47
11 42 50
11 42 54
11 42 55
11 42 58
11 42 59
11 42 60
11 42 65
11 42 72
11 42 73
11 42 75
11 48 4
11 48 5
11 48 21
11 48 23
11 48 25
11 48 29
11 48 34
11 48 36
11 48 40
11 48 43
11 48 44
11 48 47
11 48 50
11 48 54
11 48 55
11 48 58
11 48 59
11 48 60
11 48 65
11 48 72
11 48 73
11 48 75
11 49 4
11 49 5
11 49 15
11 49 20
11 49 21
11 49 22
11 49 23
11 49 25
11 49 29
11 49 34
11 49 36
11 49 38
11 49 40
11 49 44
11 49 46
11 49 47
11 49 50
11 49 58
11 49 59
11 49 60
11 49 65
11 49 72
11 49 73
11 49 75
11 53 15
11 53 20
11 53 21
11 53 22
11 53 23
11 53 29
11 53 34
11 53 36
11 53 38
11 53 40
11 53 44
11 53 46
11 53 47
11 53 50
11 53 54
11 53 55
11 53 58
11 53 59
11 53 60
11 53 65
11 53 72
11 53 73
11 53 75
11 61 4
11 61 15
11 61 20
11 61 21
11 61 22
11 61 29
11 61 36
11 61 38
11 61 40
11 61 43
11 61 44
11 61 46
11 61 47
11 61 54
11 61 55
11 61 58
11 61 59
11 61 60
11 61 65
11 61 72
11 61 73
11 67 4
11 67 5
11 67 15
11 67 20
11 67 21
11 67 25
11 67 29
11 67 34
11 67 36
11 67 38
11 67 40
11 67 43
11 67 44
11 67 46
11 67 47
11 67 50
11 67 54
11 67 55
11 67 58
11 67 59
11 67 60
11 67 65
11 67 72
11 67 73
11 68 4
11 68 5
11 68 15
11 68 20
11 68 21
11 68 22
11 68 23
11 68 25
11 68 29
11 68 34
11 68 36
11 68 43
11 68 44
11 68 46
11 68 47
11 68 50
11 68 54
11 68 55
11 68 59
11 68 60
11 68 65
11 68 72
11 68 73
11 68 75
11 70 15
11 70 20
11 70 21
11 70 22
11 70 25
11 70 29
11 70 34
11 70 36
11 70 38
11 70 40
11 70 44
11 70 46
11 70 47
11 70 50
11 70 54
11 70 55
11 70 58
11 70 59
11 70 60
11 70 65
11 70 72
11 70 73
11 70 75
11 71 20
11 71 21
11 71 25
11 71 29
11 71 34
11 71 38
11 71 40
11 71 44
11 71 46
11 71 50
11 71 54
11 71 55
11 71 58
11 71 59
11 71 60
11 71 65
11 71 72
11 71 73
11 71 75
11 76 4
11 76 5
11 76 15
11 76 20
11 76 21
11 76 22
11 76 25
11 76 29
11 76 36
11 76 38
11 76 40
11 76 43
11 76 44
11 76 47
11 76 50
11 76 54
11 76 55
11 76 58
11 76 59
11 76 60
11 76 65
11 76 72
11 76 73
11 77 4
11 77 15
11 77 20
11 77 21
11 77 22
11 77 23
11 77 25
11 77 29
11 77 34
11 77 36
11 77 38
11 77 40
11 77 43
11 77 44
11 77 46
11 77 47
11 77 50
11 77 54
11 77 55
11 77 59
11 77 60
11 77 65
11 77 72
11 77 73
11 77 75
11 78 4
11 78 5
11 78 15
11 78 20
11 78 21
11 78 22
11 78 25
11 78 29
11 78 34
11 78 36
11 78 38
11 78 40
11 78 44
11 78 46
11 78 47
11 78 50
11 78 58
11 78 59
11 78 60
11 78 65
11 78 72
11 78 73
12 3 15
12 3 20
12 3 21
12 3 22
12 3 23
12 3 29
12 3 34
12 3 36
12 3 38
12 3 40
12 3 47
12 3 50
12 3 55
12 3 58
12 3 59
12 3 60
12 3 65
12 3 72
12 3 73
12 3 75
12 13 15
12 13 20
12 13 21
12 13 22
12 13 23
12 13 29
12 13 34
12 13 36
12 13 38
12 13 40
12 13 46
12 13 47
12 13 50
12 13 54
12 13 55
12 13 58
12 13 59
12 13 60
12 13 65
12 13 72
12 13 73
12 13 75
12 19 15
12 19 20
12 19 21
12 19 22
12 19 23
12 19 29
12 19 34
12 19 36
12 19 38
12 19 40
12 19 46
12 19 47
12 19 50
12 19 54
12 19 55
12 19 58
12 19 59
12 19 60
12 19 65
12 19 72
12 19 73
12 19 75
12 27 21
12 27 23
12 27 29
12 27 34
12 27 36
12 27 46
12 27 50
12 27 59
12 27 60
12 27 65
12 27 72
12 27 73
12 27 75
12 31 15
12 31 20
12 31 21
12 31 29
12 31 34
12 31 36
12 31 38
12 31 40
12 31 47
12 31 50
12 31 54
12 31 55
12 31 59
12 31 60
12 31 65
12 31 72
12 31 73
12 31 75
12 35 15
12 35 20
12 35 21
12 35 23
12 35 29
12 35 34
12 35 36
12 35 38
12 35 40
12 35 46
12 35 50
12 35 54
12 35 55
12 35 58
12 35 59
12 35 60
12 35 65
12 35 72
12 35 73
12 35 75
12 37 15
12 37 20
12 37 21
12 37 22
12 37 23
12 37 29
12 37 34
12 37 36
12 37 38
12 37 40
12 37 46
12 37 47
12 37 50
12 37 54
12 37 55
12 37 58
12 37 59
12 37 60
12 37 65
12 37 72
12 37 73
12 37 75
12 39 15
12 39 20
12 39 21
12 39 22
12 39 23
12 39 29
12 39 34
12 39 36
12 39 38
12 39 40
12 39 46
12 39 47
12 39 50
12 39 55
12 39 58
12 39 59
12 39 60
12 39 65
12 39 72
12 39 73
12 39 75
12 42 15
12 42 20
12 42 21
12 42 22
12 42 23
12 42 29
12 42 34
12 42 36
12 42 38
12 42 40
12 42 46
12 42 47
12 42 50
12 42 54
12 42 55
12 42 58
12 42 59
12 42 60
12 42 65
12 42 72
12 42 73
12 42 75
12 48 21
12 48 23
12 48 29
12 48 34
12 48 36
12 48 40
12 48 47
12 48 50
12 48 54
12 48 55
12 48 58
12 48 59
12 48 60
12 48 65
12 48 72
12 48 73
12 48 75
12 49 15
12 49 20
12 49 21
12 49 22
12 49 23
12 49 29
12 49 34
12 49 36
12 49 38
12 49 40
12 49 46
12 49 47
12 49 50
12 49 58
12 49 59
12 49 60
12 49 65
12 49 72
12 49 73
12 49 75
12 67 15
12 67 20
12 67 21
12 67 29
12 67 34
12 67 36
12 67 38
12 67 40
12 67 46
12 67 47
12 67 50
12 67 54
12 67 55
12 67 58
12 67 59
12 67 60
12 67 65
12 67 72
12 67 73
12 68 15
12 68 20
12 68 21
12 68 22
12 68 23
12 68 29
12 68 34
12 68 36
12 68 46
12 68 47
12 68 50
12 68 54
12 68 55
12 68 59
12 68 60
12 68 65
12 68 72
12 68 73
12 68 75
12 76 15
12 76 20
12 76 21
12 76 22
12 76 29
12 76 36
12 76 38
12 76 40
12 76 47
12 76 50
12 76 54
12 76 55
12 76 58
12 76 59
12 76 60
12 76 65
12 76 72
12 76 73
12 77 15
12 77 20
12 77 21
12 77 22
12 77 23
12 77 29
12 77 34
12 77 36
12 77 38
12 77 40
12 77 46
12 77 47
12 77 50
12 77 54
12 77 55
12 77 59
12 77 60
12 77 65
12 77 72
12 77 73
12 77 75
12 78 15
12 78 20
12 78 21
12 78 22
12 78 29
12 78 34
12 78 36
12 78 38
12 78 40
12 78 46
12 78 47
12 78 50
12 78 58
12 78 59
12 78 60
12 78 65
12 78 72
12 78 73
14 13 4
14 13 5
14 13 15
14 13 20
14 13 21
14 13 22
14 13 23
14 13 25
14 13 29
14 13 34
14 13 36
14 13 38
14 13 40
14 13 43
14 13 44
14 13 47
14 13 50
14 13 54
14 13 58
14 13 59
14 13 60
14 13 65
14 13 72
14 13 73
14 13 75
14 19 4
14 19 5
14 19 15
14 19 20
14 19 21
14 19 22
14 19 23
14 19 25
14 19 29
14 19 34
14 19 36
14 19 38
14 19 40
14 19 43
14 19 44
14 19 47
14 19 50
14 19 54
14 19 58
14 19 59
14 19 60
14 19 65
14 19 72
14 19 73
14 19 75
14 27 5
14 27 21
14 27 23
14 27 25
14 27 29
14 27 34
14 27 36
14 27 44
14 27 50
14 27 59
14 27 60
14 27 65
14 27 72
14 27 73
14 27 75
14 35 5
14 35 15
14 35 20
14 35 21
14 35 23
14 35 25
14 35 29
14 35 34
14 35 36
14 35 38
14 35 40
14 35 43
14 35 50
14 35 54
14 35 58
14 35 59
14 35 60
14 35 65
14 35 72
14 35 73
14 35 75
14 37 4
14 37 5
14 37 15
14 37 20
14 37 21
14 37 22
14 37 23
14 37 29
14 37 34
14 37 36
14 37 38
14 37 40
14 37 43
14 37 44
14 37 47
14 37 50
14 37 54
14 37 58
14 37 59
14 37 60
14 37 65
14 37 72
14 37 73
14 37 75
14 39 4
14 39 5
14 39 15
14 39 20
14 39 21
14 39 22
14 39 23
14 39 29
14 39 34
14 39 36
14 39 38
14 39 40
14 39 47
14 39 50
14 39 58
14 39 59
14 39 60
14 39 65
14 39 72
14 39 73
14 39 75
14 42 4
14 42 5
14 42 15
14 42 20
14 42 21
14 42 22
14 42 23
14 42 25
14 42 29
14 42 34
14 42 36
14 42 38
14 42 40
14 42 43
14 42 44
14 42 47
14 42 50
14 42 54
14 42 58
14 42 59
14 42 60
14 42 65
14 42 72
14 42 73
14 42 75
14 48 4
14 48 5
14 48 21
14 48 23
14 48 25
14 48 29
14 48 34
14 48 36
14 48 40
14 48 43
14 48 44
14 48 47
14 48 50
14 48 54
14 48 58
14 48 59
14 48 60
14 48 65
14 48 72
14 48 73
14 48 75
14 53 15
14 53 20
14 53 21
14 53 22
14 53 23
14 53 29
14 53 34
14 53 36
14 53 38
14 53 40
14 53 44
14 53 47
14 53 50
14 53 54
14 53 58
14 53 59
14 53 60
14 53 65
14 53 72
14 53 73
14 53 75
14 61 4
14 61 15
14 61 20
14 61 21
14 61 22
14 61 29
14 61 36
14 61 38
14 61 40
14 61 43
14 61 44
14 61 47
14 61 54
14 61 58
14 61 59
14 61 60
14 61 65
14 61 72
14 61 73
14 67 4
14 67 5
14 67 15
14 67 20
14 67 21
14 67 25
14 67 29
14 67 34
14 67 36
14 67 38
14 67 40
14 67 43
14 67 44
14 67 47
14 67 50
14 67 54
14 67 58
14 67 59
14 67 60
14 67 65
14 67 72
14 67 73
14 68 4
14 68 5
14 68 15
14 68 20
14 68 21
14 68 22
14 68 23
14 68 25
14 68 29
14 68 34
14 68 36
14 68 43
14 68 44
14 68 47
14 68 50
14 68 54
14 68 59
14 68 60
14 68 65
14 68 72
14 68 73
14 68 75
14 70 15
14 70 20
14 70 21
14 70 22
14 70 25
14 70 29
14 70 34
14 70 36
14 70 38
14 70 40
14 70 44
14 70 47
14 70 50
14 70 54
14 70 58
14 70 59
14 70 60
14 70 65
14 70 72
14 70 73
14 70 75
14 71 20
14 71 21
14 71 25
14 71 29
14 71 34
14 71 38
14 71 40
14 71 44
14 71 50
14 71 54
14 71 58
14 71 59
14 71 60
14 71 65
14 71 72
14 71 73
14 71 75
16 3 4
16 3 5
16 3 20
16 3 21
16 3 22
16 3 29
16 3 38
16 3 40
16 3 44
16 3 47
16 3 58
16 3 59
16 3 60
16 3 65
16 3 72
16 3 73
16 3 75
16 13 4
16 13 5
16 13 20
16 13 21
16 13 22
16 13 29
16 13 38
16 13 40
16 13 44
16 13 46
16 13 47
16 13 58
16 13 59
16 13 60
16 13 65
16 13 72
16 13 73
16 13 75
16 18 20
16 18 21
16 18 22
16 18 29
16 18 38
16 18 40
16 18 44
16 18 58
16 18 59
16 18 60
16 18 65
16 18 72
16 18 73
16 18 75
16 19 4
16 19 5
16 19 20
16 19 21
16 19 22
16 19 29
16 19 38
16 19 40
16 19 44
16 19 46
16 19 47
16 19 58
16 19 59
16 19 60
16 19 65
16 19 72
16 19 73
16 19 75
16 31 4
16 31 5
16 31 20
16 31 21
16 31 29
16 31 38
16 31 40
16 31 44
16 31 47
16 31 59
16 31 60
16 31 65
16 31 72
16 31 73
16 31 75
16 32 4
16 32 5
16 32 20
16 32 21
16 32 22
16 32 29
16 32 38
16 32 40
16 32 46
16 32 47
16 32 58
16 32 59
16 32 60
16 32 65
16 32 72
16 32 73
16 32 75
16 35 5
16 35 20
16 35 21
16 35 29
16 35 38
16 35 40
16 35 46
16 35 58
16 35 59
16 35 60
16 35 65
16 35 72
16 35 73
16 35 75
16 37 4
16 37 5
16 37 20
16 37 21
16 37 22
16 37 29
16 37 38
16 37 40
16 37 44
16 37 46
16 37 47
16 37 58
16 37 59
16 37 60
16 37 65
16 37 72
16 37 73
16 37 75
16 39 4
16 39 5
16 39 20
16 39 21
16 39 22
16 39 29
16 39 38
16 39 40
16 39 46
16 39 47
16 39 58
16 39 59
16 39 60
16 39 65
16 39 72
16 39 73
16 39 75
16 42 4
16 42 5
16 42 20
16 42 21
16 42 22
16 42 29
16 42 38
16 42 40
16 42 44
16 42 46
16 42 47
16 42 58
16 42 59
16 42 60
16 42 65
16 42 72
16 42 73
16 42 75
16 48 4
16 48 5
16 48 21
16 48 29
16 48 40
16 48 44
16 48 47
16 48 58
16 48 59
16 48 60
16 48 65
16 48 72
16 48 73
16 48 75
16 53 20
16 53 21
16 53 22
16 53 29
16 53 38
16 53 40
16 53 44
16 53 46
16 53 47
16 53 58
16 53 59
16 53 60
16 53 65
16 53 72
16 53 73
16 53 75
16 68 4
16 68 5
16 68 20
16 68 21
16 68 22
16 68 29
16 68 44
16 68 46
16 68 47
16 68 59
16 68 60
16 68 65
16 68 72
16 68 73
16 68 75
16 77 4
16 77 20
16 77 21
16 77 22
16 77 29
16 77 38
16 77 40
16 77 44
16 77 46
16 77 47
16 77 59
16 77 60
16 77 65
16 77 72
16 77 73
16 77 75
17 3 4
17 3 5
17 3 15
17 3 20
17 3 21
17 3 22
17 3 23
17 3 25
17 3 29
17 3 34
17 3 36
17 3 38
17 3 40
17 3 44
17 3 47
17 3 50
17 3 55
17 3 58
17 3 59
17 3 60
17 3 65
17 3 72
17 3 73
17 3 75
17 13 4
17 13 5
17 13 15
17 13 20
17 13 21
17 13 22
17 13 23
17 13 25
17 13 29
17 13 34
17 13 36
17 13 38
17 13 40
17 13 43
17 13 44
17 13 47
17 13 50
17 13 54
17 13 55
17 13 58
17 13 59
17 13 60
17 13 65
17 13 72
17 13 73
17 13 75
17 19 4
17 19 5
17 19 15
17 19 20
17 19 21
17 19 22
17 19 23
17 19 25
17 19 29
17 19 34
17 19 36
17 19 38
17 19 40
17 19 43
17 19 44
17 19 47
17 19 50
17 19 54
17 19 55
17 19 58
17 19 59
17 19 60
17 19 65
17 19 72
17 19 73
17 19 75
17 27 5
17 27 21
17 27 23
17 27 25
17 27 29
17 27 34
17 27 36
17 27 44
17 27 50
17 27 59
17 27 60
17 27 65
17 27 72
17 27 73
17 27 75
17 31 4
17 31 5
17 31 15
17 31 20
17 31 21
17 31 25
17 31 29
17 31 34
17 31 36
17 31 38
17 31 40
17 31 43
17 31 44
17 31 47
17 31 50
17 31 54
17 31 55
17 31 59
17 31 60
17 31 65
17 31 72
17 31 73
17 31 75
17 32 4
17 32 5
17 32 15
17 32 20
17 32 21
17 32 22
17 32 23
17 32 29
17 32 34
17 32 36
17 32 38
17 32 40
17 32 43
17 32 47
17 32 50
17 32 54
17 32 55
17 32 58
17 32 59
17 32 60
17 32 65
17 32 72
17 32 73
17 32 75
17 35 5
17 35 15
17 35 20
17 35 21
17 35 23
17 35 25
17 35 29
17 35 34
17 35 36
17 35 38
17 35 40
17 35 43
17 35 50
17 35 54
17 35 55
17 35 58
17 35 59
17 35 60
17 35 65
17 35 72
17 35 73
17 35 75
17 37 4
17 37 5
17 37 15
17 37 20
17 37 21
17 37 22
17 37 23
17 37 29
17 37 34
17 37 36
17 37 38
17 37 40
17 37 43
17 37 44
17 37 47
17 37 50
17 37 54
17 37 55
17 37 58
17 37 59
17 37 60
17 37 65
17 37 72
17 37 73
17 37 75
17 39 4
17 39 5
17 39 15
17 39 20
17 39 21
17 39 22
17 39 23
17 39 29
17 39 34
17 39 36
17 39 38
17 39 40
17 39 47
17 39 50
17 39 55
17 39 58
17 39 59
17 39 60
17 39 65
17 39 72
17 39 73
17 39 75
17 42 4
17 42 5
17 42 15
17 42 20
17 42 21
17 42 22
17 42 23
17 42 25
17 42 29
17 42 34
17 42 36
17 42 38
17 42 40
17 42 43
17 42 44
17 42 47
17 42 50
17 42 54
17 42 55
17 42 58
17 42 59
17 42 60
17 42 65
17 42 72
17 42 73
17 42 75
17 49 4
17 49 5
17 49 15
17 49 20
17 49 21
17 49 22
17 49 23
17 49 25
17 49 29
17 49 34
17 49 36
17 49 38
17 49 40
17 49 44
17 49 47
17 49 50
17 49 58
17 49 59
17 49 60
17 49 65
17 49 72
17 49 73
17 49 75
17 53 15
17 53 20
17 53 21
17 53 22
17 53 23
17 53 29
17 53 34
17 53 36
17 53 38
17 53 40
17 53 44
17 53 47
17 53 50
17 53 54
17 53 55
17 53 58
17 53 59
17 53 60
17 53 65
17 53 72
17 53 73
17 53 75
17 61 4
17 61 15
17 61 20
17 61 21
17 61 22
17 61 29
17 61 36
17 61 38
17 61 40
17 61 43
17 61 44
17 61 47
17 61 54
17 61 55
17 61 58
17 61 59
17 61 60
17 61 65
17 61 72
17 61 73
17 67 4
17 67 5
17 67 15
17 67 20
17 67 21
17 67 25
17 67 29
17 67 34
17 67 36
17 67 38
17 67 40
17 67 43
17 67 44
17 67 47
17 67 50
17 67 54
17 67 55
17 67 58
17 67 59
17 67 60
17 67 65
17 67 72
17 67 73
17 68 4
17 68 5
17 68 15
17 68 20
17 68 21
17 68 22
17 68 23
17 68 25
17 68 29
17 68 34
17 68 36
17 68 43
17 68 44
17 68 47
17 68 50
17 68 54
17 68 55
17 68 59
17 68 60
17 68 65
17 68 72
17 68 73
17 68 75
17 70 15
17 70 20
17 70 21
17 70 22
17 70 25
17 70 29
17 70 34
17 70 36
17 70 38
17 70 40
17 70 44
17 70 47
17 70 50
17 70 54
17 70 55
17 70 58
17 70 59
17 70 60
17 70 65
17 70 72
17 70 73
17 70 75
17 71 20
17 71 21
17 71 25
17 71 29
17 71 34
17 71 38
17 71 40
17 71 44
17 71 50
17 71 54
17 71 55
17 71 58
17 71 59
17 71 60
17 71 65
17 71 72
17 71 73
17 71 75
17 76 4
17 76 5
17 76 15
17 76 20
17 76 21
17 76 22
17 76 25
17 76 29
17 76 36
17 76 38
17 76 40
17 76 43
17 76 44
17 76 47
17 76 50
17 76 54
17 76 55
17 76 58
17 76 59
17 76 60
17 76 65
17 76 72
17 76 73
17 77 4
17 77 15
17 77 20
17 77 21
17 77 22
17 77 23
17 77 25
17 77 29
17 77 34
17 77 36
17 77 38
17 77 40
17 77 43
17 77 44
17 77 47
17 77 50
17 77 54
17 77 55
17 77 59
17 77 60
17 77 65
17 77 72
17 77 73
17 77 75
17 78 4
17 78 5
17 78 15
17 78 20
17 78 21
17 78 22
17 78 25
17 78 29
17 78 34
17 78 36
17 78 38
17 78 40
17 78 44
17 78 47
17 78 50
17 78 58
17 78 59
17 78 60
17 78 65
17 78 72
17 78 73
24 13 4
24 13 5
24 13 20
24 13 21
24 13 22
24 13 25
24 13 29
24 13 34
24 13 38
24 13 40
24 13 44
24 13 46
24 13 47
24 13 50
24 13 55
24 13 58
24 13 59
24 13 60
24 13 65
24 13 72
24 13 73
24 13 75
24 18 20
24 18 21
24 18 22
24 18 25
24 18 29
24 18 34
24 18 38
24 18 40
24 18 44
24 18 50
24 18 55
24 18 58
24 18 59
24 18 60
24 18 65
24 18 72
24 18 73
24 18 75
24 19 4
24 19 5
24 19 20
24 19 21
24 19 22
24 19 25
24 19 29
24 19 34
24 19 38
24 19 40
24 19 44
24 19 46
24 19 47
24 19 50
24 19 55
24 19 58
24 19 59
24 19 60
24 19 65
24 19 72
24 19 73
24 19 75
24 27 5
24 27 21
24 27 25
24 27 29
24 27 34
24 27 44
24 27 46
24 27 50
24 27 59
24 27 60
24 27 65
24 27 72
24 27 73
24 27 75
24 31 4
24 31 5
24 31 20
24 31 21
24 31 25
24 31 29
24 31 34
24 31 38
24 31 40
24 31 44
24 31 47
24 31 50
24 31 55
24 31 59
24 31 60
24 31 65
24 31 72
24 31 73
24 31 75
24 32 4
24 32 5
24 32 20
24 32 21
24 32 22
24 32 29
24 32 34
24 32 38
24 32 40
24 32 46
24 32 47
24 32 50
24 32 55
24 32 58
24 32 59
24 32 60
24 32 65
24 32 72
24 32 73
24 32 75
24 35 5
24 35 20
24 35 21
24 35 25
24 35 29
24 35 34
24 35 38
24 35 40
24 35 46
24 35 50
24 35 55
24 35 58
24 35 59
24 35 60
24 35 65
24 35 72
24 35 73
24 35 75
24 37 4
24 37 5
24 37 20
24 37 21
24 37 22
24 37 29
24 37 34
24 37 38
24 37 40
24 37 44
24 37 46
24 37 47
24 37 50
24 37 55
24 37 58
24 37 59
24 37 60
24 37 65
24 37 72
24 37 73
24 37 75
24 42 4
24 42 5
24 42 20
24 42 21
24 42 22
24 42 25
24 42 29
24 42 34
24 42 38
24 42 40
24 42 44
24 42 46
24 42 47
24 42 50
24 42 55
24 42 58
24 42 59
24 42 60
24 42 65
24 42 72
24 42 73
24 42 75
24 48 4
24 48 5
24 48 21
24 48 25
24 48 29
24 48 34
24 48 40
24 48 44
24 48 47
24 48 50
24 48 55
24 48 58
24 48 59
24 48 60
24 48 65
24 48 72
24 48 73
24 48 75
24 49 4
24 49 5
24 49 20
24 49 21
24 49 22
24 49 25
24 49 29
24 49 34
24 49 38
24 49 40
24 49 44
24 49 46
24 49 47
24 49 50
24 49 58
24 49 59
24 49 60
24 49 65
24 49 72
24 49 73
24 49 75
24 53 20
24 53 21
24 53 22
24 53 29
24 53 34
24 53 38
24 53 40
24 53 44
24 53 46
24 53 47
24 53 50
24 53 55
24 53 58
24 53 59
24 53 60
24 53 65
24 53 72
24 53 73
24 53 75
24 61 4
24 61 20
24 61 21
24 61 22
24 61 29
24 61 38
24 61 40
24 61 44
24 61 46
24 61 47
24 61 55
24 61 58
24 61 59
24 61 60
24 61 65
24 61 72
24 61 73
24 68 4
24 68 5
24 68 20
24 68 21
24 68 22
24 68 25
24 68 29
24 68 34
24 68 44
24 68 46
24 68 47
24 68 50
24 68 55
24 68 59
24 68 60
24 68 65
24 68 72
24 68 73
24 68 75
24 77 4
24 77 20
24 77 21
24 77 22
24 77 25
24 77 29
24 77 34
24 77 38
24 77 40
24 77 44
24 77 46
24 77 47
24 77 50
24 77 55
24 77 59
24 77 60
24 77 65
24 77 72
24 77 73
24 77 75
24 78 4
24 78 5
24 78 20
24 78 21
24 78 22
24 78 25
24 78 29
24 78 34
24 78 38
24 78 40
24 78 44
24 78 46
24 78 47
24 78 50
24 78 58
24 78 59
24 78 60
24 78 65
24 78 72
24 78 73
26 3 5
26 3 15
26 3 20
26 3 21
26 3 22
26 3 23
26 3 25
26 3 29
26 3 36
26 3 38
26 3 40
26 3 50
26 3 55
26 3 58
26 3 59
26 3 60
26 3 65
26 3 72
26 3 73
26 13 5
26 13 15
26 13 20
26 13 21
26 13 22
26 13 23
26 13 25
26 13 29
26 13 36
26 13 38
26 13 40
26 13 43
26 13 46
26 13 50
26 13 54
26 13 55
26 13 58
26 13 59
26 13 60
26 13 65
26 13 72
26 13 73
26 18 15
26 18 20
26 18 21
26 18 22
26 18 23
26 18 25
26 18 29
26 18 36
26 18 38
26 18 40
26 18 50
26 18 54
26 18 55
26 18 58
26 18 59
26 18 60
26 18 65
26 18 72
26 18 73
26 19 5
26 19 15
26 19 20
26 19 21
26 19 22
26 19 23
26 19 25
26 19 29
26 19 36
26 19 38
26 19 40
26 19 43
26 19 46
26 19 50
26 19 54
26 19 55
26 19 58
26 19 59
26 19 60
26 19 65
26 19 72
26 19 73
26 31 5
26 31 15
26 31 20
26 31 21
26 31 25
26 31 29
26 31 36
26 31 38
26 31 40
26 31 43
26 31 50
26 31 54
26 31 55
26 31 59
26 31 60
26 31 65
26 31 72
26 31 73
26 32 5
26 32 15
26 32 20
26 32 21
26 32 22
26 32 23
26 32 29
26 32 36
26 32 38
26 32 40
26 32 43
26 32 46
26 32 50
26 32 54
26 32 55
26 32 58
26 32 59
26 32 60
26 32 65
26 32 72
26 32 73
26 35 5
26 35 15
26 35 20
26 35 21
26 35 23
26 35 25
26 35 29
26 35 36
26 35 38
26 35 40
26 35 43
26 35 46
26 35 50
26 35 54
26 35 55
26 35 58
26 35 59
26 35 60
26 35 65
26 35 72
26 35 73
26 37 5
26 37 15
26 37 20
26 37 21
26 37 22
26 37 23
26 37 29
26 37 36
26 37 38
26 37 40
26 37 43
26 37 46
26 37 50
26 37 54
26 37 55
26 37 58
26 37 59
26 37 60
26 37 65
26 37 72
26 37 73
26 39 5
26 39 15
26 39 20
26 39 21
26 39 22
26 39 23
26 39 29
26 39 36
26 39 38
26 39 40
26 39 46
26 39 50
26 39 55
26 39 58
26 39 59
26 39 60
26 39 65
26 39 72
26 39 73
26 42 5
26 42 15
26 42 20
26 42 21
26 42 22
26 42 23
26 42 25
26 42 29
26 42 36
26 42 38
26 42 40
26 42 43
26 42 46
26 42 50
26 42 54
26 42 55
26 42 58
26 42 59
26 42 60
26 42 65
26 42 72
26 42 73
26 48 5
26 48 21
26 48 23
26 48 25
26 48 29
26 48 36
26 48 40
26 48 43
26 48 50
26 48 54
26 48 55
26 48 58
26 48 59
26 48 60
26 48 65
26 48 72
26 48 73
26 49 5
26 49 15
26 49 20
26 49 21
26 49 22
26 49 23
26 49 25
26 49 29
26 49 36
26 49 38
26 49 40
26 49 46
26 49 50
26 49 58
26 49 59
26 49 60
26 49 65
26 49 72
26 49 73
26 53 15
26 53 20
26 53 21
26 53 22
26 53 23
26 53 29
26 53 36
26 53 38
26 53 40
26 53 46
26 53 50
26 53 54
26 53 55
26 53 58
26 53 59
26 53 60
26 53 65
26 53 72
26 53 73
26 61 15
26 61 20
26 61 21
26 61 22
26 61 29
26 61 36
26 61 38
26 61 40
26 61 43
26 61 46
26 61 54
26 61 55
26 61 58
26 61 59
26 61 60
26 61 65
26 61 72
26 61 73
26 67 5
26 67 15
26 67 20
26 67 21
26 67 25
26 67 29
26 67 36
26 67 38
26 67 40
26 67 43
26 67 46
26 67 50
26 67 54
26 67 55
26 67 58
26 67 59
26 67 60
26 67 65
26 67 72
26 67 73
26 68 5
26 68 15
26 68 20
26 68 21
26 68 22
26 68 23
26 68 25
26 68 29
26 68 36
26 68 43
26 68 46
26 68 50
26 68 54
26 68 55
26 68 59
26 68 60
26 68 65
26 68 72
26 68 73
26 70 15
26 70 20
26 70 21
26 70 22
26 70 25
26 70 29
26 70 36
26 70 38
26 70 40
26 70 46
26 70 50
26 70 54
26 70 55
26 70 58
26 70 59
26 70 60
26 70 65
26 70 72
26 70 73
26 71 20
26 71 21
26 71 25
26 71 29
26 71 38
26 71 40
26 71 46
26 71 50
26 71 54
26 71 55
26 71 58
26 71 59
26 71 60
26 71 65
26 71 72
26 71 73
26 77 15
26 77 20
26 77 21
26 77 22
26 77 23
26 77 25
26 77 29
26 77 36
26 77 38
26 77 40
26 77 43
26 77 46
26 77 50
26 77 54
26 77 55
26 77 59
26 77 60
26 77 65
26 77 72
26 77 73
26 78 5
26 78 15
26 78 20
26 78 21
26 78 22
26 78 25
26 78 29
26 78 36
26 78 38
26 78 40
26 78 46
26 78 50
26 78 58
26 78 59
26 78 60
26 78 65
26 78 72
26 78 73
28 3 4
28 3 5
28 3 15
28 3 20
28 3 21
28 3 22
28 3 25
28 3 29
28 3 34
28 3 36
28 3 38
28 3 40
28 3 44
28 3 47
28 3 50
28 3 55
28 3 58
28 3 59
28 3 60
28 3 65
28 3 72
28 3 73
28 13 4
28 13 5
28 13 15
28 13 20
28 13 21
28 13 22
28 13 25
28 13 29
28 13 34
28 13 36
28 13 38
28 13 40
28 13 43
28 13 44
28 13 46
28 13 47
28 13 50
28 13 54
28 13 55
28 13 58
28 13 59
28 13 60
28 13 65
28 13 72
28 13 73
28 18 15
28 18 20
28 18 21
28 18 22
28 18 25
28 18 29
28 18 34
28 18 36
28 18 38
28 18 40
28 18 44
28 18 50
28 18 54
28 18 55
28 18 58
28 18 59
28 18 60
28 18 65
28 18 72
28 18 73
28 19 4
28 19 5
28 19 15
28 19 20
28 19 21
28 19 22
28 19 25
28 19 29
28 19 34
28 19 36
28 19 38
28 19 40
28 19 43
28 19 44
28 19 46
28 19 47
28 19 50
28 19 54
28 19 55
28 19 58
28 19 59
28 19 60
28 19 65
28 19 72
28 19 73
28 27 5
28 27 21
28 27 25
28 27 29
28 27 34
28 27 36
28 27 44
28 27 46
28 27 50
28 27 59
28 27 60
28 27 65
28 27 72
28 27 73
28 31 4
28 31 5
28 31 15
28 31 20
28 31 21
28 31 25
28 31 29
28 31 34
28 31 36
28 31 38
28 31 40
28 31 43
28 31 44
28 31 47
28 31 50
28 31 54
28 31 55
28 31 59
28 31 60
28 31 65
28 31 72
28 31 73
28 32 4
28 32 5
28 32 15
28 32 20
28 32 21
28 32 22
28 32 29
28 32 34
28 32 36
28 32 38
28 32 40
28 32 43
28 32 46
28 32 47
28 32 50
28 32 54
28 32 55
28 32 58
28 32 59
28 32 60
28 32 65
28 32 72
28 32 73
28 35 5
28 35 15
28 35 20
28 35 21
28 35 25
28 35 29
28 35 34
28 35 36
28 35 38
28 35 40
28 35 43
28 35 46
28 35 50
28 35 54
28 35 55
28 35 58
28 35 59
28 35 60
28 35 65
28 35 72
28 35 73
28 37 4
28 37 5
28 37 15
28 37 20
28 37 21
28 37 22
28 37 29
28 37 34
28 37 36
28 37 38
28 37 40
28 37 43
28 37 44
28 37 46
28 37 47
28 37 50
28 37 54
28 37 55
28 37 58
28 37 59
28 37 60
28 37 65
28 37 72
28 37 73
28 42 4
28 42 5
28 42 15
28 42 20
28 42 21
28 42 22
28 42 25
28 42 29
28 42 34
28 42 36
28 42 38
28 42 40
28 42 43
28 42 44
28 42 46
28 42 47
28 42 50
28 42 54
28 42 55
28 42 58
28 42 59
28 42 60
28 42 65
28 42 72
28 42 73
28 48 4
28 48 5
28 48 21
28 48 25
28 48 29
28 48 34
28 48 36
28 48 40
28 48 43
28 48 44
28 48 47
28 48 50
28 48 54
28 48 55
28 48 58
28 48 59
28 48 60
28 48 65
28 48 72
28 48 73
28 49 4
28 49 5
28 49 15
28 49 20
28 49 21
28 49 22
28 49 25
28 49 29
28 49 34
28 49 36
28 49 38
28 49 40
28 49 44
28 49 46
28 49 47
28 49 50
28 49 58
28 49 59
28 49 60
28 49 65
28 49 72
28 49 73
28 53 15
28 53 20
28 53 21
28 53 22
28 53 29
28 53 34
28 53 36
28 53 38
28 53 40
28 53 44
28 53 46
28 53 47
28 53 50
28 53 54
28 53 55
28 53 58
28 53 59
28 53 60
28 53 65
28 53 72
28 53 73
28 68 4
28 68 5
28 68 15
28 68 20
28 68 21
28 68 22
28 68 25
28 68 29
28 68 34
28 68 36
28 68 43
28 68 44
28 68 46
28 68 47
28 68 50
28 68 54
28 68 55
28 68 59
28 68 60
28 68 65
28 68 72
28 68 73
28 70 15
28 70 20
28 70 21
28 70 22
28 70 25
28 70 29
28 70 34
28 70 36
28 70 38
28 70 40
28 70 44
28 70 46
28 70 47
28 70 50
28 70 54
28 70 55
28 70 58
28 70 59
28 70 60
28 70 65
28 70 72
28 70 73
28 71 20
28 71 21
28 71 25
28 71 29
28 71 34
28 71 38
28 71 40
28 71 44
28 71 46
28 71 50
28 71 54
28 71 55
28 71 58
28 71 59
28 71 60
28 71 65
28 71 72
28 71 73
28 76 4
28 76 5
28 76 15
28 76 20
28 76 21
28 76 22
28 76 25
28 76 29
28 76 36
28 76 38
28 76 40
28 76 43
28 76 44
28 76 47
28 76 50
28 76 54
28 76 55
28 76 58
28 76 59
28 76 60
28 76 65
28 76 72
28 76 73
28 77 4
28 77 15
28 77 20
28 77 21
28 77 22
28 77 25
28 77 29
28 77 34
28 77 36
28 77 38
28 77 40
28 77 43
28 77 44
28 77 46
28 77 47
28 77 50
28 77 54
28 77 55
28 77 59
28 77 60
28 77 65
28 77 72
28 77 73
30 3 21
30 3 23
30 3 25
30 3 29
30 3 34
30 3 36
30 3 40
30 3 44
30 3 50
30 3 55
30 3 59
30 3 60
30 3 65
30 3 72
30 3 73
30 3 75
30 13 21
30 13 23
30 13 25
30 13 29
30 13 34
30 13 36
30 13 40
30 13 43
30 13 44
30 13 46
30 13 50
30 13 54
30 13 55
30 13 59
30 13 60
30 13 65
30 13 72
30 13 73
30 13 75
30 19 21
30 19 23
30 19 25
30 19 29
30 19 34
30 19 36
30 19 40
30 19 43
30 19 44
30 19 46
30 19 50
30 19 54
30 19 55
30 19 59
30 19 60
30 19 65
30 19 72
30 19 73
30 19 75
30 31 21
30 31 25
30 31 29
30 31 34
30 31 36
30 31 40
30 31 43
30 31 44
30 31 50
30 31 54
30 31 55
30 31 59
30 31 60
30 31 65
30 31 72
30 31 73
30 31 75
30 32 21
30 32 23
30 32 29
30 32 34
30 32 36
30 32 40
30 32 43
30 32 46
30 32 50
30 32 54
30 32 55
30 32 59
30 32 60
30 32 65
30 32 72
30 32 73
30 32 75
30 35 21
30 35 23
30 35 25
30 35 29
30 35 34
30 35 36
30 35 40
30 35 43
30 35 46
30 35 50
30 35 54
30 35 55
30 35 59
30 35 60
30 35 65
30 35 72
30 35 73
30 35 75
30 37 21
30 37 23
30 37 29
30 37 34
30 37 36
30 37 40
30 37 43
30 37 44
30 37 46
30 37 50
30 37 54
30 37 55
30 37 59
30 37 60
30 37 65
30 37 72
30 37 73
30 37 75
30 39 21
30 39 23
30 39 29
30 39 34
30 39 36
30 39 40
30 39 46
30 39 50
30 39 55
30 39 59
30 39 60
30 39 65
30 39 72
30 39 73
30 39 75
30 42 21
30 42 23
30 42 25
30 42 29
30 42 34
30 42 36
30 42 40
30 42 43
30 42 44
30 42 46
30 42 50
30 42 54
30 42 55
30 42 59
30 42 60
30 42 65
30 42 72
30 42 73
30 42 75
30 49 21
30 49 23
30 49 25
30 49 29
30 49 34
30 49 36
30 49 40
30 49 44
30 49 46
30 49 50
30 49 59
30 49 60
30 49 65
30 49 72
30 49 73
30 49 75
30 53 21
30 53 23
30 53 29
30 53 34
30 53 36
30 53 40
30 53 44
30 53 46
30 53 50
30 53 54
30 53 55
30 53 59
30 53 60
30 53 65
30 53 72
30 53 73
30 53 75
30 61 21
30 61 29
30 61 36
30 61 40
30 61 43
30 61 44
30 61 46
30 61 54
30 61 55
30 61 59
30 61 60
30 61 65
30 61 72
30 61 73
30 67 21
30 67 25
30 67 29
30 67 34
30 67 36
30 67 40
30 67 43
30 67 44
30 67 46
30 67 50
30 67 54
30 67 55
30 67 59
30 67 60
30 67 65
30 67 72
30 67 73
30 68 21
30 68 23
30 68 25
30 68 29
30 68 34
30 68 36
30 68 43
30 68 44
30 68 46
30 68 50
30 68 54
30 68 55
30 68 59
30 68 60
30 68 65
30 68 72
30 68 73
30 68 75
30 70 21
30 70 25
30 70 29
30 70 34
30 70 36
30 70 40
30 70 44
30 70 46
30 70 50
30 70 54
30 70 55
30 70 59
30 70 60
30 70 65
30 70 72
30 70 73
30 70 75
30 71 21
30 71 25
30 71 29
30 71 34
30 71 40
30 71 44
30 71 46
30 71 50
30 71 54
30 71 55
30 71 59
30 71 60
30 71 65
30 71 72
30 71 73
30 71 75
30 76 21
30 76 25
30 76 29
30 76 36
30 76 40
30 76 43
30 76 44
30 76 50
30 76 54
30 76 55
30 76 59
30 76 60
30 76 65
30 76 72
30 76 73
30 78 21
30 78 25
30 78 29
30 78 34
30 78 36
30 78 40
30 78 44
30 78 46
30 78 50
30 78 59
30 78 60
30 78 65
30 78 72
30 78 73
33 3 4
33 3 5
33 3 15
33 3 20
33 3 21
33 3 22
33 3 23
33 3 25
33 3 29
33 3 34
33 3 36
33 3 38
33 3 40
33 3 44
33 3 47
33 3 50
33 3 55
33 3 58
33 3 59
33 3 60
33 3 65
33 3 72
33 3 73
33 3 75
33 13 4
33 13 5
33 13 15
33 13 20
33 13 21
33 13 22
33 13 23
33 13 25
33 13 29
33 13 34
33 13 36
33 13 38
33 13 40
33 13 43
33 13 44
33 13 46
33 13 47
33 13 50
33 13 54
33 13 55
33 13 58
33 13 59
33 13 60
33 13 65
33 13 72
33 13 73
33 13 75
33 18 15
33 18 20
33 18 21
33 18 22
33 18 23
33 18 25
33 18 29
33 18 34
33 18 36
33 18 38
33 18 40
33 18 44
33 18 50
33 18 54
33 18 55
33 18 58
33 18 59
33 18 60
33 18 65
33 18 72
33 18 73
33 18 75
33 19 4
33 19 5
33 19 15
33 19 20
33 19 21
33 19 22
33 19 23
33 19 25
33 19 29
33 19 34
33 19 36
33 19 38
33 19 40
33 19 43
33 19 44
33 19 46
33 19 47
33 19 50
33 19 54
33 19 55
33 19 58
33 19 59
33 19 60
33 19 65
33 19 72
33 19 73
33 19 75
33 27 5
33 27 21
33 27 23
33 27 25
33 27 29
33 27 34
33 27 36
33 27 44
33 27 46
33 27 50
33 27 59
33 27 60
33 27 65
33 27 72
33 27 73
33 27 75
33 31 4
33 31 5
33 31 15
33 31 20
33 31 21
33 31 25
33 31 29
33 31 34
33 31 36
33 31 38
33 31 40
33 31 43
33 31 44
33 31 47
33 31 50
33 31 54
33 31 55
33 31 59
33 31 60
33 31 65
33 31 72
33 31 73
33 31 75
33 32 4
33 32 5
33 32 15
33 32 20
33 32 21
33 32 22
33 32 23
33 32 29
33 32 34
33 32 36
33 32 38
33 32 40
33 32 43
33 32 46
33 32 47
33 32 50
33 32 54
33 32 55
33 32 58
33 32 59
33 32 60
33 32 65
33 32 72
33 32 73
33 32 75
33 35 5
33 35 15
33 35 20
33 35 21
33 35 23
33 35 25
33 35 29
33 35 34
33 35 36
33 35 38
33 35 40
33 35 43
33 35 46
33 35 50
33 35 54
33 35 55
33 35 58
33 35 59
33 35 60
33 35 65
33 35 72
33 35 73
33 35 75
33 37 4
33 37 5
33 37 15
33 37 20
33 37 21
33 37 22
33 37 23
33 37 29
33 37 34
33 37 36
33 37 38
33 37 40
33 37 43
33 37 44
33 37 46
33 37 47
33 37 50
33 37 54
33 37 55
33 37 58
33 37 59
33 37 60
33 37 65
33 37 72
33 37 73
33 37 75
33 39 4
33 39 5
33 39 15
33 39 20
33 39 21
33 39 22
33 39 23
33 39 29
33 39 34
33 39 36
33 39 38
33 39 40
33 39 46
33 39 47
33 39 50
33 39 55
33 39 58
33 39 59
33 39 60
33 39 65
33 39 72
33 39 73
33 39 75
33 42 4
33 42 5
33 42 15
33 42 20
33 42 21
33 42 22
33 42 23
33 42 25
33 42 29
33 42 34
33 42 36
33 42 38
33 42 40
33 42 43
33 42 44
33 42 46
33 42 47
33 42 50
33 42 54
33 42 55
33 42 58
33 42 59
33 42 60
33 42 65
33 42 72
33 42 73
33 42 75
33 48 4
33 48 5
33 48 21
33 48 23
33 48 25
33 48 29
33 48 34
33 48 36
33 48 40
33 48 43
33 48 44
33 48 47
33 48 50
33 48 54
33 48 55
33 48 58
33 48 59
33 48 60
33 48 65
33 48 72
33 48 73
33 48 75
33 49 4
33 49 5
33 49 15
33 49 20
33 49 21
33 49 22
33 49 23
33 49 25
33 49 29
33 49 34
33 49 36
33 49 38
33 49 40
33 49 44
33 49 46
33 49 47
33 49 50
33 49 58
33 49 59
33 49 60
33 49 65
33 49 72
33 49 73
33 49 75
33 53 15
33 53 20
33 53 21
33 53 22
33 53 23
33 53 29
33 53 34
33 53 36
33 53 38
33 53 40
33 53 44
33 53 46
33 53 47
33 53 50
33 53 54
33 53 55
33 53 58
33 53 59
33 53 60
33 53 65
33 53 72
33 53 73
33 53 75
33 61 4
33 61 15
33 61 20
33 61 21
33 61 22
33 61 29
33 61 36
33 61 38
33 61 40
33 61 43
33 61 44
33 61 46
33 61 47
33 61 54
33 61 55
33 61 58
33 61 59
33 61 60
33 61 65
33 61 72
33 61 73
33 67 4
33 67 5
33 67 15
33 67 20
33 67 21
33 67 25
33 67 29
33 67 34
33 67 36
33 67 38
33 67 40
33 67 43
33 67 44
33 67 46
33 67 47
33 67 50
33 67 54
33 67 55
33 67 58
33 67 59
33 67 60
33 67 65
33 67 72
33 67 73
33 68 4
33 68 5
33 68 15
33 68 20
33 68 21
33 68 22
33 68 23
33 68 25
33 68 29
33 68 34
33 68 36
33 68 43
33 68 44
33 68 46
33 68 47
33 68 50
33 68 54
33 68 55
33 68 59
33 68 60
33 68 65
33 68 72
33 68 73
33 68 75
33 70 15
33 70 20
33 70 21
33 70 22
33 70 25
33 70 29
33 70 34
33 70 36
33 70 38
33 70 40
33 70 44
33 70 46
33 70 47
33 70 50
33 70 54
33 70 55
33 70 58
33 70 59
33 70 60
33 70 65
33 70 72
33 70 73
33 70 75
33 71 20
33 71 21
33 71 25
33 71 29
33 71 34
33 71 38
33 71 40
33 71 44
33 71 46
33 71 50
33 71 54
33 71 55
33 71 58
33 71 59
33 71 60
33 71 65
33 71 72
33 71 73
33 71 75
33 76 4
33 76 5
33 76 15
33 76 20
33 76 21
33 76 22
33 76 25
33 76 29
33 76 36
33 76 38
33 76 40
33 76 43
33 76 44
33 76 47
33 76 50
33 76 54
33 76 55
33 76 58
33 76 59
33 76 60
33 76 65
33 76 72
33 76 73
33 77 4
33 77 15
33 77 20
33 77 21
33 77 22
33 77 23
33 77 25
33 77 29
33 77 34
33 77 36
33 77 38
33 77 40
33 77 43
33 77 44
33 77 46
33 77 47
33 77 50
33 77 54
33 77 55
33 77 59
33 77 60
33 77 65
33 77 72
33 77 73
33 77 75
33 78 4
33 78 5
33 78 15
33 78 20
33 78 21
33 78 22
33 78 25
33 78 29
33 78 34
33 78 36
33 78 38
33 78 40
33 78 44
33 78 46
33 78 47
33 78 50
33 78 58
33 78 59
33 78 60
33 78 65
33 78 72
33 78 73
41 3 4
41 3 21
41 3 23
41 3 25
41 3 29
41 3 34
41 3 36
41 3 40
41 3 44
41 3 47
41 3 50
41 3 55
41 3 59
41 3 60
41 3 65
41 3 72
41 3 73
41 3 75
41 13 4
41 13 21
41 13 23
41 13 25
41 13 29
41 13 34
41 13 36
41 13 40
41 13 43
41 13 44
41 13 46
41 13 47
41 13 50
41 13 54
41 13 55
41 13 59
41 13 60
41 13 65
41 13 72
41 13 73
41 13 75
41 19 4
41 19 21
41 19 23
41 19 25
41 19 29
41 19 34
41 19 36
41 19 40
41 19 43
41 19 44
41 19 46
41 19 47
41 19 50
41 19 54
41 19 55
41 19 59
41 19 60
41 19 65
41 19 72
41 19 73
41 19 75
41 35 21
41 35 23
41 35 25
41 35 29
41 35 34
41 35 36
41 35 40
41 35 43
41 35 46
41 35 50
41 35 54
41 35 55
41 35 59
41 35 60
41 35 65
41 35 72
41 35 73
41 35 75
41 37 4
41 37 21
41 37 23
41 37 29
41 37 34
41 37 36
41 37 40
41 37 43
41 37 44
41 37 46
41 37 47
41 37 50
41 37 54
41 37 55
41 37 59
41 37 60
41 37 65
41 37 72
41 37 73
41 37 75
41 39 4
41 39 21
41 39 23
41 39 29
41 39 34
41 39 36
41 39 40
41 39 46
41 39 47
41 39 50
41 39 55
41 39 59
41 39 60
41 39 65
41 39 72
41 39 73
41 39 75
41 42 4
41 42 21
41 42 23
41 42 25
41 42 29
41 42 34
41 42 36
41 42 40
41 42 43
41 42 44
41 42 46
41 42 47
41 42 50
41 42 54
41 42 55
41 42 59
41 42 60
41 42 65
41 42 72
41 42 73
41 42 75
41 49 4
41 49 21
41 49 23
41 49 25
41 49 29
41 49 34
41 49 36
41 49 40
41 49 44
41 49 46
41 49 47
41 49 50
41 49 59
41 49 60
41 49 65
41 49 72
41 49 73
41 49 75
41 53 21
41 53 23
41 53 29
41 53 34
41 53 36
41 53 40
41 53 44
41 53 46
41 53 47
41 53 50
41 53 54
41 53 55
41 53 59
41 53 60
41 53 65
41 53 72
41 53 73
41 53 75
41 61 4
41 61 21
41 61 29
41 61 36
41 61 40
41 61 43
41 61 44
41 61 46
41 61 47
41 61 54
41 61 55
41 61 59
41 61 60
41 61 65
41 61 72
41 61 73
41 67 4
41 67 21
41 67 25
41 67 29
41 67 34
41 67 36
41 67 40
41 67 43
41 67 44
41 67 46
41 67 47
41 67 50
41 67 54
41 67 55
41 67 59
41 67 60
41 67 65
41 67 72
41 67 73
41 68 4
41 68 21
41 68 23
41 68 25
41 68 29
41 68 34
41 68 36
41 68 43
41 68 44
41 68 46
41 68 47
41 68 50
41 68 54
41 68 55
41 68 59
41 68 60
41 68 65
41 68 72
41 68 73
41 68 75
41 70 21
41 70 25
41 70 29
41 70 34
41 70 36
41 70 40
41 70 44
41 70 46
41 70 47
41 70 50
41 70 54
41 70 55
41 70 59
41 70 60
41 70 65
41 70 72
41 70 73
41 70 75
41 71 21
41 71 25
41 71 29
41 71 34
41 71 40
41 71 44
41 71 46
41 71 50
41 71 54
41 71 55
41 71 59
41 71 60
41 71 65
41 71 72
41 71 73
41 71 75
41 76 4
41 76 21
41 76 25
41 76 29
41 76 36
41 76 40
41 76 43
41 76 44
41 76 47
41 76 50
41 76 54
41 76 55
41 76 59
41 76 60
41 76 65
41 76 72
41 76 73
41 78 4
41 78 21
41 78 25
41 78 29
41 78 34
41 78 36
41 78 40
41 78 44
41 78 46
41 78 47
41 78 50
41 78 59
41 78 60
41 78 65
41 78 72
41 78 73
45 3 4
45 3 5
45 3 15
45 3 20
45 3 21
45 3 22
45 3 23
45 3 25
45 3 29
45 3 34
45 3 36
45 3 38
45 3 40
45 3 44
45 3 47
45 3 50
45 3 55
45 3 59
45 3 60
45 3 65
45 3 72
45 3 73
45 3 75
45 13 4
45 13 5
45 13 15
45 13 20
45 13 21
45 13 22
45 13 23
45 13 25
45 13 29
45 13 34
45 13 36
45 13 38
45 13 40
45 13 43
45 13 44
45 13 46
45 13 47
45 13 50
45 13 54
45 13 55
45 13 59
45 13 60
45 13 65
45 13 72
45 13 73
45 13 75
45 18 15
45 18 20
45 18 21
45 18 22
45 18 23
45 18 25
45 18 29
45 18 34
45 18 36
45 18 38
45 18 40
45 18 44
45 18 50
45 18 54
45 18 55
45 18 59
45 18 60
45 18 65
45 18 72
45 18 73
45 18 75
45 19 4
45 19 5
45 19 15
45 19 20
45 19 21
45 19 22
45 19 23
45 19 25
45 19 29
45 19 34
45 19 36
45 19 38
45 19 40
45 19 43
45 19 44
45 19 46
45 19 47
45 19 50
45 19 54
45 19 55
45 19 59
45 19 60
45 19 65
45 19 72
45 19 73
45 19 75
45 27 5
45 27 21
45 27 23
45 27 25
45 27 29
45 27 34
45 27 36
45 27 44
45 27 46
45 27 50
45 27 59
45 27 60
45 27 65
45 27 72
45 27 73
45 27 75
45 32 4
45 32 5
45 32 15
45 32 20
45 32 21
45 32 22
45 32 23
45 32 29
45 32 34
45 32 36
45 32 38
45 32 40
45 32 43
45 32 46
45 32 47
45 32 50
45 32 54
45 32 55
45 32 59
45 32 60
45 32 65
45 32 72
45 32 73
45 32 75
45 35 5
45 35 15
45 35 20
45 35 21
45 35 23
45 35 25
45 35 29
45 35 34
45 35 36
45 35 38
45 35 40
45 35 43
45 35 46
45 35 50
45 35 54
45 35 55
45 35 59
45 35 60
45 35 65
45 35 72
45 35 73
45 35 75
45 37 4
45 37 5
45 37 15
45 37 20
45 37 21
45 37 22
45 37 23
45 37 29
45 37 34
45 37 36
45 37 38
45 37 40
45 37 43
45 37 44
45 37 46
45 37 47
45 37 50
45 37 54
45 37 55
45 37 59
45 37 60
45 37 65
45 37 72
45 37 73
45 37 75
45 39 4
45 39 5
45 39 15
45 39 20
45 39 21
45 39 22
45 39 23
45 39 29
45 39 34
45 39 36
45 39 38
45 39 40
45 39 46
45 39 47
45 39 50
45 39 55
45 39 59
45 39 60
45 39 65
45 39 72
45 39 73
45 39 75
45 42 4
45 42 5
45 42 15
45 42 20
45 42 21
45 42 22
45 42 23
45 42 25
45 42 29
45 42 34
45 42 36
45 42 38
45 42 40
45 42 43
45 42 44
45 42 46
45 42 47
45 42 50
45 42 54
45 42 55
45 42 59
45 42 60
45 42 65
45 42 72
45 42 73
45 42 75
45 48 4
45 48 5
45 48 21
45 48 23
45 48 25
45 48 29
45 48 34
45 48 36
45 48 40
45 48 43
45 48 44
45 48 47
45 48 50
45 48 54
45 48 55
45 48 59
45 48 60
45 48 65
45 48 72
45 48 73
45 48 75
45 49 4
45 49 5
45 49 15
45 49 20
45 49 21
45 49 22
45 49 23
45 49 25
45 49 29
45 49 34
45 49 36
45 49 38
45 49 40
45 49 44
45 49 46
45 49 47
45 49 50
45 49 59
45 49 60
45 49 65
45 49 72
45 49 73
45 49 75
45 53 15
45 53 20
45 53 21
45 53 22
45 53 23
45 53 29
45 53 34
45 53 36
45 53 38
45 53 40
45 53 44
45 53 46
45 53 47
45 53 50
45 53 54
45 53 55
45 53 59
45 53 60
45 53 65
45 53 72
45 53 73
45 53 75
45 61 4
45 61 15
45 61 20
45 61 21
45 61 22
45 61 29
45 61 36
45 61 38
45 61 40
45 61 43
45 61 44
45 61 46
45 61 47
45 61 54
45 61 55
45 61 59
45 61 60
45 61 65
45 61 72
45 61 73
45 67 4
45 67 5
45 67 15
45 67 20
45 67 21
45 67 25
45 67 29
45 67 34
45 67 36
45 67 38
45 67 40
45 67 43
45 67 44
45 67 46
45 67 47
45 67 50
45 67 54
45 67 55
45 67 59
45 67 60
45 67 65
45 67 72
45 67 73
45 68 4
45 68 5
45 68 15
45 68 20
45 68 21
45 68 22
45 68 23
45 68 25
45 68 29
45 68 34
45 68 36
45 68 43
45 68 44
45 68 46
45 68 47
45 68 50
45 68 54
45 68 55
45 68 59
45 68 60
45 68 65
45 68 72
45 68 73
45 68 75
45 70 15
45 70 20
45 70 21
45 70 22
45 70 25
45 70 29
45 70 34
45 70 36
45 70 38
45 70 40
45 70 44
45 70 46
45 70 47
45 70 50
45 70 54
45 70 55
45 70 59
45 70 60
45 70 65
45 70 72
45 70 73
45 70 75
45 71 20
45 71 21
45 71 25
45 71 29
45 71 34
45 71 38
45 71 40
45 71 44
45 71 46
45 71 50
45 71 54
45 71 55
45 71 59
45 71 60
45 71 65
45 71 72
45 71 73
45 71 75
45 76 4
45 76 5
45 76 15
45 76 20
45 76 21
45 76 22
45 76 25
45 76 29
45 76 36
45 76 38
45 76 40
45 76 43
45 76 44
45 76 47
45 76 50
45 76 54
45 76 55
45 76 59
45 76 60
45 76 65
45 76 72
45 76 73
45 77 4
45 77 15
45 77 20
45 77 21
45 77 22
45 77 23
45 77 25
45 77 29
45 77 34
45 77 36
45 77 38
45 77 40
45 77 43
45 77 44
45 77 46
45 77 47
45 77 50
45 77 54
45 77 55
45 77 59
45 77 60
45 77 65
45 77 72
45 77 73
45 77 75
45 78 4
45 78 5
45 78 15
45 78 20
45 78 21
45 78 22
45 78 25
45 78 29
45 78 34
45 78 36
45 78 38
45 78 40
45 78 44
45 78 46
45 78 47
45 78 50
45 78 59
45 78 60
45 78 65
45 78 72
45 78 73
51 3 4
51 3 5
51 3 15
51 3 20
51 3 21
51 3 25
51 3 29
51 3 34
51 3 36
51 3 38
51 3 40
51 3 44
51 3 47
51 3 50
51 3 55
51 3 58
51 3 59
51 3 60
51 3 65
51 3 72
51 3 73
51 13 4
51 13 5
51 13 15
51 13 20
51 13 21
51 13 25
51 13 29
51 13 34
51 13 36
51 13 38
51 13 40
51 13 43
51 13 44
51 13 46
51 13 47
51 13 50
51 13 54
51 13 55
51 13 58
51 13 59
51 13 60
51 13 65
51 13 72
51 13 73
51 18 15
51 18 20
51 18 21
51 18 25
51 18 29
51 18 34
51 18 36
51 18 38
51 18 40
51 18 44
51 18 50
51 18 54
51 18 55
51 18 58
51 18 59
51 18 60
51 18 65
51 18 72
51 18 73
51 19 4
51 19 5
51 19 15
51 19 20
51 19 21
51 19 25
51 19 29
51 19 34
51 19 36
51 19 38
51 19 40
51 19 43
51 19 44
51 19 46
51 19 47
51 19 50
51 19 54
51 19 55
51 19 58
51 19 59
51 19 60
51 19 65
51 19 72
51 19 73
51 27 5
51 27 21
51 27 25
51 27 29
51 27 34
51 27 36
51 27 44
51 27 46
51 27 50
51 27 59
51 27 60
51 27 65
51 27 72
51 27 73
51 32 4
51 32 5
51 32 15
51 32 20
51 32 21
51 32 29
51 32 34
51 32 36
51 32 38
51 32 40
51 32 43
51 32 46
51 32 47
51 32 50
51 32 54
51 32 55
51 32 58
51 32 59
51 32 60
51 32 65
51 32 72
51 32 73
51 35 5
51 35 15
51 35 20
51 35 21
51 35 25
51 35 29
51 35 34
51 35 36
51 35 38
51 35 40
51 35 43
51 35 46
51 35 50
51 35 54
51 35 55
51 35 58
51 35 59
51 35 60
51 35 65
51 35 72
51 35 73
51 37 4
51 37 5
51 37 15
51 37 20
51 37 21
51 37 29
51 37 34
51 37 36
51 37 38
51 37 40
51 37 43
51 37 44
51 37 46
51 37 47
51 37 50
51 37 54
51 37 55
51 37 58
51 37 59
51 37 60
51 37 65
51 37 72
51 37 73
51 39 4
51 39 5
51 39 15
51 39 20
51 39 21
51 39 29
51 39 34
51 39 36
51 39 38
51 39 40
51 39 46
51 39 47
51 39 50
51 39 55
51 39 58
51 39 59
51 39 60
51 39 65
51 39 72
51 39 73
51 42 4
51 42 5
51 42 15
51 42 20
51 42 21
51 42 25
51 42 29
51 42 34
51 42 36
51 42 38
51 42 40
51 42 43
51 42 44
51 42 46
51 42 47
51 42 50
51 42 54
51 42 55
51 42 58
51 42 59
51 42 60
51 42 65
51 42 72
51 42 73
51 48 4
51 48 5
51 48 21
51 48 25
51 48 29
51 48 34
51 48 36
51 48 40
51 48 43
51 48 44
51 48 47
51 48 50
51 48 54
51 48 55
51 48 58
51 48 59
51 48 60
51 48 65
51 48 72
51 48 73
51 49 4
51 49 5
51 49 15
51 49 20
51 49 21
51 49 25
51 49 29
51 49 34
51 49 36
51 49 38
51 49 40
51 49 44
51 49 46
51 49 47
51 49 50
51 49 58
51 49 59
51 49 60
51 49 65
51 49 72
51 49 73
51 53 15
51 53 20
51 53 21
51 53 29
51 53 34
51 53 36
51 53 38
51 53 40
51 53 44
51 53 46
51 53 47
51 53 50
51 53 54
51 53 55
51 53 58
51 53 59
51 53 60
51 53 65
51 53 72
51 53 73
51 68 4
51 68 5
51 68 15
51 68 20
51 68 21
51 68 25
51 68 29
51 68 34
51 68 36
51 68 43
51 68 44
51 68 46
51 68 47
51 68 50
51 68 54
51 68 55
51 68 59
51 68 60
51 68 65
51 68 72
51 68 73
51 70 15
51 70 20
51 70 21
51 70 25
51 70 29
51 70 34
51 70 36
51 70 38
51 70 40
51 70 44
51 70 46
51 70 47
51 70 50
51 70 54
51 70 55
51 70 58
51 70 59
51 70 60
51 70 65
51 70 72
51 70 73
51 71 20
51 71 21
51 71 25
51 71 29
51 71 34
51 71 38
51 71 40
51 71 44
51 71 46
51 71 50
51 71 54
51 71 55
51 71 58
51 71 59
51 71 60
51 71 65
51 71 72
51 71 73
51 76 4
51 76 5
51 76 15
51 76 20
51 76 21
51 76 25
51 76 29
51 76 36
51 76 38
51 76 40
51 76 43
51 76 44
51 76 47
51 76 50
51 76 54
51 76 55
51 76 58
51 76 59
51 76 60
51 76 65
51 76 72
51 76 73
51 77 4
51 77 15
51 77 20
51 77 21
51 77 25
51 77 29
51 77 34
51 77 36
51 77 38
51 77 40
51 77 43
51 77 44
51 77 46
51 77 47
51 77 50
51 77 54
51 77 55
51 77 59
51 77 60
51 77 65
51 77 72
51 77 73
52 3 4
52 3 5
52 3 15
52 3 20
52 3 21
52 3 22
52 3 23
52 3 25
52 3 29
52 3 34
52 3 36
52 3 38
52 3 40
52 3 47
52 3 50
52 3 55
52 3 58
52 3 59
52 3 60
52 3 65
52 3 72
52 3 73
52 3 75
52 13 4
52 13 5
52 13 15
52 13 20
52 13 21
52 13 22
52 13 23
52 13 25
52 13 29
52 13 34
52 13 36
52 13 38
52 13 40
52 13 43
52 13 46
52 13 47
52 13 50
52 13 54
52 13 55
52 13 58
52 13 59
52 13 60
52 13 65
52 13 72
52 13 73
52 13 75
52 18 15
52 18 20
52 18 21
52 18 22
52 18 23
52 18 25
52 18 29
52 18 34
52 18 36
52 18 38
52 18 40
52 18 50
52 18 54
52 18 55
52 18 58
52 18 59
52 18 60
52 18 65
52 18 72
52 18 73
52 18 75
52 19 4
52 19 5
52 19 15
52 19 20
52 19 21
52 19 22
52 19 23
52 19 25
52 19 29
52 19 34
52 19 36
52 19 38
52 19 40
52 19 43
52 19 46
52 19 47
52 19 50
52 19 54
52 19 55
52 19 58
52 19 59
52 19 60
52 19 65
52 19 72
52 19 73
52 19 75
52 27 5
52 27 21
52 27 23
52 27 25
52 27 29
52 27 34
52 27 36
52 27 46
52 27 50
52 27 59
52 27 60
52 27 65
52 27 72
52 27 73
52 27 75
52 31 4
52 31 5
52 31 15
52 31 20
52 31 21
52 31 25
52 31 29
52 31 34
52 31 36
52 31 38
52 31 40
52 31 43
52 31 47
52 31 50
52 31 54
52 31 55
52 31 59
52 31 60
52 31 65
52 31 72
52 31 73
52 31 75
52 37 4
52 37 5
52 37 15
52 37 20
52 37 21
52 37 22
52 37 23
52 37 29
52 37 34
52 37 36
52 37 38
52 37 40
52 37 43
52 37 46
52 37 47
52 37 50
52 37 54
52 37 55
52 37 58
52 37 59
52 37 60
52 37 65
52 37 72
52 37 73
52 37 75
52 42 4
52 42 5
52 42 15
52 42 20
52 42 21
52 42 22
52 42 23
52 42 25
52 42 29
52 42 34
52 42 36
52 42 38
52 42 40
52 42 43
52 42 46
52 42 47
52 42 50
52 42 54
52 42 55
52 42 58
52 42 59
52 42 60
52 42 65
52 42 72
52 42 73
52 42 75
52 48 4
52 48 5
52 48 21
52 48 23
52 48 25
52 48 29
52 48 34
52 48 36
52 48 40
52 48 43
52 48 47
52 48 50
52 48 54
52 48 55
52 48 58
52 48 59
52 48 60
52 48 65
52 48 72
52 48 73
52 48 75
52 49 4
52 49 5
52 49 15
52 49 20
52 49 21
52 49 22
52 49 23
52 49 25
52 49 29
52 49 34
52 49 36
52 49 38
52 49 40
52 49 46
52 49 47
52 49 50
52 49 58
52 49 59
52 49 60
52 49 65
52 49 72
52 49 73
52 49 75
52 53 15
52 53 20
52 53 21
52 53 22
52 53 23
52 53 29
52 53 34
52 53 36
52 53 38
52 53 40
52 53 46
52 53 47
52 53 50
52 53 54
52 53 55
52 53 58
52 53 59
52 53 60
52 53 65
52 53 72
52 53 73
52 53 75
52 61 4
52 61 15
52 61 20
52 61 21
52 61 22
52 61 29
52 61 36
52 61 38
52 61 40
52 61 43
52 61 46
52 61 47
52 61 54
52 61 55
52 61 58
52 61 59
52 61 60
52 61 65
52 61 72
52 61 73
52 67 4
52 67 5
52 67 15
52 67 20
52 67 21
52 67 25
52 67 29
52 67 34
52 67 36
52 67 38
52 67 40
52 67 43
52 67 46
52 67 47
52 67 50
52 67 54
52 67 55
52 67 58
52 67 59
52 67 60
52 67 65
52 67 72
52 67 73
52 68 4
52 68 5
52 68 15
52 68 20
52 68 21
52 68 22
52 68 23
52 68 25
52 68 29
52 68 34
52 68 36
52 68 43
52 68 46
52 68 47
52 68 50
52 68 54
52 68 55
52 68 59
52 68 60
52 68 65
52 68 72
52 68 73
52 68 75
52 70 15
52 70 20
52 70 21
52 70 22
52 70 25
52 70 29
52 70 34
52 70 36
52 70 38
52 70 40
52 70 46
52 70 47
52 70 50
52 70 54
52 70 55
52 70 58
52 70 59
52 70 60
52 70 65
52 70 72
52 70 73
52 70 75
52 71 20
52 71 21
52 71 25
52 71 29
52 71 34
52 71 38
52 71 40
52 71 46
52 71 50
52 71 54
52 71 55
52 71 58
52 71 59
52 71 60
52 71 65
52 71 72
52 71 73
52 71 75
52 76 4
52 76 5
52 76 15
52 76 20
52 76 21
52 76 22
52 76 25
52 76 29
52 76 36
52 76 38
52 76 40
52 76 43
52 76 47
52 76 50
52 76 54
52 76 55
52 76 58
52 76 59
52 76 60
52 76 65
52 76 72
52 76 73
52 77 4
52 77 15
52 77 20
52 77 21
52 77 22
52 77 23
52 77 25
52 77 29
52 77 34
52 77 36
52 77 38
52 77 40
52 77 43
52 77 46
52 77 47
52 77 50
52 77 54
52 77 55
52 77 59
52 77 60
52 77 65
52 77 72
52 77 73
52 77 75
52 78 4
52 78 5
52 78 15
52 78 20
52 78 21
52 78 22
52 78 25
52 78 29
52 78 34
52 78 36
52 78 38
52 78 40
52 78 46
52 78 47
52 78 50
52 78 58
52 78 59
52 78 60
52 78 65
52 78 72
52 78 73
56 3 4
56 3 5
56 3 15
56 3 20
56 3 21
56 3 22
56 3 23
56 3 25
56 3 29
56 3 34
56 3 36
56 3 38
56 3 44
56 3 47
56 3 50
56 3 59
56 3 60
56 3 65
56 3 72
56 3 73
56 3 75
56 13 4
56 13 5
56 13 15
56 13 20
56 13 21
56 13 22
56 13 23
56 13 25
56 13 29
56 13 34
56 13 36
56 13 38
56 13 44
56 13 46
56 13 47
56 13 50
56 13 59
56 13 60
56 13 65
56 13 72
56 13 73
56 13 75
56 18 15
56 18 20
56 18 21
56 18 22
56 18 23
56 18 25
56 18 29
56 18 34
56 18 36
56 18 38
56 18 44
56 18 50
56 18 59
56 18 60
56 18 65
56 18 72
56 18 73
56 18 75
56 19 4
56 19 5
56 19 15
56 19 20
56 19 21
56 19 22
56 19 23
56 19 25
56 19 29
56 19 34
56 19 36
56 19 38
56 19 44
56 19 46
56 19 47
56 19 50
56 19 59
56 19 60
56 19 65
56 19 72
56 19 73
56 19 75
56 31 4
56 31 5
56 31 15
56 31 20
56 31 21
56 31 25
56 31 29
56 31 34
56 31 36
56 31 38
56 31 44
56 31 47
56 31 50
56 31 59
56 31 60
56 31 65
56 31 72
56 31 73
56 31 75
56 32 4
56 32 5
56 32 15
56 32 20
56 32 21
56 32 22
56 32 23
56 32 29
56 32 34
56 32 36
56 32 38
56 32 46
56 32 47
56 32 50
56 32 59
56 32 60
56 32 65
56 32 72
56 32 73
56 32 75
56 35 5
56 35 15
56 35 20
56 35 21
56 35 23
56 35 25
56 35 29
56 35 34
56 35 36
56 35 38
56 35 46
56 35 50
56 35 59
56 35 60
56 35 65
56 35 72
56 35 73
56 35 75
56 37 4
56 37 5
56 37 15
56 37 20
56 37 21
56 37 22
56 37 23
56 37 29
56 37 34
56 37 36
56 37 38
56 37 44
56 37 46
56 37 47
56 37 50
56 37 59
56 37 60
56 37 65
56 37 72
56 37 73
56 37 75
56 39 4
56 39 5
56 39 15
56 39 20
56 39 21
56 39 22
56 39 23
56 39 29
56 39 34
56 39 36
56 39 38
56 39 46
56 39 47
56 39 50
56 39 59
56 39 60
56 39 65
56 39 72
56 39 73
56 39 75
56 42 4
56 42 5
56 42 15
56 42 20
56 42 21
56 42 22
56 42 23
56 42 25
56 42 29
56 42 34
56 42 36
56 42 38
56 42 44
56 42 46
56 42 47
56 42 50
56 42 59
56 42 60
56 42 65
56 42 72
56 42 73
56 42 75
56 48 4
56 48 5
56 48 21
56 48 23
56 48 25
56 48 29
56 48 34
56 48 36
56 48 44
56 48 47
56 48 50
56 48 59
56 48 60
56 48 65
56 48 72
56 48 73
56 48 75
56 53 15
56 53 20
56 53 21
56 53 22
56 53 23
56 53 29
56 53 34
56 53 36
56 53 38
56 53 44
56 53 46
56 53 47
56 53 50
56 53 59
56 53 60
56 53 65
56 53 72
56 53 73
56 53 75
56 61 4
56 61 15
56 61 20
56 61 21
56 61 22
56 61 29
56 61 36
56 61 38
56 61 44
56 61 46
56 61 47
56 61 59
56 61 60
56 61 65
56 61 72
56 61 73
56 67 4
56 67 5
56 67 15
56 67 20
56 67 21
56 67 25
56 67 29
56 67 34
56 67 36
56 67 38
56 67 44
56 67 46
56 67 47
56 67 50
56 67 59
56 67 60
56 67 65
56 67 72
56 67 73
56 70 15
56 70 20
56 70 21
56 70 22
56 70 25
56 70 29
56 70 34
56 70 36
56 70 38
56 70 44
56 70 46
56 70 47
56 70 50
56 70 59
56 70 60
56 70 65
56 70 72
56 70 73
56 70 75
56 71 20
56 71 21
56 71 25
56 71 29
56 71 34
56 71 38
56 71 44
56 71 46
56 71 50
56 71 59
56 71 60
56 71 65
56 71 72
56 71 73
56 71 75
56 76 4
56 76 5
56 76 15
56 76 20
56 76 21
56 76 22
56 76 25
56 76 29
56 76 36
56 76 38
56 76 44
56 76 47
56 76 50
56 76 59
56 76 60
56 76 65
56 76 72
56 76 73
56 77 4
56 77 15
56 77 20
56 77 21
56 77 22
56 77 23
56 77 25
56 77 29
56 77 34
56 77 36
56 77 38
56 77 44
56 77 46
56 77 47
56 77 50
56 77 59
56 77 60
56 77 65
56 77 72
56 77 73
56 77 75
57 3 5
57 3 15
57 3 20
57 3 21
57 3 25
57 3 29
57 3 34
57 3 36
57 3 38
57 3 40
57 3 50
57 3 55
57 3 58
57 3 59
57 3 60
57 3 65
57 3 72
57 3 73
57 13 5
57 13 15
57 13 20
57 13 21
57 13 25
57 13 29
57 13 34
57 13 36
57 13 38
57 13 40
57 13 43
57 13 46
57 13 50
57 13 54
57 13 55
57 13 58
57 13 59
57 13 60
57 13 65
57 13 72
57 13 73
57 18 15
57 18 20
57 18 21
57 18 25
57 18 29
57 18 34
57 18 36
57 18 38
57 18 40
57 18 50
57 18 54
57 18 55
57 18 58
57 18 59
57 18 60
57 18 65
57 18 72
57 18 73
57 19 5
57 19 15
57 19 20
57 19 21
57 19 25
57 19 29
57 19 34
57 19 36
57 19 38
57 19 40
57 19 43
57 19 46
57 19 50
57 19 54
57 19 55
57 19 58
57 19 59
57 19 60
57 19 65
57 19 72
57 19 73
57 27 5
57 27 21
57 27 25
57 27 29
57 27 34
57 27 36
57 27 46
57 27 50
57 27 59
57 27 60
57 27 65
57 27 72
57 27 73
57 31 5
57 31 15
57 31 20
57 31 21
57 31 25
57 31 29
57 31 34
57 31 36
57 31 38
57 31 40
57 31 43
57 31 50
57 31 54
57 31 55
57 31 59
57 31 60
57 31 65
57 31 72
57 31 73
57 32 5
57 32 15
57 32 20
57 32 21
57 32 29
57 32 34
57 32 36
57 32 38
57 32 40
57 32 43
57 32 46
57 32 50
57 32 54
57 32 55
57 32 58
57 32 59
57 32 60
57 32 65
57 32 72
57 32 73
57 37 5
57 37 15
57 37 20
57 37 21
57 37 29
57 37 34
57 37 36
57 37 38
57 37 40
57 37 43
57 37 46
57 37 50
57 37 54
57 37 55
57 37 58
57 37 59
57 37 60
57 37 65
57 37 72
57 37 73
57 39 5
57 39 15
57 39 20
57 39 21
57 39 29
57 39 34
57 39 36
57 39 38
57 39 40
57 39 46
57 39 50
57 39 55
57 39 58
57 39 59
57 39 60
57 39 65
57 39 72
57 39 73
57 42 5
57 42 15
57 42 20
57 42 21
57 42 25
57 42 29
57 42 34
57 42 36
57 42 38
57 42 40
57 42 43
57 42 46
57 42 50
57 42 54
57 42 55
57 42 58
57 42 59
57 42 60
57 42 65
57 42 72
57 42 73
57 48 5
57 48 21
57 48 25
57 48 29
57 48 34
57 48 36
57 48 40
57 48 43
57 48 50
57 48 54
57 48 55
57 48 58
57 48 59
57 48 60
57 48 65
57 48 72
57 48 73
57 49 5
57 49 15
57 49 20
57 49 21
57 49 25
57 49 29
57 49 34
57 49 36
57 49 38
57 49 40
57 49 46
57 49 50
57 49 58
57 49 59
57 49 60
57 49 65
57 49 72
57 49 73
57 53 15
57 53 20
57 53 21
57 53 29
57 53 34
57 53 36
57 53 38
57 53 40
57 53 46
57 53 50
57 53 54
57 53 55
57 53 58
57 53 59
57 53 60
57 53 65
57 53 72
57 53 73
57 68 5
57 68 15
57 68 20
57 68 21
57 68 25
57 68 29
57 68 34
57 68 36
57 68 43
57 68 46
57 68 50
57 68 54
57 68 55
57 68 59
57 68 60
57 68 65
57 68 72
57 68 73
57 70 15
57 70 20
57 70 21
57 70 25
57 70 29
57 70 34
57 70 36
57 70 38
57 70 40
57 70 46
57 70 50
57 70 54
57 70 55
57 70 58
57 70 59
57 70 60
57 70 65
57 70 72
57 70 73
57 76 5
57 76 15
57 76 20
57 76 21
57 76 25
57 76 29
57 76 36
57 76 38
57 76 40
57 76 43
57 76 50
57 76 54
57 76 55
57 76 58
57 76 59
57 76 60
57 76 65
57 76 72
57 76 73
57 77 15
57 77 20
57 77 21
57 77 25
57 77 29
57 77 34
57 77 36
57 77 38
57 77 40
57 77 43
57 77 46
57 77 50
57 77 54
57 77 55
57 77 59
57 77 60
57 77 65
57 77 72
57 77 73
62 13 4
62 13 5
62 13 15
62 13 20
62 13 21
62 13 22
62 13 23
62 13 25
62 13 29
62 13 34
62 13 36
62 13 38
62 13 40
62 13 44
62 13 47
62 13 50
62 13 58
62 13 59
62 13 60
62 13 65
62 13 72
62 13 73
62 13 75
62 19 4
62 19 5
62 19 15
62 19 20
62 19 21
62 19 22
62 19 23
62 19 25
62 19 29
62 19 34
62 19 36
62 19 38
62 19 40
62 19 44
62 19 47
62 19 50
62 19 58
62 19 59
62 19 60
62 19 65
62 19 72
62 19 73
62 19 75
62 31 4
62 31 5
62 31 15
62 31 20
62 31 21
62 31 25
62 31 29
62 31 34
62 31 36
62 31 38
62 31 40
62 31 44
62 31 47
62 31 50
62 31 59
62 31 60
62 31 65
62 31 72
62 31 73
62 31 75
62 32 4
62 32 5
62 32 15
62 32 20
62 32 21
62 32 22
62 32 23
62 32 29
62 32 34
62 32 36
62 32 38
62 32 40
62 32 47
62 32 50
62 32 58
62 32 59
62 32 60
62 32 65
62 32 72
62 32 73
62 32 75
62 35 5
62 35 15
62 35 20
62 35 21
62 35 23
62 35 25
62 35 29
62 35 34
62 35 36
62 35 38
62 35 40
62 35 50
62 35 58
62 35 59
62 35 60
62 35 65
62 35 72
62 35 73
62 35 75
62 37 4
62 37 5
62 37 15
62 37 20
62 37 21
62 37 22
62 37 23
62 37 29
62 37 34
62 37 36
62 37 38
62 37 40
62 37 44
62 37 47
62 37 50
62 37 58
62 37 59
62 37 60
62 37 65
62 37 72
62 37 73
62 37 75
62 42 4
62 42 5
62 42 15
62 42 20
62 42 21
62 42 22
62 42 23
62 42 25
62 42 29
62 42 34
62 42 36
62 42 38
62 42 40
62 42 44
62 42 47
62 42 50
62 42 58
62 42 59
62 42 60
62 42 65
62 42 72
62 42 73
62 42 75
62 53 15
62 53 20
62 53 21
62 53 22
62 53 23
62 53 29
62 53 34
62 53 36
62 53 38
62 53 40
62 53 44
62 53 47
62 53 50
62 53 58
62 53 59
62 53 60
62 53 65
62 53 72
62 53 73
62 53 75
62 61 4
62 61 15
62 61 20
62 61 21
62 61 22
62 61 29
62 61 36
62 61 38
62 61 40
62 61 44
62 61 47
62 61 58
62 61 59
62 61 60
62 61 65
62 61 72
62 61 73
62 67 4
62 67 5
62 67 15
62 67 20
62 67 21
62 67 25
62 67 29
62 67 34
62 67 36
62 67 38
62 67 40
62 67 44
62 67 47
62 67 50
62 67 58
62 67 59
62 67 60
62 67 65
62 67 72
62 67 73
62 68 4
62 68 5
62 68 15
62 68 20
62 68 21
62 68 22
62 68 23
62 68 25
62 68 29
62 68 34
62 68 36
62 68 44
62 68 47
62 68 50
62 68 59
62 68 60
62 68 65
62 68 72
62 68 73
62 68 75
62 70 15
62 70 20
62 70 21
62 70 22
62 70 25
62 70 29
62 70 34
62 70 36
62 70 38
62 70 40
62 70 44
62 70 47
62 70 50
62 70 58
62 70 59
62 70 60
62 70 65
62 70 72
62 70 73
62 70 75
62 71 20
62 71 21
62 71 25
62 71 29
62 71 34
62 71 38
62 71 40
62 71 44
62 71 50
62 71 58
62 71 59
62 71 60
62 71 65
62 71 72
62 71 73
62 71 75
62 76 4
62 76 5
62 76 15
62 76 20
62 76 21
62 76 22
62 76 25
62 76 29
62 76 36
62 76 38
62 76 40
62 76 44
62 76 47
62 76 50
62 76 58
62 76 59
62 76 60
62 76 65
62 76 72
62 76 73
62 77 4
62 77 15
62 77 20
62 77 21
62 77 22
62 77 23
62 77 25
62 77 29
62 77 34
62 77 36
62 77 38
62 77 40
62 77 44
62 77 47
62 77 50
62 77 59
62 77 60
62 77 65
62 77 72
62 77 73
62 77 75
63 3 4
63 3 5
63 3 15
63 3 20
63 3 21
63 3 22
63 3 23
63 3 29
63 3 36
63 3 38
63 3 40
63 3 44
63 3 47
63 3 55
63 3 58
63 3 59
63 3 60
63 3 65
63 3 72
63 3 73
63 3 75
63 13 4
63 13 5
63 13 15
63 13 20
63 13 21
63 13 22
63 13 23
63 13 29
63 13 36
63 13 38
63 13 40
63 13 43
63 13 44
63 13 46
63 13 47
63 13 54
63 13 55
63 13 58
63 13 59
63 13 60
63 13 65
63 13 72
63 13 73
63 13 75
63 18 15
63 18 20
63 18 21
63 18 22
63 18 23
63 18 29
63 18 36
63 18 38
63 18 40
63 18 44
63 18 54
63 18 55
63 18 58
63 18 59
63 18 60
63 18 65
63 18 72
63 18 73
63 18 75
63 19 4
63 19 5
63 19 15
63 19 20
63 19 21
63 19 22
63 19 23
63 19 29
63 19 36
63 19 38
63 19 40
63 19 43
63 19 44
63 19 46
63 19 47
63 19 54
63 19 55
63 19 58
63 19 59
63 19 60
63 19 65
63 19 72
63 19 73
63 19 75
63 27 5
63 27 21
63 27 23
63 27 29
63 27 36
63 27 44
63 27 46
63 27 59
63 27 60
63 27 65
63 27 72
63 27 73
63 27 75
63 31 4
63 31 5
63 31 15
63 31 20
63 31 21
63 31 29
63 31 36
63 31 38
63 31 40
63 31 43
63 31 44
63 31 47
63 31 54
63 31 55
63 31 59
63 31 60
63 31 65
63 31 72
63 31 73
63 31 75
63 35 5
63 35 15
63 35 20
63 35 21
63 35 23
63 35 29
63 35 36
63 35 38
63 35 40
63 35 43
63 35 46
63 35 54
63 35 55
63 35 58
63 35 59
63 35 60
63 35 65
63 35 72
63 35 73
63 35 75
63 42 4
63 42 5
63 42 15
63 42 20
63 42 21
63 42 22
63 42 23
63 42 29
63 42 36
63 42 38
63 42 40
63 42 43
63 42 44
63 42 46
63 42 47
63 42 54
63 42 55
63 42 58
63 42 59
63 42 60
63 42 65
63 42 72
63 42 73
63 42 75
63 48 4
63 48 5
63 48 21
63 48 23
63 48 29
63 48 36
63 48 40
63 48 43
63 48 44
63 48 47
63 48 54
63 48 55
63 48 58
63 48 59
63 48 60
63 48 65
63 48 72
63 48 73
63 48 75
63 49 4
63 49 5
63 49 15
63 49 20
63 49 21
63 49 22
63 49 23
63 49 29
63 49 36
63 49 38
63 49 40
63 49 44
63 49 46
63 49 47
63 49 58
63 49 59
63 49 60
63 49 65
63 49 72
63 49 73
63 49 75
63 67 4
63 67 5
63 67 15
63 67 20
63 67 21
63 67 29
63 67 36
63 67 38
63 67 40
63 67 43
63 67 44
63 67 46
63 67 47
63 67 54
63 67 55
63 67 58
63 67 59
63 67 60
63 67 65
63 67 72
63 67 73
63 68 4
63 68 5
63 68 15
63 68 20
63 68 21
63 68 22
63 68 23
63 68 29
63 68 36
63 68 43
63 68 44
63 68 46
63 68 47
63 68 54
63 68 55
63 68 59
63 68 60
63 68 65
63 68 72
63 68 73
63 68 75
63 70 15
63 70 20
63 70 21
63 70 22
63 70 29
63 70 36
63 70 38
63 70 40
63 70 44
63 70 46
63 70 47
63 70 54
63 70 55
63 70 58
63 70 59
63 70 60
63 70 65
63 70 72
63 70 73
63 70 75
63 71 20
63 71 21
63 71 29
63 71 38
63 71 40
63 71 44
63 71 46
63 71 54
63 71 55
63 71 58
63 71 59
63 71 60
63 71 65
63 71 72
63 71 73
63 71 75
63 76 4
63 76 5
63 76 15
63 76 20
63 76 21
63 76 22
63 76 29
63 76 36
63 76 38
63 76 40
63 76 43
63 76 44
63 76 47
63 76 54
63 76 55
63 76 58
63 76 59
63 76 60
63 76 65
63 76 72
63 76 73
63 77 4
63 77 15
63 77 20
63 77 21
63 77 22
63 77 23
63 77 29
63 77 36
63 77 38
63 77 40
63 77 43
63 77 44
63 77 46
63 77 47
63 77 54
63 77 55
63 77 59
63 77 60
63 77 65
63 77 72
63 77 73
63 77 75
63 78 4
63 78 5
63 78 15
63 78 20
63 78 21
63 78 22
63 78 29
63 78 36
63 78 38
63 78 40
63 78 44
63 78 46
63 78 47
63 78 58
63 78 59
63 78 60
63 78 65
63 78 72
63 78 73
64 3 4
64 3 5
64 3 15
64 3 20
64 3 21
64 3 22
64 3 23
64 3 29
64 3 34
64 3 36
64 3 38
64 3 40
64 3 44
64 3 47
64 3 50
64 3 55
64 3 58
64 3 59
64 3 60
64 3 65
64 3 72
64 3 73
64 3 75
64 13 4
64 13 5
64 13 15
64 13 20
64 13 21
64 13 22
64 13 23
64 13 29
64 13 34
64 13 36
64 13 38
64 13 40
64 13 43
64 13 44
64 13 46
64 13 47
64 13 50
64 13 54
64 13 55
64 13 58
64 13 59
64 13 60
64 13 65
64 13 72
64 13 73
64 13 75
64 18 15
64 18 20
64 18 21
64 18 22
64 18 23
64 18 29
64 18 34
64 18 36
64 18 38
64 18 40
64 18 44
64 18 50
64 18 54
64 18 55
64 18 58
64 18 59
64 18 60
64 18 65
64 18 72
64 18 73
64 18 75
64 19 4
64 19 5
64 19 15
64 19 20
64 19 21
64 19 22
64 19 23
64 19 29
64 19 34
64 19 36
64 19 38
64 19 40
64 19 43
64 19 44
64 19 46
64 19 47
64 19 50
64 19 54
64 19 55
64 19 58
64 19 59
64 19 60
64 19 65
64 19 72
64 19 73
64 19 75
64 27 5
64 27 21
64 27 23
64 27 29
64 27 34
64 27 36
64 27 44
64 27 46
64 27 50
64 27 59
64 27 60
64 27 65
64 27 72
64 27 73
64 27 75
64 31 4
64 31 5
64 31 15
64 31 20
64 31 21
64 31 29
64 31 34
64 31 36
64 31 38
64 31 40
64 31 43
64 31 44
64 31 47
64 31 50
64 31 54
64 31 55
64 31 59
64 31 60
64 31 65
64 31 72
64 31 73
64 31 75
64 35 5
64 35 15
64 35 20
64 35 21
64 35 23
64 35 29
64 35 34
64 35 36
64 35 38
64 35 40
64 35 43
64 35 46
64 35 50
64 35 54
64 35 55
64 35 58
64 35 59
64 35 60
64 35 65
64 35 72
64 35 73
64 35 75
64 37 4
64 37 5
64 37 15
64 37 20
64 37 21
64 37 22
64 37 23
64 37 29
64 37 34
64 37 36
64 37 38
64 37 40
64 37 43
64 37 44
64 37 46
64 37 47
64 37 50
64 37 54
64 37 55
64 37 58
64 37 59
64 37 60
64 37 65
64 37 72
64 37 73
64 37 75
64 39 4
64 39 5
64 39 15
64 39 20
64 39 21
64 39 22
64 39 23
64 39 29
64 39 34
64 39 36
64 39 38
64 39 40
64 39 46
64 39 47
64 39 50
64 39 55
64 39 58
64 39 59
64 39 60
64 39 65
64 39 72
64 39 73
64 39 75
64 42 4
64 42 5
64 42 15
64 42 20
64 42 21
64 42 22
64 42 23
64 42 29
64 42 34
64 42 36
64 42 38
64 42 40
64 42 43
64 42 44
64 42 46
64 42 47
64 42 50
64 42 54
64 42 55
64 42 58
64 42 59
64 42 60
64 42 65
64 42 72
64 42 73
64 42 75
64 48 4
64 48 5
64 48 21
64 48 23
64 48 29
64 48 34
64 48 36
64 48 40
64 48 43
64 48 44
64 48 47
64 48 50
64 48 54
64 48 55
64 48 58
64 48 59
64 48 60
64 48 65
64 48 72
64 48 73
64 48 75
64 49 4
64 49 5
64 49 15
64 49 20
64 49 21
64 49 22
64 49 23
64 49 29
64 49 34
64 49 36
64 49 38
64 49 40
64 49 44
64 49 46
64 49 47
64 49 50
64 49 58
64 49 59
64 49 60
64 49 65
64 49 72
64 49 73
64 49 75
64 67 4
64 67 5
64 67 15
64 67 20
64 67 21
64 67 29
64 67 34
64 67 36
64 67 38
64 67 40
64 67 43
64 67 44
64 67 46
64 67 47
64 67 50
64 67 54
64 67 55
64 67 58
64 67 59
64 67 60
64 67 65
64 67 72
64 67 73
64 68 4
64 68 5
64 68 15
64 68 20
64 68 21
64 68 22
64 68 23
64 68 29
64 68 34
64 68 36
64 68 43
64 68 44
64 68 46
64 68 47
64 68 50
64 68 54
64 68 55
64 68 59
64 68 60
64 68 65
64 68 72
64 68 73
64 68 75
64 70 15
64 70 20
64 70 21
64 70 22
64 70 29
64 70 34
64 70 36
64 70 38
64 70 40
64 70 44
64 70 46
64 70 47
64 70 50
64 70 54
64 70 55
64 70 58
64 70 59
64 70 60
64 70 65
64 70 72
64 70 73
64 70 75
64 71 20
64 71 21
64 71 29
64 71 34
64 71 38
64 71 40
64 71 44
64 71 46
64 71 50
64 71 54
64 71 55
64 71 58
64 71 59
64 71 60
64 71 65
64 71 72
64 71 73
64 71 75
64 76 4
64 76 5
64 76 15
64 76 20
64 76 21
64 76 22
64 76 29
64 76 36
64 76 38
64 76 40
64 76 43
64 76 44
64 76 47
64 76 50
64 76 54
64 76 55
64 76 58
64 76 59
64 76 60
64 76 65
64 76 72
64 76 73
64 77 4
64 77 15
64 77 20
64 77 21
64 77 22
64 77 23
64 77 29
64 77 34
64 77 36
64 77 38
64 77 40
64 77 43
64 77 44
64 77 46
64 77 47
64 77 50
64 77 54
64 77 55
64 77 59
64 77 60
64 77 65
64 77 72
64 77 73
64 77 75
64 78 4
64 78 5
64 78 15
64 78 20
64 78 21
64 78 22
64 78 29
64 78 34
64 78 36
64 78 38
64 78 40
64 78 44
64 78 46
64 78 47
64 78 50
64 78 58
64 78 59
64 78 60
64 78 65
64 78 72
64 78 73
66 13 4
66 13 5
66 13 20
66 13 21
66 13 22
66 13 23
66 13 25
66 13 29
66 13 34
66 13 36
66 13 38
66 13 40
66 13 44
66 13 47
66 13 50
66 13 55
66 13 58
66 13 59
66 13 60
66 13 65
66 13 72
66 13 73
66 13 75
66 18 20
66 18 21
66 18 22
66 18 23
66 18 25
66 18 29
66 18 34
66 18 36
66 18 38
66 18 40
66 18 44
66 18 50
66 18 55
66 18 58
66 18 59
66 18 60
66 18 65
66 18 72
66 18 73
66 18 75
66 19 4
66 19 5
66 19 20
66 19 21
66 19 22
66 19 23
66 19 25
66 19 29
66 19 34
66 19 36
66 19 38
66 19 40
66 19 44
66 19 47
66 19 50
66 19 55
66 19 58
66 19 59
66 19 60
66 19 65
66 19 72
66 19 73
66 19 75
66 27 5
66 27 21
66 27 23
66 27 25
66 27 29
66 27 34
66 27 36
66 27 44
66 27 50
66 27 59
66 27 60
66 27 65
66 27 72
66 27 73
66 27 75
66 31 4
66 31 5
66 31 20
66 31 21
66 31 25
66 31 29
66 31 34
66 31 36
66 31 38
66 31 40
66 31 44
66 31 47
66 31 50
66 31 55
66 31 59
66 31 60
66 31 65
66 31 72
66 31 73
66 31 75
66 32 4
66 32 5
66 32 20
66 32 21
66 32 22
66 32 23
66 32 29
66 32 34
66 32 36
66 32 38
66 32 40
66 32 47
66 32 50
66 32 55
66 32 58
66 32 59
66 32 60
66 32 65
66 32 72
66 32 73
66 32 75
66 35 5
66 35 20
66 35 21
66 35 23
66 35 25
66 35 29
66 35 34
66 35 36
66 35 38
66 35 40
66 35 50
66 35 55
66 35 58
66 35 59
66 35 60
66 35 65
66 35 72
66 35 73
66 35 75
66 37 4
66 37 5
66 37 20
66 37 21
66 37 22
66 37 23
66 37 29
66 37 34
66 37 36
66 37 38
66 37 40
66 37 44
66 37 47
66 37 50
66 37 55
66 37 58
66 37 59
66 37 60
66 37 65
66 37 72
66 37 73
66 37 75
66 42 4
66 42 5
66 42 20
66 42 21
66 42 22
66 42 23
66 42 25
66 42 29
66 42 34
66 42 36
66 42 38
66 42 40
66 42 44
66 42 47
66 42 50
66 42 55
66 42 58
66 42 59
66 42 60
66 42 65
66 42 72
66 42 73
66 42 75
66 48 4
66 48 5
66 48 21
66 48 23
66 48 25
66 48 29
66 48 34
66 48 36
66 48 40
66 48 44
66 48 47
66 48 50
66 48 55
66 48 58
66 48 59
66 48 60
66 48 65
66 48 72
66 48 73
66 48 75
66 49 4
66 49 5
66 49 20
66 49 21
66 49 22
66 49 23
66 49 25
66 49 29
66 49 34
66 49 36
66 49 38
66 49 40
66 49 44
66 49 47
66 49 50
66 49 58
66 49 59
66 49 60
66 49 65
66 49 72
66 49 73
66 49 75
66 53 20
66 53 21
66 53 22
66 53 23
66 53 29
66 53 34
66 53 36
66 53 38
66 53 40
66 53 44
66 53 47
66 53 50
66 53 55
66 53 58
66 53 59
66 53 60
66 53 65
66 53 72
66 53 73
66 53 75
66 61 4
66 61 20
66 61 21
66 61 22
66 61 29
66 61 36
66 61 38
66 61 40
66 61 44
66 61 47
66 61 55
66 61 58
66 61 59
66 61 60
66 61 65
66 61 72
66 61 73
66 67 4
66 67 5
66 67 20
66 67 21
66 67 25
66 67 29
66 67 34
66 67 36
66 67 38
66 67 40
66 67 44
66 67 47
66 67 50
66 67 55
66 67 58
66 67 59
66 67 60
66 67 65
66 67 72
66 67 73
66 68 4
66 68 5
66 68 20
66 68 21
66 68 22
66 68 23
66 68 25
66 68 29
66 68 34
66 68 36
66 68 44
66 68 47
66 68 50
66 68 55
66 68 59
66 68 60
66 68 65
66 68 72
66 68 73
66 68 75
66 70 20
66 70 21
66 70 22
66 70 25
66 70 29
66 70 34
66 70 36
66 70 38
66 70 40
66 70 44
66 70 47
66 70 50
66 70 55
66 70 58
66 70 59
66 70 60
66 70 65
66 70 72
66 70 73
66 70 75
66 71 20
66 71 21
66 71 25
66 71 29
66 71 34
66 71 38
66 71 40
66 71 44
66 71 50
66 71 55
66 71 58
66 71 59
66 71 60
66 71 65
66 71 72
66 71 73
66 71 75
66 76 4
66 76 5
66 76 20
66 76 21
66 76 22
66 76 25
66 76 29
66 76 36
66 76 38
66 76 40
66 76 44
66 76 47
66 76 50
66 76 55
66 76 58
66 76 59
66 76 60
66 76 65
66 76 72
66 76 73
66 77 4
66 77 20
66 77 21
66 77 22
66 77 23
66 77 25
66 77 29
66 77 34
66 77 36
66 77 38
66 77 40
66 77 44
66 77 47
66 77 50
66 77 55
66 77 59
66 77 60
66 77 65
66 77 72
66 77 73
66 77 75
66 78 4
66 78 5
66 78 20
66 78 21
66 78 22
66 78 25
66 78 29
66 78 34
66 78 36
66 78 38
66 78 40
66 78 44
66 78 47
66 78 50
66 78 58
66 78 59
66 78 60
66 78 65
66 78 72
66 78 73
69 3 5
69 3 15
69 3 20
69 3 21
69 3 22
69 3 25
69 3 29
69 3 36
69 3 38
69 3 40
69 3 44
69 3 50
69 3 58
69 3 59
69 3 60
69 3 65
69 3 72
69 3 73
69 13 5
69 13 15
69 13 20
69 13 21
69 13 22
69 13 25
69 13 29
69 13 36
69 13 38
69 13 40
69 13 43
69 13 44
69 13 46
69 13 50
69 13 54
69 13 58
69 13 59
69 13 60
69 13 65
69 13 72
69 13 73
69 18 15
69 18 20
69 18 21
69 18 22
69 18 25
69 18 29
69 18 36
69 18 38
69 18 40
69 18 44
69 18 50
69 18 54
69 18 58
69 18 59
69 18 60
69 18 65
69 18 72
69 18 73
69 19 5
69 19 15
69 19 20
69 19 21
69 19 22
69 19 25
69 19 29
69 19 36
69 19 38
69 19 40
69 19 43
69 19 44
69 19 46
69 19 50
69 19 54
69 19 58
69 19 59
69 19 60
69 19 65
69 19 72
69 19 73
69 31 5
69 31 15
69 31 20
69 31 21
69 31 25
69 31 29
69 31 36
69 31 38
69 31 40
69 31 43
69 31 44
69 31 50
69 31 54
69 31 59
69 31 60
69 31 65
69 31 72
69 31 73
69 32 5
69 32 15
69 32 20
69 32 21
69 32 22
69 32 29
69 32 36
69 32 38
69 32 40
69 32 43
69 32 46
69 32 50
69 32 54
69 32 58
69 32 59
69 32 60
69 32 65
69 32 72
69 32 73
69 35 5
69 35 15
69 35 20
69 35 21
69 35 25
69 35 29
69 35 36
69 35 38
69 35 40
69 35 43
69 35 46
69 35 50
69 35 54
69 35 58
69 35 59
69 35 60
69 35 65
69 35 72
69 35 73
69 37 5
69 37 15
69 37 20
69 37 21
69 37 22
69 37 29
69 37 36
69 37 38
69 37 40
69 37 43
69 37 44
69 37 46
69 37 50
69 37 54
69 37 58
69 37 59
69 37 60
69 37 65
69 37 72
69 37 73
69 39 5
69 39 15
69 39 20
69 39 21
69 39 22
69 39 29
69 39 36
69 39 38
69 39 40
69 39 46
69 39 50
69 39 58
69 39 59
69 39 60
69 39 65
69 39 72
69 39 73
69 42 5
69 42 15
69 42 20
69 42 21
69 42 22
69 42 25
69 42 29
69 42 36
69 42 38
69 42 40
69 42 43
69 42 44
69 42 46
69 42 50
69 42 54
69 42 58
69 42 59
69 42 60
69 42 65
69 42 72
69 42 73
69 48 5
69 48 21
69 48 25
69 48 29
69 48 36
69 48 40
69 48 43
69 48 44
69 48 50
69 48 54
69 48 58
69 48 59
69 48 60
69 48 65
69 48 72
69 48 73
69 53 15
69 53 20
69 53 21
69 53 22
69 53 29
69 53 36
69 53 38
69 53 40
69 53 44
69 53 46
69 53 50
69 53 54
69 53 58
69 53 59
69 53 60
69 53 65
69 53 72
69 53 73
69 68 5
69 68 15
69 68 20
69 68 21
69 68 22
69 68 25
69 68 29
69 68 36
69 68 43
69 68 44
69 68 46
69 68 50
69 68 54
69 68 59
69 68 60
69 68 65
69 68 72
69 68 73
69 70 15
69 70 20
69 70 21
69 70 22
69 70 25
69 70 29
69 70 36
69 70 38
69 70 40
69 70 44
69 70 46
69 70 50
69 70 54
69 70 58
69 70 59
69 70 60
69 70 65
69 70 72
69 70 73
69 71 20
69 71 21
69 71 25
69 71 29
69 71 38
69 71 40
69 71 44
69 71 46
69 71 50
69 71 54
69 71 58
69 71 59
69 71 60
69 71 65
69 71 72
69 71 73
69 77 15
69 77 20
69 77 21
69 77 22
69 77 25
69 77 29
69 77 36
69 77 38
69 77 40
69 77 43
69 77 44
69 77 46
69 77 50
69 77 54
69 77 59
69 77 60
69 77 65
69 77 72
69 77 73
74 3 4
74 3 5
74 3 15
74 3 20
74 3 21
74 3 22
74 3 23
74 3 25
74 3 29
74 3 34
74 3 36
74 3 38
74 3 40
74 3 44
74 3 47
74 3 50
74 3 55
74 3 58
74 3 59
74 3 60
74 3 65
74 3 72
74 3 73
74 3 75
74 13 4
74 13 5
74 13 15
74 13 20
74 13 21
74 13 22
74 13 23
74 13 25
74 13 29
74 13 34
74 13 36
74 13 38
74 13 40
74 13 43
74 13 44
74 13 46
74 13 47
74 13 50
74 13 54
74 13 55
74 13 58
74 13 59
74 13 60
74 13 65
74 13 72
74 13 73
74 13 75
74 18 15
74 18 20
74 18 21
74 18 22
74 18 23
74 18 25
74 18 29
74 18 34
74 18 36
74 18 38
74 18 40
74 18 44
74 18 50
74 18 54
74 18 55
74 18 58
74 18 59
74 18 60
74 18 65
74 18 72
74 18 73
74 18 75
74 19 4
74 19 5
74 19 15
74 19 20
74 19 21
74 19 22
74 19 23
74 19 25
74 19 29
74 19 34
74 19 36
74 19 38
74 19 40
74 19 43
74 19 44
74 19 46
74 19 47
74 19 50
74 19 54
74 19 55
74 19 58
74 19 59
74 19 60
74 19 65
74 19 72
74 19 73
74 19 75
74 27 5
74 27 21
74 27 23
74 27 25
74 27 29
74 27 34
74 27 36
74 27 44
74 27 46
74 27 50
74 27 59
74 27 60
74 27 65
74 27 72
74 27 73
74 27 75
74 31 4
74 31 5
74 31 15
74 31 20
74 31 21
74 31 25
74 31 29
74 31 34
74 31 36
74 31 38
74 31 40
74 31 43
74 31 44
74 31 47
74 31 50
74 31 54
74 31 55
74 31 59
74 31 60
74 31 65
74 31 72
74 31 73
74 31 75
74 32 4
74 32 5
74 32 15
74 32 20
74 32 21
74 32 22
74 32 23
74 32 29
74 32 34
74 32 36
74 32 38
74 32 40
74 32 43
74 32 46
74 32 47
74 32 50
74 32 54
74 32 55
74 32 58
74 32 59
74 32 60
74 32 65
74 32 72
74 32 73
74 32 75
74 35 5
74 35 15
74 35 20
74 35 21
74 35 23
74 35 25
74 35 29
74 35 34
74 35 36
74 35 38
74 35 40
74 35 43
74 35 46
74 35 50
74 35 54
74 35 55
74 35 58
74 35 59
74 35 60
74 35 65
74 35 72
74 35 73
74 35 75
74 37 4
74 37 5
74 37 15
74 37 20
74 37 21
74 37 22
74 37 23
74 37 29
74 37 34
74 37 36
74 37 38
74 37 40
74 37 43
74 37 44
74 37 46
74 37 47
74 37 50
74 37 54
74 37 55
74 37 58
74 37 59
74 37 60
74 37 65
74 37 72
74 37 73
74 37 75
74 39 4
74 39 5
74 39 15
74 39 20
74 39 21
74 39 22
74 39 23
74 39 29
74 39 34
74 39 36
74 39 38
74 39 40
74 39 46
74 39 47
74 39 50
74 39 55
74 39 58
74 39 59
74 39 60
74 39 65
74 39 72
74 39 73
74 39 75
74 42 4
74 42 5
74 42 15
74 42 20
74 42 21
74 42 22
74 42 23
74 42 25
74 42 29
74 42 34
74 42 36
74 42 38
74 42 40
74 42 43
74 42 44
74 42 46
74 42 47
74 42 50
74 42 54
74 42 55
74 42 58
74 42 59
74 42 60
74 42 65
74 42 72
74 42 73
74 42 75
74 48 4
74 48 5
74 48 21
74 48 23
74 48 25
74 48 29
74 48 34
74 48 36
74 48 40
74 48 43
74 48 44
74 48 47
74 48 50
74 48 54
74 48 55
74 48 58
74 48 59
74 48 60
74 48 65
74 48 72
74 48 73
74 48 75
74 49 4
74 49 5
74 49 15
74 49 20
74 49 21
74 49 22
74 49 23
74 49 25
74 49 29
74 49 34
74 49 36
74 49 38
74 49 40
74 49 44
74 49 46
74 49 47
74 49 50
74 49 58
74 49 59
74 49 60
74 49 65
74 49 72
74 49 73
74 49 75
74 53 15
74 53 20
74 53 21
74 53 22
74 53 23
74 53 29
74 53 34
74 53 36
74 53 38
74 53 40
74 53 44
74 53 46
74 53 47
74 53 50
74 53 54
74 53 55
74 53 58
74 53 59
74 53 60
74 53 65
74 53 72
74 53 73
74 53 75
74 61 4
74 61 15
74 61 20
74 61 21
74 61 22
74 61 29
74 61 36
74 61 38
74 61 40
74 61 43
74 61 44
74 61 46
74 61 47
74 61 54
74 61 55
74 61 58
74 61 59
74 61 60
74 61 65
74 61 72
74 61 73
74 67 4
74 67 5
74 67 15
74 67 20
74 67 21
74 67 25
74 67 29
74 67 34
74 67 36
74 67 38
74 67 40
74 67 43
74 67 44
74 67 46
74 67 47
74 67 50
74 67 54
74 67 55
74 67 58
74 67 59
74 67 60
74 67 65
74 67 72
74 67 73
74 68 4
74 68 5
74 68 15
74 68 20
74 68 21
74 68 22
74 68 23
74 68 25
74 68 29
74 68 34
74 68 36
74 68 43
74 68 44
74 68 46
74 68 47
74 68 50
74 68 54
74 68 55
74 68 59
74 68 60
74 68 65
74 68 72
74 68 73
74 68 75
74 70 15
74 70 20
74 70 21
74 70 22
74 70 25
74 70 29
74 70 34
74 70 36
74 70 38
74 70 40
74 70 44
74 70 46
74 70 47
74 70 50
74 70 54
74 70 55
74 70 58
74 70 59
74 70 60
74 70 65
74 70 72
74 70 73
74 70 75
74 71 20
74 71 21
74 71 25
74 71 29
74 71 34
74 71 38
74 71 40
74 71 44
74 71 46
74 71 50
74 71 54
74 71 55
74 71 58
74 71 59
74 71 60
74 71 65
74 71 72
74 71 73
74 71 75
74 76 4
74 76 5
74 76 15
74 76 20
74 76 21
74 76 22
74 76 25
74 76 29
74 76 36
74 76 38
74 76 40
74 76 43
74 76 44
74 76 47
74 76 50
74 76 54
74 76 55
74 76 58
74 76 59
74 76 60
74 76 65
74 76 72
74 76 73
74 77 4
74 77 15
74 77 20
74 77 21
74 77 22
74 77 23
74 77 25
74 77 29
74 77 34
74 77 36
74 77 38
74 77 40
74 77 43
74 77 44
74 77 46
74 77 47
74 77 50
74 77 54
74 77 55
74 77 59
74 77 60
74 77 65
74 77 72
74 77 73
74 77 75
74 78 4
74 78 5
74 78 15
74 78 20
74 78 21
74 78 22
74 78 25
74 78 29
74 78 34
74 78 36
74 78 38
74 78 40
74 78 44
74 78 46
74 78 47
74 78 50
74 78 58
74 78 59
74 78 60
74 78 65
74 78 72
74 78 73
79 3 4
79 3 5
79 3 15
79 3 20
79 3 21
79 3 22
79 3 23
79 3 25
79 3 29
79 3 34
79 3 36
79 3 38
79 3 40
79 3 44
79 3 47
79 3 50
79 3 55
79 3 58
79 3 59
79 3 60
79 3 65
79 3 72
79 3 73
79 3 75
79 13 4
79 13 5
79 13 15
79 13 20
79 13 21
79 13 22
79 13 23
79 13 25
79 13 29
79 13 34
79 13 36
79 13 38
79 13 40
79 13 43
79 13 44
79 13 46
79 13 47
79 13 50
79 13 54
79 13 55
79 13 58
79 13 59
79 13 60
79 13 65
79 13 72
79 13 73
79 13 75
79 18 15
79 18 20
79 18 21
79 18 22
79 18 23
79 18 25
79 18 29
79 18 34
79 18 36
79 18 38
79 18 40
79 18 44
79 18 50
79 18 54
79 18 55
79 18 58
79 18 59
79 18 60
79 18 65
79 18 72
79 18 73
79 18 75
79 19 4
79 19 5
79 19 15
79 19 20
79 19 21
79 19 22
79 19 23
79 19 25
79 19 29
79 19 34
79 19 36
79 19 38
79 19 40
79 19 43
79 19 44
79 19 46
79 19 47
79 19 50
79 19 54
79 19 55
79 19 58
79 19 59
79 19 60
79 19 65
79 19 72
79 19 73
79 19 75
79 27 5
79 27 21
79 27 23
79 27 25
79 27 29
79 27 34
79 27 36
79 27 44
79 27 46
79 27 50
79 27 59
79 27 60
79 27 65
79 27 72
79 27 73
79 27 75
79 31 4
79 31 5
79 31 15
79 31 20
79 31 21
79 31 25
79 31 29
79 31 34
79 31 36
79 31 38
79 31 40
79 31 43
79 31 44
79 31 47
79 31 50
79 31 54
79 31 55
79 31 59
79 31 60
79 31 65
79 31 72
79 31 73
79 31 75
79 32 4
79 32 5
79 32 15
79 32 20
79 32 21
79 32 22
79 32 23
79 32 29
79 32 34
79 32 36
79 32 38
79 32 40
79 32 43
79 32 46
79 32 47
79 32 50
79 32 54
79 32 55
79 32 58
79 32 59
79 32 60
79 32 65
79 32 72
79 32 73
79 32 75
79 35 5
79 35 15
79 35 20
79 35 21
79 35 23
79 35 25
79 35 29
79 35 34
79 35 36
79 35 38
79 35 40
79 35 43
79 35 46
79 35 50
79 35 54
79 35 55
79 35 58
79 35 59
79 35 60
79 35 65
79 35 72
79 35 73
79 35 75
79 37 4
79 37 5
79 37 15
79 37 20
79 37 21
79 37 22
79 37 23
79 37 29
79 37 34
79 37 36
79 37 38
79 37 40
79 37 43
79 37 44
79 37 46
79 37 47
79 37 50
79 37 54
79 37 55
79 37 58
79 37 59
79 37 60
79 37 65
79 37 72
79 37 73
79 37 75
79 39 4
79 39 5
79 39 15
79 39 20
79 39 21
79 39 22
79 39 23
79 39 29
79 39 34
79 39 36
79 39 38
79 39 40
79 39 46
79 39 47
79 39 50
79 39 55
79 39 58
79 39 59
79 39 60
79 39 65
79 39 72
79 39 73
79 39 75
79 42 4
79 42 5
79 42 15
79 42 20
79 42 21
79 42 22
79 42 23
79 42 25
79 42 29
79 42 34
79 42 36
79 42 38
79 42 40
79 42 43
79 42 44
79 42 46
79 42 47
79 42 50
79 42 54
79 42 55
79 42 58
79 42 59
79 42 60
79 42 65
79 42 72
79 42 73
79 42 75
79 48 4
79 48 5
79 48 21
79 48 23
79 48 25
79 48 29
79 48 34
79 48 36
79 48 40
79 48 43
79 48 44
79 48 47
79 48 50
79 48 54
79 48 55
79 48 58
79 48 59
79 48 60
79 48 65
79 48 72
79 48 73
79 48 75
79 49 4
79 49 5
79 49 15
79 49 20
79 49 21
79 49 22
79 49 23
79 49 25
79 49 29
79 49 34
79 49 36
79 49 38
79 49 40
79 49 44
79 49 46
79 49 47
79 49 50
79 49 58
79 49 59
79 49 60
79 49 65
79 49 72
79 49 73
79 49 75
79 53 15
79 53 20
79 53 21
79 53 22
79 53 23
79 53 29
79 53 34
79 53 36
79 53 38
79 53 40
79 53 44
79 53 46
79 53 47
79 53 50
79 53 54
79 53 55
79 53 58
79 53 59
79 53 60
79 53 65
79 53 72
79 53 73
79 53 75
79 61 4
79 61 15
79 61 20
79 61 21
79 61 22
79 61 29
79 61 36
79 61 38
79 61 40
79 61 43
79 61 44
79 61 46
79 61 47
79 61 54
79 61 55
79 61 58
79 61 59
79 61 60
79 61 65
79 61 72
79 61 73
79 67 4
79 67 5
79 67 15
79 67 20
79 67 21
79 67 25
79 67 29
79 67 34
79 67 36
79 67 38
79 67 40
79 67 43
79 67 44
79 67 46
79 67 47
79 67 50
79 67 54
79 67 55
79 67 58
79 67 59
79 67 60
79 67 65
79 67 72
79 67 73
79 68 4
79 68 5
79 68 15
79 68 20
79 68 21
79 68 22
79 68 23
79 68 25
79 68 29
79 68 34
79 68 36
79 68 43
79 68 44
79 68 46
79 68 47
79 68 50
79 68 54
79 68 55
79 68 59
79 68 60
79 68 65
79 68 72
79 68 73
79 68 75
79 70 15
79 70 20
79 70 21
79 70 22
79 70 25
79 70 29
79 70 34
79 70 36
79 70 38
79 70 40
79 70 44
79 70 46
79 70 47
79 70 50
79 70 54
79 70 55
79 70 58
79 70 59
79 70 60
79 70 65
79 70 72
79 70 73
79 70 75
79 71 20
79 71 21
79 71 25
79 71 29
79 71 34
79 71 38
79 71 40
79 71 44
79 71 46
79 71 50
79 71 54
79 71 55
79 71 58
79 71 59
79 71 60
79 71 65
79 71 72
79 71 73
79 71 75
79 76 4
79 76 5
79 76 15
79 76 20
79 76 21
79 76 22
79 76 25
79 76 29
79 76 36
79 76 38
79 76 40
79 76 43
79 76 44
79 76 47
79 76 50
79 76 54
79 76 55
79 76 58
79 76 59
79 76 60
79 76 65
79 76 72
79 76 73
79 77 4
79 77 15
79 77 20
79 77 21
79 77 22
79 77 23
79 77 25
79 77 29
79 77 34
79 77 36
79 77 38
79 77 40
79 77 43
79 77 44
79 77 46
79 77 47
79 77 50
79 77 54
79 77 55
79 77 59
79 77 60
79 77 65
79 77 72
79 77 73
79 77 75
79 78 4
79 78 5
79 78 15
79 78 20
79 78 21
79 78 22
79 78 25
79 78 29
79 78 34
79 78 36
79 78 38
79 78 40
79 78 44
79 78 46
79 78 47
79 78 50
79 78 58
79 78 59
79 78 60
79 78 65
79 78 72
79 78 73