-1->akh->zkbv->nwsx->qif->aa->bfvr->amal->aatg->vkvzx->jdc->mnto->mri->ml->yvdly->hqz->izkcm->aatg
-1->akh->zkbv->nwsx->qif->aa->bfvr->amal->aatg->vkvzx->mcifr->fc->c->kcvd->ml->yvdly->hqz->izkcm->aatg
-1->bvy->kcvd->ml->yvdly->hqz->izkcm->aatg->vkvzx->jdc->mnto->mri->ml
-1->bvy->kcvd->ml->yvdly->hqz->izkcm->aatg->vkvzx->mcifr->fc->c->kcvd
-1->fc->c->kcvd->ml->yvdly->hqz->izkcm->aatg->vkvzx->jdc->mnto->mri->ml
-1->fc->c->kcvd->ml->yvdly->hqz->izkcm->aatg->vkvzx->mcifr->fc
-1->jsi->ivvm->iyha->tppzp->o->go->oo->zvd->vo->c->kcvd->ml->yvdly->hqz->izkcm->aatg->vkvzx->jdc->mnto->mri->ml
-1->jsi->ivvm->iyha->tppzp->o->go->oo->zvd->vo->c->kcvd->ml->yvdly->hqz->izkcm->aatg->vkvzx->mcifr->fc->c
-1->jsi->ybhf->akh->zkbv->nwsx->qif->aa->bfvr->amal->aatg->vkvzx->jdc->mnto->mri->ml->yvdly->hqz->izkcm->aatg
-1->jsi->ybhf->akh->zkbv->nwsx->qif->aa->bfvr->amal->aatg->vkvzx->mcifr->fc->c->kcvd->ml->yvdly->hqz->izkcm->aatg
-1->lnmit->yif->mri->ml->yvdly->hqz->izkcm->aatg->vkvzx->jdc->mnto->mri
-1->lnmit->yif->mri->ml->yvdly->hqz->izkcm->aatg->vkvzx->mcifr->fc->c->kcvd->ml
-1->ml->yvdly->hqz->izkcm->aatg->vkvzx->jdc->mnto->mri->ml
-1->ml->yvdly->hqz->izkcm->aatg->vkvzx->mcifr->fc->c->kcvd->ml
-1->ocg->x->eyed->zs->x
-1->qif->aa->bfvr->amal->aatg->vkvzx->jdc->mnto->mri->ml->yvdly->hqz->izkcm->aatg
-1->qif->aa->bfvr->amal->aatg->vkvzx->mcifr->fc->c->kcvd->ml->yvdly->hqz->izkcm->aatg
-1->rh->ybhf->akh->zkbv->nwsx->qif->aa->bfvr->amal->aatg->vkvzx->jdc->mnto->mri->ml->yvdly->hqz->izkcm->aatg
-1->rh->ybhf->akh->zkbv->nwsx->qif->aa->bfvr->amal->aatg->vkvzx->mcifr->fc->c->kcvd->ml->yvdly->hqz->izkcm->aatg
-1->tppzp->o->go->oo->zvd->vo->c->kcvd->ml->yvdly->hqz->izkcm->aatg->vkvzx->jdc->mnto->mri->ml
-1->tppzp->o->go->oo->zvd->vo->c->kcvd->ml->yvdly->hqz->izkcm->aatg->vkvzx->mcifr->fc->c
-1->tzrlm->ocg->x->eyed->zs->x
-1->ze->w->r->gdyp->ssof->bvy->kcvd->ml->yvdly->hqz->izkcm->aatg->vkvzx->jdc->mnto->mri->ml
-1->ze->w->r->gdyp->ssof->bvy->kcvd->ml->yvdly->hqz->izkcm->aatg->vkvzx->mcifr->fc->c->kcvd
