54
34
119 34 36
80 119 34 36
59 103 90 79 37 54 121 68
-1
6
80 119 73 34 6 36 59
109 103 1 90 79 37 121 68 129
80 119 109 73 34 6 36 59
80 88 119 109 73 34 36 59 79
-1
94 91 103 1 90 71 37 6 121 54 92 39 24
80 88 94 119 109 91 73 34 36 59 79 103 1 90 71
80
10 126 94 119 109 91 73 88 34 60
10 126 127 94 119 91 73
10 126
10 126 32 127 94 119 91 2 73 88 34 60 62 124 36 59 79 1 109 103 106 90 69 39 37 80 6 68 23 22 29 121 128 84 54 92 118 24 129 28 85 125
29 10 126 32 127 94 119 91 2 73 88 34 60 62 124 36 59 79 1 109 103 106 90 81 69
105 39 45 37 80 6 68 23 22 121 128 84 54 92 118 24 129
55 28 85 125 120
-1
-1
-1
29 10 38 126 32 127 94 119 1 91 105 42 2 73 88 34
29 10 38 126 32 127 94 119 1
29 86 10 74 38 126 32 127 94 119 1 120 20 91 42 2 73 95 34 98 55 88 105 62 124
29 86 10 74 38 126 32 127 94 119 1 120 20 91 42 2 73 95 34 98 55 88 105 62 124 60 36 115 67 59 79 63 109 103 106 50 90 81 69
