422
335 444 477
331
-1
400
326 247 331
128
156 128 468 54 160 255 326
-1
247 331 422
268 416 103
28 156 128 468
28 156 128 468 54 160 255 268
28 156 128 468 54 160 255 268 47 326 416 112 247 331 400 422 103 352 286 118 240 80 335
-1
332 213 153 386 218 279
-1
-1
353 112 28 471 156 128 468
353 112 28 471 156 128 468 332 54 160 255 268 213 47 326 416
353 468 112 336 28 471 156 128 54 160 255 342 268 213 47 326
353 468 112 336 28 471 156 128 165 160 342
160 353 468 112 336 452 28 471 156 128 299 165 342 268 213 47 326 416 247 144 400 59 422 103 432 286 240 31 420 118 255 331 352 80 335 241 153 441 386 218 291 279 444 97
196 63 9
-1
160 353 468 112 336 452 28 471 156 128 299 325 165 342 268 90 213 47 483 326 416
177 366 247 144 400 59 422 103 432 286 240 31 420 118 255 331 352 80 335 241 153 196 441 386 218
160 63 353 468 112 214 336 452 28 471 156 128 299 325 165 177 342 268 90 213 47 483 326 416 366 247 144 400 59 422 103 286 179 432 240 31 420 118
312 255 331 352 80 335 241
160 63 353 468 112 214 336 53 452 28 471 156 128 299
160 63 112 214 53 452 28 471 163 156 128 299 353 421 325 177 342 284 268 90 97 91 213 47 483 326 476 416 468 153 118 381 366 312 247 144 400 291 59 422 103 286 48 432 240 31 139 420 255 331 78 352 80 335 336 411 241 196 441 179 386 218 279 444 9
100 182 165 121 54 477 142 332
-1
160 63 48 112
160
63 48 112 214 422 239 162 452 481 28 471 163 156 128 299 353 421 325 100 305 177 253 135 292 284 268 90 97 91 213 47 483 326 280 476 416 468 153 140 118 381 366 312 247 144 400 443 70 291 196 59 103 286 40 182 432 240 31 139 107 420 255 331 78 342 352 80 335 336 411 241 441 179 386 218 279 444
-1
160 63 48 112 214 422 239 162 452 481 380 70 28 471 163 156 128 299 353 421 325 100 305 177 253 135 292 284 268 90 97 91 363 213 47 483 326
-1
160 63 48 112 214 182 422 239 134 452 481 380 70 28 471 163 156 128 299 353 421 325 140 162 100 305 177 253 371 135 292 284 268 90 97 480 91 392 363 213 47 483 326 280 476 416 468 240 153 118 381 366 312 247 144 400 346 443 359 291 196 59 103 286 40 432 31 139 107 420 255 331 78
160 63 48 112 214 182 422 239 134 452 481
160 63 48 112 214 182 422 239 134 452 481 380 70 28 471 163 156 128 299 353 421 325 140 162 100 278 305 177 253 371 135 292 226 284 268 90 97 480 91 392 363
-1
160 63 48
160 63 48 112 214 182 422 239 134 452 481 380 70 28 471 163 377 31 156 128 299 353 421 140 162 100 145 278 305 177 253 371 135 226 284 268 90 97 480 392 363 213 230 47 483 326 280 1 476 416 468 240 153 118 295 381
366 312 143 247
144 400 346 443 463 41 359 291 91 196 173 59 103 286 40 352 432 45
-1
160 63 48 112 214 182 81 422 239 134 312 452 481 380 70 28 471 230 163 377 31 156 128 299 353 421 140 162 100 145 120 278 305 177 253 371 135 226 284
160 63 48 112 214 182 81 422 239 134 312 452 488 481 380 70 28 416 471 230 163 377 31 156 128 299 353 421 140 162 100 145 120 278 305 177 253 371 135 226 284 268 90 97 480 392 363 213 47 483 326 280 1 476 468 240 153 118 295 381 366 143 247 144 400 346 443 463 41 359 291 91 196 173 59 103 286 40 352 432 45 139 107 420 255 331 78 232 342 80 101 336 411 244 251 241 124 319 441 386 325 179 292 450 218
160 63 48 112 214 182 81 422 239 134 312 452 488 380 70 28 416 471 230 163 377 31 156 128 299 353 421 140 162 100 145 120 278 305 177 253 371 135 226 284 268 90 97 480 392 363 213 47 483 326 280 1 481 476 468 240 153 118 295 381 366 143 247 144 400 346 443 463 41 359 291 91 196 173 59 103 286 40 352 432 45 139 107 420 255 331 78 232 342 80 101 336 411 244 251 241 124 319 441 386 325 179 292 450 218 33 279 444
-1
-1
-1
-1
160 63 48 112 214 182 81 239 363 367 134 312 452 488 380 70 28 416 471 230 163 200 377 31 156 128 299 353 421 336 140 162 100 145 120 278 305 177 253 371 494 135 226 284 268 90 97 480
422 392 213 47 73 483 326 280 1 481 476 408 468 240 153
-1
118 295 381 366 143 247 144 400 346 443 463 41 359 291 91 196 173 59 103 286 40 352 432 45 139 107 420 255 331 78 232 342 80 101 411 244 251 241 124 319 441 386 325 179 292 450 218 33
160 63 48 112 214 182 81 239 363 367 134 312 452 488 380 70 28 416 471 230 163 200 377 31 156 128 299 353 421 336 140 162 100 145 120 278 305 177 253 371 494 135
-1
160 63 48 112 214 182 81 239 363 367 134 312 452 488 380 70 28 416 471 230 163 200 377 31 156 128 299 353 421 336 140 162 100 145 120 278 305 177 253 371 494 135 226 284 268 90 97 480 422 392
160 63 48 112 214 182 81 239 363 367 134 312 140 452 488 380 70 28 416 471
160 63 48 112 214 182 81 239 363 304 367 134 342 312 140 452 488 380 70 28 455 416 471 230 200 377
160 63 48 112 214 182 81 239 363 304 367 134 454 342 312 140 452 488 380 70 28 455 416 471 230 370 200 377 31 156 128 299 15 353 421 336 162 238 100 145 120 278 305 177 253 371 494 135 226 284 90 97 480 422 392 283 213 47 73 163 483 326 280 224 1 481 476 408 468 485 240 153 118 295 381 366 143 247 144 307 400 101 394 346 441 443 463 359 291 91 196 173 59 103 306
160 63 48 112 214 182 81 239 363 304 367 134 454 342 312 140 452 488 380 70 28 455 416 471 230 370 200 377 31 156 128 299 15 353 421 466 336 162 238 100 145 120 278 305 177 253 371 494 135 226 284 90 97 480 422 392 283 213 47 73 163 483 326 13 280 224 400 1 481 476 408 468 485 240 153 118 295 381 366 143 247 144 307 101 394 346 441 443 463 359 291 91 196
-1
160 63
160 63 48 38 112 214 182 81 239 363 304 367 134 454 342 312 140 452 488 380 70 28 455 416 471 230 370 200 377 31 156 128 299 15 353 421 466 336 162 238 100 145 120 278 305 177 253 371 494 135 226 284 90 97 480 422 392 283 213 47 73 163 483 326 13 280 224 400 1 468 481 476 408 485 153 118 295 381 366 143 247 144 307 101 394 346 441 443 464
290 160 63 48 38 112 214 182 81 239 363 304 367 134 454 342 312 140 452 488 380 70 28 455 416 471 230 370 200 377 31 156 128 299 15 353 421 466 336 162 238 100 145 120 278 305 177 253 371 494 135 226 284
290 160 275 63 48 38 112 214 182 81 239 363 304 367 134 454 342 312 140 452 488 380 70 28 455 416 471 230 370 200 377 31 156 128 299 15 353 421 466 336 162 238 100 145 120 278 305 177 253 371 494 135 226 284 235 90 97 480 422 392 283 213 245 47 73 163 483 326 13 280 224 400 1 468 481 476 408 118 485 153 295 381 366 143 62 247 144 41 307 101 394 346 441 443 464 359 291 91 196 173 59 103 306 286 127 40 352 432 45 89 139 107 175 420 463 374 255 331 78 232 387 80 386 411 444 244 251 124 319
212 325 240
290 160 275 63 48 38 112 214 182 81 239 363 304 367 134 454 342 312 140 452 488 380 70
160 275 63 48 38 112 214 182 81 239 363 304 367 134 454 342 312 140 452 488 380 290 70 28 455 416 471 230 370 327 200 377 31 156 128 299 15 353 421 466 336 162 238 100 145 120 278 305 177 253 371 142 494 135 226 284 235 90 97 480 422 392 283 149 301 213 5 245 47 73 163 483 326 13 280 224 400 1
350 151 468 481 476 408 118 485 153 295 381 366 143 62 247 144 41 307 101 394 19 346 441 443 464 359 291 91 196 173 59 103 306 286 127 40 352 432
160 275 63 48 38 112 214 182 81 239 363 304 367 134 454 342 312 140 452 488 380 290 70 28 455 416 471 370 327 200 377 31 156 128 299 15 353 421 350 466 336 162 238 100 145 278 305 177 253 371 142 494 135 151 226 284 235 90 97 480 422 392 283 49 149 301
213 5 245 47 158 73 163 483 326 13 280 224 400 1 468 481 476 408 118 485 153 295 381 426 366 143 62 247 144 120 41 307 101 394 19 346 441
160 275 63 48 38 112 214 182 81 363 304 367 134 454 342 312
160 63 48 38 112 214 182 81 363 304 367 134 454 342 312 140 452 488 380 239 290 70 28 77 455 416 471 370 327 200 377 31 156 128 299 419 15 353 421 350 96 466 336 162 238 100 145 278 305 201 177 253 371 142 494 135 151 226 284 235 90 97 480 422 392 283 49 149 301
160 63 269 48 38 112 214 182 81 363 304 367 134 454 342 312 140 452 380 369 239 290 70 28 77
455 416 471 370 327 200 377 31 46 156 128 299 419 15 353 421 350 96 466 336 162 238 100 145 278 305 201 177 253 371 87 142 494 135 151 226 284 235 90 97 480 422 392 283 149 301 213 5 245 47 257 158 73 163 483 326 13 280 224 400 1 468 481 476 408 7 118 485 153 295 381 426 366 143 62 247 144 120 41 307 101 394 19 441 443 173
160 63 269 48 38 112 214 182 81 363 304 367 134 454 342 312 140 452 380 369 239 290 70 28 77 455 416 471 370 327 377 31 46 156 128 299 419 15 353 421 350 96 466 200 336 162 238 100 145 278 305 201 177 253 371 87 142 494 135 151 226 284 235 90 97 480 422 392 283 149 301 213 5 245 47 257 158 73 163 483 326 13 280 224 400 468 481 476 408 7 118 485 153
295 381 426
-1
138 366 143 62 247 144 120 41 307 101 394 19 441 402 443 173 359 1 291 91 196 59 103 306 286 127 40 71 352 432 45 317 488 89 139 107 175 161 420 463 374 255 331 78 232 332 230 387 80 49 386 411 444 486 244 251 124 319 212 325 240 465 179 292 450 218 16 33 279 167 346 53 277
410 88
160 63 269 48 38 112 214 182 81 363 304 367 134 342 312 140 452 380 369 239 290 70 28 77 455 416 471 370 327 377 31 46 156 128 299 419 15 353 421 350 325 96 138 466 200 336 162 238 100 145 278 305 201 177 253 371 87 345 142 494 135 151 226 284 235 90 97 480 422 392 283 149 301 213 5 245 47 257 158 73 163 483 326 13 280 224 400 468 476 408 7 118 485 153 295 381
311 190 426 366 143 62 247 410 144 222 120 41 307 101 394 19 441 402 443 173 359 1 291 91 196 59 103 306 286 127 40 71 352 432 45 317 488 89 361 139 107 175 131 161 420 463 454 374 255 331 78 481 232 332 230 387 80 49 17 386 411 444 486 244 251 124 319 212 240 465 179 292 450 218 16 33 279 167 346 53 277 88 9
160 63 48 38 112 214 182 81 363 304 367 134 342 312 140 452 380 369 239 290 70 28 77 455 416 471 370 327 377 31 156 413 128 299 419 15 353 421 350 325 96 138 466 200 336 162 238 100 145 278 305 201 177 253 371 87 345 142 494 135 311 151 226 284 235 90 97 480 422 392 283 149 301 213 5 245 47 257 158 73 163 483 326 13 280 224 400 468 476 408 7 118 190 485
160 63 48 137 38 112 214 182 81 363 304 367 134 342 312 140 452 380 369 239 290 70 28 77 455 416 471 370 327 377 31 156 413 128 299 419 15 353 421 350 325 96 138
160 63 48 137 38 112 214 182 81
160 100 63 48 137 38 112 214 182 81 363 304 367 134 342 312 140 452 380 369 239 290 70 28 77 455 120 416 471 109 370 327 377 31 156 413 128 299 246 419 15 44 353 421 350 325 96 138 466 200 336 162 238 145 278 305 201 177 253 371 87 345 142 494 171 135 311 151 226 284 235 90 97 480 422 392 283 149 301 213 5 245 47 257 158 73 163 483 326 13 280 224 400 196 468 476 408 7 118 190 485 153 295 381 426 366 143 62 247 410 144 222 41 101 394 155 19 441 402 443 338 173 359 1 291 91 59 103 306 286 127 40 71 269 352 432 45 317 488 89 361 139 107 175 131 161 420 463 454 374 255 331 78 477 481 232 332 230 387 307 80 49 17 386 411 444 486 244 251 124 319 212 240 465 179 292 450 218 16 33 279 167 346 53 277 51 46 252 88 9 407 449
160 100 63 48 137 38 112 214 182 81 363 304 367 134 342 312 452 380 369 239 290 70 28 77 455 120 416 471 109 370 327 377 31 156 413 128 299 246 419 15 44 353 421 350 325 96 138 466 200 336 162 238 145 278 305 438 201 177 253 371 87 345 142 494 171 135 311 151 226 284 235 90 97 480 422 392 283 149 301 213 5 245 47 257 158 73 163 483 326 13 280 224 400 196 468 476 408 7 118 190 485 153 295
-1
160 100 63 48 137 38 112 214 182 81 363 304 367 134 342 312 452 380 117 369 239 290 70 28 77 455 120 416 471 109 370 327 458 377 31 156 413 128 299 246 419 52 15 44 353 421 350 325 96 138 466 200 336 162 238 145 278 305 438 201 177 253 371 87 345 142 494 171 135 311 151 226 284 235 90 59 97 480 422 392 283 149 301 213 5 245 47 257 158 73 163 483 326 13 280 224 400 196 468 476 408 7 118 190 485 153 295 381 30 426 366 143 62 410 144 222 41 231 101 394 155 19 441 32 402 443 338 173 140 359 1 291 91 306 286 127 40 71 269 352 432 45 317 488 89 361 139 107 175 131 161 420 486 463 454 374 255 331 78 477 481 232 332 247 230 387 307 80 49 17 386 411 444 244 251 124 319 212 240 465 179 292 450 218 16 33 322 279 167 346 53 277 51
-1
-1
160 100 63
-1
160 100 63 48 38 112 214 182 81 363 304 367 134 342 312 452 380 117 369 239 290 70 28 77 455 120 416 471 109 370 327 458 377 31 156 413 128 299 246 419 52 15 44 353 421 350 325 96 138 466 200 336 162 238 145 278 305 438 201 177 253 371 87 345 142 494 171 148 135 311 151 226 284 235 90 59 97 480 339 422 392 283 361 149
113 301 213 5 245 47 257 158 73 163 483 326 13 280 224 400 196 468 476 408 7 118 190 485 153 295 381 30 426 366 143 62 410 144 222 41 231 101 394 155 19 441 32 402 443 338 173 140 359 1 291 91 83 306 286 127 40 71 269 352 432 45 317 137 488 89 139 107 334 175 131 161 420 486 463 454 493 374 255 331 78 477 481 232 332 247 230 387 307 80 49 17 386 411 444 244 251 124 319 212 240 465 179 292 450 218 16 33 322 172 279 167 346 53 277 51 46 252 88 9 407 449 241 74 310 165 248 94 121 103 54 268
160 100 63 48 38 112 214 182 81 363 304 367 134 342 312 452 380 117 369 239 290 70 28 77 455 120 416 471 109 325 370 327 458 377 31 156 413 113 128 299 246 419 52 15 44 353 421 350 96 138 466 200 336 162 238 145 278 305 438 201 177 253 371 87 345 142 494 171 148 135 311 151 226 284 235 90 59 97 480 339 422 392 283 361 149 301 213 5 245 47 447 257 158 73 163 483 326 13 280 224 400 196 468 476 408 7 118 190 485 153 295 381 30 426 366 143 62 410 144 222 41 231 101 394 155 19 441 32 402 443 338 173 140 359 1 291 91 83 306 286 127 40 71 269 352 432 45 317 137 488 89 139 107 334 175
-1
-1
160 100 63 48 38 112 214 182 81 363 304 367 134 342 312 457 452 380 117 369 239 290 70 28 77 455 120 416 471 109 325 370 327 458 377 31 156 413 113 128 299 246 419 52 15 44 353 421 350 57 96 138 466 200 336 162 238 145 278 305 438 201 177 253 371
259 87 345 142 494 171 148 135 311 151 226 284 235 90 59 97 480 339 422 392 283 361 149 301 213 5 245 47 447 257 158 73 163 483 326 13 280 224 400 196 468 476 408 7 118 190 485 153 295 381 30 426 366 143 62 410 144 222 41 231 101 394 155 19 441 32 402 443 338 173 140 359 1 291 91 83 306 286 127 40 71 269 352 432 45 317 137 488 89 139 107 334 175 131 161 420 463 454 493 374 255 331 78 477 481 232 332 247 230 387 486 307 80 49 17 386 411 444 244 251 124 319 212 240 465 179 292 450 218 16 33 322 172 279 167 346 53 277 51 46 252 88 9
407 449 241 74 310 165 248 94
160 100 63 48 38 112 214 81 363 304 367 134 45 342 312 457 452 380 117 369 239 290 70 28 77 455 120 416 471 109 325 370 327 458 34 377 31 156 413 113 128 182 299 246 52 15 44 353 421 350 57 96 138 466 200 336 162 238 145 278 305 438 201 259 177 253 371 87 345 142 494 171 148 135 311 151 226 284 235 90 59 97 480 339 422 392 283 361 149 301 213
355 100 63 48 38 112 214 81 363 304 367 134 45 342 312 457 452 380 117 369 239 290 70 28 77 455 120 416 378 471 109 325 370 327 458 34 377 31 156 413 113 128 182 22 299 246 52 15
44 353 421 350 57 96 138 466 200 336 162 238 145 278 305 438 201
355 100 63 48
355
100 63 48 38 112 214 81 21 363 304 367 134 45 342 312 457 452 380 117 369 239
355 100 63 48 38 179 112 214 81 21 363 304 367 134 45 342 312 457 452 380 117 369 239 290 70 28 77 455 120 416 378 471 109 325 370 327 458 34 377 31 156 413 113 128 182 22 299 246 52 15 337 44 353 421 350 57 96 138 466 200 254 336 162 238 145 278 305 438 259 177 253 371 87 345 142 494 171 148 135 311 151 226 284 235 90 59
