462 65
585 462 46 730 446 47 65
-1
46 585 462 730 446
98 65 47
46
46 98 462 730 446 480 585 472 31 65 296 47
-1
-1
80
-1
46 98 462 585 730 446 480 80
46 98 462 569 585 730 446
46 98 462 569 92 585 730 446 480 80 118 559
46 98 462
569 92 585 730 446 480 80 118 559 472 547 58 65 31 665 296
37 98 462 569 533 92 58 585 730 446
733
37 733 324 98 462 569 533 376 92 58 585 730 446 480
37 733 324 98 462 569 533 376 58 585 730 628 601 446 480 80 118 559 158 472 588
37 733 324 98 462 569 533 376 58 472 585 730 628 601 446 480 80 403 118 559
158 264 588 247 46 65 86 390 700 31 665 296 645
-1
749
37 733 324 462 569 533
749 80 37 774 733 324 462 569 533 98 628 376
511 749 37 774 733 324 462 569
749 37 774 733 324 462 569 533 98 628 376 58 472 585 730 632 91 601 446 511 480 118 403 559 158 213 264 588 247 46 80 16 523 65 86 390 700 75 31 665 296 348 645 362
749 37 774 733 324 462 569 649 533 98 628 376 58 472 585 730 632 91 601 446 511 480 118 403 559 158
749 37 774 733 324 462 632 569 649 533 98 628 376 58 472 585 730
749 37 774 733
324 462 632 11 569 649 533 98 628 376 566 58 472 587 585 730 75 343 743 91 601 446 511 648 480
364 118 72 403 559 158 213 264 745 588 482 247 46 80 16 338 523 65
749 469 237 37 774 733 324 462 632 11
749 469 237 37 774 733 324 91 462 632 11 585 569 649 533 98 628 376 298 58 472 587 730 75 343 743 364 601 446 511 648 480 72 403 559 158 213 264 552 745
749 469 237
749
749 387 469 237 37 774 733 324 696 91 632 11 569 649 585 533 467 98 628 462 376 298 58 472 587 730 75 743 364 601 446 511 648 480 72 403 559 158 213 264 552 745 588 215 482 247 343 566 46 80 16
749 387 469 237 37 79 774 733 324 696 91 632 11 569 649 585 533 467 98 628 462 376 298 58 472 587 730 75 456 743 364 601 446 511 648 480 72 403 559 158 213 264 552 745 588 215 482 247 343 566 46 80 16 118 728 338 523 65 86 390 700 31 665 348 550 352 645 362 530 47 528 521 27 470 296 582 547 653 395 93
-1
665 749 387 469 151 237 37 79 774 733 324 696 91 632 775 11 569 649 585 533 588 176 467 98 628 462 376 663 298 58 472 587 730 75 456 743 364 601 446 511 648 480 135 72 403 559 158 213 264 552 745 215 482 247 343 566 46 80 16 384 118 728 338 523 65 86 390 700 31
479 665 749 387 469 151 237 37 79 774
733 324 696 91 632 775 11 569 649 585 533 588 176 467 98 628 462 376 663 298 472 587 730 75 456 743 364 601 446 511 648 480 135 72 403 559 158 213 264 552 745 215
482 247 343 566 46 80 16 384 118 728 338 523 65 86 390 700 31 348 550 352 645 362 530 752 47 528 521 27 470 296 582 547
-1
479 665
479 26 665 749 387 469
479 26 665 749 387 469 151 237 714 37 238 79 774 733 324 696 91 632 775 11 569 649 585 533 588 176 98 628 462 376 319 663 298 472 587 511 730 75 456 743 364 601 446 648 480 467 135 403 72 559 158 213 264 552 745 215 482 247 343 566 46 80 16 384 118 728 338 523 65 86 390 700 31 348 550 352 645 362 530 752 47 528 521 27 470 296 659 582 547 219 653 395 58 196 93 92
479 26 665 749 469 237 714 37 238 79 774 733 324 696 91 632 775 11 569 649 585 533 588 689 176 98 628 462 376 319 663 298 472 587 511 730 75 456 743 219 364 601 427 446 648 480 467 135
304 403 72 559 158 213 387 264 552 745 28 215 482 247 343 566 46 80 16 384 151 118 728 338 523 65 187 86 390 700
31 348 550 352 645 362 530 752 47 528 521 27 470 296 659 582 547 653 395 58 196 93
479 26 462 665 749 469 666 237 714 72 37 238 79 3 774 733 324 696 91 775 11 569 649 585 533 588 689 176 98 628
479 26 462 665 749 469 666 237 714 72 37 238
79 3 774 733 324 731 696 91 775 11 569 649 585 533 588 134 689 176 98 628 376 319 663 298 472 587 511 730 412 75
456 743 219 364 130 601 427 446 648 185 480 467 135 304 403 559 158 474 645 213 387 264 552 745 28 215 247
479 26 462 665 749 469 666 237 714 72 37 238 79 3 733 324 731 696 91 775 11 569 649 585 533 588 134 689 176 98 628 261 376 319 663 298 472 587 511 730 412 75 456 743 219 364 130 601 774 427 446 648 185 480 467 135 304 403 559 158 474 645 213 387 264 552 745 28 215 548 247 482 343 566 46 80 632 384 151 118
728 338 523 65 187 86 390 700 31 433 348 550 352 362 530 752 47 528 114 435 521
-1
650 716 120 27 470 296 259 659
479 26 462 665 749 469 666 401 237 714 72 37 238 79 650 3 733 324 731 696 91 775 11 716 569 649 585 533 588 134 689 98 628 261 376 319 663 459 298 472 587 511 730 412 75 456 743 219 364 130
601 774 427 446 648 185 480 467 135 304 403 559 158 113 137 474 645 213 387 264 552 745 28 215 548 247 482 343 566 46 80 632 384 151 118 728 338 523 65 187 86 120 390 700 31 433 348 550 352 362 530 752 47 528 114 435 521 27
-1
479 717 26 462 665 749 469 666 401 237 714 72 37 238 79 650 3 733 324 731 696 91 775 553 11 716 569 649 585 533 588 134 689 98 628 261 376 319 663 459 298 472 587 511 730 412 75 456 265 430 743 219 364 130 601 774 427 446 648 185 480 467 135 304 403 559 158 113 137 474 645 213 387 264 552 745 28 215 216 548 247 482 343 566 46 80 632 384 151 118 728 338 523 65 187 86 120 390 700 31 433 348 550 352 362 530 752 47 528 114 435 521 27 470 296 259 176 659 582 547 778 653 395 58 196 16 93
-1
479 60 717 26 462 665 396 306 23 749 469 401 237 714 72 37 238 79 650 3 733 324 731 696 91 775 553 11 716 569 649 585 533 588 134 689 98 628 261 376 319 663 459 298 472 587 511 730 412 75 16 666 456 265 430 743 219 364 130 601 774 427 446 648 185 480 467 135 304 403 484 559 158 113 137 474 645 213 387 264 552 745 28 215 216 548 247 482 343 566 46 80 632 384 151 118 728 338 523 65 187 86 120 390 700 31 451 433 348 550 352 362 530 752 47 528 114 435 521 27 470 296 259 176
-1
-1
479 60 717 26 462 665 396 306 23 749
479 60 717 26 462 665 93 396 306 23 749 469 401 237 714 72 37 238 79 650 3 733 776 324 731 696 91 775 553 11 716 569 649 585 533 98 588 134 689 628 269 261 376 319 663 459 472 511 730 337 412 75 16 666 456 265 430 743 219 364 130 601 774 427 446 648 185 480 467 135 304 403 484 298 559 158 587 113 137 474 645 213 387
479 60 717 26 462 665 93 396 306 23 749 469 401 237 714 72 37 238 79 650 3 733 776 324 731 696 91 617 775 553 11 716 569 649 585 533 98 588 134 470 689 628 269 261 376 319 663 459 472 511 337 412 75 16 666 456 730 265 430 743
479 60 717 26 665 93 396 306 23 749 469 401 569 237 714 72
479 60 717 26 665 93 396 306 23 749 469 401 237 714 72 37 238 79 650 3 733 776 324 731 696 91 617 775 553 11 716 649 585 533 98 588 134 470 689 628 269 261 376 319 663 462 459 472 753 511 337 412 75 16 666 456 730 265 430 743 219 364 130 601
774 427 446 648 185 480 467 135 527 304 484 298 559 158 587 113 137 474 645 213 387 264 552 331 745 28 215 216 548 247 482 569 343 566 46 80 632 384 151 118 728 338 89 719 360 625 523 65 187 86 120 390 700 15 31 403 602 451 88 433 348 550 352 362 530 752 47 528 114 435 521 27 171 291 296 259 176 659 571 392 582
-1
479 60 717 26 665 93 58 396 306 23 749 469 401 237 714 72 37 238 79 650 3 733 769 776 324 731 696 172 91 617 775 553 11 716 649 585 533 98 588 134 470 689 628 269 261 376 319 663 462 459 472 753 511 124 337 412 75 16 666 456 730 265 430
479 60 717 26 665 93 58 396 306 23 749 469 401 237 714 72 37 238 79 650 3 733 769 776 324 731 696 172 91 617 775 553 11 716 649 585 533 98 588 134 470 689 628 32 269 261 376 319 663 462 459 472 511 753 124
479 60 717 26 665 93 58 396 306 23 749 469 401 237 714 72 37 238 79
650 3 733 74 769 324 776 731 696 172 91 617 775 553 11 716 649 585 533 98 766 588 134 470 689 628 32 269 261 376 319 663 462 459 472 511 753 124 337 75 16 666 456 730 265 430 743 219 364 130 601 774 427 446 648 185 480 467 135 527 61 304 484 298 559 158 587 113 137 474 645 213 387 264 552 331 745 28 215 216 548 247 482 569 343 566 46 80 412 632 384 151 118 728 338 89 719 360 625 523 65 187 86 120 390 700 15 31 403 602 451 88 433 348 550 352 362 530 752 47 528 111 114 435 521 27 171 291 296 259 176 659 571 392 582 547
479 60 717 26 665 93 58 396 306 23 688 749 469 401 237 714 72 392 37 238 79 650 3 733 74 769 324 776 731 696 172 91 617 775 553 11 716 649 585 533 98 766 588 134 470 689 628 32 269 261 376 319 663 462 459 472 511 753 124 337 75 16 666 456 730 265 430 743 219 364 130 601 774 427 446 648 185 480 467 135 527 61
479 60 717 26 665 93 58 396 306 23 688 749 469 401 237 714 72 392 37 238 79 650 3 733 74 769 324 776 731 696 172 91 617 775 553 11 716 649 585 533 98 766 588 134 470 689 628 32 269 261 376 319 663 462 459 472 511 753 124 337 75 16
479 60 717 26 665 93 58 396 306 23 688 469 401 237 714 72 392 37 766 238 79 650 3 733 74 769 324 776 731 696 172 91 617 775 553 11 716 649 585 533 98 588 134 470 689 628 32 269 261 376 319 749 663 462 459 313 472 511 753 124 337 75 16
603 666 456 730 265 430 743 219 364 130 601 774 256 427 446 648 185 480 467 135 527 9 61 304 484 298 559 158 587 113 137 474 645 213 387 264
479 60 717 26 665 93 58 396 306 23 688 469 401 237 714 72 392 37 766 238 650 3 733 74 769 324 776 731 696 172 91 617 775 553 166 11 716 649 585 533 98 588 134 470 689 628 32 269 261 376 319 749 663 462 459 603 313 472 511 753 754 124 337 75
16 666 456 730 265 430 732 743 219 364 130
479 60 717 665 93 58 396 306 23 688 469 401 237 714 72 392 37 766 238 650 3 733 74 769 324 776 731 696 172 91 617 775 553 166 11
747 716 649 585 533 98 588 134 470 689 628 32 269 261 376 319 749 663 462 459 603 313 472 511 753 754 124 337 75 16
746 479 60 707 717 665 93 58 396 306 23 688 469 401 237 714 72 392 37 766 238 650 3 733 74 769 324 776 747 731 696 172 91 617 775 553 166 11 716 649 585 533 98 588 134 470 689 628 32 269 261 376 319 749 663 462 459 603 313 472 511 753 754 124 337 75 16 666 456 730 265 430 732 743 219 364 130 601 333 774 256 427 446 648 185 480 467 135 527 9 61 304 484 298 559 158 587 113 137 474 645 213 387 264 552 331 745 28 215 216 155 548 247 658 482 569 343 566 46 80 412 632 384 151 118 728 338 89 330 719 26 360 625 523 65 187 86 120 390 700 15 31 403 602 451 88 761 433 348 550 352 362 530 752 47 528 111 114 435 521 687
746 479 60 707 717 665 93 58 396 306 23 688 235 469 401 237 714 72 392 37 766 238 650 3 733 74 769 324 776 747 731 696 172 91 617 775 553 166 11 716
649 585 533 98 588 134 470 689 628 32 269 261 376 319 749 663 462 459 603 313 472 511 753 754 137 124 337 75 16 666 456 730 265 430 732 743 219 364 130 19 601 333 774 256 427 446 648 185 467 135 527 9 61 304 484 298 559 158 587 113 474 645 213 387 264 552 331 745 28 215 216 155 548 247 658 482 569 343 566 624 46 517 80 412 632 384 151 118 728 338 89 330 719 26 360 625 523 65 187 86 120 390 700 15 31 403 602 451 88 761 433 348 550 352 362 530 752 47 528 111 114 435 160 521 687 66 27 171 394 291 497 296 259 176 659
746 479 60 707 540 717 665 93 58 396 306 23 235 469 401 237 714 72 392 37 766 238 650 3 733 74 769 324 776 747 731 696 172 91 617 775 553 166 11 716
649 585 533 98 588 134 470 689 628 32 269 261 376 319 749 663 462 459 603 313 472 511 753 754 137 124 337 75 16 666 456 730 265 322 430 732 743 219 364 130 19 601 333 774 256 427 446 648 185 467 135 527 9 61 304 484 298 688 559 158 587 113 474 645 213 387 264 552 331 745 28 215 216 155 548 247 658 482 569 343 566 624 46 517 80 412 632 384 151 118 728 338 89 330 719 26 360 625 523 65 187 86 120 390 700 15 31 403 602 451 88 761 433 348 550 352 362 530 752 47 528 111 114 435 160 521 687 66 27 171 394 291 497 296 259 176 659 224 571 57 208 582 547 365 778 653 395 369 480 79 768 196 41 92 718 105
-1
746 479 60 707 540 717 665 93 58 396 306 23 235 469 401 237 714
72 392 37 766 238 650 3 733 74 769 324 776 218 747 731 696 172 371 91 617 775 553 166 11 716 649 585 533 98 588 134 470 689 628 32 269 261 376 319 749 462 459 603 313 472 511 753 754 137 124 337 75 16 666 456 730 265 322 430 732 743 219 364 130 19 601 333 774 256 427 335
-1
-1
746 479
60 707 540 717 665 93 58 396 306 23 235 469 401 237 714 72 392 37 766 238 650 3 733 74 769 324 776 218 747 731 696 172 371 91 617 775 553 166 11 716 649 585 533 98 588 134 470 689 628 32 269 261 376 319 749 462 459 603 313 472 511 753 754 137 124 337 75 16 666 456 730 265 322 430 732 743 219 111 364 130 19 601 333 774 256 427 335 446 648 185 467 135 527 9 61 304 484 298 688 559 158 587 113 474 645 213 387 264 552 331 745 28 348 215 216 681 155 548 526 247 658 482 569 343 554 566 624 46 517 80 412 632 384 151 118 728 338 643 89 330 719 26 360 625 523 65 187 86 120 390 700 15 31 403 602 451 88 761 433 550 352 362 530 752 47
746 479 60 707 540 402 717 665 93 58 396 306 23 235 469 401 237 714 72 392 37 766 238 650 3 733 74 769 324 776 218 747 731 696 172 371 91 617 775 553 166 11 716 649 585 533 98 588 134 470 689 628 32 269 261 376 319 749 462 459 603 313 472 511 753 754 137 124 337 75 16 666 456 730 265 322 430 732 743 219 111 364 130 19 601 333 774 256 427 335 446 648 185 467 135 527 9 61 304 484 298 688 559 158 587 113 474 645 213 387 264 552 331 745 28 348 215 216 681 155 548 526 247 658 482 569 343 554 566 624 46
-1
746 479
60 540 402 717 636 665 93 58 396 306 23 235 469 401 237 714 72 392 37 766 238 650 3 733 74 769 707 324 776 218 747 731 674
696 172 371 91 617 775 553 166 11 716 649 585 533 98 588 134 470 689 196 628 32 269 261 376 319 749 462 459 603 313 472 511 753 754 137 124 337 75 16 666
373 456
746 479 60 540 402 717 636 665 93 58 396 306 23 235 469 401 237 714 72 392 37 766 238 650 3 733 74 769 707 324 776 218 747 731 674 696 172 371 91 775 553 166 11 716 649 585 533 98 588 373 134 470 689 196 628 32 269 261 376 319 749 462 459 603 313 472 511 753 754 137 124 337 75 16 315 666 456 730 644 265 322 430 732 743 219 111 364 130 19 601 333 774 256 427 335 446 648 185
467 135 527 9 61 35 304 484 298 688 559 158 587 113 474 645 213 387 264 552 331 745 28 348 215 216 681 155 548 526 247 658 482 569 343 566 624 46
517 80 632 384 151 118 728 338 643 89 578 330 719 26 360 625 523 437 65 187 86 120 390 700 15 31 403 602 451 412 761 433 550 352 362 530 752 47 554 528 114 435 160 521 687 66 27 171 394 513 291 497
746 479 60 540 402 717 636 665 93 58 396 306 23 235 469 401 237 714 72 392 37 766 238 650 3 733 74 769 707 278 324 776 218 747 731 674 696 172 371 91 775 553 166 11 716 649 533 98 588 373 134 470 689 196
628 32 269 261 376 319 749 462 459 603 313 472 511 753 754 137 124 337 75 16 315 666 456 730 644 265 322 430 732 743 219 111 364 130 19 601 333 774 256 427 335 446 648 185 467 135 527 9 61 35 304 585 484 298 688 559 158 587 113 741 474 645 213 387 264 552 331 745 28 348 215 216 681 155 548 526 247 658 482 569 343 566 624 46 517 80 632 384 151 118 728 338 643 89
-1
746 479 60 540 402 717 636 665 93 58 396 306 23 235 469 401 237 66 714 72 392 37 766 238 650 3 733 74 769 707 278 324 776 747 731 674 696 172 371 91 775 553 166 11 716 649
746 479 60 540 402 717 636 665 93 58 396 306 23 235 469 401 237 66 714 72 392 37 766 238 650 3 733 74 769 707 278 324 776 747 731 674 696 172 371 91 775 553 166 11 716 649 533 98 588 373 134 470 689 196 628 32 269 261 376 319 749 462 459 603 313 472 511 753 754 137 124 337 75 16 315 666 456 21 730 644 265 322 430 732 743 219 111 364 130 19 601 333 774 427 335 446 648 185 467 135 527 9 61 35 304 585 484 298 688 559 158 587 113 741 474 645 213 387 264 256 552 452 331 745 28 348 215 216 681 155 548 526 247 658 482 569 343 566 624 46 517 80 632 384 151 118 728 702 338 643 89 578 330 719 26 360 625 523 437 274 65 187 86 120 390 700 15 31
746 479 60 540 402 717 636 665 93 58 396 306 23 235 469 757 401 237 66 714 72 392 37 766 238 650 3 733 74 769 707 278 324 776 747 731 674 696 172 371 91 775 553 166 11 716 649 533 98 588 373 134 470 689 196 628 32 269 261 376 319 749 462 459 603 313 472 511 753 754 137 124 337 75 16 315 666 456 21 730 644 265 322 430 732 743 219 111 364 130 19 601 333 774 545 427 335 446 648 185 467 135 527 9 61 35 304 585 484 298 530 688 559 158 587 113 741 474 645 213 387 264 256 552 452 331 745 28 348 215 216 681 155 548 526 247 658 482 569 343 566 624 46 517 80 632 384 151 118 728 702 338 643 89 578 330 719 26 360 625 523 437 274 65 187 86 120 390 700 15 31 403 602 451 412 761 433 550 352 362 752 47 554 218 528 114 435 160 54 521 687 27 171 394 513
-1
746 479 60 540 402 717 636 665 93 58 396 306 23 235 469 757 401 237 66 714 72 392 37 766 238 650 3 733 74 769 707 278 324 776 747 731 674 696 172 371 91 775 553 166 11 716 649 533 98 588 373 134 470 689 196 628 32 269 261 376 319 749 462 459 603 313 472 511 753 754 137 124 337 75 16 315 666 456 21 730 102 644 265 322 430 732 743 219 111 435 364 130 19 601 333 774 545 427 335 446 648 185 467 135 527 9 61 35 352 304 585 484 298 530 688 559 158 587 113 741 474 645 213 387 264 256 552 452 331 745 28 348 215 216 681 155 548 526 247 658 482 569 343
746 479 60 540 402 717 636 665 93 58 396 306 23 235 469 757 401 237 66 714 72 392 37 243 766 238 650 3 733 74 769 707 324 776 747 731 674 696 172 371 91 775 553 166 11 716 649 533 98 588 373 134 470 689 196 628 32 269 261 376 319 749 462 459 603 313 772 472 511 753 754 137 124 671 337 75 16 315 666 456 21 109 102 644
621 265 322 430 732 743 219 435 364 130 19 601 333 774 545 427 335 446 648 185 467 135 527 9 61 35 352 304 585 484 298 530 688 559 158 587 113 741 474 645
746 479 60 540 402 717 636 665 93 58 396 306 23 235 469 757 426 401 237 66 714 72 392 37 243 766 238 650 3 733 769 707 324 776 747 731 674 696 172 371 91 775 553 166 11 716 649 533 98 588 373 134 470 689 196 628 32 269 261 376 319 749 462 459 603 313 772 472 621 511 753 754 137 124 671 337 75 16 315 666 456 21 109 102 644 265 322 430 732 743 219 435 364 130 19 601 333 774 545 427 335 446 648 185 467 135 527 9 61 35 352 304 585 484 298 530 688 559 158 587 113 741 474 645 213 387 264 256 552 452 331 745 28 348 215 216 681 155 548 526 247 658 482 569 343 566 624 46 301 517 80 632 384 151 118 728 702 338 643 89 578 330 719 26 360 625 523 437 274 65 187 86 120 390 700 15 695 31 403 74 602 451 730 412 609 761 433 550 362 752 47
-1
-1
-1
-1
746 479 60 540 402 717 636 665 93 58 396 306 23 235 469 757 426 401 237 66 714 72 392 37 243 766 238 374 650 3 733 769 707 324 776 747 731 674 696 172 371 91 775 553 166 11 716 649 533 98 588 373 134 470 689 196 628 32 269 261 376 319 749 462 459 603 436 313 772 472
621 511 753 754 137 124 671 337 75 555 16 315 666 456 21
-1
-1
746 479 60 540 402 717 636 665 93 396 306 23 235 469 757 426 401 58 237 66 714 72 392 37 243 766 238 374 650 3 733 769 707 324 776 747 731 674 696 172 371 91 775 553 166 11 716 649 533 98 588 373 134 470 689 196 628 32 269 261 376 319 749 462 459 603 436 313 772 472 621 511 753 754 137 124 671 337 75 555 16 315 666 456 21 109 102 644 265 322 430 732 743 219 435 364 130 19 333 774 545 427 335 446 648 185 135 527 9 61 35 352 304 585 484 298 530 688 559 158 587 113 741 474 645 500 213 387 264 256 112 552 452 331 745 467 28 348 215 216 349 681 481 155 548 526 247 279 230 658 482 569 343 566 624 46 301 517 80 632 384 151
129 118 728 702 338 643 89 578 330 719 26 360 507 625 51 523 437 274 65 239 187 86 120 390 700 15 695 31 403 623 74 602 451 730 222 412 609 761 433 550 362 752 619 47 554 218 528 114 160 149 54 521 687 144 27 171 394 513 290 291 497 296 572 259 176 659 224 278 571 691 748 663 208 582 547 560 365 778 653 395 57 369 537 233 480 520 79 768 432 41 111 601 92
-1
-1
-1
-1
746 479 60 540 402 717 636 665 93 726 396 306 23 494 235 469 757 426 401 58 237 66 714 72 392 37 243 766 238 374 650 3 733 769 707 211 324 776 747 731 674 696 172 371 91 775 553 166 11 312 716 649 533 98 588 373 689 134 470 196 628 32 269 261 376 319 749 462 459 603 436 313 772 472 621 511 753 754 137 124 671 337 75 555 16 315 666 456 21 421 109 102 644 265 322 430 732 743 219 435 364 130 19 333 774 545 427 335 302 14 446 648 185 135 527 154 9 61 35 352 304 585 484 298 530 688 559 158 587 113 741 474 645 500 213 387 264 256 112 552 452 331 745 467 28 348 215 216 349 404 681 481 155 548 526 247 279 230 658 482 569 343 566 624 46 301 517 80 129 632 384 151 118 728 702 338 643 89 578 330 719 26 360 507 625 51 523 437 274 65 239 187 86 120 390 700 15 695 31 403 623 74 602 451 730 222 412 609 761 433 550 362 752 619 47 554 218 528 114 160 149 54 521 687 144 27 171 394 513 290 291 497 296 572 259 176 659 224 278 571 691 748 663 208 582 547 560 365 778 653 395
-1
579 428 57
746 479 60 540 402 717 636 665 93 726 396 306 23 494 235 469 757 426 401 58 237 66 714 72 392 37 654 243 766 238 374 650 3 579 733 769 707 211 324 776 747 731 674 696 172 371 91 775 553 166 11 312 716 649 533 98 588 373 689 134 470 196 628 32 269 261 376 319 749 462 459 603 436
746 479 60 540 402 717 636 665 93 726 396 306 23 494 235 469 757 426 401 58 237 66 714 72
746 479 60 540 402 717 636 665 93 726 396 306 23 494 235 469 757 426 401 58 237 66 714 72 392 37 654 243 766 238 374 650
3 579 733 769 707 324 776 747 188 731 674 696 172 371 91 775 553 166 11 312 716 649 533 98 588 373 689 134 470 196 211 628 32 269 261 376 319 749 462 459 603 436 313 772 472 621 428 511 753 754 137 124 671 337 75 555 16 315 666 456 21 421 109 102 644 359 265 322 430 732 743 219 435 364 130 19 333 774 545 427 335 302 14 446 648 185 135 527 154 9 61 35 352 304 585 484 298 530 688 559 158 587 113 741 474 403 645 500 213 387 264 256 112 552 452 331 745 467 28 348 215 216 349 404 681 481 155 548 526 247 279 230 658 482 569 566 624 343 46 301 517 80 129 632 384 151 118 728
-1
746 479 60 540 402 717 636 665 93 726 396 306 23 494 235 469 757 426 401 58 237 66 714 72 392 37 547 654 87 243 766 238 374 650 3 579 733 769 707 324 776 747 188 731 674 696 172 371 91 775 553 166 11 312 716 649 533 98 588 373 689 134 470 196 211 628 32 269 261 376 319 749 462 459 603 436 313 772 472 621 428 511 753 754 137 124 671 337 75 555 16 315 666 456 21 421 109 102 644 359 265 322 430 732 743 219 435 364 130 19 333 774 545 427 335 302 14 446 648 185 135 527 154 9 61 35 352
711 304 585 484 298 530 688 559 158 587 113 741 474 403 645 500 213 387 264 256 112 552 452 331 745 467 28
746 479 60 540 402 717 636 665 605 93 726 396 306 23 494 235 469 757 140 426 401 711 58 237 66 714 72 392 37 547 654 87 243 766 238 374 3 579 733 769 707 324 776 634 747 188 731 674 696 172 371 91 775 553 166 11 312 716 649 533 98 588 373 689 134 196 211 628 32 269 261 376 319 749 462 459 603 436 313 772 472 621 428 511 753 754 137 124 671 337 75 650 555 16 315 666 456 21 421 470 109 598 102 644 359 265 322 430 732 743 219 435 364 130 19 333 774 545 427 335 302 14
634 746 479 60 540 402 717 636 665 605 93 726 396 306 23 494 235 469 757 140 426 401 711 58 237 66 714 72 392 37 547 654 87 243 766 238 374 3 579 733 769 707 324 776 747 188 731 674 696 172 371 91 775 553 166 11 312 716 649 533 98 588 373 689 134 196 211 628 32 269 261 376 319 749 462 459 603 436 385 313 772 472 621 428 511 753 754 137 124 671 337 75 650 555 16 315 666 456 21 421 470 109 598 102 644 359 265 322 430 732 743 219 435 364 130 19 333 774 545 427 335 302 14 446 648 185 135 527 154 483 9 61 35 352 304 633 585 484 298 530 688 559 158 587 113 741 230 474 403 645 500 213 387 264 256 112 552 452 331 745 467 28 348 215 216 204 349 404 681 481 155 548 526 247 279 658 482 569 566 624 343 46 301 517 80 129 632 748 151 118 728 702 338 643 89 578 330 719 26 360 507 625 51 523 437 274 65 239 187 86 120 390
-1
740 148 431 700 15 695 31 623 74 602 451 730 222 412 609 761 433 550 362 752 619 47 554 218 528 449 114 160 149 54 521 687 144 27 171 384 394 513 290 291 497 296 572 259 176 659 263 224 278 571 724 691 663 208 582 560
-1
634 746
479 60 540 402 717 636 665 605 93 726 396 306 23 494 235 469 757 140 426 401 711 58 237 66
634 150 746 479 60 540 402 717 636 665 605 93 726 396 306 23 494 235 469 757 140 426 401
711 58 237 66 714 72 392 37 547 654 87 243 766 238 374 3 579 733 769 707 324 776 747 188 731 312 674 696 172 371 91 553 166 740 11 716 649 533 98 588 373 689 134 196 211 628 32 269 261 376 319 749 462 459 603 436 385
634 150 746 479 60 540 402 717 636 665 605 93 726 396 306 23 494 235 469 757 140 426 401 668 711 58 237 66 714 72 392 37 547 654 87 243 766 238 374 3 579 733 769 707 324 776 747 188 731 312 674 696 172 371 91 553 166 740 11 716 649 533 98 588 373 689 134 196 211 628 32 269 261 376 319 749 462 459 603 436 385 313 772 472 621 638 428 511 753 754 137 124 671 337 75 650 555 16 315 529 666 456 21 421 470 109 598 102 644 359 265 322 430 732 743 219 292 435 775 364 130 19 333 774 545 427 241 335 302 14 446 648 185 135 527 154
-1
370 442 483 9 61 35 352 304 633 585 484 298 530 688 559 148 466 158 587 113 741 230 431 474 403 645 500 213 387 264 256 112 552 452 331 745 467 28 348 215 216 204 349 404 681 481 155 548 526 247 279 658 482 569 566 624 343 46 301 517 80 129 632 748 151 118 728 338 643 89 578 330 719 26 360 507 625 51 523 437 274 65 239 187 86 120 702 390 700 15 695 31 623 74 602 451 730 222 412 609 761 433 550 362 752 619
634 150 746 479 60 540 402 717 636 665 605 93 726 396 306 23 494 235 469 757 140 426 401 668 711 58 237 66 714 72 392 37 547 654 87 243 766 238 374 3 579 733 769 707 324 776 747 188 731 312 674 696 172 371 91 553 166 740 11 716 649 533 98 588 373 689 134 196 211 628 370 32 269 261 446 376 319 749 462 459 603 436 385 313 772 472 621 638 428 511 753 754 137 124 671 337 75 650 555 16 315 529 666 456 21 421 470 109 598 102 644 359 265 322 430 732 743 219 292 435 775 364 130 19 333 774 545 427 241 335 302 14 648 185 135 527 442 154 483 9 61 35 352
634 150 746 329 479 60 540 402 717 636 665 605 93 726 396 306 23 494 235 469 757 140 426 401 668 711 58 237 66 714 72 392 37 547 654 87 243 766 238 374 3 579 733 769 707 324 776 417 747 188 731 312 674 696 172 371 91 553 166 740 11 716 649 533 98 588 373 689 134 196 211 628 370 32 269 261 446 376 319 749 462 459 603 436 385 313 772 472 621 638 428 511 753 754 137 124 671 337 75 650 555 16 529 666 456 21 421 470 109 598 102 644 359 265 322 430 732 743 219 292 435 775 364 130 19 333 774 545 427 241 335 302 14 22 648 185 135 527 442 154 483 9 61 35 352 304 633 585 484 298 530 688 559 148 466 158 587 113 741 230 431 474 403 645 500 213 387 264 256 112 552 452 275 331 745 467 28 348 215 216 204 349 404 681 481 155 548 526 247 279 658 482 569 566 624 343 46 301 517 80 129 632 748 151 118 728 338 643 89 578 330 719 26 360 507 625 92 51 523 437 274 65 239 187 86 120 702 390 700 15 695 315 31 623 74 602 451 730 222 412 609 761 433 550 362 752 619 47 554 218 528 449 114 160 149 54 521 687 144 27 171 476 384 394 513 290 291 497 296 572 259 176 659 263 224 278 571 724 622 691 663 208 582 560
634 150 746 329 479 60 540 402 717 451 636 665 605 93 726 396 306 23 494 235 469 757 140 426 401 668 711 58 237 66 714 72 392 37 547 654 87 243 766 238 374 3 579 733 769 707 324 776 417 747 731 312 674 696 172 371 91 553 166 740 11 716 649 533 98 588 373 689 134 196 211 628 370 32 269 261 446 376 319 749 462 459 603 436 385 313 772 472 621 167 638 428 511 753 754 137 124 671 337 75 650 555 16 529 666 456 21 421 470 109 598 102
191 519 512 644 359 265 322 430
634 150 746 329 191 479 60 540 402 717 451 636 665 605 93 726 396 306 23 494 235 469 757 140 426 401 668 711 58 237 66 714 72 392 37 547 654 87 243 766 238 374 3 579 733 39 769 707 324 776 417 747 731 241 312 674 696 172 371 91 553 166 740 11 461 716 649 533 519 588 373 689 134 196 211 370 32 269 261 446 376 319 749 462 459 603 436 385 313 772 131 98 472 621 167 638 428 511 753 754 137 124 671 337 75 650 555 16 529 666 456 21 421 470 109 598 704 102 512 644 359 265 322 430 732 219 292 435 775 364
-1
-1
24 203 130 19 333 774 545 427 335 302 14 252 22 648 185 135 527 442 154 483 9 61 35 352 304 633 585 484 298 530 688 559 148 466 158 587 113 741 230 431 474 403 645 500 213 387 264 256 112 552 452 275 331 745 467 28 348 215 216 204 349 365 404 681 481 155 548 526 247 279 658 482 569 566 624 343 550 46 301 517 80 129 632 748 151 118 728 338 643 89 578 330 719 26 360 188 507 625 92 51 523 437 274 65 246 239 187 86 120 702 390 700 15 695 315 31 623 74 602 730 444 478 222 628 412 609 761 433 362 752 619 577 47 554 218 528 449 114 160 514 149 54 521 687 144 27 171 476 384 394 513 290 291 497 296 572 259 176 659 263 224 278 571 273 724 622 691 663 576 208 582 560 778 190 653 255 395 743 57 369 448 537 756 233 480 520 79 768 432 574 41 111 601 629 617 718 69
634 150 746 329 191 479 60 540 402 717 451 636 665 605 93 726 396 306 23 494 235 469 757 140 426 401 668 711 58 237 66 714 72 392 37 547 654 87 243 766 238 374 3 579 733 39 769 707 324 776 417 747 731 241 312 674 696 172 371 91 553 166 740 11 461 716 649 533 519 546 588 373 689 134 196 211 370 32 269 261 446 376 319 749 462 459 603 436 385 313 772 131 98 472 621 167 638 428 511 753 754 137 24 124 671 337 75 650 555 16 529 203 666 456 21 421 470 109 598 704 102 512 644 359 265 322 430 732 219 292 435 775 364 130 19 333 774 545 427 335 302
634 150 746 329 191 479 60 540 402 717 451 636 665 605 93 726 396 306 23 494 235 469 757 140 426 401 668 711 58 237 66 714 72 392 37 547 654 87 243 766 238 374 3 579 733 39 769 707 324 776 417 747 731 241 312 674 696 172 371 91 553 166 740 11 461 716 649 533 519 546 588 373 689 134 196 211 370 32 269 261 446 376 319 749 462 459 603 436 385 313 772 131 98 472 167 638 428 511 753 754 137 24 124 671 337 75 650 555 648 16 529 203 666 199 456 21 611 421 470 109 598 704 102 512 644 359 265 322 430 732 219 292 435 775 364 130 19 333 774 545 427 335 302 14 252 22 185 135 527 442 154 483 9 61 35 352 304 633 585 484 298 530 688 559 148 466 158 587 113 741 230 431 474 403 645 500 213 387 264 256 112 552 452 275 331 745 467 28 348 215 216 204 349 365 404 681 481 155 548 526 247 279 658 482 569 566 624 343 550 46 301 517 80 129 632 748 151 118 728 338 643 89 578 330 719 26 360 188 507 625 92 51 523 437 274 65 246 239 187 86 120 702 390 700 15 695 315 31 623 74 602 730 444 478 222 628 412 609 761 433 362 752 619 577 47 554 218 528 449 114 453 160 514 149 54 521 687 144 27
634 150 746 329 191 479 60 540 402 717 451 636 665 605 93 726 396 306 23 494 235 469 757 140 426 401 668 711 58 237 66 714 72 392 37 547 654 87 243 766 238 374 3 579 733 39 769 707 324 776 417 747 731 241 312 674 696 172 371 91 553 166 740 11 461 716 649 533 600 519 546 588 373 689 134 196 211 370 32 269 261 446 376 319 749 462 459 603 436 385 313 772 131 98 472 167 638 428 511 753 192 754 137 24 124 671 337 75 650 555 648 16 529 203 339 666 199 456 21 611 421 470 109 598 704 102 512 644 359 265 322 430 732 219 292 435 775 364 130 19 333 774 545 427 335 302 14 252 22 185 135 527 442 625 154 483 9 61 35 352 304 633 585 484 298 530 688 559 148 466 158 587
634 150 746 329 191 479 60 540 402 717 451 636 665 605 93 726 396 306 23 494 235 469 757 140 426 401 668 711 58 237 66 714
634 150 746 329 191 479 60 540 402 717 451 636 665 605 93 726 396 306 23 494 235 469 757 140 426 401 668 711 58 237 66 714 72 392 37 297 547 654 87 243 590 766 238 374 3 579 733 39 769 707 324 776 417 747 731 241 312 674 696 172 371 91 553 166 740 11 461 716 649 533 600 519 546 588 373 689 134 196 211 370 32 269 261 446 376 319 749 462 459 33 603 436 385 313 772 131 98 472 167 638 248 428 511 753 192 754 137 24 124 671 337 75 650 555 648 16 529 203 339 666 199 456 21 611 421 470 224 109 598 704 102 512 644 359 265 322 430 626 732 219 292 435 775 364 130 19 333 774 545 427 335 302 14 252 22 185 135 527 442 625 154 483 9 61 35 352
64 304 633 585 484 298 530 688 559 148 466 158 587 113 741 230 431 474 403 645 500 213 387 264 256 112 552 452 275 331 745 467 28 348 215 216 204 349 365 628 404 681 481 155 548 526 247 279 658 482 569 566 624 343 550 46 301 517 80 129 632 748 151 118 728 338 643 89 578 330 719 26 360 188 507 92 51 523 437 274 65 246 239 187 86 120 702 390 700 15 695 315 31 623 74 602 730 444 478 222 412 609 761 433 362 752 619 577 156 47 554 218 528 449 114 453 160 514 149 54 521 687 144 27 171 278 476 384 394
-1
634 150 746 329 191 479 60 616 540 402 717 451 636 665 605 93 726 396 306 23 494 235 469 757 140 426 401 668 711 58 237 66 714 72 392 37 297 547 654 87 243 590 766 238 374 3 579 733 39 769 707 324 776 417 747 731 241 312 674 696 172 371 91 553 166 740 11 461 716 649 533 600 519 546 588 373 689 134 196 211 370 32 269 261 446 376 319 749 462 459 33 603 436 385 313 772 131 98 472 167 638 248 428 511 753 192 754 137 24 124 671 337 75 650 555 648 16 529
634 150 746 329 191 479 60 616 540 402 68 717 451 636 665 605 93 726 396 306 23 494 235 469 757 140 426 401 668 711 58 237 66 714 72 392 37 297 547 654 87 243 590 766 238 374 3 579 733 39 769 707 324 776 417 747 731 241 312 674 696 172 371 91 553 166 740
634 150 746 329 191 479 60 616 540 402 68 717 451 636 665 605 93 726 396 306 23 494 235 469 757 140 426 401 668 711 58 237 66 714 72 392 37 297 547 654 87 243 590 766 238 374 3 579 733 39 769 707 324 776 417 747 731 241
634 150 746 329 191 479 60 616 540 402 729 68 717 451 636 665 605 726 396 700 306 23 526 494 235 469 757 140 426 401 668 711 58 381 237 286 66 714 72 392 37 297 547 654 87 243 590 766 238 374 3 579 733 39 769 707 324 776 417 747 731 241 312 674 696 172 371 91 553 166 740 11 461
634 150 746 329 191 479 616 540 402 729 68 717 451 636 665 605 726 396 700 306 23 526 494 235 469 757 140 426 401 668 711 58 381 237 286 66 714 72 392 37 297 547 654 87 243 590 766 238 374 3 579 733 39 769 707 324 776 417 747 731 312 674 696 172 371 91 553 166 740 11 461 716 649 533 600 519 241 331 546 588 373 689 134 196 211 370 32 269 261 446 376 319 749 462 33 603 436 385 313 772 131 98 472 167 638 730 248 428 511 753 754 137 24 124 671 337 236 75 650 555 648 16 529 203 339 666 199 456 112 21 314 611 421 470 224 109 598 60 704 102 512 644 359 265 322 430 626 732 219 292 435 775 364 130 19 333 545 427 335 302 14 252 146 22 192 185 738 135 527 442 625 154 483
9 61 478 35 352 304 633 585 484 298 530 688 559 148 466 158 587 113 741 230 431 474 403 388 93 645 500 213 387 264 454 256 552 64 452 275 56 745 467 28 348 215 216 204 365 628 404 349 681 481 155 548 247 279 658 482 569 566 81 624 343 550 46 301 517 80 129 632 748 151 118 728 338 643 89 578 330 719 26 459 360 188 507 429 92 51 523 437 274 65 246 239 187 410 86 120 702 390 15 695 774 315 31 623 74 602 444 222 412 609 761 433 362 752 619 577 156 47 554 218 487 528 449 114 463 453 160 514 571 149 54 521 687 144 27 171 278 476 384 394 513 290 291 497 296 572 259 176 659 263 273 622 691 193 663 576 208 582 560 778 190 653 255 395 743 57 369 448 537 756 233 480 262 520
-1
-1
634 150 746 329 191 479 616 540 402 729 68 717 451 636 665 605 726 396 700 306 23 526 494 235 469 757 140 426 401 668 711 58 381 272 237 286 66 714 72 392 37 297 547 654 87 243 590 766 238 374 3 579 733 39 769 707 324 776 417 747 731 312 674 696
172 371 91 553 166 740 11 461 716 649 533 600 519 241 331 434 546 588 373 689 134 196 211 375 370 32 269 261 439 446 376 319 749 416 462 33 603 436 385 313 772
634 150 746 329 191 479 616 540 402 729 174 68 717 451 636 665 605 726 396 700 306 23 526 494 235 469 757 140 426 401 668 711 58 381 272 237 286 66 714 72 392 37 297 547 654 87 243 590 766 238 374 3 579 733 39 769 707 324 776 417 747 731 312 674 696 172 371 91 553 166 740 11 461 716 649 533 600 519 241 331 434 546 588 373 689 134 196 211 375 370 32 269 261 439 446 376 319 749 416 462 33 603 436 385 313 772 131 98 472 167 638 730 248 428 511 753 754 137 24 124 671 337 236 75 650 555 648 16 529 203 339 666 199 456 112 21 314 611 50 421 470 224 109 598 60 704 102 512 644 359 265 322 430 626 596 732 219 292 435 775 364 130 19 333 119 545 427 335 302 14 252 146 22 192 185 738 135 527 442 625 154 483 9 61 478 35 352 304 633 585 484 298 530 688 559 148 466 158 587 113 741 230 431 474 403 388 723 93 645 500 213 387 264 454 256 552 64 452 275 56 745 467 28 348 215 216 204 365 628 404 349 681 481 155 548 247 279 658 482 569 566 618 81 624 343 550 46 301 517 80 129 632 748 151 118 728 338 643 5 578 330 719 26 459 360 188 507 429 92 51 523 437 274 65 246 239 187 410 86 120 702 390 15 695 774 315 31 623 74 602 444 222 412 609 761 433 362 448 752 619
-1
-1
634 150 746 329 191 479 616 540 402 729 174 68 717 451 636 665 605 726 396 700 306 23 526 494 601 235 469 757 140 426 401 668 711 58 381 272 237 286 66 714 72 392 37 297 547 654 87 243 590 766 238 374 3 733 39 769 707 324 776 417 747 731 312 674 696 371 91 553 166 740 11 461 716 649 533 600 519 241 331 434 546 588 373 689 134 196 211 375 370 32 269 261 439 446 376 319 749 416 462 33 603 436 385 313 772 131 98 472 167 638 730 248 428 511 753 754 137 24 124 671 337 236 75 650 555 648 16 529 203 339 666 199 456 112 21 314 611 50 421 470 224 109 598 60 704
634 150 746 329 191 479 616 540 402 729 174 68 717 451 636 665 605 726 396 700 306 23 526 494 601 235 469 757 140 426 401 668 711 58 381 272 237 286 66 714 72 392 37 297 547 654 87 243 590 766 238 374 3 733 39 769 707 324 776 417 747 731 312 674 696 371 91 553 166 740 11 461 716 649 533 600 519 241 331 434 546 588 770 373 689 134 196 211 375 370 32 269 261 439 446 376 319 749 416 462 33 603 436 385 313 772 131 98 472 167 638 730 248 428 511 753 754 137 24 124 671 337 236 75 650 555 648 16 529 203 339 666 199 456 112 21 314 611 50 421 470 224 109 598 60 704 102 512 644 359 265 322 430 626 596 732 172 219 292 435 775 364 130 19 333 119 545 427 363 335 302 14 252 146 357 22 192 185 738 135 527 442 625 154 483 9 61 478 35 352 304 633 585 484 298 530 688 559 148 466 158 587 113 741 338 230 431 474 403 388 723 93 645 500 213 387 264 454 256 552 64 452 275 56 745 467 28 348 215 216 204 365 628 404 349 681 351 481 155 548
326 247 279 658 482 569 566 618 81 624 343 550 46 301 517 80 129 632 748 151 118 728
-1
643 5 578 330 719 26 459 360 188 507 429 92 51 523 437 274 65 246 239 187 410 86 120 702 390 15 695 774 315 31 623 74 602 444 222 412 579 609 77 761 433 362 448 752 619 577 156 47 554 218 487 528 449 114 463 453 160 514 571 149 54 521 89 687 655 144 27 171 278 476 384 394 513 183 251 290 291 497 296 572 259 176 659 263 273 622 691 193 663 576 208 582
347 560 778 190 495 653 255 395 743 57 369 537 756 233 480 262 520 311 79 768 432 724 574 621 41 71 111 629 617
634 150 746 329 191 479 616 540 402 729 174 68 717 451 636 665 605 726 396 700 306 23 526 494 601 235 469 757 140 426 401 668 711 58 381 272 237 286 66 714 72 392 37 297 547 654 87 243 590 766 238 374 3 733 39 769 707 324 776 417 747 731 312 674 696 371 91 553 166 740 11 461 716 649 533 600 519 241 331 434 546 588 770 373 689 347 134 196 211 375 370 32 269 261 439 446 376 319 749 416 462 33 603 436 385 313 772 131 98 472 167 638 730 248 428 511 753 754 137 24 124 671 337 236 75 650 555 648 16 529 203 339 666 199 456 112 21 314 50 421 470 224 109 598 60 704 102 512 644 359 265 322 430 626 596 732 172 219 292 435 775 364 130 19 333 119 545 427 363 335 302 14 252 146 357 22 192 185 738 135 527 442 625 154 483 9 61 478 35 352 304 633 585 484 298 530 688 559 148 466 158 587 113 741 338 326 230 431 474 403 388 723 93 645 500 213 387 264 454 256 552 64 452 275 56 745 467 28 348 215 216 204 365 628 404 349 681 351 481 155 548 247 279 309 658 482 569 566 618 81 624 343 550 46 301 518 517 80 129 632 748 151 118 728 643 5 578 330 719 26 459 360 188 507 429 92 51 523 437 274 65 246 239 187 410 86 120 702 390 15 695 774 315 31 623 74 602 444 222 412 579 609 77 761 433 611 362 448 752 619 577 156 47 554 218 487 528 449 114 463 453 160 514 571 149 54 521 89 687 655 144 27 171 278 476 384 394 513 183 251
-1
-1
-1
634 150 746 329 191 479 616 540 402 729 174 68 717 451 636 665 605 726 396 700 306 23 526 494 601 235 469 757 140 426 401 668 711 58 381 272 237 286 66 714 72 392 37 297 547 654 87 590 766 238 7 374 3 733 39 769 707 324 776 417 747 731 312 674 696 371 91 553 166 586
-1
634 150 746 329 191 479 616 540 402 729 174 68 717 451 636 665 605 726 396 700 306 23 526 494 601 235 469 757 140 426 401 668 711 58 381 272 237 286 66 714 72 392 37 297 547 654 87 590 766 238 7 374 3 733 39 769 707 324 776 417 747 731 312 674 696 371 91 553 166 586 740 101 11 461 716 649 533 600 519 241 331 434 546 588 770 373 689 347 134 196 211 375 370 32 269 261 439 446 376 319 749 416 462 33 603 436 385 313 772 131 98 472 167 638 730 248 428 511 753 662 754 137 635 24 124 671 337 236 75 650 555
503 648 16 529 203 339 666 199 456 112 21 314 50 421 470 224 728 109 598 60 704 512 644 359 265 322 430 626 596 732 172 219 292 435 775 364 130 302 19 243 333 119 545 427 363 335 14 252 146 357 22 192 185 738 135 527 442 625 154 483 9 61 478 35 352 304 633 585 484 298 530 688 559 148 466 158 587 113 741 338 326 230 431 474 403 388 723 93 645 500 213 387 264 454 256 552 64 452 275 56 745 467 28 348 215 216 204 365 628 404 349 681 351 481 155 548 247 279 309 658 482 569 566 618 81 624 343 550 46 301 518 15 517 80 129 632 748 151 118 102 643 5 578 330 719 26 459 332 360 188 507 429 92 51 523 437 274 65 246 239 187 410 86 120 702 390 631 695 774 315 31 623 74 602 41 444 222 412 579 609 77 761 433
-1
