73
108
23 77 53
23 73
23 73
77 74 53 108
23 78
78 73 46 77 74 53 23 108 33 117 91
105 85 68
82
78 73 46
77 82 101 74 45 52 116 57 108 33
78 46 77 82 101 74 45 52 116 73 57
-1
128 108 33 68 115 53 117 91 23 105 85 111 76 114
-1
78 46 77 82 10 101 74 45 128 97 52 116 73 57 108 33 68 115 53 117 91 93 23 2 98 105 85 21 111 76 26 114 47
78 77 82 12 10 101 74 45 98 97 52 116 73 57 108
78 77 82 12 10 101 74 45 98
97 52 116 73 37 57 108 5 33 68 109
78 77 82 12 10 101 74 45 98 97 52 116 125 37 57 108 5 33 68 109 115 53 117 91 93 30 80 23 22 2 18 105 85 21 111 73
4 75 26 90 128 114 47 51 76 46 27 43 11 44
78 101 80 77 8 82 12 10 74 45 98 97
78 101 80 77 46 8 82 12 10 74 45 98 97 52 4 116 125 6 110
37 114 57 108 5
-1
78 101 80 77 46 8 82 12 10 74
108 78 101 80 77 46 8 82 12 10 64 45 98 97 17 52 4 116 125
6 110 32 37 114 57 5 74 75 33 109 115 58 49 53 117 91 20 93 30 13 23 22 2 18 105 85 81 21 128 73 26 90 14 68 47 51 76 94 111 27 43 7 11 95
-1
-1
