18169083
318143837
942826007
590893369
272678811
299973494
681810509
399989752
435778319
5001225
789952311
640346571
5001225
867875842
393001350
5001225
849532721
736747185
5001225
515183381
243290764
5001225
474358074
868410599
5001225
205928386
860335350
5001225
171190657
446203399
5001225
193862791
463164454
5001225
898257322
90968305
5001225
388026011
430081993
5001225
512270801
847838743
5001225
654392407
224932017
5001225
884959501
839654641
5001225
434489021
526923519
5001225
239130920
890215193
5001225
648433240
297330304
5001225
447022125
697508704
5001225
635564990
540927269
5001225
976697777
613176647
5001225
299459198
633670512
5001225
450739366
768786935
5001225
269142855
528029860
5001225
858115860
674901261
5001225
967712277
344163372
5001225
652920862
974679759
5001225
405541064
789454495
5001225
546511765
559003058
5001225
65135213
891314936
5001225
124033006
563565419
5001225
785211312
620779826
5001225
524837113
673487699
5001225
633805055
153446030
5001225
621979654
621445211
5001225
761390418
255319466
5001225
590907057
734177406
5001225
252997428
314076727
5001225
453771338
111571111
