3468366
539256842
2
852942330
1
3678480
970401683
88308317
572090137
4
2438280
827779047
3841125
265996168
3933953
3276041
175960958
6
183929371
872419988
2165013
299739144
89500312
2
31
9553
749309229
777452989
2
7
501754
235544457
757832409
409188241
3958657
4484115
366547665
2
96926018
5
3857091
607231128
810074922
13681291
157832620
4054064
35589659
828593775
199950555
1
732096
785719340
7008535
1998325
9
3083570
960406591
9669857
903354488
3
2788163
396003320
227934999
2
11
3351105
910661769
325905638
5801061
3806267
1160962
336329960
252999070
9275677
6361051
2645391
921055075
5396962
932225130
799101373
3962133
819630704
17387543
4
3
838341
379480117
332833226
227888778
7282513
261576
262934823
1
2
2
971033
372924786
148805332
3983793
1
561775
414337246
6
244447466
23820836
3137203
748030769
818137084
8
1
2488140
213738628
7005508
11
106424621
2426314
698131908
4968548
860248225
1
