3
knm256
ctt011
ycv312
6
rgm050
xmk132
ave062
14
obh951
18
ano736
rtw188
ano736
28
ano736
35
aem730
sgh056
zzh158
ssx152
fyy231
54
57
57
qqo272
abi853
62
abi853
abi853
abi853
gpb420
71
abi853
75
abi853
vil387
abi853
abi853
het300
abi853
abi853
abi853
91
oth239
ssr292
abi853
abi853
ruo921
abi853
96
luu233
abi853
eim689
abi853
ikd425
106
dpu910
afm055
ygi909
abi853
ptk027
abi853
121
abi853
ecs159
wxr520
124
zjg165
abi853
zba311
xhx343
abi853
abi853
abi853
142
wag504
voa789
ube567
abi853
154
154
abi853
abi853
154
abi853
abi853
abi853
156
abi853
157
157
abi853
158
163
165
ays598
164
aio003
167
167
172
qqw113
uju601
abi853
jnt421
ndq720
abi853
181
jwa398
sxv364
jzl682
183
184
umr714
abi853
gup975
182
aee316
ehr835
abi853
186
abi853
abi853
191
abi853
abi853
194
jiu794
205
206
207
bjt853
208
217
222
abi853
dql664
prt028
wns071
231
crv255
240
240
abi853
jzy232
gmv343
abi853
abi853
tbw951
258
abi853
edj261
abi853
abi853
abi853
260
abi853
260
kzr623
264
265
kys350
zur718
abi853
rvd558
xlr626
qqu133
281
282
285
286
286
abi853
joc926
abi853
abi853
tab550
312
316
abi853
yvf018
abi853
abi853
sft660
upx074
zpq310
317
abi853
321
abi853
abi853
321
ocv948
