kxk609
9
10
10
12
13
ccd307
wem035
11
12
13
19
aup712
tcz833
aup712
aup712
aup712
ajs501
aup712
30
bbm522
31
32
32
jgh086
33
35
izz536
aup712
aup712
41
peh317
aup712
47
aup712
50
mvb371
67
72
aup712
78
78
auo250
auo250
83
hgm059
dvs748
auo250
auo250
88
hdy753
auo250
96
jij460
auo250
auo250
105
bbu722
cdh421
107
qco776
auo250
daz393
afp792
muq178
wid678
auo250
vct086
129
129
ceq864
auo250
138
145
145
auo250
ptz062
auo250
auo250
165
vvp346
167
170
auo250
qyc965
fap968
dfq641
auo250
mnj919
atl238
enu649
203
atl238
atl238
htc667
atl238
rtg826
215
215
217
217
rko912
atl238
jmf569
218
kbi535
atl238
eik252
228
acn052
fgh041
zkj234
231
acn052
243
243
oxn550
nfx397
ekp650
zac672
247
acn052
lyy152
258
feh928
acn052
fsd551
tqz480
acn052
263
265
266
273
wwk490
279
acn052
ovw216
acn052
282
pve158
284
pjn064
286
acn052
302
acn052
302
spz869
acn052
305
acn052
309
hxk742
hqz401
wwr931
acn052
acn052
317
hih918
acn052
acn052
frb776
acn052
332
acn052
acn052
334
335
acn052
rfr991
339
ktl677
346
iax382
358
rgc113
aaf221
yiw244
xrq176
aaf221
aaf221
363
pys455
hvl109
aaf221
367
aaf221
aaf221
372
xyx804
aaf221
aaf221
381
aaf221
386
388
391
aaf221
grn314
bjt863
ztf812
398
oxq023
ycs285
aaf221
398
aaf221
itm618
rvs328
aaf221
aaf221
405
aaf221
bei971
vxx115
weq120
aaf221
415
jod213
aaf221
aaf221
aaf221
430
430
432
ydf355
uxt080
aaf221
448
448
aaf221
aaf221
450
456
aaf221
bjq184
cbm047
460
aaf221
vkt835
aaf221
aaf221
462
aaf221
464
464
gmg873
aaf221
471
xas206
aaf221
aaf221
dwt304
kus534
aaf221
aaf221
478
479
pop843
tqu958
oag430
