1 1.0000
0 0.0705
0 0.0000
0 0.0020
0 0.0000
0 0.1801
0 0.0000
1 0.9998
0 0.3527
0 0.0000
0 0.0004
0 0.0047
1 0.9725
0 0.0000
0 0.0000
1 0.9992
0 0.0089
0 0.0000
0 0.0000
0 0.0001
0 0.0000
0 0.0000
1 0.7028
0 0.0000
1 0.9965
1 0.9291
1 1.0000
0 0.0001
1 0.5196
0 0.0864
0 0.0000
1 0.9999
0 0.0020
1 0.6541
0 0.1435
1 0.9999
0 0.2418
0 0.0000
0 0.0000
0 0.0001
1 0.9946
0 0.0000
0 0.0000
1 0.8397
1 0.6748
0 0.0036
0 0.0188
0 0.0000
0 0.4203
1 1.0000
0 0.0000
0 0.0000
1 0.9462
0 0.0000
1 0.9773
0 0.0032
0 0.0000
0 0.0000
0 0.0000
0 0.0000
