0 1 3 5 8 16 17 48 50 64
2 4 7 9 18 20 21 33 35 73
6 10 11 12 13 24 28 30 42 86
14 19 22 25 37 41 45 54 57 97
15 23 26 32 34 36 43 51 74 136
27 29 38 40 44 69 70 76 77 88
31 39 47 55 56 78 81 85 113 117
46 49 58 59 62 66 96 101 123 138
52 60 63 68 71 75 87 89 121 122
53 65 80 83 90 92 108 125 126 132
61 67 72 84 98 106 110 128 164 186
79 93 95 100 104 115 131 135 152 163
82 94 99 102 105 107 111 114 149 153
91 103 109 112 116 118 137 139 157 184
119 120 124 129 140 141 145 148 155 162
127 133 143 146 147 150 151 154 166 190
130 134 144 158 159 160 167 169 171 179
142 161 168 173 174 175 177 180 181 192
156 165 170 172 178 182 183 185 189 199
176 187 188 191 193 194 195 196 197 198
