-1
-1
-1
-1
-1
-1
-1
-1
-1
-1
-1
-1
-1
-1
-1
-1
-1
-1
-1
-1
-1
-1
-1
-1
-1
-1
-1
-1
-1
-1
-1
-1
-1
-1
-1
-1
-1
-1
-1
-1
-1
-1
-1
-1
-1
-1
-1
-1
-1
-1
10000001157371
10000000224299
10000001207047
10000001309461
10000000476503
10000000000751
10000000995671
10000000354579
10000000493183
10000000687793
10000000104343
10000001970251
10000000969039
10000000964771
10000000464527
10000000569203
10000000028621
10000000643981
10000000876637
10000000466021
10000000725983
10000000005607
10000000832977
10000001506091
10000000285021
10000000847399
10000001542771
10000001291999
10000001831269
10000000297769
10000001121739
10000001064731
10000001715887
10000000129387
10000001392993
10000001614103
10000000696769
10000001231963
10000000169777
10000001260147
10000001550289
10000001506567
10000000509827
10000000163443
10000001314337
10000000829473
10000001672159
10000000405309
10000001464639
10000000844629
