-1
-1
-1
-1
-1
406873
981932
798288
-1
-1
966895
-1
412124
-1
-1
966895
540925
485425
813126
-1
813126
412124
279035
-1
815646
-1
-1
813126
558457
-1
-1
-1
574359
-1
798288
-1
943061
-1
798288
-1
-1
-1
-1
443402
203261
813126
18797
-1
-1
-1
203261
943061
212490
-1
-1
-1
-1
813126
-1
-1
-1
678471
566406
762380
728956
-1
-1
-1
566406
-1
-1
-1
-1
-1
-1
-1
-1
-1
269471
-1
-1
579881
-1
579881
947777
-1
-1
566406
-1
-1
579881
-1
269471
891039
-1
-1
-1
-1
787641
566406
-1
-1
-1
695315
787641
-1
-1
546783
849764
-1
-1
-1
272682
10229
-1
550131
-1
-1
787641
580969
-1
787641
-1
-1
-1
-1
-1
166597
-1
-1
673662
-1
-1
395094
-1
-1
-1
166597
655873
-1
-1
-1
305059
-1
665634
-1
213591
-1
114784
-1
934977
-1
305059
-1
114784
213591
934977
-1
-1
-1
490776
-1
781820
-1
-1
-1
-1
277623
376973
-1
114784
-1
-1
-1
-1
-1
365263
-1
-1
294244
-1
-1
567140
242549
438517
-1
-1
192552
874598
-1
-1
-1
317018
96312
-1
294244
-1
-1
-1
294244
-1
-1
-1
875071
-1
-1
305849
-1
-1
-1
972997
305849
305849
734790
-1
-1
-1
-1
202798
-1
923748
-1
915052
305849
-1
-1
-1
-1
-1
305849
-1
-1
734790
-1
-1
-1
-1
405709
953397
953397
202798
92517
405709
-1
247933
-1
-1
-1
680042
-1
358951
-1
-1
728548
-1
-1
-1
370931
323781
868820
84549
-1
-1
-1
-1
-1
-1
353255
-1
-1
552999
-1
-1
-1
-1
-1
-1
-1
-1
-1
783915
-1
-1
929299
-1
-1
-1
-1
-1
616057
-1
423693
784819
74161
-1
738851
-1
291870
291870
-1
423693
86135
-1
-1
-1
-1
-1
-1
-1
-1
166383
-1
281034
-1
-1
-1
13341
-1
492546
-1
-1
518299
-1
-1
-1
934212
13341
518299
-1
-1
-1
281034
911162
-1
-1
-1
-1
-1
-1
-1
-1
536211
-1
-1
-1
-1
-1
-1
-1
-1
-1
536211
585724
-1
-1
-1
-1
536211
421927
653260
-1
-1
-1
660431
653260
246591
-1
563409
-1
-1
304385
-1
-1
-1
842551
-1
992038
18348
-1
-1
-1
15080
992038
-1
-1
304385
868941
-1
261228
296862
82548
430510
-1
-1
430510
-1
-1
-1
815386
294311
636315
-1
382523
-1
18348
378415
-1
382030
-1
65043
-1
-1
294311
-1
-1
-1
925238
-1
417481
554803
334506
-1
-1
361041
-1
361041
-1
59407
398468
-1
398468
925238
925238
59407
784966
187393
-1
398468
-1
-1
-1
938458
-1
-1
856798
563820
386792
-1
-1
