67.300198
67.709587
67.300045
67.707134
-238.489819
13.358294
67.300380
-517.768966
68.778150
-3576.487971
9.613427
-16.014816
-518.547854
-3576.486653
-369.392700
-3576.090146
143.407996
-2.135513
-302.423234
59.762335
-178.771149
-509.655036
-10.645452
-510.410834
1.216305
-2.028156
77.064981
-510.161439
103.523343
-374.493715
-283.492462
103.523470
-3700.914544
-299.344301
7.707539
-3576.487534
-375.217654
-3576.487971
-374.872013
-961.393708
-230.574008
-369.020452
-517.393852
-3576.486628
-44.303831
143.407996
-509.021393
-0.784693
-238.489819
-280.422098
-230.573998
-182.045595
-181.729262
-368.322821
-519.656540
-368.322824
-280.413641
-3457.314343
