09000032 01000002 92 success
09000015 01000001 36 success
09000013 01000003 74 success
09000012 01000004 2 success
09000036 01000005 50 success
09000028 01000007 69 success
09000012 01000006 31 success
09000049 01000008 27 success
09000034 01000009 46 success
09000049 01000010 100 success
09000021 01000011 46 success
09000047 01000012 56 success
09000007 01000013 24 success
09000028 01000014 53 success
09000035 01000015 42 success
09000032 01000017 39 success
09000028 01000016 100 success
09000017 01000018 46 success
09000030 01000019 5 success
09000047 01000020 37 success
09000019 01000021 23 success
09000028 01000023 59 success
09000017 01000024 56 success
09000028 01000025 70 success
09000015 01000022 26 success
09000020 01000027 98 success
09000049 01000026 94 success
09000033 01000028 74 success
09000025 01000029 36 success
09000022 01000032 7 success
09000024 01000030 42 success
09000028 01000031 31 success
09000049 01000033 12 success
09000037 01000035 83 success
09000024 01000034 52 success
09000042 01000036 18 success
09000050 01000037 6 success
09000026 01000038 28 success
09000014 01000039 97 success
09000042 01000040 87 success
09000034 01000041 27 success
09000041 01000042 70 success
09000010 01000043 34 success
09000042 01000044 20 success
09000003 01000045 55 success
09000011 01000047 10 success
09000026 01000048 39 success
09000039 01000046 22 success
09000014 01000049 31 success
09000039 01000051 85 success
09000033 01000050 18 success
09000050 01000054 33 success
09000006 01000052 51 success
09000048 01000053 98 success
09000009 01000055 51 success
09000045 01000058 3 success
09000050 01000056 67 success
09000036 01000057 10 success
09000012 01000059 33 success
09000022 01000060 16 success
09000005 01000061 34 success
09000018 01000062 80 success
09000035 01000063 66 success
09000046 01000064 95 success
09000034 01000066 15 success
09000050 01000065 69 success
09000005 01000067 76 success
09000022 01000068 2 success
09000009 01000070 26 success
09000038 01000069 33 success
09000037 01000071 32 success
09000007 01000072 72 success
