09000029 01000002 13 success
09000032 01000001 91 success
09000033 01000005 69 success
09000002 01000004 3 success
09000024 01000003 13 success
09000044 01000006 73 success
09000044 01000007 3 success
09000003 01000008 39 success
09000019 01000009 67 success
09000048 01000011 88 success
09000049 01000010 75 success
09000048 01000013 73 success
09000050 01000014 47 success
09000035 01000012 71 success
09000047 01000015 80 success
09000016 01000016 19 success
09000050 01000019 71 success
09000017 01000018 37 success
09000001 01000017 12 failure
09000005 01000020 55 failure
09000038 01000021 96 failure
09000014 01000022 31 failure
09000018 01000023 10 failure
09000036 01000024 23 failure
09000022 01000025 40 failure
09000002 01000026 30 failure
09000007 01000027 70 failure
09000026 01000028 36 failure
09000015 01000029 60 failure
09000037 01000030 67 failure
09000038 01000031 4 success
09000046 01000032 68 failure
09000039 01000033 68 failure
09000044 01000034 10 failure
09000006 01000035 56 failure
09000031 01000036 10 failure
09000049 01000037 81 failure
09000020 01000038 89 failure
09000037 01000039 34 failure
09000001 01000040 84 failure
09000043 01000041 90 failure
09000049 01000042 82 failure
09000034 01000044 65 failure
09000011 01000043 52 failure
09000018 01000045 68 failure
09000029 01000046 89 failure
09000036 01000047 49 failure
09000036 01000048 19 failure
