8.29 -3.23 -3.89 16.67 -25.78 1.03 -29.40 -2.05 1.42 2.81 16.92 -8.25 -10.46 5.81 -14.82 9.17 4.56 -24.64 -25.89 -7.66 33.11 -12.90 11.92 -13.78 18.07 28.49 25.22 10.39 -25.75 -16.89 20.84 -12.58
6.85 10.55 -0.70 -30.81 -3.10 -23.58 -12.71 -38.11 -12.47 20.94 -11.04 3.20 -3.64 -6.50 -27.73 13.16 -25.45 12.67 -3.45 -15.92 11.30 -7.65 -8.61 10.59 18.39 6.29 -14.42 -13.16 27.98 -19.79 20.33 0.04
21.08 1.74 -7.69 -6.58 -40.45 12.63 -19.51 -2.93 -9.43 -23.76 -28.70 -14.61 -33.98 -28.74 -14.42 -4.55 -11.12 5.13 12.13 -7.99 38.67 -23.22 18.80 22.07 34.44 -1.74 -6.11 -7.21 -6.43 -17.69 -4.19 -4.58
11.45 1.45 21.65 -22.41 3.29 14.39 -6.47 -7.61 14.37 -18.93 -8.35 -4.60 -4.11 -22.46 -35.04 -9.48 -4.17 6.33 2.32 6.19 45.90 8.20 27.37 -6.26 15.38 -14.93 -7.95 -10.33 -6.02 -9.98 -5.32 -27.68
15.52 10.90 -4.77 18.37 6.16 20.88 11.94 2.16 12.90 -31.32 -3.91 -4.98 -20.18 0.97 -20.68 -9.44 4.68 10.46 -20.75 10.47 27.99 -15.90 6.03 11.95 -6.09 3.92 -19.42 1.07 -16.87 -24.44 -0.21 -8.98
-2.16 10.33 14.15 -3.96 -1.25 4.74 3.95 -2.93 13.48 5.75 13.59 1.94 -5.15 -32.29 -8.81 -10.86 8.73 -4.41 -11.15 4.52 -1.52 3.41 6.43 -2.68 -0.28 -2.30 -3.85 0.15 3.74 -6.43 4.38 -14.06
18.13 6.81 -4.94 2.48 -3.62 -19.56 -25.82 -27.54 -22.55 11.40 -15.24 -10.14 -31.14 0.82 -38.80 14.74 -25.81 -5.42 -31.01 10.34 34.01 -4.92 18.28 -1.69 10.72 18.39 -14.19 -14.12 6.11 -9.15 8.66 -18.47
1.09 0.22 -1.91 -12.47 -17.90 7.68 -21.50 -11.51 -13.40 0.32 -19.27 -18.99 -15.85 -31.24 -22.20 0.64 -16.15 4.10 24.24 -2.70 25.02 10.83 6.39 -4.29 15.07 -10.24 -5.22 2.95 -4.20 -7.08 -0.12 -18.96
20.09 -21.58 36.75 -6.77 8.99 0.13 6.02 -27.01 5.95 33.94 -0.22 -9.43 4.04 0.14 -14.21 19.35 12.18 10.68 -27.84 6.07 0.30 -23.63 8.75 7.97 11.46 43.95 -18.19 0.00 14.64 -5.93 -15.10 2.21
22.70 -3.84 -1.30 -3.59 -24.17 20.64 0.12 -9.62 -3.18 -12.72 -29.65 -23.22 -22.87 -17.02 -33.40 11.19 -0.53 -10.48 -2.77 10.58 4.89 -40.03 23.49 -1.39 23.52 2.65 -29.98 7.23 8.56 8.96 29.68 -10.50
0.58 22.82 38.11 3.24 14.06 17.35 -13.28 -44.22 12.18 7.55 -26.30 -9.86 -44.04 -9.91 -21.76 2.64 -14.68 -16.33 -56.62 9.61 15.67 22.83 32.23 7.08 16.82 15.28 -18.54 -19.70 19.44 4.34 -14.60 -10.19
-1.58 -0.63 2.91 -18.00 -30.26 4.80 0.62 -39.53 6.13 -18.07 -17.30 2.01 -13.45 -15.97 -10.92 -9.65 -22.50 -17.55 -27.29 32.96 22.30 -21.77 37.64 -2.10 8.81 -9.95 -23.92 4.92 5.58 9.91 -2.45 -0.63
44.38 -15.31 9.80 -13.56 -26.94 7.45 -18.17 -33.20 -30.08 13.81 -21.58 -14.63 -16.26 -35.77 -8.37 25.03 10.48 -24.82 -14.75 4.33 34.71 -10.31 -0.24 -1.28 10.53 4.46 -13.12 15.97 -2.09 20.97 4.53 -15.01
5.76 -11.60 -0.18 -1.81 -3.82 9.86 2.59 -15.36 17.08 -7.02 -0.41 -1.95 -5.20 2.27 -6.36 7.21 -10.38 -9.66 -21.82 10.25 16.56 -39.55 13.12 10.03 26.11 4.00 -11.07 -11.97 -4.02 17.02 -5.85 -5.07
10.65 14.90 20.22 -24.22 -10.68 17.35 -4.13 -9.16 -4.53 -21.91 -17.85 -12.76 -12.61 -5.36 -4.10 13.05 1.72 2.77 -23.34 3.24 33.55 -7.58 11.00 -6.34 -12.82 23.69 31.77 -4.67 4.61 -12.43 19.56 -29.24
14.96 -48.39 19.96 -15.22 -31.51 -1.92 0.19 -18.78 23.78 4.26 -17.18 -6.43 -7.12 19.50 -25.09 -4.72 7.14 -3.03 3.06 12.63 9.45 -45.82 28.04 25.48 19.41 8.27 -35.13 -1.47 9.23 -6.68 0.53 -9.11
27.18 -19.00 29.12 -10.66 0.99 -7.48 -20.21 -32.84 -13.81 13.34 -12.15 0.89 -6.99 -10.91 -11.70 -10.52 2.13 7.36 -5.34 22.25 31.98 -17.77 16.45 3.29 17.87 15.14 -20.06 25.95 -0.61 -7.00 13.94 23.54
9.32 8.03 16.46 -14.16 10.19 -1.18 -16.78 -23.30 20.41 4.91 13.11 14.36 -5.07 -18.59 -35.25 -14.42 -1.46 1.23 -19.86 20.98 -10.43 -12.86 8.92 -1.05 18.20 8.15 -28.87 -11.97 13.35 4.77 -16.94 13.85
-17.01 23.23 8.32 -5.17 -11.00 8.84 -8.29 -2.84 -3.77 3.89 -8.82 -11.74 -8.48 -36.50 -13.20 -5.79 -21.04 6.41 19.90 17.85 18.73 -1.87 18.52 -6.86 -1.95 2.37 12.85 -16.22 -15.04 -7.57 -20.00 1.78
-15.98 30.95 11.54 -6.04 -5.64 -13.81 -18.85 -8.68 -7.17 -7.58 -0.67 -19.72 -24.47 -12.19 10.29 13.30 -35.67 4.89 -51.05 3.47 18.90 -10.89 19.07 3.95 3.28 34.51 19.64 -30.47 6.08 -7.43 20.08 21.62
-3.83 4.73 32.65 -22.55 -10.37 3.56 -0.84 -41.67 5.38 10.17 -18.35 -10.56 -3.30 -10.04 -24.36 16.68 -3.80 0.71 -35.91 29.63 38.91 1.59 7.48 -27.88 -10.64 7.15 6.18 -9.87 2.51 9.38 -8.57 0.79
6.86 23.45 -2.59 -4.97 5.48 -0.71 -19.79 -9.63 9.25 -21.45 13.24 12.41 -3.76 -5.55 -25.42 -21.55 -22.84 7.10 -11.20 3.30 28.81 -13.72 16.36 -8.32 16.81 13.63 -6.88 5.79 -37.15 -22.73 2.55 1.41
0.65 28.59 -39.05 14.80 -31.92 5.45 5.22 -55.90 10.50 -1.68 6.07 -10.36 -22.04 -22.69 -27.31 13.06 -14.94 -30.77 -51.07 -38.55 31.71 -5.57 30.12 13.94 10.25 19.09 -35.18 7.73 34.15 4.43 24.42 -0.50
-8.52 33.54 -38.89 5.34 -0.37 13.05 -3.30 -38.53 -3.46 -3.75 -9.35 -3.40 -10.82 3.96 -29.92 5.97 -26.83 -4.92 -20.65 -13.10 26.33 -39.80 27.16 2.80 9.44 16.53 -5.42 -2.45 12.33 -12.89 11.45 4.85
-8.13 -16.27 20.83 1.21 -30.08 21.32 -8.53 -35.33 21.76 0.89 -3.57 -33.63 0.12 12.31 -28.16 25.88 -13.01 -9.50 -50.45 -2.38 1.16 -12.88 3.28 -20.18 13.80 17.18 8.02 13.39 16.84 -25.02 26.99 -22.93
6.13 41.60 -11.69 -28.19 21.48 7.94 -24.85 -39.85 -9.48 -16.80 -11.19 20.16 -4.72 -7.73 -25.85 -10.24 -19.46 10.26 -10.00 2.99 54.31 -25.47 35.59 -15.88 6.93 8.06 6.20 -13.29 -43.61 -21.88 -34.57 -2.36
9.06 22.01 15.25 -12.58 -4.69 33.84 14.15 -29.87 10.99 -13.52 -23.25 -10.00 -17.51 -42.90 -17.36 -4.78 -14.16 -15.33 -0.24 17.73 48.49 15.09 20.18 -4.78 -3.75 -2.35 26.83 4.48 10.77 21.07 -9.57 -14.78
18.65 -19.03 -9.63 -16.33 -41.25 33.34 -9.04 -22.57 3.82 -4.61 -0.75 -3.51 -13.97 -17.52 -10.52 8.47 16.37 -47.30 -8.24 0.98 62.78 -12.01 13.16 -15.04 20.20 -19.65 -10.17 44.07 7.93 21.90 10.44 -25.10
24.88 -9.38 27.89 1.64 -2.57 -3.02 -7.09 -17.92 -8.76 27.99 -2.53 -9.18 -17.10 -18.86 -4.22 -5.97 -13.31 2.41 -14.79 2.60 -3.50 -33.59 25.41 11.52 29.10 25.72 -13.20 -6.15 -6.35 12.48 9.15 7.81
31.70 -44.03 -8.32 -7.68 -33.68 2.01 20.13 -23.99 -4.09 -23.97 -16.16 -10.11 -15.55 -11.65 -27.27 5.82 21.08 -34.21 -26.49 22.57 28.38 -56.74 29.53 2.99 15.25 0.97 -16.24 -3.83 38.89 -11.48 31.24 -17.36
4.82 2.19 32.97 -15.51 0.50 4.35 -17.80 -13.16 28.70 1.17 -1.95 11.56 -24.40 14.71 -18.01 0.96 8.21 -1.05 -14.11 24.71 26.84 -5.53 13.83 -3.04 -3.65 5.06 -7.96 2.16 1.41 -3.73 -7.33 20.91
-15.05 10.75 7.93 6.00 4.67 2.69 11.84 -24.84 7.79 -1.41 5.82 -3.95 14.18 -5.16 -7.15 5.47 -10.65 9.51 -29.85 16.71 23.28 -17.47 11.75 -1.94 -11.83 21.83 -11.24 -7.22 -21.11 -17.23 -31.71 -9.04
41.88 -3.41 -18.59 -21.12 -41.77 3.58 -15.21 -7.56 -35.49 20.29 -7.74 -5.61 -4.44 -26.43 -35.81 37.46 3.56 -28.65 -19.89 -1.10 10.34 -32.28 -2.16 -11.84 38.00 4.97 4.46 12.95 -1.70 0.86 21.23 -48.97
-5.71 -2.14 4.92 -7.73 -4.24 10.14 19.19 -11.27 19.93 -19.07 -4.63 -8.84 0.59 1.77 -7.42 10.23 4.57 -2.74 -26.45 4.04 25.89 -33.50 13.79 -8.19 -26.21 16.07 -23.62 -5.33 8.43 -28.64 1.44 3.52
30.38 -21.97 35.91 -13.50 -2.30 -16.96 -33.34 -11.49 1.37 24.85 21.67 20.80 -21.56 3.70 0.40 3.95 14.69 5.73 -23.29 -11.96 11.58 -29.68 -10.77 30.52 28.59 33.43 -2.99 1.77 -5.67 -3.97 -7.11 4.54
26.89 -7.60 -10.62 -16.97 -22.81 -16.75 -25.63 -11.01 -22.49 -11.28 -20.26 -10.05 -39.40 -43.74 -14.14 4.92 -2.46 -1.03 23.65 -18.63 37.39 0.09 36.88 13.97 15.81 -11.68 -12.41 -6.13 4.82 8.21 13.57 -47.90
3.81 9.69 40.36 -16.78 -9.69 7.31 13.79 -17.44 31.87 9.79 3.46 2.35 -3.27 -26.90 -16.63 -1.64 8.85 -1.28 -22.99 0.49 9.16 6.74 -3.58 -29.24 0.33 1.09 13.09 1.68 -3.82 -1.12 -3.82 -22.32
-4.25 16.73 -22.94 8.61 -18.27 2.72 -5.69 -40.69 4.31 9.84 -11.29 -17.33 -6.60 -2.05 -30.59 12.55 -20.81 -30.52 -33.51 -5.73 11.17 -21.86 19.80 17.98 11.48 25.34 -22.26 -5.94 30.11 -0.42 28.87 4.68
17.15 -34.36 19.63 -17.32 -27.10 -41.46 -21.61 -15.46 15.60 6.41 10.70 -3.19 -11.41 -3.49 -0.05 9.83 3.70 -6.98 -22.59 12.44 9.26 -20.41 18.13 28.54 8.17 23.27 -8.30 -20.38 6.63 -4.55 10.02 -23.48
2.69 -30.29 31.29 -20.21 -23.58 1.49 -25.01 -24.91 9.69 36.99 -8.94 -25.55 13.01 -1.61 -10.09 16.62 -11.28 -27.82 -33.68 19.31 12.85 -30.24 -0.34 1.82 20.13 45.76 18.24 10.22 1.98 -3.97 24.03 -12.11
