14.13 5.95 7.00 -9.19 -24.70 4.20 -17.67 0.93 -7.19 11.00 -0.02 12.51 7.76 -10.12 -11.38 0.67 11.18 -21.09 2.98 -29.36 22.09 -1.76 -18.56 -10.99 -4.32 2.78 31.25 -5.02 -14.93 -7.87 30.17 15.15
12.23 -8.17 -17.80 -9.91 -7.39 -2.74 -8.89 -2.80 18.35 -28.74 -11.32 11.78 -26.91 -3.19 -15.57 -24.68 1.88 23.34 32.90 -19.18 36.80 -19.26 -11.28 -5.14 -7.09 6.98 -7.56 -11.41 -35.59 18.97 32.00 43.30
-2.08 11.03 -5.36 5.53 -18.80 -10.15 14.58 -20.51 12.34 -1.64 -13.22 -1.32 19.71 -23.56 11.15 -10.35 17.02 -9.97 11.73 -29.83 9.77 -14.02 -27.27 -5.51 16.62 23.49 12.30 -30.43 -1.34 -8.66 10.60 28.04
-4.74 19.01 17.04 2.15 -8.91 3.81 -24.96 -9.48 11.30 0.80 15.97 -0.86 9.10 -6.08 -2.19 3.95 -6.82 -16.37 -0.80 -3.81 -1.78 20.33 -6.10 -0.46 -9.78 22.85 27.32 2.42 -31.13 17.09 14.45 -16.71
29.56 -14.04 -14.54 -18.31 -22.44 -5.11 -24.82 -8.10 -1.51 -12.48 -24.65 22.59 -3.90 -18.63 -9.17 -9.20 5.64 -10.90 27.96 -25.75 38.25 -3.05 2.43 -7.48 -17.71 -6.72 -15.27 -2.16 -47.60 24.03 24.01 20.88
13.89 1.28 11.86 13.34 -16.92 -19.29 -9.93 23.11 20.86 -16.72 3.86 -2.81 7.34 1.43 -23.53 2.43 3.85 -3.96 4.59 -8.88 16.00 2.90 18.15 -6.33 -0.66 -25.01 5.77 1.41 -21.45 27.31 -2.48 24.72
14.23 9.78 -25.46 -19.61 4.04 -2.38 30.91 -5.31 10.49 -25.55 -1.68 -4.08 6.13 -9.84 -26.35 -5.28 8.85 13.67 -9.96 -28.69 -26.64 6.93 -19.26 -9.98 33.02 -21.95 9.63 -43.26 -7.81 12.53 23.76 9.95
-12.01 14.54 -9.64 -2.11 -13.00 -16.79 5.73 -14.67 5.30 -18.12 21.74 20.78 -1.82 -8.24 5.63 -2.90 -1.38 5.31 -3.61 -31.16 -6.34 -7.34 -38.34 -8.56 13.84 19.68 11.52 -51.95 -29.73 8.48 31.27 10.17
-3.29 -2.94 11.58 -18.06 -32.16 -9.94 10.97 -29.64 34.93 -6.88 -6.13 -7.67 20.73 -15.33 23.18 -0.66 26.81 -19.97 36.60 -28.02 15.67 -11.04 -37.78 2.44 34.04 27.01 -20.43 -15.23 -6.82 -12.26 40.08 22.82
-9.28 -0.49 -17.66 -11.00 -15.43 -17.73 -10.98 1.96 9.37 6.09 -1.93 -14.30 -25.16 -18.62 -1.16 -22.02 18.02 3.14 0.83 -26.82 2.71 -18.73 -10.35 -3.00 0.37 -8.02 -11.31 -21.44 -19.39 10.10 -11.34 8.10
-4.85 -5.08 -3.69 -9.28 -23.11 -10.06 -13.64 -4.01 16.27 -20.55 0.25 -9.80 12.97 -19.00 13.57 -7.66 8.64 -21.08 5.20 -21.59 4.51 5.99 -20.64 -10.97 -3.36 22.50 9.95 -19.18 -30.23 24.21 21.79 15.80
-20.37 15.52 -26.95 4.16 -1.35 -24.04 -2.59 -22.97 5.19 11.24 -21.73 5.10 -5.37 -11.24 17.67 -19.34 15.70 11.89 13.78 -22.40 9.93 -15.50 -25.14 5.87 -3.89 31.02 3.81 -39.18 -31.69 23.42 5.96 34.28
-9.24 10.71 -28.54 -7.55 -2.44 -23.15 12.04 -12.33 5.44 -5.40 3.26 -27.87 -6.12 5.11 10.62 -33.56 24.45 34.64 3.38 -28.83 -13.15 -0.82 -21.08 26.83 -10.40 16.81 16.42 -31.99 -38.88 10.47 17.05 12.24
15.74 1.89 -9.07 -9.87 -14.04 -21.77 -9.52 9.62 17.51 -23.09 13.98 2.33 6.57 -0.70 -21.85 13.17 -4.27 -13.45 9.70 -26.15 19.56 -6.31 -1.20 -3.67 9.56 9.13 3.51 -23.30 -14.34 8.27 30.15 35.14
-32.11 28.77 -0.96 9.60 -40.92 -28.33 -11.95 5.72 51.10 -16.84 -2.64 -10.60 13.76 -3.60 0.97 -64.47 29.83 20.77 -13.58 -19.99 17.47 -18.04 -28.72 23.65 -1.22 32.11 21.86 -29.35 -39.12 2.92 26.51 26.61
8.16 15.39 -8.54 -10.83 -16.99 -11.25 23.66 -7.74 0.38 -11.74 -21.80 10.92 -12.06 4.12 6.59 -33.74 14.79 -8.09 18.32 -20.83 24.13 9.93 0.15 -1.54 -7.65 -19.78 -5.19 -18.47 -19.45 11.06 -2.80 -4.55
-12.81 10.64 27.30 20.87 -24.92 1.99 -29.62 -18.16 11.98 7.55 1.20 12.93 8.49 0.19 3.09 -12.30 12.22 -0.58 7.46 -28.47 -12.88 -1.55 -12.04 7.50 2.73 24.32 28.02 -12.27 -21.53 21.34 2.26 -0.56
0.09 16.05 25.21 -28.77 -37.50 -23.84 3.27 -19.89 16.63 -14.90 7.21 5.41 -8.52 15.40 16.27 -5.06 25.87 -18.90 5.90 -21.06 8.12 -14.49 -23.04 18.39 9.24 8.96 -28.95 -20.41 -20.76 2.17 18.72 20.42
-20.20 0.44 13.96 0.18 -48.29 5.19 27.10 8.06 -0.20 -9.90 0.66 11.60 5.39 -15.99 13.01 5.80 33.63 -24.54 -25.29 -27.08 12.16 13.95 -7.10 20.51 14.04 -3.19 19.65 -24.57 -2.24 -5.08 -6.49 37.36
7.52 17.38 8.20 -9.85 -41.56 -18.17 24.21 -21.96 18.53 6.70 -23.36 0.00 20.69 11.13 9.90 -12.00 49.30 17.14 14.13 -48.87 2.64 26.17 -15.25 -4.72 2.97 25.86 -3.21 -33.64 -20.30 -24.89 6.42 16.79
-7.30 18.71 -23.30 12.11 -36.80 -12.96 8.69 7.19 24.62 -28.46 -8.81 -15.32 -14.94 -27.69 -13.21 -31.42 -0.48 -8.38 -1.38 -16.94 20.07 -25.70 -43.50 -5.95 -1.12 15.59 -4.98 -30.64 -13.87 -14.54 9.34 34.59
-6.74 14.11 -8.36 10.08 -25.50 -20.38 7.89 4.83 37.77 -5.74 -10.19 -13.00 0.83 -5.77 -5.78 -51.71 25.11 10.41 5.85 -8.28 6.28 1.48 -9.27 18.83 -3.90 12.47 27.58 -21.36 -22.29 -5.35 28.25 31.23
2.30 -1.52 16.46 5.70 -37.07 -4.57 9.30 -16.24 0.10 -12.75 -2.93 -34.23 19.10 3.60 -1.64 -0.93 30.98 -4.13 -10.69 -8.87 2.20 15.59 -5.76 -29.46 -9.74 -0.51 20.84 -27.22 -36.04 6.65 23.02 5.13
6.89 0.09 4.61 -6.45 -18.62 -2.88 -10.74 0.25 -6.85 8.03 -9.59 0.08 -17.75 -2.02 -7.36 6.03 17.01 3.23 -0.42 0.54 9.58 -0.92 11.70 -8.78 -4.93 -14.13 9.86 -0.72 -11.40 12.24 4.33 12.35
-13.61 22.54 2.83 5.78 12.93 -2.44 -2.87 -5.61 0.13 4.96 7.93 13.16 -6.68 20.13 -5.03 -7.27 28.18 21.19 15.43 -29.15 27.11 -12.80 -20.76 5.17 14.51 -8.47 -13.86 -17.97 -28.83 38.34 4.30 15.70
-13.96 -3.20 13.13 4.82 -14.18 -8.25 -12.65 -4.45 13.52 -1.17 12.71 13.60 4.54 -3.59 -0.40 4.74 18.29 -25.34 4.33 -21.27 3.65 -25.55 -28.57 -20.16 16.07 23.97 4.77 -28.29 -10.91 -4.56 6.06 20.20
0.19 9.03 -6.74 3.52 -12.94 -22.87 15.91 -0.47 28.78 1.09 -6.83 -8.48 -12.86 4.71 11.31 1.18 9.83 5.90 -21.05 -1.06 -3.86 10.62 -19.56 8.90 21.33 2.59 1.38 -24.27 -18.23 -11.84 -6.65 6.51
-3.67 8.69 10.31 -18.15 -21.24 14.37 -14.94 -18.26 8.69 -29.38 16.90 25.26 -40.50 -15.70 -11.66 -9.12 5.09 -3.01 13.33 -24.69 10.82 -6.48 6.33 7.41 -2.24 33.89 10.62 -21.37 -27.99 22.57 34.56 18.51
14.15 10.76 -5.96 -24.85 -12.04 2.04 13.01 0.12 -16.79 -19.70 -15.84 8.28 -26.22 -11.61 -2.28 -31.77 20.32 3.31 1.21 -21.50 12.57 -6.04 -7.32 0.94 16.66 -13.03 -0.56 -3.64 -13.99 13.57 22.70 5.46
-13.13 -4.03 2.03 -1.78 -43.47 -8.71 -1.52 -11.81 17.92 -4.49 8.84 20.08 -1.97 25.55 -11.78 1.69 7.88 2.16 -0.91 -12.05 18.11 -4.44 -35.86 -9.68 4.06 -17.13 -3.04 -8.92 -21.76 7.74 6.38 9.25
1.62 12.11 -13.05 26.91 30.77 -18.70 3.54 -9.47 26.33 -9.65 -0.79 -30.44 30.56 -12.13 -13.83 49.20 -14.18 -1.93 7.45 -20.93 23.73 -1.96 -15.59 -19.48 20.91 12.35 21.18 -3.10 -6.80 38.73 16.35 22.25
-10.94 6.24 -15.93 11.82 -18.13 -4.44 -5.49 -10.84 26.17 -1.77 -21.62 -13.79 0.92 -7.10 3.75 -51.36 13.28 6.25 6.53 -28.96 4.06 -8.30 -24.30 9.25 -3.48 21.30 -5.78 -24.33 -38.88 3.51 -0.15 11.15
-0.70 30.76 -0.62 15.70 -6.19 -8.37 -3.72 -17.88 17.58 21.26 -1.46 20.71 10.10 -38.04 -13.60 13.39 10.94 1.42 4.35 -28.78 12.45 -18.02 -43.85 -5.36 8.67 36.02 -6.46 -34.05 -1.80 23.78 3.45 61.67
4.35 6.51 -20.20 10.07 -16.97 -11.22 -21.37 -2.29 35.86 1.29 -21.19 -12.66 -14.99 -0.29 -13.58 7.77 -4.47 9.37 17.60 15.29 30.07 1.33 -3.34 -10.52 4.66 17.47 14.74 -6.60 -37.11 21.91 17.82 39.54
18.73 25.44 -9.02 -1.50 -8.35 10.90 29.52 -26.02 30.04 -23.16 0.82 3.91 -0.79 -25.40 -5.76 8.37 22.94 24.96 -21.39 -17.56 -28.37 15.00 -33.65 -12.19 33.46 2.58 -9.54 -66.73 -7.94 14.75 24.46 29.35
23.84 5.42 5.42 -14.49 -28.82 0.10 -15.29 -12.65 -6.68 21.99 -10.14 27.20 -9.00 -15.61 -5.52 -9.10 26.04 2.70 -3.72 -26.02 6.17 18.23 -4.41 -7.63 -15.66 5.31 36.78 -26.03 -19.63 -8.12 10.63 18.98
-12.17 25.42 -1.15 18.75 1.14 -0.35 3.83 3.51 26.86 -32.65 12.97 -29.17 8.18 -26.98 -16.98 14.84 12.01 -16.71 -19.84 -8.92 -22.78 -1.05 -15.86 -26.50 34.77 10.45 -0.14 -50.28 -12.22 18.20 8.93 26.46
-7.45 1.44 7.97 -11.34 -29.65 -15.19 -11.31 -3.67 20.37 12.67 -16.22 -36.95 -7.96 -4.44 -7.65 -15.10 26.88 2.35 -6.29 -21.99 36.02 -36.47 -33.55 8.83 23.36 -3.67 -4.16 6.89 -9.68 -2.87 16.28 33.98
5.93 8.33 -7.56 -0.95 -12.90 -4.02 -3.71 4.82 26.15 -17.07 22.43 -22.39 -2.31 30.06 8.99 -1.56 6.10 5.70 -1.90 -23.47 -15.54 13.98 -27.20 -5.58 -14.94 10.03 -10.90 -16.56 -47.98 9.17 -0.74 -9.74
12.78 15.11 4.68 -0.15 -30.52 -21.35 -1.73 -17.49 44.27 -16.20 -8.26 -34.39 37.95 -20.61 8.25 -9.66 19.72 -23.20 -5.45 -33.99 -11.38 3.33 -18.46 -21.49 6.83 24.97 1.00 -23.97 -25.69 -17.01 1.41 15.90
16.68 34.54 14.75 -23.49 -26.66 11.58 17.41 10.90 26.63 -21.60 11.56 32.66 -13.90 -26.82 -11.54 3.12 20.66 10.75 -22.13 -2.22 -31.62 37.27 -10.64 24.75 23.39 1.05 27.97 -10.40 -10.63 10.56 32.75 3.74
-15.60 23.53 3.73 -18.14 -39.51 8.77 -17.59 -10.73 6.18 -39.67 4.26 -10.61 -8.64 -16.42 -8.35 -31.19 5.94 -7.60 -2.68 -10.82 13.26 3.45 -2.50 -1.79 -6.75 31.03 13.62 -6.76 -56.30 23.26 35.90 29.86
-19.21 -23.64 -23.60 -6.31 -28.14 11.19 21.45 -19.96 1.11 -16.29 12.66 6.79 -13.24 -14.28 1.71 -11.25 8.72 -12.16 -2.61 -26.55 11.51 16.13 -18.48 9.86 23.21 11.63 0.10 -54.43 -34.37 13.50 22.17 -5.94
2.05 17.47 -22.36 10.25 22.59 -10.88 3.06 5.09 30.83 -19.93 8.05 -19.07 8.33 -11.77 -38.36 4.78 -7.62 14.54 3.92 -24.30 0.46 15.06 -5.61 1.79 16.24 3.22 27.75 -24.24 -16.41 26.47 22.73 25.51
6.45 3.66 -7.91 -3.64 -8.09 -6.74 -3.88 12.75 -3.41 -16.43 8.33 -15.33 7.48 4.00 -3.61 -0.10 8.75 -3.05 0.45 -28.39 15.56 -11.88 -2.32 -16.35 9.13 -27.09 -2.78 -14.40 -26.80 34.02 3.64 18.12
-0.30 6.43 -20.64 -13.60 5.99 -19.49 10.97 6.32 18.04 -12.84 28.76 -19.28 26.59 9.95 -11.75 6.95 -7.05 0.70 -5.37 -14.52 -19.71 -4.02 -24.33 21.78 21.81 5.30 15.98 -24.18 -28.17 22.36 8.45 5.60
7.88 -13.37 -20.51 -5.98 -3.53 -37.50 9.67 -16.31 41.42 6.95 -0.52 -37.61 37.64 5.28 13.81 -30.88 -2.67 -3.34 14.76 -13.82 2.28 -3.93 -37.81 17.17 0.85 25.34 15.34 -34.32 -35.60 -8.16 4.29 20.39
5.13 7.78 -18.70 -14.85 -6.72 0.64 5.68 -8.27 -10.24 7.43 -1.72 12.36 -22.58 1.50 -4.87 -1.56 6.68 -6.45 3.39 -14.28 34.96 -13.23 -5.33 -0.59 -0.46 -1.15 -11.87 -12.60 -13.38 7.49 5.91 10.42
9.19 -1.43 8.11 9.01 2.18 4.77 -19.66 -7.16 13.20 -20.19 -2.50 7.70 5.04 -18.65 -5.83 1.88 13.58 -1.85 11.65 -28.95 -23.88 -8.10 19.57 -1.38 1.97 -3.50 -0.47 -8.16 -31.09 35.66 2.47 12.62
-23.55 30.91 20.44 -1.96 -33.25 -4.12 1.85 9.52 12.65 -13.90 40.05 11.85 19.05 18.84 -12.73 -42.61 39.83 -10.45 -32.11 -10.80 -11.48 -10.40 -6.73 25.08 0.74 2.56 30.59 -20.52 -39.70 10.52 19.02 1.41
