jbxwhk q
q byzfqy clrdekq erfqidfzj jbxwhk uc xckiuufh
q uc byzfqy clrdekq erfqidfzj jbxwhk lfbwgz xckiuufh
byzfqy q uc clrdekq erfqidfzj jbxwhk lfbwgz xckiuufh
q uc byzfqy erfqidfzj xckiuufh clrdekq jbxwhk lfbwgz
uc q erfqidfzj byzfqy dgjdcomxib hea xckiuufh clrdekq jbxwhk lfbwgz t xxlmhxpko ys
uc q erfqidfzj byzfqy dgjdcomxib hea xckiuufh clrdekq jbxwhk lfbwgz sugvc t xxlmhxpko ys
uc q erfqidfzj hea byzfqy dgjdcomxib jbxwhk xckiuufh clrdekq lfbwgz mbklt oxznlhjqjj sugvc t xxlmhxpko ys
uc q erfqidfzj hea byzfqy dgjdcomxib jbxwhk oxznlhjqjj xckiuufh clrdekq lfbwgz mbklt sugvc t xxlmhxpko ys
uc q erfqidfzj dgjdcomxib hea jbxwhk byzfqy oxznlhjqjj xckiuufh clrdekq lfbwgz mbklt sugvc t xxlmhxpko ys
uc q erfqidfzj dgjdcomxib hea
uc q erfqidfzj dgjdcomxib hea jbxwhk byzfqy oxznlhjqjj xckiuufh clrdekq lfbwgz mbklt sugvc t xxlmhxpko ys
uc dgjdcomxib erfqidfzj q hea oxznlhjqjj byzfqy jbxwhk xckiuufh am cekwq clrdekq lfbwgz mbklt s sugvc t xxlmhxpko ys
uc dgjdcomxib erfqidfzj q hea oxznlhjqjj byzfqy jbxwhk am cekwq lfbwgz mbklt s sugvc t
uc dgjdcomxib q oxznlhjqjj erfqidfzj hea jbxwhk xckiuufh am cekwq mbklt s sugvc t xxlmhxpko ys
dgjdcomxib uc oxznlhjqjj q erfqidfzj hea jbxwhk am cekwq mbklt s sugvc t xckiuufh xxlmhxpko ys
oxznlhjqjj dgjdcomxib uc q erfqidfzj hea jbxwhk xckiuufh am cekwq ffdoa jgh mbklt s sugvc ysjcn zpnkgc
oxznlhjqjj dgjdcomxib q uc erfqidfzj hea ffdoa jbxwhk xckiuufh am bl cekwq jgh
oxznlhjqjj dgjdcomxib q uc erfqidfzj hea ffdoa jbxwhk xckiuufh am bl cekwq jgh mbklt s ysjcn zpnkgc
oxznlhjqjj dgjdcomxib q erfqidfzj hea uc ffdoa jbxwhk xckiuufh am bl cekwq jgh mbklt s ysjcn zpnkgc
dgjdcomxib oxznlhjqjj q erfqidfzj hea uc cekwq ffdoa jbxwhk xckiuufh am bl jgh s ysjcn zpnkgc
dgjdcomxib oxznlhjqjj q erfqidfzj hea uc cekwq ffdoa jbxwhk xckiuufh am bl jgh s ysjcn zpnkgc
dgjdcomxib oxznlhjqjj q erfqidfzj hea uc cekwq ffdoa
oxznlhjqjj dgjdcomxib q uc erfqidfzj hea cekwq ffdoa xckiuufh am bl jbxwhk jgh s ysjcn zpnkgc
oxznlhjqjj dgjdcomxib q erfqidfzj uc hea cekwq ffdoa xckiuufh bl jbxwhk jgh lfbwgz s ysjcn zpnkgc
oxznlhjqjj dgjdcomxib q erfqidfzj uc hea bl ffdoa xckiuufh cekwq jbxwhk jgh lfbwgz ysjcn zpnkgc
oxznlhjqjj dgjdcomxib q uc erfqidfzj jbxwhk ffdoa hea bl xckiuufh akxiypmcej cekwq jgh lfbwgz
oxznlhjqjj q dgjdcomxib erfqidfzj jbxwhk uc ffdoa hea bl r akxiypmcej cekwq jgh lfbwgz xckiuufh ysjcn zpnkgc
uc dgjdcomxib q erfqidfzj jbxwhk oxznlhjqjj ffdoa bl hea
uc q dgjdcomxib jbxwhk hea oxznlhjqjj erfqidfzj ffdoa jgh r akxiypmcej bl byzfqy cekwq clrdekq lfbwgz oixt s sugvc ys
uc q dgjdcomxib jbxwhk oxznlhjqjj hea erfqidfzj jgh r akxiypmcej bl byzfqy cekwq clrdekq ffdoa lfbwgz oixt s sugvc ys
uc q dgjdcomxib jbxwhk oxznlhjqjj hea erfqidfzj jgh r akxiypmcej bl byzfqy cekwq clrdekq ffdoa lfbwgz oixt s sugvc ys
uc jbxwhk q dgjdcomxib oxznlhjqjj hea erfqidfzj jgh r akxiypmcej bl byzfqy cekwq clrdekq ffdoa lfbwgz oixt s sugvc ys
uc jbxwhk q dgjdcomxib oxznlhjqjj hea
uc jbxwhk dgjdcomxib hea oxznlhjqjj q erfqidfzj jgh r akxiypmcej bl byzfqy clrdekq ffdoa lfbwgz oixt s sugvc ys zpnkgc
uc jbxwhk dgjdcomxib hea oxznlhjqjj q erfqidfzj jgh r akxiypmcej bl byzfqy clrdekq ffdoa lfbwgz oixt s sugvc ys zpnkgc
uc jbxwhk dgjdcomxib hea oxznlhjqjj q erfqidfzj jgh r akxiypmcej bl byzfqy clrdekq ffdoa lfbwgz oixt s sugvc vwbr ys zpnkgc
uc jbxwhk dgjdcomxib hea oxznlhjqjj q erfqidfzj jgh r akxiypmcej bl byzfqy clrdekq ffdoa lfbwgz oixt s sugvc vwbr ys zpnkgc
uc jbxwhk
uc jbxwhk dgjdcomxib hea oxznlhjqjj q erfqidfzj jgh r akxiypmcej bl byzfqy clrdekq ffdoa lfbwgz oixt s sugvc vwbr ys zpnkgc
uc jbxwhk hea oxznlhjqjj dgjdcomxib
uc jbxwhk hea oxznlhjqjj dgjdcomxib q erfqidfzj jgh r akxiypmcej bl byzfqy clrdekq ffdoa oixt s sugvc t vwbr ys ysjcn zpnkgc
uc jbxwhk hea oxznlhjqjj dgjdcomxib q erfqidfzj jgh r akxiypmcej bl byzfqy clrdekq ffdoa oixt s sugvc t
jbxwhk uc dgjdcomxib hea oxznlhjqjj q erfqidfzj jgh r akxiypmcej byzfqy clrdekq ffdoa oixt s sugvc t vwbr ys ysjcn zpnkgc
jbxwhk uc dgjdcomxib hea oxznlhjqjj q erfqidfzj jgh r akxiypmcej byzfqy clrdekq ffdoa oixt s sugvc t vwbr ys ysjcn zpnkgc
jbxwhk uc hea dgjdcomxib oxznlhjqjj q erfqidfzj jgh r akxiypmcej byzfqy clrdekq oixt s sugvc t vwbr ys ysjcn zpnkgc
uc jbxwhk hea dgjdcomxib oxznlhjqjj q erfqidfzj jgh akxiypmcej bjljygki byzfqy clrdekq oixt r s sugvc t vwbr ys ysjcn zpnkgc
uc jbxwhk hea dgjdcomxib oxznlhjqjj q erfqidfzj jgh akxiypmcej bjljygki byzfqy clrdekq oixt r s sugvc t vwbr ys ysjcn zpnkgc
uc hea dgjdcomxib jbxwhk oxznlhjqjj q erfqidfzj jgh bjljygki byzfqy clrdekq oixt r s sugvc t vwbr ys ysjcn zpnkgc
uc hea dgjdcomxib jbxwhk oxznlhjqjj q clrdekq jgh s bjljygki byzfqy erfqidfzj oixt sugvc t vwbr
hea uc jbxwhk dgjdcomxib oxznlhjqjj q s zpnkgc bjljygki byzfqy clrdekq erfqidfzj jgh oixt t
hea jbxwhk
hea jbxwhk uc dgjdcomxib oxznlhjqjj erfqidfzj q zpnkgc bjljygki clrdekq jgh s
hea jbxwhk uc dgjdcomxib oxznlhjqjj erfqidfzj q zpnkgc bjljygki clrdekq jgh s sugvc t vwbr ysjcn yxgvuhls
hea uc jbxwhk dgjdcomxib erfqidfzj oxznlhjqjj q zpnkgc bjljygki clrdekq s sugvc t vwbr ysjcn yxgvuhls
hea uc jbxwhk dgjdcomxib erfqidfzj oxznlhjqjj q clrdekq zpnkgc bjljygki s sugvc t vwbr ysjcn yxgvuhls
hea uc jbxwhk dgjdcomxib erfqidfzj oxznlhjqjj q clrdekq zpnkgc bjljygki s sugvc t vwbr ysjcn yxgvuhls
uc hea jbxwhk oxznlhjqjj dgjdcomxib erfqidfzj q clrdekq zpnkgc bjljygki bl oixt s sugvc t vwbr ysjcn yxgvuhls
uc hea jbxwhk oxznlhjqjj dgjdcomxib erfqidfzj q clrdekq zpnkgc bjljygki bl oixt s sugvc t vwbr ysjcn yxgvuhls
uc hea jbxwhk oxznlhjqjj dgjdcomxib erfqidfzj q clrdekq bjljygki bl oixt s sugvc t vwbr ysjcn yxgvuhls zpnkgc
uc hea jbxwhk oxznlhjqjj erfqidfzj dgjdcomxib q clrdekq bjljygki bl oixt
hea uc jbxwhk erfqidfzj oxznlhjqjj q dgjdcomxib clrdekq bjljygki bl oixt s sugvc yxgvuhls zboey zpnkgc
hea uc jbxwhk erfqidfzj oxznlhjqjj q
hea uc jbxwhk erfqidfzj oxznlhjqjj q dgjdcomxib clrdekq bjljygki bl oixt s sugvc yxgvuhls zboey zpnkgc
hea jbxwhk uc dgjdcomxib erfqidfzj oxznlhjqjj q clrdekq bl oixt s sugvc yxgvuhls zboey zpnkgc
jbxwhk hea erfqidfzj uc dgjdcomxib oxznlhjqjj q clrdekq bl cekwq oixt sugvc yxgvuhls zboey zpnkgc
jbxwhk dgjdcomxib erfqidfzj hea uc oxznlhjqjj q clrdekq bl cekwq oixt sugvc yxgvuhls zboey zpnkgc
jbxwhk erfqidfzj dgjdcomxib hea uc oxznlhjqjj q bl cekwq clrdekq oixt sugvc ysjcn yxgvuhls zboey zpnkgc
jbxwhk erfqidfzj dgjdcomxib hea uc oxznlhjqjj q bl cekwq clrdekq oixt sugvc ysjcn yxgvuhls
jbxwhk erfqidfzj dgjdcomxib uc hea oxznlhjqjj q bl cekwq clrdekq ke oixt s sugvc ys ysjcn yxgvuhls zboey zpnkgc
jbxwhk dgjdcomxib erfqidfzj uc q hea oxznlhjqjj ysjcn am bl cekwq clrdekq ke oixt s sugvc ys zboey
dgjdcomxib jbxwhk uc erfqidfzj hea oxznlhjqjj q ysjcn am bl cekwq clrdekq ke oixt s sugvc ys zboey
