ABFxexbAf 71927784 71927844 71928060 71928266 71928379 71928403 71928527 71928559 71928701 
ACrdO 71927756 71927807 71927823 71927859 71927921 71927953 71928032 71928059 71928142 71928214 71928245 71928264 71928285 71928396 71928402 71928449 71928523 71928689 
AvZDmpwA 71927791 71927819 71927998 71928021 71928035 71928039 71928083 71928125 71928275 71928282 71928328 71928447 71928502 71928503 71928547 71928573 71928579 71928594 71928661 71928695 
CkJWEs 71927846 71927999 71928178 71928202 71928708 
CtxHobaCxS 71927818 71927833 71927950 71927970 71928212 71928323 71928414 71928506 71928543 71928570 71928682 
CwSCRJh 71928050 71928069 71928076 71928300 71928538 71928599 
EhTProQ 71927778 71927853 71928014 71928095 71928236 71928250 71928298 71928385 71928561 
F 71928608 
GdLVRWHUb 71927743 71927781 71927810 71927825 71927858 71927912 71927952 71927960 71927973 71927979 71928058 71928070 71928071 71928094 71928113 71928164 71928200 71928281 71928327 71928362 71928365 71928420 71928431 71928434 71928516 71928562 71928584 71928601 71928709 71928721 
GvmhDvYXQT 71927947 71927964 71927969 71927974 71928209 71928488 71928704 
I 71927800 71928108 71928222 71928242 71928470 
ILTipcDV 71927933 71927991 71928017 71928022 71928430 71928436 71928444 
JKQsMehuqy 71927817 71927826 71927862 71927907 71927988 71928023 71928097 71928201 71928546 71928589 71928616 71928663 
KOZfoPxIPM 71928301 
MerTVES 71927758 71927958 71928150 71928183 71928203 71928437 71928441 71928489 71928593 71928670 71928738 
N 71928446 
NC 71928474 
NtkASSdxSg 71927788 71928497 
OMJVo 71927750 71927989 71928011 71928120 71928390 71928481 71928569 71928657 
ObpSwZ 71927852 71928371 71928373 71928389 71928418 
OtHIS 71928318 71928375 71928401 
OuZOoaGKUK 71928088 71928270 71928388 
PghQN 71928549 
QJebvE 71927777 
QgqIx 71927877 71928158 71928293 71928649 
RBLobMkBx 71928313 71928628 
SrYvkIBd 71928047 71928121 71928529 71928536 
ThOYYVFV 71928033 71928348 
XQnyfbd 71927993 71928257 71928472 71928720 
Xaqu 71927848 71928349 
ZtYC 71927799 71927994 71928019 71928412 71928461 
aA 71928104 71928204 71928233 71928295 71928404 71928455 
c 71928399 71928400 71928558 71928665 
cKJQnZyvZC 71928397 
fEEqhtWhw 71927997 71928297 
fXRMtGX 71928099 71928145 71928153 71928451 
jDhToHi 71927890 71928110 71928407 
kKHEmGas 71928167 71928350 71928363 
kfq 71928031 71928410 
klNnAniFk 71928067 71928731 
lI 71927752 71927876 
lKMgr 71928590 
lyYN 71927888 
pa 71927821 71927850 71927905 71928194 71928500 
qgjgfgDp 71928271 71928429 
sWMjNVgqMP 71928324 71928458 71928604 71928742 
shWhf 71927763 71928620 71928703 
uDdNRhcRP 71928211 71928653 71928710 
w 71928026 71928464 71928626 
wEMxmu 71927922 71927924 71928284 
xBDKG 71928456 
ybgiL 71928243 71928252 71928712 
ylqcCuGO 71927786 
zOoIEEjmGX 71928499