-462.332438 -112.382844 -556.644573 298.941937 -466.322793 -516.902214 435.747728 38.799654 -354.411712 91.350605
-358.506955 -89.223482 -424.628419 229.580906 -361.707964 -400.000164 334.695855 27.874402 -275.344115 73.874033
1.650000 1.700000 -1.940000 -3.020000 4.220000 -2.950000 3.530000 -1.910000 -0.410000 3.590000
-299.512779 -71.781503 -362.673104 191.229358 -301.758368 -334.341441 283.466243 23.861202 -233.968020 58.367299
2.300000 1.750000 0.140000 -3.140000 -0.150000 -3.830000 1.210000 -4.740000 0.670000 -0.640000
-266.057765 -65.136879 -312.014478 164.320265 -261.787847 -291.722665 252.520356 21.466134 -200.935165 54.273833
-122.590965 -29.465783 -153.614861 81.415602 -133.406909 -140.437978 116.435431 7.852287 -97.792615 24.963626
-181.284907 -43.689900 -210.481268 112.996736 -185.036677 -199.588052 167.394220 20.133974 -134.369881 34.255855
-67.852986 -19.023215 -85.679450 41.964454 -67.576362 -84.402349 70.984993 5.592834 -56.333816 16.472642
-2.050000 -2.840000 -1.850000 4.870000 -4.490000 -2.130000 0.570000 1.920000 -0.220000 -0.560000
-51.198246 -38.005778 -0.570000 -38.455636 -4.020000 -31.082020 -15.256743 -23.372639 -10.935541 -4.910000
39.774674 5.132014 3.170000 50.576306 -4.740000 17.673753 7.853411 11.612114 2.040979 1.960000
0.116303 -4.534628 3.610000 0.005585 3.840000 4.007830 4.657665 -2.239343 -2.296632 -1.770000
-188.701196 -23.584332 -3.480000 -243.129307 -1.360000 -70.769772 -47.191836 -55.965910 -6.357437 1.690000
606.075865 88.808031 -4.920000 788.745668 1.370000 230.222474 150.084397 197.106477 18.026350 -4.280000
-59.070970 -12.155384 -1.990000 -70.698456 2.300000 -26.475535 -14.088732 -20.811858 -4.227874 -2.520000
212.694297 27.272100 -0.520000 275.464825 2.960000 77.664500 51.384906 69.385252 1.977674 -2.700000
-74.316620 -16.415674 -2.970000 -104.584256 -4.370000 -30.123364 -17.147182 -24.440186 -3.482069 -1.170000
-151.201582 -26.135092 -3.690000 -199.624096 3.720000 -62.706715 -36.005862 -50.021701 -9.204930 -2.660000
-206.630451 -28.207773 -4.150000 -269.167179 -2.300000 -84.878955 -51.400777 -62.515852 -4.941828 -0.740000
-3.243765 -3.794081 -2.273884 10.877805 1.407166 5.190526 -0.518091 0.733321 0.609629
-46.643462 -1.831936 246.298434 -825.750489 77.503398 -281.302579 98.769076 215.407881 291.237143
