-331.225525 209.930012 58.287644 -25.440900 342.445862 -127.920120 107.889445 158.043942 -331.056873 336.910020
-0.210000 1.050000 0.350000 -1.720000 0.370000 -1.180000 -1.820000 0.240000 -0.610000 -0.160000
-2.220000 0.770000 1.040000 -2.500000 0.100000 -1.490000 1.040000 1.030000 -2.160000 -1.000000
-1.180000 0.770000 -0.830000 1.840000 1.670000 -2.290000 -0.700000 1.380000 -0.220000 -1.340000
1.210000 0.240000 -1.920000 -0.780000 1.480000 -0.610000 1.740000 -0.620000 -0.540000 0.020000
125.572860 -82.760419 -22.235169 12.338412 -130.531014 49.768303 -41.491993 -63.115887 127.141394 -130.532670
-1.760000 -0.300000 0.120000 -1.460000 2.300000 -1.150000 -1.990000 1.000000 0.350000 2.360000
1.410000 1.550000 -0.980000 -2.440000 1.360000 1.480000 2.370000 -1.250000 -1.470000 0.300000
-450.148208 286.761020 77.185443 -36.385207 466.072661 -178.024763 152.415857 213.617484 -446.563815 462.657631
-708.975779 450.072534 120.665627 -55.427959 727.743764 -276.317516 236.021546 338.190329 -702.857211 719.274055
-46.363036 0.500000 2.350000 -2.050000 0.060000 18.669308 -2.410000 1.610000 -62.437870 -103.601356
-293.212910 -1.430000 0.600000 1.180000 1.340000 -44.430308 -0.770000 -0.830000 -160.426437 -312.354670
-292.341237 1.850000 -2.320000 -1.320000 -0.900000 -43.631401 -0.690000 1.880000 -155.880924 -308.344363
-267.117270 -1.640000 0.320000 -1.890000 -0.910000 -41.111449 -1.390000 -2.050000 -142.203199 -281.855886
42.651656 -0.990000 1.080000 0.760000 -0.870000 7.948053 1.650000 -0.450000 22.495407 49.141426
-125.452409 0.580000 2.490000 1.010000 1.690000 -18.421746 0.930000 0.310000 -66.384134 -130.631791
-76.379347 -0.780000 2.200000 -2.360000 0.450000 -13.624397 -0.990000 -1.800000 -38.660693 -80.337486
-74.885049 -0.280000 1.050000 -1.990000 -0.300000 -13.501374 -1.780000 0.700000 -42.265881 -77.529353
-351.942917 -1.500000 -1.300000 0.490000 2.430000 -52.030234 -0.310000 -0.890000 -189.166450 -373.491650
-318.611731 0.040000 -1.570000 -1.740000 2.070000 -49.796940 -1.140000 2.340000 -174.154957 -339.146455
-303.351619 0.110000 -1.820000 0.620000 -1.600000 -45.092142 -1.620000 -1.640000 -162.506441 -322.693058
-8.004035 -5.752378 -7.304390 0.885370 -2.375218 -3.051424 0.427474 -8.057077 -10.403160 -9.974830
151.300706 142.917559 132.567803 -29.597393 57.144365 41.208484 33.630517 176.641548 163.183204 157.516592
