low_power 4 mem_bad 7 r_los 6 storage_fail 8 mem_over 6 power_off 8 dbms_error 11 hard_bad 6 err_9 5 bit_error 7
dbms_error 9 mem_over 9 mem_bad 11 bit_error 10 err_9 10 power_off 10 low_power 6 storage_fail 10 r_los 6 hard_bad 6
power_off 8 bit_error 5 dbms_error 11 storage_fail 9 err_9 15 low_power 10 mem_bad 15 r_los 14 hard_bad 5 mem_over 7
hard_bad 8 dbms_error 8 err_9 9 storage_fail 14 bit_error 7 power_off 7 low_power 11 mem_over 5 r_los 6 mem_bad 13
hard_bad 7 storage_fail 5 low_power 7 bit_error 5 mem_over 6 dbms_error 7 power_off 7 err_9 3 mem_bad 4 r_los 2
r_los 5 low_power 4 mem_bad 2 hard_bad 3 storage_fail 3 bit_error 2 err_9 1
null
mem_bad 8 low_power 7 dbms_error 4 power_off 10 err_9 10 mem_over 9 bit_error 10 r_los 8 hard_bad 5 storage_fail 1
dbms_error 8 low_power 10 storage_fail 9 r_los 11 mem_bad 11 mem_over 7 err_9 10 bit_error 11 power_off 8 hard_bad 6
low_power 4 hard_bad 11 mem_bad 6 bit_error 7 r_los 6 storage_fail 3 mem_over 6 power_off 1 dbms_error 6 err_9 3
power_off 13 low_power 11 storage_fail 10 dbms_error 9 hard_bad 11 mem_bad 11 err_9 10 bit_error 6 r_los 5 mem_over 6
dbms_error 4 low_power 4 r_los 3 bit_error 7 power_off 3 mem_over 1 storage_fail 2 hard_bad 3 err_9 1
err_9 1 mem_over 2 bit_error 4 storage_fail 3 mem_bad 1 r_los 1 power_off 1 low_power 1
err_9 1 low_power 1 bit_error 3 storage_fail 4 hard_bad 1 power_off 2 mem_bad 1 mem_over 1
dbms_error 9 err_9 8 mem_bad 6 low_power 7 storage_fail 3 hard_bad 7 power_off 6 bit_error 6 r_los 4 mem_over 9
mem_bad 2 r_los 3 low_power 5 mem_over 3 hard_bad 4 storage_fail 6 power_off 2 err_9 2 dbms_error 1
storage_fail 5 err_9 2 power_off 2 mem_bad 6 hard_bad 4 dbms_error 3 low_power 2 bit_error 1 r_los 1 mem_over 1
storage_fail 9 r_los 10 power_off 6 mem_bad 11 mem_over 10 hard_bad 6 bit_error 5 err_9 6 low_power 9 dbms_error 5
err_9 2 mem_over 2 mem_bad 4 bit_error 2 storage_fail 2 dbms_error 2 r_los 2
dbms_error 9 r_los 11 err_9 12 mem_bad 7 power_off 11 storage_fail 14 hard_bad 12 mem_over 7 low_power 13 bit_error 3
storage_fail 6 hard_bad 4 r_los 6 mem_bad 3 power_off 7 err_9 5 bit_error 1 dbms_error 6 low_power 4 mem_over 1
storage_fail 1 mem_over 1 bit_error 1 mem_bad 1
low_power 5 err_9 5 mem_bad 2 hard_bad 6 dbms_error 4 r_los 4 bit_error 2 mem_over 3 storage_fail 1
bit_error 5 mem_over 5 hard_bad 10 r_los 17 err_9 7 low_power 14 storage_fail 5 power_off 13 mem_bad 4 dbms_error 11
mem_over 8 low_power 7 hard_bad 13 bit_error 7 dbms_error 5 err_9 7 storage_fail 4 r_los 9 mem_bad 4 power_off 6
mem_bad 6 mem_over 5 power_off 7 err_9 4 r_los 10 hard_bad 5 dbms_error 5 bit_error 7 low_power 6 storage_fail 4
storage_fail 1 mem_bad 2 mem_over 2 low_power 6 hard_bad 1 dbms_error 3 err_9 2
mem_over 5 dbms_error 4 bit_error 8 hard_bad 6 low_power 8 storage_fail 3 err_9 1 r_los 4 mem_bad 5
mem_over 10 mem_bad 9 storage_fail 15 power_off 12 low_power 5 bit_error 10 dbms_error 6 r_los 3 hard_bad 3 err_9 3
low_power 3 mem_bad 5 err_9 4 dbms_error 7 r_los 5 hard_bad 5 mem_over 6 power_off 2 bit_error 7 storage_fail 3
mem_over 4 mem_bad 2 storage_fail 6 err_9 3 hard_bad 4 r_los 5 dbms_error 4 power_off 3 bit_error 1
dbms_error 2 low_power 3 mem_bad 4 err_9 2 mem_over 1 power_off 3 r_los 1 storage_fail 2 hard_bad 3 bit_error 2
r_los 12 mem_bad 6 hard_bad 7 mem_over 7 bit_error 8 low_power 7 err_9 9 power_off 11 dbms_error 9 storage_fail 7
power_off 1 bit_error 2 mem_over 2 err_9 1
hard_bad 4 low_power 4 bit_error 4 r_los 3 mem_over 3 dbms_error 7 err_9 3 storage_fail 6 mem_bad 7 power_off 3
power_off 10 mem_bad 13 hard_bad 12 err_9 17 low_power 8 bit_error 10 dbms_error 11 r_los 4 storage_fail 4 mem_over 9
power_off 11 storage_fail 10 dbms_error 14 bit_error 10 mem_over 13 hard_bad 13 mem_bad 12 err_9 5 r_los 3 low_power 5
bit_error 11 mem_bad 7 mem_over 9 err_9 9 r_los 11 hard_bad 11 storage_fail 13 dbms_error 10 low_power 10 power_off 7
storage_fail 2 low_power 3 hard_bad 2 mem_over 3 power_off 1 r_los 1 mem_bad 2 dbms_error 1
dbms_error 4 r_los 4 mem_bad 2 hard_bad 1 storage_fail 3 low_power 3 power_off 4 err_9 3 bit_error 1 mem_over 3
mem_bad 5 bit_error 4 power_off 4 storage_fail 7 low_power 5 r_los 4 err_9 2 dbms_error 5 hard_bad 5 mem_over 3
mem_over 7 dbms_error 2 mem_bad 8 hard_bad 2 err_9 4 r_los 8 bit_error 4 low_power 4 storage_fail 12 power_off 4
bit_error 8 power_off 3 mem_over 5 storage_fail 6 mem_bad 3 dbms_error 2 r_los 4 hard_bad 2 low_power 2
low_power 7 hard_bad 12 power_off 6 r_los 12 err_9 12 bit_error 10 dbms_error 10 mem_over 3 storage_fail 9 mem_bad 11
dbms_error 3 power_off 2 mem_bad 4 r_los 1 err_9 2 low_power 4 bit_error 2 hard_bad 4 mem_over 2 storage_fail 4
mem_bad 4 r_los 10 hard_bad 6 power_off 5 dbms_error 4 mem_over 8 storage_fail 5 err_9 4 bit_error 6 low_power 3
low_power 5 bit_error 7 hard_bad 5 err_9 8 mem_bad 4 storage_fail 4 power_off 4 r_los 5 dbms_error 5 mem_over 2
mem_over 5 dbms_error 5 power_off 6 r_los 3 storage_fail 8 bit_error 6 mem_bad 9 err_9 8 hard_bad 1 low_power 4
mem_over 3 power_off 10 storage_fail 4 err_9 5 bit_error 9 r_los 8 dbms_error 8 mem_bad 7 hard_bad 8 low_power 5
bit_error 5 err_9 8 dbms_error 9 r_los 6 low_power 8 hard_bad 6 mem_bad 6 mem_over 6 power_off 14 storage_fail 5
bit_error 9 storage_fail 9 power_off 16 low_power 8 hard_bad 11 mem_bad 11 dbms_error 6 r_los 7 err_9 7 mem_over 8
dbms_error 1 low_power 1 mem_bad 4 power_off 2 r_los 1 err_9 1 bit_error 1
mem_bad 5 low_power 10 dbms_error 10 power_off 13 bit_error 5 r_los 5 mem_over 11 hard_bad 6 err_9 5 storage_fail 9
low_power 3 storage_fail 3 r_los 3 power_off 1 mem_over 2 bit_error 3 dbms_error 2 mem_bad 2 err_9 2
r_los 8 mem_bad 8 power_off 4 hard_bad 8 dbms_error 11 bit_error 5 low_power 3 err_9 8 storage_fail 3 mem_over 4
mem_over 1 mem_bad 3 storage_fail 2 r_los 3
bit_error 8 low_power 4 err_9 2 storage_fail 9 power_off 3 r_los 4 dbms_error 5 mem_over 5 mem_bad 2 hard_bad 3
bit_error 6 err_9 4 low_power 11 mem_over 4 power_off 7 mem_bad 7 r_los 11 storage_fail 4 dbms_error 3 hard_bad 5
storage_fail 6 low_power 2 dbms_error 3 r_los 3 err_9 4 mem_bad 3 hard_bad 2 power_off 1
storage_fail 6 power_off 3 bit_error 7 mem_over 3 dbms_error 2 hard_bad 4 r_los 3 mem_bad 6 err_9 2 low_power 1
err_9 2 storage_fail 2 mem_over 1 power_off 1 bit_error 1 r_los 1
power_off 12 err_9 1 mem_bad 4 low_power 4 storage_fail 6 mem_over 5 dbms_error 7 bit_error 5 r_los 4 hard_bad 5
err_9 7 dbms_error 13 mem_over 10 bit_error 6 low_power 10 power_off 6 storage_fail 5 r_los 6 mem_bad 10 hard_bad 8
hard_bad 7 dbms_error 2 storage_fail 3 power_off 3 low_power 4 mem_over 2 bit_error 3 mem_bad 4 err_9 1
r_los 6 storage_fail 3 mem_bad 7 low_power 3 mem_over 1 hard_bad 5 err_9 3 bit_error 3 dbms_error 4 power_off 1
storage_fail 4 bit_error 2 mem_bad 4 hard_bad 3 dbms_error 1 mem_over 3 power_off 2 r_los 4 low_power 1 err_9 1
hard_bad 11 err_9 12 storage_fail 7 mem_over 10 r_los 9 bit_error 13 power_off 6 low_power 5 mem_bad 7 dbms_error 4
r_los 5 mem_bad 2 storage_fail 3 dbms_error 4 mem_over 1 bit_error 3 err_9 3 power_off 2 hard_bad 2
low_power 5 mem_over 3 err_9 2 power_off 4 bit_error 2 mem_bad 1 dbms_error 1 storage_fail 1
power_off 1 low_power 1 hard_bad 4 bit_error 1 err_9 2 r_los 1
low_power 10 dbms_error 10 mem_over 15 storage_fail 9 bit_error 9 power_off 11 hard_bad 8 r_los 12 mem_bad 6 err_9 5
low_power 11 mem_bad 13 err_9 6 bit_error 9 r_los 9 storage_fail 10 power_off 7 hard_bad 8 mem_over 9 dbms_error 4
mem_bad 12 power_off 11 bit_error 5 hard_bad 11 low_power 12 storage_fail 11 mem_over 7 err_9 8 r_los 7 dbms_error 5
dbms_error 5 mem_bad 8 low_power 10 power_off 14 hard_bad 13 storage_fail 5 err_9 5 mem_over 6 r_los 8 bit_error 9
mem_over 5 power_off 14 hard_bad 13 mem_bad 6 storage_fail 7 r_los 11 bit_error 9 err_9 7 dbms_error 10 low_power 11
r_los 1 err_9 1
power_off 6 err_9 11 dbms_error 13 storage_fail 9 bit_error 8 hard_bad 5 low_power 5 mem_over 5 mem_bad 7 r_los 6
bit_error 4 dbms_error 5 power_off 9 hard_bad 5 mem_over 3 r_los 3 mem_bad 8 low_power 4 err_9 6 storage_fail 3
err_9 7 mem_bad 5 power_off 10 bit_error 7 dbms_error 7 low_power 4 storage_fail 8 mem_over 5 r_los 3 hard_bad 2
r_los 3 err_9 4 bit_error 2 power_off 6 mem_over 4 low_power 4 hard_bad 1 storage_fail 2 dbms_error 1 mem_bad 2
storage_fail 2 low_power 4 dbms_error 3 bit_error 2 err_9 2 hard_bad 1 power_off 1 mem_over 1 r_los 1
hard_bad 2 mem_bad 6 power_off 5 storage_fail 4 bit_error 3 err_9 1 mem_over 4 r_los 3 dbms_error 1
storage_fail 6 err_9 10 dbms_error 14 power_off 10 low_power 9 mem_bad 7 hard_bad 9 mem_over 7 r_los 9 bit_error 5
power_off 8 dbms_error 4 hard_bad 12 storage_fail 3 mem_bad 9 err_9 8 mem_over 6 low_power 7 bit_error 6 r_los 5
hard_bad 1 storage_fail 1
bit_error 10 mem_bad 14 dbms_error 13 mem_over 12 power_off 9 r_los 4 low_power 8 err_9 10 hard_bad 5 storage_fail 5
low_power 8 storage_fail 4 err_9 10 bit_error 9 r_los 4 mem_over 10 hard_bad 4 mem_bad 10 power_off 9 dbms_error 9
dbms_error 1 low_power 2 r_los 3 storage_fail 1 mem_bad 5 power_off 1 mem_over 1 bit_error 2
r_los 5 dbms_error 6 low_power 3 bit_error 9 mem_bad 5 hard_bad 6 storage_fail 8 mem_over 4 power_off 5 err_9 2
err_9 7 storage_fail 9 bit_error 9 power_off 11 mem_bad 9 hard_bad 8 r_los 8 low_power 9 dbms_error 7 mem_over 13
power_off 3 r_los 4 dbms_error 1 bit_error 3 err_9 2 hard_bad 3 mem_bad 1 mem_over 1 storage_fail 1
err_9 5 mem_bad 3 storage_fail 6 bit_error 3 power_off 4 mem_over 3 low_power 1 dbms_error 3 hard_bad 6 r_los 1
low_power 7 r_los 5 hard_bad 4 dbms_error 9 storage_fail 5 err_9 6 power_off 5 bit_error 3 mem_bad 4 mem_over 5
r_los 10 hard_bad 17 storage_fail 3 power_off 9 mem_over 11 low_power 3 bit_error 13 err_9 9 mem_bad 8 dbms_error 9
hard_bad 11 storage_fail 11 power_off 12 err_9 10 r_los 9 dbms_error 7 mem_over 9 mem_bad 6 low_power 7 bit_error 8
hard_bad 4 dbms_error 2 storage_fail 5 mem_over 2 err_9 6 mem_bad 5 low_power 6 power_off 4 r_los 1 bit_error 5
err_9 1
low_power 6 bit_error 8 mem_bad 9 err_9 5 r_los 9 dbms_error 8 mem_over 8 power_off 9 hard_bad 11 storage_fail 12
low_power 3 bit_error 2 mem_over 1 r_los 1 err_9 1 storage_fail 1 hard_bad 1
mem_over 14 r_los 4 err_9 14 hard_bad 6 mem_bad 7 power_off 7 bit_error 7 storage_fail 12 dbms_error 9 low_power 6