1.0000 0.0000 0.0000 0.0000 0.0000 0.0000 0.0000 0.0000
0.3557 0.6443 0.0000 0.0000 0.0000 0.0000 0.0000 0.0000
0.1642 0.2973 0.5385 0.0000 0.0000 0.0000 0.0000 0.0000
0.0831 0.1505 0.2726 0.4938 0.0000 0.0000 0.0000 0.0000
0.0439 0.0795 0.1439 0.2607 0.4721 0.0000 0.0000 0.0000
0.0236 0.0428 0.0776 0.1405 0.2545 0.4609 0.0000 0.0000
0.0129 0.0233 0.0423 0.0766 0.1387 0.2512 0.4550 0.0000
0.0071 0.0128 0.0232 0.0420 0.0760 0.1377 0.2494 0.4518
0.0000 0.0000 0.0000 0.0000 0.0000 0.0000 0.0000 0.0000
0.0000 0.0000 0.0000 0.0000 0.0000 0.0000 0.0000 0.0000
0.0000 0.0000 0.0000 0.0000 0.0000 0.0000 0.0000 0.0000
0.0000 0.0000 0.0000 0.0000 0.0000 0.0000 0.0000 0.0000
0.0000 0.0000 0.0000 0.0000 0.0000 0.0000 0.0000 0.0000
0.0000 0.0000 0.0000 0.0000 0.0000 0.0000 0.0000 0.0000
0.0000 0.0000 0.0000 0.0000 0.0000 0.0000 0.0000 0.0000
0.0000 0.0000 0.0000 0.0000 0.0000 0.0000 0.0000 0.0000
1.0000 0.0000 0.0000 0.0000 0.0000 0.0000 0.0000 0.0000
0.3557 0.6443 0.0000 0.0000 0.0000 0.0000 0.0000 0.0000
0.1642 0.2973 0.5385 0.0000 0.0000 0.0000 0.0000 0.0000
0.0000 0.0000 0.0000 0.0000 0.0000 0.0000 0.0000 0.0000
0.0000 0.0000 0.0000 0.0000 0.0000 0.0000 0.0000 0.0000
0.0000 0.0000 0.0000 0.0000 0.0000 0.0000 0.0000 0.0000
0.0000 0.0000 0.0000 0.0000 0.0000 0.0000 0.0000 0.0000
0.0000 0.0000 0.0000 0.0000 0.0000 0.0000 0.0000 0.0000
