1.0000 0.0000 0.0000 0.0000 0.0000 0.0000 0.0000 0.0000 0.0000 0.0000
0.0000 1.0000 0.0000 0.0000 0.0000 0.0000 0.0000 0.0000 0.0000 0.0000
0.0067 0.0000 0.9933 0.0000 0.0000 0.0000 0.0000 0.0000 0.0000 0.0000
0.0000 0.8808 0.0000 0.1192 0.0000 0.0000 0.0000 0.0000 0.0000 0.0000
0.0000 0.0000 0.0067 0.0000 0.9933 0.0000 0.0000 0.0000 0.0000 0.0000
0.0000 0.0471 0.0000 0.0064 0.0000 0.9465 0.0000 0.0000 0.0000 0.0000
0.0000 0.0000 0.0059 0.0000 0.8756 0.0000 0.1185 0.0000 0.0000 0.0000
0.0000 0.0418 0.0000 0.0057 0.0000 0.8390 0.0000 0.1135 0.0000 0.0000
0.0000 0.0000 0.0003 0.0000 0.0471 0.0000 0.0064 0.0000 0.9462 0.0000
0.0000 0.0023 0.0000 0.0003 0.0000 0.0470 0.0000 0.0064 0.0000 0.9440
1.0000 0.0000 0.0000 0.0000 0.0000 0.0000 0.0000 0.0000 0.0000 0.0000
1.0000 0.0000 0.0000 0.0000 0.0000 0.0000 0.0000 0.0000 0.0000 0.0000
0.0000 1.0000 0.0000 0.0000 0.0000 0.0000 0.0000 0.0000 0.0000 0.0000
0.0009 0.0000 0.9991 0.0000 0.0000 0.0000 0.0000 0.0000 0.0000 0.0000
0.0000 0.5000 0.0000 0.5000 0.0000 0.0000 0.0000 0.0000 0.0000 0.0000
0.0005 0.0000 0.4998 0.0000 0.4998 0.0000 0.0000 0.0000 0.0000 0.0000
0.0000 0.0009 0.0000 0.0009 0.0000 0.9982 0.0000 0.0000 0.0000 0.0000
0.0000 0.0000 0.0009 0.0000 0.0009 0.0000 0.9982 0.0000 0.0000 0.0000
0.0000 0.0005 0.0000 0.0005 0.0000 0.4995 0.0000 0.4995 0.0000 0.0000
0.0000 0.0000 0.0000 0.0000 0.0000 0.0000 0.0009 0.0000 0.9991 0.0000
1.0000 0.0000 0.0000 0.0000 0.0000 0.0000 0.0000 0.0000 0.0000 0.0000
0.0000 1.0000 0.0000 0.0000 0.0000 0.0000 0.0000 0.0000 0.0000 0.0000
0.0001 0.0000 0.9999 0.0000 0.0000 0.0000 0.0000 0.0000 0.0000 0.0000
0.0000 0.0001 0.0000 0.9999 0.0000 0.0000 0.0000 0.0000 0.0000 0.0000
0.0000 0.0000 0.1192 0.0000 0.8808 0.0000 0.0000 0.0000 0.0000 0.0000
0.0000 0.0000 0.0000 0.0001 0.0000 0.9999 0.0000 0.0000 0.0000 0.0000
0.0000 0.0000 0.0000 0.0000 0.0001 0.0000 0.9999 0.0000 0.0000 0.0000
0.0000 0.0000 0.0000 0.0000 0.0000 0.1192 0.0000 0.8808 0.0000 0.0000
0.0000 0.0000 0.0000 0.0000 0.0000 0.0000 0.1192 0.0000 0.8808 0.0000
0.0000 0.0000 0.0000 0.0000 0.0000 0.0000 0.0000 0.0001 0.0000 0.9999
1.0000 0.0000 0.0000 0.0000 0.0000 0.0000 0.0000 0.0000 0.0000 0.0000
1.0000 0.0000 0.0000 0.0000 0.0000 0.0000 0.0000 0.0000 0.0000 0.0000
0.0000 1.0000 0.0000 0.0000 0.0000 0.0000 0.0000 0.0000 0.0000 0.0000
0.0000 0.0000 1.0000 0.0000 0.0000 0.0000 0.0000 0.0000 0.0000 0.0000
0.0000 0.0000 0.0000 1.0000 0.0000 0.0000 0.0000 0.0000 0.0000 0.0000
0.0000 0.0000 0.0180 0.0000 0.9820 0.0000 0.0000 0.0000 0.0000 0.0000
0.0000 0.0000 0.0000 0.0180 0.0000 0.9820 0.0000 0.0000 0.0000 0.0000
0.0000 0.0000 0.0000 0.0000 0.0000 0.0000 1.0000 0.0000 0.0000 0.0000
0.0000 0.0000 0.0000 0.0000 0.0000 0.0000 0.0000 1.0000 0.0000 0.0000
0.0000 0.0000 0.0000 0.0000 0.0000 0.0000 0.0180 0.0000 0.9820 0.0000
1.0000 0.0000 0.0000 0.0000 0.0000 0.0000 0.0000 0.0000 0.0000 0.0000
1.0000 0.0000 0.0000 0.0000 0.0000 0.0000 0.0000 0.0000 0.0000 0.0000
0.0000 1.0000 0.0000 0.0000 0.0000 0.0000 0.0000 0.0000 0.0000 0.0000
0.8808 0.0000 0.1192 0.0000 0.0000 0.0000 0.0000 0.0000 0.0000 0.0000
0.0000 0.0067 0.0000 0.9933 0.0000 0.0000 0.0000 0.0000 0.0000 0.0000
0.0471 0.0000 0.0064 0.0000 0.9465 0.0000 0.0000 0.0000 0.0000 0.0000
0.0000 0.0059 0.0000 0.8756 0.0000 0.1185 0.0000 0.0000 0.0000 0.0000
0.0000 0.0000 0.0000 0.0000 0.0000 0.0000 0.0000 0.0000 0.0000 0.0000
0.0000 0.0000 0.0000 0.0000 0.0000 0.0000 0.0000 0.0000 0.0000 0.0000
0.0000 0.0000 0.0000 0.0000 0.0000 0.0000 0.0000 0.0000 0.0000 0.0000
1.0000 0.0000 0.0000 0.0000 0.0000 0.0000 0.0000 0.0000 0.0000 0.0000
0.0000 1.0000 0.0000 0.0000 0.0000 0.0000 0.0000 0.0000 0.0000 0.0000
0.5000 0.0000 0.5000 0.0000 0.0000 0.0000 0.0000 0.0000 0.0000 0.0000
0.0000 0.5000 0.0000 0.5000 0.0000 0.0000 0.0000 0.0000 0.0000 0.0000
0.0009 0.0000 0.0009 0.0000 0.9982 0.0000 0.0000 0.0000 0.0000 0.0000
0.0000 0.0009 0.0000 0.0009 0.0000 0.9982 0.0000 0.0000 0.0000 0.0000
0.0005 0.0000 0.0005 0.0000 0.4995 0.0000 0.4995 0.0000 0.0000 0.0000
0.0000 0.0000 0.0000 0.0000 0.0000 0.0000 0.0000 0.0000 0.0000 0.0000
0.0000 0.0000 0.0000 0.0000 0.0000 0.0000 0.0000 0.0000 0.0000 0.0000
0.0000 0.0000 0.0000 0.0000 0.0000 0.0000 0.0000 0.0000 0.0000 0.0000
1.0000 0.0000 0.0000 0.0000 0.0000 0.0000 0.0000 0.0000 0.0000 0.0000
1.0000 0.0000 0.0000 0.0000 0.0000 0.0000 0.0000 0.0000 0.0000 0.0000
0.0000 1.0000 0.0000 0.0000 0.0000 0.0000 0.0000 0.0000 0.0000 0.0000
0.0001 0.0000 0.9999 0.0000 0.0000 0.0000 0.0000 0.0000 0.0000 0.0000
0.0000 0.1192 0.0000 0.8808 0.0000 0.0000 0.0000 0.0000 0.0000 0.0000
0.0000 0.0000 0.0001 0.0000 0.9999 0.0000 0.0000 0.0000 0.0000 0.0000
0.0000 0.0000 0.0000 0.0001 0.0000 0.9999 0.0000 0.0000 0.0000 0.0000
0.0000 0.0000 0.0000 0.0000 0.0000 0.0000 0.0000 0.0000 0.0000 0.0000
0.0000 0.0000 0.0000 0.0000 0.0000 0.0000 0.0000 0.0000 0.0000 0.0000
0.0000 0.0000 0.0000 0.0000 0.0000 0.0000 0.0000 0.0000 0.0000 0.0000
1.0000 0.0000 0.0000 0.0000 0.0000 0.0000 0.0000 0.0000 0.0000 0.0000
0.0000 1.0000 0.0000 0.0000 0.0000 0.0000 0.0000 0.0000 0.0000 0.0000
0.0000 0.0000 1.0000 0.0000 0.0000 0.0000 0.0000 0.0000 0.0000 0.0000
0.0000 0.0180 0.0000 0.9820 0.0000 0.0000 0.0000 0.0000 0.0000 0.0000
0.0000 0.0000 0.0180 0.0000 0.9820 0.0000 0.0000 0.0000 0.0000 0.0000
0.0000 0.0000 0.0000 0.0000 0.0000 1.0000 0.0000 0.0000 0.0000 0.0000
0.0000 0.0000 0.0000 0.0000 0.0000 0.0000 1.0000 0.0000 0.0000 0.0000
0.0000 0.0000 0.0000 0.0000 0.0000 0.0000 0.0000 0.0000 0.0000 0.0000
0.0000 0.0000 0.0000 0.0000 0.0000 0.0000 0.0000 0.0000 0.0000 0.0000
0.0000 0.0000 0.0000 0.0000 0.0000 0.0000 0.0000 0.0000 0.0000 0.0000
