null
-1
true
false
52
false
true
true
true
false
3
3
false
false
151
false
true
16
true
5
false
true
true
false
true
true
false
false
6
6
29
false
5
31
true
false
200
4
true
37
false
false
false
true
102
4
false
true
false
false
true
45
false
5
104
95
112
true
false
false
true
true
false
115
true
5
5
183
true
141
39
false
true
44
false
74
2
29
true
false
2
83
81
-1
0
true
true
true
false
false
false
true
true
false
false
false
5
5
5
true
true
false
32
false
6
6
6
true
7
true
false
true
true
9
true
false
false
false
161
true
9
true
true
false
false
11
false
true
12
true
13
13
true
true
true
true
false
false
76
false
false
16
16
16
103
false
15
101
false
143
true
true
true
true
true
false
false
139
true
17
false
17
false
true
186
false
false
false
146
true
184
16
true
true
18
149
false
81
true
false
false
true
false
false
true
true
false
true
true
70
false
21
true
1
21
93
true
true
false
false
22
95
true
128
false
false
true
true
true
44
195
false
true
true
23
68
false
80
false
21
true
false
true
22
199
true
103
false
true
true
23
23
true
false
true
true
false
26
false
28
false
90
false
115
false
23
true
true
true
true
false
false
false
true
false
26
true
170
true
false
true
160
false
27
27
27
false
180
false
true
27
false
false
false
false
true
27
116
93
true
26
false
true
27
true
true
false
false
74
true
29
29
false
false
true
true
false
true
163
29
29
128
false
false
28
false
true
true
30
false
false
false
true
false
31
31
112
false
30
false
30
true
false
true
true
false
179
false
false
true
true
false
false
true
136
59
31
107
false
false
30
false
152
29
109
false
54
true
false
true
false
false
false
false
false
27
true
28
false
true
27
true
false
true
30
true
false
true
true
false
true
true
false
false
35
35
35
false
false
35
true
false
false
false
false
36
true
true
38
38
163
true
120
36
true
37
false
false
true
false
true
false
true
false
true
41
73
false
40
false
169
101
true
false
false
true
false
false
true
true
64
108
38
false
127
false
false
true
38
128
false
true
false
38
true
true
4
true
false
true
false
false
163
true
true
false
124
26
true
false
true
false
true
false
true
144
39
false
39
39
39
39
48
5
true
false
false
false
true
170
38
38
33
37
false
37
true
63
true
false
false
false
38
true
false
39
true
199
39
true
40
true
false
false
false
false
false
true
42
42
true
true
true
45
false
26
false
true
true
false
false
true
true
false
112
true
107
false
false
false
31
true
41
false
false
true
false
true
false
false
43
true
122
true
179
true
false
false
44
false
true
9
true
121
131
false
194
42
false
true
false
false
false
true
43
false
43
true
false
120
false
168
true
false
42
42
false
true
false
true
false
false
true
false
false
true
46
75
true
true
false
false
true
false
true
false
38
false
48
48
false
47
true
true
true
false
107
true
true
true
23
true
26
159
49
true
50
50
50
50
false
false
50
false
50
true
true
false
true
51
169
false
false
false
false
true
true
false
true
false
true
true
53
true
83
false
false
true
true
34
false
false
true
false
54
false
false
143
53
true
true
true
false
true
true
true
true
true
56
58
144
true
true
false
true
true
false
true
true
false
61
true
75
true
true
true
62
false
81
true
false
false
60
true
10
true
false
true
false
61
true
62
true
false
false
63
true
64
true
50
true
true
28
true
false
false
true
false
55
true
false
false
64
14
true
false
true
false
true
false
64
false
64
true
false
true
6
true
159
false
false
false
86
false
true
true
140
true
false
true
59
104
true
true
true
false
true
164
false
true
59
false
true
false
true
true
true
false
true
true
true
true
189
false
62
false
62
true
false
63
174
149
103
false
false
true
59
true
false
74
59
false
59
false
false
true
false
false
false
true
false
false
true
61
true
62
false
62
62
true
63
63
false
false
false
false
false
true
true
false
false
134
false
true
87
false
false
false
true
63
true
false
64
true
false
false
true
false
185
false
143
true
true
false
53
64
true
70
false
false
true
65
false
64
false
false
180
true
64
false
64
false
true
false
63
true
150
63
false
63
false
false
true
true
100
true
false
false
true
true
true
65
102
true
63
false
63
true
62
true
true
false
false
false
198
true
true
true
true
63
true
false
true
true
true
false
134
63
true
64
64
false
false
29
false
true
136
true
true
false
8
false
60
60
6
true
11
true
60
60
true
false
true
50
59
59
false
false
false
115
79
true
161
false
117
false
false
190
false
144
121
true
90
true
99
false
true
true
false
false
false
54
false
false
false
true
false
83
90
false
false
false
52
true
63
false
50
true
37
166
true
93
true
true
true
true
true
false
false
false
false
false
false
false
152
false
48
false
48
true
127
false
false
48
true
true
false
true
false
false
false
false
false
false
49
true
false
false
false
49
true
50
59
35
true
false
true
17
true
true
true
true
true
false
true
8
false
false
51
false
false
false
186
true
false
true
false
true
53
false
true
false
true
true
52
true
54
54
true
true
false
false
false
56
false
true
false
false
56
false
false
false
true
70
198
false
true
false
true
false
57
false
true
123
56
true
131
103
true
true
53
14
52
false
false
true
52
false
true
138
52
true
148
50
false
72
false
48
false
true
false
49
true
true
51
true
false
51
127
50
false
false
true
true
true
true
64
49
true
true
false
true
127
51
false
51
45
true
175
true
51
false
true
113
false
true
52
false
136
126
true
false
false
false
121
true
false
true
false
true
46
false
false
164
true
true
false
138
true
49
192
48
true
101
true
true
76
true
false
29
true
50
true
51
false
false
false
187
false
34
true
11
true
false
false
true
false
true
53
51
true
51
true
true
false
true
true
true
false
true
53
53
91
false
125
false
62
50
false
true
false
51
false
51
false
true
true
false
false
52
false
52
false
117
198
31
49
27
false
48
7
47
47
true
true
49
false
false
true
false
50
50
true
false
true
true
false
50
true
true
false
false
true
true
false
true
59
38
51
15
69
false
43
true
true
false
false
true
false
50
false
false
190
186
false
false
48
48
11
47
141
46
true
52
false
false
false
true
185
true
true
71
46
true
true
true
140
141
false
false
false
false
false
true
123
97
true
false
20
true
false
43
false
172
118
true
true
43
true
true
false
false
45
true
false
true
true
false
true
true
200
false
true
true
50
false
132
49
false
false
true
true
true
129
true
48
true
false
71
false
true
false
19
true
true
true
false
true
false
false
false
false
true
true
52
true
31
52
true
true
123
true
true
true
56
38
true
false
false
true
true
58
49
35
6
55
true
50
53
false
false
true
false
true
false
false
55
55
true
12
55
true
true
182
56
56
false
56
56
false
false
false
true
186
true
57
false
198
false
56
true
true
true
true
true
78
105
58
false
58
57
76
false
true
186
189
false
55
false
true
false
true
true
false
true
true
false
false
false
118
false
false
false
124
false
false
37
54
false
false
157
false
166
false
true
true
false
81
172
52
40
true
true
false
182
true
false
false
166
false
76
false
95
true
true
false
false
false
true
true
161
true
true
false
19
169
121
true
false
false
131
true
false
false
false
false
false
false
50
true
166
false
false
false
49
false
true
82
47
false
true
true
false
false
false
true
true
51
true
true
false
true
false
true
true
149
79
false
false
161
true
true
true
27
true
false
52
true
false
53
false
false
true
false
false
62
false
152
true
true
true
67
true
true
true
false
false
false
55
true
true
true
127
true
116
false
true
true
false
true
58
true
true
189
158
true
false
59
59
false
52
true
59
true
60
false
132
147
false
196
57
true
173
true
true
59
true
60
false
false
173
true
60
110
true
true
false
false
false
20
false
false
true
61
true
200
61
false
true
false
true
30
false
false
62
62
166
true
false
false
false
false
true
false
42
true
false
175
true
false
true
false
false
true
false
109
76
62
false
62
true
true
false
62
false
true
false
true
true
true
false
true
51
true
false
63
false
63
63
true
true
false
false
false
101
144
true
false
true
true
true
false
true
true
false
false
78
65
false
false
false
false
false
true
8
false
false
65
true
false
152
116
95
false
false
125
true
false
false
61
true
false
true
false
true
64
true
96
false
false
true
false
true
false
true
true
false
67
67
137
33
11
64
false
false
true
false
false
36
false
false
false
true
63
67
false
false
true
false
true
45
149
true
true
63
false
true
true
true
true
true
67
true
false
8
true
true
true
15
146
67
false
false
false
true
66
false
true
true
false
false
16
true
false
true
65
65
true
70
true
false
66
false
true
true
false
false
65
true
false
true
30
64
false
true
33
63
true
11
63
56
148
true
false
true
63
true
113
false
63
63
true
180
true
true
70
64
true
63
true
true
90
false
61
true
false
true
true
131
false
true
false
false
false
false
false
true
65
false
false
65
true
false
true
40
66
false
31
false
true
false
false
true
66
true
67
true
false
true
true
false
176
true
70
false
true
70
false
true
false
70
false
false
false
false
true
140
70
true
true
false
true
71
36
true
true
72
false
true
false
true
false
true
false
true
false
true
75
true
false
true
false
true
76
true
true
77
113
true
false
true
true
30
77
105
true
true
88
false
194
false
153
false
21
85
true
false
false
true
true
true
72
158
false
62
135
69
false
false
true
false
188
false
69
69
false
true
false
69
true
true
true
136
false
70
70
70
false
70
true
false
70
true
false
true
true
71
false
false
true
false
false
true
false
72
31
true
false
true
73
false
false
true
false
74
189
69
false
false
72
true
false
false
73
false
96
true
71
true
true
true
true
true
74
true
71
true
75
75
false
75
75
true
12
false
false
true
76
true
false
false
76
48
true
75
true
75
false
18
false
true
false
false
false
true
113
75
137
false
false
true
74
true
55
true
true
true
36
true
false
74
true
23
false
true
true
false
true
false
true
76
true
false
false
true
77
147
false
114
200
true
false
false
true
76
true
72
76
109
false
false
74
false
true
true
false
74
144
false
143
true
false
122
71
true
true
true
73
true
72
false
false
12
true
false
170
71
false
true
true
false
false
true
true
74
false
true
79
false
157
72
true
true
true
75
true
true
true
true
false
75
157
74
74
35
false
73
true
true
75
false
75
true
76
false
184
true
true
true
true
true
78
true
false
false
true
135
166
false
false
true
false
true
false
false
true
81
81
false
21
61
true
true
true
false
167
false
81
103
false
true
false
79
79
false
false
true
false
true
20
true
false
false
110
false
76
false
76
152
75
true
false
true
true
false
true
false
true
false
true
false
false
true
true
135
false
196
false
45
true
77
77
77
122
76
87
16
true
false
true
false
true
192
161
true
true
false
false
67
156
191
170
false
false
true
true
true
false
70
false
70
true
false
61
true
true
true
true
66
true
false
55
false
true
false
64
false
false
false
false
false
false
64
false
131
63
66
false
91
171
34
true
true
101
true
100
false
58
58
true
true
true
false
false
false
true
false
191
true
true
false
false
false
43
84
61
61
176
91
139
true
true
false
148
true
140
false
false
true
true
false
false
189
true
false
false
true
true
false
60
60
60
true
true
94
false
true
60
60
true
61
true
132
79
true
false
38
false
true
false
false
false
true
true
72
false
false
false
false
false
185
58
false
false
107
true
true
true
false
58
false
true
true
true
false
16
57
false
57
true
true
false
false
false
false
false
false
true
true
60
147
false
false
false
false
182
false
false
false
false
58
false
false
false
58
false
100
true
169
false
false
true
false
false
false
true
false
true
false
false
147
56
false
false
false
56
true
57
false
57
false
true
true
true
true
false
false
61
187
true
68
59
195
false
true
true
true
true
false
true
true
true
false
57
true
false
true
90
141
61
false
156
60
false
150
59
false
59
true
false
58
true
true
60
false
true
false
false
59
true
false
34
false
true
true
true
60
60
false
35
59
59
true
38
true
60
158
166
false
true
true
false
false
false
false
true
59
false
59
false
false
true
false
60
false
60
false
false
true
61
false
true
110
59
true
false
false
false
37
false
false
false
59
59
59
false
true
true
false
190
107
false
true
58
26
false
true
false
true
false
false
false
false
59
true
false
true
36
false
false
60
true
false
73
true
false
true
62
true
180
103
61
true
false
true
true
false
62
true
54
true
true
true
true
46
true
true
false
61
false
170
false
true
60
true
false
114
false
false
false
false
59
true
true
true
false
false
61
true
false
69
true
false
62
true
false
62
false
true
true
64
true
true
false
true
101
66
false
37
false
true
false
66
66
false
66
149
6
false
true
65
true
false
103
true
40
false
true
true
false
true
128
true
false
true
false
true
68
true
false
132
false
true
true
70
70
false
false
70
true
71
false
true
true
99
true
true
false
false
74
74
74
151
73
true
true
73
73
73
false
155
72
false
72
false
184
true
72
false
false
true
false
false
false
true
72
72
false
true
true
false
74
true
95
false
55
false
true
137
112
31
true
116
68
true
true
false
70
193
true
false
true
false
174
67
true
true
false
82
true
true
false
false
true
127
135
true
false
true
false
69
false
true
68
7
true
true
false
6
149
24
66
false
188
true
false
180
true
true
1
66
false
66
101
109
141
false
true
false
64
false
false
64
true
true
66
false
179
false
65
170
true
false
true
true
63
true
false
false
62
false
false
true
false
false
false
63
true
true
true
true
false
174
true
false
149
true
false
64
32
false
132
true
false
false
62
33
false
true
false
true
129
false
101
true
false
38
false
false
true
false
70
61
true
true
true
false
false
61
61
176
false
false
true
61
false
21
true
118
true
false
false
61
false
false
true
true
true
false
172
true
64
true
false
true
56
true
62
true
true
true
false
69
true
98
true
false
false
true
true
true
176
65
65
false
true
95
true
true
90
true
66
false
true
67
true
26
67
true
false
true
true
false
true
69
false
true
107
false
true
151
false
69
69
true
true
false
true
131
68
false
true
false
152
false
false
43
false
67
true
false
false
false
true
true
true
true
false
129
66
false
156
65
true
135
false
false
false
64
false
true
false
189
64
64
true
true
false
82
6
false
false
true
false
64
false
false
true
false
false
102
false
false
false
64
false
false
182
162
false
false
62
false
true
false
false
false
false
true
false
false
true
22
63
true
false
false
64
91
true
64
64
false
true
true
true
true
99
false
false
67
55
false
true
false
true
64
64
false
false
64
true
true
true
66
179
false
true
true
101
190
64
15
false
false
true
true
true
66
66
false
66
66
161
true
true
65
26
true
65
65
true
false
true
62
false
true
true
true
false
170
113
103
true
false
false
false
true
true
false
false
69
true
false
false
false
68
false
68
true
true
131
true
true
83
69
false
true
false
true
187
false
true
false
true
true
174
false
true
73
false
false
true
false
false
74
true
true
true
false
175
true
false
false
73
73
false
98
false
true
false
false
false
true
false
false
false
false
true
true
74
74
true
false
false
true
true
false
false
true
true
true
77
77
false
77
true
78
false
false
true
157
78
true
79
true
false
true
114
false
false
true
false
90
107
true
false
false
false
false
129
true
true
80
53
true
80
false
70
false
79
147
true
false
true
true
true
106
76
false
76
true
77
true
true
true
true
false
false
35
false
9
false
false
77
true
78
true
true
false
false
false
true
81
9
171
true
false
true
true
true
true
false
true
true
false
69
170
82
true
true
false
false
false
83
200
true
112
true
83
true
true
false
true
false
86
true
true
false
true
false
false
true
true
false
88
false
true
false
22
false
true
true
true
true
true
193
152
true
true
false
false
false
true
true
93
93
true
false
true
94
false
false
false
54
193
false
false
92
false
false
92
true
false
false
91
false
91
93
140
true
88
true
false
true
1
109
true
true
true
180
86
false
false
false
true
false
87
false
false
false
87
182
86
86
false
66
false
153
false
true
true
true
false
9
82
82
false
82
false
true
false
105
82
false
true
false
true
false
83
73
false
171
false
20
true
false
147
179
true
80
true
89
false
78
184
false
true
false
true
8
false
52
false
false
68
76
true
true
78
true
79
30
true
true
true
true
80
true
81
false
true
88
true
false
82
false
false
true
true
27
true
46
true
true
true
false
172
true
true
true
true
false
143
true
true
false
true
false
86
false
false
false
false
false
false
false
86
156
true
false
false
true
87
false
90
86
true
false
false
true
false
false
true
189
149
87
true
false
false
88
true
false
false
117
110
true
8
99
false
false
86
true
true
85
85
true
86
false
70
false
21
false
false
84
84
false
139
true
83
83
83
false
83
true
false
1
false
132
true
true
84
true
85
true
125
false
false
true
true
true
false
false
true
false
27
true
false
false
true
true
102
84
false
false
84
135
false
83
175
true
83
83
83
183
82
true
false
true
true
true
true
82
82
82
true
true
4
false
139
false
false
true
117
false
false
141
13
true
186
false
true
77
false
false
false
false
77
false
false
true
true
false
false
true
false
true
80
true
81
true
false
false
true
154
false
80
false
77
30
57
true
78
78
false
false
true
true
true
false
true
true
81
true
80
80
false
80
false
140
false
false
true
true
false
true
true
false
true
false
true
80
true
169
true
79
79
20
78
78
false
false
true
false
118
78
false
78
false
true
false
false
false
116
true
true
true
false
81
false
true
81
false
76
false
90
true
75
77
163
false
76
false
5
false
true
43
65
143
true
176
true
true
true
75
true
false
194
false
true
false
true
163
false
false
true
77
23
true
true
true
79
true
false
true
81
false
81
false
39
164
79
true
27
79
false
99
true
39
false
57
37
false
114
true
false
false
75
false
false
true
false
true
77
70
true
true
true
78
true
false
false
false
123
true
146
153
true
true
44
false
false
false
true
false
true
true
false
false
55
true
122
true
true
76
38
89
195
false
false
false
73
false
true
45
182
61
true
false
false
false
true
true
74
74
true
false
false
false
false
false
false
75
20
false
true
true
true
75
true
67
74
74
47
true
true
156
false
74
135
false
false
73
false
70
true
false
72
true
73
false
73
73
false
false
false
false
true
true
true
false
131
27
true
false
false
117
true
71
true
72
false
false
72
72
false
false
true
true
false
72
true
72
187
true
true
true
true
false
true
false
70
true
false
true
false
70
true
true
false
95
false
69
true
true
false
true
71
false
false
false
false
22
true
false
113
70
false
false
70
true
true
72
72
false
true
false
72
true
false
true
false
false
73
183
true
122
false
182
193
37
true
false
true
false
118
true
71
71
false
true
true
false
139
72
false
true
true
51
false
66
true
true
false
170
false
true
68
true
69
false
false
true
true
103
true
true
3
123
70
70
false
65
false
69
69
94
68
true
false
false
67
true
false
68
true
true
68
false
false
false
true
true
false
false
true
26
false
69
false
false
false
false
true
false
true
true
139
true
true
33
69
true
123
true
false
false
110
5
true
69
true
false
70
90
136
68
true
true
false
70
true
71
true
false
true
true
106
false
false
73
true
74
true
true
true
157
75
150
true
7
true
false
false
false
75
65
false
29
134
130
true
true
176
false
false
true
56
true
63
false
62
true
false
true
false
65
65
true
132
false
false
false
false
false
185
false
12
63
true
false
true
false
63
true
123
101
false
49
true
true
true
64
true
false
false
false
65
true
64
true
false
37
95
true
true
true
true
false
64
true
65
103
true
false
true
64
true
true
false
false
64
false
64
true
false
39
63
true
64
64
true
true
37
true
134
true
158
false
false
true
true
false
true
true
true
38
true
true
false
68
false
68
true
true
true
109
false
149
false
false
true
57
75
false
68
true
true
true
true
true
105
true
false
true
14
false
true
36
true
false
false
189
true
71
false
71
71
32
false
175
true
false
true
false
true
true
false
96
true
true
false
72
72
false
false
72
72
72
true
54
false
false
71
71
false
false
49
false
70
true
false
false
false
true
true
false
false
true
false
false
false
34
true
true
true
187
true
true
false
false
false
true
false
70
true
70
true
false
true
true
false
false
73
true
true
false
47
99
26
true
33
false
false
false
true
true
false
true
true
false
true
true
true
false
false
true
false
false
103
false
true
76
187
false
true
76
60
false
false
167
false
true
true
true
true
true
true
78
true
true
true
true
76
false
false
false
true
true
false
166
70
true
77
true
true
false
false
24
76
false
23
true
true
false
9
true
122
true
72
72
true
true
false
false
74
true
75
false
false
109
true
true
true
96
73
true
74
true
true
true
true
98
false
true
true
false
26
true
61
74
74
74
false
false
true
false
false
73
true
false
74
false
74
true
175
74
false
74
36
true
false
false
true
75
true
76
false
false
false
true
75
false
128
false
false
66
73
98
false
true
false
false
false
true
false
false
114
false
true
74
false
false
false
true
false
35
false
72
true
false
true
false
73
154
true
true
true
71
false
true
true
71
true
72
39
false
71
true
true
false
72
52
false
136
false
183
69
true
true
false
true
70
true
66
false
true
189
false
true
false
true
false
true
134
67
67
false
22
66
true
false
false
14
112
false
195
true
true
true
true
67
79
false
false
107
120
false
false
false
64
true
64
64
false
11
false
false
true
true
true
true
false
false
true
false
66
false
true
true
true
false
140
true
31
false
false
false
true
true
true
113
false
true
68
true
true
false
false
false
true
true
false
69
true
false
162
false
true
true
true
170
false
70
70
false
false
true
false
false
71
true
false
false
195
true
true
72
false
false
111
14
3
false
false
false
false
true
false
true
false
true
true
false
true
31
true
false
true
true
1
false
false
false
148
false
184
70
false
70
183
true
true
70
false
true
true
true
true
false
true
true
false
false
false
74
true
73
false
true
false
true
true
139
true
true
false
true
117
true
true
81
true
false
true
true
75
true
false
76
true
true
true
true
9
false
false
195
54
true
38
true
76
false
true
true
false
false
false
false
179
false
false
true
false
true
102
true
true
true
79
false
true
false
80
175
false
false
false
false
91
true
true
79
120
false
false
false
true
77
24
76
true
12
162
false
134
true
74
74
true
false
151
123
72
33
true
false
110
71
true
true
true
70
true
173
70
true
true
false
true
71
false
152
true
true
true
70
false
true
true
true
false
false
false
false
true
false
195
true
true
true
true
true
false
true
true
87
false
112
74
142
false
false
73
172
72
72
false
75
false
32
false
true
7
true
69
false
true
false
70
87
69
false
false
true
false
88
true
88
118
56
194
68
65
false
false
true
true
162
true
false
66
false
false
true
67
13
false
66
true
199
true
65
65
false
65
false
true
false
true
true
100
false
true
true
4
64
64
true
false
false
false
false
false
false
49
94
true
true
false
true
false
false
110
true
60
false
60
false
false
67
44
true
true
60
true
190
false
60
false
false
108
false
111
false
true
true
false
false
60
false
false
false
false
false
60
true
false
true
true
17
101
61
false
true
164
152
true
false
false
61
14
93
false
true
59
true
false
false
true
false
false
false
false
true
62
62
true
false
146
62
true
false
62
true
false
172
false
96
61
false
false
true
false
80
false
false
false
false
true
false
true
false
194
false
6
false
56
163
false
55
false
true
true
170
56
56
false
true
57
true
false
true
true
60
false
true
true
false
false
true
false
false
true
false
true
65
true
false
66
true
3
162
143
false
true
45
true
103
false
true
false
true
false
false
64
64
false
false
true
true
176
false
true
false
true
false
true
64
64
64
false
true
65
true
false
true
true
true
38
false
true
36
183
true
true
64
true
false
65
false
186
false
false
64
false
64
true
true
true
true
true
false
64
true
65
false
false
true
57
true
true
17
66
false
66
true
67
false
67
true
false
true
false
159
false
false
false
66
true
13
66
true
6
false
false
186
94
false
true
false
false
167
true
false
true
true
64
172
true
180
false
true
true
true
false
false
true
false
110
65
false
true
true
false
false
76
false
157
false
true
true
true
true
false
true
false
65
true
64
false
64
83
63
false
false
false
34
false
true
true
64
64
false
true
false
102
true
140
false
true
false
true
64
false
64
196
175
true
true
false
63
true
64
false
true
true
true
66
66
false
false
66
false
false
false
true
67
25
true
true
66
false
94
65
true
true
false
true
true
false
false
67
true
true
51
true
true
true
true
false
true
111
70
false
true
false
true
104
true
false
false
true
71
true
72
72
false
true
true
74
96
true
false
72
true
false
false
72
72
72
72
false
true
152
false
true
true
72
72
8
false
false
true
true
false
73
154
72
72
true
true
false
true
false
75
false
107
true
false
false
194
true
83
true
false
72
true
true
false
72
true
true
72
false
72
false
false
72
72
false
21
true
true
true
true
true
false
true
true
78
155
7
true
true
76
30
75
true
184
true
true
true
false
false
true
true
false
true
true
false
false
true
true
true
77
79
true
false
83
false
false
true
true
true
false
true
77
true
77
21
false
194
true
true
true
false
false
74
true
true
true
true
78
false
false
true
false
false
109
76
76
76
true
false
true
74
true
true
75
true
76
76
true
false
false
false
true
78
78
78
false
true
false
false
false
true
true
true
false
188
157
true
false
false
true
false
78
false
51
true
true
79
false
false
79
false
23
142
true
true
false
true
78
41
false
false
false
true
78
true
184
71
false
false
false
false
false
75
75
false
false
false
false
true
true
true
true
true
false
true
true
true
true
false
79
false
false
false
false
194
78
78
false
true
true
41
true
false
80
false
false
true
true
true
false
false
106
true
false
true
false
true
100
true
false
77
false
false
false
77
111
76
false
true
76
false
false
true
113
true
false
false
false
170
74
true
false
false
75
75
false
112
184
32
true
73
73
29
false
72
168
71
false
false
true
false
true
13
70
78
false
false
false
69
69
false
false
150
68
true
false
false
false
true
69
false
false
96
true
false
195
true
42
true
false
false
false
false
false
67
67
67
true
true
true
true
false
true
171
true
false
66
false
true
true
true
162
true
false
true
66
false
true
67
true
false
true
true
false
false
false
false
true
false
71
true
true
70
85
69
195
false
true
69
69
true
true
70
true
false
false
160
false
173
true
132
true
true
true
false
69
186
true
false
true
true
71
false
false
true
true
36
false
false
true
70
true
54
68
true
false
true
68
true
158
67
67
false
true
true
true
69
false
true
false
true
48
false
false
true
71
false
true
190
true
true
142
false
true
91
96
false
true
69
true
true
69
false
false
false
false
78
true
false
true
true
false
false
true
false
false
false
123
true
false
true
80
false
true
68
true
false
true
true
false
true
69
true
false
false
true
false
true
true
true
true
77
true
true
false
false
72
true
false
true
true
true
70
false
true
false
true
147
7
true
71
119
true
false
false
70
false
false
false
false
false
false
false
false
true
true
72
false
false
true
false
true
false
false
false
false
false
false
true
true
true
95
74
true
false
true
false
93
22
false
92
79
true
71
87
true
69
false
69
true
true
true
false
false
72
true
false
false
true
false
true
false
118
false
false
true
159
true
false
74
true
false
75
false
false
true
76
143
true
false
false
false
true
true
false
true
79
79
true
false
true
true
false
107
184
true
75
75
false
true
76
false
76
true
true
true
153
true
78
true
false
true
true
false
49
191
1
false
true
76
true
false
false
76
false
true
true
false
true
true
false
true
true
true
true
79
79
false
143
false
false
false
false
true
77
77
true
true
true
true
false
77
false
false
87
false
76
true
true
true
false
false
77
140
111
true
false
false
false
true
false
true
3
147
75
false
75
75
75
true
110
false
true
184
false
true
74
74
false
95
true
true
false
false
155
true
44
true
false
true
false
true
true
true
159
true
true
false
false
true
false
75
true
true
false
false
154
true
false
false
true
true
false
true
27
false
true
77
77
110
42
false
false
75
false
75
true
false
false
68
73
false
false
73
73
188
72
false
true
false
true
72
true
false
128
true
false
30
true
false
false
true
true
79
false
false
false
71
false
true
false
false
false
false
120
71
true
false
true
false
138
160
true
142
true
true
69
true
false
true
109
true
false
false
128
75
true
true
false
67
false
false
false
false
160
66
true
false
67
67
true
68
true
80
true
67
true
true
false
false
true
95
true
true
true
true
true
true
170
true
109
false
false
false
false
69
false
true
149
true
false
true
false
false
true
false
false
false
199
false
false
false
true
69
true
true
true
true
119
56
140
true
false
true
false
176
false
175
36
67
true
68
68
true
false
true
false
70
false
false
true
false
false
172
68
true
false
69
false
true
137
true
true
false
true
113
69
69
false
false
true
false
true
true
31
true
false
72
true
false
true
72
112
196
70
false
true
false
false
126
false
69
69
true
false
true
false
175
false
132
69
69
true
false
true
79
true
95
66
true
false
true
false
false
true
true
true
63
161
68
false
true
true
true
true
32
false
false
170
184
false
true
68
68
false
3
67
false
true
false
68
68
3
182
false
false
false
false
158
65
false
65
1
64
94
63
true
64
64
false
false
64
false
true
false
false
68
false
true
true
133
true
false
true
62
false
true
false
false
false
true
24
176
138
85
true
true
27
false
false
true
false
true
true
false
false
true
false
false
true
true
true
61
true
132
49
60
true
true
true
true
64
false
64
true
false
true
52
17
62
true
true
false
true
true
45
true
false
102
65
true
false
false
false
false
false
true
false
64
false
true
false
65
true
false
false
false
65
true
66
95
65
false
true
false
false
true
false
true
158
196
true
true
true
65
65
true
false
true
false
false
true
false
true
13
97
65
180
false
false
true
true
64
true
false
false
false
false
155
false
false
63
false
false
false
83
true
false
63
false
true
true
32
false
27
true
false
31
59
59
true
false
false
60
true
60
60
false
60
60
false
false
true
61
false
61
false
true
false
60
false
36
198
58
58
false
true
false
true
125
true
true
true
false
true
true
71
false
true
91
true
false
false
true
63
true
true
false
false
true
14
50
true
17
133
103
37
true
false
true
false
60
false
false
60
false
false
true
true
true
false
false
60
true
true
true
false
false
false
false
true
62
false
false
false
151
false
61
61
false
61
61
true
false
62
true
false
true
64
64
true
true
true
true
true
false
false
false
32
67
false
170
true
true
160
23
10
152
false
true
false
true
true
65
true
false
66
true
true
true
true
19
true
false
false
true
true
false
false
true
47
false
false
false
68
68
99
true
true
false
true
68
true
68
true
true
68
68
113
false
false
false
31
false
true
true
103
false
183
false
false
false
false
false
false
true
true
true
160
64
false
131
false
true
62
true
false
true
false
true
true
false
66
true
85
66
66
true
65
65
true
false
false
50
160
false
true
false
false
false
64
true
true
true
false
true
false
140
false
36
false
false
26
61
false
false
true
true
false
false
true
true
false
102
false
120
161
true
60
60
false
81
90
58
true
false
59
true
true
false
60
false
true
true
false
61
false
false
18
true
false
134
58
true
59
true
true
false
63
11
false
true
false
107
true
true
false
true
true
102
76
false
59
true
58
false
false
true
59
59
false
true
60
36
true
false
59
false
84
true
59
false
true
true
false
false
true
false
44
true
true
false
false
false
107
true
false
true
167
false
false
false
false
false
false
true
false
118
65
60
false
true
105
60
false
60
false
true
true
73
59
false
46
false
117
57
57
true
true
true
59
true
true
true
true
197
true
true
false
88
false
59
59
true
81
57
false
false
41
130
false
true
true
57
78
true
false
true
true
55
true
146
false
true
false
132
true
55
55
64
56
false
false
false
false
true
true
52
154
165
true
false
63
true
false
7
true
true
true
184
50
false
false
true
199
true
false
false
116
103
false
true
false
1
49
4
false
24
true
true
true
true
false
false
false
47
130
155
false
false
45
true
true
true
169
false
46
false
false
true
true
true
26
102
true
47
47
false
false
false
false
false
47
159
true
false
false
true
true
false
56
46
46
true
168
false
false
false
101
162
false
true
true
false
true
false
43
43
true
false
false
10
132
179
true
false
false
true
true
true
false
true
false
true
false
false
false
64
true
true
true
true
true
false
196
false
false
34
true
false
false
false
55
false
false
true
false
true
121
47
true
false
false
69
false
false
47
true
false
false
true
false
87
141
false
false
true
true
true
31
false
false
false
49
true
true
51
29
false
true
177
true
false
51
true
6
true
123
false
51
137
true
false
false
false
false
84
187
false
true
false
61
false
86
126
false
47
false
125
34
45
false
false
false
false
45
true
false
true
true
true
false
46
true
142
true
false
90
true
false
45
45
true
true
true
false
true
true
137
78
82
false
true
19
true
44
true
false
false
true
true
157
false
172
42
false
false
false
107
41
false
true
true
false
false
true
43
false
43
48
false
42
42
false
42
true
true
false
42
false
true
false
true
148
true
false
44
44
false
140
true
142
41
41
false
41
false
41
false
true
22
163
12
39
true
40
true
false
true
71
false
true
true
false
false
true
43
81
true
true
false
false
true
false
true
122
true
42
false
false
false
42
false
true
false
false
false
42
true
184
true
false
true
false
false
true
true
true
true
47
false
47
125
46
136
45
true
true
false
false
true
false
true
false
false
false
48
false
true
false
true
false
false
true
true
50
false
true
85
true
true
12
true
140
false
true
true
true
7
50
false
false
true
false
51
88
false
false
false
false
true
true
false
6
false
true
false
false
true
false
false
true
false
52
87
101
true
true
false
false
50
false
true
49
80
48
true
49
true
true
false
true
false
false
true
true
true
165
true
false
52
52
true
false
89
52
true
37
false
true
true
86
false
false
true
true
true
true
false
true
true
false
93
148
100
true
50
false
187
192
61
true
true
49
true
false
20
true
49
true
false
true
51
51
51
81
false
50
true
true
false
29
false
49
55
false
true
true
false
false
true
true
41
true
52
52
false
52
60
true
false
false
false
true
true
54
true
true
false
56
false
56
3
true
159
false
false
true
55
false
13
false
false
false
true
55
true
true
true
15
false
false
true
true
true
145
true
true
false
true
false
180
false
true
42
true
false
true
true
true
61
true
true
187
false
42
61
true
171
true
false
false
true
63
63
true
false
true
true
false
true
false
true
false
false
70
false
150
65
65
168
64
true
true
false
true
true
true
64
false
true
false
false
false
78
true
true
true
true
false
157
67
183
86
false
false
65
true
97
false
false
65
false
false
true
120
false
false
48
64
true
true
false
true
true
125
187
false
true
66
true
true
68
true
false
true
107
76
true
true
false
67
67
25
true
95
true
67
67
true
false
68
false
68
false
false
true
false
true
147
true
true
true
false
106
138
true
true
false
true
false
true
true
69
false
69
true
false
true
false
true
false
true
false
true
72
28
48
70
false
true
false
55
false
false
131
false
69
false
true
false
71
true
69
69
false
69
false
false
true
70
true
true
70
true
true
70
false
true
false
71
71
74
true
71
true
true
true
72
false
true
false
true
72
true
true
199
true
false
false
true
false
false
false
73
155
false
true
false
true
true
false
false
true
14
false
72
false
false
177
71
false
71
false
false
71
false
true
70
true
false
false
101
true
false
178
false
true
true
true
66
137
false
39
true
true
true
119
false
true
true
85
187
64
64
64
false
true
153
true
95
60
false
false
false
170
true
16
true
104
true
true
true
183
true
false
false
false
false
true
61
false
false
false
true
false
true
61
true
62
62
false
45
false
161
false
true
155
true
false
60
false
true
true
46
false
true
false
60
true
177
162
true
false
60
false
true
true
false
true
false
false
false
false
false
true
2
true
59
false
22
false
44
true
51
false
true
58
49
false
true
143
57
105
true
166
false
true
true
true
false
true
59
59
59
true
true
true
117
true
true
false
false
false
60
155
true
false
true
60
60
62
false
false
false
false
true
true
61
true
62
16
61
false
true
true
false
false
true
62
false
false
true
96
true
true
false
true
140
true
false
65
false
true
126
67
110
true
true
false
true
62
200
false
true
114
true
61
false
false
46
60
60
false
false
40
59
183
true
true
false
true
true
true
true
true
153
60
false
false
18
false
true
true
137
true
false
false
true
false
true
true
64
false
true
true
true
126
false
false
65
false
true
true
false
66
66
66
false
157
true
150
false
false
true
true
false
65
false
true
192
false
false
166
false
true
false
24
true
true
false
true
65
65
false
false
true
false
false
178
64
64
true
true
true
16
66
true
67
false
true
199
67
false
true
120
true
false
64
78
136
false
true
61
61
true
true
false
60
true
101
85
false
14
false
true
116
true
58
36
false
187
true
56
false
164
55
true
false
56
true
false
false
false
57
false
false
true
145
false
false
true
42
false
106
true
true
false
58
true
false
true
false
177
true
172
187
6
false
62
151
147
false
52
false
43
true
false
true
false
true
true
54
true
false
false
false
false
true
124
53
53
53
false
true
false
false
true
true
false
56
false
true
false
false
false
57
130
false
200
false
false
56
false
false
54
true
true
false
false
false
104
true
9
false
false
true
55
55
16
false
true
53
53
false
true
true
false
false
true
false
false
56
false
true
false
true
false
57
true
58
false
true
true
true
185
false
true
true
true
true
true
true
64
64
false
false
true
true
true
66
true
false
false
true
68
68
false
true
false
true
false
true
true
false
false
false
true
false
false
61
true
78
true
22
false
1
false
false
false
false
true
true
96
70
70
25
true
true
69
true
true
false
false
false
166
69
true
false
true
false
false
true
false
121
false
false
false
false
true
false
true
false
69
69
false
false
false
130
68
37
true
68
