 
dir4 dir5 dir6 dir7
dir3
dir3
dir4 dir5 dir6 dir7 dir8
dir4 dir5 dir6 dir7 dir8
dir3
dir13 dir3
dir13 dir3
dir14 dir2
dir14 dir2
dir14 dir15 dir2
dir14 dir15 dir2
dir14 dir15 dir2
dir14 dir15 dir16 dir17 dir18 dir19 dir2
dir1
dir1 dir20 dir21 dir22 dir23
dir1 dir20 dir21 dir22 dir23 dir27
dir1 dir20 dir21 dir22 dir23 dir27
dir1 dir20 dir21 dir22 dir23 dir27
dir1 dir20 dir21 dir22 dir23 dir27
dir1 dir20 dir21 dir22 dir23 dir27 dir28 dir29 dir30
 
 
 
dir34
dir32 dir35 dir36
dir32 dir35 dir36
dir32 dir35 dir36 dir37
dir32 dir35 dir36 dir37
dir32 dir35 dir36 dir37
dir32 dir35 dir36 dir37
dir32 dir35 dir36 dir37
dir42
dir42 dir43 dir44
dir32 dir35 dir36 dir37 dir41
dir32 dir35 dir36 dir37 dir41
dir32 dir35 dir36 dir37 dir41 dir45 dir46
usr
dir47 usr
dir47 dir48 usr
dir1 dir20 dir21 dir22 dir23 dir27 dir28 dir29 dir30 dir31 dir39 dir40 dir50 dir51
dir1 dir20 dir21 dir22 dir23 dir27 dir28 dir29 dir30 dir31 dir39 dir40 dir50 dir51
 
dir1 dir20 dir21 dir22 dir23 dir27 dir28 dir29 dir30 dir31 dir39 dir40 dir50 dir51 dir53
dir47 dir48 dir49 usr
dir1 dir20 dir21 dir22 dir23 dir27 dir28 dir29 dir30 dir31 dir39 dir40 dir50 dir51 dir53 dir54 dir55
 
 
 
dir61
dir60 dir65
dir60 dir65 dir66
dir60 dir65 dir66 dir67 dir68
dir60 dir65 dir66 dir67 dir68 dir69
dir60 dir65 dir66 dir67 dir68 dir69 dir70
dir60 dir65 dir66 dir67 dir68 dir69 dir70