null
null
null
null
-5
-5
null
null
5
null
null
-2
7
null
null
9
-1
0
4
0
null
6
1
6
100
null
-1
7
0
7
null
null
-2
null
0
0
null
null
null
1
null
0
null
15
null
60
null
null
-81
null
null
null
null
null
23
-1
-27
null
24
0
1
null
6
null
0
null
28
-17
0
0
null
22
4
null
66
19
14
7
null
null
null
-1
null
9
null
null
0
null
null
null
59
null
null
16
0
null
0
null
18
null
-1
9
null
null
null
-1
13
-22
null
null
null
null
null
0
18
-1
0
0
-1
38
18
null
-1
19
-1
null
null
-1
21
0
0
null
null
-1
null
null
null
null
null
-1
7
7
null
null
-1
9
null
-1
10
null
null
1
null
12
null
-1
null
null
15
null
null
null
null
0
0
null
-1
0
7
-1
13
null
-1
null
2
null
null
null
5
-1
0
0
null
-1
null
4
-1
null
null
null
6
-1
null
null
8
8
null
-1
null
0
null
null
null
null
null
-1
-1
15
null
0
null
null
null
-1
-1
null
-1
-1
null
0
null
null
null
-1
-1
null
null
null
null
28
null
null
null
null
null
85
-1
null
-1
null
35
null
null
null
5
16
-1
-1
-1
-96
17
-1
0
-1
-1
0
null
null
null
null
0
null
0
13
null
-1
null
11
null
-1
-90
6
6
null
-1
null
null
-1
-1
null
null
null
0
12
12
null
-1
10
0
null
-1
null
-1
-1
5
0
null
null
-1
null
-1
0
null
4
4
4
-1
4
-1
1
null
null
-1
0
null
null
6
0
0
null
-1
null
null
null
null
-1
null
null
0
-1
null
null
null
null
-1
12
12
12
-1
0
null
13
-1
13
-1
null
0
null
null
-1
null
17
76
-80
0
null
null
null
null
0
null
0
null
null
null
null
26
0
null
-1
-1
null
-1
null
null
0
-1
20
10
null
null
-1
-80
null
0
null
4
0
null
0
null
0
6
null
null
null
null
null
-1
-1
11
null
null
-1
13
13
0
null
null
null
null
10
0
null
-1
-1
8
null
-1
9
-1
-95
null
-1
null
-1
null
null
null
14
0
null
-1
null
null
null
0
18
18
0
18
0
-1
18
-1
null
-65
null
null
null
null
null
null
null
0
-1
null
null
0
28
null
null
95
0
-1
-1
-1
null
0
null
null
null
0
0
-1
null
35
35
35
35
35
null
64
null
null
null
-1
null
-1
null
null
null
-57
43
null
null
45
null
null
null
null
49
null
null
null
44
-1
0
-1
-1
-1
0
0
-1
null
9
null
-1
0
null
0
-1
null
null
-1
-1
13
13
13
null
12
0
null
-1
null
0
null
-1
null
6
-1
0
null
null
0
null
null
10
0
0
10
-1
-1
null
-1
11
null
12
null
null
14
null
null
-1
0
null
17
null
18
null
null
null
null
22
null
23
null
24
0
null
25
0
0
0
25
-1
0
null
26
0
26
91
0
33
-1
null
0
null
null
-1
null
null
-1
-1
null
-85
null
33
null
null
null
null
null
0
0
null
39
39
-1
null
0
-1
0
null
null
-1
0
42
0
null
0
0
43
-1
null
null
-1
null
-1
-1
null
-1
-1
-1
null
-1
-1
null
49
49
49
-1
null
null
-18
null
null
null
-1
null
null
null
0
57
0
0
0
null
null
59
-1
78
-1
null
60
0
null
-1
null
null
-1
72
-1
-1
-1
63
63
63
63
-1
null
-1
null
65
-1
24
null
-1
null
-1
-1
43
15
null
-89
2
-1
null
0
-1
null
null
null
-1
0
-1
31
null
null
null
23
11
-1
-1
null
12
null
null
14
14
0
0
null
-1
-1
-1
0
null
16
-1
-1
16
-1
-1
0
null
null
null
0
null
20
null
null
null
null
-1
0
-1
null
-1
25
null
null
null
-1
0
null
null
null
null
-1
null
33
33
null
34
null
null
null
null
-1
null
39
null
null
null
0
-1
null
-1
null
0
-1
0
44
0
-1
-1
44
null
45
null
null
8
39
null
null
null
null
-1
null
44
7
null
-1
-1
38
null
null
0
-1
-1
null
null
-1
0
null
null
-87
null
45
45
45
0
null
-1
null
-1
-1
47
null
null
49
0
null
null
null
0
null
null
0
null
55
-1
null
null
null
0
-1
58
58
null
null
null
-1
null
-1
null
null
null
65
65
0
0
65
null
null
67
null
null
null
0
-1
0
-1
null
null
null
null
0
null
null
null
null
78
28
null
null
null
-58
null
82
null
0
0
null
-1
0
-1
84
null
85
null
-1
null
65
null
-1
0
null
null
null
-1
0
null
null
null
0
94
null
0
null
-1
6
0
null
0
-4
null
-1
null
-1
-1
null
null
null
null
null
null
null
-1
-33
-1
null
9
null
102
null
null
null
-1
null
null
-1
null
null
null
-79
null
60
null
-1
null
null
null
null
0
-1
null
57
null
null
0
59
-1
45
0
0
0
-1
null
0
null
null
0
17
-1
0
17
-1
null
18
null
-1
null
null
null
-1
0
-1
-1
null
0
null
null
0
null
null
-1
null
null
-1
null
null
-1
null
null
null
null
-1
-1
0
null
-1
null
null
null
null
null
-1
-1
null
0
null
43
43
-1
0
null
-1
null
0
-1
null
null
null
0
null
null
0
null
-1
-1
0
0
-1
null
52
0
0
null
-1
null
-1
0
-1
null
null
-1
null
null
null
null
null
-1
null
null
0
-1
null
null
null
-1
66
0
null
-1
18
null
null
-1
null
52
0
-1
null
53
null
0
-1
-1
0
-1
null
null
56
null
0
57
0
-1
57
-1
null
0
0
null
null
60
null
61
null
0
null
null
null
-1
65
-1
null
-1
66
-1
null
null
null
0
null
null
null
null
null
74
74
-20
0
0
null
null
-21
null
-1
-1
77
null
78
-1
78
-1
null
null
null
null
null
null
null
null
-1
86
-35
86
null
-94
87
null
null
-1
0
0
null
-1
0
90
null
91
null
null
0
null
-1
null
95
null
-1
96
0
96
null
-1
97
null
0
null
null
100
100
-1
null
null
-1
-1
null
103
-1
null
104
-1
null
-1
null
-1
null
-1
107
null
108
108
null
-1
109
0
109
null
null
111
null
null
null
114
null
-1
0
0
null
null
null
-1
118
118
null
-1
119
-1
null
null
null
-1
null
null
null
null
-1
-1
null
-1
null
-1
null
null
null
131
0
null
-83
null
0
null
null
null
6
null
-8
null
-1
0
-1
81
0
0
null
null
null
60
null
-1
null
-1
null
null
null
65
0
null
null
null
68
-1
68
68
0
null
0
-1
69
null
-77
-87
null
0
null
-1
null
-1
0
null
74
null
-1
-1
null
null
null
-1
null
-1
79
-1
null
null
null
-1
null
null
83
6
null
-1
null
null
null
87
-1
null
88
76
null
-1
89
89
null
null
null
92
-1
null
null
-1
0
null
0
null
-1
-1
99
null
null
null
-1
99
null
0
0
-1
null
null
null
0
0
null
null
null
-1
null
0
null
null
0
null
-72
0
-1
null
39
null
null
-1
0
-1
null
0
75
0
null
null
-1
0
-1
0
-1
null
null
-1
null
null
-1
null
null
-1
83
83
83
0
-1
null
null
null
null
null
0
88
null
89
null
null
0
91
null
null
null
-1
0
null
0
null
96
-1
null
0
null
null
null
null
-1
-1
null
0
87
-57
null
103
null
56
null
null
106
null
-1
0
-1
107
null
null
null
null
111
-1
111
null
-1
null
113
0
null
-1
114
null
-1
null
null
117
null
83
null
null
-1
null
38
38
-1
0
0
-1
-1
38
-1
-1
0
38
null
0
23
39
0
null
null
32
null
10
0
10
0
null
null
12
12
-1
null
0
-1
-1
13
13
13
null
0
null
-1
null
null
-1
null
-1
null
19
19
null
-1
0
20
0
20
null
null
-1
null
82
0
-1
null
0
null
null
26
null
null
-1
null
null
0
0
-1
4
0
null
null
null
-1
-1
null
0
null
0
0
0
9
-1
0
null
5
0
null
0
-1
null
-1
7
null
null
-1
null
null
null
-1
0
null
null
null
-1
15
null
null
null
18
null
0
0
null
0
0
null
null
null
0
null
24
0
null
25
0
null
null
-1
27
null
null
null
null
null
null
null
null
35
null
null
null
-1
null
-1
null
null
null
53
null
null
0
null
0
null
null
-1
null
0
47
null
null
null
null
null
null
-1
-1
-1
null
-1
null
0
-1
null
null
null
85
null
0
null
-1
null
-1
null
62
null
null
64
-1
-1
null
-1
0
null
null
null
0
null
null
0
0
null
null
-1
null
null
null
75
null
null
null
-1
0
null
-1
null
null
null
null
null
-1
84
-1
null
-1
85
null
-1
null
87
null
null
89
20
0
-1
0
null
0
null
null
null
-1
null
35
null
-1
null
-1
0
-1
null
null
-1
null
0
-1
null
null
-1
101
101
null
null
-1
0
null
null
null
106
106
-1
null
0
null
null
-1
null
null
0
null
null
null
null
115
null
116
-1
null
null
-1
null
119
-1
119
null
null
-1
-1
null
null
-1
-1
null
-1
null
-1
null
-1
126
null
null
128
null
-1
null
null
0
131
-1
131
0
-1
null
5
-1
127
127
null
128
128
128
128
null
null
130
-1
null
131
null
0
0
-1
-1
0
null
null
null
null
null
null
-1
33
-1
-1
105
null
null
null
-1
0
108
0
-1
null
null
null
null
-1
0
-1
null
113
null
-1
null
null
-1
-1
null
null
null
null
null
-1
null
-1
-1
null
null
null
125
0
125
null
-1
-1
0
0
null
null
null
0
128
null
122
-1
7
7
-1
null
-1
null
-1
0
null
null
11
0
null
12
-1
null
-99
13
0
0
null
null
null
0
null
null
0
null
0
null
null
null
null
0
null
-1
-1
-1
null
-1
null
26
-1
null
null
null
0
-1
-1
null
null
null
null
-1
33
-1
null
null
null
null
27
0
37
null
null
null
null
41
null
-1
null
-1
-1
-1
0
-1
null
0
null
null
46
-1
null
47
null
null
null
50
null
0
null
null
-1
null
null
null
-1
-1
null
null
58
null
null
null
null
62
null
-1
63
null
64
null
-1
0
null
28
null
null
-1
-1
null
69
0
-1
69
69
-1
null
-1
null
null
72
72
-1
0
null
-1
null
null
null
null
-1
77
-1
null
-1
0
null
null
null
null
null
-1
-1
83
-1
-1
83
null
null
null
-1
null
null
88
0
null
-1
-1
4
89
89
null
-1
null
91
null
0
-1
null
-1
-1
-1
null
94
94
null
null
0
0
51
-1
null
46
null
47
47
0
null
null
-1
null
-1
-1
-1
-1
null
0
51
-1
-1
-1
51
null
52
0
-1
52
-1
0
-1
-1
null
null
null
55
55
null
0
null
null
-1
null
null
null
null
-1
-1
0
-1
62
null
0
68
null
null
-1
-1
65
null
0
null
-1
67
67
null
-1
-1
0
null
null
-1
70
-1
0
0
null
71
-1
null
null
73
null
0
-1
-1
66
8
0
null
0
9
-1
9
null
-1
0
-1
null
null
12
null
-1
-1
null
-1
null
null
-1
null
-1
-1
17
-1
null
null
-1
null
-1
20
0
null
0
-1
-1
-1
null
-1
22
22
-1
null
null
-1
-1
null
25
-1
null
26
-1
0
-1
-1
-1
-1
-1
26
-1
null
-1
null
0
-1
-1
28
null
null
30
-1
null
0
null
null
null
null
-1
null
null
null
38
null
null
-1
-1
40
null
0
null
null
null
null
45
-1
-1
0
-1
null
-1
46
null
null
48
-1
null
0
null
null
null
52
-1
null
-1
null
-1
54
null
55
null
null
null
-1
-1
null
0
null
60
0
null
null
62
62
0
null
63
-1
63
null
-1
null
65
null
null
-1
-1
null
-1
null
null
0
null
null
-1
-1
-1
null
-1
0
0
null
0
null
null
null
-1
null
-1
78
0
-1
-1
-1
78
0
78
null
79
null
-1
53
0
-1
null
81
-1
null
-1
-1
-1
0
null
null
84
59
2
0
-1
23
null
null
-1
-1
-1
25
null
-1
18
0
8
null
-1
0
null
10
-1
null
11
0
null
-1
-1
null
-1
0
-1
null
null
-1
-1
0
null
0
null
-1
-1
-1
17
-1
null
-1
0
null
null
0
20
-1
20
null
-1
-1
null
null
-1
23
null
null
null
null
null
null
null
-1
null
31
31
null
null
null
0
null
null
-1
null
-1
null
null
null
null
41
0
-1
null
-1
null
null
44
-1
0
null
null
null
null
0
48
null
0
49
null
50
0
null
null
null
0
53
-1
null
null
null
null
-1
57
null
-1
null
59
null
-1
-1
null
null
null
null
null
null
0
-1
null
0
-1
null
-1
null
69
0
-1
null
null
0
-1
null
-1
0
null
-1
73
73
null
-1
null
75
75
0
-1
null
76
76
null
null
-1
0
null
79
0
-1
-1
-31
null
null
0
null
-1
82
-1
-1
-1
null
null
null
0
0
null
null
null
-1
-1
null
-1
0
89
-1
null
null
91
91
-1
0
null
92
-1
null
93
93
0
null
null
0
null
-1
null
75
22
null
null
null
null
-1
26
-1
0
26
null
0
-1
null
null
null
-1
0
0
null
0
31
null
0
0
-1
null
0
null
34
null
null
-1
0
0
null
37
null
null
-1
0
null
null
0
-1
null
42
-1
42
null
null
null
-1
-1
null
null
-1
47
-1
null
null
null
-1
0
null
-1
null
-1
null
null
54
54
-1
null
29
0
0
0
0
0
null
null
null
null
-1
null
null
0
-1
null
null
0
null
-1
-1
null
null
null
null
null
null
-1
-1
41
null
42
null
43
null
-1
null
null
46
-1
46
null
null
48
null
null
-1
null
0
null
null
0
-1
null
-1
54
null
null
-1
null
null
0
-1
58
0
-1
-1
null
0
null
-1
null
null
null
null
-1
0
64
null
0
-1
null
66
null
0
0
0
0
null
-1
-1
null
null
-1
-1
0
null
-1
-1
-1
-1
71
-1
null
null
0
-1
0
-1
73
null
0
-1
null
-1
38
-1
null
38
null
0
-1
-1
-1
-1
39
-1
-1
null
-1
null
null
42
42
0
null
null
0
null
null
-1
46
0
null
null
null
null
-1
-1
-1
50
null
null
-1
52
0
null
null
0
null
-1
null
0
null
null
0
-1
-1
58
58
null
-1
null
0
-1
null
0
61
null
62
null
0
null
null
null
null
67
-1
-1
null
68
68
null
0
null
70
null
null
null
0
null
-1
null
null
0
null
null
-30
null
0
0
79
87
null
80
0
80
null
null
0
-1
null
null
null
0
-1
null
null
null
-1
88
-1
null
null
0
null
null
-1
0
null
null
-1
94
0
-1
85
null
-1
null
0
0
null
null
-1
null
93
6
null
null
null
-1
null
10
null
null
null
null
null
null
null
0
null
18
18
0
null
-1
-1
null
null
0
-1
null
0
null
null
null
null
null
null
null
0
29
null
30
-1
30
-1
-1
null
-1
0
null
null
-1
0
null
null
null
null
-1
null
0
-1
null
0
null
null
0
-1
null
42
0
0
null
null
0
0
null
null
-1
-1
0
-1
null
-1
null
null
null
null
0
-1
-1
51
-1
null
null
0
53
null
null
null
null
null
58
-1
-1
null
null
null
61
null
null
0
0
-1
null
-1
64
null
null
null
0
null
0
null
0
69
null
null
-1
null
null
null
-1
0
74
-1
-1
null
0
0
null
null
null
null
null
95
0
80
null
null
-1
null
0
-1
83
0
-1
null
-1
-1
0
null
null
null
-1
87
0
null
null
-1
89
null
-1
null
0
91
91
-1
91
91
-1
0
-1
null
0
null
0
93
null
null
null
null
-1
0
-1
-1
-1
97
null
98
0
null
99
99
null
-1
-1
-1
100
70
null
null
null
null
null
null
-1
0
0
null
null
-1
null
null
-1
-1
0
40
null
null
42
null
0
null
null
45
-1
null
-1
-1
-1
null
null
null
null
null
0
-1
null
null
null
54
-56
null
null
null
-1
null
0
-1
0
58
58
null
null
-1
null
0
null
-1
62
null
null
64
64
null
65
null
-1
-1
null
null
null
-1
null
-1
70
null
-1
71
71
null
-1
null
null
74
-1
74
0
null
null
null
77
null
null
-1
-1
79
null
-1
null
0
null
14
null
null
null
0
null
0
0
0
-1
null
null
-1
74
null
null
76
76
76
null
null
null
-1
0
null
-1
null
null
null
null
-1
null
85
null
-1
-1
-1
-1
0
null
87
null
88
null
0
89
-1
null
null
null
92
null
null
null
0
0
null
95
96
null
0
null
0
null
null
null
null
null
null
0
null
105
-1
-1
-1
-1
105
null
106
-1
null
null
108
-1
-1
108
null
0
-1
-1
-1
-1
109
-28
null
-1
56
null
null
-1
0
null
null
null
59
null
null
61
null
0
null
null
null
-1
-1
null
null
-52
0
-1
67
0
67
0
67
null
null
-1
-1
0
null
70
null
null
null
-1
null
null
75
null
null
-1
0
null
-1
-1
null
null
null
null
null
null
-1
84
-1
0
null
85
null
null
null
null
null
0
null
-1
-1
null
92
null
93
0
null
-1
0
-86
null
null
null
null
null
null
100
-1
null
-1
-1
101
-1
0
101
null
null
-1
null
null
0
null
3
-1
null
null
-1
0
-1
null
-1
null
110
0
null
0
0
-1
-1
null
-1
-1
null
null
0
-1
-1
-1
null
-1
-1
115
115
-1
null
null
117
null
null
-1
-1
119
null
null
