null
null
null
null
-48
null
3
null
null
null
null
null
null
null
null
null
0
10
6
null
null
null
-1
null
-1
null
null
9
-1
null
null
-1
-1
-1
null
-1
null
null
0
6
null
-1
null
0
-1
8
-86
null
-1
-1
null
10
10
0
-19
-1
null
null
8
null
3
3
-1
-1
-1
3
0
null
null
-1
0
0
null
-1
6
0
5
0
0
1
-1
null
null
null
3
-1
-1
null
-1
3
0
null
2
null
1
-1
12
-1
null
null
null
null
null
null
-1
7
0
null
null
null
9
-49
null
-1
10
10
10
null
null
40
0
null
10
-1
null
10
null
null
-1
-1
64
null
null
null
64
30
null
null
null
10
3
0
-1
null
8
null
0
-1
9
null
null
null
null
null
10
0
null
10
10
10
-1
null
-26
-1
-1
10
-1
null
null
10
-1
null
-1
10
null
2
null
null
-1
-1
-1
0
-1
-1
null
null
null
10
-1
null
-1
10
null
-1
null
null
null
null
null
null
10
