null
null
1
0
null
1
-1
1
-1
-1
null
null
1
null
0
-1
2
-85
null
null
null
null
-1
null
6
0
-90
0
-1
null
null
-1
null
null
null
6
null
78
null
null
9
null
1
null
1
null
-1
1
null
null
-1
null
12
78
null
null
null
-1
15
null
-91
-1
null
4
null
18
null
0
null
null
null
null
-1
null
-1
15
null
null
null
null
15
-1
3
null
11
null
null
0
-1
null
null
0
null
null
null
-1
-57
44
null
null
-1
0
20
60
1
-1
null
null
-1
null
null
null
0
null
null
-1
null
null
28
-1
null
null
null
-1
null
10
null
0
null
34
0
null
null
36
36
36
0
21
-1
-1
-1
null
null
null
0
null
null
20
null
null
null
-1
19
-1
4
4
null
5
-1
null
null
0
null
null
null
null
null
-1
null
-1
null
-1
0
14
73
-1
null
-1
null
0
0
0
0
10
-1
0
6
-1
-1
6
null
null
8
8
null
-1
null
null
null
-1
null
null
5
84
-1
0
null
1
-1
null
-1
null
null
-1
0
null
-1
-29
null
-1
0
-1
null
null
null
17
-1
-1
null
0
null
-1
null
null
21
null
-1
null
-1
null
24
24
null
null
null
0
-1
null
null
null
null
-1
null
32
22
-1
10
null
null
-1
null
-1
null
14
-1
-1
14
14
-1
0
null
-1
-1
0
null
null
0
-1
0
null
-65
null
19
-1
0
-1
0
19
null
null
null
null
null
null
-1
-1
-8
0
17
null
0
null
10
null
-1
-1
-1
11
null
0
0
null
0
0
-1
null
-1
0
-1
14
0
-1
-1
null
null
-1
-1
70
91
15
1
null
null
3
null
-1
null
-1
null
-1
0
0
null
null
8
null
-1
9
null
null
null
-1
-81
null
0
-1
null
-1
null
null
0
0
null
-1
17
-1
null
-1
49
18
null
null
null
null
null
0
-1
-1
23
23
0
null
null
-1
null
-1
null
0
23
0
27
0
-1
null
null
29
29
29
null
null
null
null
-1
33
0
null
null
-1
-1
98
35
null
16
-1
-1
null
-1
-97
0
21
18
-1
-1
0
null
null
-1
null
-1
-1
0
0
null
-1
null
8
null
-1
null
0
null
11
null
12
null
13
13
13
null
0
0
-1
14
-1
0
-1
null
null
-1
null
null
null
null
0
7
-1
0
null
null
22
null
-1
0
null
24
0
null
null
0
0
null
null
28
null
null
30
-1
0
null
0
null
null
0
-1
0
null
null
null
null
null
-1
-1
-96
null
0
null
null
null
null
43
-1
null
0
84
null
-1
null
null
0
47
0
null
0
null
null
null
null
null
52
null
null
-1
53
null
null
-1
-1
null
0
-1
null
null
10
0
null
null
null
-1
null
0
0
null
-1
-1
-1
null
null
-1
55
null
null
null
-1
-1
null
null
60
null
null
-1
0
null
-1
null
-1
-1
null
null
10
null
0
null
null
-1
null
69
null
70
-1
-1
70
-1
0
70
30
-46
-1
70
-1
null
null
0
null
73
73
73
-1
11
null
63
77
47
-1
null
null
0
null
null
-1
-1
-1
0
20
null
null
-1
null
0
0
23
null
null
null
null
0
null
-1
0
null
58
-1
29
-1
null
null
-1
null
null
null
-1
null
-1
-1
null
null
null
0
null
null
null
41
0
0
-1
41
0
-1
-1
null
null
null
null
null
null
-1
null
null
-1
null
-1
0
50
50
0
null
-1
null
-1
52
-1
null
null
-1
54
-1
null
-1
55
0
0
-1
null
null
null
null
null
null
61
null
62
-1
-1
null
56
null
null
null
null
null
-1
0
-1
68
-1
0
68
-1
null
69
69
null
null
null
null
null
null
null
76
0
0
null
77
0
null
null
null
80
null
null
null
0
16
null
84
null
-1
0
null
46
-59
null
null
-1
0
0
21
null
0
88
-78
null
null
-1
0
-1
90
null
91
35
null
null
null
null
-31
null
null
-1
0
null
null
-1
-1
null
63
null
null
-1
null
null
null
-1
