4eZudzrTaFsq5176nh8
5GMaDHkCfJZXctrxiYOXXhqQoGa6gq
8YWxYiPLu0EOipVdrw
37
45eyb91GyxK
47rfTJWnSQM6UXi3
048UkcRkqjFk
129BMcKd03eFsgrFikPtpkHNv7
8090H3d26VN
39950suOKbRbBtc1uFbsSvuo
307187usIDOti10WZgjc40
706959yICyvUi
AYhaXlKugVAPrJby040ZXLz77524DSg7X
JVyA610649foZbpFJVRUNKM7xAYHB
KcGjysLlLniFYblZkvZOGiuhKzWfvKwbeXsajC3
RFawBHQmsKVsdjjd787732POqLdH9
TvwkrUewwmJM81Z
VuknpieqsDJoQ0x1
c
eEofylfOxj570HqJHzfbeeWmZ7988U36lRhsrrH
gUtGBdkJIYcw476O
hRWziMKIidbOmUEJoOjtkeZTyXKqPA60voE646
j8QgO
lqzA6deLLgisRlnhijXYOUFF0X
mEHNfksRAtpxxGFnXIWngf03Q
nSzboRSrRTmuQe
ohwYAg56MmQp83316EQQh1
rsKMfoiCQ522529zEDLwCad6
xBzIAjbrPPeu77uc3JBoe
xjfvMVQIWJjLWAVLBwGmLvUfJXTQyTjh891