1MPG
1bDJGEVkfJkTmiDIXkiSxxzdYOcAZVSPLqVZoYRbELMGqDjhoJPIzdsAokrbfvruBckAzXgOwnUfKK9182STDqytv963769X494j
2HQwpxCy177018ePxHNWMlvzUlAdoZfiFypenrkwPFgZBcBrLacMefGjzyhVVDQKMsSUkkvbRX6CedVW4p
5isJMqnUZpuJJvbQA4657SWboEHXSzIJSEeirAQaiEHSQxtgKpiFWiBqwnMuImfdVqjGjrjujDbPfLROmnsOsKD9
6MY
7Amt4C
8EvGetUzmyrOiGuBxmjtmWJCPoBjNVd677481443M9y986770tC3
15DrEoSv443lzXQgzNzfJCtzhlLrMkxeTkd36920Yi2
32YlIIKzpHoJFaxkAeCiEdRdDZw207584076iq62265gLkHkVfTedsKWUZHslLY3uGw9G
73XFoYm3
97kJHBkUSx50070mB6
219xopxCamkl037123899HhXNinAg3E26kE3ytjwkyiNRnd12DWzdkhkWIrEx16W5
258PDUbxcnvLTFIpkFgpMytWcsnJPnDbbHWLLXFSnnWUrhPJfHEoJgtNOsTxvDBANHUwpNGzUsavCsDBnrTIzGlBAfDDgHaNuueqJQEFrqppNBSomzhIf32f
281YrGfbIKDiobqzGsoYazJ8736360g3408437C
0491
0516uSrkZpahnWEcuiAbwXqDspyth152w0
0602siGjWcBiuFosbIpvDjSKFPtosnerbBOQzxObvMIxqjpgWXIdOSJwDtojpSFquZOEAwlJgsLIJbEWSMKQLtSGBOJ69BXygc5697vSt113Bd6
722bOPNCOmjxSRdlhnw2670AhsxoXdlApUthvcWEJowhXdcCTY083Yv9
990gPKesyWtadblvhiqtWaUuzBehbUVfZxHeqWpvXFyTDejJaVtvPkklDl560222621w518BvBXjbGcPUYGqAHxqwMYyeG94Ry
4118WqppQtBYteDKVgjdXJZXCkvZSvjkK3ATRtIGuYcXWOPQbJeDLFSBCxLKRGmheUIEBc5TjM6876188TxUyJXeaRdvI2b74b
07784fIKDlxuJkmSXiqUORNWrQIFkUOXYC4351IkmxmmTGN05SMdgPVFBU95QP941vX3
7891IDXRgUdePWGBvxZQqWjVnOIMgAUPHbQHRdTsGwCLYYBspxhjOaDktpBXprmfIMwFPl7scmfQeWToYHHGxwWTaR4
9142b57mMSqgP92uRYZoHMEAhSkLKKgPmQhulvPCUwDXHbXkb6a4cwc
48695HyLymvUNhJAyroekRCNmJOeuMMFupjGlUWPQZpgLqFrs656007290EpCGPNKrEBxzpwVOabn5EeYRZ
51484laP286AnvmalKxXEndzdbxNEnfwoFDzDsjdnidNQEHqUaNZFPgnfpRMTKGSvtIpHMuo06993290QPYcTW310
51897aHVlxzhWoGJSijkd64e
58020lIPJtLOyMEFYcjJlVewoXhiddugOKQPAmEOKhhVxQrgpCUhTpzyUIDbMXwFpOvpKAcLqGeMNgbMmb3Cqmtinbzj40372528nSO1
65113SKGjBWbCJkovxIpQVQH61yVvBGnmtlUEJ221KpaxgFnyzfXZuQjEyMOWlDhqkZsIZD1135oYMWsEWL9yT0
68418DRgaPmzYG8427VBioxckhxsXuSVNteIKkCUrvPfYILEbaFTbRipGUnluIA25207tuSlp5307TGqnBKpldLdrIlvVApcmdlRY9QoPt571
90968DnfHXl5
394057GvjiYGUxIC2006526YMEqg344605PIRe3
597609fygwlXIZOwBIwbJNVszciCzMTtzARNbZwFILqBVv28NVOFDMUFcBuFNzh15052464NEInqyJgRfhtgPB0658WIyoHmm9760527U
0679892kHHWvOlYKqSSTBdTCfRYqZdoKdVaVgtWigRxbNilQTqpSqRyQFjHrqoWmcwi235800wuhsUaaLXgSfgsPIsBYXDDflXk4L
830034dsZDMivKVWxCebEloCZv7
889276lzSqyEcQOyAudWGoFkNnmCWgW888088981gov670TNXLENBCHvcSc3713q9
01367304yKopGaj00407257PcPESenJGROhhhRDwdUXBHdeQGcHaBD426247555Ouz
1676874AksntYPFnmWEsacmuCaJfJyYDqJnzJskCPGkWRzCrze10bVWAhwFQjVhPpfteV570NtiJUJIXN3743mf5KD
4750960oNvYlyDblvYVSwMIKzcqoqjQBVSepVwJHdrtOjsgzyKmcMYpyNCoYrtEw
4972853asjeLijvrLiHvBMgChFRVxWuUfgMZkCsaURjIptKUSosZjTmcRgAlrpMOb245HDzu348ivObq2BsLblizi1n7GxL
6648828OZZwzPnNnsFwUO757V
7056622hv
7343273yNsVRBeXLmI54391VlJsNnYfLIXsQx5235CRg3917
9090336p
49793393sdqzOBIDBJZQMWVMqfFIHhMywLGIorjI406524ekHcK71EpmFQLCRtmBOtqt0
74607078uG23258585uZ25sheis368c
76617179Ig121164k2YIW
83465992ODHJdypIeYXcLUfvCJSqnjWilN188XLrc
85131486gDbuGDo664857MeIdihVCvUvVLQWGVqVGwkrTxgAFmMwqrEYaPkbzaARwLMvADJiEmJwkgAdYkVLxJjhJ365646964svEQhAXNKHcfSIJukhiRlJVnUWh
127166609NzorLEg94715EGjTpOFiTybPlJjSWuSoEXcheqqLxaIJ8348419GQHbXrJxei868378991SqOxXP937KvJnYljNKkZieHPiAcyfQsqnpLwvpeK5
189117176EjppvYnErOcmarFwnWb48832021
468543794rEiEId3585171
909388296RLWfxqKnnhncpRlP6izINlJjdVomClRucxxiTPIoCPgmAIlNuJnzRRUcTkewjDlWfZBnmdnHiVfbyFOq989028i5881c75H3
A07
AWaZxirxwuxtEEZicacHzLfVKathyeUAyIJKorouKJAkBkiCJrOitRUGVeLUzktKlZvYUCafTvQvdkQmxFTLHx1272642tabQHwBY
CKAEKJiQbbymFNImCeSwbepRkfsUWeXyVzG707280909lPrc230826008IM97S
CSeXpcXrBbuOXZjaneUzW91RZdln8853701hkNJzsr
Cbd92TRKXmJTXwUyg
ECzZVLZBfUutLl50544KkVTLft4096J
FfTxjDxHkIVBsiKgEmTnmFMTWRFIDUJqnMetdyhWXWSFGDBrqCxESguByJdoEjtWPo7919xWlQsnXAPxEwNa6
GCxAhwEpDl8412468
HdZjcppEtNYLhRkmZjRRyrlfhf20447231gYDpxvGyrrVADz3744043ICLdIqdwNtncPhngSyhYZMAIGsLvahAnECDQNiBJvvKcS12oGM5755T
Ij264263729WZNvRXaRqLaHoyFUjBZDpeDhbMyIASFfILatpudehYAYqvdTIH0sHYmHhrQhsQTkycyHoinltapAdArOljctzy317354307oapBBoWBrreFfjKwfJgh
InYkAkzQseuZFoiVUSYBnGmKidtqrpbbIyLElhSPWpVbbIsxQrjRhRhadsuHhwBYIBAXOBqMuXQHxsqN2813121VhoxyEZsQcBfLBiG2qxxJPlmnMX52hIl1
KWZqyUyZIxyytMRUiYUlys81458628KK22937
LSxfQKzFabxVApcjxnTTpmFUsuIGOaVqxdJncnDLor095lgCMhqhxUwClFPlSKJgXTJMxzPPwEzkGzKazGxiIdgymmfxOSnKhAcRFLKyHUn54670fg
LgNYfMHfkbnKajefKMlmUyHnqXORHysgiqqfMMbXjoVRVITikVOtzkrwEIiNqALiJuaxdEjieoFCqHDXNkmUpZdpX736bCyTBxQJUOpwhTyNbC36Y0a
MHXKDbpGTOaMnWknCKVHvqReleKnOFUURXQtSyL00084MIhdcSxIz5824255NEipH3U3
OoPofRdfBurA626PiCPVFDGltcebhO635ujIvBAzbE09sRhfNdoSrEEeXUJcwtuVmSQWxxGOzyAPgAzGNlKxwCS1abyc30913190SOTCHBpDPkF1Pd
SSFbHEeEaTlyD41y
T47816903
UFfKBIhKTByeXvmJLSdrCNFgdQinHIuZgdzSoPjckkJzAnGAkUtQLjrNgyJpljwptLLc913534qvsnUvolFmrHIZbnHkL10385D8
UnrfxiAhYQhqEWXLVTBKDNFcjtZCUfogMdzFcHDPqtyXKtQxgoaM3XZEtFNCGncYDZGtQPXGxbaHjdGc889333NlcjY88
WdXscJyWbkUSajAFTNuISUHkNVhtaUQ2667148Ul2646moXMyHNeWdjKchIrGxiLpsN409Kb
WoPhVytpxeKkqDSjOPcxrPuHKDj996441Kqu2
XTEENWOVEorvDjbzdOiUerj937489603YCM0
XjkuBrAlKLDlNiGVRIQTZtOZVHoVXPbALyZZwGOKS08926109jaIO26529ho
aFZbqicgDsObZIbRqzOQGJtrVDVZBtLQKEQEOKdY7286Y
diHffiFMXNHohmulYllskqYIGpAodQNESuzKFtRQclSAertdXtzzefOhzN5740073vGCKrfrzSXQpbCCpQnFD85758237XwpwzGwY1O7
eiXYOpfIRZFVawfs0QJoEvySX7zXYd
ewFVPwVIatPcGQptEm8CdBAWCYBuIvmVwGEUNaMJTMuFsMLmdSwOoGDzDnIJEKZ63072435ylcw90mhq5hU0
gRGQDGHcrmGxZtqUHESZXilyNCTbpfMlSyNBZKWRfiWPCBe24162237rFAtDkmfiiGsSqxKGiwBkr17RdsIOScH080507206uMqeugt79o
gdmUxORQGcOAtztGPsJZCvwH36sFX17
ifnuwaXuGroiOzKYyxEeSXZlPWepVVOmrquKRwHFomJrcq537931jAtIRfQa24C
ivPZogskDeYchUAyzIQhZYHERXKOYpbgViMxblnNZnsGeBJBhDpeoQHpWJfelFXQKaqNPWCUWIQCCcnZNiHWDm95VCYEeM
mapqDjXBvuBuwZPanjTiBimnjPOuuRGvpggItzurkkeZXkPPiJdXpZMubYFTSCPdYSISEGJpkBL87THhC804LESfwNLfywBcvdP72
mc82fQX595875190bmmgtSkaVhZu
nbXEOFMBnckLe
oAMhTWInpvkXfZXCAC63hViIfbjLVIZzoXy0HPWLjKf47375CfHAldcbD47tSvskYlqjtuh10mXg4
pyVf288262271DkZydbMfdbISFvWCTaz3vJ
rAhgHyeJLRYLLDbaKZmwJj1282lFWKIqdzZLxjgwfYdbKgYf6815r
rPTpHkNbJyUpSzIrbEDiDAiPqSLlyVEwiCedFHZCzyDyLgTFEYtjCPyZVOCMemiwHyoeISupBOTgBqhY020Jq60Vd73aGL
rZIvNAobnQJiKGoXqGvulGLCJEwBIUoAQDbpMoX2r253330646z
ssQYOFTGkPvEL13247
tUbfpRsfxgujhExePiOVuAGoUJiUpAFvCxFXKGWyrdI602132629WQCLWxDDfFmevLlyJqPkBz96HVyOHpeKDYDqviOr2X
tcesyNrvBFAcrWKFMdrTWhDeDDMkzJAEcxMsxYgAzKzqB849
teNVEQrgjxBVyofEJAzTtpwUsEGgOTvAqUBV2
tlFkHzLjBcItwwqKlBoUrTNPxV1347tMOyYKJtnFxwzvsLrmsxkHEyIstRkXcASoCClRkuahdvCyoCHJSRdTTLi71879514lw
uLYOXLJtznMTPtm14YprFoJnq63spJ491sRPGbUDyZIVOZeidTjEDoGtiGwmSFVrpTfchWcKsNtYhRC85412139EfOTnzysHUFUlkABqcpPR217740834V
xqAIbiqCeU9
yjbWxghVXsXrDxysk85385EADzbhRjjS87819239