685217889A1520BE6662292AEFC903A84D2456766E75C5816125A897E39EE7CBB20BB95F7F2EA366732E
A0DD6B8463AAF672AB4E34089E8A535435CC8F77C50F229AF9CF5EE499B536F74DDD465416D1B2257E0AF7CA0C56ED91FA1FF445C679193309A2EB4313267770D030ECC83496
D263B707B9AE09459ED5029AB49169C98F419A864AF8CA01115DFF100462824040AC100ED522CE0E2B5A0A991517CED8BB4DBA6089E35776D519C85B8649168172B6C0822AE0004D074D0CD280F20D2638EA8C5A9A27EC142528838E7496F5CC69D95B6A3E
710F9147EFB159479E376C42332E44986375DC2B8389E17F00DB2F4E7FC139159A2018CDC0CE3AAA75D0085FF218A7B65FCFEBC8F661651C0AACD9518BC285B1ABBA8A9272352332CC3AC06F89B139D47A7001D7C7ED43D9559
2A1947FCCEF89E5CBF84F02BFEE0CE18EBEB6E639967DDCE8523D7D0D0BA05E09C0AFEBC0EEF7C177695DCC91BF9B4FB74623C07E19
42530544ED717020EC1A9F2D869BA39B26DC443BD9F52A7B0B44D11AADEAEEAC95CBD824A1188091177EEAFB628B1029DE75C700EEDA3227759E8E9
DFF4B81FB8924EFEC3908B6BE264B1CD766260A3B7E0987D9EB129DA510EB797C9705AF1C87FBE781855D303FD3F4752F928C85F5F9527563A5BD26EF2FE446E63A5B0EC457A9658C5ADB637986927663433DC0809311E2BED37D9C8A97629528D01960C8290D6FDB33B24E210F68C138C336184E3B
93656D3D556D8BF9CB07F8EA7B381E5E09F3714EB4B332D22192EAF709540A33925A6B31EBEED80A851881672BC4CA9AAF08AFB993A51C88A9BDE666437F3EF6BD7CF12E02A65AF0721BBC69BCCEA1C4D1D103D819FD97888
D5C877B33F0F227898D236DC360D619515EC52908E01AD2323F65866DE8B4753E640F3540E8644B8463349E8F09DE9D0B9034E4CA533B9242234A1A8413EB7D54BDCEC7252E45BAB701BCC1847824B8A98EF37FEC0E03F9A05A92F3A038F4DC2D1C9DF84132C673AEB36983B3A803BDD3333FCBF139E1F4898DF
C5471A8101410DFE873B50436E627B44CF961A0822A66CE883400E6E1A19B71C9B6E0C6579A788967EC19B191244249F153741AFFACAF790423F13AB7D2AD662FDE1909
F94DA9241FAE77498854EF5037E77D5462669FF9945D7748734A2E605DB52E808C65E220FDDDF7451F79BFD9CC856C8019FB59
5CADFB3675CBC2A7562F08654258ADA6A1E7BBB9EF33C7C83FEE3848A6F6DCD9F4481E6FFCB0F9654B614B0B81A69F49AB427F8
1B5C3816929BDA66E041631C83C404962F9D2BFA7914B9FF198499889BA1A11C989F8B319A071B5546ABF2876AF3667B1923EC3FE01235F92CAAAEE759846875F642429B1348DB0E7DC9E041F2289BF14C21C6F902710273BB984A9B7D9B04CE3156D352DDCDF7F3D7110F
F95BCDDBC5DBBF17CF734290BF06A00D1A0EF315A4A84B7C71A7852C3194E0BC33A6F872AC246685669B3A033588D0FD2264805BDE2F97675DED5AF0ECC94A6FC43FD75F446D32374A18AE89510DED67DEAB865EA6FE8CDA34C6DDF720F15BBE14BDDF8E86B17EA9D9C1149C2EB09850F628EDF6BB4460C65E58E1670228880EB9978FADB98D551791B87771B54
5B4F171896A13F9E277AB235BB0EF3FEEF344EEC1DD9B5A297F81181D7E4E2E37454E38550C7373708477481E26B03B1CC2CC65C8A5513A184C3E4D3A6F6808846A5DBBD5DA03C856717B0731CCAAF1EA1AE6123A31D21A8E307E147AF50470BE066A1DCFE604AC35A92F0ED0C709FDADEFCC86C6EC6AC44F2DE80BC02E746386380D8EA5CD459118909A963B669398FA8632A696F4F
E250C0F48A2C2F47701F6AAC37C9ED392F7F82CF7D467FF170D89D6511DF9D5DC9EFA7C7AFB15E7CE4C04EABAF1C9C56F506E20F454DB4B834B6DD2458EAC02C5BE38BA6B2096B51689E6524A422D784AD1FC6
16AEBF6DF83D2F6170B75F5AE31635B240689BB0D5BDA72FCA47E2F0B0E2ED6654C295C85A631698A9D9319DBDF68C7B2CF45BB028D2F38B56FA132467B324FFDF766A2619868334156BCCA3793E065F5549285B63B09F5A8056E998054BF84C70
2291A6C3D2B65078FC48BC029D7A46E2267C27C6A317526DAD61EAA847FBBEAA4B6A3096250A3E5133
DEB5562B0DCCD1B0884ED3A649C95DD18EFF9556397DC9F2C810506FEED95953431DBC33CDF8C85810FFEA1661314755C10901F874A66EE5B381910CB7B3EE00BDCF3BEB3CCA9DDA827739E5AFDA4DA5C44E6FA4573CDEDDC93A2769025F6F2836BE4541881D60FA41CF7F700104FD7EC030CFE6ADE0C18A191CF172649
4CF6D2DDD786960BD236544AFFD4E3F4D00152800BDB62EC763A27E072C80E39221965667CB0DFD133274EF27B48DA1900A1DC74984A360F40C10263EE35E8F5E345711CF870F4BB2703CCFB4358D28CB0F4C47F5065F7EC04803F6CA2C98A5AD623CA75498FC07F8314EA55104