1.9275 -1.8085 1.2333 -1.8618 0.6543 0.6735 1.0946 -0.7528
1.9280 -1.8080 1.2323 -1.8608 0.6552 0.6742 1.0949 -0.7534
1.9278 -1.8084 1.2315 -1.8598 0.6559 0.6742 1.0952 -0.7542
1.9280 -1.8089 1.2306 -1.8590 0.6561 0.6740 1.0957 -0.7549
1.9278 -1.8090 1.2300 -1.8580 0.6566 0.6740 1.0957 -0.7557
1.9277 -1.8090 1.2296 -1.8571 0.6572 0.6742 1.0956 -0.7566
1.9276 -1.8093 1.2292 -1.8563 0.6578 0.6744 1.0959 -0.7574
1.9275 -1.8096 1.2289 -1.8556 0.6585 0.6744 1.0960 -0.7579
1.9273 -1.8095 1.2287 -1.8548 0.6591 0.6742 1.0963 -0.7586
1.9270 -1.8092 1.2284 -1.8540 0.6595 0.6742 1.0967 -0.7590
1.9268 -1.8091 1.2280 -1.8533 0.6595 0.6743 1.0970 -0.7592
1.9266 -1.8090 1.2275 -1.8525 0.6596 0.6745 1.0972 -0.7595
1.9265 -1.8089 1.2271 -1.8520 0.6598 0.6748 1.0973 -0.7596
1.9266 -1.8088 1.2266 -1.8517 0.6597 0.6752 1.0975 -0.7597
1.9268 -1.8090 1.2264 -1.8514 0.6598 0.6753 1.0975 -0.7596
1.9271 -1.8091 1.2261 -1.8513 0.6600 0.6756 1.0976 -0.7595
1.9275 -1.8093 1.2260 -1.8510 0.6603 0.6759 1.0979 -0.7592
1.9280 -1.8096 1.2260 -1.8506 0.6607 0.6764 1.0982 -0.7591
1.9283 -1.8099 1.2261 -1.8502 0.6611 0.6769 1.0985 -0.7591
1.9287 -1.8102 1.2261 -1.8499 0.6614 0.6774 1.0986 -0.7592
1.9291 -1.8107 1.2263 -1.8495 0.6615 0.6776 1.0988 -0.7593
1.9293 -1.8113 1.2266 -1.8490 0.6617 0.6778 1.0990 -0.7592
1.9294 -1.8119 1.2268 -1.8487 0.6617 0.6780 1.0992 -0.7593
1.9295 -1.8125 1.2268 -1.8485 0.6619 0.6780 1.0996 -0.7596
1.9296 -1.8132 1.2269 -1.8483 0.6622 0.6780 1.0998 -0.7600
1.9297 -1.8137 1.2270 -1.8480 0.6625 0.6780 1.1001 -0.7605
1.9297 -1.8142 1.2271 -1.8478 0.6629 0.6781 1.1005 -0.7610
1.9299 -1.8144 1.2272 -1.8479 0.6631 0.6781 1.1010 -0.7614
1.9299 -1.8145 1.2271 -1.8480 0.6635 0.6781 1.1013 -0.7617
1.9300 -1.8145 1.2269 -1.8482 0.6639 0.6780 1.1015 -0.7620
