1.0807 1.6590 1.2103 1.7692 0.0604 -0.5828
1.1283 1.7575 1.3100 1.8314 0.0714 -0.5457
1.1880 1.8554 1.4101 1.9111 0.1136 -0.5689
1.2531 1.9512 1.5019 1.9983 0.1505 -0.5498
1.2796 2.0213 1.5228 2.0843 0.1488 -0.5840
1.3251 2.0932 1.5609 2.1473 0.1116 -0.6217
1.3575 2.1446 1.6045 2.2193 0.0836 -0.6125
1.4111 2.1991 1.6532 2.2728 0.0585 -0.6328
1.4552 2.2568 1.6653 2.3395 0.0471 -0.6406
1.5112 2.3211 1.6598 2.3847 0.0437 -0.6321
1.5747 2.3734 1.6652 2.3979 0.0325 -0.6231
1.6430 2.4269 1.6558 2.4326 0.0377 -0.5923
1.7089 2.4869 1.6423 2.4805 0.0638 -0.5527
1.7602 2.5447 1.6346 2.5193 0.0795 -0.5017
1.7949 2.6129 1.6203 2.5581 0.1130 -0.4459
1.8286 2.6894 1.6120 2.5829 0.1246 -0.3985
1.8356 2.7410 1.5942 2.6218 0.1472 -0.3629
1.8239 2.7908 1.5598 2.6649 0.1545 -0.3522
1.8199 2.8464 1.5230 2.6906 0.1599 -0.3531
1.7968 2.8967 1.5037 2.7144 0.1818 -0.3541
