0.2522 1.9930 0.5966 0.6033 -0.4491 0.4711 -0.1499 0.7774
0.2522 1.9935 0.5971 0.6042 -0.4501 0.4710 -0.1489 0.7784
0.2519 1.9941 0.5971 0.6051 -0.4503 0.4707 -0.1480 0.7783
0.2519 1.9948 0.5972 0.6057 -0.4505 0.4703 -0.1472 0.7781
0.2516 1.9951 0.5977 0.6060 -0.4504 0.4698 -0.1465 0.7777
0.2513 1.9956 0.5978 0.6062 -0.4505 0.4691 -0.1462 0.7777
0.2510 1.9960 0.5977 0.6062 -0.4505 0.4684 -0.1459 0.7779
0.2509 1.9960 0.5974 0.6064 -0.4507 0.4677 -0.1457 0.7778
0.2509 1.9962 0.5972 0.6067 -0.4508 0.4673 -0.1455 0.7777
0.2510 1.9963 0.5969 0.6068 -0.4508 0.4668 -0.1451 0.7777
0.2513 1.9966 0.5964 0.6071 -0.4508 0.4664 -0.1449 0.7777
0.2515 1.9970 0.5961 0.6073 -0.4509 0.4658 -0.1448 0.7776
0.2515 1.9976 0.5960 0.6074 -0.4510 0.4654 -0.1446 0.7775
0.2517 1.9981 0.5958 0.6072 -0.4512 0.4651 -0.1445 0.7774
0.2519 1.9985 0.5956 0.6072 -0.4512 0.4647 -0.1444 0.7772
0.2521 1.9989 0.5954 0.6073 -0.4510 0.4642 -0.1443 0.7768
0.2522 1.9993 0.5951 0.6076 -0.4508 0.4636 -0.1444 0.7766
0.2523 1.9996 0.5948 0.6077 -0.4507 0.4632 -0.1446 0.7766
0.2525 1.9999 0.5946 0.6078 -0.4506 0.4631 -0.1446 0.7766
0.2527 2.0005 0.5943 0.6081 -0.4505 0.4628 -0.1445 0.7767
0.2528 2.0009 0.5939 0.6084 -0.4505 0.4626 -0.1445 0.7766
0.2529 2.0013 0.5938 0.6085 -0.4503 0.4622 -0.1446 0.7766
0.2531 2.0017 0.5935 0.6086 -0.4502 0.4620 -0.1446 0.7767
0.2532 2.0018 0.5934 0.6086 -0.4502 0.4617 -0.1445 0.7768
0.2534 2.0019 0.5931 0.6085 -0.4501 0.4615 -0.1442 0.7770
0.2535 2.0020 0.5929 0.6085 -0.4499 0.4612 -0.1441 0.7773
0.2535 2.0019 0.5928 0.6085 -0.4497 0.4608 -0.1439 0.7777
0.2535 2.0018 0.5926 0.6083 -0.4497 0.4603 -0.1436 0.7779
0.2535 2.0019 0.5922 0.6083 -0.4497 0.4597 -0.1432 0.7780
0.2536 2.0020 0.5918 0.6081 -0.4497 0.4592 -0.1428 0.7782
