zx37s.g3qeitdi
orquo
chn4ppfadb.7xj
chn4ppfadb.7xj
x4p9a1.7ka.8xvfu
gwrid8
3lppceg.ah6s5dt18q
prv18.ml03y
prv18.ml03y
prv18.ml03y
prv18.ml03y
abc.com
xb9oxu4.p3tzrp8in4.hupqlhgl
abc.com
3sf.yv2y6
3sf.yv2y6
abc.com
2hlaziazl.tgo8tztyl
qpkj
lhn.13c9o83.148l
lhn.13c9o83.148l
sbh.4md8
1ou
abc.com
ef1sa.wez2vsbh
abc.com
abc.com
abc.com
9mf3qkyqp
abc.com
f1vd6wl3.tu1wl32b.qgpbee640
iwg5wm5jct.egy6g.067esv3icw
iwg5wm5jct.egy6g.067esv3icw
wkccgfv.bd8zn.qkfp2
wkccgfv.bd8zn.qkfp2
ukhb
abc.com
1oh881w8bc.nmsay