109 111 110
116 118 117
241 243 242
36 38 37
61 63 62
230 232 231
17 19 18
206 208 207
225 227 226
188 190 189
113 115 114
78 80 79
85 87 86
214 216 215
252 254 253
249 251 250
180 182 181
46 48 47
157 159 158
154 156 155
121 123 122
79 81 80
120 122 121
241 243 242
10 12 11
9 11 10
38 40 39
29 31 30
134 136 135
38 40 39
145 147 146
255 1 0
166 168 167
13 15 14
168 170 169
243 245 244
147 149 148
233 235 234
228 230 229
103 105 104
61 63 62
140 142 141
130 132 131
153 155 154
205 207 206
249 251 250
117 119 118
242 244 243
64 66 65
109 111 110
64 66 65
194 196 195
153 155 154
84 86 85
146 148 147
46 48 47
223 225 224
107 109 108
203 205 204
159 161 160
10 12 11
53 55 54
31 33 32
163 165 164
48 50 49
45 47 46
221 223 222
213 215 214
81 83 82
225 227 226
182 184 183
171 173 172
193 195 194
137 139 138
228 230 229
173 175 174
88 90 89
67 69 68
27 29 28
103 105 104
93 95 94
95 97 96
8 10 9
121 123 122
188 190 189
154 156 155
204 206 205
246 248 247
56 58 57
35 37 36
93 95 94
63 65 64
65 67 66
164 166 165
118 120 119
230 232 231
104 106 105
13 15 14
106 108 107
87 89 88
59 61 60
94 96 95
93 95 94
174 176 175
83 85 84
218 220 219
250 252 251
163 165 164
52 54 53
151 153 152
147 149 148
102 104 103
17 19 18
214 216 215
63 65 64
206 208 207
127 129 128
169 171 170
55 57 56
247 249 248
32 34 33
211 213 212
221 223 222
23 25 24
192 194 193
58 60 59
218 220 219
111 113 112
35 37 36
4 6 5
182 184 183
186 188 187
189 191 190
25 27 26
72 74 73
177 179 178
26 28 27
55 57 56
186 188 187
130 132 131
208 210 209
43 45 44
0 2 1
165 167 166
214 216 215
67 69 68
90 92 91
171 173 172
232 234 233
118 120 119
95 97 96
89 91 90
14 16 15
17 19 18
25 27 26
78 80 79
88 90 89
59 61 60
113 115 114
251 253 252
64 66 65
20 22 21
110 112 111
86 88 87
82 84 83
123 125 124
83 85 84
35 37 36
253 255 254
49 51 50
198 200 199
162 164 163
141 143 142
215 217 216
131 133 132
136 138 137
79 81 80
187 189 188
86 88 87
57 59 58
173 175 174
49 51 50
192 194 193
240 242 241
233 235 234
83 85 84
29 31 30
22 24 23
128 130 129
141 143 142
34 36 35
173 175 174
18 20 19
79 81 80
57 59 58
31 33 32
254 0 255
34 36 35
104 106 105
109 111 110
45 47 46
101 103 102
104 106 105
228 230 229
114 116 115
253 255 254
235 237 236
30 32 31
146 148 147
66 68 67
254 0 255
74 76 75
88 90 89
148 150 149
132 134 133
89 91 90
181 183 182
236 238 237
29 31 30
132 134 133
46 48 47
234 236 235
16 18 17
108 110 109
34 36 35
6 8 7
66 68 67
74 76 75
61 63 62
203 205 204
200 202 201
196 198 197
126 128 127
226 228 227
18 20 19
132 134 133
197 199 198
23 25 24
68 70 69
220 222 221
247 249 248
172 174 173
202 204 203
201 203 202
148 150 149
104 106 105
194 196 195
66 68 67
237 239 238
120 122 121
188 190 189
18 20 19
243 245 244
126 128 127
205 207 206
124 126 125
