145 144 145 146 145
223 222 223 224 223
39 38 39 40 39
21 20 21 22 21
93 92 93 94 93
18 17 18 19 18
44 43 44 45 44
227 226 227 228 227
107 106 107 108 107
35 34 35 36 35
143 142 143 144 143
30 29 30 31 30
11 10 11 12 11
249 248 249 250 249
8 7 8 9 8
49 48 49 50 49
74 73 74 75 74
75 74 75 76 75
176 175 176 177 176
231 230 231 232 231
18 17 18 19 18
237 236 237 238 237
44 43 44 45 44
86 85 86 87 86
22 21 22 23 22
169 168 169 170 169
12 11 12 13 12
13 12 13 14 13
219 218 219 220 219
170 169 170 171 170
231 230 231 232 231
4 3 4 5 4
198 197 198 199 198
45 44 45 46 45
101 100 101 102 101
51 50 51 52 51
110 109 110 111 110
187 186 187 188 187
4 3 4 5 4
214 213 214 215 214
237 236 237 238 237
37 36 37 38 37
164 163 164 165 164
120 119 120 121 120
169 168 169 170 169
220 219 220 221 220
201 200 201 202 201
78 77 78 79 78
219 218 219 220 219
197 196 197 198 197
142 141 142 143 142
6 5 6 7 6
175 174 175 176 175
56 55 56 57 56
188 187 188 189 188
40 39 40 41 40
224 223 224 225 224
9 8 9 10 9
130 129 130 131 130
60 59 60 61 60
12 11 12 13 12
13 12 13 14 13
34 33 34 35 34
135 134 135 136 135
231 230 231 232 231
47 46 47 48 47
131 130 131 132 131
171 170 171 172 171
236 235 236 237 236
29 28 29 30 29
106 105 106 107 106
127 126 127 128 127
143 142 143 144 143
154 153 154 155 154
236 235 236 237 236
202 201 202 203 202
181 180 181 182 181
101 100 101 102 101
10 9 10 11 10
113 112 113 114 113
175 174 175 176 175
174 173 174 175 174
7 6 7 8 7
127 126 127 128 127
92 91 92 93 92
100 99 100 101 100
155 154 155 156 155
248 247 248 249 248
19 18 19 20 19
134 133 134 135 134
251 250 251 252 251
107 106 107 108 107
21 20 21 22 21
172 171 172 173 172
175 174 175 176 175
170 169 170 171 170
228 227 228 229 228
25 24 25 26 25
157 156 157 158 157
115 114 115 116 115
74 73 74 75 74
255 254 255 255
45 44 45 46 45
130 129 130 131 130
207 206 207 208 207
224 223 224 225 224
173 172 173 174 173
17 16 17 18 17
242 241 242 243 242
89 88 89 90 89
199 198 199 200 199
180 179 180 181 180
221 220 221 222 221
112 111 112 113 112
58 57 58 59 58
239 238 239 240 239
117 116 117 118 117
214 213 214 215 214
9 8 9 10 9
200 199 200 201 200
23 22 23 24 23
161 160 161 162 161
250 249 250 251 250
152 151 152 153 152
41 40 41 42 41
236 235 236 237 236
251 250 251 252 251
71 70 71 72 71
142 141 142 143 142
142 141 142 143 142
121 120 121 122 121
112 111 112 113 112
100 99 100 101 100
67 66 67 68 67
63 62 63 64 63
10 9 10 11 10
35 34 35 36 35
33 32 33 34 33
85 84 85 86 85
23 22 23 24 23
196 195 196 197 196
115 114 115 116 115
110 109 110 111 110
170 169 170 171 170
225 224 225 226 225
204 203 204 205 204
66 65 66 67 66
198 197 198 199 198
13 12 13 14 13
85 84 85 86 85
27 26 27 28 27
194 193 194 195 194
203 202 203 204 203
57 56 57 58 57
131 130 131 132 131
240 239 240 241 240
126 125 126 127 126
255 254 255 255
24 23 24 25 24
147 146 147 148 147
48 47 48 49 48
76 75 76 77 76
41 40 41 42 41
27 26 27 28 27
62 61 62 63 62
111 110 111 112 111
174 173 174 175 174
20 19 20 21 20
47 46 47 48 47
206 205 206 207 206
78 77 78 79 78
81 80 81 82 81
197 196 197 198 197
114 113 114 115 114
30 29 30 31 30
66 65 66 67 66
158 157 158 159 158
184 183 184 185 184
89 88 89 90 89
249 248 249 250 249
90 89 90 91 90
247 246 247 248 247
34 33 34 35 34
110 109 110 111 110
34 33 34 35 34
97 96 97 98 97
104 103 104 105 104
152 151 152 153 152
10 9 10 11 10
132 131 132 133 132
118 117 118 119 118
222 221 222 223 222
149 148 149 150 149
133 132 133 134 133
41 40 41 42 41
216 215 216 217 216
199 198 199 200 199
230 229 230 231 230
210 209 210 211 210
41 40 41 42 41
86 85 86 87 86
69 68 69 70 69
144 143 144 145 144
199 198 199 200 199
114 113 114 115 114
3 2 3 4 3
233 232 233 234 233
143 142 143 144 143
47 46 47 48 47
145 144 145 146 145
235 234 235 236 235
26 25 26 27 26
215 214 215 216 215
168 167 168 169 168
165 164 165 166 165
77 76 77 78 77
238 237 238 239 238
60 59 60 61 60
255 254 255 255
223 222 223 224 223
54 53 54 55 54
157 156 157 158 157
21 20 21 22 21
16 15 16 17 16
175 174 175 176 175
189 188 189 190 189
88 87 88 89 88
226 225 226 227 226
246 245 246 247 246
182 181 182 183 182
98 97 98 99 98
160 159 160 161 160
209 208 209 210 209
249 248 249 250 249
37 36 37 38 37
4 3 4 5 4
40 39 40 41 40
140 139 140 141 140
244 243 244 245 244
165 164 165 166 165
179 178 179 180 179
210 209 210 211 210
59 58 59 60 59
94 93 94 95 94
10 9 10 11 10
126 125 126 127 126
212 211 212 213 212
20 19 20 21 20
104 103 104 105 104
137 136 137 138 137
63 62 63 64 63
95 94 95 96 95
81 80 81 82 81
37 36 37 38 37
184 183 184 185 184
145 144 145 146 145
