119 153 137 136
99 115 133 117 116
72 88 106 90 89
167 183 201 185 184
177 193 211 195 194
12 28 46 30 29
131 147 165 149 148
182 198 216 200 199
142 158 176 160 159
52 68 86 70 69
37 53 71 55 54
186 202 220 203
107 123 141 125 124
237 15 33 16
227 5 23 7 6
176 192 210 194 193
54 70 88 72 71
150 166 184 168 167
73 89 107 91 90
81 97 115 99 98
149 165 183 167 166
114 130 148 132 131
60 76 94 78 77
169 185 203 186
161 177 195 179 178
129 145 163 147 146
146 162 180 164 163
13 29 47 31 30
112 128 146 130 129
202 218 236 220 219
24 40 58 42 41
121 137 155 139 138
109 125 143 127 126
43 59 77 61 60
48 64 82 66 65
151 167 185 169 168
69 85 103 87 86
81 97 115 99 98
226 4 22 6 5
68 102 86 85
56 72 90 74 73
200 216 234 218 217
197 213 231 215 214
126 142 160 144 143
133 149 167 151 150
202 218 236 220 219
16 32 50 33
165 181 199 183 182
153 187 171 170
121 137 155 139 138
7 23 41 25 24
132 148 166 150 149
153 187 171 170
113 129 147 131 130
42 58 76 60 59
214 230 10 232 231
213 229 9 231 230
34 68 52 51
236 14 32 16 15
235 13 31 15 14
93 109 127 111 110
59 75 93 77 76
172 188 206 190 189
237 15 33 16
95 111 129 113 112
69 85 103 87 86
116 132 150 134 133
22 38 56 40 39
202 218 236 220 219
182 198 216 200 199
18 34 52 36 35
106 122 140 124 123
28 44 62 46 45
234 12 30 14 13
226 4 22 6 5
96 112 130 114 113
175 191 209 193 192
38 54 72 56 55
112 128 146 130 129
232 10 28 12 11
188 204 222 206 205
55 71 89 73 72
74 90 108 92 91
105 121 139 123 122
146 162 180 164 163
171 187 205 189 188
103 119 137 121 120
186 202 220 203
29 45 63 47 46
143 159 177 161 160
171 187 205 189 188
116 132 150 134 133
90 106 124 108 107
72 88 106 90 89
197 213 231 215 214
59 75 93 77 76
75 91 109 93 92
236 14 32 16 15
191 207 225 209 208
6 22 40 24 23
200 216 234 218 217
85 119 103 102
176 192 210 194 193
235 13 31 15 14
226 4 22 6 5
213 229 9 231 230
207 223 3 225 224
20 36 54 38 37
15 31 49 33 32
227 5 23 7 6
134 150 168 152 151
177 193 211 195 194
61 77 95 79 78
108 124 142 126 125
27 43 61 45 44
82 98 116 100 99
143 159 177 161 160
52 68 86 70 69
23 39 57 41 40
17 51 35 34
115 131 149 133 132
198 214 232 216 215
108 124 142 126 125
208 224 4 226 225
35 51 69 53 52
120 136 154 138 137
94 110 128 112 111
140 156 174 158 157
66 82 100 84 83
138 154 172 156 155
192 208 226 210 209
210 226 6 228 227
47 63 81 65 64
176 192 210 194 193
69 85 103 87 86
111 127 145 129 128
43 59 77 61 60
105 121 139 123 122
109 125 143 127 126
190 206 224 208 207
163 179 197 181 180
126 142 160 144 143
151 167 185 169 168
234 12 30 14 13
76 92 110 94 93
34 68 52 51
62 78 96 80 79
117 133 151 135 134
201 217 235 219 218
73 89 107 91 90
137 153 171 155 154
101 117 135 118
193 209 227 211 210
185 201 219 203 202
197 213 231 215 214
132 148 166 150 149
203 219 237 220
3 19 37 21 20
69 85 103 87 86
61 77 95 79 78
142 158 176 160 159
40 56 74 58 57
121 137 155 139 138
175 191 209 193 192
162 178 196 180 179
175 191 209 193 192
124 140 158 142 141
45 61 79 63 62
65 81 99 83 82
156 172 190 174 173
109 125 143 127 126
89 105 123 107 106
131 147 165 149 148
93 109 127 111 110
176 192 210 194 193
223 1 19 3 2
117 133 151 135 134
167 183 201 185 184
106 122 140 124 123
32 48 66 50 49
226 4 22 6 5
61 77 95 79 78
223 1 19 3 2
18 34 52 36 35
217 233 13 235 234
36 52 70 54 53
170 204 188 187
112 128 146 130 129
98 114 132 116 115
212 228 8 230 229
47 63 81 65 64
33 49 67 50
151 167 185 169 168
104 120 138 122 121
117 133 151 135 134
205 221 1 223 222
5 21 39 23 22
35 51 69 53 52
235 13 31 15 14
18 34 52 36 35
207 223 3 225 224
234 12 30 14 13
24 40 58 42 41
12 28 46 30 29
40 56 74 58 57
168 184 202 186 185
58 74 92 76 75
159 175 193 177 176
133 149 167 151 150
70 86 104 88 87
229 7 25 9 8
100 116 134 118 117
71 87 105 89 88
161 177 195 179 178
147 163 181 165 164
33 49 67 50
182 198 216 200 199
132 148 166 150 149
30 46 64 48 47
99 115 133 117 116
51 85 69 68
36 52 70 54 53
6 22 40 24 23
189 205 223 207 206
53 69 87 71 70
53 69 87 71 70
17 51 35 34
180 196 214 198 197
153 187 171 170
211 227 7 229 228
232 10 28 12 11
14 30 48 32 31
160 176 194 178 177
25 41 59 43 42
88 104 122 106 105
80 96 114 98 97
65 81 99 83 82
86 102 120 104 103
