195 237 281 239 238
238 280 324 282 281
89 131 175 133 132
270 312 356 314 313
306 348 392 350 349
485 11 55 13 12
336 378 422 380 379
152 194 238 196 195
103 145 189 147 146
187 229 273 231 230
509 35 79 37 36
257 299 343 300
418 460 504 462 461
319 361 405 363 362
49 91 135 93 92
447 489 17 491 490
274 316 360 318 317
270 312 356 314 313
415 457 501 459 458
308 350 394 352 351
280 322 366 324 323
399 441 485 443 442
6 48 92 50 49
152 194 238 196 195
287 329 373 331 330
471 513 41 515 514
491 17 61 19 18
227 269 313 271 270
389 431 475 433 432
331 373 417 375 374
164 206 250 208 207
277 319 363 321 320
42 84 128 85
121 163 207 165 164
48 90 134 92 91
286 328 372 330 329
162 204 248 206 205
197 239 283 241 240
384 426 470 428 427
512 38 82 40 39
9 51 95 53 52
135 177 221 179 178
327 369 413 371 370
115 157 201 159 158
301 387 345 344
199 241 285 243 242
117 159 203 161 160
368 410 454 412 411
46 88 132 90 89
262 304 348 306 305
46 88 132 90 89
418 460 504 462 461
472 514 42 515
390 432 476 434 433
62 104 148 106 105
191 233 277 235 234
126 168 212 170 169
206 248 292 250 249
445 487 15 489 488
272 314 358 316 315
104 146 190 148 147
500 26 70 28 27
165 207 251 209 208
54 96 140 98 97
144 186 230 188 187
483 9 53 11 10
494 20 64 22 21
501 27 71 29 28
199 241 285 243 242
92 134 178 136 135
118 160 204 162 161
352 394 438 396 395
44 86 130 88 87
500 26 70 28 27
335 377 421 379 378
177 219 263 221 220
52 94 138 96 95
247 289 333 291 290
465 507 35 509 508
145 187 231 189 188
372 414 458 416 415
492 18 62 20 19
329 371 415 373 372
349 391 435 393 392
471 513 41 515 514
382 424 468 426 425
105 147 191 149 148
478 4 48 6 5
457 499 27 501 500
493 19 63 21 20
132 174 218 176 175
60 102 146 104 103
339 381 425 383 382
123 165 209 167 166
58 100 144 102 101
254 296 340 298 297
46 88 132 90 89
460 502 30 504 503
33 75 119 77 76
13 55 99 57 56
252 294 338 296 295
82 124 168 126 125
56 98 142 100 99
515 41 85 42
386 428 472 429
46 88 132 90 89
372 414 458 416 415
22 64 108 66 65
109 151 195 153 152
400 442 486 444 443
156 198 242 200 199
225 267 311 269 268
284 326 370 328 327
223 265 309 267 266
484 10 54 12 11
289 331 375 333 332
452 494 22 496 495
488 14 58 16 15
513 39 83 41 40
402 444 488 446 445
344 430 388 387
382 424 468 426 425
291 333 377 335 334
30 72 116 74 73
245 287 331 289 288
378 420 464 422 421
48 90 134 92 91
475 1 45 3 2
261 303 347 305 304
395 437 481 439 438
264 306 350 308 307
156 198 242 200 199
118 160 204 162 161
301 387 345 344
419 461 505 463 462
202 244 288 246 245
317 359 403 361 360
513 39 83 41 40
183 225 269 227 226
334 376 420 378 377
426 468 512 470 469
450 492 20 494 493
265 307 351 309 308
136 178 222 180 179
249 291 335 293 292
206 248 292 250 249
277 319 363 321 320
14 56 100 58 57
286 328 372 330 329
210 252 296 254 253
345 387 431 389 388
209 251 295 253 252
481 7 51 9 8
178 220 264 222 221
361 403 447 405 404
126 168 212 170 169
235 277 321 279 278
118 160 204 162 161
383 425 469 427 426
182 224 268 226 225
184 226 270 228 227
121 163 207 165 164
106 148 192 150 149
151 193 237 195 194
277 319 363 321 320
413 455 499 457 456
431 473 1 475 474
486 12 56 14 13
63 105 149 107 106
73 115 159 117 116
415 457 501 459 458
101 143 187 145 144
255 297 341 299 298
52 94 138 96 95
57 99 143 101 100
39 81 125 83 82
326 368 412 370 369
181 223 267 225 224
184 226 270 228 227
449 491 19 493 492
174 216 260 218 217
258 344 302 301
67 109 153 111 110
433 475 3 477 476
436 478 6 480 479
153 195 239 197 196
513 39 83 41 40
111 153 197 155 154
70 112 156 114 113
15 57 101 59 58
247 289 333 291 290
250 292 336 294 293
289 331 375 333 332
74 116 160 118 117
370 412 456 414 413
483 9 53 11 10
217 259 303 261 260
475 1 45 3 2
104 146 190 148 147
188 230 274 232 231
252 294 338 296 295
398 440 484 442 441
361 403 447 405 404
245 287 331 289 288
234 276 320 278 277
48 90 134 92 91
296 338 382 340 339
380 422 466 424 423
253 295 339 297 296
295 337 381 339 338
19 61 105 63 62
512 38 82 40 39
125 167 211 169 168
208 250 294 252 251
336 378 422 380 379
326 368 412 370 369
50 92 136 94 93
303 345 389 347 346
81 123 167 125 124
307 349 393 351 350
115 157 201 159 158
33 75 119 77 76
451 493 21 495 494
464 506 34 508 507
513 39 83 41 40
201 243 287 245 244
175 217 261 219 218
112 154 198 156 155
337 379 423 381 380
188 230 274 232 231
81 123 167 125 124
81 123 167 125 124
380 422 466 424 423
38 80 124 82 81
99 141 185 143 142
368 410 454 412 411
233 275 319 277 276
292 334 378 336 335
458 500 28 502 501
42 84 128 85
138 180 224 182 181
224 266 310 268 267
487 13 57 15 14
512 38 82 40 39
473 43 1 0
496 22 66 24 23
135 177 221 179 178
343 385 429 386
496 22 66 24 23
258 344 302 301
12 54 98 56 55
161 203 247 205 204
444 486 14 488 487
89 131 175 133 132
4 46 90 48 47
353 395 439 397 396
172 258 216 215
378 420 464 422 421
11 53 97 55 54
100 142 186 144 143
71 113 157 115 114
2 44 88 46 45
129 215 173 172
317 359 403 361 360
472 514 42 515
65 107 151 109 108
58 100 144 102 101
172 258 216 215
182 224 268 226 225
388 430 474 432 431
422 464 508 466 465
139 181 225 183 182
216 258 302 260 259
89 131 175 133 132
512 38 82 40 39
56 98 142 100 99
77 119 163 121 120
186 228 272 230 229
445 487 15 489 488
173 215 259 217 216
106 148 192 150 149
203 245 289 247 246
6 48 92 50 49
430 0 474 473
141 183 227 185 184
336 378 422 380 379
280 322 366 324 323
497 23 67 25 24
193 235 279 237 236
249 291 335 293 292
177 219 263 221 220
126 168 212 170 169
513 39 83 41 40
480 6 50 8 7
2 44 88 46 45
338 380 424 382 381
99 141 185 143 142
207 249 293 251 250
256 298 342 300 299
316 358 402 360 359
65 107 151 109 108
373 415 459 417 416
439 481 9 483 482
303 345 389 347 346
203 245 289 247 246
459 501 29 503 502
378 420 464 422 421
394 436 480 438 437
58 100 144 102 101
44 86 130 88 87
438 480 8 482 481
294 336 380 338 337
308 350 394 352 351
146 188 232 190 189
508 34 78 36 35
29 71 115 73 72
340 382 426 384 383
138 180 224 182 181
194 236 280 238 237
199 241 285 243 242
442 484 12 486 485
84 126 170 128 127
247 289 333 291 290
317 359 403 361 360
482 8 52 10 9
87 129 173 131 130
35 77 121 79 78
8 50 94 52 51
130 172 216 174 173
98 140 184 142 141
37 79 123 81 80
202 244 288 246 245
385 427 471 429 428
280 322 366 324 323
478 4 48 6 5
83 125 169 127 126
342 384 428 386 385
235 277 321 279 278
49 91 135 93 92
188 230 274 232 231
509 35 79 37 36
179 221 265 223 222
380 422 466 424 423
78 120 164 122 121
311 353 397 355 354
48 90 134 92 91
65 107 151 109 108
410 452 496 454 453
31 73 117 75 74
336 378 422 380 379
232 274 318 276 275
320 362 406 364 363
248 290 334 292 291
371 413 457 415 414
20 62 106 64 63
479 5 49 7 6
304 346 390 348 347
97 139 183 141 140
424 466 510 468 467
320 362 406 364 363
64 106 150 108 107
410 452 496 454 453
129 215 173 172
357 399 443 401 400
400 442 486 444 443
345 387 431 389 388
85 127 171 128
420 462 506 464 463
102 144 188 146 145
257 299 343 300
400 442 486 444 443
222 264 308 266 265
382 424 468 426 425
356 398 442 400 399
467 509 37 511 510
70 112 156 114 113
126 168 212 170 169
214 256 300 257
154 196 240 198 197
353 395 439 397 396
70 112 156 114 113
340 382 426 384 383
451 493 21 495 494
211 253 297 255 254
263 305 349 307 306
209 251 295 253 252
446 488 16 490 489
379 421 465 423 422
255 297 341 299 298
343 385 429 386
124 166 210 168 167
258 344 302 301
462 504 32 506 505
76 118 162 120 119
102 144 188 146 145
61 103 147 105 104
397 439 483 441 440
393 435 479 437 436
494 20 64 22 21
267 309 353 311 310
124 166 210 168 167
323 365 409 367 366
491 17 61 19 18
512 38 82 40 39
510 36 80 38 37
281 323 367 325 324
221 263 307 265 264
412 454 498 456 455
369 411 455 413 412
416 458 502 460 459
75 117 161 119 118
494 20 64 22 21
374 416 460 418 417
100 142 186 144 143
364 406 450 408 407
341 383 427 385 384
451 493 21 495 494
83 125 169 127 126
389 431 475 433 432
429 471 515 472
300 342 386 343
28 70 114 72 71
350 392 436 394 393
233 275 319 277 276
207 249 293 251 250
179 221 265 223 222
478 4 48 6 5
330 372 416 374 373
207 249 293 251 250
383 425 469 427 426
471 513 41 515 514
303 345 389 347 346
21 63 107 65 64
204 246 290 248 247
82 124 168 126 125
112 154 198 156 155
107 149 193 151 150
292 334 378 336 335
299 341 385 343 342
339 381 425 383 382
62 104 148 106 105
494 20 64 22 21
388 430 474 432 431
169 211 255 213 212
195 237 281 239 238
342 384 428 386 385
66 108 152 110 109
314 356 400 358 357
473 43 1 0
123 165 209 167 166
231 273 317 275 274
113 155 199 157 156
328 370 414 372 371
410 452 496 454 453
334 376 420 378 377
396 438 482 440 439
311 353 397 355 354
359 401 445 403 402
420 462 506 464 463
2 44 88 46 45
81 123 167 125 124
259 301 345 303 302
268 310 354 312 311
355 397 441 399 398
181 223 267 225 224
180 222 266 224 223
459 501 29 503 502
313 355 399 357 356
225 267 311 269 268
344 430 388 387
481 7 51 9 8
382 424 468 426 425
293 335 379 337 336
447 489 17 491 490
190 232 276 234 233
482 8 52 10 9
155 197 241 199 198
342 384 428 386 385
495 21 65 23 22
462 504 32 506 505
179 221 265 223 222
313 355 399 357 356
295 337 381 339 338
180 222 266 224 223
61 103 147 105 104
21 63 107 65 64
413 455 499 457 456
512 38 82 40 39
407 449 493 451 450
391 433 477 435 434
277 319 363 321 320
358 400 444 402 401
229 271 315 273 272
340 382 426 384 383
371 413 457 415 414
229 271 315 273 272
115 157 201 159 158
0 86 44 43
372 414 458 416 415
74 116 160 118 117
502 28 72 30 29
360 402 446 404 403
486 12 56 14 13
42 84 128 85
56 98 142 100 99
488 14 58 16 15
273 315 359 317 316
304 346 390 348 347
435 477 5 479 478
381 423 467 425 424
407 449 493 451 450
129 215 173 172
154 196 240 198 197
46 88 132 90 89
58 100 144 102 101
163 205 249 207 206
