26 39 54 41 40
373 386 401 388 387
112 140 127 126
323 336 351 338 337
82 95 110 97 96
120 133 148 135 134
161 174 189 176 175
44 57 72 59 58
340 353 368 355 354
162 175 190 177 176
294 322 309 308
104 117 132 119 118
22 35 50 37 36
286 299 314 301 300
131 144 159 146 145
584 9 24 11 10
449 462 477 464 463
309 322 337 324 323
169 182 197 184 183
410 423 438 425 424
491 504 519 506 505
94 107 122 109 108
348 361 376 363 362
371 384 399 386 385
381 394 409 396 395
160 173 188 175 174
166 179 194 181 180
362 375 390 377 376
56 84 71 70
83 96 111 97
57 70 85 72 71
417 430 445 432 431
503 516 531 517
149 162 177 164 163
562 575 2 577 576
548 561 576 563 562
225 238 253 240 239
104 117 132 119 118
149 162 177 164 163
522 535 550 537 536
95 108 123 110 109
581 6 21 8 7
422 435 450 437 436
184 197 212 199 198
503 516 531 517
49 62 77 64 63
279 292 307 293
381 394 409 396 395
528 541 556 543 542
493 506 521 508 507
557 570 585 572 571
161 174 189 176 175
70 98 85 84
6 19 34 21 20
72 85 100 87 86
262 275 290 277 276
71 84 99 86 85
363 376 391 377
219 232 247 234 233
506 519 534 521 520
567 580 7 582 581
36 49 64 51 50
207 220 235 222 221
72 85 100 87 86
576 1 16 3 2
324 337 352 339 338
27 40 55 41
87 100 115 102 101
31 44 59 46 45
258 271 286 273 272
447 460 475 461
453 466 481 468 467
106 119 134 121 120
104 117 132 119 118
510 523 538 525 524
417 430 445 432 431
574 14 1 0
426 439 454 441 440
97 110 125 111
238 266 253 252
236 249 264 251 250
540 553 568 555 554
580 5 20 7 6
210 238 225 224
171 184 199 186 185
44 57 72 59 58
565 578 5 580 579
341 354 369 356 355
41 54 69 55
284 297 312 299 298
546 574 561 560
27 40 55 41
228 241 256 243 242
220 233 248 235 234
489 502 517 503
578 3 18 5 4
0 28 15 14
141 154 169 156 155
21 34 49 36 35
366 379 394 381 380
549 562 577 564 563
389 402 417 404 403
275 288 303 290 289
183 196 211 198 197
410 423 438 425 424
397 410 425 412 411
264 277 292 279 278
71 84 99 86 85
397 410 425 412 411
578 3 18 5 4
191 204 219 206 205
162 175 190 177 176
510 523 538 525 524
131 144 159 146 145
91 104 119 106 105
194 207 222 209 208
542 555 570 557 556
376 389 404 391 390
81 94 109 96 95
574 14 1 0
159 172 187 174 173
92 105 120 107 106
585 10 25 12 11
150 163 178 165 164
429 442 457 444 443
549 562 577 564 563
387 400 415 402 401
247 260 275 262 261
556 569 584 571 570
547 560 575 562 561
473 486 501 488 487
560 0 575 574
402 415 430 417 416
468 481 496 483 482
523 536 551 538 537
517 530 545 531
325 338 353 340 339
0 28 15 14
391 404 419 405
409 422 437 424 423
136 149 164 151 150
148 161 176 163 162
159 172 187 174 173
369 382 397 384 383
480 493 508 495 494
15 28 43 30 29
74 87 102 89 88
275 288 303 290 289
396 409 424 411 410
482 495 510 497 496
514 527 542 529 528
582 7 22 9 8
386 399 414 401 400
386 399 414 401 400
389 402 417 404 403
42 70 57 56
198 211 226 213 212
120 133 148 135 134
212 225 240 227 226
493 506 521 508 507
573 586 13 587
179 192 207 194 193
253 266 281 268 267
422 435 450 437 436
73 86 101 88 87
306 319 334 321 320
194 207 222 209 208
333 346 361 348 347
90 103 118 105 104
373 386 401 388 387
434 462 449 448
471 484 499 486 485
246 259 274 261 260
287 300 315 302 301
224 252 239 238
256 269 284 271 270
109 122 137 124 123
445 458 473 460 459
71 84 99 86 85
257 270 285 272 271
40 53 68 55 54
213 226 241 228 227
9 22 37 24 23
330 343 358 345 344
425 438 453 440 439
7 20 35 22 21
565 578 5 580 579
225 238 253 240 239
14 42 29 28
356 369 384 371 370
433 446 461 447
31 44 59 46 45
423 436 451 438 437
313 326 341 328 327
199 212 227 214 213
269 282 297 284 283
190 203 218 205 204
159 172 187 174 173
280 308 295 294
274 287 302 289 288
44 57 72 59 58
123 136 151 138 137
538 551 566 553 552
329 342 357 344 343
519 532 547 534 533
546 574 561 560
41 54 69 55
197 210 225 212 211
441 454 469 456 455
113 126 141 128 127
385 398 413 400 399
546 574 561 560
27 40 55 41
62 75 90 77 76
167 180 195 181
293 306 321 307
389 402 417 404 403
356 369 384 371 370
587 12 27 13
0 28 15 14
69 82 97 83
336 364 351 350
68 81 96 83 82
572 585 12 587 586
8 21 36 23 22
34 47 62 49 48
551 564 579 566 565
93 106 121 108 107
405 418 433 419
80 93 108 95 94
274 287 302 289 288
185 198 213 200 199
527 540 555 542 541
53 66 81 68 67
329 342 357 344 343
377 390 405 391
23 36 51 38 37
194 207 222 209 208
375 388 403 390 389
37 50 65 52 51
577 2 17 4 3
355 368 383 370 369
97 110 125 111
269 282 297 284 283
143 156 171 158 157
498 511 526 513 512
172 185 200 187 186
292 305 320 307 306
503 516 531 517
164 177 192 179 178
142 155 170 157 156
542 555 570 557 556
383 396 411 398 397
550 563 578 565 564
25 38 53 40 39
400 413 428 415 414
138 151 166 153 152
376 389 404 391 390
275 288 303 290 289
268 281 296 283 282
442 455 470 457 456
264 277 292 279 278
142 155 170 157 156
523 536 551 538 537
551 564 579 566 565
478 491 506 493 492
14 42 29 28
565 578 5 580 579
389 402 417 404 403
361 374 389 376 375
349 362 377 363
181 194 209 195
110 123 138 125 124
402 415 430 417 416
21 34 49 36 35
111 124 139 125
368 381 396 383 382
78 91 106 93 92
293 306 321 307
516 529 544 531 530
564 577 4 579 578
171 184 199 186 185
72 85 100 87 86
504 532 519 518
458 471 486 473 472
262 275 290 277 276
420 448 435 434
334 347 362 349 348
433 446 461 447
244 257 272 259 258
172 185 200 187 186
461 474 489 475
386 399 414 401 400
276 289 304 291 290
301 314 329 316 315
214 227 242 229 228
0 28 15 14
526 539 554 541 540
103 116 131 118 117
450 463 478 465 464
383 396 411 398 397
28 56 43 42
143 156 171 158 157
404 417 432 419 418
513 526 541 528 527
205 218 233 220 219
448 476 463 462
527 540 555 542 541
512 525 540 527 526
223 236 251 237
196 224 211 210
194 207 222 209 208
279 292 307 293
215 228 243 230 229
88 101 116 103 102
173 186 201 188 187
392 420 407 406
436 449 464 451 450
255 268 283 270 269
437 450 465 452 451
425 438 453 440 439
335 348 363 349
565 578 5 580 579
72 85 100 87 86
215 228 243 230 229
244 257 272 259 258
382 395 410 397 396
464 477 492 479 478
211 224 239 226 225
326 339 354 341 340
486 499 514 501 500
217 230 245 232 231
172 185 200 187 186
355 368 383 370 369
511 524 539 526 525
578 3 18 5 4
499 512 527 514 513
245 258 273 260 259
479 492 507 494 493
207 220 235 222 221
326 339 354 341 340
5 18 33 20 19
84 112 99 98
343 356 371 358 357
575 0 15 2 1
128 141 156 143 142
0 28 15 14
323 336 351 338 337
549 562 577 564 563
217 230 245 232 231
470 483 498 485 484
99 112 127 114 113
412 425 440 427 426
38 51 66 53 52
441 454 469 456 455
178 191 206 193 192
58 71 86 73 72
215 228 243 230 229
569 582 9 584 583
369 382 397 384 383
368 381 396 383 382
519 532 547 534 533
38 51 66 53 52
14 42 29 28
523 536 551 538 537
108 121 136 123 122
117 130 145 132 131
84 112 99 98
109 122 137 124 123
531 544 559 545
34 47 62 49 48
530 543 558 545 544
585 10 25 12 11
40 53 68 55 54
533 546 561 548 547
477 490 505 492 491
381 394 409 396 395
552 565 580 567 566
211 224 239 226 225
387 400 415 402 401
103 116 131 118 117
356 369 384 371 370
453 466 481 468 467
14 42 29 28
478 491 506 493 492
284 297 312 299 298
32 45 60 47 46
230 243 258 245 244
277 290 305 292 291
325 338 353 340 339
295 308 323 310 309
308 336 323 322
504 532 519 518
48 61 76 63 62
260 273 288 275 274
123 136 151 138 137
466 479 494 481 480
563 576 3 578 577
478 491 506 493 492
311 324 339 326 325
362 375 390 377 376
149 162 177 164 163
179 192 207 194 193
187 200 215 202 201
583 8 23 10 9
580 5 20 7 6
499 512 527 514 513
299 312 327 314 313
585 10 25 12 11
334 347 362 349 348
431 444 459 446 445
521 534 549 536 535
410 423 438 425 424
10 23 38 25 24
281 294 309 296 295
404 417 432 419 418
436 449 464 451 450
412 425 440 427 426
441 454 469 456 455
362 375 390 377 376
72 85 100 87 86
366 379 394 381 380
554 567 582 569 568
100 113 128 115 114
429 442 457 444 443
70 98 85 84
43 56 71 58 57
82 95 110 97 96
293 306 321 307
367 380 395 382 381
405 418 433 419
476 504 491 490
376 389 404 391 390
210 238 225 224
554 567 582 569 568
545 558 573 559
13 26 41 27
337 350 365 352 351
103 116 131 118 117
490 518 505 504
288 301 316 303 302
440 453 468 455 454
64 77 92 79 78
156 169 184 171 170
555 568 583 570 569
458 471 486 473 472
470 483 498 485 484
421 434 449 436 435
68 81 96 83 82
407 420 435 422 421
90 103 118 105 104
583 8 23 10 9
146 159 174 161 160
260 273 288 275 274
504 532 519 518
187 200 215 202 201
5 18 33 20 19
31 44 59 46 45
247 260 275 262 261
411 424 439 426 425
158 171 186 173 172
527 540 555 542 541
210 238 225 224
579 4 19 6 5
337 350 365 352 351
385 398 413 400 399
178 191 206 193 192
19 32 47 34 33
516 529 544 531 530
225 238 253 240 239
254 267 282 269 268
539 552 567 554 553
444 457 472 459 458
212 225 240 227 226
303 316 331 318 317
318 331 346 333 332
476 504 491 490
246 259 274 261 260
46 59 74 61 60
162 175 190 177 176
244 257 272 259 258
21 34 49 36 35
137 150 165 152 151
261 274 289 276 275
205 218 233 220 219
519 532 547 534 533
362 375 390 377 376
131 144 159 146 145
51 64 79 66 65
144 157 172 159 158
2 15 30 17 16
380 393 408 395 394
469 482 497 484 483
272 285 300 287 286
25 38 53 40 39
95 108 123 110 109
210 238 225 224
235 248 263 250 249
167 180 195 181
14 42 29 28
283 296 311 298 297
368 381 396 383 382
181 194 209 195
14 42 29 28
157 170 185 172 171
60 73 88 75 74
49 62 77 64 63
172 185 200 187 186
387 400 415 402 401
291 304 319 306 305
150 163 178 165 164
506 519 534 521 520
64 77 92 79 78
170 183 198 185 184
315 328 343 330 329
191 204 219 206 205
457 470 485 472 471
198 211 226 213 212
574 14 1 0
306 319 334 321 320
123 136 151 138 137
259 272 287 274 273
480 493 508 495 494
266 294 281 280
522 535 550 537 536
203 216 231 218 217
49 62 77 64 63
518 546 533 532
561 574 1 576 575
196 224 211 210
4 17 32 19 18
9 22 37 24 23
52 65 80 67 66
117 130 145 132 131
84 112 99 98
348 361 376 363 362
61 74 89 76 75
195 208 223 209
8 21 36 23 22
336 364 351 350
579 4 19 6 5
77 90 105 92 91
397 410 425 412 411
13 26 41 27
102 115 130 117 116
227 240 255 242 241
127 140 155 142 141
382 395 410 397 396
452 465 480 467 466
268 281 296 283 282
288 301 316 303 302
439 452 467 454 453
583 8 23 10 9
528 541 556 543 542
479 492 507 494 493
67 80 95 82 81
270 283 298 285 284
160 173 188 175 174
435 448 463 450 449
303 316 331 318 317
171 184 199 186 185
26 39 54 41 40
26 39 54 41 40
264 277 292 279 278
146 159 174 161 160
451 464 479 466 465
98 126 113 112
226 239 254 241 240
283 296 311 298 297
62 75 90 77 76
334 347 362 349 348
453 466 481 468 467
274 287 302 289 288
148 161 176 163 162
122 135 150 137 136
134 147 162 149 148
189 202 217 204 203
68 81 96 83 82
101 114 129 116 115
344 357 372 359 358
58 71 86 73 72
338 351 366 353 352
453 466 481 468 467
296 309 324 311 310
14 42 29 28
334 347 362 349 348
253 266 281 268 267
221 234 249 236 235
