Missing_1: 301.66
Missing_2: 371.47
Missing_3: 307.66
Missing_4: 387.72
Missing_5: 391.12
Missing_6: 197.98
Missing_7: 272.63
Missing_8: 250.21
Missing_9: 313.56
Missing_10: 321.62
Missing_11: 323.77
Missing_12: 300.09
Missing_13: 327.57
Missing_14: 391.09
Missing_15: 324.07
Missing_16: 270.00
Missing_17: 377.43
Missing_18: 301.96
Missing_19: 274.55
Missing_20: 301.35
Missing_21: 277.21
Missing_22: 203.16
Missing_23: 337.88
Missing_24: 330.62
Missing_25: 272.75
Missing_26: 276.82
Missing_27: 316.37