Missing_1: 323.22
Missing_2: 391.55
Missing_3: 423.35
Missing_4: 356.67
Missing_5: 362.26
Missing_6: 292.99
Missing_7: 301.67
Missing_8: 308.65
Missing_9: 392.31
Missing_10: 325.57
Missing_11: 316.26
Missing_12: 240.06
Missing_13: 202.67
Missing_14: 291.50
Missing_15: 238.16
Missing_16: 291.28
Missing_17: 393.93
Missing_18: 312.55
Missing_19: 367.72
Missing_20: 314.82
Missing_21: 250.04
Missing_22: 245.90
Missing_23: 286.84
Missing_24: 293.34
Missing_25: 331.25
Missing_26: 289.54
Missing_27: 210.30
Missing_28: 255.42