Missing_1: 324.98
Missing_2: 279.67
Missing_3: 296.49
Missing_4: 315.91
Missing_5: 288.95
Missing_6: 288.09
Missing_7: 274.21
Missing_8: 307.00
Missing_9: 277.80
Missing_10: 184.66
Missing_11: 375.12
Missing_12: 362.39
Missing_13: 205.03
Missing_14: 354.12
Missing_15: 341.26
Missing_16: 322.44
Missing_17: 330.00
Missing_18: 284.47
Missing_19: 270.32
Missing_20: 319.26
Missing_21: 261.55
Missing_22: 242.16
Missing_23: 312.81
Missing_24: 247.87
Missing_25: 178.03
Missing_26: 229.58
Missing_27: 335.02
Missing_28: 337.06
Missing_29: 376.14
Missing_30: 262.92