Missing_1: 305.89
Missing_2: 324.29
Missing_3: 195.96
Missing_4: 211.37
Missing_5: 258.35
Missing_6: 290.11
Missing_7: 371.37
Missing_8: 378.02
Missing_9: 253.69
Missing_10: 262.02
Missing_11: 277.54
Missing_12: 317.42
Missing_13: 321.10
Missing_14: 406.93
Missing_15: 356.80
Missing_16: 277.27
Missing_17: 346.50
Missing_18: 360.94
Missing_19: 276.89
Missing_20: 246.29
Missing_21: 303.69
Missing_22: 227.13
Missing_23: 167.78
Missing_24: 257.02
Missing_25: 266.56
Missing_26: 340.57
Missing_27: 336.55
Missing_28: 301.78
Missing_29: 309.65
Missing_30: 382.73