6.578898 -16.382018 3.062776 -22.860890 -3.311474 -9.510805 -5.040500 -8.559518 -4.298329 6.795148 15.736306 18.440918 -4.291611 -19.719509 -10.910759 -1.692926
10.916893 3.957217 3.473413 4.370750 4.871821 -5.303219 19.914162 -7.649986 -0.131431 -2.654949 7.505125 15.524099 -17.975054 -2.844082 -6.616884 -8.600292
0.389407 -6.915142 0.064200 -6.725890 -3.534148 -0.432094 -4.668438 -15.407412 -12.759566 4.861861 -4.335584 2.919515 19.922686 -7.833890 12.254973 9.770143
-2.617770 -2.403322 4.948151 -2.593947 3.341998 1.510286 3.445708 -3.800647 -9.656466 -5.092188 13.267409 14.178211 -28.345155 -9.662435 -19.861002 -3.435164
-2.595273 -6.155832 -5.471002 8.345379 -0.005578 8.832243 -2.153160 4.774336 -20.503388 1.470848 -18.612490 -6.030913 7.472911 22.793504 13.342581 -0.286326
-12.335564 6.551500 -13.093184 -4.844232 23.839261 -1.921347 -18.034144 -0.356959 13.662196 11.449736 13.491326 -13.740442 7.990896 14.739783 -3.593726 -7.774302
-9.152318 8.298350 3.037718 -0.060976 -9.646743 -10.772283 1.732922 -16.102111 4.540769 9.015523 6.997291 1.141012 -6.789912 -0.019809 -16.081502 1.275599
3.319855 4.203049 17.501254 0.126428 -3.316894 5.841459 9.091507 -5.346387 -8.280163 13.803018 -0.017338 -6.837172 -3.787464 14.169037 -4.474861 18.649424
1.492155 1.549018 5.470019 -8.379315 3.241995 -8.465165 -6.009215 7.559579 1.565062 10.993227 2.534896 -8.497774 6.474928 16.932193 3.057871 -10.151559
3.346811 9.256389 -0.117155 -3.477912 6.609205 -11.674604 10.728437 -6.638137 7.306509 -5.007349 -3.241574 16.714314 -16.781115 8.464085 -21.319724 -3.947169
-2.859848 -7.032681 -4.918056 3.842041 5.816046 15.883714 16.548070 1.500565 -1.685740 -1.365848 -2.724299 17.026269 0.945726 -11.577099 -1.315267 0.120414
7.613512 -19.038984 2.740526 -0.661086 -16.493303 18.934189 -7.222975 10.633099 13.668759 -13.310240 -0.863498 4.442917 5.794960 -20.591085 2.545785 5.881006
-14.754614 8.853863 6.415910 4.286884 11.683610 -8.798254 6.389241 -11.221337 16.869620 3.111198 -1.112040 -2.271697 -8.552305 0.531405 -14.893581 -9.836375
-4.783459 9.456284 4.882418 8.200158 6.538904 16.862071 -9.340765 10.348367 6.840255 -5.536820 -1.540021 -7.050862 -4.160439 2.563169 10.235726 10.209489
6.075437 -2.584043 -3.740383 -15.478399 2.317604 1.642946 6.167579 8.838064 -4.793784 -6.263958 -1.313858 -6.770885 15.300979 -2.869349 7.139830 -23.823662
-8.040258 -7.725814 8.803888 7.624181 -0.270877 -6.920988 -2.379394 -5.808468 18.193466 -5.643182 -0.854366 3.492254 -9.547964 1.352306 -1.725981 -14.219608
-5.615577 -6.850696 -2.061147 4.458808 -20.104782 -0.706000 2.059223 -10.847959 -3.992361 -4.248991 8.237293 -5.246703 -5.700055 -8.305024 -7.854157 -2.068295
1.646864 3.015200 3.080207 -0.555214 1.695413 -1.410064 -9.438901 -8.481048 -1.564168 9.241591 -2.489275 6.560521 -5.492452 9.871414 -0.673366 15.556176
-18.726431 -19.257561 8.675094 -4.558182 -7.905655 2.086090 -12.232670 -7.434947 -7.620370 -2.983924 10.023189 -11.798606 1.942861 -3.108218 0.668464 8.729956
22.111225 18.387070 -2.881545 -6.908356 17.682147 -0.906168 4.376649 -11.484387 -1.861284 13.170690 0.930317 -0.011150 -10.169733 3.853302 -0.415729 3.213520
