11819701945
39897684595
40754855703
43256903330
6201377096
12389389093
46656337246
5675642152
28464850227
34773448583
33931640316
40856029780
21611875094
5226876222
6381507703
43780525732
16211057031
17652984214
33188187969
13439356811
7127258609
1566391847
50224428747
14527441470
16613711585
29751528934
3927632390
4597958455
20465443397
32508668456
46548232799
41011017939
29677676657
18319230539
12073611406
46761603571
20604050835
13726745304
30322063506
25394113075
28787183797
20651203447
12292717462
14235566213
31824434253
41563170083
6262275778
25246169902
19935810700
19556946480