19553918965
19719957277
16662585369
32482251388
30012934740
12804752303
31562491590
45146262158
9153689848
7162099361
31216330889
44489599230
20495173064
41812325463
34669716847
42261622219
56976182651
44048022803
6524543741
13925502511
3188369363
38554420806
26528732078
7426613858
13180496387
29065054119
29874801352
13547092011
1593158350
36827331579
44372682821
26308062988
19562187079
25653956961
25196926430
22445793134
47395420324
25195382685
2051317480
9912681390
19065727022
41048062635
8412306258
38146587665
10845876936
8102199847
11959611653
13109482369
10755163382
33515650452