35003136369
40796116567
51539514395
32176775162
5706058872
33068940438
10190751278
13382812416
3772458180
32378211587
13209085542
32383736132
26138254038
42877451
47815631864
21004771850
50925304375
37749030623
39466464034
51160292237
8350279572
39819697332
29825351480
9572145216
36140377809
11795718516
3643779885
26069659308
2660318490
759659284
1435419836
33992976203
13432409903
43161552880
16455160123
15385710102
46038244894
38943555482
31888995881
32899969489
14379500743
29695706344
19069218996
36765958761
37565646788
45598770529
24230558562
5078383818
49594541088
29595620884