9551690383
27444402531
28615322811
1358610337
36349868836
28143486069
36265365827
2335636227
24668361245
49047642382
21256401395
2890767631
3109257111
24034605245
22379967031
49870809692
8263290322
32127527137
23116500498
44372379438
29340581190
26300144754
18046572448
9183387286
27011007096
24814820399
46333822354
1270954342
27083782835
29294094557
45946090645
41135180864
6180986662
4747975831
6278037041
46034910618
2442305132
25641325558
45293080871
43393580272
4274651269
34946726908
29782940584
19596836417
27105694971
13519230447
52247416188
31227729030
22047137700
25022132102