-833568772
1778775933
12620973215
-2691408385
-246860835
-9461971078
-2072255564
-377130052
-2347877771
6815248034
849898263
-1291323670
-346871324
4796381040
-2294799985
-6497582741
2029976911
-3448794792
2058907886
-2464622933
-1482008141
-1647291139
-1308086919
-716261723
3977116801
-3792131865
-650928123
1155009133
3654085990
2731303219
1004375665
4244528448
1799986217
-1416386457
1437352026
-11155464
-5310975432
-2714031198
-1022678157
-4727840960
-4109684314
187359453
10954910592
-1196575647
-2589758394
1922910631
4730508597
-2976911238
-1504411114
-2402470052