6727501766
2686921453
5268477225
-1193778364
5993943428
113080406
-3091489830
-5064579226
10645572426
4016953864
1875548306
718253485
-6965976964
5162422175
1806528300
-119813963
-206283194
945255156
-3470819208
1217075379
-2419817804
2218127530
-1818744652
5651208862
-5062733391
3195820796
-2164751775
2451994509
-1363306834
2106915622
-2594020087
-525799869
-423937788
802548497
-4225616661
-2228919512
-527460678
-4302154631
-3088162736
1350045848
-4011297081
443278577
1135405659
-495234098
-1417992532
-2072227961
1752258473
1483473090
-1559370176
-3405594475
-172899655
2358961628
3255393844
-282131696
3328724049
-5353458277
-394466412
3980394739
739752570
7932099502
-2957695521
-2969792402
-6674332489
906785232
-3238365307
-542776452
2673695050
-580426498
-1017103918
372698137
-802101628
-1411496911
-6933634825
206067576
-3627617300
2442763243
3692065143
4708680710
-271404383
-3481057049
4646207632
461843484
753210981
-533840865
-5773111748
-1227264292
5552007770
740257774
793618051
9542648324
1265169963
-51220829
-4760032767
10254633575
896520979
1068528861
2204291949
652301503
-1500082716
-1560133613
-118893643
-3699421832
4799655848
-1278840049
3138503449
5189865408
768627485
-710616494
2573403676
1506524377
-2427453063
-571464464
4928930454
-1306283018
1665240494
-1246236325
195492919
-5765810091
2671064093
3192135142
-3254686288
957340639
-6413352573
2842027003
1091748795
4045792721
-3809529652
1276232039
1097085479
-2864542481
6097918817
1173978424
-214040274
-3432981773
2676577091
-4181810252
4777487359
-787244667
-2419698876
-4763309226
6611488691
3969303291
3008217641
3448640527
-1723351305
3234321977
-36458970
-5495841634
515194598
2953778561
4450849794
-7617942323
3780583163
-8537743213
3213810302
-4620819724
-6781044339
-623552352
-4479858648
693183775
4229566600
-8719399810
-1843801660
8234961882
6300015212
5115076983
-8068889839
-3638601126
3597698742
262856940
-5502204221
1970066403
-5751840951
-1611021890
164856047
6871059915
-6746100591
-3890429325
3920987389
1868126869
2546574935
6531998216
5264447991
1200673571
-217238124
-3365389487
-67967383
-4235732722
4967606471
266627249
592008416
434607373
1603651193
628540773
1806037547
7968302650
2068386710
5202610662
1437655220
-390230953
-8776783246
3816019198
627916517
-1215781956
3144092975
1401628859
-1083743271
2862065897
-1296778966
-7181778250
-1094855274
134490971
48559138
-6514764535
-661658266
2563168877
1004082253
-6416138153
-4478389028
-1970919158
60848475
-5594503749
-8227977673
7100923905
1158894818
1525836217
767410531
-2057269799
3965693404
-153961919
-9614177329
-2381452497
1245394994
2697525594
72817581
300127694
927948551
-3737297392
-2972138787
1296723943
-1645420021
-6648586999
3938951550
1285653038
329252776
2454052725
-528503100
4219362819
-2476895181
1000772300
4580036195
-7219978251
-6385966905
-285446153
-1995884883
-71671932
-3645789122
-9797232464
447130258
1423469684
-1987538963
-3432709458
600511962
-5995951272
-9624418953
-3741894188
784583790
555504747
-8026430363
-1002288144
-11752981872
-4124498896
-4220761342
2411194387
-1088342172
10365052633
11232150220
4844774622
2468451632
-4067393790
-254875990
-613379925
5172633043
-217854027
-3810864428
-3478478679
4617266500
-2190452401
2466964214
3257380351
-4499004923
-11947984644
5168563125
3444485491
-149164887
-427745016
-2337226411
2927045067
-382991801
5650539823
512700446
1730143751
1005428032
-2456740058
1701829379
-7205299732
2683225440
-4084715955
-557490813
-6823622229
-1797813048
-5434977898
-11180761797
-506269583
3506735985
936102320
-2712945537
1749552409
683646031
5225827414
2213908718
-190946095
828934562
-1879650853
-1683625359
-2667759488
606167612
-3631691086
8299035508
625221543
563840952
498241505
-1524650266
-930479432
-4903763644
2912736694
1385996705
2352191847
-470552651
-943174097
2058425288
-8150034034
3062211905
3703727932
3253868241
3089180812
4264852340
-1977178677
-4452346100
-216675800
-621011708
1806898849
1354517696
-3516745748
503724891
-648889960
271685564
-1438165622
-1895391140
49721761
2117477485
-3278687531
-415677607
-1784238860
842024406
-2866522428
3170501635
-4886188980
-6267772174
3717853720
3382537743
-1020340331
-8308790632
2054848729
4390468609
3522065305
-487907230
-9369038560
-5739621331
-1452610808
-943207500
-9738310373
-961549929
5911487294
843452105
-654141549
1283726679
-227726011
-2083161174
-4040845702
-2420573721
-5878868535
-1433786417
-5308765727
-1975434642
5634401303
2682061989
3087690754
-82004457
2535116176
8547221815
-1115903637
-430528990
-4300236027
5624106483
12128162208
4193214087
3175678927
-5477961952
-452323011
7429894129
1128301792
543051500
2284144414
-2285675615
338996358
-3650748665
-7522136303
-3595845589
4812291288
44218706
700900611
-1449640140
2084663800
535388710
-730255278
-1063190037
3850101027
-5825847078
-1232528372
3881195131
-9957020818
6547227083
1146974975
-2506163279
-3023973470
1405044999
7942938040
1746075180
-5487988644
-717112345
3444685167
1095680219
5866737680
-2562921417
120713426
-4115254
-7747255833
-3100828427
7689181568
-1181173990
-1529315943
-453044143
1712770788
4527617171
9618836475
6796907201
-4351981268
2507536128
-48785272
4787190429
-2766401474
-1332005139
12427813
-3109510856
-3702924497
2656121564
1983438908
161130926
664069353
71048160
-3410758560
-195769142
-6421589628
4618280905
6439726706
-2458443800
-1231383165
68498587
-3193902460
4908848451
13074889406
5701075507
-817434354
-1017074510
-1637835395
4421890033
2108349066
4432143884
2605101635
2986641942
-12315206145
-315733339
-3809959048
7121786999
-4164177696
7966921057
-2856297802
3580058018
378821069