55555555555555555
55555555555555555
55555555555555555
1010101010101010101010101010101010
1010101010101010101010101010101010
1010101010101010101010101010101010
1010101010101010101010101010101010
1010101010101010101010101010101010
1010101010101010101010101010101010
1010101010101010101010101010101010
1010101010101010101010101010101010
1010101010101010101010101010101010
1010101010101010101010101010101010
1010101010101010101010101010101010
1010101010101010101010101010101010
1010101010101010101010101010101010
1010101010101010101010101010101010
1010101010101010101010101010101010
1010101010101010101010101010101010
1010101010101010101010101010101010
1010101010101010101010101010101010
1010101010101010101010101010101010
1010101010101010101010101010101010
1010101010101010101010101010101010
1010101010101010101010101010101010
1010101010101010101010101010101010
1010101010101010101010101010101010
1010101010101010101010101010101010
1010101010101010101010101010101010
1010101010101010101010101010101010
1010101010101010101010101010101010
1010101010101010101010101010101010
1010101010101010101010101010101010
1010101010101010101010101010101010
1010101010101010101010101010101010
1010101010101010101010101010101010
1010101010101010101010101010101010
1010101010101010101010101010101010
1010101010101010101010101010101010
1010101010101010101010101010101010
1010101010101010101010101010101010
1010101010101010101010101010101010
1010101010101010101010101010101010
1010101010101010101010101010101010
1010101010101010101010101010101010
1010101010101010101010101010101010
1010101010101010101010101010101010
1010101010101010101010101010101010
1010101010101010101010101010101010
1010101010101010101010101010101010
1010101010101010101010101010101010
1010101010101010101010101010101010
1010101010101010101010101010101010
1010101010101010101010101010101010
1010101010101010101010101010101010
1010101010101010101010101010101010
1010101010101010101010101010101010
1010101010101010101010101010101010
1010101010101010101010101010101010
1010101010101010101010101010101010
1010101010101010101010101010101010
1010101010101010101010101010101010
1010101010101010101010101010101010
1010101010101010101010101010101010
1010101010101010101010101010101010
1010101010101010101010101010101010
1010101010101010101010101010101010
1010101010101010101010101010101010
1010101010101010101010101010101010
1010101010101010101010101010101010
1010101010101010101010101010101010
1010101010101010101010101010101010
1010101010101010101010101010101010
1010101010101010101010101010101010
1010101010101010101010101010101010
1010101010101010101010101010101010
1010101010101010101010101010101010
1010101010101010101010101010101010
1010101010101010101010101010101010
1010101010101010101010101010101010
1010101010101010101010101010101010
1010101010101010101010101010101010
1010101010101010101010101010101010
1010101010101010101010101010101010
1010101010101010101010101010101010
1010101010101010101010101010101010
1010101010101010101010101010101010
1010101010101010101010101010101010
1010101010101010101010101010101010
1010101010101010101010101010101010
1010101010101010101010101010101010
1010101010101010101010101010101010
1010101010101010101010101010101010
1010101010101010101010101010101010
1010101010101010101010101010101010
1010101010101010101010101010101010
1010101010101010101010101010101010
1010101010101010101010101010101010
1010101010101010101010101010101010
1010101010101010101010101010101010
