314.74 164.03 981.59
49.99 71.26 247.61
538.98 71.68 31.86
809.35 662.85 299.29
681.36 592.07 18.90
104.88 758.77 969.44
786.40 31.74 87.67
362.64 232.14 44.78
27.14 113.68 502.07
420.67 0.00 159.43
402.73 739.49 103.37
163.54 211.39 818.72
24.66 650.25 695.83
107.67 872.91 457.63
834.83 946.41 714.57
117.04 952.49 600.19
380.66 381.24 433.22
624.92 458.18 386.42
166.35 397.83 308.20
767.46 139.44 334.28
623.07 682.71 368.89
412.42 750.56 456.16
647.98 919.46 865.41
142.52 884.21 569.47
704.64 378.50 651.43
709.80 743.05 387.25
591.06 745.69 271.02
97.92 269.27 19.50
132.60 142.12 578.41
556.30 721.10 122.98
124.55 500.29 396.95
163.10 462.46 855.06
445.48 782.59 887.26
181.33 747.70 688.12
478.07 820.51 402.61
25.87 848.34 607.09
102.13 457.72 200.94
974.91 745.41 614.63
807.77 274.13 733.80
47.22 23.08 393.43
740.29 244.69 748.95
622.24 771.42 675.15
32.21 867.61 803.11
385.07 33.04 669.88
529.83 660.12 316.86
284.86 926.82 726.88
278.63 89.02 421.37
820.39 511.29 604.56
293.99 405.87 972.74
10.77 484.76 396.73
847.84 584.02 905.28
650.04 301.46 124.38
275.94 255.66 250.63
641.37 292.93 314.38
653.42 995.96 935.46
212.75 476.70 383.72
735.68 304.63 23.08
301.20 813.05 181.07
222.06 402.72 450.85
787.36 286.01 920.02
897.31 830.58 361.18
816.91 886.70 788.84
336.08 182.17 157.84
927.83 514.87 48.93
137.79 914.19 209.75
7.94 177.93 35.81
288.53 475.05 745.09
758.46 238.61 364.12
760.70 947.58 799.89
873.92 116.49 481.15
413.45 919.71 874.72
678.84 683.91 274.01
578.41 548.24 10.05
670.89 933.13 60.04
259.39 62.74 929.50
99.66 144.26 4.77
716.16 887.98 622.43
77.82 730.24 699.68
294.31 170.10 655.58
389.02 722.92 970.82
850.32 188.72 703.53
548.52 926.59 550.40
519.74 980.89 246.17
601.00 828.19 326.90
10.14 239.52 100.24
982.72 686.85 376.37
456.09 119.37 64.02
186.00 779.82 128.80
281.40 897.07 990.87
790.82 691.98 612.69
521.24 828.65 857.38
382.92 892.62 961.23
545.14 515.49 371.97
64.67 528.17 281.54
617.81 536.91 99.11
497.68 978.67 647.42
679.26 568.65 148.08
897.75 345.61 756.79
449.87 804.40 984.24
370.64 832.81 786.52
788.21 249.76 593.47
155.83 741.17 568.91
547.18 372.71 648.02
377.85 50.93 889.51
26.63 253.75 321.35
831.98 462.15 699.62
621.48 86.16 254.49
335.28 641.74 507.14
473.82 746.40 236.74
490.93 272.75 372.98
178.46 238.91 666.50
318.71 504.42 464.55
490.32 795.07 31.20
342.54 613.82 304.96
628.70 509.87 917.40
774.37 705.97 716.27
784.07 97.36 42.91
920.09 444.01 320.52
265.83 751.18 514.17
140.18 140.19 131.80
774.43 446.65 556.61
51.05 359.27 130.25
352.48 804.64 682.84
940.84 90.98 275.35
80.45 854.48 500.58
556.53 107.51 470.32
286.18 361.12 730.59
118.29 20.68 59.79
502.35 469.66 244.26
558.77 300.64 536.60
272.12 443.00 800.85
97.38 19.45 158.05
957.90 939.37 74.26
955.03 476.20 505.78
76.63 696.59 403.86
419.16 597.83 406.31
197.70 90.45 107.59
942.14 944.99 957.81
155.55 848.67 343.61
714.84 346.81 859.50
237.94 510.74 666.88
861.43 926.71 313.93
462.99 635.29 165.07
54.51 73.69 329.31
124.46 44.36 445.21
365.62 294.93 469.14
962.27 41.82 125.07
759.02 108.35 738.00
197.28 31.30 598.56
654.28 644.69 209.58
101.96 331.68 612.97
341.84 370.30 261.85
238.04 646.71 707.11
547.37 57.93 561.84
407.12 116.56 381.38
821.62 233.74 933.31
208.10 254.16 430.55
507.03 628.28 735.64
264.20 728.69 985.95
586.32 120.24 368.46
581.43 364.96 176.36
438.94 538.99 777.33
185.17 566.31 771.69
259.42 801.36 301.48
438.79 180.69 122.35
880.45 311.40 153.74
807.64 550.83 97.47
774.43 581.01 227.73
243.93 317.89 61.06
315.68 300.39 678.96
438.99 845.87 252.98
954.69 641.29 309.13
92.25 353.80 906.46
838.45 180.07 22.40
92.93 657.60 790.68
721.73 473.97 684.20
364.47 231.06 342.24
640.95 174.08 23.93
688.04 192.58 630.79
170.28 97.59 854.17
351.20 605.74 926.72
603.31 600.23 945.69
34.38 101.32 149.23
238.61 580.69 335.60
275.93 986.08 911.15
430.40 388.18 656.32
773.14 127.03 122.61
708.39 591.51 710.33
437.15 368.77 203.14
90.93 493.32 957.37
298.04 197.13 844.57
17.97 205.72 759.27
524.73 817.95 532.57
242.93 851.78 832.29
302.03 290.43 783.27
408.83 183.81 575.44
212.01 69.95 700.92
707.71 658.60 883.78
173.65 102.66 19.70
697.68 641.81 321.87