778.57 627.67 654.04
201.34 166.95 750.59
347.11 280.18 551.31
469.96 555.05 899.94
499.82 265.53 246.47
22.16 961.06 752.93
644.37 109.08 846.83
30.58 370.50 248.89
278.43 776.97 587.86
455.33 65.91 622.33
656.70 408.21 466.54
727.97 554.24 953.21
760.24 894.65 233.50
711.29 494.01 481.54
137.34 944.79 596.62
529.74 642.74 778.39
841.75 601.53 372.22
314.07 702.57 843.14
48.18 331.82 150.07
226.82 731.05 898.45
781.11 878.19 59.05
770.14 201.17 267.02
740.61 540.05 216.11
294.89 935.83 601.44
831.96 660.08 771.99
171.55 870.70 453.07
606.68 976.10 312.49
605.03 243.94 329.33
510.68 669.59 913.54
329.83 801.28 872.96