89.26 812.23 584.84
464.45 313.40 248.25
297.19 471.68 971.20
436.92 361.12 817.89
506.91 404.83 494.14
511.12 28.76 859.50
277.91 508.12 638.15
762.26 945.75 794.74
924.68 31.39 932.67
41.75 342.69 67.46
242.98 311.72 925.81
215.77 970.53 141.44
841.62 476.07 528.86
39.73 957.15 349.64
79.59 83.81 925.99
409.96 711.71 889.82
568.29 223.34 393.46
773.10 442.89 848.36
591.93 191.81 210.22
407.96 282.02 675.65
66.53 659.70 156.71
141.30 972.80 761.28
515.58 14.72 373.75
374.46 909.69 708.46
319.53 665.57 453.55
920.96 674.94 609.90
964.57 448.99 518.72
417.36 123.49 383.73
855.55 724.02 291.13
713.53 361.61 699.85
958.52 589.41 530.90
234.89 457.38 504.04
743.53 939.73 466.85
805.94 391.45 631.63
338.15 711.39 537.66
878.20 344.91 316.47
611.16 339.14 217.02
50.57 860.80 187.26
251.02 40.90 154.04
362.70 321.17 608.77
790.79 959.03 275.47
469.00 719.07 55.25
351.25 526.44 394.49
274.32 196.94 227.08
434.63 789.40 818.36
46.72 392.92 812.19
63.97 171.93 144.71
497.17 223.03 488.93
661.14 347.92 373.32
116.99 370.88 553.28