728.85 735.72 782.48
227.53 262.42 323.42
826.31 783.37 799.06
882.30 85.45 462.46
713.28 189.22 590.67
840.80 753.00 227.42
634.76 380.95 460.79
665.89 318.18 859.92
877.04 611.41 322.15
972.85 114.26 405.96
985.19 755.16 111.51
647.35 541.88 518.41
95.67 110.86 624.49
696.46 954.36 191.66
375.19 461.81 849.23
238.24 364.49 565.42
965.91 222.05 762.10
838.60 585.44 694.09
897.50 949.91 70.23
217.63 917.28 621.65
899.92 984.57 549.56
602.89 94.24 513.50
102.38 862.19 12.13
905.53 150.42 598.47
493.97 396.02 93.71
431.78 647.27 927.02
178.58 686.66 43.04
737.30 362.53 176.11
790.03 623.00 63.47
280.41 699.86 951.11
814.51 684.80 298.14
69.20 881.57 166.54
898.66 241.24 233.64
877.66 627.35 503.15
528.66 464.97 506.23
647.50 28.15 707.55
898.62 707.41 953.05
479.30 766.59 124.46
409.78 132.73 543.86
514.46 301.72 876.80
902.95 292.78 91.33
332.99 733.90 447.88
896.47 771.25 568.52
561.02 124.59 184.66
115.98 385.08 283.87
931.68 610.13 933.37
249.91 171.53 227.20
959.43 35.32 839.10
41.34 798.53 657.31
727.15 78.94 603.67
746.36 690.69 972.46
45.50 672.63 534.44
286.41 949.73 986.66
695.66 873.12 284.03
478.44 654.10 664.76
588.41 225.56 790.67
357.20 692.05 881.72
743.21 862.55 187.15
829.07 535.97 27.30
389.91 474.36 676.83
787.48 86.92 710.70
602.32 67.17 93.64
355.64 791.94 331.37
473.76 512.82 230.78
404.98 678.37 149.32
815.36 367.56 705.97
889.01 43.07 565.95
964.32 850.70 844.60
266.13 871.48 132.47
295.89 876.44 807.44
948.01 691.94 568.92
280.36 217.25 870.27
732.22 599.65 200.73
801.71 532.22 141.96
864.83 36.96 880.84
53.28 534.13 561.98
311.24 720.27 649.78
574.22 742.68 341.88
183.11 375.28 387.58
18.88 761.26 324.42