443.08 919.55 505.85
186.84 776.13 478.85
252.18 285.12 806.66
922.33 425.68 587.58
110.78 75.32 211.26
209.92 11.00 448.22
384.63 745.55 679.64
687.57 485.86 25.07
142.56 325.52 19.60
681.00 773.32 367.40
181.37 967.36 842.84
813.15 25.68 846.13
976.16 498.26 869.20
288.03 671.87 384.01
195.52 136.42 225.53
394.12 172.66 836.80
495.11 188.57 588.56
78.05 815.20 523.17
743.95 381.21 837.75
954.71 687.96 844.70
371.45 692.93 762.25
231.10 852.09 744.91
445.16 548.73 714.63
4.65 813.38 529.47
919.29 642.05 655.67
826.20 794.55 756.73
54.74 153.87 543.08
385.58 627.20 180.01
633.57 711.67 800.98
567.19 623.02 154.04
606.45 77.05 518.08
672.90 907.29 59.68
472.62 602.40 447.13
252.55 578.14 49.72
911.80 347.67 312.18
19.20 327.61 966.05
58.47 350.29 152.59
701.91 437.96 509.73
535.97 807.69 923.00
506.67 706.96 655.52
33.40 825.68 356.11
484.88 76.23 104.84
918.25 651.31 224.59
606.66 702.58 588.18
462.11 760.24 878.64
322.44 292.20 156.51
702.97 447.28 964.47
79.16 602.11 319.36
466.62 688.31 562.18
143.47 156.29 654.56
938.26 753.73 268.31
763.61 958.27 583.84
158.25 565.05 50.34
154.69 207.80 801.15
245.94 222.65 554.32
304.45 851.29 388.90
510.48 630.67 40.40
272.75 865.08 538.52
481.74 800.94 544.77
345.73 38.78 527.71
637.30 541.99 381.29
558.59 419.78 15.91
521.95 737.01 392.32
707.99 992.50 956.32
20.65 211.59 295.02
353.65 469.03 953.85
680.19 818.18 614.74
153.92 803.98 373.94
853.04 813.29 533.68
104.63 252.15 139.64
147.62 647.67 527.94
912.94 975.61 87.51
299.33 332.33 868.14
821.68 223.35 972.86
720.46 82.21 529.24
507.72 323.71 828.28
523.83 299.24 119.51
674.96 283.94 929.89
275.10 503.36 183.82
403.26 765.37 956.83
73.95 957.89 750.60
759.21 288.53 579.61
481.99 606.34 839.34
471.92 956.51 335.96
343.08 580.61 21.45
232.15 643.68 161.54
185.32 739.47 859.02
23.11 986.84 684.52
72.92 821.27 933.80
876.76 183.69 730.14
445.21 88.80 455.67
654.08 740.16 134.32
378.83 370.19 31.17
782.68 79.78 422.82
651.03 643.92 343.74
194.89 306.35 131.68
526.37 730.09 798.14
65.68 501.42 385.60
869.63 985.07 815.27
675.90 247.94 107.92