2288
2290
698
560
493
280
2801
2424
847
1381
1823
1435
3149
1011
2483
2331
398
170
1168
3018
3249
1283
472
534
1230
458
1686
864
880
1258
1576
2800
851
1344
1743
3059
1544
12
1156
2681
1059
924
3120
2945
2956
2356
707
313
690
1682
1397
1402
286
3139
2543
1971
234
3182
1328
55
3267
1434
3263
368
1954
1720
1493
1436
2931
2039
2357
1242
2218
219
659
3010
2649
1002
3042
1198
2261
2152
2913
1434
2063
1044
2037
2008
1343
2591
1908
511
2737
1174
1040
2377
1771
2607
3193
3159
2737
3109
599
3231
2877
1146
2729
520
3100
1708
2584
307
313
414
208
801
3232
2034
1596
87
500
1845
1320
2812
1647
784
1364
102
1082
2482
2410
2689
2012
890
422
2405
2923
1591
109
1023
1595
324
2771
1251
1208
1137
3028
568
1413
963
1101
666
1534
110
2888
1085
2046
1490
1376
2942
2001
2378
135
1143
1499
525
321
818
295
1999
2112
335
1670
175
998
2833
2808
1719
335
1906
472
157
943
114
3049
2389
2253
2670
2397
2163
2006
2377
1419
2614
2789
3018
1634
1524
2583
2261
819
2099
540
933
3272
2233
1727
2317
1032
2121
2902
2807
691
2866
2024
3093
1707
3135
485
1900
860
2596
1416
1457
833
2788
2559
3084
2545
1045
175
2439
1819
903
2453
2115
2768
1834
102
1986
2958
1585
711
1369
2045
152
2484
2901
2052
2642
804
3042
1838
226
1559
1696
3073
1787
334
2765
778
441
2960
2071
1953
3259
678
8
2770
1794
1607
2585
614
1913
2284
2345
926
384
972
1129
129
484
2027
634
2874
3244
1624
3073
2470
1053
2433
311
2400
1989
1652
342
1208
193
21
669
2306
2570
2410
49
463
914
1906
760
3249
3022
3204
1109
3145
2074
1844
2424
1204
1100
1311
753
1239
1314
939
629
66
2332
585
1455
904
1673
887
430
96
2266
2467
1882
472
2233
2565
1571
1512
1895
2302
1359
3256
2276
97
3155
310
549
831
1473
2926
2580
3193
2174
2505
2312
1329
1523
415
568
2553
2276
1107
3183
2246
946
3213
2246
2849
7
1017
1581
1729
2141
500
1792
2052
949
91
2715
909
603
2579
869
2305
226
1757
418
2685
1676
445
2135
3171
2743
171
1991
2727
1673
2762
3164
217
1232
202
1030
2183
2178
2801
607
2022
585
139
3092
2781
1809
3129
1310
85
3277
2661
2611
695
1508
3030
1086
3042
1745
1638
2834
2125
408
1078
3207
834
679
476
111
1597
1935
3030
1265
3021
391
3013
1368
1640
665
2286
1763
497
258
3195
2668
1739
2355
1708
1246
1341
2576
3001
949
2444
1787
1451
3152
3183
440
2940
2891
1694
340
1944
2318
385
2072
1138
1433
3024
1041
2367
2649
3099
3141
1031
1842
2882
739
1175
2446
2671
2078
1446
2324
2924
2358
1949
3062
1346
2705
1837
1254
1432
1341
1630
1600
1430
884
3013
1544
3152
1994
469
394
3048
1063
85
2305
1697
1477
910
523
677
473
402
760
38
411
1971
2280
1383
3219
929
1110
279
793
2229
2782
2514
2014
446
878
2029
1045
1570
538
926
2923
693
600
2826
1296
1717
429
986
1361
2995
813
604
2528
2248
2712
1677
1100
396
2739
1496
2848
1937
2265
2148
924
1325
2814
177
732
2152
1350
2745
1342
2880
743
1591
1941
2460
3121
1543
1892
2210
1405
2120
649
1564
2269
2759
2127
112
787
2298
292
281
2288
992
3005
118
1818
1902
2057
27
384
280
2145
3088
1119
380
343
55
2287
2447
2596
557
2380
2597
1563
35
1422
759
2347
2918
655
414
756
1398
1092
1855
645
823
3111
2194
1210
891
1029
567
1434
729
1034
2093
1730
2578
727
2667
825
239
1226
556
691
2386
3202
509
1189
1520
2109
638
507
921
2761
3145
2720
570
3004
3108
2676
1942
2680
2959
1965
1463
717
313
3238
3054
526
47
592
3151
2908
1586
1749
1565
94
2438
1460
1422
2561
1724
829
2373
826
2144
1821
2742
2007
659
2847
1708
741
2408
41
809
1317
2238
468
2394
3050
1136
2731
1049
203
1956
364
1680
248
2574
2793
1269
344
2937
1470
776
1213
1558
474
579
1551
1201
3138
51
3004
2570
1901
536
1628
2476
592
2838
2396
1524
1628
1770
3197
1726
456
1620
1269
2369
1645
2674
1269
775
642
2311
2574
2969
1308
126
711
1773
146
1438
161
2695
778
2102
1366
2698
2692
1405
1775
2230
1600
3009
3234
1464
1133
1602
43
2151
1133
389
2234
2082
1575
1387
2847
280
499
562
2763
3201
2042
1837
1848
910
3114
107
1170
1809
1038
2997
403
3145
514
2157
2410
2254
3244
3177
2572
1121
1195
1968
1061
1105
2685
295
2528
2649
880
763
2071
270
2353
1825
600
767
2346
1951
2598
2505
1470
741
58
3037
2891
2848
468
2413
2825
2671
1032
630
1874
1548
3047
2433
853
2659
1397
1725
2110
2572
477
1384
2901
34
1343
1417
1846
1618
1577
1440
1740
2205
1799
2819
250
1859
1346
771
930
1019
3267
902
37
2793
1303
1338
1255
326
1795
1138
671
973
743
2351
695
2980
1733
882
1808
2616
1510
2332
1341
3176
2693
2283
595
2210
77
3223
353
489
21
1036
2487
2501
2970
156
976
2858
2067
114
2982
472
3276
2769
1037
2126
1983
2612
2531
1592
167
2860
1504
776
2365
91
2201
64
2444
3068
2352
1400
981
2282
3018
445
3001
1736
2120
1488
3121
30
2454
1992
2852
2748
1142
96
1594
2379
1140
1440
2794
1213
1926
11
3004
334
170
1103
2044
674
97
2129
2009
1483
2084
2640
550
2886
1976
1887
1868
1136
2432
2871
1720
2910
3241
847
2622
1379
1415
1470
2451
2646
768
663
2800
2699
2814
874
3227
193
1603
2381
1530
914
237
1688
2244
924
2852
1228
1059
2556
3087
140
3053
1111
1475
3112
3134
2961
683
684
2949
3096
1210
570
2508
2469
2161
1170
1433
3016
245
3194
526
1721
1412
2994
2526
235
2245
1290
2726
2288
1413
353
1114
2273
1557
403
476
2793
2931
1053
2470
2289
1615
2179
2163
357
175
200
2856
1214
968
383
2541
647
3091
1820
36
2440
2666
1907
1632
480
1064
3205
919
2001
1110
668
1111
1970
2414
967
114
461
2091
2711
1084
2500
2197
2419
1502
477
627
925
570
3138
2859
2955
891
3117
1815
969
1653
2707
2517
1527
1849
2964
2776
83
953
460
45
1782
2458
1641
1208
722
1151
803
564
2144
2131
454
1094
21
3276
410
1680
1050
2298
1633
2411
972
2671
311
3075
953
935
1790
1104
2704
1753
383
118
1272
616
535
2555
2650
249
2430
822
3217
593
1306
2706
757
2223
2209
621
278
2385
1144
2358
2467
574
3168
144
255
2678
2173
2218
815
1268
2732
471
181
3010
2194
1628
3159
2100
307
2066
2617
214
428
987
995
1363
773
849
1229
204
2041
1302
784
366
366
1062
1174
2672
1765
874
1136
3094
819
2326
2220
2595
2349
2222
1520
3157
2623
217
294
1965
2283
3033
3207
655
321
361
908
2279
1950
629
2412
3055
2805
163
1868
712
2006
122
1888
277
3215
452
966
3082
523
40
1613
2431
52
1130
2444
1183
2013
1295
1364
2618
668
528
2568
2950
2287
189
2067
2380
599
1713
188
788
1573
1477
2626
1531
980
2825
2794
2549
24
2355
2093
1495
1805
928
1848
682
1828
3074
602
2501
503
2827
2599
757
1703
1574
2346
1192
2394
251
229
1258
2930
1639
955
1748
432
1144
664
3271
1397
1799
2950
1204
2860
2394
812
921
1171
1026
830
1390
664
2284
362
1712
2636
1562
628
1627
2604
247
2506
1405
2501
2329
2368
1654
207
315
337
1892
2423
2575
2225
1695
343
1859
1333
2
3276
2656
14
2930
865
578
1465
2921
1483
1949
2173
1826
1071
2999
669
1431
498
452
581
1260
1095
2070
713
2533
1392
795
2568
2392
86
2309
1824
228
2056
826
728
220
2969
2770
1377
2410
1709
2995
468
2491
3061
75
1172
2458
921
1210
471
3136
2757
1689
385
402
387
866
1409
1997
239
278
392
1545
1768
3245
322
2025
1160
915
1814
2403
735
147
159
330
2886
2808
328
3257
1729
1714
1694
2582
450
1109
915
1462
1999
2384
782
1778
1104
2236
1390
1544
628
2979
758
11
1600
278
908
2770
3048
424
671
1164
284
2970
697
241
1394
815
1959
735
1415
2370
282
2768
2781
129
779
2280
1857
1644
2310
2014
640
1390
2047
1508
2774
2948
3038
1026
540
2755
2760
269
422
2269
1258
575
2176
2383
308
1291
1933
1060
2711
2293
3071
454
2821
59
546
1900
336
2390
1042
1579
2257
26
2040
1290
2444
2160
1998
1255
1960
2031
785
2513
679
2516
293
2199
388
678
438
2699
2288
2213
446
1622
3106
783
648
3225
2177
3029
1586
1835
789
1462
2182
874
2891
2253
340
1611
1690
292
1008
2337
601
1966
2307
1059
626
1158
789
3080
2625
2345
2822
361
2443
2849
1234
2665
1126
1930
2536
2188
1649
1167
1583
821
1281
1584
2100
1422
145
1282
2878
477
2353
2302
2181
1503
780
1001
2444
1375
470
152
2246
1693
2969
662
252
648
3276
1293
1389
1130
346
331
774
355
764
1355
1218
25
128
687
502
2326
409
1268
949
1256
1939
1037
456
136
2097
573
1105
2548
1601
1015
1075
979
1308
962
2709
2174
271
2700
2437
2078
905
410
1977
1777
2500
27
3243
272
2039
808
152
3061
3245
1377
1858
2015
364
2914
2299
1601
3140
156
2674
1012
699
1703
1743
741
2873
1476
1575
2141
964
1793
2617
2945
2895
105
2955
3190
1100
509
1847
1571
1897
1419
2730
3216
929
849
2687
2541
609
169
2892
1481
69
1926
801
546
1098
2249
1894
74
3169
2917
1891
1534
1558
1009
196
395
971
882
2047
3012
2977
3119
1299
44
2590
2083
2917
970
1474
2421
1724
3222
1006
963
2707
494
2335
64
2698
2065
2885
2116
2341
571
64
2109
950
968
1450
80
553
2241
3068
1161
1219
2011
560
2132
869
782
1419
1009
1314
620
1513
2344
965
1227
2192
2356
2163
1294
1727
1920
467
1543
1318
2059
246
981
2024
456
958
2413
84
2622
1744
2352
2854
712
1493
1059
742
2420
2682
1269
2565
691
2700
1855
889
2733
616
876
1002
2508
3111
1127
3007
2073
1815
3166
1876
2009
811
1866
3102
754
999
955
793
1739
418
2626
1068
2594
2442
3035
1550
1378
2440
3226
3252
645
536
750
1708
1700
1243
1017
866
2647
1710
525
3156
2380
1451
681
2868
1200
2535
1089
1777
216
339
1493
2078
32
2637
611
2104
869
1779
1375
2331
1374
3272
961
1261
1517
2731
1369
1798
285
1410
2546
1155
133
1450
681
1289
2330
2228
2846
3067
1903
1187
1963
1507
2346
905
1899
1004
3105
2824
634
2338
2934
2498
1651
46
1623
2844
807
925
603
1267
2438
687
1308
3172
2150
1605
1801
1375
3146
1618
370
127
253
1698
49
314
1794
1270
3116
1640
519
2263
2623
587
3069
1416
2605
644
2968
1256
1947
507
62
2981
3035
2937
561
1834
3105
151
2287
631
3220
1390
872
3050
2599
2803
1850
2341
133
1357
2290
2427
296
2065
2287
1866
2694
2256
126
578
1948
509
1939
2406
89
855
2959
1322
2463
881
671
2998
2589
3166
240
736
2351
2632
445
69
859
2341
2391
1204
1648
502
3034
859
1043
1210
2678
1286
795
1522
1583
2853
1275
824
1745
749
1933
1484
2076
1477
1369
880
3072
1095
775
2766
2614
3108
3092
2193
2287
1579
1825
1446
2587
827
1003
1379
3102
550
1237
2669
2441
1355
3210
700
889
2125
2858
2031
556
1623
95
299
2715
1964
1901
1765
385
145
2271
2302
1904
1311
1810
2767
1604
620
293
594
2170
152
2031
1950
1509
1189
157
2131
2829
2239
2584
1469
95
2131
224
1149
812
2510
2487
340
2276
2494
1313
1293
2910
2770
1870
1209
844
2055
830
475
2394
3203
1216
2788
2438
2048
410
719
1911
2487
1021
891
1503
1389
857
390
746
3236
1853
1353
521
1504
779
1579
2161
3102
1553
2218
1167
90
2178
3154
1475
1037
2667
928
2431
42
74
2411
774
2318
636
267
2417
756
2017
2049
1087
2694
1879
3262
563
1323
2150
2810
1529
785
2970
286
262
2484
1544
1445
2131
2705
2991
819
2066
803
2730
558
526
2515
3180
1716
574
1281
1373
833
2147
770
449
123
1395
2516
1279
1869
1350
2181
961
1883
2472
302
332
1781
2265
2204
1352
2507
2026
3104
3053
2131
733
1913
3134
2954
369
430
790
1794
2701
1959
1286
1248
2113
2061
1489
2706
427
1876
2753
2523
2411
687
871
1276
1524
1418
2754
1634
3096
2133
3188
1505
2706
679
816
570
3023
1917
3057
663
3265
2254
842
1716
1915
3185
474
3229
2577
2342
1754
3149
1351
646
3132
833
1295
283
1651
2546
2887
2601
2931
120
2941
313
2380
3135
27
2594
2054
237
2818
2258
1406
2034
99
2254
128
1858
253
827
482
299
666
153
1455
1867
1426
66
1613
1911
2388
2359
2994
3206
2953
367
156
1710
2636
2282
2410
551
2082
627
1273
1583
2622
1881
3262
802
753
2465
740
2491
1831
2153
932
3029
234
91
2214
1820
2690
2225
1737
121
2721
1724
2143
2610
2547
495
3126
2147
242
627
1299
1891
2436
1092
506
2781
12
614
336
735
3148
2730
1024
204
1049
1010
2313
3243
1712
2714
1717
396
686
47
2513
1198
1390
2995
845
2807
1500
300
1621
87
2424
1885
3069
1199
2259
3069
2917
1297
3022
938
2111
2898
2391
1532
51
2742
751
754
3138
964
309
2159
1277
1538
897
2127
2964
823
1968
2296
1662
2002
2297
2675
147
3076
353
2575
1580
2764
3235
2076
2220
1466
1244
1697
2684
2309
1205
2796
569
2551
236
3106
1006
15
2902
3038
1416
1551
2777
766
125
2509
1865
1568
1515
2839
2006
3034
1814
2595
2396
1308
300
3160
2885
2873
367
2809
1299
1879
2610
3116
857
2544
276
1717
2788
738
2163
1032
245
1024
1554
1912
1043
2915
1488
1980
283
3131
1838
401
2493
42
2773
2637
1224
1210
2196
703
2638
564
2397
1129
1022
1460
225
777
2595
3034
2259
2369
2261
3159
3218
2661
3125
934
1856
2502
3100
2879
2430
1219
2340
2656
600
1619
1745
741
171
1157
374
1103
542
2128
1325
2171
1271
31
1187
1044
2956
2627
2069
2040
1672
2805
1677
2638
2054
370
449
345
375
2408
853
114
2048
2341
1840
275
1956
1656
2869
2167
1857
2331
823
1772
3119
1188
809
1963
3151
2657
1210
419
2585
2545
197
1628
2436
1886
451
1483
1571
198
327
2734
3198
996
644
3231
1392
1837
2205
2118
2241
1746
312
1966
1477
1555
529
2848
2662
546
2966
2381
1077
951
2286
1029
1005
762
3135
469
1370
2801
3159
866
1051
842
2306
1251
1432
209
395
2288
1796
890
2332
2512
1170
588
2798
448
2229
1448
2526
233
1383
2526
1816
381
3236
1048
440
2641
959
919
2020
936
85
2372
2889
417
1039
709
2831
424
1543
796
1332
1220
3027
3172
334
1036
238
1196
101
722
466
810
2594
2192
2419
755
2433
1563
810
511
2787
2509
2424
39
195
1586
1732
2870
1902
522
149
3007
53
512
606
3233
2347
747
2547
2690
915
2096
1127
1330
1973
2113
2596
1682
1258
1957
677
3133
1614
1567
1279
1913
320
395
1039
1824
3206
2992
478
3024
2981
861
3135
127
1761
1962
2832
2790
2107
654
2174
1928
687
2038
2179
2865
630
50
2875
2661
1306
339
618
195
1273
365
2324
1403
2612
1383
3039
139
3234
796
2738
1911
1435
203
2241
2142
2553
585
1697
2600
2849
278
500
572
2729
3227
2447
1676
1497
744
2050
702
2801
3070
1681
1040
2645
2045
2711
705
2222
178
656
2410
1052
514
2847
1905
2872
852
346
2212
2844
1391
1088
1415
1647
544
274
1630
1921
1120
1554
3211
3116
1586
1039
2316
2657
1190
1846
1763
3099
197
687
877
400
1078
1089
474
2147
1750
1331
1784
1712
3073
1841
2688
3045
2052
3075
2851
2417
2774
2584
1458
2171
152
1613
2410
2101
1277
442
860
928
98
2637
1990
2643
3047
880
32
1200
1628
594
1207
597
2715
1581
2197
1217
2745
465
1262
2924
150
2960
2796
1659
1060
623
649
534
1179
2695
2612
2344
460
2317
2748
1220
713
503
3274
2596
169
3186
2524
745
676
49
1535
2031
2228
1005
1493
208
494
1427
1985
1738
1377
1125
1792
890
2740
615
2317
2614
3190
1378
2302
2777
1169
2440
300
810
1660
339
98
226
284
1184
2810
3262
1436
2710
491
967
915
925
850
1030
2784
2182
2912
2930
945
241
2335
2024
1696
750
1952
957
1369
261
1384
1885
1891
2225
271
491
1284
18
2087
1153
2636
2876
630
2173
1489
2042
1728
3174
1734
2141
3237
3242
299
1981
2266
2601
549
649
1870
2612
1237
1568
925
503
1259
1918
1707
3092
3114
2333
2494
237
2871
1359
3161
896
1988
3008
914
442
2568
1909
867
1789
1725
610
2219
1557
2374
574
1104
1590
390
1777
390
2913
1494
1603
1942
3132
1627
1729
1123
238
517
577
1651
868
1875
2976
1768
3233
1126
1674
2605
1918
2561
1655
2814
1125
1297
2582
852
1669
1413
499
1758
722
2379
2750
664
2369
2200
2554
2126
2619
1833
2229
1650
2640
305
2021
1609
747
1134
910
1023
522
3115
1734
1910
2000
2604
1462
1185
180
34
1549
965
386
1751
2836
2987
2661
73
248
339
753
1304
745
1029
318
2681
1138
1547
309
1095
1650
670
1149
111
1664
1151
63
3084
1115
1047
1106
1500
3105
1014
271
2055
1896
3068
2694
7
1006
942
2861
1298
2946
3083
1214
991
2246
3200
1157
844
1932
1697
900
3073
3184
2695
2768
855
1449
1534
1982
923
992
2142
481
516
2527
493
1257
3182
2110
3071
2523
2240
1826
152
2912
22
1629
2148
988
1546
2356
3122
251
1558
2400
2658
2927
1923
1656
2616
442
2936
1788
1823
2866
2241
53
274
517
637
1767
3098
1612
2605
2773
3112
3100
980
3049
1034
2522
2422
2805
2843
3059
1197
2894
946
1643
514
210
3133
781
2038
3160
1317
1182
561
2191
3019
2743
2768
2380
1184
462
2203
626
2049
2844
1484
1358
3014
387
745
2443
905
177
763
2615
1251
1763
2019
1422
802
837
2248
420
2399
759
3249
2833
1657
478
3277
721
1278
1154
2174
2614
2308
36
2123
2159
1925
780
1675
2997
2780
2218
1998
434
1225
1318
51
2333
2043
1832
725
2912
800
2112
3020
1708
1097
2748
2114
1039
1289
950
1713
2143
1554
2501
3180
2148
1949
1813
1871
2199
2985
241
3059
2698
2310
83
2661
2543
2320
1810
874
1236
2595
944
477
1104
1847
2300
2199
1946
2912
2135
1345
1732
2879
1783
1354
2218
1223
58
2603
340
1462
1788
1797
291
3182
2849
2850
938
2522
2197
2518
25
1263
1253
832
2594
9
1814
2866
2982
1804
2176
2927
3184
1695
2633
2865
909
1674
385
3192
272
306
1398
2307
1402
3027
3041
1502
2236
2414
1243
1894
1554
625
2224
794
479
391
795
3144
1327
685
285
3092
1030
2118
77
521
956
2464
2846
1015
854
483
265
1828
2036
1547
2378
830
613
633
577
1486
2467
1739
1506
1684
1451
119
2126
1753
1638
2789
690
3085
2193
583
2349
3207
2741
3269
2687
1333
228
1835
2963
563
2394
2231
1042
1106
2632
1244
1932
194
330
2896
1765
2875
1655
1748
2239
384
2939
2028
2806
2201
3048
2232
1402
3115
1014
998
165
909
2372
3075
1061
1688
325
2524
959
653
1033
633
589
3164
183
2901
854
1794
3072
153
949
420
1901
2661
1235
1068
2531
1246
2399
1960
1276
2903
559
1114
717
1791
2613
1518
1150
388
2515
2402
947
610
1760
2128
1436
1069
1646
478
415
2188
1444
2936
2668
2902
2151
1646
2136
514
773
1152
120
363
1058
1373
1085
1000
2670
2613
1282
845
1287
788
233
1861
932
1619
1142
505
2197
2295
783
476
466
2149
477
1479
361
671
2642
1796
1892
1793
1615
1655
588
2440
2026
2589
2939
673
1335
2881
1144
1404
2588
670
246
2584
553
1549
2308
2111
732
2895
1410
1797
1314
907
2243
2766
833
2449
1396
1400
919
2460
3098
3127
1376
768
1951
922
2842
2712
1143
1345
1163
2021
1946
2387
1843
1777
242
2680
2653
3091
1221
2033
2260
938
2810
775
2609
1983
1578
459
667
2247
1167
298
2805
1726
1619
1722
1703
346
2080
2315
1496
3223
1825
1363
1552
2552
2556
1532
1667
137
224
2705
1315
1835
2091
1983
43
2054
1561
2429
1138
998
2223
1981
2715
696
677
1128
1297
2856
3219
794
1858
454
2332
2813
422
2474
1165
806
2008
1810
2121
77
679
1097
1856
1897
877
3195
568
628
256
2483
2328
1147
66
1614
1244
165
2644
1444
2284
1149
3077
1875
2741
3181
114
653
2830
695
640
1653
887
3211
195
10
2340
634
2306
1536
1200
1175
143
1154
2560
1934
2932
738
2259
2827
1135
927
2019
2521
1991
1414
2429
1879
3211
3267
2949
2722
364
1913
431
1203
629
374
2242
2917
807
1908
2885
52
567
1805
2464
3252
2287
3028
2768
2971
2910
87
353
2109
1272
1703
875
1287
110
621
1934
3189
3264
434
1486
2502
391
1223
2000
1696
1971
1464
1879
2763
2217
3190
46
2071
1496
2489
1916
701
1926
1488
236
1719
2876
968
938
205
1792
3191
1941
3005
876
487
1612
2141
2091
2103
517
1078
843
2785
1089
1400
148
1297
1607
3241
3204
1828
2229
2366
2891
1658
3079
1211
1488
2865
2301
398
497
2307
310
1135
405
940
1746
1403
2705
3074
1715
3229
1579
770
251
852
171
2455
2084
3115
2790
2626
3059
900
1604
909
2204
1774
908
92
1474
50
2496
2917
2678
1151
1785
2812
2930
1259
131
1428
1425
1813
1068
2301
2480
2427
2461
400
1429
2655
1467
2063
582
2040
1340
70
2506
2657
942
606
1624
315
1871
651
37
1402
955
2718
3029
2377
3020
1525
495
1656
2032
24
1161
569
1564
2486
1335
875
3008
2744
907
1384
3017
478
787
1157
677
1406
2740
2037
183
1479
1505
1569
2968
2700
14
1840
1282
1682
1515
2362
3203
1845
2892
2523
2776
197
1960
1399
639
2871
417
773
1922
706
2147
2460
1763
1641
1640
2478
3188
2057
1557
2664
2332
398
1785
2975
2136
729
2262
1591
2595
1434
1263
2123
2486
1909
1926
2627
3255
2797
2149
1747
819
3118
317
3252
1856
2611
1796
1869
1182
2826
2961
477
2667
2155
3239
2251
612
1285
2253
1607
780
1166
3075
2721
1280
130
1594
1015
2648
1749
2690
2257
115
757
601
1550
1169
1214
231
135
1767
1464
396
1958
321
79
2652
2383
2493
3203
2748
2733
892
2291
2123
811
665
986
3070
902
3002
1103
2004
3227
1137
286
213
3254
2479
3049
621
168
356
2715
114
2284
758
1539
1679
2500
1376
294
191
66
2071
1655
2138
2411
3072
1282
364
1407
1228
1110
160
1993
2861
2328
1382
2491
1291
2761
193
1279
3117
2002
274
1237
2172
2945
2079
1427
1612
3268
2599
3143
2741
1529
396
122
2021
1616
2341
2978
77
893
605
2142
1903
1461
1529
1272
2222
421
2831
2470
756
1816
778
3208
2037
2858
2433
955
1918
406
69
3172
608
3060
831
2623
1785
3096
3217
841
1582
1727
336
396
2359
2609
3088
2936
2621
1528
2687
2437
1281
1884
3269
813
390
1989
1429
2570
1934
163
822
2521
2492
2992
925
1904
1005
787
2229
1384
504
484
3004
3005
2688
1375
407
2328
2396
623
572
2843
519
2442
1299
1105
3104
3199
1130
897
2219
1677
1715
1614
1389
218
1540
2751
2520
99
354
2497
721
2738
2532
2799
2276
429
2679
2174
737
951
676
1770
1770
964
3270
2639
2227
1670
427
85
980
1320
1342
2204
2685
2335
363
3092
260
398
309
123
2113
3108
2779
2135
1426
2952
1180
3256
2674
1355
738
268
2700
1987
2938
2023
2199
1288
1589
697
620
2528
42
824
1220
2709
1738
547
2185
1565
3276
1365
571
1640
1149
3062
1364
2809
2031
1133
2686
2829
1875
2357
1900
732
2356
474
188
1535
435
2989
1189
2698
3167
1891
946
129
279
2259
791
713
2346
1553
1097
529
1705
769
963
927
3265
2526
1091
1961
2029
1919
2158
2761
2040
541
2478
767
2717
359
380
3015
1429
1322
1822
2091
535
1958
2604
2022
2184
625
1421
845
2056
3242
14
2024
1379
2379
768
768
2525
2361
630
1042
970
2825
1526
2767
1180
2278
85
1899
388
2919
3091
1857
602
2894
1964
354
2639
3124
1838
2531
3192
1779
2510
1500
1164
246
599
141
1509
227
1947
2161
3144
2707
2180
362
1781
1529
3118
1559
790
1987
2
1392
1957
1459
687
913
2027
1819
1921
1128
2929
476
255
1818
2599
287
2029
3120
508
1585
1831
108
1192
174
2021
1636
747
416
106
1438
1845
1712
194
1536
2900
291
1508
2862
401
641
529
879
2460
3124
2361
2680
850
1441
2509
1790
1153
2365
204
2495
2594
3100
1185
439
963
936
2260
1492
1228
60
759
2001
1836
1720
1534
2598
2835
1575
2358
1625
3083
96
2476
1020
2652
700
2048
215
1899
1467
1184
1060
186
1028
2371
2602
2138
1504
2051
2190
1630
2883
1349
1373
549
1216
2066
307
3035
1383
1554
2080
2920
1123
1725
840
100
2942
3217
1334
1303
761
3258
1159
1651
1216
1008
2999
807
225
2703
1235
931
977
899
390
923
494
2053
3241
3002
1435
1381
3110
195
2519
2153
98
136
1268
1316
405
1301
1810
2559
2111
32
2422
1637
1933
162
1454
1807
119
2028
2855
904
1939
1671
964
1365
2781
3201
1157
1106
1175
3067
290
174
542
1610
3220
760
1390
657
2591
2694
465
3216
1462
1529
1856
219
2680
1151
846
3004
1977
2143
1227
1604
451
793
648
2561
1304
2556
1443
135
3244
2954
1156
1840
1283
1966
572
1512
776
1638
3115
1172
3033
515
815
1098
1090
171
2654
408
2966
1400
2165
2918
3025
2049
2355
1751
686
290
1397
3037
221
2195
1434
3159
2384
1363
2938
2833
283
1565
1083
1994
57
987
2288
3020
115
2500
2019
2359
1942
1298
984
1352
2620
1215
816
3182
2723
1256
674
578
2689
353
1385
3087
1671
1214
2516
414
1445
2292
2286
2409
3173
1342
2069
3032
2878
2861
2480
2333
2914
463
2619
2581
2693
1846
2568
1174
2332
1854
1061
1325
2150
804
1527
886
2181
3063
2041
3255
1012
1284
2047
885
1411
2537
1383
1561
2366
177
1536
2100
1389
85
1050
2552
3116
1866
1550
1620
2319
1044
3217
840
2906
1294
2891
837
1723
1189
3119
802
1979
201
2754
907
1518
1537
326
2412
1088
845
474
1895
761
634
2234
591
179
122
2044
2321
265
349
123
1342
2398
489
467
2403
2719
2257
2956
2261
482
1628
753
1149
1741
1143
1145
2941
1247
2354
1094
416
2476
1864
1175
2679
2971
2933
2292
2822
1636
572
16
1875
1037
1253
2864
241
2366
2386
904
559
2180
2515
2733
2025
1659
161
1684
602
1462
3115
2428
1379
2759
2814
1579
1792
612
1159
1046
1129
123
1800
176
1585
2201
820
2818
573
2470
255
1746
1830
2593
734
2788
2410
2180
3236
1939
2787
43
2460
748
410
2443
1805
2749
841
1576
2963
848
267
577
126
36
2998
2411
620
133
1536
2890
382
2583
2481
211
1635
2076
2925
2270
1188
775
603
1549
642
2666
1431
416
2992
2862
2837
924
1046
1474
1724
2628
759
1176
2188
1154
3007
1675
3006
1541
10
2668
2300
3049
1656
2270
2652
2223
504
2490
1645
398
2113
2197
272
172
3265
2244
1064
3238
2140
3214
2178
684
1634
776
1885
891
1424
1719
45
946
2222
125
1174
2427
1435
2274
2413
388
400
421
501
535
2416
424
1059
3261
2070
98
2016
2965
789
315
44
313
3249
1440
1646
494
68
1601
2565
1681
2832
1785
2372
2470
2531
1509
1496
3001
2654
3164
1696
2319
1294
2219
3105
2733
1414
1051
2459
796
2289
642
2034
1862
2106
1372
1129
1808
779
3173
2557
2377
209
244
2710
439
871
3180
928
1243
1772
1805
22
2524
2685
3135
910
2801
2588
2050
2538
393
3030
2744
216
454
546
923
95
3093
3042
2243
307
2997
1841
77
2385
3118
3134
1178
203
733
1374
2688
207
895
1622
2512
545
2454
2888
2195
2498
1834
320
2405
1506
2376
192
2597
1683
2302
712
1686
1118
1558
1389
1460
1695
600
538
3009
552
1870
1086
1197
528
148
610
205
3268
2012
2172
2734
2691
1612
2220
2472
1453
2136
1951
1218
2583
357
1671
1612
2203
685
1627
162
1041
2334
1604
309
1673
3106
3095
1425
2639
2689
3078
3133
2249
3129
2856
513
292
2467
1331
3031
625
2130
2734
312
2863
1150
1615
2641
2517
1056
1338
657
926
1075
2669
1612
1726
946
2316
3058
1744
787
268
2343
2226
2233
86
1081
2407
278
1004
1399
1330
2806
2015
2280
2692
1712
440
2632
2755
1405
1863
3018
1955
2379
993
2853
613
3059
2780
1379
2980
2790
728
2501
3129
362
1400
2307
3142
448
2234
1963
1062
2667
1827
1843
2345
2045
2240
3228
2076
1797
550
2911
1560
1665
1308
482
3252
2060
1245
378
1757
352
820
2232
70
3161
509
936
3254
1518
385
3065
2335
1547
209
2426
2195
1841
2199
35
1380
351
584
1432
551
597
2716
1289
3198
1726
308
2916
138
1205
1106
674
3012
1224
241
2414
328
1723
1573
283
2849
613
1037
3051
2721
488
2977
2276
32
3072
1156
1827
3118
532
1963
2748
2297
611
1847
897
291
2944
3067
751
721
2859
2706
1232
1883
2267
3007
2815
2044
2361
916
1613
1225
340
1602
25
2413
910
741
2938
445
2523
3271
2842
860
1878
472
1483
1209
2856
2554
2624
88
1320
2741
584
2430
769
2813
711
1103
788
2290
1433
1668
171
2578
252
1537
2532
372
2482
205
757
1953
70
939
189
3182
882
1987
1198
2892
413
3189
1024
1024
2538
3140
1097
44
914
2946
1055
329
1432
1556
1721
1498
609
1992
1551
368
323
339
2224
797
3270
3051
1371
3152
724
1822
1195
1776
1856
737
1167
790
1482
2005
255
1224
1052
2408
3097
2596
2679
1778
3149
1433
2538
275
2743
330
1757
2170
501
235
2133
2898
2747
2670
1518
15
2492
1098
2096
1566
2273
1282
508
401
1496
693
2539
2616
1629
2830
1840
46
2305
3097
1437
1175
2384
2417
1120
571
1961
1623
3244
1201
2975
32
2642
2521
1145
393
65
3147
2922
1025
1582
3079
1211
267
749
1883
2527
606
1008
728
8
1571
3048
1396
1357
1521
1452
343
2843
682
596
422
2044
2647
2350
2293
2737
120
1761
1414
3026
1106
2266
1787
2038
2682
1397
265
3167
1336
1152
1743
48
2692
517
2656
1878
1646
1392
3118
2354
610
1798
1487
1272
823
1047
2213
2711
1660
586
594
550
1891
2272
1484
3029
1767
883
2836
2259
3162
2112
1110
2632
107
610
1862
940
2801
1726
797
2670
2249
1866
508
32
534
1286
1991
2758
761
285
102
1344
3035
188
675
2933
2101
2668
23
3118
231
2602
228
1103
1494
775
938
143
1004
2118
1767
2384
810
2880
1892
2307
487
1219
1440
985
645
1839
1094
2761
195
27
1246
187
2632
898
383
560
2359
211
600
1607
2344
2246
271
2419
1385
1102
1412
3059
2255
881
1957
302
1944
1148
473
1743
2180
184
3191
205
1419
1399
1909
2754
3231
59
1102
564
2259
1229
552
150
2350
219
1990
2202
1805
2640
1772
2674
362
2249
2039
661
2179
247
2385
2526
603
603
1200
243
933
2789
1476
1905
1411
1875
1110
609
1761
993
1791
2264
2121
231
136
1809
2682
3016
1710
2175
2934
770
1936
1529
1021
3119
741
518
1902
2334
1499
945
2076
1553
2142
1712
2162
2026
1076
2783
1976
265
2849
63
3193
1776
317
1611
444
661
195
2205
2317
574
3188
2382
863
133
2316
2427
3156
1852
2376
1708
914
477
2923
2661
1564
3258
135
673
20
1958
2360
1742
1466
1585
55
36
630
2712
2849
3095
1605
3025
2523
750
101
193
880
1546
2365
2697
586
3263
2630
1219
2942
1657
3175
2276
2436
2306
2125
1304
2337
2078
318
178
1888
117
1511
2073
2290
1598
1538
168
1686
2048
2970
1244
137
692
1729
2366
1174
1119
1859
1035
1420
1848
1640
2851
765
656
698
2241
1621
2096
770
1861
266
2944
638
351
1071
707
500
944
885
3193
3158
106
616
2376
1092
2149
1098
1944
2347
2606
962
2800
2360
2711
2754
3134
538
1024
2429
2514
1488
1626
1207
1106
1402
1303
1844
3112
1076
1701
2070
2432
188
2304
2948
2245
1219
566
2334
633
573
935
993
495
1824
98
1394
2099
2447
2616
528
465
2060
1526
2643
1631
3199
1008
812
1364
215
2574
2377
2619
2697
2404
1312
2195
521
3205
2045
3240
2128
3006
1046
438
722
317
1245
1073
3237
1019
1619
2607
2997
853
968
3047
1430
969
834
815
2346
932
685
1388
2224
402
3099
538
1606
3061
2409
769
2056
1567
753
1272
664
2633
2056
1631
2277
2219
1673
2180
2452
2685
871
1939
612
1566
1592
3231
2984
1211
888
979
2694
1718
2693
1830
1453
190
795
1936
1238
1349
3125
1334
904
270
2037
125
1499
1243
43
1952
2778
784
2227
2774
1268
2050
2875
242
1847
1807
2069
1688
765
817
1134
491
1234
1717
2863
406
3114
2681
1447
1931
1621
70
1142
793
2115
1825
2734
1104
696
2529
100
1520
3202
547
1293
2832
2848
1626
1774
1864
2208
869
2844
466
3048
2172
2910
1006
578
1484
2212
786
634
2834
1064
2651
1346
15
2750
1787
402
2705
1124
2032
2228
609
116
2015
994
85
2567
1189
2244
639
2514
2113
83
3147
247
64
2191
2388
2186
1866
3242
44
1962
2767
2248
570
3025
2567
460
3163
567
2941
3270
1387
2712
1606
2041
393
2200
673
1935
1043
1491
2207
2831
196
2482
1790
2690
2341
1515
2280
2556
78
2456
2819
608
565
43
1706
356
2988
1992
931
706
903
2725
1838
2839
2991
165
2660
1623
1870
1227
493
3048
2491
2580
1898
2648
440
444
2105
2438
1997
2909
2540
1327
2504
223
433
497
1777
872
575
1307
2608
452
2634
1158
2281
970
995
936
1784
3274
2963
3240
56
1798
709
1922
1212
2600
1113
1119
2096
2148
2993
2032
1210
251
2947
2211
2918
973
1219
1293
2273
2850
333
2244
3005
1037
683
2058
1598
2734
2192
281
3085
3135
3152
2930
1502
1882
2043
1031
459
739
18
2915
211
196
32
1195
478
1251
266
2722
1094
589
800
2433
589
1802
1506
3184
1000
1365
282
1797
2627
1502
2378
816
306
2121
773
2246
958
991
618
171
1907
229
1827
622
2145
2399
3003
384
2420
830
3037
2261
799
3167
1303
1789
1827
1025
2302
3230
71
102
2703
3119
2047
697
2707
2484
1425
399
19
2386
1018
622
1780
1309
3010
301
2942
1455
1919
1003
2461
3184
85
222
2520
1185
1513
402
3183
942
596
604
3219
273
192
1646
3110
386
203
1475
1333
1047
971
1751
2860
1716
1954
2411
1478
2567
687
1919
738
1027
1960
2902
2379
693
2920
1559
828
2046
61
3138
1072
1660
188
2553
215
2067
2701
1920
2447
29
785
816
1178
1227
1647
1538
1339
2913
1967
1214
2502
2367
621
3225
2711
2191
1230
111
2661
1473
1391
3025
1293
2835
3079
1105
1780
1459
1732
1175
2583
2491
1634
1675
2366
146
1993
2064
29
965
1328
3180
2250
1595
607
1502
126
288
329
1603
2692
1626
1472
602
414
1914
2229
1644
2150
3243
452
421
2292
1045
286
1732
1920
2978
133
282
2939
1035
3037
2381
725
579
413
3061
2394
1984
2974
1855
1179
2554
975
1222
2853
2850
2982
2064
1912
3194
2530
2580
178
694
2214
1773
1580
2040
272
777
404
164
407
37
1640
2104
2326
1866
2232
453
970
63
1347
1950
1087
2150
1249
2325
3004
359
1349
1283
2315
2485
2733
2446
1933
2684
2781
400
575
47
477
1229
2010
747
1847
52
2589
172
243
1261
1375
2082
2839
1707
225
2393
2682
2859
2109
1179
438
1680
1222
3264
1394
41
2665
2179
98
2051
2993
2883
2710
3115
2182
2660
1167
2329
1236
1978
1638
2703
294
760
1715
1360
600
2695
2455
2977
2264
2722
2122
2925
1179
3231
2037
2882
3225
1350
903
2075
162
2708
1435
712
686
748
2393
1382
2088
3192
3126
2358
2533
2155
277
1370
1656
2269
480
487
1031
15
2485
1200
1347
2440
2039
3277
1304
1390
2432
3029
1611
1244
2143
1301
2715
3195
1453
407
2925
1461
2752
365
1942
2599
524
3115
71
2065
1276
2313
1398
1291
582
163
1401
2689
108
2642
20
321
1615
1840
1000
1949
1826
1615
2502
1902
525
248
2039
2730
3165
2697
1077
1800
870
2343
2867
1498
862
1553
1954
1780
1712
1118
1528
960
2836
1679
1364
2817
1627
2907
2329
194
2086
948
2986
1982
1479
2669
1510
1575
1793
1507
1365
2847
2698
2279
1194
1725
3143
419
157
91
1037
3013
2426
2531
1764
373
2924
551
2058
1723
280
2921
2578
1153
2702
2093
2600
524
656
868
672
1336
3107
2378
529
512
3097
2364
249
405
2172
1488
3244
2440
2029
1313
2870
1269
1161
1679
2193
1254
3155
2428
1012
91
2336
998
1867
698
2580
1944
3170
2733
2203
410
1688
2110
750
1501
2023
2291
3205
1508
2879
192
2059
2789
356
2919
1242
1355
1008
2114
106
2585
2981
1459
1446
839
227
1165
1068
1324
877
2250
3254
339
80
3230
3223
2237
3256
2860
616
2345
738
1256
1473
1073
2864
3155
651
1387
450
2559
461
2448
2304
1681
1743
583
1598
823
251
549
3100
2281
3182
2386
2416
951
437
2860
72
1459
464
3017
585
1715
3018
1855
704
2374
2301
410
2159
1767
948
2815
685
3023
533
2576
3037
2767
1492
2901
816
1222
1062
322
1987
3104
2484
124
3030
3268
1132
2643
2599
1848
122
2731
1903
252
1426
437
912
3115
2087
2948
1158
477
550
2714
1294
1183
112
292
2717
30
1392
1127
1611
2059
310
2352
1085
2922
3151
448
100
2854
3109
3039
2711
2304
1962
308
1011
1071
1632
572
1534
1425
123
271
2641
1010
1778
2764
2442
2225
993
2052
521
935
1756
3226
906
892
2651
2311
2484
304
3154
583
710
221
166
2241
3174
855
1127
1707
958
2705
3011
1177
3213
1554
2835
2433
1515
775
2112
452
920
499
2066
1443
665
210
1188
1107
2455
517
1775
1458
1366
1359
998
2003
1257
2055
2626
1007
3180
434
2014
1635
2116
3042
142
2992
2792
1041
2593
339
1424
2438
277
720
3139
3189
2467
2918
2242
906
1002
396
1647
2530
1740
2018
1918
1903
2145
1420
175
3123
1914
1226
1424
72
899
41
627
1115
2429
2546
347
2807
2487
3237
2607
1597
2516
825
488
3081
98
420
3127
3103
1822
1533
1675
1832
2760
1081
1634
2181
3089
2912
2903
1268
2990
751
540
1647
491
1460
2245
1860
2201
3083
1235
2869
2788
1115
2084
3021
2119
3021
2160
1733
2827
3178
18
917
1511
3143
2195
1406
1515
3201
1461
3068
1531
929
2824
2569
1071
1398
1538
771
3267
2645
2516
614
333
351
1783
903
798
1596
2982
2909
1933
3128
2681
2432
2500
2669
1102
605
1870
1983
1527
2835
1982
1398
2553
3100
787
227
2169
1639
213
2770
1447
833
905
1749
584
1101
214
1118
1333
576
1745
941
1985
743
513
3017
2210
2142
1155
2525
669
2126
486
1444
2685
1738
1679
2468
1222
926
1188
2771
908
2258
2580
2074
2455
2359
1679
1742
836
1065
465
2828
3052
968
675
2731
873
1114
1794
1645
2704
146
249
2097
954
2821
1388
2916
2024
2574
1744
426
1836
2901
2305
1471
1229
1064
465
2090
3168
165
1724
1995
864
2592
2074
2097
331
1729
1812
2815
1308
298
1714
2847
2981
138
2979
3022
1044
1613
1223
1805
3219
59
2455
187
259
1081
2185
2526
1508
2775
1471
1584
3204
2745
1030
3142
1876
925
1383
3056
2959
352
2558
1651
2609
3147
1840
1061
997
551
2754
1614
2101
143
1002
1849
2592
639
3135
1875
195
3247
1082
1560
1165
2757
929
3078
1580
1477
2829
2770
720
2276
971
1482
1568
926
2060
1966
1011
2814
151
2851
134
2293
1346
356
1138
2170
121
705
1624
1772
808
1990
1915
1601
2392
862
123
2168
795
2460
455
2408
2209
502
2918
1498
50
940
3189
2923
845
426
303
1655
2482
2814
1608
2470
293
1324
2968
1098
3051
3046
2486
2449
3277
463
2791
1061
1906
2731
1166
1282
2207
1888
1218
2340
924
3121
2768
2871
2947
820
367
2489
2280
51
2848
2536
1482
1226
2728
3259
2530
1722
2878
2841
1953
1042
3095
2059
1830
1015
1548
355
692
730
2193
210
2117
640
1234
2298
1807
2424
2695
1785
761
2656
125
1007
2033
2925
740
3018
2670
1672
2785
1239
576
222
2433
1793
1663
1399
3266
2007
1178
411
3064
982
3213
2116
3043
1765
3115
2093
1156
2368
94
1661
1504
724
799
844
1446
972
2494
96
1594
302
1817
644
253
2730
1372
1518
1124
2983
1138
2777
2386
3258
2671
3163
2512
2754
3241
1700
783
3073
1323
1306
1633
2171
424
978
790
282
3172
851
1659
336
2304
136
615
69
3077
2388
2726
950
1833
1587
45
1647
1100
2772
205
1115
2349
1582
1384
2015
1090
2657
1411
198
789
1230
2599
114
1475
1342
1755
2566
2453
1542
2354
1396
1217
1850
2261
1054
1760
2169
535
3147
1259
40
2932
174
1109
540
822
3146
1462
330
1427
412
2284
1247
2201
2192
2874
2354
344
2588
3193
2897
2361
478
2213
1124
166
2803
3206
1763
3126
935
1503
717
814
901
708
2392
1568
3149
104
2149
1964
2782
2536
2415
2812
971
1886
1497
2138
193
2688
696
2134
190
1527
1532
3123
79
2412
2624
1868
575
2340
827
45
1913
2841
2867
871
1267
108
2936
2996
1650
2959
1307
2421
22
1730
3039
1712
2651
2892
3009
1226
2694
50
1222
1123
789
2691
2199
1970
363
3150
3049
3238
2744
3164
2711
587
2579
163
887
914
2108
2204
2793
351
2195
1224
1517
3161
1766
2991
3259
521
2880
823
1722
234
654
1308
2946
145
1155
2185
335
2867
578
1121
1134
629
1616
1108
860
1634
338
2711
372
533
3073
1335
1402
445
97
2686
3166
2235
1475
2483
1383
2940
2874
2599
2517
987
3087
3126
2121
929
70
3222
2366
2238
2025
2656
1258
932
3276
877
2396
1675
796
1903
715
323
1122
2190
2913
82
1767
2541
1939
1587
1736
1578
300
595
2307
1976
1563
2393
246
104
2543
1435
180
116
587
830
2394
165
2569
539
2621
1643
855
2694
2688
2225
1147
2219
3049
660
1947
1323
2281
326
702
2948
794
160
1752
2087
1052
2578
2822
2124
1571
780
733
3046
3195
1273
2894
1771
1978
1420
47
595
288
751
1533
1745
621
1927
66
432
642
1435
41
254
3090
1259
2600
1088
79
2305
2824
2988
1138
979
408
2435
2271
2136
558
1522
1412
972
3170
3141
166
2794
2924
2925
2173
476
1613
170
426
1458
2930
2433
3191
1170
848
164
2394
1288
631
763
2937
2476
1700
97
413
1199
1043
545
2751
2188
2102
2754
2933
782
2634
1523
1573
2418
2176
1485
2884
733
2613
1076
926
1219
3169
3054
877
2046
2623
71
477
2628
251
104
2610
695
1742
929
553
2553
1929
1381
293
764
2998
1186
1799
2909
722
1740
360
114
631
2212
1965
1604
3231
81
2438
1050
535
311
2932
943
1631
2944
1668
96
1790
2815
1765
1704
1283
662
1255
2748
1537
343
1839
2534
2874
1270
2502
963
264
95
1427
1400
1357
924
1801
1843
949
2214
2376
2356
1685
2242
1141
2659
2059
1122
2789
1426
2179
1928
2641
699
788
2026
3238
748
1250
100
221
1881
3257
141
272
1829
1252
1845
1166
1921
2360
1287
3275
846
2913
1149
2231
2324
1890
1931
2586
2381
180
2927
2197
2202
1755
771
273
2436
1679
1228
1731
1978
3266
2543
2015
2988
166
2078
375
2572
1725
924
2823
2371
1364
2506
506
96
2360
2824
2675
824
780
1100
1866
2247
626
2276
2887
1525
261
787
3062
878
2240
2270
2904
570
2008
548
196
2319
1019
2572
775
1934
3018
2296
2288
771
3013
2713
585
1716
3024
135
1236
2889
1887
460
645
646
3028
1159
1166
1992
593
2177
1747
2250
959
2426
2314
196
682
2455
2721
3241
854
2746
1711
3101
1856
1842
2956
2339
2781
135
816
140
1930
407
2058
1304
3008
1143
468
2691
478
3175
3188
1469
1130
2748
2786
2303
2893
1406
428
2320
1057
2501
386
3074
1915
1788
2604
2124
2577
894
2038
359
2169
1976
1810
600
3162
2505
3039
858
2515
951
1323
371
183
2794
1864
2145
1743
1590
1332
623
85
3173
844
466
1400
2178
1462
2651
1762
1904
700
581
2479
3081
424
1063
1
152
2043
1440
2510
2353
2639
3252
2437
261
725
292
2893
3224
2319
1754
1054
2793
3263
2121
266
698
741
1100
3069
2344
78
1634
1201
2969
983
820
3242
1790
1394
67
1284
2455
3077
173
2480
2369
1464
1103
640
1305
2836
1638
626
2359
2188
2285
205
2915
938
76
2774
1089
1090
1578
1691
2216
2576
145
3047
1711
2650
2710
1403
936
1136
3007
1558
2923
547
2896
848
1989
1614
1626
2121
2565
2915
2271
1374
2624
1835
1058
538
3261
2301
2265
2495
2730
296
1466
2786
454
1740
2748
617
2086
1154
2840
1019
1976
1913
1225
1295
2937
3221
1942
2406
517
1832
628
2397
1501
2493
1123
2674
565
3195
2780
621
1196
1631
2805
2655
1526
2064
622
1695
1695
196
2738
2314
2549
595
1983
1498
3137
1675
1685
1729
2847
2802
2968
358
2555
1259
2773
2491
785
904
2721
1373
2185
241
1059
2953
1575
1395
563
2594
160
1166
1364
441
803
2374
1747
2717
2910
112
2104
440
2772
780
2311
637
296
2318
832
3234
1566
33
2196
1964
1769
2180
1830
803
217
1700
762
3009
2486
2974
2809
334
2422
849
885
1395
631
946
44
2266
3031
1473
2016
525
395
2580
2103
1692
247
2833
1829
1349
626
2950
3037
3263
40
2594
3195
1103
1904
535
207
471
2952
369
272
2275
2560
2603
1055
1210
2781
1677
2681
2329
24
1519
2434
1312
412
2644
2752
223
767
618
1476
1107
44
1334
524
53
2804
1156
1947
2715
910
2929
1299
2005
3182
2787
3006
1204
871
2389
2135
268
964
1169
3100
2368
2063
284
57
1022
2257
2362
2644
1597
2203
2654
2305
1501
1078
1597
2189
2473
1057
1613
2590
2254
1588
1766
2641
3007
2396
2250
2000
133
3047
2844
971
1958
1616
768
2456
1368
3214
1536
1083
2268
1628
2379
2220
2278
504
1175
517
1810
1296
261
5
3153
1478
2366
2130
929
2312
821
1130
2898
887
591
1623
560
1734
203
2788
627
3090
608
40
753
2952
532
1021
953
2912
1771
1942
2893
2497
354
3024
23
1329
143
2517
2486
1826
1865
2170
1452
257
845
2950
2030
1497
2170
957
3179
2665
1329
1632
1347
673
1336
3245
1115
1635
1271
521
1438
1948
1019
1978
3030
952
3044
443
2191
1832
232
1721
254
1708
2773
1723
497
2953
1341
657
2041
777
1457
300
1889
2088
102
836
1539
1165
118
2289
3095
3182
2306
814
1145
1485
1913
1253
1213
2921
1527
175
2224
570
1545
136
23
1290
3142
2818
1797
868
1310
2463
323
1079
2895
2632
2741
775
1321
2325
507
2873
1907
719
1463
2123
3263
2611
823
2098
2445
1713
2197
55
1449
2536
1495
1220
812
2325
2223
1160
488
308
1248
1051
318
1602
424
1066
612
1136
2805
662
1715
113
2989
115
3062
1057
2395
2616
603
1194
23
1431
2775
2312
2625
593
1619
1133
1554
1207
1152
1278
2812
1826
279
1054
1862
696
2842
1378
2837
2438
1267
1203
3193
595
3109
1831
851
865
1092
548
569
745
1822
1560
1230
229
644
1705
3048
1892
1469
1862
3266
2919
1777
1533
2964
2929
2312
1305
108
676
1021
158
1286
196
1216
2497
1047
2760
97
2213
614
1926
725
1244
1779
640
447
465
1869
2154
2167
696
961
260
1455
820
1378
2531
2437
1321
779
650
2357
211
1495
161
1026
2768
1385
801
1275
2586
1955
407
903
1207
2294
2033
1229
902
1477
2262
3256
1845
907
2579
158
483
3047
2153
2639
704
1282
774
1022
1828
3235
3065
2193
1229
374
288
2653
1854
1574
2779
3058
162
897
1029
837
464
519
540
753
1694
1662
1916
2924
2603
2549
2498
1622
882
1431
2431
241
2714
1110
2980
374
1895
3175
2937
3179
716
1471
582
619
2252
2365
496
1317
385
2661
3197
3064
2055
1886
3109
2610
3219
2754
2326
652
2156
1138
143
881
1083
1293
1867
341
1099
1945
326
2722
381
2113
3072
2687
661
1750
2994
2360
2414
200
1389
1497
337
340
861
2823
2160
1721
1728
276
425
422
1232
1456
2217
1867
3016
2874
602
2052
111
2074
2573
2427
1175
1259
554
757
947
1300
2257
283
711
3024
2653
2444
2673
1537
3041
2526
2126
325
291
2678
2885
1398
2077
2657
1218
1479
1038
2413
3086
2947
2971
3084
254
721
2695
1196
2856
2949
2687
1968
1534
796
882
611
2631
927
162
155
2994
3191
1953
1573
1977
1065
416
1953
2425
2056
1915
2045
3184
1422
1046
3216
452
1470
165
1701
528
3207
433
2774
2285
353
2160
464
1071
810
1440
1166
1864
718
1207
709
1634
1734
772
3061
816
3232
1616
68
586
1055
56
422
3240
3182
1305
1009
1849
2174
2570
1963
2721
3241
2668
1175
1294
1927
2197
750
874
417
2554
513
1395
2328
645
1196
1727
2918
671
2261
1718
3048
495
593
1592
1542
220
1236
1291
873
296
538
655
458
736
2018
3021
2663
1544
2393
217
2528
2812
1512
492
2689
1322
3149
1999
1586
1763
1395
2868
2968
91
1532
2921
1347
2999
1323
2848
1246
1710
1241
1783
1949
122
2371
2386
2324
2383
1490
1417
22
954
1062
1129
308
1324
1062
3078
2268
3172
175
19
584
362
2782
2863
124
1494
314
377
2881
2312
2004
26
556
180
1713
1771
1138
1570
1732
776
1538
1376
3173
1924
149
2964
1930
1189
722
2051
1407
1952
3136
61
2351
1660
1238
2817
633
534
3012
1394
2498
466
1511
2415
2901
3250
255
3030
1997
2479
1887
796
2126
1188
1542
2510
1378
442
1825
978
1449
757
2407
1729
3262
890
781
3122
1528
3115
3069
2034
857
2964
2777
651
2344
2037
1745
1369
2903
2214
1721
1358
2138
201
1466
22
51
3001
3180
1408
34
1324
926
1867
452
180
685
715
2350
1057
2129
1270
234
2157
1600
695
3104
2869
2049
1534
256
276
974
805
973
3215
1094
2622
333
2530
1675
392
278
1684
2149
762
426
493
2162
2603
2554
93
188
3205
2247
567
1061
672
1793
344
1802
2432
1432
1569
2138
2304
3049
1064
2525
1564
3073
580
32
407
2121
2836
619
2494
1602
843
2434
1563
1695
2375
1444
2625
422
2049
250
857
1680
1863
2566
205
2443
2496
438
1346
3060
663
2222
1718
1030
31
260
2803
2328
2194
1634
1820
860
1577
1279
2349
2709
3194
1183
1378
3135
1955
816
401
2858
1410
267
1337
1038
793
209
2122
2354
2063
850
1915
1811
1818
373
1253
1044
144
1582
567
99
1095
1038
2039
2078
810
2167
1828
841
250
413
604
2246
2493
1584
2993
3263
2080
1796
1146
2380
1731
3269
1495
1658
1654
942
1409
1793
40
1048
1070
2957
2406
58
3134
2944
3005
1527
296
2120
1503
2534
1638
142
1759
1011
2850
522
200
1547
358
1415
2383
2155
312
1829
3136
1827
1241
1647
1652
1542
2901
1709
20
2521
460
1996
872
593
168
908
1785
124
2552
225
2101
516
2376
2341
159
1649
570
1114
3148
938
2008
2045
1364
2166
873
1060
1167
2215
2868
197
2885
2064
819
2577
1580
1613
2066
2714
1776
1794
1266
2996
2830
2991
271
328
1741
296
1471
3234
2851
688
908
494
2597
383
2578
584
1018
3143
1567
729
1619
1435
58
1582
2159
1207
569
1679
209
2333
1128
2510
2948
2416
2304
937
2783
1516
1620
3083
6
125
1679
380
1319
737
948
878
52
2044
106
802
1279
2669
2730
2559
2611
191
600
239
426
2365
1083
2749
1150
248
1645
2535
2453
2068
1730
2622
2654
2164
2944
93
3175
219
2557
2699
90
836
105
2927
1700
527
2427
2609
2628
305
1040
2572
546
1798
2226
1248
2377
2143
1810
1950
1253
1272
1386
639
2141
812
563
3043
2036
1654
3021
357
2641
2358
418
1528
769
2162
1450
2207
1599
930
1281
1487
20
3100
1249
2197
1433
1570
271
1030
1012
1008
2321
2578
2617
828
740
1271
2932
599
108
1368
2357
541
414
2599
985
903
969
1935
1878
2372
1229
1366
2905
1470
271
56
2647
2751
1566
87
1618
2437
1869
879
1368
1340
358
1669
2395
1723
290
246
134
67
3248
768
2898
2469
1030
2475
2237
2580
1300
1778
1484
1217
286
2498
207
999
916
1172
1008
2728
2788
1191
1928
2396
90
3037
1566
2426
2357
1437
3115
3263
2758
2235
1837
2032
553
1333
1142
426
2423
755
2479
2661
1158
911
1102
2378
607
1524
1733
1611
158
2710
970
1691
1121
2639
2916
2667
697
2933
1753
271
3123
1832
1016
601
607
2676
27
2256
2762
1349
833
2124
1630
3172
2186
768
158
124
1116
1373
1038
1460
1413
1115
1871
2759
416
1688
1679
2834
2575
1814
2483
2687
1703
1745
1135
938
18
2231
993
1796
2654
1767
2590
876
2
799
2880
969
1093
310
1532
121
2592
206
1271
866
2477
1291
715
2613
1974
3155
2764
3114
3219
1762
954
488
1937
1987
2858
2075
2271
3035
526
2102
619
1472
2763
3244
1650
2555
3171
1474
258
2699
2043
2723
2457
2562
1921
574
2587
477
3129
3167
2942
2787
1031
2521
3018
804
1502
629
1900
101
630
1927
3244
2706
866
1320
831
1691
3081
1849
2962
144
866
2730
1598
2594
1734
1673
191
715
3252
1367
2857
2962
1208
1780
191
2162
415
917
1811
2806
412
2083
224
2068
2032
1142
1285
418
541
957
2566
1395
1485
299
2473
1037
2015
1140
85
1894
43
1250
3003
2989
198
2941
3185
631
321
1587
327
613
2811
1128
3257
1321
1790
562
441
717
254
1884
451
3123
1602
3142
2435
105
226
861
709
2964
753
1540
1473
2851
2143
952
1759
1534
2456
3026
380
1930
3085
998
800
3151
2732
2452
334
575
2522
1271
970
2919
2710
1048
164
1292
2530
2823
196
517
40
2701
969
1819
228
694
1753
1284
2014
811
2957
1338
1921
456
662
1335
1409
1594
1056
542
3245
2409
1616
2572
259
1931
2229
2100
858
2564
2922
1898
2903
387
2247
1718
2896
596
2143
493
1256
2086
545
2537
2153
1643
513
401
1439
1063
750
447
470
2141
2850
1516
42
2339
144
2590
2398
2277
3130
2265
1746
1820
841
384
1077
2467
1598
696
2952
2633
70
1951
2214
250
994
2524
396
2399
2170
2683
951
690
1550
108
1810
562
3138
2108
103
979
1306
978
2592
2856
169
1489
963
1665
1757
1069
557
3249
3235
1843
2689
1900
2440
968
2921
2330
2846
2370
483
1655
840
2902
2550
3181
2112
2557
2187
1069
907
1591
2145
1094
1703
1431
1062
204
676
1713
1144
3195
3243
485
3033
2488
1598
3026
1060
2601
1639
466
289
2187
259
2267
3037
2138
2403
1851
2627
1769
1806
2028
900
2426
1695
2450
2034
199
2657
374
2467
197
1184
1981
1577
1289
1467
530
477
143
2020
488
468
2814
2318
1323
1281
944
852
458
830
2406
292
1136
3139
1376
1003
2790
137
591
1863
2270
2792
276
2755
3168
2079
956
1457
2617
796
183
2235
1960
3265
890
2665
837
2358
1573
2182
1411
1627
2406
2177
1958
548
766
1816
3254
331
426
1981
437
898
1360
1876
165
617
968
673
2961
2153
3134
1864
413
3248
426
3195
2495
2025
1188
2617
471
2172
1301
3134
1906
1712
1878
1101
652
3173
2126
3115
1938
2628
3123
352
1482
1971
907
1190
2711
1916
1321
1814
491
411
2259
2219
2353
3107
1969
2991
2512
1767
2001
1809
2591
2618
1185
434
909
1542
1663
1784
1650
1233
421
1322
1805
3244
457
1498
662
1246
1916
1051
2844
176
772
1020
663
2385
1283
2191
1861
1868
963
3092
3267
3043
175
2721
2679
295
1665
754
1925
302
2962
2698
1655
410
2681
3057
3084
1814
723
3146
851
284
283
568
1879
428
1516
435
1959
2799
1301
1734
836
3276
2078
2369
621
3165
1585
2482
2763
662
2532
450
838
1426
915
467
784
2526
1843
3173
285
628
1936
1533
1544
1596
238
2550
2252
487
2957
2013
2948
840
2033
1670
1785
2928
981
2567
1804
375
2488
1708
1720
14
1702
1126
1874
2801
1287
812
2921
3250
422
995
2675
931
41
1586
1473
2835
2695
1344
1793
326
199
971
2675
1061
2787
2853
890
1291
1376
1827
2673
1877
1861
2296
2283
2569
83
351
3265
2512
367
2283
2660
538
1976
1754
910
238
661
111
314
282
1750
1949
2355
1194
209
1599
2783
2496
2757
769
1352
1763
1587
932
2134
2272
998
858
1661
1481
3221
1866
3082
3035
2285
2046
1138
1625
378
1668
2373
3043
495
1060
2447
2555
2943
35
1338
311
2104
3105
1250
3120
1178
234
2476
2865
1990
2729
1013
2096
706
2458
3172
1724
2227
2781
2013
1690
2196
2510
2924
1629
1814
2643
580
3243
1122
2361
1158
1398
3186
1628
1863
1719
1035
3096
2001
2537
2755
1141
229
1895
1030
3190
3081
245
1524
2334
2675
557
13
2100
1121
2677
2998
2539
222
232
1369
2637
1219
3103
1678
295
1975
2036
1661
2274
322
3267
1454
2429
779
565
2676
2883
605
2755
1639
413
1548
498
938
2870
314
230
3078
1197
845
2476
577
1173
1415
5
1554
1117
2927
864
386
47
1251
992
1265
1155
140
3220
948
56
1014
811
2499
1331
2891
2659
2350
392
1500
1949
2826
398
1206
1418
2296
1245
2562
305
1972
880
2066
424
1194
1664
2969
1990
554
3041
1624
740
1087
2746
673
2869
2496
903
418
507
1732
3038
43
2901
1478
3251
2619
485
348
2547
3124
2881
556
982
2578
1813
1618
2236
1299
3223
2703
2034
1273
2542
1881
2302
140
1512
1761
2830
231
2766
3222
2490
2058
1940
10
1093
2408
1974
1762
1189
2482
575
3223
872
377
1722
2571
3121
2819
2163
3008
3241
968
530
2219
2871
899
2942
2167
2313
1164
650
1230
3227
1477
1711
1141
2974
455
504
567
2803
942
3121
1248
1333
490
2270
1793
2092
1921
73
1778
3271
1869
1866
1094
1742
2076
768
774
2437
1331
629
101
2871
2980
2093
2774
2891
2478
2673
721
2885
3006
1105
753
1200
677
1173
399
3170
469
2001
1067
64
1146
2755
880
2447
445
2215
2938
1065
1411
1495
1001
2010
2343
201
1280
2727
375
848
3009
3176
993
2009
3047
640
1253
1575
2888
236
1253
405
1389
2723
1804
1555
772
1659
251
1914
2644
668
1360
913
1927
927
2813
214
1321
2419
1705
2652
1764
1835
1249
722
1352
1153
1820
2216
751
3250
1429
1357
1725
2018
2857
2048
71
2298
111
1562
2177
1772
423
1975
975
2874
2008
271
2747
3235
209
1474
1254
3264
1211
2473
457
2289
1262
708
1967
2204
2350
1614
2796
3160
2597
337
1457
422
2838
91
2283
2958
400
92
2897
965
1743
2298
596
1219
2015
2684
2569
1731
2516
3172
341
1658
1023
93
1508
3164
3016
1721
509
2861
1882
1229
1158
1612
2336
223
2171
859
2379
2658
2718
1115
1478
2182
1477
303
2705
697
351
1024
1167
2520
2724
1474
1830
2286
1006
2062
72
2735
2344
2439
849
1852
2056
1313
3262
1912
2793
3271
174
2831
2120
2377
1594
2874
632
2472
419
1907
2450
1350
644
728
1234
2006
417
1520
2191
1074
912
2947
1137
1268
2197
1484
586
1215
1365
2351
288
2938
3267
2475
2885
221
118
1284
1598
1211
2414
1751
436
2607
2070
1799
1074
1579
2631
735
344
2071
748
1162
1295
54
1353
1552
3112
2701
3145
2519
2365
487
764
2327
345
2917
2551
1386
3099
1167
2120
1094
2362
1110
938
413
2630
3124
494
1741
680
60
2264
3249
2413
832
2860
2357
2996
294
2915
631
2090
1156
713
1997
3042
2043
2210
1114
2324
1765
2083
2951
3
2695
215
1596
1479
1075
1699
1949
1961
2850
2516
2483
2548
415
712
3076
255
1315
2466
1968
824
1679
615
3246
3237
1977
3162
2191
1477
484
853
2658
1619
3063
512
1054
1489
1026
110
916
3051
1560
2753
2479
1501
225
1293
1756
1560
2950
1231
2493
1670
126
533
155
3120
237
567
297
1228
2688
2819
976
2465
884
87
1559
1718
72
1985
353
2917
106
1875
815
810
3016
441
1875
581
2077
2844
1957
2915
2449
3088
2061
1713
586
335
1456
711
1966
1821
819
1175
1073
1395
3119
2963
3193
3033
843
630
2100
2975
2130
481
3040
3107
2504
918
1819
2028
622
1312
2826
354
794
1411
3206
2747
2372
801
3066
813
697
3040
1686
1259
2976
1208
316
1524
1843
1914
1013
240
1747
2257
2436
419
1590
2997
1716
984
2542
1909
40
73
161
1437
1415
2448
262
835
2240
2034
1269
345
471
700
2160
734
2361
1565
1682
2767
3119
1885
2053
3071
1397
2447
2507
793
1001
2831
2449
1664
761
2716
2846
1119
1332
1563
2686
1893
345
451
2069
1863
1422
1663
2216
1006
1916
3267
843
2567
1277
663
2672
1596
1447
2163
948
1492
1877
1782
2143
2550
3161
1483
574
3160
2216
3134
1330
241
2849
143
1503
83
1672
457
1921
3232
2734
2751
1956
792
1143
79
463
1522
2164
1650
1311
2550
2962
2800
658
1732
186
1967
328
536
3018
1296
1501
440
164
1200
131
707
1326
870
567
529
66
1972
3249
301
1517
1282
2626
1727
1181
2275
314
1527
2566
1941
818
1389
2500
2488
1411
2713
2382
938
2464
2238
419
2990
659
2981
178
1055
1231
863
326
2170
1823
778
889
3067
490
2829
739
1412
101
2637
1972
2735
2680
2164
2437
650
2000
2870
1921
1314
719
571
3245
891
1393
2982
995
90
952
833
1428
590
208
2009
718
1873
2280
633
1133
2271
1690
368
2153
3081
262
3166
215
3170
2423
846
2943
2601
3108
1944
3047
2669
2787
162
2958
1247
557
2055
2618
314
3083
606
2157
1615
348
2517
713
793
1697
2416
497
1798
1200
1967
660
2943
1879
3134
3168
2621
601
1498
2119
2269
894
632
1665
2170
1383
1335
1196
431
892
3114
2776
574
667
1214
2436
2031
2165
197
642
1906
534
1157
100
1975
1721
3223
13
116
1066
2667
807
2747
470
772
2236
1423
2004
493
2346
2591
2618
3072
3112
1232
3167
1028
760
490
732
1613
2638
790
370
1789
2747
1556
2173
1257
417
1306
3049
795
788
3166
1867
344
2932
1768
1506
3092
2755
1171
3005
678
120
438
1737
1453
1306
3069
465
1559
2955
35
51
103
1036
2261
2334
762
1178
222
2335
2800
1794
1872
1035
2487
1706
335
2763
1328
438
2941
2227
2783
277
2515
608
443
1195
2840
27
1590
1030
2147
2707
636
1842
669
174
2085
2069
1651
1772
953
1611
3049
2628
614
2755
1730
2608
2244
1299
844
2608
3234
3201
2878
1246
973
2155
1989
232
83
2546
725
2150
3109
264
2474
2372
2404
2553
1467
1443
2376
2635
333
343
1346
143
1650
1663
1520
2738
217
2070
2534
1647
1142
2353
1203
692
1986
767
2072
3051
118
2534
2432
2561
2822
1368
2271
1784
3022
1946
2823
2037
3027
3133
1576
731
3267
1061
3125
213
2401
682
1290
1172
1117
3142
1035
1198
307
192
2865
1059
2320
1971
1809
3218
2697
1586
2344
1890
759
1111
3065
1596
56
2443
1579
1242
844
2447
2944
342
1467
668
208
470
985
63
2112
2842
265
2496
1147
1334
416
2365
2908
1326
2365
3047
105
1411
3148
558
2339
1149
2567
1698
1728
1371
2673
1427
1875
1245
600
3122
99
1206
3124
3184
1262
2847
1179
710
2259
1778
1522
2851
2584
585
1375
1366
2970
1859
3198
2419
1622
1859
1329
3196
2501
503
1583
669
2560
2372
2268
1459
1877
1462
1003
146
333
3044
1650
3123
1815
3260
566
3077
2711
2750
1837
865
2071
1160
1395
2785
355
2947
2778
1555
1202
995
1157
78
2826
1227
1668
1075
3
2287
2120
2042
2913
41
2843
512
2084
3069
3229
3206
347
1077
1867
1461
1753
213
2418
1534
2995
1688
2802
99
1790
1619
2620
71
2243
3201
3112
2964
2147
1147
1789
815
1224
1610
1925
2192
2162
1462
3006
633
848
3258
2142
1946
3184
2882
2044
2335
2635
3240
3127
1022
1772
840
1567
1577
2120
1906
364
437
2977
1757
2797
2027
2335
468
1902
3241
1247
1664
867
3097
1478
1934
2620
3261
1081
2898
242
2815
661
987
1485
2118
2037
91
1068
2759
2231
2118
2854
2066
538
968
2301
1923
1950
493
1787
888
1914
41
1981
2463
1243
908
2543
1944
95
235
1185
1111
201
2751
1445
53
296
500
1837
2294
813
114
2914
2186
2808
1877
1655
534
789
344
3150
1067
291
2483
2609
940
890
2037
438
3238
1702
1114
133
2428
2846
1299
2583
197
919
2888
2233
2647
1122
53
1987
563
1484
723
3134
1684
1313
7
294
2033
2435
1463
3208
1250
2905
1955
667
1429
927
1620
3099
2650
2096
564
479
241
1823
1213
1537
241
1599
874
801
2387
1473
3267
106
3152
1173
802
3188
911
1399
2256
1882
72
1686
1904
321
2783
2727
807
637
1454
3026
2529
3105
26
1028
2234
3228
1841
2428
2848
2642
1893
1229
1855
3244
3229
3033
2103
1422
257
170
3276
932
1150
3201
1182
2330
2609
2332
697
601
2301
2618
680
1334
1543
3210
2574
1877
1618
2257
1020
251
2018
2588
1633
1205
720
1472
1338
256
1499
1838
2628
305
2187
2054
415
2351
1644
1628
3006
1940
2614
2873
2941
1703
2380
41
1823
2806
808
1473
1600
2035
1299
932
887
3227
1494
2636
542
953
1661
3039
1390
869
1400
1141
1565
1881
2776
2602
2590
1247
325
980
2183
203
2275
2954
2542
2428
1158
2205
2298
2577
421
1578
872
3088
2103
1307
3083
785
3195
514
329
1137
791
1823
1366
1697
1211
792
551
2589
435
2419
2439
1940
3117
549
431
1356
1653
1769
2153
2298
2220
112
2536
2040
2887
562
552
2861
873
935
3185
542
2877
648
1164
1862
862
1666
959
1127
1900
1308
2519
1470
2392
1189
714
1124
1786
2499
1540
899
1852
2057
3244
2256
1420
1941
2256
3017
1449
1247
280
2719
855
2458
359
1719
1235
967
1025
2771
915
57
2566
2466
3012
230
1752
909
1566
1915
2159
645
3176
3205
51
278
2344
2170
2447
2929
717
1774
1293
2390
1543
729
2957
3174
713
1093
929
1247
736
2817
775
1328
211
2964
1601
811
1512
2556
493
3082
2374
2728
2815
122
981
2995
3265
276
3179
2943
2487
1755
2438
509
1190
861
3104
1265
544
1032
1857
2373
3226
293
1201
1676
1286
1853
2654
2147
906
2486
1051
3177
1425
174
2995
1347
1626
1854
2377
2005
3095
658
1551
2031
1727
1805
1260
811
2712
972
2008
3081
949
882
2240
1861
1524
2700
3260
155
2543
2246
2967
652
1845
3016
1457
2453
2329
632
558
2869
2042
3142
681
718
2738
2483
14
2434
137
834
2706
1207
2685
623
1735
2564
2726
2941
2107
1065
2600
1759
920
1186
3182
2323
3056
172
1678
1972
2121
2991
1224
1063
2139
286
449
1934
3073
2389
1603
1308
2704
1312
2126
2880
244
2929
1718
3085
1762
1269
2883
2980
2971
1084
955
2522
1884
3214
581
687
505
3208
2228
306
2196
2914
2246
1754
3186
308
2475
726
1267
3144
846
468
474
2207
1574
1287
2030
2181
3253
596
2943
30
209
2407
2377
2366
1279
704
1133
1181
3059
1127
909
2693
463
2825
1807
2480
1090
1620
1447
1638
1753
1874
730
3026
1780
3176
3222
399
1623
1681
89
1087
2404
1693
2931
3263
791
1957
1746
1227
1413
1421
2125
2007
1870
2034
2539
2189
2033
891
258
24
2529
1755
1468
1562
1520
2196
2890
817
517
2766
2365
866
2139
1019
2452
176
743
386
2236
1213
1234
11
374
1706
1465
2104
1307
2651
3024
2914
1777
3273
2191
609
2016
647
2945
2543
2371
239
510
2938
216
2637
259
1943
357
2222
815
1044
1368
2385
2880
3191
527
1102
2129
1766
2739
633
1480
3155
762
1711
1084
1494
577
3218
1345
2782
240
487
234
570
2622
3215
580
393
3132
598
2021
1716
60
2813
3128
1793
1413
1249
1519
2311
505
2833
1061
1280
2316
513
887
194
780
2481
1533
2397
2135
1846
2928
3147
1053
2797
56
3049
1387
1351
149
2743
1376
672
1721
680
2373
1665
1902
1035
258
2944
1847
1150
2222
43
1331
1611
1851
1577
1462
1797
1100
3066
56
1055
2236
1681
1888
1126
2632
2436
2150
475
704
791
1374
2358
3262
330
322
1072
3248
1316
329
998
52
2403
202
98
1892
470
2055
2309
522
1361
796
344
1942
268
2417
3147
1778
273
3200
377
2134
1548
1218
424
1168
245
1708
1562
3041
1677
2525
3253
2443
1606
3172
2396
1151
2506
651
2907
1023
2238
2550
3074
1367
2338
950
2172
805
2854
3083
640
2076
1424
75
2505
245
2872
2489
928
1912
1306
1038
1435
161
3239
860
1426
2030
1302
833
211
459
3115
775
755
584
1943
3045
2014
2202
249
2912
2017
2368
2279
3016
764
1884
1585
427
154
1007
860
1269
3095
867
1518
1598
2497
2527
407
2603
1589
475
3153
2089
567
1814
3068
843
852
2418
655
1856
1268
444
2800
1695
1396
1432
1330
1166
2781
345
1096
1761
320
2906
2234
1945
371
2789
196
2377
2228
3230
3251
1335
2417
2876
3246
2563
1064
1691
902
415
988
2443
1773
568
1682
1303
2237
1854
1808
2097
2878
747
2502
1854
3087
3066
2202
1839
1147
2819
1510
1562
2773
1241
2219
460
114
3008
2674
771
2836
421
3057
269
1365
506
3107
1145
2902
967
2619
754
615
2709
295
357
240
904
1318
847
564
3009
3016
1931
2824
2587
1725
3240
1240
3230
74
919
214
1758
2083
1085
571
2073
1521
1120
387
1592
55
2786
1927
1990
1658
1570
1430
2564
162
3137
2404
1717
1420
1475
2972
932
1970
2379
1187
693
1682
633
1644
2368
1789
1097
1762
2249
248
1900
45
1592
1344
432
1430
2456
2365
2607
3024
98
458
1074
901
685
2147
1124
1251
2999
3269
1020
1177
2389
457
2196
1086
1521
1904
1937
857
984
260
1393
2418
160
3169
1186
394
1112
2388
1096
3132
3273
3217
2281
217
1349
1712
2319
711
454
1949
1179
2532
1891
108
1855
799
3097
1440
835
436
1196
171
1296
3234
1100
1496
1587
194
1212
2620
1727
1605
251
2175
148
1342
1558
830
459
2866
2680
169
471
122
2299
1989
2917
1502
2475
1968
448
3176
2221
2796
541
3241
2991
1404
324
2306
2422
1600
3152
33
183
187
46
2091
2132
1137
1285
1141
733
2650
1935
2029
3127
1824
2652
2380
2920
1068
2305
2028
3087
2038
1849
1648
2469
701
1513
1753
826
2065
1256
1750
447
2662
2941
382
307
1913
1220
532
102
290
933
52
306
2809
2115
1083
2474
2154
259
3154
2514
2556
1899
2683
774
3034
1589
217
2033
1119
2267
1997
3027
1190
2120
789
2843
84
477
1223
1059
2928
1529
2476
2565
2511
2877
277
512
1371
138
2987
2194
96
1158
2486
481
1500
2416
2759
1511
66
3094
1034
1409
3025
2853
1434
3085
52
3057
1859
1927
29
108
1305
1944
2693
463
1091
1015
700
96
1338
233
1159
608
2211
2219
1590
1454
1432
977
1130
1160
862
241
1599
2726
541
623
584
364
2831
2361
3275
1760
1753
5
2763
744
3121
2742
1408
433
1398
982
59
1740
1479
1391
1519
1590
1503
1839
904
951
1946
2223
2733
1478
2993
1295
1371
701
2988
70
698
616
2583
1281
3053
271
1148
2507
763
325
3185
1935
1863
4
1651
1290
2069
1308
1784
1922
180
913
3214
1559
1702
998
663
801
3026
3051
2925
650
2546
2788
2659
165
1538
2660
1525
1730
1876
1097
264
276
2728
1193
2551
3259
22
1242
1191
2021
670
3
2061
335
2893
2048
1916
1088
528
355
1699
1196
1970
157
948
576
391
2210
2515
3166
583
2949
2687
2714
3010
1782
2468
144
1278
901
2021
2622
1732
969
894
1970
149
987
2108
517
2886
2451
105
133
1233
3135
3074
2847
2707
286
845
1067
1835
1676
947
2541
710
2034
1432
2506
1188
1943
116
630
367
514
591
1382
2975
2880
3253
422
369
28
684
497
1882
1350
1654
450
2673
2039
1537
849
37
1779
2025
2574
1304
2724
1214
2577
939
1623
1253
2469
1055
2410
487
1377
504
1831
914
1826
554
671
1160
98
1468
2961
2518
2936
1951
27
1523
2705
1983
77
3172
2047
1360
1862
2047
471
1003
2624
1482
1153
2640
1107
1664
2813
809
652
586
2171
2105
2645
1001
1358
105
1897
1765
3163
3123
428
2752
1605
643
2094
1744
3162
1642
1247
2630
914
1135
3224
231
2494
1613
1401
387
1324
1417
1027
1312
1867
1335
1454
1413
1474
466
787
2150
235
3141
99
2362
404
1378
2399
1749
1260
561
3192
126
130
371
577
306
2165
1940
2045
1217
433
2416
235
2240
1017
2030
2939
2067
2251
1230
1138
3256
2780
3154
2965
2506
12
2279
984
748
1206
727
688
3268
2229
310
539
1340
2087
1953
2303
625
1715
3176
986
2618
2694
2344
351
1099
273
360
51
1490
2736
1957
354
526
2670
719
3272
2956
1004
2392
347
2869
2821
1832
1287
3069
598
908
1952
101
1522
2351
1584
1796
3109
1353
558
1661
8
1653
54
3192
1562
2543
492
2059
2118
3185
451
2860
1628
178
2741
1315
2124
1825
3148
2053
2281
2260
1280
2873
814
1154
2485
2506
1446
2332
1108
2094
700
1640
2549
1696
412
2272
2283
1374
3262
2340
2242
1604
467
2736
2397
2731
1688
3012
2046
1509
1581
552
1089
805
1885
82
3016
1027
3131
2922
64
2478
2928
2686
1261
272
130
2704
1872
1034
2503
3239
859
431
1158
3253
910
3153
1117
847
2610
1480
2466
1081
2692
607
1803
2193
1381
294
178
1689
2553
1358
2045
3163
1890
2289
1255
3043
2463
2069
855
387
494
692
475
2393
388
358
1347
3175
1787
2110
2046
236
1359
903
2247
3271
1209
68
677
1394
1106
2297
1291
726
2461
1389
742
136
1224
692
661
682
936
559
1440
1741
170
417
1366
738
1953
370
397
1879
2704
2054
2948
1664
1726
212
2582
2445
1876
766
1959
2144
3148
1149
1791
1586
2384
1414
2318
472
849
1585
214
526
111
1311
1496
3223
1079
3163
566
966
3023
2886
1692
1555
1033
691
261
2894
1694
535
121
362
2997
1968
742
2808
858
655
1001
1945
1046
2149
2481
2177
576
2764
111
3217
2565
1111
2018
3202
2399
690
875
3134
2657
1574
883
1713
1183
556
3008
714
3206
1074
182
137
1900
3129
3048
16
1215
731
511
1211
2444
2961
196
2420
2130
1321
631
2108
1428
1050
944
2596
2444
3031
1479
2076
1476
1525
2802
1267
570
2348
2391
664
1447
2183
3019
1992
3193
2468
2650
2902
549
1829
2787
1815
919
1174
1807
1957
1219
1463
403
1975
1670
2057
2050
1522
941
2601
2844
2643
586
3222
2785
2568
2501
2738
82
1355
1137
2769
552
333
71
1038
424
1669
2232
1428
812
1389
115
1163
2364
2585
482
2306
2289
1789
1737
1408
1253
1476
1074
1229
3031
1673
2023
1623
1292
701
1187
423
1951
620
146
718
82
1531
1682
2946
2433
3245
247
1128
1438
1751
1179
977
1584
2262
3256
586
756
232
2002
559
1208
1280
763
685
1926
1909
1800
872
1164
1969
423
2742
240
233
316
137
1321
1454
982
798
122
2630
1656
1928
