504
448
458
143
386
497
522
219
521
107
470
1
381
510
251
397
501
334
459
317
240
519
322
25
443
471
70
12
417
89
351
221
214
185
472
284
421
233
109
423
143
319
503
268
308
227
362
24
219
399
487
105
303
290
169
452
487
309
335
161
85
205
333
137
480
45
490
153
299
471
387
446
361
428
1
259
454
530
241
146
290
279
332
470
187
441
13
388
476
328
130
250
118
408
290
219
283
23
329
24
121
470
156
294
12
347
167
461
467
83
360
414
518
27
412
129
314
277
74
114
324
113
34
375
512
267
473
172
535
286
62
521
154
59
338
48
30
344
419
455
157
22
445
242
243
170
205
292
447
151
426
517
146
78
33
196
422
460
455
500
202
532
531
40
72
461
282
331
247
384
304
46
165
319
509
23
139
399
496
479
332
491
109
474
317
458
245
489
365
257
253
43
117
91
28
420
2
73
325
480
505
21
325
91
410
263
229
448
64
468
178
435
191
277
282
131
335
357
13
110
487
447
53
42
176
503
8
201
487
231
243
313
436
465
395
415
258
1
457
383
200
178
49
422
413
173
411
239
23
182
293
38
155
125
298
81
186
139
261
476
153
102
388
320
525
374
432
472
23
128
534
311
266
531
440
452
418
342
536
363
346
285
29
283
97
192
466
59
27
240
464
527
535
187
364
50
262
60
363
476
186
431
6
374
305
79
20
331
44
138
13
513
513
175
7
483
13
388
68
175
314
10
358
396
121
363
475
136
56
23
535
499
450
9
188
190
79
410
142
336
363
373
443
521
400
499
193
378
16
307
489
62
372
142
169
290
428
232
341
271
449
275
165
425
207
490
290
44
27
312
377
6
411
101
62
477
209
406
317
286
387
522
124
184
327
199
130
456
401
504
30
404
103
358
212
529
28
202
319
293
431
536
423
236
299
431
422
480
274
58
113
152
29
140
433
194
498
512
355
110
347
360
374
310
81
518
322
365
423
410
449
355
42
44
400
294
529
529
188
289
244
95
394
23
213
446
51
348
333
283
431
239
325
84
197
83
37
533
208
475
213
88
167
257
75
298
372
146
61
8
327
146
314
318
374
461
362
368
515
28
73
141
425
327
501
350
220
423
356
350
191
493
429
265
133
158
334
22
471
398
452
2
53
76
113
347
159
175
64
233
473
111
221
408
475
433
385
483
355
371
202
394
349
94
349
27
324
351
474
252
178
152
521
297
41
527
296
216
523
466
267
214
97
120
404
404
475
368
63
259
142
296
420
312
295
314
327
163
93
66
96
423
53
216
264
532
176
532
351
380
451
184
481
338
253
249
510
91
517
272
510
249
42
165
30
167
183
434
286
470
29
337
383
262
2
372
502
193
488
394
504
449
73
425
506
416
55
167
149
31
447
161
252
401
433
367
460
377
115
25
313
243
37
2
447
448
64
25
20
226
218
301
41
103
59
120
370
237
76
147
141
12
308
504
124
40
184
3
54
108
11
243
377
109
410
360
194
347
36
233
219
291
419
160
179
200
303
33
329
260
40
125
17
522
435
202
240
235
222
325
97
14
48
265
14
12
58
454
391
275
319
133
340
498
285
14
190
467
356
496
333
384
535
105
107
100
164
116
286
12
317
40
53
506
39
443
60
405
296
120
269
432
314
451
100
146
284
327
140
42
128
210
498
359
43
166
337
68
443
422
237
200
277
483
529
330
51
159
36
270
400
336
39
175
314
406
268
53
512
336
356
372
131
186
284
319
51
518
421
25
435
517
297
473
421
154
498
134
508
381
225
110
30
483
463
412
20
453
422
352
380
235
227
169
290
526
264
62
189
371
271
520
443
184
424
229
448
55
427
321
171
285
69
463
145
75
4
264
336
79
303
304
470
476
2
107
347
302
293
494
288
141
530
377
242
157
146
446
505
437
221
228
16
506
247
274
234
491
66
338
383
357
481
341
146
324
125
144
179
295
390
43
406
376
497
195
499
14
476
223
306
428
392
495
302
239
184
193
12
253
518
341
418
503
85
493
355
499
291
180
142
316
395
325
263
439
324
104
468
507
390
116
13
419
230
35
348
39
480
61
180
410
6
43
462
249
141
171
414
471
208
222
2
218
125
64
406
136
303
468
109
285
100
55
176
340
168
259
429
251
8
104
279
288
525
521
313
501
173
303
151
29
90
407
5
143
474
451
508
168
383
455
298
491
296
234
499
130
428
379
167
501
300
460
365
479
46
51
416
123
182
532
502
44
225
504
344
146
295
387
531
360
366
129
410
515
42
223
352
520
354
310
447
330
149
395
531
102
74
5
462
350
148
168
116
387
88
162
207
451
155
226
101
197
124
379
17
446
360
451
398
46
152
446
308
104
122
221
187
428
168
379
437
128
468
286
355
53
488
521
276
246
25
112
18
119
448
493
240
478
421
64
497
242
97
526
402
168
357
39
386
184
498
42
332
360
33
370
294
63
285
395
104
83
392
165
48
352
125
526
479
493
97
386
194
322
378
49
319
432
270
334
18
433
72
358
87
258
233
61
238
278
209
498
324
305
140
102
344
532
279
413
200
228
500
77
370
356
182
471
127
374
105
247
89
44
175
368
180
333
480
149
347
380
175
479
30
58
213
218
499
491
215
443
424
308
414
162
462
424
505
517
501
170
211
498
449
225
212
479
92
64
413
451
158
184
298
92
156
77
426
54
147
71
32
191
385
200
397
196
233
77
106
149
267
40
156
53
390
173
318
28
68
166
439
384
319
299
355
231
286
3
99
490
379
442
501
183
45
135
166
58
18
259
499
469
526
365
270
156
311
42
352
194
15
200
181
412
381
211
441
413
298
237
38
170
305
516
509
166
200
322
325
261
255
254
180
69
118
373
43
70
402
430
498
427
316
12
28
252
345
73
318
96
199
276
85
333
373
536
336
365
165
126
448
259
98
15
109
224
34
240
326
203
481
151
411
533
108
91
533
5
253
172
478
107
355
128
370
271
57
278
337
166
215
21
524
204
287
163
436
298
201
468
466
466
278
357
257
74
264
366
339
97
58
395
66
15
131
441
180
263
416
128
239
30
92
524
51
385
527
197
435
70
429
180
228
493
449
130
213
287
532
455
108
330
226
98
93
284
442
421
41
498
279
4
380
54
495
234
73
465
498
531
115
274
535
333
13
246
202
351
303
373
419
432
481
231
67
320
225
308
480
447
358
294
122
84
224
273
48
409
70
22
334
333
279
326
280
130
454
253
83
307
151
12
221
182
374
374
60
275
260
127
42
462
444
12
271
369
214
72
1
388
347
502
80
98
382
536
507
197
330
114
388
488
178
308
58
519
414
522
3
70
259
381
476
330
90
404
22
232
272
198
352
25
369
460
479
393
79
146
331
478
318
471
480
384
525
168
55
462
33
227
267
134
66
272
399
325
200
274
251
414
104
83
283
411
424
94
459
249
353
112
10
194
66
147
484
155
463
212
223
492
253
87
3
307
260
80
515
101
485
9
205
369
273
299
218
58
372
338
528
439
307
323
283
32
174
496
376
32
118
117
102
247
492
423
71
149
483
376
464
487
164
319
117
156
347
514
302
201
485
369
165
198
247
14
165
366
334
514
108
316
289
326
192
63
85
339
110
179
227
417
365
210
477
160
193
445
273
217
500
156
68
285
368
504
268
135
283
190
530
59
206
495
426
504
461
192
513
455
397
101
188
476
346
488
29
476
85
304
76
506
186
288
265
97
30
260
189
218
328
434
255
157
40
6
239
198
410
105
24
46
522
288
191
107
420
252
43
396
13
132
223
35
349
56
365
13
39
52
435
438
158
298
72
241
26
498
234
31
373
321
433
443
118
51
504
292
129
144
116
441
54
400
123
14
379
94
483
281
313
123
335
315
424
503
529
316
496
128
453
194
217
516
33
24
273
318
275
162
510
83
260
37
320
454
105
341
145
477
241
212
87
250
236
323
53
269
318
175
211
214
376
291
350
217
23
417
35
255
105
460
461
315
117
478
303
495
95
321
472
498
214
288
177
224
336
217
533
48
155
59
526
129
503
399
56
438
226
111
509
458
384
490
433
306
94
167
69
135
406
148
50
499
69
531
429
27
19
110
207
458
138
345
156
448
173
232
170
439
218
373
95
175
501
99
350
96
352
223
71
193
351
248
377
450
299
526
480
251
413
528
515
428
368
501
407
87
468
44
401
242
216
526
386
331
107
373
80
365
86
294
327
12
38
42
505
364
434
55
66
487
286
148
291
181
392
69
359
302
49
317
405
508
191
341
149
254
306
383
446
346
514
2
233
141
435
130
156
417
290
484
382
458
153
209
328
109
230
235
198
399
455
347
502
330
529
36
454
64
71
317
197
328
276
366
173
67
25
107
66
225
101
101
521
22
374
160
8
454
485
242
91
106
271
440
237
510
402
503
19
366
368
370
232
223
387
49
29
419
232
335
443
295
17
508
85
180
311
339
18
266
440
378
177
481
8
3
295
411
180
527
343
413
152
78
262
50
8
303
138
477
409
520
182
387
131
289
260
335
186
370
102
529
205
184
511
509
315
528
299
502
88
227
95
416
434
283
418
524
200
91
274
65
358
126
43
16
103
25
479
146
477
292
488
497
120
59
527
318
430
233
225
289
293
170
190
371
29
161
486
197
517
179
312
152
11
167
69
342
421
207
272
354
193
26
276
351
30
253
355
233
387
124
246
509
58
172
321
280
344
192
487
529
272
299
329
232
100
405
187
13
255
516
94
165
271
259
118
433
382
393
391
462
68
142
230
334
481
440
99
220
177
385
161
213
77
447
153
466
481
297
518
457
486
71
29
51
300
488
201
182
407
366
59
525
438
104
177
111
209
428
428
399
319
320
79
376
297
527
474
493
198
375
342
340
147
398
421
18
479
90
58
208
287
447
427
299
165
63
32
350
261
515
208
89
89
183
282
42
332
49
349
205
163
395
145
285
100
129
48
85
380
406
178
29
21
224
213
45
260
12
283
468
279
394
298
175
199
263
284
419
533
348
483
454
352
526
479
298
495
490
464
525
185
450
46
460
61
329
314
380
324
176
229
109
192
142
148
134
424
383
18
199
281
36
359
205
51
39
463
72
448
473
338
489
336
129
290
154
390
401
59
39
216
186
249
502
100
161
382
522
327
120
82
382
260
87
98
102
229
535
65
352
440
283
43
331
51
239
224
253
372
114
298
30
56
92
131
486
391
228
466
484
79
481
361
216
371
421
272
387
157
384
89
502
231
218
404
129
166
388
365
27
322
63
188
302
161
171
143
362
11
385
502
244
359
85
212
494
272
515
229
177
126
231
269
463
286
245
490
381
233
535
516
226
249
33
531
336
37
50
88
182
343
520
320
286
187
233
8
72
198
50
83
516
402
412
349
276
99
178
132
173
185
462
12
509
265
196
437
410
520
368
124
41
318
498
448
442
164
318
191
482
201
225
206
191
310
12
20
24
57
217
494
331
506
302
278
40
362
38
64
273
376
324
8
72
166
319
320
204
304
145
426
310
149
481
478
388
326
204
521
17
360
414
100
84
391
72
5
411
38
28
142
157
487
196
447
162
348
22
229
332
531
352
37
99
489
110
216
224
356
246
362
7
120
132
191
526
367
79
34
394
276
423
245
205
140
19
427
52
480
380
36
459
367
34
310
372
353
211
321
491
385
412
262
506
531
133
254
493
89
41
17
57
86
72
459
317
14
181
74
245
408
59
110
354
133
475
460
144
233
312
125
448
118
196
289
401
89
490
474
211
4
439
274
230
248
67
186
179
450
416
58
275
268
68
139
43
469
283
57
266
190
200
358
22
531
46
517
287
507
531
164
328
286
29
348
525
290
90
125
497
440
278
332
377
362
194
509
508
482
156
409
371
226
52
182
407
243
166
432
509
205
29
470
144
232
251
387
309
379
273
103
87
309
149
384
165
150
136
261
310
135
359
30
505
324
429
525
478
211
230
471
200
218
217
249
159
412
510
10
532
437
535
111
459
44
353
245
78
454
392
208
101
127
93
58
506
284
133
315
89
48
19
134
322
82
382
474
228
44
151
389
168
204
46
116
38
426
498
303
533
118
361
3
255
404
47
28
26
72
434
373
49
510
512
347
397
157
386
489
521
217
9
436
434
532
96
411
411
353
423
479
443
11
240
224
143
42
6
497
242
69
250
175
293
182
58
27
336
497
349
149
88
194
79
205
509
485
29
442
333
404
35
166
19
382
76
478
158
329
358
416
413
100
75
495
168
277
409
525
463
252
245
421
376
326
423
166
144
362
235
390
114
532
416
185
47
412
302
286
414
386
529
294
375
405
132
165
472
374
147
113
481
530
368
388
102
271
135
326
331
220
359
191
72
289
40
417
158
397
67
217
86
475
8
518
129
382
494
384
158
61
65
219
136
463
391
496
321
14
461
36
18
281
365
515
187
499
288
89
396
449
39
279
378
524
186
477
126
7
13
59
168
385
115
489
58
483
372
319
17
20
260
202
400
109
9
52
95
161
280
457
186
249
140
457
197
306
69
39
161
329
5
220
382
319
68
159
196
180
32
190
389
195
413
191
31
323
216
149
516
80
500
227
126
428
78
116
477
204
150
151
353
236
94
199
153
357
236
23
129
506
263
235
88
40
16
263
250
285
314
334
35
189
366
132
381
53
10
202
206
388
328
34
517
39
226
441
100
529
28
218
197
373
424
79
45
392
62
334
477
184
208
298
111
142
475
316
208
150
478
93
49
213
137
528
153
216
135
295
381
114
342
357
120
243
448
337
125
76
417
20
48
437
123
56
196
451
478
392
40
306
144
154
209
307
188
209
226
527
66
96
212
136
409
55
382
22
53
50
392
385
107
138
196
433
198
324
344
96
199
517
287
459
196
187
10
360
250
465
320
238
463
217
490
333
293
483
434
504
418
382
444
191
366
377
463
38
234
534
88
521
412
133
514
116
130
449
395
507
34
424
183
163
12
346
39
166
347
17
429
33
301
204
423
110
456
437
81
292
8
221
348
213
104
360
387
146
363
159
296
422
81
229
138
87
114
210
24
302
395
375
22
397
517
35
195
68
527
310
528
385
217
315
263
2
286
180
90
101
437
122
387
101
278
507
15
86
105
113
7
63
491
421
45
396
125
429
169
67
139
307
45
208
91
364
360
379
117
67
29
114
471
458
278
147
330
344
341
526
487
206
164
101
508
96
297
70
174
187
291
430
337
310
314
478
88
180
107
13
308
29
56
256
243
317
312
66
296
256
203
334
296
22
324
317
264
420
392
472
371
291
166
68
134
521
443
60
270
148
112
450
255
366
309
104
44
370
429
445
117
355
211
269
208
389
454
88
403
216
272
427
333
503
481
361
276
302
50
6
14
219
109
157
244
503
369
128
425
131
453
526
500
99
128
314
29
131
467
373
318
332
106
188
62
212
509
142
133
279
117
235
338
133
377
190
444
283
334
485
182
285
529
466
16
437
419
80
75
29
470
468
415
141
227
421
482
142
9
50
440
240
405
173
195
143
193
8
244
502
113
369
163
236
338
439
204
307
457
3
388
529
107
183
261
443
534
102
40
171
66
36
329
291
494
75
181
127
226
53
45
482
68
459
409
23
42
524
281
74
250
278
324
35
290
405
374
501
245
355
370
501
169
249
298
111
412
484
80
167
434
242
10
499
254
529
397
200
126
402
417
173
507
67
221
140
269
327
145
533
126
141
339
302
1
377
64
230
354
28
127
93
495
339
179
176
165
458
279
98
482
488
477
449
435
21
146
210
26
163
142
228
258
442
23
203
266
488
361
405
142
122
404
474
159
306
350
278
60
65
304
161
68
384
391
93
412
357
13
123
151
160
527
353
290
202
133
460
316
377
131
397
176
449
123
496
380
429
142
442
175
283
325
270
53
14
260
37
259
102
248
268
293
514
24
427
38
263
445
47
50
448
157
512
359
262
140
145
453
466
248
313
376
193
229
223
198
508
66
433
85
468
404
1
176
199
513
97
76
213
112
120
508
4
218
401
285
176
499
167
55
88
521
491
31
240
102
390
331
516
267
21
516
339
482
75
192
55
417
30
238
154
343
203
309
380
198
386
125
438
24
499
230
170
98
450
406
434
482
522
293
144
422
453
72
375
272
335
205
521
123
237
232
132
525
394
102
201
111
8
28
100
6
107
262
305
77
392
4
131
144
344
119
228
92
421
303
391
485
416
276
154
493
142
158
233
310
520
256
376
14
13
19
402
101
17
453
156
490
154
48
335
335
93
451
13
205
519
411
22
73
113
1
448
7
368
404
423
455
158
203
399
34
433
389
131
167
281
228
308
529
303
501
324
5
519
395
442
495
340
479
76
457
85
119
479
175
291
265
237
248
158
331
89
114
359
173
100
509
81
95
471
152
280
114
487
99
142
262
145
395
492
38
45
354
493
433
530
248
303
270
510
24
463
214
471
368
371
116
151
210
20
159
15
42
478
64
23
279
201
497
400
473
395
264
125
222
403
401
132
304
389
517
285
503
390
158
212
503
400
281
418
345
306
122
182
393
168
438
439
56
302
482
478
397
75
477
326
23
463
380
213
302
358
73
319
48
247
292
321
269
504
70
69
49
298
292
262
271
418
416
195
398
377
331
446
250
100
453
292
454
165
97
39
143
25
310
113
28
438
53
395
83
28
475
231
160
279
516
408
230
387
227
245
517
48
167
32
532
263
128
491
103
49
174
520
374
284
500
346
114
25
436
419
55
532
258
179
46
35
297
369
42
374
450
105
483
334
308
358
430
73
142
363
439
155
358
372
60
305
78
439
241
501
424
322
53
303
201
363
122
276
222
217
498
90
385
526
218
147
72
475
143
348
164
422
101
441
116
301
517
337
126
518
377
405
82
71
487
192
467
453
54
205
473
223
413
446
283
533
27
459
395
418
166
426
316
92
318
240
348
264
389
99
285
463
95
399
329
117
388
108
313
348
369
482
233
317
276
382
182
326
6
135
326
231
273
129
470
157
501
533
65
229
218
266
298
258
13
171
425
285
278
256
45
174
433
202
427
154
270
226
475
271
160
100
469
406
124
232
6
149
447
133
22
486
426
37
420
242
535
333
238
536
495
437
256
349
411
513
504
186
462
67
461
141
224
181
15
433
203
507
12
299
214
445
384
100
186
451
1
505
248
465
303
491
189
335
449
324
502
462
458
524
75
534
136
224
376
182
371
66
404
13
72
473
432
236
27
294
33
61
286
172
328
61
280
95
471
176
226
500
447
18
482
470
8
62
15
151
50
358
336
512
377
145
407
227
322
265
394
527
383
519
171
206
195
196
375
499
66
131
490
248
83
320
237
118
320
304
238
193
135
465
39
311
127
511
269
67
30
261
504
396
524
267
382
311
5
318
391
23
320
381
389
366
522
282
121
298
351
244
100
377
363
236
502
530
76
68
86
8
209
463
459
357
448
312
267
361
11
383
139
275
134
513
493
269
167
336
1
430
395
355
423
485
189
390
389
352
527
108
323
416
106
14
492
524
153
121
162
396
67
326
225
34
17
