1056
480
2201
1998
761
2028
1635
2729
422
619
478
1371
25
25
787
2406
1666
1402
1343
1128
314
281
508
55
532
707
115
2575
3158
1546
1072
1983
2583
136
2653
2023
890
1082
2725
1886
840
8
1046
1460
365
2144
2881
2364
2978
2960
2145
1593
1214
581
283
2441
3234
3204
797
226
717
2974
2847
240
594
775
2646
2513
2371
948
3154
985
1006
1440
1458
489
1922
3230
218
833
347
2276
2742
528
26
956
2014
2245
560
2227
1898
417
2209
548
2187
1919
3270
1604
2099
1247
2854
2944
3060
429
527
359
3093
1691
2370
1250
2997
800
2006
1681
239
886
1823
115
565
2582
360
1259
343
83
1262
1092
2379
1255
2515
1523
1857
3070
1729
3167
1865
2773
2389
1731
1700
2256
1124
2055
1039
852
3186
3197
2492
2852
311
1374
3192
2168
757
197
532
3226
3077
2929
2716
1184
161
2403
404
234
125
2322
1551
2890
3129
386
502
3164
2617
2995
3111
1726
2494
1987
1897
572
767
2826
49
1868
3251
1911
1235
1250
1490
2437
1775
243
1424
2528
428
1884
915
2445
106
1083
2659
678
366
2631
3192
2753
875
3033
1919
2737
1599
1809
380
619
234
1420
2894
2407
2142
2457
1905
604
692
2395
1787
3153
2259
1295
2156
350
1354
3080
998
98
3083
2662
932
1342
1666
3256
275
3271
2389
1732
1356
2063
2298
2712
1391
661
588
2553
1638
3024
3166
644
117
1951
594
2084
371
735
1851
376
1540
2384
1534
2494
2218
107
2267
3030
3031
1107
2704
2576
1086
2691
800
3231
553
1898
1384
1035
3024
238
2345
3254
1934
2838
885
1826
376
3076
709
3002
1231
1138
2627
1879
2060
1725
2023
1863
2652
9
1901
533
1982
2646
2687
2612
2288
1202
431
1185
305
503
492
977
3030
2872
2950
1885
2176
1626
2881
199
395
2760
1086
1081
487
372
2839
1414
1535
157
260
2138
1641
122
1082
2641
2059
3183
1106
246
2575
299
2432
3102
2579
2078
975
860
962
1802
2771
3021
2735
236
2389
874
2549
1386
2627
2213
2181
1423
2258
1333
2678
1201
1502
703
1980
2312
1154
2527
1004
717
2438
1404
3130
176
3175
1139
220
518
618
1735
2226
2630
3102
2546
1924
1606
1857
391
639
97
187
2398
2896
188
2189
2883
994
2583
2518
3016
1614
898
626
2918
784
3132
2304
2346
1898
2576
2502
1864
2776
2314
713
1342
588
2481
284
779
2889
1991
367
298
1838
2549
670
1036
1421
1129
1509
492
2334
1317
2943
445
1574
219
1865
1338
3135
1000
675
1253
1842
1183
187
2851
2258
234
223
532
1909
2778
211
340
788
1975
310
2273
2407
1332
1914
800
2836
504
1516
2043
1804
67
3009
2040
2807
3254
3059
3172
260
824
856
65
2559
2252
3270
2228
609
1104
1330
1788
2770
40
480
2749
3202
2986
1887
465
1255
1594
861
1538
1159
1165
1254
2335
1532
1748
473
3214
2245
2520
2974
2873
2136
869
477
767
2000
1857
2978
1141
2720
2928
3109
767
3156
2304
504
3077
743
2503
1500
1457
2702
1696
2868
616
1671
54
2681
2395
2285
689
1161
2015
97
2857
1837
3031
2643
3069
2055
1967
591
1769
2857
61
1724
1743
1039
2910
2918
2475
3239
3204
3045
2814
1936
2343
769
3075
2346
609
1522
2552
792
1850
567
3211
245
1667
2478
2461
2937
1789
1353
2132
222
3235
1737
180
1135
1303
1306
2088
1889
500
2178
2087
17
382
1391
662
1246
3174
1202
1914
1608
696
2859
1536
984
1303
1547
725
1090
1919
1886
1087
1536
1939
2855
2734
2632
105
1007
3249
2377
2326
196
53
2868
1216
1287
380
440
1176
2674
2104
996
659
1473
2043
2067
2162
3273
1524
2733
906
814
311
2587
3078
1561
1111
1740
1679
2305
2645
2357
151
572
221
786
2012
3227
1296
272
959
833
2868
541
1081
2480
446
793
69
1349
1657
1897
1086
1773
2813
1721
2603
995
3096
2143
2345
674
1569
2045
703
326
2515
1370
445
1890
530
368
1185
510
365
2748
1815
585
342
294
2823
2677
895
92
2031
315
3102
3120
1891
1124
3056
1891
2214
3157
2645
939
3029
3137
3274
35
1261
248
3088
2914
2668
83
279
1215
3227
2065
106
2987
718
1157
1978
3023
549
284
297
422
1191
2014
1607
3237
1908
2155
3276
1097
1772
2954
1808
2950
3160
3018
2200
2826
1819
1309
1435
293
2918
1828
2721
741
2580
620
786
936
513
710
1400
2928
2904
560
2334
2798
2558
1640
2196
585
281
383
397
819
2079
269
2257
857
475
2773
2348
1974
2278
3078
2672
1095
3001
1722
2720
1378
3029
2365
1636
2842
1752
311
1960
1390
2535
772
2747
27
777
2685
1011
1652
1021
198
2427
321
2624
3158
1226
2623
3207
931
2328
1036
2003
1945
3046
2991
3166
1209
841
1480
1159
1643
180
754
720
451
3046
2608
1078
841
2040
1274
223
2911
3211
535
1297
1254
2525
2799
1567
2072
2110
115
1754
2152
3275
2061
3054
1495
180
2717
146
1755
2933
270
3057
40
2546
965
1155
2316
1565
2984
435
426
3163
103
1506
2505
563
709
281
1819
498
441
22
30
1333
2348
2062
2664
2150
3159
3163
1229
2745
246
2900
644
2026
127
3125
1573
635
1175
2918
2883
2168
187
584
2625
2457
2032
2790
510
576
131
3
3198
1395
1981
67
2621
748
1972
425
746
1665
1906
664
1832
325
1128
1427
3005
3270
990
2893
2504
1444
1232
1289
711
1910
265
3210
222
208
3136
486
2995
774
11
739
1012
1134
881
681
1092
1435
845
556
1637
885
1008
2483
1280
76
1939
2644
3082
262
2968
1977
2514
2149
2931
2728
1497
1865
2864
2414
692
3028
2964
1703
2499
3245
895
1724
3153
211
133
738
3110
1927
2646
1755
996
1013
1179
1693
321
2500
1129
3156
780
2816
2092
3039
64
2796
1832
2324
940
1579
1901
1099
379
1794
2307
221
1366
2398
484
3165
1210
3006
1648
133
301
2625
63
73
1494
263
564
928
1466
3247
561
3077
3222
1581
1844
2183
1937
2648
1916
852
2798
2658
1413
1541
99
2262
258
470
2471
1728
2736
659
723
1150
869
1605
2510
91
2129
99
798
2468
2074
2285
352
1408
707
2830
1986
2321
2469
126
3257
3213
351
99
547
317
2011
2183
2057
307
83
1969
614
2348
240
793
1017
27
2685
1076
1662
2479
1456
618
2235
242
2069
700
2767
2927
664
1872
275
2169
538
2289
730
44
2671
1964
152
2292
252
1576
1707
1843
2294
2481
2959
2721
1654
3134
489
1692
1011
1823
1733
657
2303
934
2787
3212
1080
2999
665
2839
2675
271
2046
1342
83
536
1956
2728
2538
2417
2558
1504
2244
2198
2913
2326
1017
1148
370
1491
683
324
2
4
346
992
653
1616
2668
929
3152
43
194
1465
2722
525
2847
2412
1305
1272
2240
3027
1829
2894
2774
2535
472
876
2039
1974
1217
2952
1342
892
3216
243
968
484
1632
2824
2018
150
1647
3034
2194
2331
1083
155
823
2787
327
2185
496
816
1558
714
937
45
249
1738
1992
1509
3048
290
1499
2252
2904
1387
1672
1170
1261
1385
3199
2383
1633
2738
671
1482
2114
2484
1177
643
2891
1233
1002
1897
609
2467
1263
1621
2044
3058
706
1081
2706
519
589
369
2169
1504
2520
409
1730
1369
1370
32
501
1242
15
2957
1068
2905
2165
2029
1500
2064
184
1424
1228
2238
2649
1560
841
1036
572
886
412
519
2246
1545
2576
3270
2856
986
2060
3264
2443
2398
663
1966
619
3115
3136
3059
2966
400
230
3104
306
3259
2483
362
1635
1228
3200
3030
3266
3277
3043
135
1192
2769
877
861
1307
1281
1371
696
143
2909
2992
3104
2160
465
498
999
403
2827
1618
835
2914
305
270
142
2240
2500
1034
1351
3191
2921
1196
2185
2904
1538
2121
2894
2340
1827
2163
91
2224
2058
274
908
324
2222
1826
1028
2051
512
114
2898
2284
722
416
1297
2847
1211
1106
2743
588
3192
1953
2625
673
2415
3264
2930
3148
2030
485
1016
978
850
142
2788
3184
1365
2784
586
23
1551
1736
1883
1806
1714
2299
3240
2762
260
2089
2178
1534
3061
2668
380
1818
648
3006
2417
209
168
2318
2728
2727
804
2138
1106
1713
2856
2416
84
460
1446
1140
1542
876
2635
2122
1797
2215
3060
1119
2511
1560
373
798
623
1471
1823
1784
856
2391
3226
639
902
1605
673
994
2657
2554
697
3145
2902
597
2764
1272
403
1449
1715
2741
2321
2355
427
351
1373
2033
1674
456
1664
2243
2211
1780
2357
1461
675
1634
736
2500
2997
3010
2464
1799
874
943
2282
1862
2031
269
1603
1489
2607
565
25
1975
75
404
1008
327
2556
2581
1508
1109
1870
361
2530
1576
522
1763
566
1390
1000
3122
156
1378
1692
1715
990
57
2838
1282
3056
1517
1287
1934
2922
793
397
359
1708
2929
761
1659
1127
2522
1369
3187
1594
2902
3096
862
1698
1728
1524
1283
3247
2506
329
1638
1483
1731
2735
2652
732
1339
2435
182
2335
2722
299
1039
1825
2502
2734
2111
1190
2026
1793
1278
1098
1607
1043
2149
1856
1337
2094
2462
924
2402
2667
268
2637
1252
3059
1183
1761
44
3049
1855
2386
2768
2479
1733
1038
823
688
1905
2054
2637
1457
500
646
2977
2269
2388
1731
2235
745
265
84
846
356
539
3019
458
2386
1974
1496
2557
2279
493
338
135
311
191
360
2229
2091
2390
495
1744
2469
1906
1173
1747
443
1725
1708
812
2579
3143
2407
179
301
2213
889
2113
3076
2032
3178
3258
1426
2844
2974
1502
792
2459
2135
509
180
1738
2811
930
894
1738
1670
1769
1219
408
1864
931
102
1627
1070
2023
1730
1877
753
71
1451
108
1545
2360
661
2655
389
1363
1599
3217
205
1843
172
1503
1887
2702
3138
1253
2456
2899
2568
2061
1971
822
2718
1099
413
732
2741
2772
257
2214
897
3246
2501
2640
2311
325
2029
1687
923
2159
2854
1864
2880
63
129
658
3013
174
1908
1000
1336
585
1490
2915
678
2125
2831
3048
309
1690
15
961
2036
569
170
2879
1018
2912
650
2087
742
726
34
2043
1438
2453
2914
2423
1398
3241
3008
1049
3073
3086
2856
731
1134
460
2220
1890
112
2078
336
2762
2724
2604
3117
1141
131
1191
1809
3098
268
2094
2690
3130
961
702
2205
163
2959
551
240
753
2370
391
1639
1820
1916
152
358
2569
146
931
1222
1880
1331
1955
1575
1329
1872
2423
924
2900
2506
1353
160
1886
2158
50
2765
69
3043
326
2526
378
2526
3090
2935
1545
1367
438
358
3124
561
1903
2364
53
14
2800
218
73
781
865
2937
596
1137
1886
2776
907
1340
2560
2494
2704
787
2697
460
2750
2434
2214
1703
2747
1619
2294
107
876
376
2193
3150
3218
1442
1226
1773
3119
105
707
2651
2761
190
2263
2537
2072
240
571
2264
2994
2394
2983
2350
148
3137
2003
2421
2631
2041
1884
2104
2263
766
2382
2659
1849
2244
1614
468
2386
1962
2964
1117
511
925
2795
2606
3267
2744
2904
2639
68
1471
1523
1450
519
1276
249
2712
2604
2509
390
345
3172
1774
3153
2940
450
2837
257
1692
2187
792
2199
2355
2265
1840
2258
922
1659
1781
2103
598
528
1968
392
2177
1263
2197
1395
3163
1715
141
735
3266
2052
2321
2012
2458
1169
872
1741
2336
2839
3015
2911
247
981
1943
1168
36
256
2261
640
2646
2068
1792
133
450
2338
288
159
781
3215
2391
1027
974
3190
198
3125
2646
521
1066
2562
621
666
817
3144
1476
368
755
1781
547
1345
1414
1094
1871
26
2641
3027
70
2986
1916
1193
2095
1443
845
1117
1291
323
1904
927
1356
2498
2097
959
2654
1105
1643
1046
2587
1780
1585
1542
1114
3223
1895
2866
885
492
169
3269
2894
1734
2494
2694
218
1490
706
2597
261
2857
2977
3063
2684
2182
3152
186
2766
2324
1979
1422
3093
942
1702
2911
1724
189
1959
2184
1993
648
374
68
2280
2944
2862
2966
1066
2817
1138
2245
1816
3098
1109
899
589
2132
654
1963
3170
1773
463
2624
2203
1048
2163
262
419
2214
2010
1932
638
1874
3213
929
2747
430
2732
411
415
2529
1814
1856
1387
2462
2693
2283
1830
2548
1368
3196
862
2740
1161
3107
2092
2944
1259
2814
3127
2166
1325
1821
1788
3195
2599
1991
315
399
690
90
289
1928
2922
1692
2289
1652
3168
2062
3030
1278
2743
2532
716
1240
455
1429
1354
1837
1071
1867
723
2025
1332
1662
273
1281
2790
1132
2166
1786
750
611
2403
3240
1882
475
2617
654
121
1738
502
369
2737
359
2390
2405
160
2804
1552
415
915
292
1795
3057
2333
1368
445
275
2000
1250
428
2808
2523
687
1612
3058
3182
1948
1794
2010
3121
2914
85
2787
3098
2083
316
818
960
2717
663
2284
619
2701
3158
2533
227
958
3073
1968
2234
428
1669
969
1216
2406
2295
2172
1990
1762
578
997
950
743
754
2590
2809
1743
88
175
2414
32
2912
2143
524
2341
2956
284
2892
551
2066
2518
2730
1768
680
2882
739
1409
1970
2295
541
587
1055
2001
923
311
1180
1313
1366
1673
2078
180
2955
272
2387
2166
1480
750
666
1978
697
367
853
2280
3241
282
136
1340
601
3267
1123
2786
1582
834
89
2141
2677
252
3002
1410
2053
2670
1437
3096
3167
2505
2697
2170
1577
1209
370
2736
2546
731
2560
2533
751
2553
769
1523
2461
548
3212
646
1817
100
2432
1094
1445
2579
998
2982
2111
719
1197
638
2506
2626
594
2896
2688
2188
932
238
3108
2070
173
2197
2592
522
1362
1343
296
2305
1556
353
1740
1000
1056
1098
1163
2856
2746
496
2573
100
2448
191
2580
3188
2348
2729
649
617
2543
1280
2479
1635
2755
1118
218
976
2033
1271
66
1310
2273
752
2356
1337
96
396
1364
24
2411
2449
1705
278
1057
1867
592
289
820
975
1637
1723
174
2108
2908
58
2677
61
1982
2614
951
1062
50
268
1347
1612
1906
653
1742
3070
457
2957
403
1875
1561
2461
774
1785
2451
3239
1666
1138
2510
2643
3234
1530
2238
1348
1836
713
367
2597
895
3029
678
1986
1003
343
2420
234
2961
2653
2275
971
101
2562
1432
3043
129
1901
3108
1790
408
1093
638
2255
2802
912
463
3066
1819
2407
1471
3107
2698
2218
1253
2820
3164
1833
3162
3103
2052
1793
2974
3145
1303
2663
1121
160
2258
177
2940
2179
2091
2909
458
1176
1118
906
3006
2872
630
2118
2076
1510
1970
2785
3228
2506
2890
2060
634
919
1921
2419
856
2277
220
1255
942
240
1799
413
1201
916
1619
3026
363
1766
1756
1444
1053
1808
2520
1023
2753
191
2206
1618
377
880
1486
1202
1676
189
252
2468
2933
1098
2586
1611
1721
1625
1274
2415
2568
1166
147
2081
2537
1572
3064
1743
1051
1017
1600
1218
1307
3276
1679
1440
1732
1161
3229
357
536
2605
2614
2438
1978
2440
724
1375
1520
1118
1260
1994
766
2921
1796
1634
3122
3157
1446
304
1766
1744
1509
2444
2609
247
3269
983
2089
112
2257
1543
1804
1773
2800
2108
2747
2684
3030
2386
2190
541
389
799
1496
2997
552
890
2048
996
1192
1464
836
2061
2296
2088
2212
1987
1360
1536
1674
1157
2231
1151
751
2867
2487
542
2318
1593
1211
855
2815
178
1899
3038
2783
1590
3199
3249
3034
1135
1367
2288
1328
140
431
1735
2735
1462
1492
396
2862
1265
3230
3042
2991
2973
1407
2639
3192
2304
3050
464
2994
2058
530
2375
1522
2276
3107
3206
481
1529
2370
2403
1904
813
1904
615
755
3206
712
697
348
786
1747
2172
1542
917
623
2753
193
1508
2916
2543
2837
116
2184
1583
38
2179
3170
2730
2409
1875
2652
719
103
2457
2570
2155
3190
389
670
1579
809
172
522
969
3041
543
2530
1072
126
2549
1425
2788
2964
3137
987
2721
2806
1801
2699
1434
966
335
1996
1982
2165
275
1251
874
1088
1026
1073
1466
3239
3254
1988
2786
1531
883
1024
347
2113
2321
2160
1095
1233
1986
2226
577
65
1749
694
3130
1920
86
1517
392
96
2683
3017
2044
2391
1768
2959
1339
2232
858
1716
2064
1397
2708
1160
2610
877
1097
1846
1557
2565
2376
2688
2330
592
2730
2405
2722
1718
2770
384
2537
1162
1811
2799
2028
2449
1007
2142
1467
1085
298
1526
721
982
1978
2773
2624
3118
2528
177
2635
2566
1930
494
1333
2205
2278
2943
2587
599
1941
2373
1184
1671
3002
1777
1385
398
2151
2324
1397
1968
2435
2927
1596
2418
2946
476
988
1304
539
3092
437
627
12
1647
56
1595
1305
390
2750
2588
2723
2762
1488
81
1869
822
1599
2439
519
1981
3241
2648
1680
572
1896
1795
1777
41
861
3161
2262
3117
1821
3208
1004
374
249
882
828
2348
877
2395
2150
1436
1335
277
681
497
1797
2182
3003
922
1836
3043
2375
1910
3027
2270
2928
2021
1409
2182
1828
2302
1459
894
1197
2067
2946
1059
1963
3008
2113
1792
2275
2890
1171
1743
1811
1059
2027
297
1848
287
1137
1944
2412
976
763
957
2768
1743
1080
561
21
2386
1499
1168
1902
337
1911
1992
2654
2805
2691
3066
335
3118
725
2833
1179
2459
3259
1247
874
2548
1101
293
3063
1332
1630
2035
2684
2422
883
2647
1004
1529
1735
2194
2892
3238
23
2421
947
1868
3045
2460
1865
2722
2285
779
1362
1061
833
175
2362
1676
972
1181
2425
2950
3243
367
2527
2048
1111
1827
2491
858
2880
2649
2404
491
2719
3236
1542
20
1251
6
1032
358
870
1512
1763
2754
839
2567
507
2805
2552
22
1973
2224
865
1156
610
3221
1338
196
2296
1191
18
1719
417
2812
1611
925
2691
51
2864
2804
298
2569
611
11
1886
13
458
1312
1071
2570
373
930
10
1789
509
288
266
41
423
1997
1615
3043
2258
2382
1926
2584
705
679
2745
1168
1249
2080
588
843
1647
3232
1339
1389
1070
2921
1729
2212
1358
341
1492
701
2557
714
14
1047
3062
518
1743
65
3250
1572
562
78
11
10
162
2271
527
2679
1293
1108
124
623
3108
2018
1699
1309
1896
1030
1880
120
1649
982
1758
2621
114
3000
124
1028
804
1986
842
15
1526
170
2099
1854
50
1953
2461
129
264
791
1298
166
451
8
2294
731
2729
2926
877
1002
2368
1071
338
153
2566
717
1426
1113
299
1843
355
2223
1928
2517
2269
1472
1072
1777
3183
299
374
1928
3159
2162
3113
2988
444
2679
570
31
3119
2598
2359
2377
1442
1074
1282
177
2959
512
1832
2198
1481
113
620
1551
1658
2824
1988
2998
3024
3017
2958
1334
2978
2509
1281
1895
1216
2605
57
2188
2832
115
435
2725
2585
554
1745
2136
3274
1115
556
2026
1553
2499
1473
2867
686
2195
1664
10
3235
2070
1262
429
585
2534
1627
470
767
3024
1015
911
76
742
2067
2910
2203
827
1346
2127
205
406
1556
3276
2106
2323
265
282
2333
1292
2344
7
2714
1586
101
1966
1649
2434
1097
2141
2731
411
1732
2154
752
709
2995
141
2930
1361
2497
293
700
1299
190
1031
2319
2868
1072
2054
2308
701
3097
47
1278
2930
2758
200
1290
1284
13
205
1832
1582
2239
94
209
1675
2342
1153
1770
2139
2795
1382
1161
2303
1748
3178
2291
1377
3155
1386
2158
3153
3095
155
2945
1423
1146
545
467
306
2080
753
268
759
1029
68
2912
896
2606
2541
3198
378
1579
1645
547
801
1794
912
3043
2158
963
2645
2713
426
1613
52
2823
2731
2028
3194
2696
2874
1272
3019
1160
2506
1613
2192
2780
1052
3114
594
2785
360
3203
1941
380
2880
2544
1502
3243
201
515
1696
808
2831
1305
2425
218
3200
800
3117
948
1404
1498
2651
1998
2069
2689
1361
2843
425
16
1124
298
326
659
1181
1464
395
3043
2084
2478
837
3020
2292
2393
3169
1649
3103
1911
2965
1152
3170
584
295
215
1545
1191
1758
1420
352
2138
2719
2673
3082
2978
2305
1784
2888
609
456
2438
2760
1257
81
1595
2960
2871
2945
2227
883
2499
2673
1963
985
2972
2818
1534
1289
1349
1121
3263
3276
2265
685
889
1836
2606
2285
3048
2083
462
2494
3254
49
1013
1010
927
283
203
2537
2724
809
776
207
572
2080
2207
1286
3118
3163
2724
215
2308
2466
826
2330
951
2276
1714
44
2665
1671
2954
1538
1566
3270
821
664
895
2007
1467
1197
2925
1065
3012
515
2617
197
1500
3272
2731
1588
3216
2888
939
1416
1262
1428
2697
2432
478
2423
586
2614
2744
1319
104
1776
678
3145
3113
824
3190
327
2719
2804
13
2503
2367
239
69
2114
1516
507
1645
392
7
1677
3020
455
2790
25
3274
393
1782
651
330
1167
1700
993
1504
3238
1110
588
1185
204
2098
317
3170
2313
2386
1887
2966
3132
719
279
1028
874
2099
2853
1555
764
1273
2302
2292
1820
3134
2681
2046
2560
2737
2765
1863
2794
3261
3205
377
3254
1155
696
1856
3152
425
2875
1422
688
1687
955
2029
3165
1717
2602
1433
2579
1567
3094
472
1977
3263
551
399
2574
2975
2077
1241
897
21
2085
1699
946
86
895
2750
2186
2531
2270
2333
1125
2594
2281
2957
52
1654
3190
3228
1722
644
2478
1679
3198
2532
547
292
437
2277
157
44
423
3246
1799
2088
8
2467
840
345
368
104
471
2048
3106
1716
418
3039
1220
3170
1662
243
2718
2128
225
866
1780
3045
456
2630
801
609
1205
2878
1481
320
1694
1044
2764
2144
146
3165
2443
2673
2481
2755
891
709
1050
2429
480
2709
2946
1449
2412
3196
2351
464
1084
2090
2671
1049
640
1316
2559
2163
1415
28
2450
624
580
2898
1400
993
558
1844
1532
2645
722
1330
2999
2198
1987
1735
195
1991
3079
1124
1459
546
1704
1977
1089
1575
2355
1292
1251
1072
1360
3064
2801
2170
83
2057
327
916
480
797
2014
2472
1158
2161
1505
1065
576
175
1000
2854
2587
3124
2952
2109
1474
201
765
2965
666
808
557
420
2961
2035
2810
3030
215
329
2177
1116
1935
1173
3096
2272
2911
1890
1330
1945
1427
2974
1176
1026
956
125
2093
516
2012
2551
1535
3257
2276
241
172
1947
1822
1117
597
3112
2074
1802
2060
694
1884
3079
2002
1364
2290
2580
376
2121
399
434
1148
2611
356
2817
395
1885
2174
174
1286
3052
2929
68
2759
1759
612
2952
2167
1608
2350
835
1335
2949
1076
1808
561
1627
1029
3122
2791
3078
418
980
2668
3165
1833
2335
2338
144
1326
2341
2517
2230
520
869
843
161
2514
2089
1747
268
3163
1719
1051
2274
774
949
1938
946
3013
2509
2586
664
1644
1673
2269
804
2026
3022
2266
3253
2626
402
2500
3236
1649
49
3026
1655
1390
1376
1450
127
2228
2297
1952
533
2750
2554
794
3045
1173
3113
17
1483
1474
1314
1091
2758
3003
2770
767
432
3187
558
3120
1240
1958
1670
1221
1836
1446
2121
1443
1502
2690
509
1196
517
2736
584
2956
1098
416
854
1587
3228
1092
444
1606
2431
2429
2850
1402
1484
636
918
1035
528
2516
67
138
498
846
821
3224
718
12
957
2190
2656
254
573
2471
671
1251
1586
385
1238
2196
1345
1061
2344
121
1360
868
749
2941
1332
790
1393
3266
2781
904
1630
1542
2268
3071
3212
1636
1788
1479
1753
1890
3243
1273
59
3056
1435
2300
1602
439
1488
1315
1022
1319
3050
2110
41
2200
115
1708
133
3027
1075
1062
317
2724
3162
1866
598
774
1252
1853
82
1634
1224
2627
117
808
3183
3083
1502
1821
83
2277
2827
309
2948
1213
2098
852
598
1166
2159
2764
2696
1126
2391
814
1947
1825
156
2617
979
2520
842
545
1996
1299
984
1466
3159
1455
2319
3020
1357
1914
1575
82
2733
506
748
1847
1301
1148
2337
2318
2388
1301
1502
2577
2083
3217
1897
1399
2701
2379
1598
190
1672
3216
2082
1029
1073
2383
3077
1228
1450
2800
194
2499
911
2014
570
2096
2484
1694
1367
404
1550
1485
2051
2184
2216
1090
1838
59
1699
24
838
2650
1381
2529
2114
926
15
697
446
700
1516
2284
896
1746
2646
898
513
2296
2871
897
2513
1164
1684
1270
2806
871
2735
1652
1832
409
3186
294
1247
688
719
1274
2347
1459
3175
750
1848
2930
1176
2328
1900
708
94
1843
446
382
2927
1459
1764
1059
1116
3216
181
386
2492
2614
3017
3134
2648
1167
3155
686
1020
2818
50
1803
740
33
2518
90
1792
2943
707
1146
1901
2676
1161
1352
1580
859
950
1978
1553
3023
1341
2989
2079
3015
2534
1240
2226
314
1261
2983
2083
2029
1609
6
2659
2285
1890
1251
3187
2199
656
419
427
912
1093
888
2777
1184
1180
1406
1528
2639
1268
1621
553
3228
88
2990
889
1654
1015
1878
2173
1661
2862
2821
2601
1106
322
2887
373
2771
1092
1310
1245
317
2877
1735
2374
2576
2850
2256
2951
424
2415
2844
1989
1679
1219
2413
981
2241
2236
2011
1292
2519
2206
2768
888
2899
2366
1984
3211
2113
642
2202
200
1071
238
599
1247
3231
2360
3039
1282
988
1606
623
2371
1403
919
2244
1676
2105
2386
1982
1186
190
599
1069
1226
648
393
2594
365
2287
494
350
3068
3045
931
1250
2010
2676
1948
1136
1915
2079
3139
2543
2702
212
18
813
2247
962
3128
902
2064
1419
1558
1099
865
140
799
2728
1897
130
1120
1712
2620
2530
524
1417
2465
1769
3135
2636
513
1138
2405
316
2449
525
1905
1876
2072
1502
491
1671
2597
1177
1330
1827
437
302
1074
907
3231
369
2275
1292
1563
2059
2062
2618
2157
2701
171
2668
2675
1852
2267
2552
2818
2817
2700
1513
629
2831
1257
1147
3201
2318
2000
1098
675
3027
2904
2721
1529
2504
2995
2795
2702
585
2957
327
2368
2437
2974
1791
994
1047
3236
1987
204
2340
1082
1228
777
468
21
3255
2752
2477
1658
2183
2415
74
2345
1161
2247
814
1601
2249
2394
28
1542
365
2847
2554
1083
2712
1271
1796
189
1700
2572
2231
1567
1398
2200
2735
2132
2600
1869
617
955
673
43
2555
2927
2840
2753
741
2252
1106
375
2002
349
2507
1806
2682
2983
459
2858
311
2032
2006
3245
405
1400
1277
1408
1261
751
853
2911
309
3099
863
1152
1611
2549
1775
2154
2502
1834
2971
3035
1259
2832
488
2474
503
57
2042
1932
2328
2209
455
563
2659
388
2266
1565
475
3071
197
148
3181
756
2646
332
1187
30
2325
1300
1093
3071
491
483
2076
259
1664
3269
1587
2632
234
1325
167
1640
1661
1160
3019
895
1364
2664
1224
820
51
2696
2359
2255
1510
2106
1641
1667
2806
2780
2673
1417
1570
2594
1868
1203
794
1071
3003
658
3070
697
2226
2166
921
305
114
1294
999
1522
769
3033
346
1755
2132
2103
1647
1268
3026
1567
2050
1094
1623
1439
3157
2957
1019
2053
2978
1055
3152
3028
1071
3083
210
3272
598
1559
461
2516
2470
1610
2618
4
1523
93
1567
643
2848
2545
1809
1317
2675
2314
209
434
1074
1821
2884
117
723
306
1767
1535
18
1796
1904
2087
290
396
2077
1501
2674
3228
141
2611
1260
2218
1061
778
499
936
705
146
1256
1143
2029
1536
3122
2811
680
182
156
929
3187
363
1287
75
1676
3219
105
582
1032
1023
658
222
2785
2993
1023
1275
2343
1417
1967
1374
2121
1481
1437
581
2181
607
2870
3103
423
1399
1360
214
3253
2977
1851
1267
142
2364
666
1072
1283
3141
896
2926
31
763
2792
1978
1920
754
386
2339
1604
3119
818
2093
372
2625
2592
3251
1270
566
1654
467
2414
2297
836
2265
886
2694
3107
2562
1564
2642
183
2116
709
3010
2502
952
905
2819
869
2414
946
501
790
2326
916
2019
157
635
2069
1956
2146
2463
2450
356
2792
65
631
1748
2518
933
1939
152
741
1775
240
1360
3157
3115
1745
1092
853
285
1633
3096
3253
2951
2905
2332
2138
2568
1362
933
1179
2158
3195
1746
1313
1596
2350
1266
1058
363
527
2132
387
2716
288
1469
1717
2021
1663
1448
3197
1294
1567
1635
791
822
208
3115
876
82
660
337
886
532
2538
514
1975
781
2150
630
1397
215
56
1220
2368
2573
2210
83
2208
2794
2489
2489
3084
1054
1618
877
2882
1088
1134
3199
691
693
1167
650
633
300
2976
3094
2673
1478
2389
145
162
1594
1308
2443
2250
2361
503
1424
2615
2468
833
2100
1122
1835
2352
3225
3135
811
2215
700
1501
2191
504
3
300
2645
1783
2100
175
1092
1837
1038
1047
793
3117
283
1024
3199
2464
804
1435
3095
1188
727
72
2731
746
2175
2222
2066
1313
2849
2097
2469
2536
722
278
659
842
2533
3232
408
2238
2179
1704
2397
2375
1611
1834
3030
1975
1011
953
1914
2826
1375
1564
2941
29
1975
1328
2119
901
3051
144
2798
992
2779
1471
2281
89
2126
3083
314
1747
86
297
2904
581
2750
143
3176
2442
2479
692
1182
3071
3057
2830
1765
3120
1239
2149
3253
1503
548
2010
1273
2402
514
2016
809
792
1170
2946
1798
1494
2025
2056
551
562
2585
119
1784
410
8
682
1620
582
791
3249
1882
2799
2781
341
2937
1700
420
3108
2649
3155
2296
563
1110
2275
2517
1640
2675
2296
3080
2891
1870
3205
2560
1525
383
1947
2427
1469
2413
1899
1986
1074
2796
1372
505
1901
382
1402
474
1001
1950
2614
1032
2830
3240
1913
1750
132
865
1392
2530
2503
2026
893
125
3000
601
2983
3104
833
1209
1788
226
3264
838
836
2347
233
3091
1853
1082
1953
857
3109
380
1937
2441
1691
287
1538
940
2262
579
1104
1203
449
1844
2053
895
2417
2881
343
675
2899
1486
2542
2271
2882
775
2356
651
2349
1893
1276
1152
108
1642
1346
2250
1649
2105
1298
1022
1529
1627
2694
1326
198
457
1625
3097
2121
246
2080
1941
2661
1196
336
353
2340
2292
2699
770
241
1843
2983
1446
1883
491
1757
1391
3157
636
274
2613
2060
1166
1957
2781
3072
1095
249
2593
379
1160
2082
1326
3109
619
225
1554
284
1210
2752
3069
766
2428
130
448
10
72
1103
328
2364
1702
1484
764
3140
2164
639
1144
226
1617
1888
1420
1723
2678
178
163
1057
303
1384
2611
762
2597
1243
2355
659
1149
1032
249
2146
1177
1107
1268
24
577
261
458
468
1955
1002
285
533
2444
2826
1720
548
2775
3262
1529
1204
80
1862
369
957
2610
688
1730
1266
1345
3046
3043
2531
2242
725
1603
1502
1649
646
226
2545
2074
2539
2537
1086
4553
1493
2461
772
347
2354
411
3025
2341
1857
1602
1025
1604
838
2758
1987
2360
2404
1294
1652
2624
2705
466
386
2036
2273
1981
1180
1698
1982
2144
312
3106
1751
2712
2727
1766
2097
89
774
2207
443
81
812
859
1957
2193
273
2822
764
676
2967
2603
474
2009
1426
1415
376
1181
980
927
3127
1645
1247
198
3057
1645
3164
1219
1088
2308
3143
635
2120
2785
3135
2572
1542
1806
1465
642
1935
413
3070
103
1079
2294
872
2025
2169
3220
2971
784
451
2042
1701
1937
463
1812
1802
368
1716
723
495
1143
431
413
673
34
882
1830
2401
2846
2046
3106
1528
522
2251
2399
2859
2108
632
486
1318
3212
2051
2802
819
1883
1005
2589
1329
1795
328
561
907
3255
899
149
2182
565
1774
964
1252
2634
2652
1631
876
352
2228
1868
3023
2469
724
1853
2983
1244
152
1854
2350
2707
759
178
850
2452
335
2235
680
2501
1370
2729
3005
2575
3255
2924
796
2321
907
2072
66
280
3041
1985
1609
3195
3005
3191
1516
1944
597
2147
1548
3089
1232
715
2440
211
2385
1346
724
249
1836
2432
1452
2119
1592
60
1866
227
2667
783
1017
1918
678
2498
191
379
351
471
3268
190
3190
1816
1549
991
2800
607
1313
421
1082
1790
4
425
1167
199
2080
2727
122
2846
72
510
2832
778
2067
1244
1469
1619
1676
2507
897
2876
1173
1611
1691
738
267
214
1439
2917
2204
2798
1376
2648
2091
2964
381
347
2587
2297
2691
560
2186
57
1730
1894
1245
1711
2426
2577
471
960
1823
29
967
2927
202
528
225
561
1829
981
2991
1426
2173
1467
2058
528
2646
742
362
2928
552
604
3204
1592
1838
794
2828
1141
1073
513
2145
2790
2457
1315
1524
1783
64
1268
2000
1123
969
1343
1242
1140
2890
812
2863
1449
175
2630
2318
1083
1852
2290
2731
568
1231
798
953
1554
2000
2137
490
1222
1001
3117
1411
17
3125
1502
946
271
1285
819
772
1144
182
1709
2240
231
437
805
1953
702
2145
120
1701
1554
133
2050
2560
2615
478
2795
461
1874
1084
1919
2164
394
1919
1516
302
2214
800
2884
1812
1565
1045
374
2534
496
3221
3271
2290
94
772
163
2380
1845
919
1520
1171
1634
2121
2848
1791
3092
1934
860
1738
42
2595
60
1362
613
2965
1281
1009
172
3156
1318
864
1869
638
1750
2764
1764
863
402
1814
1299
1561
2835
3112
118
3223
1124
2265
2505
1651
3183
1053
291
1988
901
197
1521
273
2965
1258
2212
1428
959
2237
3261
54
1175
2508
2588
2785
559
1654
2332
2183
3170
1292
496
593
1466
1000
304
484
2402
726
114
718
2993
763
442
475
1885
1868
744
1116
736
3159
2864
1157
27
344
361
860
2098
1605
91
1779
3080
1419
2845
1379
2906
1724
2514
834
1965
1064
2684
3196
478
1793
1995
367
1925
1841
2857
1434
550
1467
1431
2507
165
1342
354
3032
1668
2707
2113
1497
3221
2344
1605
136
2938
2938
1337
700
2144
2069
2263
1237
2346
76
251
2169
514
3148
177
2107
2043
2883
2274
1539
274
433
2207
1373
938
774
2109
1356
1076
2608
1971
1761
799
1201
1368
229
38
156
591
276
2942
285
1671
423
1741
902
1636
96
2045
1355
1437
1115
2421
2073
3203
1573
39
2782
2908
250
783
445
229
1832
742
955
3204
1719
2678
1266
326
2982
1631
1869
2170
1651
3242
3014
705
2705
2404
1991
798
2970
2218
580
1549
3
845
656
64
2500
30
336
140
2993
2208
1419
176
3066
814
1202
1774
2706
2795
2334
223
1420
2754
703
1604
1364
153
1398
1519
1158
1935
3071
2925
102
415
759
1524
1469
3159
3177
3108
1847
3102
3146
1277
1038
1681
2011
2885
3143
2725
516
139
721
1395
1267
2924
1125
622
794
770
1716
667
3249
826
2541
828
953
1411
2503
1509
3005
1632
2061
3070
1463
1682
1108
2788
2160
2529
1943
2731
3135
2239
2698
386
1864
898
995
1049
2727
1556
3000
888
1064
2776
1954
2624
432
2960
3266
2905
103
2237
1262
221
2861
2398
1070
1744
3082
500
548
2587
1860
2844
2815
1049
2623
2513
496
415
1246
2890
2240
1899
2712
837
35
1532
3000
2137
296
2166
998
2539
866
958
2056
441
866
2817
2628
788
911
530
2796
839
1962
1531
90
2570
2936
2717
1561
3065
2091
3102
975
1099
2271
1576
683
745
2114
770
2082
1076
2798
321
1645
1939
2590
545
1617
1753
2219
3092
275
945
3179
83
332
67
2309
587
383
2938
809
725
1434
744
1553
1967
3222
3146
3004
293
2717
586
2946
1639
2282
2474
655
2676
563
2676
897
2162
3065
613
1827
1612
2556
1481
2946
1504
2308
2647
2073
929
2810
1152
1112
377
2029
3155
2679
2417
1954
1451
983
157
2676
189
1456
675
2948
482
431
1201
1604
3129
1971
1296
2385
1098
3140
1579
156
1614
1885
147
239
1347
1418
2777
2955
424
3003
2372
1819
1696
373
2688
2865
2337
431
2497
2116
2848
1547
2131
772
1233
3273
970
1690
684
1695
1945
1186
1820
1673
1466
1659
1276
172
492
73
441
1436
2044
749
270
1814
1402
944
2350
1721
3088
937
1991
2205
2065
223
56
991
2569
2032
2923
1204
2195
880
1252
1737
1526
1592
1808
2145
2972
1898
1427
864
142
155
318
3239
40
2890
2773
1787
777
1970
877
874
3131
943
736
2364
1580
1390
1594
1495
388
2605
460
1254
342
806
1454
2786
1748
1888
881
3048
2035
1136
2633
3095
809
2907
2157
2519
546
915
118
3091
2644
1973
414
399
145
712
1223
2908
2876
1230
2551
1548
1311
3041
2926
1334
3197
1389
2142
2070
85
1212
2374
338
1100
3080
1613
1402
928
2996
1248
1800
2940
409
2071
80
507
639
709
3017
1369
2783
86
2820
1378
1897
27
818
2333
3077
1279
714
3141
868
2174
993
49
276
1536
1349
556
22
168
282
1538
1231
1416
1992
1736
1504
3146
3188
2424
1519
1293
865
866
497
587
1501
2461
1128
195
638
493
286
2313
1763
1805
2520
1604
869
1444
3154
255
2335
977
918
3273
2315
3004
57
2721
2018
1234
2852
576
182
203
1660
252
881
2076
881
80
2375
1194
2615
715
3142
2431
2786
776
623
2433
312
2532
2436
2259
561
1918
2655
308
2571
1095
1897
1283
423
1452
870
3192
1340
2144
246
1411
2452
1405
2053
1294
866
2779
2860
3005
1933
575
144
2462
2041
2386
2128
1574
2578
740
217
2856
1904
852
2447
1245
2307
169
1898
637
1740
473
1394
2441
734
646
1228
221
852
1719
2433
3071
2149
1803
1116
576
2200
2684
190
128
892
2412
908
297
437
2220
527
1532
1531
2087
1110
3099
1479
204
83
2329
1783
118
330
782
1524
1501
615
636
403
1272
820
2476
892
658
2465
871
583
2337
2957
2042
246
3071
61
1022
2281
2021
1778
1586
2144
670
2413
3256
3154
1419
1940
2609
1526
458
3224
2002
1546
1628
1964
856
1188
1016
2203
1938
1513
1754
189
1223
3097
2199
2208
335
243
620
2769
311
1740
2123
1889
2588
459
2154
956
2161
2471
1121
207
2104
1931
1525
2852
1621
2579
2834
2994
3203
1596
1184
1685
901
620
2599
2085
1828
2267
1094
1825
317
1240
2462
2359
2710
468
2485
983
2552
2390
392
1682
894
2519
2177
664
948
969
2833
2388
3008
76
434
2296
966
522
1629
1876
3049
149
2662
2116
2745
1310
507
1627
1194
1455
1860
1221
446
2280
2644
1896
67
2325
804
1281
1670
1786
1932
1724
1433
809
1870
2296
1410
370
851
1000
8
122
546
2405
2289
2311
2553
1289
629
3025
2286
3023
2439
2836
69
2164
3056
1695
462
2906
168
320
1971
2852
299
2424
586
835
2325
704
2744
2662
287
3200
2359
334
296
1016
2710
173
2070
2834
1778
58
2121
1163
2161
1032
1930
2308
215
2615
2757
1385
2437
1581
3170
1609
791
2490
631
1755
880
753
100
1894
1891
2244
1494
447
2563
899
1757
3150
908
1256
3017
617
2952
837
328
617
1686
2910
2746
2934
460
785
2241
2932
2701
881
3181
170
2860
2780
680
3157
2045
246
881
43
1341
42
948
1017
2810
1313
2200
969
674
1151
353
964
2504
1893
101
2612
645
574
1278
2465
2537
1610
543
2119
823
380
1725
2163
1732
1706
112
2210
2472
1246
2643
1363
70
350
121
1680
1034
2059
2572
2466
2859
3091
1444
1035
1966
1569
2515
888
2358
2596
3053
358
936
2083
1394
1972
2419
3035
947
2495
475
2111
1751
618
943
640
612
1908
829
880
2740
2294
2225
2349
391
1787
1042
1627
91
211
228
634
1484
444
457
551
2868
422
1585
2795
1966
2691
622
750
1477
3097
3134
53
1052
501
1055
1998
1628
2230
2633
944
492
1593
1965
2394
2997
498
48
1222
3100
1071
843
2062
1233
3235
2541
1695
1857
1005
2552
2341
211
1337
357
1886
2202
2555
352
480
1750
2106
2123
2299
2123
145
3199
2751
2302
3146
1728
2179
2156
628
1196
300
3151
1080
1329
2598
2684
1894
272
2745
1362
2316
1991
1755
1645
3026
1561
1734
805
3090
1294
2160
2483
107
848
2090
648
1052
1181
198
2842
471
1538
2569
638
2344
3106
686
60
2953
1818
1610
250
1234
315
705
346
3120
1888
1852
1512
1123
28
1698
2153
559
1771
316
2415
1550
158
673
2896
1653
2815
300
558
357
2481
3120
2809
1467
3040
2374
487
1178
3276
1930
2648
455
2739
711
1774
35
769
959
1816
272
642
1123
619
200
2972
1321
160
1638
340
1819
1688
2890
3175
2829
196
971
711
2432
876
10
1720
944
3166
2175
3163
1981
1238
1707
1964
2140
2255
988
2885
2163
3122
446
108
2008
2407
863
176
2860
1266
2661
1642
1447
1248
1414
2354
2970
1957
201
2159
1965
3172
2010
3134
10
1289
2799
1346
3032
1082
865
1739
1600
3146
509
998
1475
1129
2734
2758
2943
1549
272
169
2756
1989
2440
31
2408
2736
2277
559
1533
762
3210
268
2768
1779
1303
2483
303
2564
1029
1196
1386
2205
3219
1249
611
1028
519
2885
2100
3258
933
328
2860
1821
105
3110
2954
683
1541
1999
1613
688
2167
2934
2352
1022
3094
1674
2599
1237
2301
2890
710
276
2907
2306
2458
353
284
2835
876
2300
1356
2976
13
249
3269
2217
775
1561
1182
1011
3043
1254
1519
762
1200
2349
2274
1055
1057
1574
1917
2828
2548
2356
1787
1618
2376
735
1239
2526
329
2879
2860
1697
1171
157
821
2011
2382
3046
2441
1241
2260
861
320
686
2264
1003
825
2043
2072
1595
82
1210
559
2075
129
2474
1153
629
2282
2803
2026
1107
1541
2465
2336
1254
1007
1515
1689
1275
1339
2340
1127
1295
592
732
2453
521
2065
2063
1081
2698
3248
2437
2020
1356
2812
889
1728
1869
2007
2152
1496
1392
1382
709
1658
77
1932
677
2951
681
1780
3245
381
1163
775
3127
2466
2904
811
1100
2226
3109
1177
2003
1614
587
2935
1994
2636
3115
1976
3259
1331
50
1141
971
2717
3092
1395
364
1109
884
2448
2172
2910
2454
2277
1186
236
2062
3040
1699
1969
1155
2982
2873
1089
1898
1487
373
1285
3130
167
3178
1359
1694
909
521
1411
486
166
2365
1442
3246
77
3179
642
704
2923
2253
763
202
2955
2412
2198
1819
1086
2383
2704
2604
784
2998
512
778
805
3159
1919
2846
2107
2469
2342
2209
1983
2839
3190
1036
2568
3048
767
1383
232
1488
3004
1270
2643
1071
399
356
714
2067
2679
1762
1198
3020
2027
1580
1255
2101
588
1770
935
2650
2432
1929
446
2142
2827
2376
2766
1126
2793
232
1243
1525
3152
1123
2246
1350
2761
1954
227
1102
1020
170
1157
2702
3135
1329
1849
3099
2006
1746
1477
2740
755
3246
1956
1550
616
739
1400
2593
1824
2927
2860
2643
1189
634
3237
2925
1241
2073
958
2867
1524
366
416
313
17
2474
2614
338
1496
1242
2593
420
1809
33
2777
3263
610
1175
533
2085
1669
2136
1679
2767
885
2420
1865
1480
3052
2829
653
1828
1944
75
66
3236
833
1012
3270
2034
1444
467
1201
2483
2416
2651
2141
573
819
639
281
72
1734
462
543
742
3245
1006
2267
1813
1174
3164
32
3206
548
2041
2527
1754
2788
2874
3228
940
1475
1371
2101
1901
1546
1898
2251
797
3042
1108
2091
2862
297
610
1986
2889
3234
2488
78
1451
567
2122
2781
35
2666
918
1718
1817
1959
986
1593
560
1724
1091
1595
758
320
1786
1726
2346
3036
3021
2187
2939
1066
2110
1683
66
2881
1598
2096
481
1791
2126
2449
2656
1037
2930
2722
2104
3128
1481
439
2045
2838
1780
592
419
2007
3152
2152
1276
348
2004
1403
1901
67
1318
1554
437
1451
1359
66
1551
998
2424
2110
2668
2016
2936
2124
576
119
769
1534
912
2700
781
1333
1537
2201
378
1534
1116
1590
1977
1902
629
2029
1246
3214
3257
1997
3261
170
38
3047
2369
1253
2426
2640
811
1113
1034
2015
1912
3062
153
2980
452
836
767
1919
1061
846
3042
779
2050
626
2564
727
1732
1415
2151
1533
703
94
431
1841
1413
2335
1926
459
1450
2212
6
388
1521
2897
406
2585
1617
729
604
1054
3066
755
2598
2274
3070
2401
598
1916
2716
434
1492
857
1932
2128
3227
3260
2389
954
2087
89
1656
2722
3135
2067
2866
1886
3231
933
287
690
2824
1647
1085
1618
2801
1116
1073
279
17
392
963
961
24
1284
552
66
1654
2232
1680
2232
1474
103
3250
1273
2238
2925
2762
566
1277
1232
765
1734
1933
1338
3020
212
1039
2687
391
1747
2110
2934
3172
106
688
1361
1738
2138
1327
2385
2322
1151
2849
2863
3243
1104
1526
986
1406
2447
1225
647
2545
2925
1552
3193
491
2835
2171
3054
541
2518
898
2087
3036
1222
795
148
2576
1524
593
2946
901
2217
65
1414
382
233
1212
2977
2373
898
844
133
305
1386
1306
2599
1605
2371
2153
2069
2780
2914
2791
2376
905
803
1852
494
1892
2563
359
2014
662
3077
1006
2418
1713
1285
795
1391
2787
2089
2103
1155
295
2120
106
369
1462
1228
1134
97
279
1309
375
648
508
1589
3012
2483
254
1096
813
3118
1670
1069
1367
3220
2913
1660
2334
703
3151
2054
1339
2417
677
1636
2698
2744
1821
1504
187
1295
1053
687
1904
2451
2399
2736
1073
157
3246
849
1430
2104
821
3054
1045
1678
1400
95
617
984
794
3072
2365
3130
1352
1047
5
1732
1265
1716
1307
496
1753
2085
1807
2379
681
3094
307
1179
1809
324
965
247
1663
2480
855
2713
2887
3205
2822
1178
2978
561
82
3021
686
2799
1892
1320
1756
74
856
2881
770
1318
351
451
2668
1203
2632
614
1735
2634
733
971
1295
2316
2536
1930
1720
2558
2303
2381
682
2740
147
2328
2061
837
1125
1093
2082
1031
2672
1031
1514
2087
363
2115
2667
1851
1056
594
722
2390
1335
22
195
1950
2195
1998
541
881
1529
1285
1373
1135
2582
1799
772
272
2861
2786
1134
2183
1684
1150
2579
2869
675
1861
1642
2966
2619
486
1487
2088
2652
1847
2218
460
137
2822
454
2231
2251
9
2790
74
1780
2698
407
986
1708
454
1181
817
295
121
1027
196
2679
2884
659
2168
2170
171
1937
2281
573
3217
1496
3173
864
1542
1027
2168
2226
2823
2772
301
2882
242
3017
922
1388
135
1318
466
1832
1894
2211
1761
499
697
888
46
2039
39
1716
1573
102
3050
2087
1998
3248
2364
295
860
1772
3039
2541
2250
2123
3273
2564
2627
1631
182
743
1080
710
1100
119
206
647
2796
322
160
2195
992
2211
3178
2245
2415
1605
1649
527
174
1306
3081
489
2675
142
2775
3214
1479
1307
149
1448
1104
2033
2301
2100
2713
311
2610
2366
2444
336
2484
258
1170
3272
1811
743
1256
1036
3251
3248
203
2299
1830
539
2620
275
1696
955
1449
3241
1976
2411
2279
1313
188
2260
2388
256
998
903
1604
2406
134
1317
2501
3214
71
1723
1667
1475
1071
3215
1638
3252
1270
89
2639
1193
1805
898
449
999
1543
2099
1962
1366
322
1649
2846
2442
1837
623
1117
1555
2300
1558
868
2092
1888
768
1337
838
2176
2986
903
2608
336
3143
1369
1247
2310
2964
2813
2060
167
650
556
1797
1425
1648
766
1266
3090
1893
695
2742
1482
1360
2501
1702
2693
2572
108
422
217
2764
1486
549
2577
3157
2876
2170
2109
1443
279
2536
501
762
617
2317
1909
1280
3169
2697
780
1089
2202
1197
2981
2028
1032
2303
2526
1283
3248
1626
1647
395
834
2277
3040
2702
266
2519
3073
1374
1483
282
3248
1141
294
2738
3158
493
1206
1337
2086
422
3097
2081
1958
2509
436
2620
2757
164
1791
2676
2780
1202
185
1625
1379
354
1906
954
211
2168
2463
1444
614
3051
3167
2974
2972
155
2921
83
2415
1389
2991
830
3100
2674
1924
3118
2811
1759
2029
1898
2899
1598
1285
723
1858
528
1928
2791
1331
877
3046
805
2521
486
1857
3042
2118
2054
489
296
1780
1489
368
2809
954
35
665
2726
167
1342
2574
998
983
2197
3117
164
241
367
3167
342
828
2030
298
1441
559
3109
966
3061
1059
2349
2979
1800
1527
786
2415
383
2868
2861
2170
2112
189
24
912
1787
2253
1253
1901
2280
176
2849
780
2404
2619
1247
1622
1614
757
203
694
3253
3225
1396
311
2885
1053
1901
2088
2399
2776
677
2631
411
3019
1477
3232
2897
1796
1224
920
1317
91
410
1904
1492
485
1624
1830
1330
647
3272
113
665
1911
471
2580
303
1090
185
1045
1425
859
318
2030
1774
299
2102
1491
3066
943
2208
693
3089
3019
1147
2718
56
1005
623
2797
2332
2366
168
448
2277
3210
1776
730
2379
423
102
3094
3238
264
2983
861
2263
1386
859
2901
1133
720
1950
2252
2045
218
2615
1553
648
621
3184
358
1552
2831
962
1793
2064
3077
1875
2602
2793
2443
2124
1088
609
559
964
130
2956
586
2545
443
2593
1844
2394
586
929
664
1649
2166
2643
2023
2058
689
941
289
1900
3121
657
440
1536
165
243
2046
2729
3136
2796
1001
583
1353
120
87
1413
2355
3213
1448
3127
1028
946
1552
921
636
2244
1039
751
650
912
872
1790
2274
2067
468
2446
2283
1722
2009
954
3114
2778
543
2528
7
1593
135
824
2640
2140
2912
1383
2867
1770
1412
2389
1743
2309
3019
412
886
342
2212
1999
2525
577
1475
659
1950
2857
3165
1673
325
186
1103
1856
1911
569
2304
150
729
1900
2757
1870
2629
1534
104
737
2589
2524
3178
3112
2558
3127
3274
3177
2741
400
1463
2983
2500
1015
1124
2491
2776
1310
1020
1099
288
1813
2947
1322
1482
1843
470
385
628
115
2095
3041
2427
2673
2975
2014
783
1795
1076
1982
663
2579
1406
762
1228
1857
2659
294
965
2710
1600
434
1979
2002
3025
2275
2077
1423
1787
205
969
2407
79
2554
2659
2646
286
1032
1021
447
521
907
2737
1703
1972
2648
2492
2955
2765
1084
646
1049
565
960
1232
2830
1553
230
1841
197
2305
2249
1711
1936
1185
1642
283
2434
2511
1726
2690
1647
1291
1729
1176
2293
241
1827
1333
347
1046
314
3169
2924
1883
1418
2638
1176
2154
1520
2255
1098
591
1802
1430
524
767
1952
1003
2130
358
23
2445
3145
1119
2230
172
2422
2820
2241
3134
1637
1715
2552
2207
1925
2664
1475
1466
2217
3230
1933
395
613
1460
1628
2487
1734
2065
1140
2843
1931
611
2601
726
1156
2350
2755
2792
263
2900
2196
684
3069
485
1817
134
1576
2984
1716
54
3038
1234
3090
2040
1879
2863
2135
1204
1039
3096
2698
2699
2135
3194
678
1767
192
2104
2929
1144
646
3196
923
390
2622
952
1242
1475
2228
2614
374
1251
2465
508
2623
2014
1587
2448
1373
966
2205
3208
2848
2894
3143
1170
2775
478
3224
2110
1662
2597
1948
2837
1850
2616
20
1492
3246
3077
1055
1018
3153
1863
1065
168
719
567
3080
828
1594
2395
911
3079
372
1351
2181
404
1954
2117
1860
2152
424
284
2652
647
2772
1688
2
1811
2973
659
1889
627
299
2487
1147
664
130
99
3253
1588
2692
71
1128
1444
3163
1417
3131
3173
2026
2618
2556
66
3244
2595
1339
1696
2408
2271
2496
2948
1408
1921
2109
291
2637
955
205
499
2887
1886
2379
1453
2208
2194
2015
1643
2018
2036
149
1620
1171
1709
401
1575
328
413
3249
915
395
2991
2616
717
2093
328
2475
1828
2255
2162
753
2784
477
2799
832
116
1880
1090
1196
1797
121
1027
597
686
1767
2903
2053
626
826
3152
617
2759
573
2984
494
2094
1302
1329
572
196
1992
1687
490
2131
51
1858
2367
240
1092
2706
1311
1356
3215
1636
2112
1728
561
396
2808
2327
62
2716
2163
1548
1147
1899
1280
2282
1143
2691
639
3152
2332
2174
2135
1037
1493
237
1010
905
147
394
189
1101
3224
2706
2433
2521
1774
2004
2975
9
2477
2992
327
1120
1243
3174
2033
1088
3010
1053
468
1763
1404
226
314
53
692
1257
721
883
272
1123
675
3145
1180
1951
2677
531
720
2947
1331
1444
1963
185
758
1733
911
927
1555
2930
1026
1762
1227
3172
1535
2787
1228
1061
2649
561
2285
1914
340
2545
801
1101
678
2515
787
2747
186
2232
1667
2625
1524
2482
2652
60
1121
2897
387
448
1702
2482
910
1107
2696
931
2986
722
1820
2495
34
2158
141
2825
343
3023
1319
3139
1362
2745
605
2659
2965
878
173
558
2033
2297
488
951
811
721
1005
3027
890
2098
2506
2625
2161
303
1774
449
1512
2740
392
639
813
1908
1987
1436
2550
345
54
983
2668
1413
2759
347
1581
1225
1826
575
297
2330
736
2088
2644
2536
2779
3244
344
2404
2085
3071
1258
1204
2727
1728
2190
1917
848
446
2602
1617
810
1026
3238
942
306
103
799
2426
2316
1211
1333
1909
1982
503
1197
1781
2974
1950
869
1124
1613
1496
466
1341
3151
2515
2917
1990
1909
2084
3148
2491
2794
567
2323
783
2784
230
2573
1344
62
2817
1592
700
1835
1261
1506
2165
198
1695
2253
1726
1776
2119
433
77
1866
3213
3177
2395
1900
585
2642
1866
293
1175
2589
312
3060
5
59
2946
642
2583
490
1276
3223
2949
2078
2432
2306
2663
1480
971
3275
378
2557
590
3273
1268
1616
1457
117
2164
2919
1612
1627
1655
1892
231
3115
856
2897
2062
726
1489
2460
990
1805
3028
1521
1023
1693
2278
551
230
2818
415
1788
2469
2865
1194
1901
2108
1690
2079
2639
14
2926
1322
3101
2578
939
3085
1174
3044
1181
1028
568
1800
2352
1107
1823
2624
1506
1750
3208
2205
2951
1968
3005
1722
330
1461
2883
2056
1202
1015
565
1606
1245
5
998
888
356
2590
1458
108
521
3203
2728
443
2367
2224
1798
1781
2535
2801
1825
1098
2224
372
1362
604
2836
1053
1877
344
2349
1809
2114
781
1112
1319
1936
3138
1196
697
592
269
1456
700
2212
1541
1910
460
362
2567
3216
1111
349
2273
1748
2942
1944
1059
2085
2742
1218
620
1559
2893
2977
1456
1424
2841
902
2250
2575
882
2076
404
1066
3101
585
1215
327
1876
3088
2191
2908
2704
1191
2595
1918
2763
109
1451
532
3258
1703
1310
1094
1575
2225
689
1999
2658
1176
2307
2889
2218
2955
362
628
838
1154
197
2800
1578
2541
834
1890
1008
1948
260
2412
1619
1147
3111
1555
3120
2593
2171
2500
587
2304
1783
301
2645
1226
2171
3097
2651
380
2957
2342
1240
2412
549
685
97
1222
1646
1361
3071
1958
1348
2189
171
620
511
2897
84
1615
1017
54
1536
2491
1179
1268
1915
1261
2036
163
2277
1433
871
2775
2318
1317
2385
1009
116
1734
914
168
67
2301
165
2772
1229
748
922
3226
2244
1512
266
423
1627
2161
1568
930
89
3231
147
164
68
191
2858
2692
2594
3121
600
247
3190
228
1175
1356
67
2520
2177
1688
3201
573
1478
2129
1827
213
394
3001
215
795
2053
2790
580
996
2638
1907
421
665
984
504
1102
1709
1248
715
3196
2788
1380
2335
1825
621
1073
2299
90
2520
2281
117
1400
667
3205
3192
2080
1249
1433
1447
758
3263
588
205
54
415
113
2097
666
2539
1887
734
2714
2492
172
1439
1328
2908
1707
701
1159
2560
3128
1896
765
1009
2007
2235
1047
3209
1474
2247
1783
821
2790
2264
1110
378
1526
1169
1343
2977
1402
1184
3197
2354
2442
1201
1630
1037
431
2100
1434
44
231
3267
236
1115
1267
652
2923
3184
361
1629
2049
2582
2986
1463
1333
1595
2920
2175
429
2131
13
2229
1696
2210
2943
1797
3020
1516
1483
1155
1372
979
2602
949
640
2602
231
1525
2555
1063
2521
231
462
2817
2804
295
613
1933
1685
656
2281
851
2546
40
688
2000
2673
1048
3022
2762
601
1642
301
1646
2561
2417
38
2274
2752
667
220
114
2248
2890
2995
811
1923
538
994
2638
1456
2907
1940
1725
2051
3178
1524
1768
2326
976
2948
1654
1408
62
2977
1701
1952
2956
281
1952
908
3003
1622
429
79
2256
3024
871
1355
3251
114
1780
2286
3039
1514
2532
2740
3102
1153
1657
2285
1244
1347
92
2305
2033
3199
907
2313
2053
454
1922
1215
2911
1506
2207
2800
1730
991
2488
168
2223
1040
810
642
2637
343
2787
326
386
1950
1915
2629
2439
556
1714
3024
2625
194
2402
1596
115
155
934
1690
607
46
2467
504
2361
1129
341
2035
359
2435
1280
2516
929
1559
473
1684
1441
1886
2892
3127
2793
145
2071
1351
2743
1891
2877
724
1747
2771
2755
1681
2143
2843
1611
2638
2839
1625
681
2132
3121
1836
1570
485
1343
2249
1867
1911
2129
1084
1762
3243
1457
200
1729
2958
2577
1989
2398
311
2646
2369
3063
1867
3023
1263
142
1959
2780
1183
1668
242
2149
2207
160
3201
1677
14
1876
715
874
1818
2358
2134
1784
1317
2997
1740
1601
2888
1136
666
2708
83
2552
982
1313
1933
1942
745
2718
2292
3204
755
1472
2108
2187
2628
647
2799
430
2409
1937
1955
2058
1923
1492
1326
92
2754
1846
2585
2641
1789
2749
836
381
2366
913
520
1166
969
832
1401
378
2842
1126
2252
3059
252
1170
2673
2471
2810
2305
1518
1623
1154
2499
1847
2082
2557
1353
1228
734
98
1231
231
729
864
1733
1395
1901
1019
2779
2025
3127
447
430
2222
1565
526
529
2051
1580
2339
1530
2675
1913
1337
1090
1737
112
2314
720
1115
2447
1533
813
938
2958
2478
2962
1252
1783
2251
2028
1636
190
1957
1264
477
3148
1047
206
581
2905
2751
1721
3194
616
400
1027
361
177
1247
3106
143
1805
1895
1802
2861
1620
1437
3076
2208
1827
2440
2800
1496
1710
703
1512
903
248
2377
2607
1702
230
580
993
2993
2076
2516
439
876
183
3182
1124
1633
2769
3233
2145
3142
2837
3129
3109
1981
3151
2329
408
102
3184
1178
1622
2982
1790
1497
1225
2808
2185
240
23
862
907
1721
1651
397
3050
172
3052
1228
2846
736
715
2708
1366
1170
102
436
421
2355
917
3016
1852
2654
1321
1793
419
1633
309
1808
2760
927
2046
1021
1657
1574
1361
3103
336
1984
70
3273
2924
2392
581
3000
256
334
209
2867
1513
2644
1483
3206
3248
2457
2898
1120
1988
2427
1750
399
959
3166
3029
8
2423
2051
460
579
1721
56
2299
1160
714
2773
2457
2695
1022
174
2314
335
1298
3020
184
703
1538
2520
1372
342
2622
3215
1808
790
805
2261
1497
3065
1405
2820
765
1307
2242
263
2761
257
587
2701
1426
980
366
1573
1307
2432
1305
2997
2573
2608
2461
2830
875
990
1827
3025
942
2424
1510
1399
1812
1201
180
3240
1735
1170
1956
3260
315
1533
459
2688
45
832
7
194
1193
1244
3161
1782
2015
145
390
1432
1545
191
2486
578
531
1981
747
1823
1067
682
430
2367
476
3122
2657
1200
2933
1551
1628
2939
1794
2464
127
2859
1982
836
2046
1552
2632
1437
1266
974
2803
500
1032
840
2878
3206
1208
2829
2189
94
661
2223
1566
794
1329
677
1485
2302
2215
76
1244
45
2652
1340
2967
868
3070
899
2910
2013
2945
2161
79
67
554
1918
1374
524
774
1769
838
175
2759
1247
678
1439
3250
3060
2510
1375
446
245
438
1365
1416
1844
2726
3154
1618
1386
2257
1186
1743
477
1189
2472
967
1612
166
1982
2339
603
1786
535
2157
848
958
2990
2331
1222
1999
1785
1201
2728
2346
1619
1823
2082
2394
1824
3004
991
1005
2064
2272
2564
129
335
2286
690
1042
3030
712
2620
2533
2935
947
2128
3197
616
777
2471
1781
2143
2910
3226
1024
3066
1190
1094
2393
2992
2817
663
405
1707
1055
15
6
1536
1355
2890
159
2908
2272
2611
3143
1455
1321
2604
2554
3105
2535
2341
2966
3212
828
409
1285
1926
1851
2529
2425
1813
25
1041
2631
970
2909
2136
3212
2997
1672
1814
1152
1365
2029
3253
2959
2157
2298
2764
1664
96
185
975
2672
1352
143
2469
2305
1481
1327
1537
1477
2148
250
2461
947
1215
1284
3180
1591
514
285
585
2020
1943
14
1999
609
146
2998
2788
806
1401
1155
3120
577
1625
2870
908
908
2251
2155
1151
1095
177
2664
1671
2648
1041
1202
2008
2654
1865
895
2020
1686
2140
1274
911
559
2508
2644
2547
1180
961
1506
1752
2195
1415
1292
27
1394
1992
2062
2462
2109
784
3265
1667
2840
2838
2871
2091
87
592
756
2075
3271
3243
2767
105
2
2094
563
1609
1632
3057
2318
1005
2494
255
906
545
2427
2245
514
1335
1354
1172
1430
1861
832
2950
1687
1676
3247
2219
499
2953
987
498
3190
1028
1970
461
2735
2508
1930
2653
3134
3069
2277
3107
756
2871
319
1789
1994
1521
1504
696
3192
1359
126
1514
1342
341
1108
1314
857
3272
3075
2768
2983
3182
2224
1314
2138
918
2762
1780
1961
1634
1631
696
3264
556
2134
3191
2898
1549
1237
861
1578
2234
1874
2454
712
2272
1593
1147
2665
1343
2312
3048
1050
845
2362
681
1681
2037
2461
2979
1823
1552
3204
2285
1126
3224
2748
2978
1361
1280
1794
2046
2826
2977
1592
374
415
3156
2074
587
310
1724
2230
1396
1310
2736
3263
15
1099
926
284
2749
934
2453
2372
2903
248
536
1239
1462
534
1904
419
225
169
1772
2274
223
2812
13
2486
652
1385
2111
726
1658
2873
2519
1816
2919
231
2167
2960
1380
2522
2021
350
3003
81
1503
880
2749
2036
2667
195
77
50
3047
1280
908
2172
1022
2045
1234
481
3171
3175
1641
33
1744
744
2042
2292
206
1758
2949
1727
2548
910
1915
183
1722
2591
1622
2669
869
210
1880
2459
1094
170
1847
1058
2587
2528
1099
2118
1986
2765
2938
1933
15
2054
2010
772
2288
1974
2216
1984
1103
556
1118
211
3038
1659
3208
980
1695
2114
1504
937
3007
1423
2969
