561
1961
2629
2649
690
1389
3211
2803
2319
2907
392
2193
323
2021
73
952
1429
1415
2619
587
1509
829
2506
2165
2895
1228
805
2053
3006
14
1924
2096
1896
1559
450
349
2615
143
1606
2195
2851
2171
2532
1562
880
2162
824
1579
1201
2315
145
1440
276
3260
703
2423
11
80
114
2454
3182
2976
2279
2648
2406
1974
792
1781
2055
3160
69
2132
2777
160
1385
2630
1157
1789
613
2770
2973
2518
231
3041
1004
305
472
2400
1050
865
1667
1481
1239
1523
2318
2234
1727
1841
2017
2847
2292
1408
303
1600
2681
2498
562
1939
2520
907
246
2922
2543
2347
2724
115
677
1823
2544
723
1117
2705
2366
2691
437
3082
237
530
1646
3172
2182
370
571
701
2066
2147
2020
1802
90
229
290
1261
1863
2994
1132
2229
611
1414
71
3033
2426
1857
743
1546
2085
730
1267
439
2117
3051
2822
1532
2310
1925
1198
2042
3169
1325
2400
625
2963
2439
132
3059
2379
3225
2116
2692
2955
228
474
891
235
2998
2611
3267
389
997
1460
1226
2264
1488
1513
2414
3120
2901
2441
1621
2756
2523
1026
1620
2042
1320
1669
1697
41
3140
1187
1092
2128
601
408
649
695
621
1724
742
3090
3261
2533
1710
2866
3198
2678
1586
1744
2887
3077
645
1302
1861
528
989
2984
379
1760
866
982
1547
2744
1437
26
942
2184
2747
30
319
1788
56
2586
1655
3238
3174
891
1715
323
1471
1564
2392
2397
2061
611
1294
2413
1590
1309
765
1053
2720
2834
3088
226
1289
1512
583
2071
2811
2351
412
2106
842
798
1068
2841
2091
1191
2962
432
1318
2374
2847
204
729
544
2063
503
3108
2063
1271
705
1323
1284
1862
2332
1584
1314
3056
128
1485
3266
1782
855
2834
2615
754
1117
3224
118
2317
1309
478
388
53
88
3078
2292
1411
606
2052
150
1614
2389
2313
3181
1077
251
87
406
2980
202
1155
2996
1315
1639
2593
2791
890
1634
3252
1911
993
133
1682
1339
559
2876
894
1824
2423
847
1587
2
2432
1734
3235
322
3229
427
1218
2731
2454
99
2667
3089
1735
381
60
2325
2574
1914
589
2308
2764
2787
1209
826
2008
76
811
2993
910
1501
1706
2464
2007
1434
99
2217
263
1627
2946
2094
1219
1414
2060
3149
1772
1711
1830
1909
1274
3271
1948
1654
855
919
1993
693
2964
92
1375
1155
1797
1719
2501
1519
2820
1422
488
49
3070
1490
65
1825
3214
2975
385
835
2718
2575
1495
1928
3207
976
2673
1628
885
1436
520
2477
2913
2009
2872
2824
2740
2800
892
677
1719
2138
616
2713
2162
3082
579
1668
195
847
438
1691
1869
2073
2578
2459
2407
642
3127
1961
1199
287
3205
853
2262
2149
773
2740
678
1641
454
3138
3029
1262
1717
777
443
1789
2765
1060
1221
1439
201
2759
2358
1452
2153
3272
380
1841
2136
441
2704
2126
184
21
2340
621
2122
253
1661
566
1588
1966
2165
258
209
2524
99
1702
1723
2410
3166
1838
2672
2415
49
837
671
555
2835
1381
267
2738
2312
650
1356
595
2121
1323
2599
2594
1195
773
1520
3023
2017
1105
809
1182
2599
2509
2488
1263
551
2922
2761
366
3195
2498
1963
17
13
3135
3105
2747
2773
1535
337
2885
1499
2113
2897
1944
621
2332
856
2035
3121
3017
139
1144
2144
2769
367
2688
1922
2804
395
927
2950
1029
133
506
2743
1656
1592
2249
2844
2781
676
337
1291
1358
2176
1645
565
913
303
974
379
2444
3121
1578
2045
3194
598
1619
365
109
520
3188
2855
3005
2494
564
3111
1842
1517
1078
562
1258
2750
2475
3236
1217
1335
3091
935
886
673
1505
2723
2898
29
2984
1622
92
1971
2510
2995
527
3266
1020
2462
764
77
1703
680
2547
580
399
3082
2541
481
2131
164
1083
3017
2457
920
2221
2877
1709
347
1853
2541
639
2755
1753
97
2955
1465
431
677
2730
602
1904
399
1849
2487
3140
1500
2709
455
1249
1004
1663
2209
859
1771
525
2274
483
1378
2636
749
571
1139
984
51
2230
525
242
1453
3257
2919
1574
1946
3066
1249
1900
107
222
2179
2006
1677
704
1724
3119
768
964
443
2684
2753
3219
570
1752
2518
825
1150
1957
510
1007
2348
1182
3010
3125
2241
1969
615
3042
521
2444
2421
738
2266
172
1920
3102
150
1686
1265
2325
344
2547
2674
465
1673
2771
1889
1625
3091
2830
585
2992
1488
2446
553
1220
2459
3109
3123
2772
2762
488
2848
2315
3144
421
2193
2959
444
2076
217
3108
1247
1613
1640
791
2733
2544
2572
2489
2665
929
2563
2140
522
401
2526
2515
2581
2243
2158
2073
2792
2560
2282
3090
1389
745
2788
218
320
2140
1614
1987
1388
2712
1809
1810
1897
894
2643
176
593
1464
1463
1107
2129
935
1913
2666
75
1227
2800
2909
2086
1775
2536
1715
1869
464
4
250
871
2696
539
1427
747
174
1351
11
693
610
1103
1783
2614
1146
1418
1422
2536
3076
2449
1116
705
3250
2857
2843
2224
771
3072
629
1361
234
2528
746
13
982
2827
1129
1044
2768
991
583
750
900
1148
1813
3098
1294
2566
214
1351
2269
2238
1099
2147
3001
2698
1588
1610
1877
995
2783
1661
2038
1950
1545
2320
480
2126
1305
2460
933
741
1039
524
665
345
1836
1437
1283
1051
36
1561
203
304
3082
537
3052
1975
1007
2026
563
883
1809
3030
2640
2247
1362
2637
1088
2837
2678
366
2823
3171
1039
1849
1774
458
654
2036
1816
2132
2317
2976
1539
3147
1492
310
756
2900
1837
2081
1822
1686
1682
916
132
127
1062
2468
2398
451
3208
1705
1541
303
2397
108
2513
894
862
1214
1654
520
805
2236
800
1805
1098
1084
1348
415
412
487
510
3272
337
2335
494
1413
384
137
416
1214
1366
2051
1348
3106
2520
617
859
1985
2286
306
886
40
1228
2634
2030
1344
626
945
1565
1852
1769
2611
1005
3157
2773
2941
1204
1378
1216
630
672
2460
2689
1997
1287
2168
968
2241
1038
1706
1991
2388
934
524
1636
1011
2414
1199
2593
2993
2752
718
3265
814
824
3053
1394
125
1073
1134
1044
2477
1838
2447
118
600
1729
470
2727
670
414
2230
828
2446
1273
1084
2227
867
2108
1726
197
2241
1031
2912
1132
670
454
2317
2222
2853
243
1074
2781
1037
2274
351
215
1934
1100
275
1827
1528
2597
100
161
485
2713
120
2074
2525
957
924
253
1995
410
509
306
1299
76
1229
1962
2168
185
878
1659
1599
36
2828
221
1984
2434
3129
1002
710
1060
2608
1866
1525
836
1865
2401
3135
1780
995
261
749
2949
1251
1317
1924
2839
990
1109
685
429
2782
1615
3003
2703
1067
1167
1753
268
31
1858
766
2075
1585
1778
2499
2389
7
27
3226
531
1781
1509
2014
2212
2330
295
1871
1756
445
668
2760
1830
1753
2184
914
1162
290
1321
706
298
926
1600
1075
1779
2893
2797
2080
2344
624
477
152
2691
771
2517
1211
2922
226
2073
568
2637
2638
2156
1383
27
1873
1771
930
2376
84
2738
52
2998
1931
2859
1114
2552
205
1780
681
278
2521
1594
1200
323
2930
2321
2056
1305
529
527
821
1158
1705
1049
1115
1816
3228
935
2196
3173
959
1430
2737
344
1726
586
466
3192
1224
2652
456
377
514
97
653
1571
1036
466
176
1469
1560
1513
2264
2516
2532
3166
1704
2220
1913
2384
685
71
1069
477
345
2025
1551
1713
2091
2189
1468
19
2025
1606
1806
1406
2726
1159
1895
289
2769
2303
923
3209
1356
1771
1098
1731
1361
867
3134
1145
2301
2389
2767
194
2580
2680
1927
2216
2499
1005
653
2106
1192
983
3054
3263
1906
63
130
2360
2389
747
2059
2664
1210
230
857
307
39
1995
1550
952
3222
2756
2774
1407
1230
1553
2661
219
1579
790
2694
1264
2058
134
198
2284
2614
2226
1115
1207
3161
1628
1139
2356
1766
2168
2906
2974
2710
1342
937
1131
3004
46
2009
2178
2928
2500
2841
2553
2599
2392
2595
190
634
2018
1568
511
2817
1453
1313
1701
1122
1274
169
360
3068
1724
2714
1214
2976
2533
1074
3164
1304
2656
2313
1080
2944
873
839
1813
2375
3071
2839
2091
1222
1092
1671
2136
587
1073
1389
2673
601
618
439
177
1982
2560
3220
128
2737
690
1024
848
1160
2293
3171
475
1562
3189
863
2576
1104
3059
273
855
40
2976
850
396
652
830
2927
187
1117
1929
2525
906
2034
1476
1735
2052
2354
2100
2410
3241
2436
187
1714
3238
809
912
3130
1740
2361
2279
2498
713
1597
1515
2008
507
1287
163
1879
649
651
2249
3005
519
295
1519
3043
6
654
1272
2862
1888
1820
537
2548
2926
1175
3219
584
1627
3269
349
1653
3133
2312
1713
777
7
871
1478
1674
1150
2202
3232
1019
2415
495
2154
3020
627
1481
600
2570
319
2657
680
1368
159
1614
960
1837
160
1055
3132
629
261
347
79
1905
1859
1161
322
108
2567
680
1305
1545
2312
3187
2535
1742
1235
590
534
1006
932
1841
926
1348
2624
2823
2698
1677
685
2879
3076
3236
1142
2157
1001
2868
1348
741
1765
2453
3011
2566
785
2288
1358
2476
1511
203
2936
2029
2853
203
1726
2922
1275
27
2138
683
1945
728
2148
2895
2154
1102
2226
2829
374
424
2460
1573
739
1792
1109
2973
762
239
2850
2397
902
322
798
1758
837
1477
2849
2997
1420
2420
857
2648
96
2176
2368
1913
2030
3159
471
2472
1973
446
1505
2445
1698
1965
2551
2035
1661
1500
2403
535
2217
1660
229
752
2207
2151
45
2545
748
1358
1452
1527
3156
1934
1312
845
785
2876
3183
2932
1076
1537
217
2247
2237
1177
431
1624
1958
1628
1063
1131
108
1425
597
1731
2906
2106
1040
2145
1616
421
549
1704
2076
1755
1100
708
2747
1198
1791
1243
845
1582
2483
3249
2920
1831
1465
2076
1462
2015
2023
1974
2026
1024
1781
2598
207
509
2603
2480
2794
836
1844
2747
2246
2673
2725
2619
2104
3269
1347
2735
2498
1027
1230
1269
728
701
3047
2193
1314
60
798
956
2005
2781
895
3000
2547
2362
377
1057
2747
1474
2987
2688
555
1727
2776
1244
2571
2045
860
1369
2028
2878
1369
2059
2162
2032
3087
2516
708
2277
1606
2626
328
117
2119
1045
32
2120
1983
2041
2911
2128
2143
1301
1779
1797
3271
1182
998
1236
3125
2679
38
2869
129
1642
313
1164
4
2050
169
1354
986
1803
248
479
315
3138
485
75
813
3145
1136
236
1264
100
2194
1765
1823
581
484
2197
1624
833
1739
2573
167
2697
1069
910
2561
1543
1555
2370
903
3240
1432
2404
687
1040
3226
2356
2237
2184
1518
710
2816
2341
2684
3077
1472
969
543
651
178
1569
564
2845
3013
1451
181
1728
371
204
1499
3134
2197
1963
3241
2076
2396
1360
2357
1268
667
351
1293
2832
3222
3189
2188
3181
857
699
384
3071
3119
2535
1111
546
2518
790
2924
1721
3220
2261
1244
739
1303
2927
1452
3154
1842
2616
3138
1506
2499
2222
667
249
2693
2828
975
2090
764
1502
2182
470
2188
3122
2751
1652
1236
422
1157
3192
1747
577
87
1389
85
1364
1365
387
2487
1792
2333
494
3170
2641
2815
640
1954
3181
645
2372
857
1935
1253
1165
2740
1182
2914
1591
594
160
2817
2810
207
2860
1932
743
2556
2436
1419
2553
1752
888
1311
1495
269
3109
775
2774
2240
1360
855
2606
2947
660
2437
1288
816
2865
359
1628
896
3194
2427
1443
94
2177
2186
297
1773
1576
3023
2968
848
370
2775
499
86
1955
384
3063
2023
2771
2590
650
1165
2992
436
1169
2796
2950
1730
2310
1316
2989
756
880
134
3166
862
828
2774
876
725
2424
1497
2443
926
2612
1234
885
620
2121
286
1451
1614
202
1626
1241
2750
2062
2469
1239
1894
191
3178
2939
1541
555
2842
2375
2581
2399
2916
2528
1873
2634
2658
1223
1129
2390
1199
1707
151
1480
3078
3013
1577
965
2760
930
191
2861
684
2547
328
941
131
3267
1661
826
1418
1369
189
1076
1708
2274
400
2955
522
2397
248
229
2894
3055
617
319
575
1699
904
1925
1876
1128
2922
110
2084
324
1115
2956
1075
1019
963
2969
2677
177
970
2043
807
2511
3041
388
1626
287
3033
2359
1550
391
73
2015
3128
49
2630
1352
1706
1005
1140
1101
1990
2871
3118
641
681
3177
2263
2630
842
571
432
3210
746
2463
3114
2690
3185
783
2458
1188
1106
2382
2821
1035
1936
2341
1291
76
581
3115
1116
943
2791
563
3251
789
2323
437
1518
2930
476
2785
1968
1771
930
1454
185
2152
2928
1689
2658
1513
1095
1418
3025
2601
1821
1488
2583
1486
2258
280
2264
2219
833
1906
3040
2926
1693
3263
930
1357
101
2239
471
759
2915
2191
65
1817
2374
2548
2545
862
3200
3096
1094
3022
1560
1974
426
1701
2816
1809
411
1880
2804
758
2063
2581
3191
2556
2394
2876
2029
2652
1997
2486
578
927
1707
2375
275
1366
2364
2598
1426
9
410
2810
443
195
3180
2677
481
730
908
1075
2799
2552
1229
1121
256
2430
945
265
2529
2924
825
1997
3051
570
477
2159
2449
1169
413
2816
1757
1236
768
117
1551
837
875
2377
2187
6
2246
1876
1977
1351
2779
2474
1587
547
1139
332
1660
424
2396
173
1959
857
1266
425
2120
169
2875
168
2499
2851
1657
573
1920
502
1256
1323
631
2697
2608
722
2008
2792
455
20
1648
1223
675
973
3269
814
373
455
905
1625
2104
625
2853
1595
881
2422
829
1031
2259
901
2377
804
291
2598
493
2140
3146
1528
1800
1145
2436
2805
332
2326
218
1011
1885
1664
2862
2290
2366
2813
712
582
2172
587
3276
244
2631
1886
1447
2017
984
1826
1833
2013
2049
1604
1430
2575
770
2249
1850
2777
2958
1824
127
185
2379
2289
2912
1131
1141
1189
1059
2316
1390
580
577
3245
2829
1798
1067
2488
2868
2112
1238
1218
1171
1180
1275
3069
2126
581
2985
996
612
1065
455
2437
304
465
1457
1546
730
172
254
2215
2332
195
1014
657
1776
526
2654
1797
560
1948
1744
1143
2436
1066
2912
3133
3033
2185
1632
1080
2913
1499
946
2798
1555
2262
766
832
233
11
1651
864
781
3072
1042
658
1977
1212
885
353
213
83
1369
2006
2741
1560
2988
540
1169
1740
1465
2657
1971
1403
1038
496
2708
2387
1158
2122
898
1055
1744
3049
2862
1483
1725
877
1529
543
3235
2761
1934
285
2736
26
1134
3062
1120
533
1278
2220
935
1360
1877
2432
3139
2237
853
561
1008
1279
2847
479
3272
1369
2107
2549
2181
1503
685
1866
490
1441
3071
1507
3249
540
2088
2799
3171
2728
2060
1786
3103
1935
2317
3067
2794
2540
144
1524
24
3
1800
2114
2115
2453
2387
2024
2858
2010
1845
2073
2788
2842
1478
1169
1641
1612
2399
1376
1590
1106
2730
340
2529
1857
1853
1890
1796
123
1971
1927
2519
2554
2180
64
398
741
1534
681
2259
1152
3007
1436
300
1227
2079
1705
1254
589
1010
2779
1625
399
3012
2800
1659
1164
1195
864
1631
1178
1681
160
1031
2646
730
1641
3217
1430
1168
1032
219
248
1041
333
2548
1611
478
741
206
658
2294
1265
1665
2987
3146
2720
994
2450
3206
2055
201
2989
1688
2910
2539
3104
2897
1153
2252
803
145
777
1181
3171
1523
2516
2367
100
2621
915
1225
1009
2943
1022
3068
2340
602
1946
2363
1042
3066
1075
1653
486
1641
2219
2242
2762
3172
2842
1984
2623
1107
2634
1087
3252
2348
2012
2112
277
1858
57
1817
117
1799
3065
330
2678
3197
791
2377
1379
1386
194
3275
2626
1702
1700
3226
3011
1473
1220
33
1742
658
1232
488
2932
285
2780
555
91
1885
1012
816
2292
3133
1960
748
2592
2874
1305
2251
629
923
1784
2046
2903
2541
155
77
1252
3143
732
266
485
2466
2768
1268
660
806
2329
2715
1689
352
1812
1667
1299
255
2203
1481
1592
1918
728
1258
1798
34
1766
1194
2289
2068
1401
1820
720
2571
2650
2965
2103
880
2076
85
722
1705
1546
195
1588
1978
2232
2591
15
1738
1839
2657
112
3128
1317
3275
621
2502
2717
360
2675
1980
1168
2428
658
2850
1794
1551
935
592
2283
1485
134
2925
1419
676
503
2162
508
3142
601
1918
2293
823
2782
3258
516
407
1948
1154
762
2157
322
1208
201
480
2868
2667
2916
2246
2074
253
1703
1514
1746
6
3042
1702
69
90
3173
926
1225
559
1816
2045
2048
2854
786
2472
79
796
1960
2336
2241
2473
989
2441
1883
2863
1042
1135
1701
2301
392
825
1141
467
1055
509
2843
2019
2116
1435
2613
2852
2036
2255
1109
2973
3053
959
1707
1833
2641
2894
3259
2455
1205
3000
1346
3149
1128
547
200
3135
146
1403
3014
875
31
578
2475
1604
797
1663
1499
3031
1411
351
805
1906
154
1794
2977
265
2515
2244
2401
1621
265
1454
912
2113
1682
2506
2150
2941
1225
10
1513
3219
1370
1809
89
2848
1139
3210
454
758
1772
1481
2902
1734
3048
2406
2593
798
1394
1771
2889
951
2601
1707
2791
491
1312
2174
3221
2416
2352
1293
3177
1811
20
516
1006
433
254
2454
1330
1123
1782
653
254
1774
1500
1554
1820
456
2469
2551
2315
1938
1280
2441
1926
1170
2007
959
8
2773
715
1401
719
2943
861
2535
1642
2660
271
382
1989
1533
202
2400
3022
1854
122
2606
1206
1691
2479
2074
2469
32
939
395
2371
2634
2579
3242
3132
2455
1798
1089
2521
1950
2324
292
2607
1960
1782
2588
2850
1547
2450
1116
2628
2313
1990
429
582
2551
1545
803
2785
1025
1404
188
911
2241
1944
3261
1198
422
2993
2445
3141
2871
2939
2285
2158
1103
568
2891
340
2877
941
717
1246
726
2090
1052
2340
3237
3164
2169
343
1392
963
1221
168
2776
2399
1505
117
2695
156
2333
2974
2066
1342
323
2751
97
702
2993
3275
2827
1297
1539
1970
1735
427
2007
1600
2821
1108
2742
2972
1396
2922
948
2047
2620
3064
1429
168
2703
716
2226
1696
1320
2824
2292
1208
2739
1447
2654
94
855
2690
330
2264
661
2021
2155
2597
2526
2355
2062
3043
1813
2499
1428
1182
2305
3161
2908
2554
940
735
1652
1546
1295
2945
2664
1829
228
528
2960
1458
1844
1118
87
512
3170
528
1688
2295
2448
881
2640
399
652
3204
2780
1322
1238
2017
2229
2841
1688
1290
1469
767
1523
649
2155
3
663
689
3056
925
3000
2512
221
2576
2331
1175
2131
217
1559
595
123
2359
2990
459
3172
2219
973
2336
1929
798
3188
1927
589
164
411
1532
1176
1871
2820
3135
138
1169
398
3073
3115
2128
1557
1098
3061
1725
979
2229
2961
781
1308
1257
2107
2913
1940
373
957
389
915
651
2534
3101
1795
1464
3107
1390
2714
986
2567
869
2098
2384
1011
318
1494
2451
2113
1632
703
67
2911
1549
1705
1224
417
1724
167
2312
1236
3227
689
488
2325
2394
1828
2971
1191
3267
148
2207
372
1264
1925
128
2232
2496
24
2577
1527
588
2875
1599
1253
1641
964
1004
267
2809
383
1337
1101
2011
2285
2926
2868
3250
2092
2127
1470
24
1989
119
1298
2876
2407
2645
1683
1822
2096
558
1597
1804
1960
1314
2240
2232
2931
2982
1875
3056
2915
561
1859
195
2717
1365
1848
330
3043
1662
3125
1491
2509
2894
1313
2234
1670
3271
517
2212
63
493
673
1221
1126
355
3259
2142
2135
1454
237
1912
411
3201
1233
2156
2784
775
1556
683
732
1134
1754
2032
3048
782
994
1704
3266
1997
2856
1947
3174
1670
1714
614
2417
3243
1393
1112
171
2286
1510
1384
775
2746
3191
82
523
1314
2339
814
3191
199
2479
211
2179
2158
2249
2934
3069
2193
2686
233
1527
1840
2454
1043
195
1497
3248
3082
2421
3253
76
2762
956
2618
1565
192
1036
1603
2598
3062
945
1896
281
2068
2264
754
1764
303
2379
778
237
470
2121
496
1959
2853
803
3121
2016
3085
1675
598
1478
67
52
3063
2985
3072
105
2004
2064
2497
3049
2810
2945
1456
2902
1873
833
580
1368
1328
1988
431
2631
2145
628
2392
2904
3113
410
348
1061
2133
2760
2986
2589
1155
669
400
579
1345
1801
24
1049
2908
1562
2981
924
2729
2080
3263
2362
966
1001
2082
1247
3210
189
1847
757
3129
838
1577
946
1025
2298
828
2134
623
634
1158
2543
192
926
2388
1750
2258
25
2340
229
2276
2908
580
4
196
3139
1762
3226
1850
425
2687
605
1651
2122
1292
2208
2016
3075
1847
962
2020
2034
2146
39
853
3166
2508
999
1030
1917
2704
1951
1210
2049
427
918
2901
852
5
1226
1244
2450
2389
1007
536
2780
1486
2959
1754
2851
472
218
2727
443
1081
728
824
469
2416
70
2773
687
1614
1182
1966
2847
150
774
3234
2664
1545
1527
3034
2158
989
2676
1749
1019
1799
1823
1910
718
247
3199
226
956
3158
2953
2617
2501
151
2388
1310
2582
808
80
2168
143
2936
665
2005
411
2207
1090
773
47
1082
1918
801
1295
2791
1216
2614
377
721
2246
1932
1806
1387
2294
655
596
2867
422
394
434
2945
1313
1180
3218
1422
562
129
2004
2015
664
2862
1225
1271
469
3134
1203
2669
784
2462
305
728
1679
2256
922
2804
1393
933
528
615
1896
605
3152
1778
1510
106
3023
635
2582
1896
1939
1911
1512
3058
2302
2718
2215
1190
1306
559
690
1791
310
1659
1415
2264
2476
2262
131
1356
2849
2391
302
2627
2956
1810
1088
1792
1671
1610
1166
1871
959
488
2129
137
1217
2592
84
615
1861
3064
1606
2680
1534
915
247
3125
505
2087
2175
1569
2887
91
1114
690
1587
1911
976
994
2606
1389
2733
1274
2778
531
1525
1169
519
622
2263
609
2818
1324
1440
2392
3170
1730
2391
2834
1845
2252
1875
2959
579
1276
2125
2234
480
1874
2614
762
773
2847
2747
1427
970
2475
2496
1855
810
2374
2705
470
542
507
1889
3210
2466
72
1111
2764
3193
374
645
2099
470
2963
3277
1697
761
2415
1401
2612
2278
1594
2097
478
1911
1120
1801
2919
746
2866
790
2879
922
151
1884
2604
1281
1018
1648
1113
943
1545
414
580
1883
1449
110
169
3250
1891
3080
3244
1452
2349
548
3231
1838
2019
3258
266
316
2952
1324
786
2986
713
870
3060
2801
2378
1564
2738
1007
1947
344
1735
2193
2147
146
2123
1907
2861
796
1100
509
2563
15
1486
3236
1815
1373
1377
839
2773
1436
352
2179
298
2080
2254
1717
1244
573
2766
2439
1962
108
806
109
3198
3225
2301
214
2250
1316
2919
2997
2246
1285
251
1727
1352
991
2364
1688
1748
402
1287
190
1206
2705
2877
600
544
538
2979
709
2895
3171
1330
2224
2027
1508
2103
1347
1182
2085
792
686
692
743
1360
2458
2393
915
1081
292
1860
2928
126
1680
107
447
2809
79
2490
2195
1987
810
415
399
2030
78
1895
2412
3029
1619
1703
1065
1663
3061
3031
201
197
438
1070
461
398
1962
1097
2761
60
1170
1147
77
1669
2114
2025
1878
1778
874
946
2835
94
2926
2071
2401
132
315
226
2
1106
1278
570
345
2078
198
990
2735
1653
237
6
2354
1106
2707
2837
320
818
165
3203
1348
1164
2002
2002
2370
1006
1694
1105
86
1670
2966
641
1157
2990
931
283
733
2591
2687
129
1523
1366
3091
1696
3031
106
199
1335
416
81
2129
2809
1239
2340
1711
2020
1238
2158
1745
110
2783
2898
1686
1204
747
3096
2393
1872
3076
702
1992
661
953
1077
170
2005
1717
560
353
275
117
1024
853
188
1060
1046
490
357
2186
2683
3221
2755
297
2452
1392
1093
2058
2221
814
1047
1404
2036
1724
2403
2390
791
2112
2606
759
2789
3017
934
2963
400
343
522
2468
2957
1795
569
1918
179
1042
2166
968
2345
140
408
2331
2903
2504
2631
1725
2487
1908
2818
1156
2253
1223
1181
1382
669
1176
2234
3174
3255
2661
1721
2719
743
2222
580
929
539
1288
579
2181
1415
2231
172
2597
2870
1998
901
2372
1330
2264
293
2916
2394
975
1246
404
1280
619
742
2038
3271
1371
981
1219
282
1337
2512
224
1563
1541
2793
190
1882
1829
2327
1124
1585
1718
2522
547
1218
2204
686
739
3164
2891
2327
75
1978
270
501
1355
2422
1194
1331
2800
1003
1674
2857
1319
2797
714
3057
3235
2789
2620
3184
3242
258
2136
338
2160
1631
833
948
1314
1700
3273
3230
1514
219
2024
3198
159
1148
1634
1811
1338
2437
2185
2301
2969
2246
2327
1460
2042
6
1433
3253
1689
1835
1782
2857
2160
2150
225
2230
2012
156
3029
2046
1438
116
915
1611
1272
1629
247
740
2691
938
1514
2457
1162
2936
1402
647
2596
2613
1338
688
2822
1176
516
1488
927
2459
2148
50
714
2428
1125
2702
1993
2607
1502
2548
1477
1232
2472
2277
1757
2796
1275
2579
2226
3078
845
2550
3202
129
1826
1120
399
1433
2805
32
989
2344
1507
675
2370
1044
1132
1855
921
2180
1481
630
1345
2342
1975
31
2142
1296
2773
2844
3176
2626
1618
1828
1039
1839
2078
1268
1802
945
1343
1569
472
1695
2732
1469
2609
104
1400
1998
1389
3254
1519
1231
1956
2530
306
4
3045
2930
455
1074
1534
3273
2735
2256
1988
746
967
2053
1816
3072
3259
1913
2929
503
116
712
848
2173
1610
1631
2165
522
1974
816
1630
1111
344
926
2542
1187
1566
2565
1890
1900
1266
335
975
3061
339
2037
2290
3080
630
2711
955
2137
750
885
295
1724
2773
1814
886
1885
2900
48
2471
2413
3027
810
856
2766
3215
428
2792
405
2166
1684
1630
1991
1730
707
2311
1255
3250
1620
2405
241
1588
2115
1393
1526
680
2891
619
2240
762
511
547
2678
788
230
364
1361
2201
1804
24
2428
1889
1372
3180
678
3092
1746
1476
2901
2582
2131
898
1666
2556
2171
1820
2813
2281
1211
28
3140
1554
1435
2262
3165
504
2320
2314
597
1572
1648
2987
241
1499
305
447
2362
2072
3208
3171
1954
1251
465
2035
260
3269
3023
3041
2004
2751
2237
3203
2963
1128
2972
1430
318
548
2943
275
927
792
2387
1936
965
113
1949
235
558
2561
787
1465
646
3212
1958
460
3079
3037
1007
481
537
1875
886
3277
190
1585
2917
2204
2155
628
522
3074
2905
2293
821
743
354
1458
2500
1669
1991
1591
934
767
2948
646
1398
2798
899
863
3212
3184
1590
765
1187
2088
3234
1441
3265
2699
2050
1781
2594
2025
634
1647
1222
516
2458
759
716
2746
379
2438
1188
2724
1466
171
2687
1440
980
1995
1265
1047
253
1869
3175
348
951
2180
378
1537
1669
3099
2872
427
1428
672
2231
2876
3235
1127
1187
337
2652
1521
11
2939
376
3183
2456
758
858
1544
820
859
3184
2408
2894
918
1959
1706
1370
1134
1146
1728
905
449
2870
880
133
123
385
452
1237
18
2733
1502
62
805
2321
2579
3172
721
1444
869
1900
93
2401
938
2222
2255
1873
888
1171
1137
2353
2701
2080
3136
2649
198
1967
1455
3181
1231
749
2960
1202
1460
1648
2781
1850
2417
33
171
477
1019
2175
12
1492
621
2322
1693
2960
291
2185
1708
2350
2547
1235
1851
1830
2800
2583
199
2972
737
2164
2656
2019
167
2716
2729
1810
1534
628
102
2352
2738
233
2388
2509
2673
363
1991
1040
172
1183
242
3214
2409
2325
1939
1583
2721
1033
21
2681
852
654
1301
2691
2643
2139
1579
233
95
1997
379
1734
3185
2139
2955
2691
3090
2627
1504
1864
480
2412
1202
2211
1479
2030
1065
3178
244
564
1826
418
1515
505
3242
830
490
2986
772
170
2878
464
3019
3223
2489
1773
1232
1018
2473
1573
739
1456
858
1212
3007
1623
284
2871
2322
1436
1898
2072
475
2587
716
2010
1869
701
1389
2694
2260
3135
2880
1466
2359
1690
471
488
529
1488
2756
2049
2352
2493
641
395
1312
2196
680
96
1120
1109
797
817
1171
949
1054
1466
2551
119
2884
2900
1954
2553
986
3172
1440
1940
3199
562
1391
8
650
1633
1322
1205
2133
420
2115
3141
2579
1344
1577
499
2856
2813
3077
2112
3183
1009
2980
279
2211
2885
2831
142
2688
3031
2177
2324
50
1914
1598
781
751
465
1327
476
779
2667
2096
2132
670
430
128
1287
574
1888
2592
1319
2534
2057
2996
2478
2852
2850
1827
2641
1701
1053
2080
1299
3032
2110
2719
3197
2433
1242
1646
14
1547
2885
1721
1861
802
284
1913
1979
2528
2622
3177
2107
2423
2035
1313
1562
1429
643
2942
2142
2905
3087
811
698
906
2914
280
1833
3124
2669
430
2909
2541
1018
1972
207
327
3117
1115
1184
605
687
2254
3199
943
927
2073
2308
810
1587
858
2310
2676
1155
182
2458
1790
458
153
2836
1583
2735
1258
2522
1562
1213
1063
67
1205
595
621
889
2765
2504
1035
1784
797
1279
1738
3044
278
2094
601
1998
2001
2947
878
2066
383
1627
2164
988
1177
1987
28
2146
2656
1982
999
2803
172
48
2193
3187
281
2313
1241
67
2740
1642
2197
2200
2087
2778
1153
1797
3198
2330
2460
1662
912
1118
100
2642
52
257
1342
1900
3006
2759
1018
1684
1849
1539
3188
438
501
1826
1831
1995
2306
3126
934
1584
1631
1895
2011
766
85
2284
82
214
740
1106
1366
2784
959
3212
2123
2006
2767
624
872
1553
2359
1136
3114
1491
635
399
2272
148
2913
2851
864
3107
548
1899
3180
2978
919
1795
883
68
200
1408
774
1418
1429
2696
1443
2788
1787
130
824
2441
2433
744
352
2191
862
1591
2548
1953
2757
492
495
2231
171
2892
1903
1141
2181
2410
1040
396
2596
2765
198
290
324
2945
525
1396
2883
202
1649
2840
855
1550
1988
1761
1057
47
3152
195
1366
1564
487
1069
1523
2617
2489
2811
1683
1681
2163
472
1094
284
2028
2884
1114
921
2745
1634
2009
681
1357
2986
1018
748
874
2803
783
1166
1812
2508
2874
1036
375
1842
2047
3018
3204
901
1845
2999
1455
2951
1660
3103
2608
1320
2045
2703
517
859
1370
2335
1749
1575
1092
1371
1843
1468
2578
1440
46
1881
2918
2987
1841
316
2151
407
2826
3172
3141
2482
1547
758
120
1619
2076
2565
2697
544
1516
3079
2859
296
1857
2326
579
2456
2048
564
2114
1557
3161
2874
1742
951
2168
2191
1941
1846
645
2742
823
2086
666
27
1826
258
1077
2219
701
2365
2461
2578
1512
451
1229
863
313
2323
792
3000
1312
3128
591
1960
920
852
786
162
1211
2213
3018
1022
1305
3050
2469
443
1993
1092
771
902
1575
2263
2219
293
1885
3052
3200
1108
2456
1853
2805
1958
1788
2130
1944
626
83
1344
2553
135
2726
584
429
1165
2502
2621
2931
1793
2079
559
2830
973
2339
171
1808
543
1677
2721
1787
2168
673
1211
1861
552
1569
2017
953
2102
191
363
1371
1562
2393
233
257
1512
381
604
177
688
3238
2575
2882
3254
1340
1859
1121
1193
1552
1556
1348
1616
3069
3120
437
1999
1655
612
1698
1528
259
1684
3122
723
2362
2080
565
2142
2074
2640
1036
397
3039
2144
346
480
1538
2552
2200
214
1871
2575
202
2042
2693
3034
3162
3065
2738
3210
2213
2339
635
1809
2733
553
1201
1412
3202
1602
2934
549
1382
1012
2020
1749
1707
231
667
31
2683
2228
2685
3163
454
1221
480
2243
430
617
1927
2924
1048
3157
2995
3078
556
814
445
991
700
176
2925
1817
2514
2731
411
1513
852
2000
1071
1195
2362
2134
462
1630
1447
1949
1974
1321
1169
1456
2575
339
538
1066
517
561
2370
1367
1325
1224
2488
3167
63
103
1330
2574
1415
2485
2014
466
3146
2392
3175
1483
1194
480
3034
2207
941
125
76
2656
1176
240
256
1447
819
1718
3000
2179
1487
164
2122
1237
249
1462
152
942
1371
79
104
1880
2069
2532
2659
1932
735
3144
2304
1717
2312
1072
548
1391
470
1780
286
1590
3019
184
2695
42
1545
60
223
3168
887
1397
180
1616
2865
463
379
1125
899
3085
503
1960
1183
862
134
1943
2514
2584
1582
1492
2890
1756
1224
527
1011
1987
579
1678
1808
809
1202
3104
709
1250
1484
1924
1623
896
2052
1380
751
1527
1819
152
1055
2183
1191
2812
2587
2368
1049
340
732
1165
900
2306
3129
2606
1204
807
2276
3226
150
203
3057
1646
3009
2574
2893
2833
1571
1011
793
1170
766
1746
1837
192
822
2715
1621
691
2243
1971
2366
1925
936
2887
2654
79
1441
1081
2643
2497
2502
1919
2774
2493
2572
1100
1788
2100
2451
123
1525
1333
205
2254
1431
2004
1442
1784
40
378
783
692
2751
320
185
3245
751
1560
312
2979
2295
1282
1097
1062
2587
2983
145
1691
2941
1997
2165
564
1503
620
1872
566
707
2548
2699
1892
2876
263
989
744
3091
112
1293
2823
3194
377
2265
525
312
3162
2394
2014
1
1588
1121
2086
849
192
1974
2646
610
193
3098
2228
229
950
1478
99
106
1739
2779
3195
1006
2706
862
2802
704
2250
792
957
2018
2809
255
1067
405
2622
3217
125
2809
1828
376
1866
65
496
90
3059
255
537
1727
1759
2701
2205
1666
2658
362
599
2559
2826
1717
2350
1366
1781
2603
2373
2164
2807
689
3123
3023
306
2703
3139
2932
2018
2416
1260
1033
2256
734
2279
1354
860
25
1619
1871
405
1441
317
734
1007
2893
1687
1780
610
224
1646
3007
455
2352
2695
2555
674
660
1282
2610
2081
1710
1495
3157
2396
1308
1514
2058
2962
2434
2502
3207
1087
942
2752
80
471
2222
551
1977
1708
2561
1342
1461
2077
1671
219
2704
2653
3056
887
2719
2777
3159
2774
2565
2882
1313
1056
2769
2256
1955
101
1086
2903
1810
3168
2523
2808
2305
1797
774
2891
605
3097
3266
1100
2805
418
3234
1218
2851
954
528
13
196
2676
788
3218
3053
1363
2932
1232
1775
2057
2902
877
129
1024
672
1522
518
1003
2415
2077
1421
2915
1570
2519
1416
741
2783
1275
2529
1404
370
1268
695
1338
1506
3012
1972
538
2502
839
3137
2183
1814
3244
1506
3254
755
1685
2123
2868
187
563
1938
999
3138
3240
1052
1199
2138
1278
990
3079
536
2655
753
1459
721
1973
3038
883
1948
493
2060
134
2961
1957
1410
1332
2959
279
605
1537
2635
3024
2055
1749
2140
1911
35
1085
961
3063
104
1189
3109
2028
1074
1745
3136
3190
1080
2345
2249
1350
2451
1396
528
2178
1558
760
1428
2583
611
273
793
1132
1363
658
3090
2196
1298
2254
1065
2013
1433
1697
849
2259
417
182
2501
24
451
2514
1621
3029
2990
912
677
2619
81
1407
650
2507
1567
1620
954
3044
2423
692
1181
2948
2551
2565
3134
166
2955
1656
139
1405
2150
596
1267
2321
1919
3181
2068
339
415
2737
1893
2092
1358
787
2346
2258
951
853
1728
637
934
2464
1950
1482
2834
2437
174
2941
2343
2319
1320
2542
1140
2817
760
372
2670
502
2829
2934
2625
378
1534
2791
2907
613
2199
2504
850
2361
603
2272
2120
953
1617
132
2519
1575
448
2752
235
2582
1965
657
141
2685
1178
950
2858
1388
378
2549
2464
3012
2383
458
1938
243
2954
2380
1407
3259
490
31
1067
1893
187
2973
33
2242
1264
1946
244
2263
162
2307
3236
1872
1595
1103
2331
562
1533
2492
663
2713
2824
766
1907
3233
1315
2760
817
3227
3177
2481
2383
2104
1457
2712
1686
2707
2077
2970
2395
2103
1064
2685
2734
1336
3234
1258
627
224
514
1254
2561
668
111
2940
2688
953
1054
2982
1885
1225
2769
1907
540
2611
3181
352
2015
522
1219
1823
3131
487
506
1997
2104
1319
2915
1944
257
218
1886
2349
1721
625
203
3027
569
2080
3176
849
2191
2050
2076
528
2809
2078
350
1913
161
2355
2446
1158
1863
3274
1387
2195
2870
1345
2885
514
147
1308
894
1196
2865
2339
1380
455
1363
3103
2646
2457
649
3230
2784
665
3046
94
1571
2048
3154
1048
1836
454
974
862
566
415
1333
220
988
979
2190
1906
3127
1513
2219
1571
793
1310
743
1434
1491
2537
779
1575
2172
1463
1354
445
2859
429
2969
1833
894
2570
2538
954
1966
2087
1681
2588
495
899
1423
1344
1577
2202
615
3195
1025
1946
631
1961
2255
837
880
3009
2949
2172
807
1286
739
1745
2741
2673
3276
636
1768
2345
194
1278
2876
2546
275
1211
2403
3152
2856
631
219
1539
250
2099
2640
663
1437
2122
581
2909
143
2143
894
1692
2078
2594
387
814
1679
993
124
1473
198
345
1938
29
1345
2957
2825
1952
981
2462
1247
42
2073
1607
1523
992
2603
3069
844
2489
762
830
796
1662
1151
1317
1704
2614
784
251
2036
2254
883
113
493
806
321
726
81
3116
312
1988
1973
1430
2418
409
1555
771
3276
2094
683
2245
859
1065
2663
2113
2571
1271
716
609
865
1680
1796
2969
1668
3145
1498
100
2523
2318
1083
3111
2442
1801
2001
1155
2637
1826
153
2019
1493
2631
445
1957
1912
2507
1787
1612
1636
1001
2608
3002
1072
2096
3219
2823
2484
639
2689
2249
2311
2526
2605
2599
2924
2954
2266
509
2954
2723
978
1125
2356
27
1807
689
998
1639
2982
2919
709
793
789
893
2706
1694
3260
1941
496
1917
3132
1041
2754
2802
1116
3165
1100
1686
1758
64
2467
73
830
1951
1647
1195
1225
63
620
1602
922
3165
2663
2672
3105
1052
2664
774
1842
1371
3212
1659
3225
2658
2514
1420
2608
761
101
2535
797
2954
2425
779
2757
2729
2216
1687
3039
987
2154
2362
3085
403
1054
577
2352
2977
3268
3013
1860
3081
2269
2838
1419
2731
2404
37
2933
2093
291
1945
1035
1766
2952
2015
2945
2612
869
2069
3089
372
2575
709
254
159
3058
15
2485
2174
2441
2361
2622
131
2921
337
775
2730
2112
410
915
1681
2550
1379
2180
1477
3042
1059
551
1673
1480
1372
1824
969
1006
91
2569
2329
3255
1680
2237
3259
253
2699
3131
2887
1105
613
2407
132
199
1122
1623
1517
1711
765
1991
3069
565
1845
975
910
1879
369
1025
1533
1999
781
200
1175
14
1456
1675
305
2203
1460
2083
2975
3100
2031
2206
1526
653
859
3267
1242
2955
1770
2837
256
2095
1855
2761
2239
410
1572
525
104
2424
3153
2670
1713
2046
243
2193
3050
2832
2730
1142
2773
2591
1421
674
2954
3058
1685
471
1415
2141
1251
1865
2418
3248
1950
866
1947
2482
2681
1491
558
1303
1132
2813
50
2189
680
3242
854
2109
868
1665
2306
327
629
2918
3018
2596
2491
660
244
2194
1079
830
1833
1793
3096
3047
516
907
3138
3141
2777
3086
1851
2984
3044
349
597
2327
2023
2153
167
1427
2517
846
3243
2270
2882
3153
2270
1121
132
3276
1591
2816
3171
923
3081
370
2630
2120
846
2752
2650
1264
2717
1956
2090
220
2839
1560
1038
681
1745
1170
1996
2645
1486
3224
2991
934
117
2111
1127
2782
1589
2411
555
2706
3074
3257
786
3234
2005
2204
1902
1309
1236
1470
2614
2730
2162
1110
1492
835
267
1331
255
1457
2427
1773
3073
849
1783
303
923
1897
1614
2085
498
1530
1069
2158
1509
1876
1449
1435
1543
1016
1573
2960
1132
2766
1616
2473
2986
1355
332
2038
1002
78
1769
1798
2140
128
15
1893
1413
2319
671
2363
2241
488
1718
326
2415
2738
2303
1713
1864
326
1441
1001
1634
2281
2716
1927
1129
3133
89
3113
2317
1819
232
1955
1765
1427
768
2938
2132
2978
2784
1827
1035
1545
3218
705
2044
1193
2883
2360
2441
1333
1932
2965
2481
464
2162
355
639
2654
1066
794
3197
670
279
2232
2803
2999
271
2468
263
42
609
388
1240
2263
596
2657
3132
2957
3243
753
2131
1729
963
2813
2952
290
1676
3249
2246
1834
1614
841
287
965
2836
671
2115
1973
1408
2480
463
21
1651
2563
3226
2355
2085
1958
2783
1152
1903
2154
2354
1353
3108
749
3250
1973
1439
1049
2682
1461
189
2154
982
997
737
3200
2400
902
610
1386
1756
107
2049
1098
92
407
2915
631
2302
2517
2400
48
533
2197
3213
3225
1223
2958
99
1908
1240
1195
1902
50
494
2845
1667
693
2362
1215
968
572
811
1278
2959
3172
602
433
1695
393
635
1197
181
2360
3209
1849
2778
3
2193
1206
1320
2206
3052
2850
2136
2644
1508
2550
1944
1740
3267
3213
2396
1112
1774
1750
724
916
2976
2044
412
2651
930
1679
2264
1959
3094
47
133
196
2573
1742
678
2929
2701
557
2931
1361
1077
3216
2903
3154
2385
2794
1633
498
3158
251
3258
896
1438
447
1158
1955
701
2408
1024
2880
2017
1958
258
2782
2975
270
2043
3116
606
428
3152
426
453
1906
1066
3080
2824
1284
2075
2469
1120
2573
555
1180
2603
2829
2848
2375
1660
2343
408
656
1089
1788
1688
3154
1657
2842
1194
3142
3024
898
1765
480
1811
2749
1250
994
423
2160
668
627
2569
1913
736
1167
2539
2146
1223
1122
3165
954
2827
1982
705
2453
3055
2949
1073
2909
2207
1431
2389
2548
1117
1856
1691
555
182
980
132
1216
1012
1370
2230
1813
552
1588
3152
55
1959
1652
2220
1497
2600
1777
542
2460
3097
225
1324
991
1064
1018
245
1559
379
1304
834
478
2885
1899
2909
2954
257
964
2301
3046
1774
1228
2352
365
1001
562
23
1191
2344
2845
2837
2470
653
2559
153
1397
2047
2992
701
2815
2104
1820
901
1627
3012
668
2441
916
2208
1916
2628
347
1360
203
610
2482
952
694
1975
1040
3138
2768
2559
2018
1218
838
2782
2392
1344
3220
592
243
2392
2816
1198
351
2514
2088
1529
626
943
3154
698
2069
1284
3236
958
1408
1240
1306
1290
2563
1247
459
510
2785
559
2026
2245
2755
163
2176
2591
3028
720
120
1954
61
1804
2460
2256
3205
473
18
1475
691
1987
3276
2434
851
1396
1350
1932
1235
1233
2715
55
2055
1100
2950
2327
1776
1451
1665
2099
2844
3225
2360
1042
1403
3037
2693
2715
2094
1633
650
1016
2315
2371
1155
80
111
1052
2746
2235
2875
2843
1281
565
2533
2089
129
1184
2535
68
1547
357
70
3037
1472
532
2261
277
1752
277
2715
2085
3055
2849
445
3080
2315
1333
645
3220
554
1455
706
1013
2341
692
2527
2878
2882
1168
2070
2442
3014
1163
511
3220
2194
141
1028
2438
3209
1430
2809
2869
1651
1598
2205
3222
419
3078
2778
1183
2635
3046
1570
2250
300
1651
2489
2920
561
2277
1206
360
2035
1047
2293
384
2402
506
3166
511
2136
2114
2268
1853
383
2634
2123
370
295
1487
2435
1437
157
1551
2992
1693
729
662
1750
1772
1870
2154
1281
457
2462
2374
2415
1075
2940
3186
1538
339
1491
829
3134
281
2886
2425
1795
390
1546
1843
966
746
365
2268
3007
2776
697
781
1788
2367
2099
2638
871
1277
2928
238
27
2110
1072
832
2628
2948
2286
1912
3047
2779
2659
1631
49
1057
1832
2160
1875
2532
369
1585
164
845
1881
1071
2957
1191
2785
3215
2336
3105
118
2127
2982
408
304
124
326
1278
310
2430
1796
967
2723
1839
2782
1891
140
3011
981
489
244
88
75
2816
737
3156
1205
1383
1882
1017
1998
1416
1878
1700
1624
2821
561
2107
2139
3114
2516
2008
1321
2951
2517
2277
15
873
70
977
2811
1519
3039
2563
2314
960
1604
1388
1187
2910
311
649
3244
3252
1004
1735
1552
3196
1459
2198
2981
1600
801
2834
2437
555
1169
3098
1946
1001
3273
1751
933
2799
1664
1607
410
2400
324
2512
3153
2561
1965
1083
140
1014
1452
1011
689
2037
2309
10
1552
1450
1501
3099
1552
2091
781
2096
2898
463
2901
479
897
1605
1827
573
1512
2889
622
2722
2950
508
597
2216
375
1952
1955
871
2382
3225
2112
2631
343
2567
2456
280
506
2866
3145
1267
984
2462
3270
1422
574
1871
2377
456
177
3200
1001
774
1852
300
2763
1588
2317
1947
2577
1939
2299
916
2841
1689
2357
37
2833
967
9
1564
3193
249
1383
2112
194
1569
3258
1079
1857
3174
1299
2568
1296
1262
8
2312
1603
936
1570
1901
1438
848
1536
2472
2883
2838
1278
523
3132
1201
2922
252
2104
2881
3230
2823
651
470
1291
92
1777
1736
458
1970
2672
1508
2993
469
3055
2921
804
1175
1266
64
60
2254
319
2825
1131
2594
1908
2863
1151
1095
748
814
2899
3191
3117
234
2270
3150
64
3180
298
848
1073
1395
2148
1904
2924
1294
3201
876
2841
1338
3269
1277
2754
2595
3180
7
2324
561
1857
3087
2967
3006
550
275
848
2254
2837
1488
893
2357
697
382
325
87
795
746
3256
558
2623
573
1724
2430
2324
657
1100
737
2642
1368
2318
1293
1248
2046
2464
2952
132
2706
1538
653
1781
2830
1576
1594
2047
218
2313
2587
1131
1055
2519
2861
3276
1574
1357
378
368
1616
2347
39
1805
640
1163
1513
954
447
2464
1622
2830
1197
1104
1943
45
1893
2395
864
1975
1743
419
75
949
444
2145
1443
48
377
3240
1339
2696
2199
69
934
189
80
2738
232
1483
866
2612
908
512
1305
72
2090
720
51
48
1060
1895
1530
2464
2671
191
3178
3261
295
1444
1773
372
918
368
553
643
1499
1104
408
2422
2299
2215
2706
2241
348
1939
501
299
2896
2496
2056
758
721
458
1171
1218
121
952
518
136
1052
99
2463
190
560
2977
1483
305
735
1817
809
204
2015
1403
2195
380
399
1
1272
1695
2171
2935
2933
609
2584
104
720
611
1114
921
214
3110
2995
2268
890
1632
992
2607
65
1541
1838
108
2208
680
2796
2728
2216
2302
2442
1208
1293
2227
282
1749
1086
1930
475
506
1974
2627
515
3217
284
2561
3051
1607
514
1692
2225
47
1307
3248
2374
824
719
3222
787
2191
2480
3146
2225
2752
3254
1191
159
803
1575
191
2253
1851
1916
752
2301
3276
2128
1662
2342
2119
3259
1970
275
1513
491
745
830
2768
749
1983
1245
1220
2798
1017
2970
2335
1759
2492
737
832
3010
386
312
1560
2547
2911
3181
1964
694
6
2915
1761
2959
2122
273
2261
2830
2146
3168
1979
1892
2276
2159
116
3085
269
2269
1450
2982
1536
234
1447
823
645
1074
845
1054
1974
2424
2296
862
152
1183
2283
1743
3133
79
2978
532
2154
3167
1563
2206
913
801
1332
80
1669
1912
2101
1729
1613
2705
1132
383
2072
2054
1427
2920
1975
1856
2884
1064
1078
1036
2667
205
768
112
3224
2293
1716
2076
1859
1491
2594
278
2917
457
2403
1333
249
1101
791
1660
522
606
2182
1689
2264
2261
1723
2589
1214
3106
1454
729
2409
676
1953
76
1430
527
1473
2071
442
1286
240
2980
1791
1161
2625
888
2201
2666
1746
2995
2401
510
1465
2612
2825
1488
1360
1741
197
2347
2918
2718
1516
679
1837
2234
1457
857
1759
2969
1953
1597
1212
754
306
2515
2182
1855
1664
3175
1931
2062
1874
2492
98
1827
3093
1475
2359
2266
1622
800
249
549
506
2751
177
1579
2762
2455
2600
2233
1715
889
1096
1108
2962
1669
615
3156
2692
1122
132
49
2750
2500
1233
533
284
1560
971
3125
2870
582
1025
1798
412
1342
1340
2218
398
1317
439
1526
2115
2650
84
1008
24
2428
433
1357
18
19
3018
704
1158
3134
1158
853
1957
2822
1330
2562
199
634
2688
1855
2776
2471
1191
986
1400
99
1241
153
2778
2276
2977
3255
294
2147
561
503
1995
1839
2206
506
1930
547
2408
2555
3076
1528
2350
1380
1846
3276
2370
306
3100
793
205
555
1845
1556
833
1620
560
179
2799
101
1615
1560
2895
2279
1104
470
474
1767
2220
823
658
3050
2394
2239
997
2945
1816
1102
175
939
675
2531
188
2883
3238
1992
1292
522
2663
1791
460
2745
705
1503
2469
2741
167
1368
1932
2809
1330
317
1104
672
2452
1425
2124
72
2815
3191
2453
1909
1856
2544
999
2655
2681
1093
1106
2208
417
1177
1479
2007
2986
2913
564
2143
2520
1900
2190
1236
714
2042
2085
1230
3028
577
2084
1247
3150
2340
2138
2290
404
709
554
393
2703
1920
1736
3116
2044
696
2872
1096
2922
279
1430
1660
2180
1174
1466
489
699
2558
1629
1624
1134
2922
1836
1127
3275
1280
1690
2080
422
1919
1374
2456
1428
1086
1059
607
3176
1172
2991
2507
406
1296
2458
111
229
38
1311
14
486
1806
736
2952
846
325
398
212
2520
2843
3258
2200
3249
2977
759
1379
2410
1859
3195
2795
3231
1891
1515
1462
756
658
728
516
1538
1084
1328
1820
1427
3104
97
680
201
2774
1390
1556
2362
135
2135
1212
905
2429
618
2089
1522
1056
2131
2329
2138
604
2733
2299
1612
2988
2848
260
1661
2086
2453
643
469
44
98
1028
1024
2336
3216
947
3156
2746
3133
1880
2306
560
912
2240
64
2149
1373
2613
341
81
2436
2084
2764
3184
2008
929
3215
2563
398
333
3264
2703
817
1304
2375
2651
2328
9
850
710
928
1333
496
2674
2937
2048
1486
2161
847
1416
2071
1555
1020
444
2875
2798
922
1751
2778
497
2037
747
1231
1601
2022
3017
549
2544
3069
2923
99
545
2997
901
2137
2707
2761
1010
1558
1492
169
707
2240
1444
214
2840
2758
209
1998
2879
715
2163
2470
1025
1046
466
3179
2042
2183
2584
1278
50
1152
2320
123
2833
1299
2891
1066
1186
1478
644
1925
99
2826
1187
3079
914
2100
451
782
2108
1180
2471
1402
2867
1704
3130
165
1732
1321
1801
681
692
3134
2928
2447
472
2390
643
3137
640
1318
225
1841
129
3044
686
899
1970
2739
2107
2343
1433
2286
1349
3148
703
1075
418
1661
3081
2346
968
3058
329
765
2642
137
1187
505
1677
2487
3273
22
941
1889
2253
2619
1583
2672
2769
2110
587
1615
493
2658
464
246
1353
2457
2921
2930
1454
325
2597
1689
276
748
1837
2718
165
1076
339
511
2441
1961
327
457
2295
1789
707
2345
2630
3074
1231
3051
3125
1433
3224
2949
1089
1465
1670
2208
2966
668
1112
1018
1134
2103
991
3023
63
220
2547
3213
610
552
2571
2180
279
1303
3183
1749
154
812
2931
970
981
1536
1674
3183
2021
2422
906
698
1549
2740
2506
265
2783
2726
683
130
1189
1118
2852
1545
2810
1191
2136
1553
427
2422
2767
771
3058
2488
1401
2490
3019
3129
2702
755
2266
1966
1694
2574
1884
3146
1409
3256
1114
2662
1597
2643
1490
910
822
896
244
1592
139
2598
1327
367
1513
625
1957
1030
2292
1312
2735
330
1833
83
2498
2167
1928
1872
3023
2274
741
2045
1128
831
1240
2473
3115
526
1044
1433
3060
1624
1078
2472
2492
701
3212
585
3134
1347
1523
664
1098
877
2885
361
2678
690
2877
2151
1660
1030
1890
3121
558
1580
499
1054
2580
1406
15
1377
1029
25
2996
1306
1077
2943
292
1252
2324
669
1672
188
1
3192
1587
2114
2047
626
2640
110
1965
828
1430
1199
2972
1573
364
2789
600
2226
2526
283
2864
962
767
2198
1713
574
27
1283
1098
1653
2141
2497
2256
2928
1963
645
2409
663
2691
1970
2477
319
951
2156
1393
2906
1927
1946
2087
2173
2003
2310
180
924
2470
1385
123
691
1601
666
312
2552
2435
64
1770
2807
3222
2420
1571
1642
1333
538
2656
1941
508
90
1231
3269
3106
2314
3045
949
163
3119
258
1825
3181
1350
2781
1075
2663
720
104
494
2160
1441
3199
2785
3039
2127
3181
3276
247
1422
2884
2093
1898
264
628
2501
1920
821
400
2042
467
2982
3107
1175
1357
995
700
18
2603
819
3174
1310
1028
1764
2291
53
830
2341
334
872
1215
90
1187
961
2104
2717
287
2595
3046
643
1829
2898
1562
221
1467
1913
2107
2189
2196
2876
2551
1667
1671
3152
2125
2417
2268
2145
1026
411
1799
1723
2846
1537
3067
2519
3127
2266
191
1139
1431
1372
2825
1478
560
1046
470
2574
816
3217
125
2413
2102
2025
137
3043
2090
1199
723
722
3249
1574
2515
2162
575
617
1839
1426
2154
1611
2886
1147
1957
2291
3077
2805
2866
3165
1252
568
2798
2058
1371
1734
2591
1981
2398
159
941
2155
2721
1064
2305
2567
3263
672
3046
1708
1571
2679
1392
1510
370
1232
3053
2376
3198
2587
2519
2344
956
2006
366
2936
633
1178
540
2959
1731
2379
2072
2471
1144
2412
1296
1458
825
1165
2621
2329
701
1960
1510
773
306
2156
3250
298
1445
319
1853
2230
2561
2046
2317
3216
84
1597
766
1156
527
72
2428
2300
2901
1240
1787
922
1101
3149
1595
2966
1861
2016
1641
2818
3091
278
1184
973
273
2561
1666
1251
1779
1269
1167
3231
2819
1079
3273
658
460
2142
2334
1491
2716
1087
531
1691
2719
1729
2367
522
2055
2827
2659
2564
1846
662
2145
2455
3058
2
1219
2440
155
2410
2642
3007
3024
1500
3253
325
2489
3258
2216
2859
2788
2729
2576
2549
313
713
881
1424
2483
1610
628
2815
2088
690
1695
2493
992
227
1514
333
1795
523
2738
2264
2362
1970
913
351
299
239
2603
2361
2961
899
1602
335
907
2784
3018
1962
1990
2649
3178
1153
2059
3174
2053
1805
2572
1503
2018
627
259
2641
834
414
138
2113
1481
2259
3247
1887
849
2199
724
674
2862
3050
981
2945
1653
1392
345
907
24
3044
2564
3243
2262
800
832
2607
661
519
1496
1565
2961
3115
3135
2064
2093
2351
308
2769
965
991
1041
1087
240
366
2847
1624
2868
1943
1512
1690
2279
2179
414
1455
1469
2859
2835
2831
391
1815
909
2078
2148
2611
2671
2471
1627
1537
2680
2880
509
326
3245
1685
2471
2945
1550
1402
3020
2259
549
986
3138
132
1532
518
2199
1224
182
1976
2621
1098
3014
1280
1356
670
817
1216
701
2057
1183
1086
420
1485
1034
2528
368
3121
1248
456
1844
678
3264
1849
812
3088
1295
2014
528
1938
1779
357
672
2836
1779
1701
371
2027
567
3246
1675
930
2305
1685
1740
2163
2138
907
2869
1112
2104
2389
2455
1781
4
1292
1809
2176
917
3121
2461
905
1071
2077
2715
2997
287
1465
2358
1283
2558
915
2095
3059
1984
1289
2333
3028
2100
1183
993
1745
289
3127
1515
15
1697
114
1268
2965
894
3168
1003
276
2253
1921
2278
2160
904
850
755
2560
1796
195
1248
1571
1999
1943
170
1162
662
1672
606
1347
1087
742
2345
2626
533
2905
2624
2525
1007
357
2363
1896
613
1740
1182
2231
2001
2282
2210
3119
761
1015
161
755
133
1285
3152
3171
1763
1206
2763
854
2511
2014
1811
167
2730
1661
1222
2534
318
1595
3028
748
2189
618
2988
3173
1234
506
364
3192
2856
542
1605
2955
4
2382
2898
2245
435
2401
426
2531
1859
2763
162
2547
2322
1993
700
2723
452
2831
2859
1337
836
1431
3171
3003
2094
2250
2070
2702
2574
3007
257
2013
1240
620
962
1100
2461
1835
1408
146
2264
963
1023
2983
815
199
3162
879
2314
2165
1822
1311
1159
1011
2220
1068
804
8
1175
1266
1884
46
2370
2937
2751
89
2276
2141
1439
3150
2154
1904
2865
12
1570
937
641
2914
2621
2673
2816
3125
3263
1284
2132
3257
2367
1326
2698
1531
1460
1471
401
190
2825
2232
2729
477
2043
917
1718
671
851
958
2087
2184
2357
2120
1873
905
1386
2000
1433
1557
797
1563
372
2748
1030
2509
2565
337
251
2320
1935
2654
1526
1012
1926
345
2123
2496
2015
2339
703
1624
912
2070
764
2103
2230
1834
228
640
197
2014
1252
2150
3251
1131
645
1405
1029
1923
1536
2506
1390
609
114
1724
380
403
1203
1810
1971
228
101
2991
2883
2968
828
2704
353
766
1660
1705
423
1365
1726
2739
2677
562
2112
2688
1275
832
2846
419
1144
847
1972
1590
685
237
1347
38
2145
26
2454
2208
997
494
132
2159
2359
3111
106
3083
2711
1910
2696
2715
1308
435
1519
2530
2495
309
1819
693
1221
840
2395
2442
1445
1581
1445
1327
744
1383
3081
1028
640
2246
2918
1671
2177
1682
1560
717
389
1544
1465
1158
2728
654
3246
1714
3162
2473
2746
1101
2565
1850
1694
888
544
1768
490
2966
172
1183
2319
2538
3205
1589
422
2137
1214
2913
650
1713
2455
312
1994
117
1609
1637
309
2352
1035
1763
191
2386
490
2374
1920
1422
1706
281
855
1933
476
99
2246
1322
2813
589
366
870
1796
639
298
1399
802
410
1789
1333
98
1034
572
1335
2984
1324
1928
1709
1060
1421
312
39
1382
2027
1736
1456
2628
2591
125
3131
2702
190
745
1428
618
2319
1890
2988
2994
2908
1738
2964
1266
288
530
161
2056
3170
2725
2473
1430
1787
2405
617
1862
962
2434
1176
1966
528
1518
1934
2113
205
2931
511
1852
2814
2001
1195
2768
1196
2830
2861
2550
1350
1699
1659
414
1640
731
1225
2956
230
2365
1814
1439
3017
2351
430
1304
2670
615
2867
2850
2600
1849
1063
758
775
2221
1897
2977
643
2882
1842
2309
132
780
160
2776
3051
750
755
1360
571
2655
340
971
3170
992
1521
1100
1908
3181
2563
2720
1662
2352
2445
73
1917
2606
2469
2480
2218
3086
422
3101
2888
2769
1157
41
2764
1133
271
3116
589
922
792
594
1825
1241
3171
2734
1476
338
2265
2092
379
2844
434
180
2638
1675
1620
2693
2483
1464
2083
1851
3276
1296
1641
2049
1566
338
1949
2513
1854
3110
2543
3007
1537
2807
516
1953
1841
1330
1269
619
616
1833
329
2380
3124
2965
2666
1043
154
2691
169
2961
2020
1561
3214
1539
2397
197
1105
1316
3170
519
3021
362
456
2227
1493
1982
707
761
204
512
3107
1204
570
2346
797
1922
424
791
2649
1715
825
1921
356
676
2254
366
514
2648
2579
2208
575
2575
986
477
2161
2690
625
412
2841
1526
1029
3268
912
2945
2566
3224
144
2289
871
1205
3153
140
58
1700
32
770
3024
2943
3156
3177
1071
2245
452
780
3082
622
2550
937
1956
2308
418
1710
481
3109
2343
2592
865
2528
2888
2994
1488
836
277
2949
122
2910
31
2434
1289
3137
53
647
808
2678
3140
1490
898
631
2949
364
2673
552
2508
1138
3181
99
1482
2338
2815
1971
1433
1430
1084
795
1338
2122
2964
530
3125
1450
696
650
2745
581
2430
2404
2938
2965
467
2892
280
1193
2929
2053
2308
1375
1974
135
1114
1202
2349
911
1801
7
3079
1477
2695
2845
391
292
2768
1892
2950
1023
1983
2047
2993
1242
1210
1935
2593
2528
170
470
2572
1535
81
2451
869
1846
2896
1582
2923
2903
698
2878
2390
2559
2857
578
291
2297
2756
3020
1254
2525
503
941
2524
3208
3108
144
2863
496
565
1900
1141
1198
3155
2859
1926
3143
807
2700
1136
2596
1894
2825
1823
3003
2485
716
410
1012
843
2562
3250
2710
3188
3090
742
133
1191
1076
1469
313
1562
2733
1146
885
2989
2834
1986
1219
808
605
3104
2110
3117
930
2236
1051
1112
2198
1466
1657
1849
3260
1529
1689
687
1319
336
1154
1634
129
3211
1504
2131
325
1513
1362
1381
1075
2494
2384
1175
1279
1534
1214
2610
10
2541
785
422
793
593
544
1276
3044
3118
2136
2187
1659
411
3223
1297
993
1116
2876
116
1962
860
1039
642
1296
2953
2397
2340
976
1929
596
2400
1352
2982
2293
973
2200
1172
1459
1691
1586
3269
2730
2638
416
3041
935
826
2545
2645
2519
2066
1928
776
2526
318
2402
918
2858
329
2605
2935
1866
1754
1426
1858
1667
2195
2392
2997
2557
2896
297
1843
1433
2419
550
163
2915
1381
2126
209
1083
295
1159
2540
2798
468
1760
1831
1368
3149
2625
2887
1004
447
1720
2076
838
2395
719
2281
2913
1929
2331
30
2045
782
1848
3067
2326
1357
2097
657
1779
2374
698
573
3032
1663
1754
2633
1370
1296
873
3092
1462
2045
2187
1319
1020
2026
3189
1483
2525
2893
2751
352
1094
2405
922
3076
3082
2935
3
2339
547
1642
1687
2095
2047
1708
3234
1596
2311
525
565
1273
1062
796
1245
1879
2710
418
2804
2753
2312
574
1637
111
946
1012
1040
1036
189
2259
1686
1659
2441
141
2095
912
2862
2197
2235
1603
2920
2188
1746
1398
1825
1290
2328
825
2410
2326
2499
1382
838
97
811
1213
3250
2305
2295
760
2680
2535
1619
2905
1966
2065
3271
352
2862
1960
3087
310
1212
