22 9
0.0000 0.0000 0.0000 0.0000 0.8083 -1.4927 0.8419 -3.5147 -2.5940
0.0000 0.8083 -1.4927 0.8419 -3.5147 -2.5940 0.9454 -3.5418 -1.8628
0.8419 -3.5147 -2.5940 0.9454 -3.5418 -1.8628 -0.4815 -2.9246 3.5765
0.9454 -3.5418 -1.8628 -0.4815 -2.9246 3.5765 -2.2148 1.0317 3.5214
-0.4815 -2.9246 3.5765 -2.2148 1.0317 3.5214 -2.0375 3.2619 3.0373
-2.2148 1.0317 3.5214 -2.0375 3.2619 3.0373 4.5887 0.6277 1.1164
-2.0375 3.2619 3.0373 4.5887 0.6277 1.1164 3.7524 -2.4586 0.9631
4.5887 0.6277 1.1164 3.7524 -2.4586 0.9631 2.8044 2.2051 3.1199
3.7524 -2.4586 0.9631 2.8044 2.2051 3.1199 -0.0055 1.6913 3.5890
2.8044 2.2051 3.1199 -0.0055 1.6913 3.5890 -2.7400 1.8286 2.2611
-0.0055 1.6913 3.5890 -2.7400 1.8286 2.2611 -1.1082 -1.4536 -2.8516
-2.7400 1.8286 2.2611 -1.1082 -1.4536 -2.8516 -0.9706 -3.6555 -1.5872
-1.1082 -1.4536 -2.8516 -0.9706 -3.6555 -1.5872 0.4994 1.0108 0.5436
-0.9706 -3.6555 -1.5872 0.4994 1.0108 0.5436 -4.4334 -2.2137 -4.4104
0.4994 1.0108 0.5436 -4.4334 -2.2137 -4.4104 1.8925 2.6585 1.7021
-4.4334 -2.2137 -4.4104 1.8925 2.6585 1.7021 4.6411 2.6269 2.2654
1.8925 2.6585 1.7021 4.6411 2.6269 2.2654 -4.3514 4.2963 -2.2315
4.6411 2.6269 2.2654 -4.3514 4.2963 -2.2315 -3.5820 2.5396 -3.0511
-4.3514 4.2963 -2.2315 -3.5820 2.5396 -3.0511 -1.8287 -2.0468 -2.5137
-3.5820 2.5396 -3.0511 -1.8287 -2.0468 -2.5137 -1.6856 0.5816 2.6057
-1.8287 -2.0468 -2.5137 -1.6856 0.5816 2.6057 4.2784 -3.9236 0.0000
-1.6856 0.5816 2.6057 4.2784 -3.9236 0.0000 0.0000 0.0000 0.0000
2.9957 -2.7706 -6.8609 -6.7414 -1.2798 -9.0345 -13.9000 -23.5734 -11.2541 -10.1871 0.5543 3.7971 2.1667 21.7002 -3.7814 6.2482 8.9394 10.1492 19.1157 5.7948 -6.0399 -5.5302
