20 7
0.0000 0.0000 0.0000 -2.8034 1.3073 -1.2714 4.9204
0.0000 0.0000 -2.8034 1.3073 -1.2714 4.9204 1.1180
0.0000 -2.8034 1.3073 -1.2714 4.9204 1.1180 2.3726
-2.8034 1.3073 -1.2714 4.9204 1.1180 2.3726 3.3726
1.3073 -1.2714 4.9204 1.1180 2.3726 3.3726 2.3951
-1.2714 4.9204 1.1180 2.3726 3.3726 2.3951 0.5407
4.9204 1.1180 2.3726 3.3726 2.3951 0.5407 -1.7333
1.1180 2.3726 3.3726 2.3951 0.5407 -1.7333 -4.2260
2.3726 3.3726 2.3951 0.5407 -1.7333 -4.2260 -1.2831
3.3726 2.3951 0.5407 -1.7333 -4.2260 -1.2831 -0.8188
2.3951 0.5407 -1.7333 -4.2260 -1.2831 -0.8188 0.8147
0.5407 -1.7333 -4.2260 -1.2831 -0.8188 0.8147 -4.4597
-1.7333 -4.2260 -1.2831 -0.8188 0.8147 -4.4597 2.1049
-4.2260 -1.2831 -0.8188 0.8147 -4.4597 2.1049 -3.3443
-1.2831 -0.8188 0.8147 -4.4597 2.1049 -3.3443 0.8303
-0.8188 0.8147 -4.4597 2.1049 -3.3443 0.8303 -0.8332
0.8147 -4.4597 2.1049 -3.3443 0.8303 -0.8332 0.4809
-4.4597 2.1049 -3.3443 0.8303 -0.8332 0.4809 0.0000
2.1049 -3.3443 0.8303 -0.8332 0.4809 0.0000 0.0000
-3.3443 0.8303 -0.8332 0.4809 0.0000 0.0000 0.0000
-2.8969 -3.2242 10.7896 -9.2730 11.4681 0.8210 5.4794 4.5498 -5.2717 -4.9973 -1.6840 2.3581 -4.1106 -0.7845 4.7735 -12.4398 10.7489 -9.1379 6.2307 -3.0471
