64 9
0.0000 0.0000 0.0000 0.0000 0.0401 -1.9796 4.4036 1.1991 -0.9494
0.0000 0.0000 0.0000 0.0401 -1.9796 4.4036 1.1991 -0.9494 1.5894
0.0000 0.0000 0.0401 -1.9796 4.4036 1.1991 -0.9494 1.5894 -1.2334
0.0000 0.0401 -1.9796 4.4036 1.1991 -0.9494 1.5894 -1.2334 -2.6695
0.0401 -1.9796 4.4036 1.1991 -0.9494 1.5894 -1.2334 -2.6695 4.3811
-1.9796 4.4036 1.1991 -0.9494 1.5894 -1.2334 -2.6695 4.3811 1.9828
4.4036 1.1991 -0.9494 1.5894 -1.2334 -2.6695 4.3811 1.9828 2.7408
1.1991 -0.9494 1.5894 -1.2334 -2.6695 4.3811 1.9828 2.7408 2.1128
-0.9494 1.5894 -1.2334 -2.6695 4.3811 1.9828 2.7408 2.1128 -2.1633
1.5894 -1.2334 -2.6695 4.3811 1.9828 2.7408 2.1128 -2.1633 3.5984
-1.2334 -2.6695 4.3811 1.9828 2.7408 2.1128 -2.1633 3.5984 -2.2270
-2.6695 4.3811 1.9828 2.7408 2.1128 -2.1633 3.5984 -2.2270 3.8583
4.3811 1.9828 2.7408 2.1128 -2.1633 3.5984 -2.2270 3.8583 1.3663
1.9828 2.7408 2.1128 -2.1633 3.5984 -2.2270 3.8583 1.3663 -4.9917
2.7408 2.1128 -2.1633 3.5984 -2.2270 3.8583 1.3663 -4.9917 -2.5127
2.1128 -2.1633 3.5984 -2.2270 3.8583 1.3663 -4.9917 -2.5127 -1.0956
-2.1633 3.5984 -2.2270 3.8583 1.3663 -4.9917 -2.5127 -1.0956 2.3303
3.5984 -2.2270 3.8583 1.3663 -4.9917 -2.5127 -1.0956 2.3303 0.8631
-2.2270 3.8583 1.3663 -4.9917 -2.5127 -1.0956 2.3303 0.8631 3.1679
3.8583 1.3663 -4.9917 -2.5127 -1.0956 2.3303 0.8631 3.1679 1.3038
1.3663 -4.9917 -2.5127 -1.0956 2.3303 0.8631 3.1679 1.3038 -3.6552
-4.9917 -2.5127 -1.0956 2.3303 0.8631 3.1679 1.3038 -3.6552 0.9112
-2.5127 -1.0956 2.3303 0.8631 3.1679 1.3038 -3.6552 0.9112 -0.6892
-1.0956 2.3303 0.8631 3.1679 1.3038 -3.6552 0.9112 -0.6892 -3.0739
2.3303 0.8631 3.1679 1.3038 -3.6552 0.9112 -0.6892 -3.0739 4.6458
0.8631 3.1679 1.3038 -3.6552 0.9112 -0.6892 -3.0739 4.6458 -2.5341
3.1679 1.3038 -3.6552 0.9112 -0.6892 -3.0739 4.6458 -2.5341 0.6836
1.3038 -3.6552 0.9112 -0.6892 -3.0739 4.6458 -2.5341 0.6836 3.8534
-3.6552 0.9112 -0.6892 -3.0739 4.6458 -2.5341 0.6836 3.8534 -1.6205
0.9112 -0.6892 -3.0739 4.6458 -2.5341 0.6836 3.8534 -1.6205 -4.0807
-0.6892 -3.0739 4.6458 -2.5341 0.6836 3.8534 -1.6205 -4.0807 -0.7225
-3.0739 4.6458 -2.5341 0.6836 3.8534 -1.6205 -4.0807 -0.7225 0.4395
4.6458 -2.5341 0.6836 3.8534 -1.6205 -4.0807 -0.7225 0.4395 3.9586
-2.5341 0.6836 3.8534 -1.6205 -4.0807 -0.7225 0.4395 3.9586 -0.3892
0.6836 3.8534 -1.6205 -4.0807 -0.7225 0.4395 3.9586 -0.3892 -4.7329
3.8534 -1.6205 -4.0807 -0.7225 0.4395 3.9586 -0.3892 -4.7329 -2.3638
-1.6205 -4.0807 -0.7225 0.4395 3.9586 -0.3892 -4.7329 -2.3638 3.8710
-4.0807 -0.7225 0.4395 3.9586 -0.3892 -4.7329 -2.3638 3.8710 3.9836
-0.7225 0.4395 3.9586 -0.3892 -4.7329 -2.3638 3.8710 3.9836 2.6193
0.4395 3.9586 -0.3892 -4.7329 -2.3638 3.8710 3.9836 2.6193 1.0913
3.9586 -0.3892 -4.7329 -2.3638 3.8710 3.9836 2.6193 1.0913 1.5322
-0.3892 -4.7329 -2.3638 3.8710 3.9836 2.6193 1.0913 1.5322 -4.0256
-4.7329 -2.3638 3.8710 3.9836 2.6193 1.0913 1.5322 -4.0256 4.2232
-2.3638 3.8710 3.9836 2.6193 1.0913 1.5322 -4.0256 4.2232 0.6998
3.8710 3.9836 2.6193 1.0913 1.5322 -4.0256 4.2232 0.6998 -1.1820
3.9836 2.6193 1.0913 1.5322 -4.0256 4.2232 0.6998 -1.1820 -3.9175
2.6193 1.0913 1.5322 -4.0256 4.2232 0.6998 -1.1820 -3.9175 3.3507
1.0913 1.5322 -4.0256 4.2232 0.6998 -1.1820 -3.9175 3.3507 2.3708
1.5322 -4.0256 4.2232 0.6998 -1.1820 -3.9175 3.3507 2.3708 4.6673
-4.0256 4.2232 0.6998 -1.1820 -3.9175 3.3507 2.3708 4.6673 -4.0054
4.2232 0.6998 -1.1820 -3.9175 3.3507 2.3708 4.6673 -4.0054 3.2814
0.6998 -1.1820 -3.9175 3.3507 2.3708 4.6673 -4.0054 3.2814 -3.0810
-1.1820 -3.9175 3.3507 2.3708 4.6673 -4.0054 3.2814 -3.0810 3.8110
-3.9175 3.3507 2.3708 4.6673 -4.0054 3.2814 -3.0810 3.8110 0.2143
3.3507 2.3708 4.6673 -4.0054 3.2814 -3.0810 3.8110 0.2143 0.0693
2.3708 4.6673 -4.0054 3.2814 -3.0810 3.8110 0.2143 0.0693 2.7898
4.6673 -4.0054 3.2814 -3.0810 3.8110 0.2143 0.0693 2.7898 4.8907
-4.0054 3.2814 -3.0810 3.8110 0.2143 0.0693 2.7898 4.8907 2.6345
3.2814 -3.0810 3.8110 0.2143 0.0693 2.7898 4.8907 2.6345 -3.1349
-3.0810 3.8110 0.2143 0.0693 2.7898 4.8907 2.6345 -3.1349 -0.8221
3.8110 0.2143 0.0693 2.7898 4.8907 2.6345 -3.1349 -0.8221 0.0000
0.2143 0.0693 2.7898 4.8907 2.6345 -3.1349 -0.8221 0.0000 0.0000
0.0693 2.7898 4.8907 2.6345 -3.1349 -0.8221 0.0000 0.0000 0.0000
2.7898 4.8907 2.6345 -3.1349 -0.8221 0.0000 0.0000 0.0000 0.0000
-1.3729 1.8104 0.0931 -2.5405 12.0773 2.8870 9.2006 8.5132 -5.4241 6.1185 11.1205 2.5139 19.4330 0.0838 -1.6380 7.2059 -3.8139 14.7594 -5.1802 -1.0983 -4.2577 -7.7864 3.2663 -2.0413 11.9315 0.9053 -4.0068 9.2256 -8.7549 -5.1371 2.8856 -8.5850 15.5492 1.8526 -12.3860 -5.6343 0.9769 3.7685 7.9614 -2.3773 0.6180 -0.1740 5.7332 10.8820 9.0538 5.1481 4.3700 4.3181 15.4207 -7.8032 1.8622 1.0240 7.8840 5.9138 8.4368 2.8280 19.1764 -2.2312 12.4258 -6.0842 11.8092 10.2145 9.6543 4.6303
