0
1
3
6
10
15
21
28
35
44
54
64
75
87
101
116
132
148
166
184
204
224
246
269
291
315
340
364
392
421
449
478
510
541
574
609
644
681
718
756
795
833
873
916
958
1000
1044
1091
1138
1185
1232
1281
1330
1382
1435
1488
1543
1598
1654
1709
1766
1823
1884
1942
2003
2065
2131
2194
2259
2326
2391
2458
2527
2596
2667
2737
2812
2887
2960
3037
3116
3196
3276
3357
3438
3522
3607
3690
3772
3857
3945
4033
4122
4214
4304
4395
4486
4580
4674
4770
4870
4969
5069
5166
5268
5368
5468
5568
5671
5777
5884
5989
6096
6205
6315
6424
6536
6649
6760
6872
6986
7100
7219
7334
7456
7574
7692
7814
7936
8058
8181
8310
8438
8566
8695
8821
8949
9078
9210
9345
9479
9613
9745
9879
10022
10159
10302
10444
10583
10722
10868
11011
11158
11303
11447
11600
11745
11891
12044
12197
12353
12505
12655
12813
12972
13133
13293
13447
13612
13772
13939
14103
14270
14441
14608
14773
14941
15108
15280
15448
15614
15783
15958
16126
16308
16486
16656
16837
17016
17194
17376
17555
17742
17929
18117
18306
18492
18682
18873
19055
19247
19437
19632
19822
20018
20220
20422
20621
20816
21017
21218
21417
21611
21814
22024
22230
22437
22640
22849
23058
23264
23477
23680
23896
24107
24321
24532
24745
24963
25186
25409
25634
25857
26070
26296
26522
26755
26987
27216
27444
27673
27904
28125
28364
28602
28837
29067
29292
29525
29758
29993
30221
30466
30703
30940
31183
31415
31660
31909
32156
32399
32649
32902
33147
33399
33639
33887
34135
34392
34657
34919
35164
35428
35688
35949
36207
36473
36745
37003
37276
37547
37817
38089
38345
38601
38865
39146
39411
39670
39949
40209
40486
40767
41041
41330
41619
41902
42194
42478
42746
43034
43324
43615
43904
44188
44461
44749
45041
45340
45634
45923
46222
46519
46816
47118
47423
47729
48035
48347
48643
48950
49238
49547
49836
50138
50459
50775
51091
51384
51699
52013
52308
52627
52953
53275
53593
53905
54225
54549
54873
55207
55532
55866
56201
56530
56870
57204
57532
57863
58187
58511
58844
59176
59510
59827
60164
60504
60834
61164
61509
61831
62189
62528
62882
63207
63553
63899
64245
64600
64962
65318
65674
66034
66378
66741
67103
67439
67804
68164
68522
68880
69231
69591
69964
70325
70687
71049
71419
71776
72152
72522
72906
73286
73665
74044
74431
74803
75184
75567
75953
76336
76723
77107
77485
77857
78238
78611
78999
79392
79794
80163
80555
80941
81346
81733
82132
82528
82929
83326
83731
84138
84555
84961
85379
85789
86205
86611
87016
87427
87831
88258
88668
89092
89512
89912
90338
90753
91148
91569
91986
92409
92840
93271
93707
94140
94567
94987
95409
95841
96267
96699
97142
97588
98034
98469
98881
99328
99741
100195
100644
101092
101525
101952
102370
102816
103254
103684
104133
104582
105042
105493
105944
106370
106806
107242
107688
108143
108597
109060
109520
109970
110420
110889
111357
111827
112265
112725
113197
113680
114149
114607
115086
115530
116012
116467
116935
117409
117857
118343
118819
119299
119776
120262
120725
121212
121707
122185
122668
123126
123619
124104
124598
125098
125598
126090
126579
127072
127575
128080
128593
129098
129568
130074
130589
131072
131564
132066
132541
133048
133535
134048
134526
135004
135482
135994
136513
137006
137514
138027
138549
139066
139589
140101
140626
141150
141651
142172
142706
143236
143764
144286
144810
145351
145882
146405
146948
147485
147986
148515
149048
149580
150121
150676
151194
151701
152242
152750
153271
153821
154369
154880
155428
155986
156553
157093
157654
158170
158700
159248
159798
160354
160918
161465
162017
162580
163143
163702
164257
164809
165366
165931
166497
167070
167641
168222
168807
169342
169925
170495
171046
171637
172212
172785
173378
173933
174511
175084
175677
176278
176868
177469
178047
178622
179220
179811
180403
180969
181556
182140
182731
183316
183901
184503
185092
185687
186275
186877
187469
188089
188692
189298
189891
190461
191068
191687
192292
192917
193539
194114
194715
195339
195960
196575
197190
197783
198376
199006
199641
200253
200877
201488
202112
202733
203362
203985
204603
205241
205870
206498
207126
207767
208399
209036
209635
210267
210899
211531
212173
212820
213436
214066
214726
215333
215965
216607
217260
217903
218538
219201
219859
220485
221100
221752
222392
223045
223710
224386
225035
225697
226319
226974
227638
228304
228978
229651
230278
230919
231584
232248
232878
233556
234228
234910
235557
236228
236894
237592
238286
238954
239636
240311
240988
241677
242346
243003
243701
244359
245062
245710
246388
247086
247779
248430
249114
249814
250510
251204
251886
252581
253292
253950
254622
255331
256029
256727
257439
258159
258868
259570
260279
260946
261661
262376
263102
263815
264536
265246
265963
266679
267394
268102
268816
269539
270232
270943
271624
272345
273084
273833
274561
275285
276030
276752
277454
278201
278922
279663
280419
281157
281888
282627
283370
284125
284873
285637
286379
287118
287854
288598
289358
290096
290838
291583
292329
293081
293804
294575
295333
296078
296835
297601
298362
299135
299884
300652
301431
302187
302963
303686
304450
305225
305950
306726
307452
308229
309008
309778
310540
311285
312048
312830
313610
314410
315205
315992
316729
317516
318295
319080
319820
320610
321386
322176
322935
323721
324481
325261
326049
326860
327648
328438
329203
329968
330774
331597
332385
333175
333932
334689
335515
336313
337116
337921
338726
339523
340300
341127
341892
342709
343519
344336
345104
345938
346777
347598
348384
349222
350009
350828
351672
352492
353319
354159
354951
355781
356612
357437
358284
359110
359944
360802
361626
362463
363264
364054
364910
365750
366604
367442
368236
369081
369921
370760
371599
372446
373245
374112
374951
375801
376662
377503
378362
379204
380010
380884
381755
382563
383418
384268
385154
386018
386878
387741
388602
389477
390339
391197
392092
392911
393777
394597
395495
396363
397227
398050
398915
399795
400663
401537
402405
403286
404115
405004
405882
406761
407646
408538
409445
410343
411220
412105
413015
413926
414819
415703
416616
417506
418402
419287
420210
421096
