0
1
3
6
10
15
21
27
35
44
53
64
76
88
102
117
132
148
166
184
204
225
247
270
293
318
342
366
393
420
449
479
509
542
574
608
642
679
715
752
790
830
871
911
955
997
1039
1083
1130
1175
1222
1271
1320
1372
1422
1474
1526
1582
1638
1697
1756
1813
1870
1929
1992
2057
2117
2179
2240
2305
2372
2438
2508
2579
2652
2727
2801
2872
2946
3023
3100
3178
3255
3337
3420
3504
3588
3672
3758
3844
3933
4021
4109
4200
4287
4379
4470
4565
4660
4759
4853
4951
5048
5146
5249
5350
5448
5553
5658
5759
5868
5974
6085
6194
6302
6410
6522
6635
6751
6868
6986
7105
7221
7342
7463
7582
7703
7827
7952
8074
8200
8326
8453
8578
8706
8832
8958
9090
9222
9355
9491
9630
9769
9901
10033
10171
10314
10454
10598
10742
10884
11032
11178
11324
11472
11614
11764
11917
12071
12226
12382
12529
12682
12835
12994
13151
13310
13471
13632
13792
13958
14124
14288
14452
14621
14788
14949
15118
15290
15466
15636
15812
15985
16161
16334
16513
16692
16863
17039
17221
17398
17586
17769
17958
18138
18326
18507
18696
18889
19079
19271
19463
19649
19844
20044
20242
20431
20629
20820
21019
21225
21418
21620
21814
22018
22215
22423
22629
22827
23036
23245
23461
23678
23890
24103
24317
24531
24745
24964
25181
25404
25625
25849
26072
26292
26508
26739
26971
27197
27430
27661
27891
28127
28358
28589
28828
29059
29292
29534
29773
30016
30262
30503
30741
30982
31226
31474
31723
31969
32215
32454
32706
32962
33213
33457
33712
33971
34232
34491
34750
35012
35271
35530
35797
36059
36318
36581
36849
37113
37385
37660
37932
38198
38467
38730
38993
39266
39539
39818
40084
40360
40636
40913
41195
41482
41766
42045
42327
42603
42892
43177
43468
43758
44050
44330
44622
44922
45222
45513
45808
46112
46409
46698
47003
47301
47600
47906
48211
48511
48815
49122
49426
49732
50031
50339
50657
50958
51273
51584
51900
52220
52533
52856
53182
53499
53816
54136
54456
54776
55096
55428
55755
56079
56407
56732
57069
57396
57732
58063
58392
58734
59066
59392
59738
60084
60431
60778
61126
61475
61815
62155
62491
62827
63174
63518
63866
64211
64563
64915
65263
65623
65977
66341
66703
67065
67430
67786
68145
68513
68888
69259
69620
69975
70347
70703
71067
71431
71807
72190
72569
72938
73318
73699
74078
74459
74842
75217
75585
75973
76350
76738
77133
77508
77904
78295
78687
79079
79474
79869
80260
80640
81036
81430
81831
82229
82631
83025
83419
83823
84219
84627
85039
85442
85834
86234
86645
87056
87455
87866
88271
88676
89085
89499
89906
90326
90745
91152
91576
91984
92404
92835
93253
93668
94091
94520
94950
95389
95814
96231
96659
97090
97523
97959
98384
98806
99250
99695
100120
100556
100998
101425
101867
102317
102764
103199
103650
104082
104529
104972
105418
105858
106315
106777
107237
107691
108143
108596
109042
109487
109932
110377
110823
111288
111750
112210
112680
113140
113609
114070
114527
114998
115467
115940
116397
116878
117361
117820
118300
118765
119228
119714
120194
120683
121162
121642
122127
122610
123097
123590
124075
124560
125047
125538
126014
126507
126984
127475
127966
128456
128967
129469
129951
130433
130934
131442
131956
132444
132944
133463
133967
134485
134990
135497
136028
136552
137073
137583
138081
138601
139112
139637
140162
140663
141191
141706
142209
142739
143257
143779
144303
144823
145357
145893
146429
146952
147488
148017
148546
149061
149591
150131
150672
151216
151758
152311
152855
153403
153953
154518
155057
155601
156128
156682
157238
157785
158315
158864
159413
159962
160495
161044
161585
162145
162705
163242
163808
164374
164939
165497
166076
166652
167231
167808
168367
168913
169487
170059
170607
171183
171741
172326
172923
173475
174056
174637
175229
175812
176384
176974
177572
178159
178734
179322
179884
180446
181029
181626
182206
182799
183399
183995
184597
185205
185813
186395
186998
187611
188205
188790
189394
190004
190615
191215
191832
192450
193060
193658
194262
194869
195474
196097
196715
197331
197948
198571
199211
199823
200446
201075
201671
202286
202905
203534
204167
204804
205438
206076
206709
207343
207963
208588
209222
209863
210501
211135
211774
212418
213077
213736
214374
215019
215676
216320
216939
217607
218250
218904
219569
220218
220864
221517
222180
222807
223434
224082
224754
225404
226063
226711
227393
228046
228711
229387
230052
230708
231381
232043
232714
233355
234029
234671
235313
235974
236633
237314
237996
238683
239363
240048
240731
241408
242092
242767
243446
244100
244786
245467
246174
246831
247539
248240
248931
249615
250311
250999
251697
252386
253089
253772
254462
255153
255849
256541
257212
257916
258611
259327
260033
260754
261452
262156
262859
263593
264308
265006
265722
266427
267150
267861
268581
269268
269988
270676
271391
272080
272810
273538
274275
275009
275721
276451
277183
277924
278655
279377
280094
280811
281552
282305
283032
283752
284492
285234
285977
286708
287455
288189
288939
289692
290428
291180
291952
292707
293458
294176
294932
295687
296448
297169
297907
298629
299381
300142
300892
301672
302398
303161
303914
304679
305457
306232
306981
307751
308520
309279
310055
310791
311545
312309
313090
313846
314623
315405
316186
316970
317730
318513
319299
320097
320884
321692
322478
323272
324059
324861
325651
326431
327218
328013
328808
329604
330390
331212
332006
332819
