0
1
3
6
10
15
21
28
36
45
54
65
77
89
103
118
134
151
169
188
207
228
249
270
294
319
343
369
395
423
452
482
513
544
576
610
645
680
718
757
795
834
873
915
958
1000
1045
1089
1134
1183
1231
1282
1331
1380
1431
1482
1535
1588
1645
1699
1758
1817
1876
1938
2000
2063
2125
2191
2257
2321
2386
2452
2520
2590
2663
2736
2808
2884
2961
3038
3116
3196
3278
3358
3439
3521
3604
3690
3777
3864
3952
4041
4130
4221
4310
4399
4491
4581
4675
4773
4869
4967
5064
5159
5261
5365
5468
5566
5670
5777
5884
5992
6099
6208
6317
6428
6539
6652
6767
6881
6995
7111
7227
7347
7468
7589
7711
7833
7955
8078
8202
8328
8454
8581
8711
8839
8968
9098
9229
9364
9502
9641
9776
9914
10056
10195
10335
10475
10620
10763
10907
11050
11200
11343
11489
11641
11793
11943
12098
12253
12406
12559
12714
12872
13032
13189
13351
13509
13669
13835
13998
14161
14328
14496
14664
14832
15003
15170
15340
15510
15679
15851
16027
16201
16376
16555
16737
16917
17095
17276
17454
17637
17821
18003
18190
18377
18567
18751
18944
19137
19333
19524
19722
19917
20110
20303
20502
20696
20895
21095
21291
21487
21690
21898
22103
22302
22511
22716
22926
23140
23346
23561
23773
23986
24204
24422
24631
24847
25067
25285
25507
25726
25950
26170
26395
26620
26847
27072
27300
27528
27757
27989
28221
28457
28691
28926
29163
29399
29634
29875
30113
30357
30601
30844
31088
31329
31572
31815
32055
32305
32554
32804
33051
33303
33555
33807
34062
34314
34573
34833
35093
35348
35603
35862
36131
36394
36665
36932
37200
37473
37744
38012
38283
38552
38818
39091
39371
39647
39925
40202
40481
40768
41055
41339
41621
41913
42202
42483
42769
43060
43354
43636
43928
44220
44512
44804
45098
45401
45702
46000
46295
46593
46893
47193
47493
47793
48094
48405
48703
49009
49324
49632
49942
50251
50556
50868
51179
51490
51801
52110
52424
52748
53062
53378
53698
54014
54330
54653
54978
55299
55626
55956
56285
56614
56944
57273
57598
57931
58270
58609
58947
59292
59625
59956
60296
60634
60982
61319
61662
62006
62350
62703
63042
63388
63731
64081
64429
64777
65129
65477
65840
66197
66553
66917
67270
67630
67984
68344
68710
69066
69439
69802
70174
70542
70913
71274
71649
72028
72401
72772
73151
73523
73896
74272
74654
75040
75420
75809
76194
76573
76953
77340
77737
78127
78511
78904
79295
79681
80074
80461
80850
81251
81640
82037
82445
82854
83263
83659
84060
84455
84858
85264
85669
86076
86475
86875
87283
87696
88108
88515
88927
89344
89762
90173
90598
91022
91440
91854
92283
92703
93119
93537
93953
94377
94804
95230
95669
96091
96529
96963
97398
97841
98273
98700
99138
99577
100006
100439
100886
101329
101765
102199
102644
103095
103546
104001
104458
104905
105351
105798
106243
106701
107147
107610
108056
108520
108979
109448
109908
110358
110815
111280
111744
112210
112679
113147
113619
114076
114546
115018
115481
115949
116422
116899
117365
117842
118317
118794
119261
119734
120215
120687
121159
121637
122117
122610
123088
123581
124060
124538
125023
125514
126007
126505
127003
127497
128001
128505
129003
129504
130004
130503
130999
131503
131995
132500
132994
133500
133995
134502
135014
135526
136037
136557
137074
137575
138097
138612
139129
139650
140164
140682
141197
141705
142227
142736
143259
143779
144308
144833
145355
145897
146434
146968
147506
148044
148576
149111
149641
150171
150711
151235
151772
152317
152858
153412
153948
154484
155014
155551
156097
156643
157194
157743
158295
158855
159402
159969
160521
161075
161622
162191
162753
163320
163874
164439
165011
165573
166128
166700
167251
167831
168389
168961
169537
170113
170679
171245
171817
172401
172975
173553
174132
174695
175267
175853
176436
177012
177608
178191
178774
179350
179935
180512
181106
181697
182272
182847
183441
184027
184619
185224
185817
186423
187026
187624
188216
188822
189440
190041
190653
191249
191845
192457
193070
193678
194295
194907
195513
196115
196733
197348
197963
198586
199214
199821
200445
201068
201688
202314
202946
203580
204203
204831
205463
206090
206723
207337
207974
208604
209240
209873
210512
211158
211792
212432
213054
213696
214335
214978
215621
216265
216907
217556
218204
218849
219486
220123
220779
221431
222092
222753
223407
224079
224738
225392
226058
226712
227366
228023
228691
229358
230025
230684
231352
232025
232693
233359
234028
234682
235354
236024
236700
237368
238059
238734
239399
240060
240733
241406
242098
242773
243452
244118
244803
245488
246170
246864
247559
248248
248939
249633
250326
251023
251720
252413
253097
253805
254503
255201
255900
256599
257283
258004
258717
259428
260131
260837
261544
262258
262961
263670
264388
265094
265806
266533
267230
267944
268654
269389
270116
270837
271574
272301
273021
273744
274480
275187
275924
276649
277381
278114
278854
279578
280299
281035
281763
282491
283246
283985
284720
285464
286205
286927
287668
288416
289152
289900
290645
291400
292161
292890
293637
294376
295129
295880
296634
297389
298141
298897
299659
300409
301159
301938
302699
303449
304210
304973
305731
306496
307266
308044
308805
309571
310340
311125
311895
312660
313434
314206
314980
315756
316533
317324
318115
318914
319701
320490
321283
322064
322848
323616
324400
325184
325965
326759
327560
328370
329161
329946
330741
331536
332331
333126
333921
334719
335512
336304
337127
337933
338743
339544
340360
341166
341970
342771
343585
344408
345232
346052
346856
347666
348491
349319
350145
350968
351786
352605
353442
354260
355104
355926
356762
357592
358423
359242
360068
360881
361713
362543
363371
364200
365017
365854
366681
367526
368389
369218
370047
370901
371752
372592
373437
374286
375123
375987
376831
377687
378530
