0
1
3
6
9
13
19
26
33
42
52
63
75
86
99
114
130
146
164
182
200
221
243
266
289
313
338
365
391
419
447
478
509
542
575
609
645
681
717
753
790
831
872
913
955
1000
1045
1091
1136
1183
1232
1283
1332
1382
1434
1488
1543
1598
1652
1708
1765
1826
1887
1949
2010
2072
2136
2201
2266
2333
2403
2472
2540
2609
2682
2754
2827
2903
2979
3056
3133
3213
3293
3372
3454
3537
3619
3702
3788
3873
3958
4044
4133
4220
4309
4400
4492
4584
4678
4771
4868
4966
5063
5164
5262
5361
5464
5567
5670
5776
5882
5990
6100
6210
6317
6429
6540
6650
6766
6883
6999
7115
7233
7353
7472
7592
7712
7836
7958
8083
8207
8330
8457
8581
8710
8845
8975
9108
9244
9373
9509
9646
9781
9919
10060
10199
10341
10481
10618
10760
10906
11053
11193
11341
11490
11639
11790
11946
12099
12256
12409
12564
12718
12874
13032
13193
13354
13514
13677
13841
14005
14170
14335
14501
14667
14833
15001
15172
15347
15518
15694
15867
16040
16217
16395
16575
16756
16930
17111
17294
17477
17661
17845
18028
18216
18402
18593
18784
18973
19165
19357
19549
19744
19937
20133
20331
20529
20725
20927
21124
21326
21527
21725
21927
22126
22337
22543
22753
22960
23170
23374
23586
23791
24002
24218
24425
24632
24850
25069
25294
25516
25741
25960
26181
26407
26639
26868
27092
27320
27552
27783
28018
28250
28483
28707
28939
29178
29414
29655
29894
30136
30376
30607
30852
31092
31325
31566
31814
32063
32299
32550
32800
33051
33304
33552
33807
34065
34308
34569
34830
35088
35348
35609
35877
36138
36401
36664
36935
37202
37472
37738
38010
38284
38552
38829
39105
39387
39667
39943
40222
40500
40777
41058
41326
41608
41894
42180
42466
42749
43038
43322
43615
43903
44196
44483
44780
45073
45367
45663
45961
46245
46546
46845
47146
47451
47753
48051
48349
48659
48970
49278
49583
49878
50187
50503
50818
51133
51451
51767
52082
52401
52721
53038
53358
53677
54007
54333
54660
54984
55306
55618
55946
56259
56591
56915
57246
57580
57912
58245
58564
58893
59213
59548
59869
60210
60551
60891
61234
61587
61928
62255
62594
62940
63288
63636
63982
64314
64669
65025
65385
65749
66111
66466
66823
67180
67540
67900
68263
68632
68993
69353
69725
70090
70455
70826
71198
71573
71947
72312
72691
73057
73442
73799
74178
74555
74931
75311
75694
76080
76462
76837
77220
77610
77993
78387
78778
79174
79563
79953
80351
80742
81134
81534
81932
82325
82723
83124
83523
83925
84332
84739
85134
85536
85938
86352
86758
87165
87572
87984
88396
88811
89221
89646
90066
90478
90890
91315
91730
92154
92571
92991
93419
93843
94265
94695
95126
95545
95971
96397
96826
97261
97693
98135
98577
99003
99442
99875
100313
100735
101182
101626
102079
102521
102961
103416
103870
104315
104759
105210
105650
106096
106552
107008
107457
107913
108376
108815
109275
109740
110205
110670
111113
111565
112035
112494
112972
113444
113905
114354
114828
115301
115773
116251
116704
117185
117665
118143
118619
119099
119571
120030
120519
121005
121477
121964
122459
122951
123447
123944
124433
124919
125408
125888
126386
126858
127361
127834
128326
128828
129335
129831
130326
130804
131312
131803
132313
132822
133324
133831
134334
134844
135341
135856
136370
136877
137394
137909
138426
138948
139472
139996
140519
141038
141559
142076
142602
143131
143660
144200
144726
145248
145778
146295
146819
147354
147881
148419
148952
149482
150025
150567
151103
151656
152190
152735
153281
153831
154381
154904
155437
155985
156540
157092
157645
158194
158752
159311
159878
160432
160982
161551
162107
162667
163229
163783
164342
164906
165470
166012
166583
167142
167711
168277
168847
169414
169987
170563
171142
171710
172285
172855
173443
174022
174601
175168
175760
176335
176895
177471
178049
178632
179218
179818
180398
180980
181571
182164
182762
183355
183940
184539
185146
185733
186333
186937
187514
188091
188700
189303
189904
190513
191118
191731
192326
192927
193540
194150
194767
195384
195996
196614
197231
197854
198478
199098
199718
200332
200952
201561
202190
202811
203434
204050
204663
205296
205925
206547
207184
207820
208457
209067
209700
210339
210988
211617
212249
212892
213530
214173
214806
215439
216080
216701
217351
217997
218652
219311
219947
220583
221235
221897
222549
223197
223828
224469
225126
225793
226427
227091
227754
228414
229074
229753
230431
231096
231754
232420
233096
233768
234442
235129
235795
236468
237133
237811
238485
239164
239841
240525
241195
241865
242554
243212
243898
244580
245281
245953
246649
247339
248030
248712
249419
250110
250811
251516
252218
252924
253610
254293
255001
255689
256399
257085
257796
258507
259215
259936
260637
261338
262055
262771
263469
264186
264906
265620
266341
267062
267786
268487
269198
269919
270655
271381
272110
272825
273547
274273
274991
275701
276444
277172
277878
278608
279331
280071
280780
281505
282230
282967
283719
284471
285213
285961
286709
287457
288204
288957
289701
290453
291189
291944
292681
293432
294191
294941
295669
296397
297149
297921
298676
299449
300221
300988
301755
302529
303288
304059
304812
305578
306351
307111
307880
308649
309431
310208
310987
311734
312514
313277
314064
314849
315625
316409
317189
317966
318736
319521
320304
321073
321865
322659
323446
324238
325011
325800
326592
327389
328181
328958
329759
