0
1
3
6
9
14
20
27
35
43
53
64
76
88
101
114
130
147
164
182
202
223
243
266
288
312
337
363
391
418
447
477
508
540
574
609
645
682
718
757
794
834
873
915
959
1001
1046
1090
1138
1185
1234
1283
1333
1385
1435
1489
1543
1598
1653
1711
1770
1829
1887
1945
2006
2069
2132
2195
2260
2326
2395
2464
2533
2601
2674
2746
2820
2895
2970
3048
3123
3202
3282
3361
3441
3522
3608
3692
3777
3863
3949
4034
4121
4212
4304
4397
4488
4583
4678
4772
4866
4960
5058
5153
5253
5356
5458
5562
5663
5771
5875
5983
6091
6202
6312
6424
6537
6648
6761
6875
6989
7106
7224
7341
7463
7585
7708
7832
7953
8082
8207
8331
8459
8589
8718
8845
8975
9103
9236
9371
9507
9644
9782
9921
10063
10202
10343
10485
10632
10777
10922
11068
11215
11358
11504
11654
11803
11954
12101
12252
12405
12558
12714
12868
13027
13186
13343
13503
13667
13830
13997
14158
14322
14489
14654
14821
14993
15159
15330
15502
15673
15849
16019
16192
16369
16542
16722
16901
17083
17263
17445
17626
17809
17998
18181
18365
18548
18735
18923
19118
19313
19507
19702
19898
20097
20295
20491
20687
20884
21088
21286
21484
21688
21895
22096
22299
22508
22718
22930
23141
23353
23568
23785
24002
24220
24439
24651
24872
25095
25318
25537
25754
25974
26195
26427
26653
26877
27108
27338
27563
27796
28028
28261
28491
28728
28965
29201
29440
29679
29919
30164
30407
30652
30894
31135
31380
31622
31864
32114
32364
32609
32856
33103
33351
33604
33853
34111
34366
34618
34871
35132
35388
35650
35910
36174
36440
36705
36965
37234
37495
37763
38027
38299
38575
38840
39115
39395
39669
39944
40226
40500
40774
41049
41328
41604
41883
42171
42461
42739
43028
43313
43601
43894
44190
44475
44762
45047
45343
45637
45932
46231
46526
46829
47123
47426
47723
48027
48324
48630
48930
49242
49548
49859
50170
50484
50797
51110
51426
51747
52062
52377
52695
53011
53323
53640
53967
54291
54606
54934
55256
55574
55892
56224
56549
56874
57202
57539
57862
58190
58524
58849
59186
59529
59869
60203
60540
60884
61222
61566
61914
62258
62606
62958
63308
63649
64007
64352
64695
65046
65403
65759
66104
66463
66822
67183
67542
67903
68263
68621
68986
69348
69720
70077
70450
70818
71184
71549
71909
72283
72661
73036
73424
73796
74168
74552
74939
75317
75699
76093
76484
76864
77256
77647
78040
78426
78819
79220
79601
79994
80384
80778
81168
81569
81954
82346
82732
83126
83527
83933
84343
84736
85140
85543
85945
86357
86767
87180
87579
88001
88408
88816
89237
89651
90061
90473
90888
91307
91714
92123
92546
92955
93373
93807
94218
94638
95063
95476
95900
96335
96774
97203
97637
98071
98502
98939
99371
99803
100237
100684
101128
101574
102026
102474
102907
103352
103803
104250
104697
105147
105601
106047
106502
106953
107409
107860
108319
108780
109232
109699
110156
110618
111088
111539
111996
112456
112925
113396
113864
114320
114797
115277
115761
116240
116714
117187
117657
118137
118621
119094
119559
120036
120519
120997
121475
121952
122435
122922
123396
123884
124376
124858
125340
125840
126319
126807
127292
127782
128272
128773
129257
129763
130272
130776
131280
131769
132274
132789
133280
133784
134295
134800
135311
135830
136332
136838
137336
137847
138364
138886
139399
139916
140436
140956
141478
141990
142524
143049
143579
144100
144629
145156
145683
146213
146749
147289
147806
148337
148879
149411
149937
150470
151005
151543
152077
152628
153154
153694
154239
154771
155300
155849
156398
156956
157510
158059
158593
159141
159681
160241
160793
161352
161904
162459
163019
163569
164139
164683
165242
165811
166373
166937
167505
168073
168636
169208
169776
170356
170915
171485
172054
172623
173199
173758
174333
174922
175509
176095
176678
177258
177835
178428
179015
179598
180191
180776
181362
181947
182541
183127
183711
184308
184899
185507
186094
186681
187291
187887
188470
189082
189686
190300
190903
191516
192104
192726
193344
193949
194548
195147
195765
196383
196995
197612
198216
198839
199461
200061
200696
201320
201922
202543
203154
203775
204395
205027
205634
206272
206888
207514
208143
208790
209427
210072
210686
211317
211948
212600
213217
213867
214505
215149
215786
216426
217073
217705
218350
218993
219650
220312
220958
221603
222241
222883
223534
224188
224832
225487
226140
226794
227464
228128
228784
229461
230110
230777
231430
232090
232751
233430
234096
234769
235436
236101
236766
237442
238102
238773
239445
240121
240787
241446
242122
242788
243464
244140
244830
245525
246217
246899
247592
248275
248965
249660
250355
251066
251739
252439
253152
253858
254551
255242
255956
256656
257342
258037
258743
259431
260119
260804
261519
262222
262936
263638
264327
265048
265765
266482
267189
267896
268625
269342
270075
270793
271526
272247
272968
