null
true
true
true
true
true
true
true
true
true
true
true
true
true
true
true
true
true
true
true
true
true
true
true
true
true
true
true
true
true
true
true
true
true
true
true
true
true
true
true
true
true
true
true
true
true
true
true
true
true
true
true
true
true
true
true
true
true
true
true
true
true
true
true
true
true
true
true
true
true
true
true
true
true
true
true
true
true
true
true
true
true
true
true
true
true
true
true
true
true
true
true
true
true
true
true
true
true
true
true
true
true
true
true
true
true
true
true
true
true
true
true
true
true
true
true
true
true
true
true
true
true
true
true
true
true
true
true
true
true
true
true
true
true
true
true
true
true
true
true
true
true
true
true
true
true
true
true
true
true
true
true
true
true
true
true
true
true
true
true
true
true
true
true
true
true
true
true
true
true
true
true
true
true
true
true
true
true
true
true
true
true
true
true
true
true
true
true
true
true
true
true
true
true
true
true
true
true
true
true
true
true
true
true
true
true
true
true
true
true
true
true
true
true
true
true
true
true
true
true
true
true
true
true
true
true
true
true
true
true
true
true
true
true
true
true
true
true
true
true
true
true
true
true
true
true
true
true
true
true
true
true
true
true
true
true
true
true
true
true
true
true
true
true
true
true
true
true
true
true
true
true
true
true
true
true
true
true
true
true
true
true
true
true
true
true
true
true
true
true
true
true
true
true
true
true
true
true
true
true
true
true
true
true
true
true
true
true
true
true
true
true
true
true
true
true
true
true
true
true
true
true
true
true
true
true
true
true
true
true
true
true
true
true
true
true
true
true
true
true
true
true
true
true
true
true
true
true
true
true
true
true
true
true
true
true
true
true
true
true
true
true
true
true
true
true
true
true
true
true
true
true
true
true
true
true
true
true
true
true
true
true
true
true
true
true
true
true
true
true
true
true
true
true
true
true
true
true
true
true
true
true
99590
1
true
false
399
1
55
-1
-1
false
-1
true
1
-1
-1
false
-1
-1
-1
-1
-1
false
-1
false
1
0
false
1
0
0
99107
0
false
1
1
-1
1
1
-1
0
1
false
99418
false
-1
1
true
99185
false
1
0
1
true
false
false
false
false
2
1
-1
1
false
-1
false
false
1
-1
1
0
1
6
1
99790
false
1
-1
true
false
false
1
-1
-1
7
4
-1
false
1
1
1
1
true
1
false
false
false
false
false
260
1
1
1
1
false
1
-1
true
-1
false
-1
false
3
1
-1
1
1
false
1
1
1
false
1
false
false
1
1
12
1
1
12
1
1
false
1
1
1
3
true
false
1
-1
0
1
1
false
false
false
false
-1
-1
-1
-1
-1
false
1
false
1
16
-1
true
6
1
1
-1
1
true
1
false
-1
-1
-1
false
1
false
16
false
-1
-1
-1
false
-1
1
false
1
false
1
1
1
10
1
true
2
false
-1
-1
false
1
1
false
-1
1
false
3
false
false
false
false
1
-1
false
7
false
true
15
1
-1
false
-1
1
-1
false
-1
1
-1
-1
1
4
-1
1
1
2
1
1
false
false
-1
196
false
1
true
-1
1
true
3
false
1
1
false
1
1
1
1
true
false
-1
-1
1
-1
1
1
2
1
false
1
20
false
false
false
18
1
23
false
-1
false
false
1
false
1
-1
1
false
6
0
false
true
false
1
-1
false
1
false
9
1
8
false
-1
false
-1
-1
1
1
false
1
false
false
false
false
false
false
false
false
1
1
1
1
-1
-1
false
false
-1
1
-1
false
1
false
false
false
16
20
-1
false
-1
1
1
1
1
1
1
1
4
1
false
34
-1
-1
false
-1
false
false
false
false
9
false
false
1
false
false
false
1
9
false
-1
1
1
false
1
false
false
false
1
false
-1
9
-1
false
6
false
1
false
false
-1
false
1
1
false
false
1
false
-1
1
true
-1
-1
1
-1
1
false
1
false
false
1
-1
-1
true
-1
30
false
true
20
1
false
1
false
1
1
false
false
-1
false
-1
1
1
1
-1
1
1
false
true
false
1
true
0
false
1
4
false
1
372
1
-1
-1
-1
1
1
false
false
false
1
1
false
false
false
4
16
false
false
-1
1
-1
1
1
false
-1
false
false
1
-1
-1
1
false
false
false
1
false
false
223
true
1
-1
false
-1
false
false
1
false
1
false
53
-1
false
false
false
1
1
1
false
-1
-1
true
1
1
1
false
1
1
7
