null
-1
-1
-1
false
-1
false
true
0
1
1
1
-1
-1
587
0
-1
50
true
true
-1
false
false
-1
false
false
0
false
1
-1
-1
1
1
-1
-1
-1
0
1
false
false
-1
1
-1
1
1
false
1
false
1
0
1
-1
1
false
-1
1
true
false
-1
0
-1
-1
7
-1
true
1
false
true
-1
1
-1
9
false
9
9
-1
false
-1
7
9
false
-1
-1
7
true
-1
false
9
0
-1
false
true
0
false
0
false
1
-1
-1
false
0
-1
-1
false
false
0
false
1
false
false
-1
1
0
false
0
false
1
-1
false
false
-1
false
false
1
7
false
false
7
-1
-1
false
false
false
0
-1
false
7
-1
0
1
7
-1
9
9
-1
-1
7
false
false
false
9
false
7
1
0
-1
false
1
false
9
1
false
-1
false
false
0
7
-1
7
0
0
1
false
9
9
1
7
7
false
1
false
false
-1
false
1
9
false
true
-1
9
0
0
-1
false
false
1
true
1
-1
22
false
