null
true
false
0
false
0
1
true
-1
true
2
false
-1
-1
1
1
-1
1
-1
-1
1
1
-1
false
false
true
true
false
-1
false
1
true
true
true
true
false
1
false
1
false
1
-1
2
7
1
1
true
false
false
-1
1
-1
0
true
1
-1
false
0
-1
-1
0
false
-1
12
-1
false
1
-1
-1
1
false
false
1
-1
false
true
-1
1
false
0
12
true
1
false
1
true
true
false
false
-1
-1
1
-1
12
true
false
5
-1
-1
1
false
1
false
1
0
false
false
1
0
-1
false
-1
1
1
1
false
1
-1
1
false
12
12
false
1
false
-1
1
-1
false
1
1
2
false
false
false
1
false
5
true
false
false
false
true
1
false
12
-1
false
12
false
1
false
1
false
-1
false
1
false
false
false
12
false
false
1
12
false
7
-1
false
-1
false
12
1
-1
7
12
1
-1
-1
false
-1
false
false
1
2
false
false
1
1
-1
false
1
-1
-1
-1
-1
false
false
false
12
false
1
false
7
7
false
1
7
false
-1
true
1
12
-1
false
true
-1
true
true
-1
33
false
0
false
-1
-1
12
false
5
false
-1
33
12
34
false
1
false
1
false
true
-1
0
1
false
1
5
1
-1
false
-1
true
-1
12
-1
12
1
5
-1
-1
1
false
false
33
true
36
true
40
false
12
-1
true
36
-1
1
-1
-1
-1
false
-1
false
-1
-1
false
-1
41
true
false
0
40
false
false
1
-1
true
33
false
41
-1
1
1
40
false
-1
33
true
false
34
false
false
40
0
false
false
false
0
40
-1
true
false
false
false
5
true
false
40
261
12
1
-1
36
-1
0
1
true
false
false
false
7
36
false
-1
46
-1
12
true
36
false
-1
-1
false
33
false
-1
1
false
36
-1
false
false
0
34
false
-1
34
false
false
33
0
-1
33
false
false
1
36
36
1
34
true
false
34
41
-1
5
false
false
false
34
false
1
false
false
-1
34
false
40
46
-1
false
34
-1
2
false
7
12
true
false
false
false
7
false
false
false
-1
1
12
false
-1
-1
false
12
40
-1
46
0
34
1
0
1
0
-1
41
false
false
0
-1
-1
34
false
40
true
false
-1
34
-1
-1
-1
34
34
false
1
false
34
true
-1
0
false
1
-1
false
34
false
1
true
false
41
0
false
false
false
1
112
1
34
-1
2
41
false
0
-1
34
false
34
false
1
false
-1
1
false
36
40
true
-1
34
40
40
1
1
46
-1
40
false
-1
-1
-1
false
false
0
1
false
-1
0
7
40
1
false
33
true
false
false
-1
false
-1
false
-1
false
1
false
189
40
5
0
false
60
false
false
40
false
-1
false
0
40
true
34
-1
true
34
false
false
33
false
34
60
33
1
1
-1
true
false
71
-1
false
65
1
71
false
true
-1
33
true
34
-1
-1
true
0
65
false
-1
false
true
-1
65
1
67
false
1
false
-1
46
false
true
65
-1
36
false
false
true
-1
-1
65
65
1
false
false
false
true
true
33
34
7
false
-1
false
65
false
true
false
34
0
82
65
1
-1
false
1
false
34
12
60
false
82
41
-1
36
71
-1
34
1
0
false
1
34
34
false
65
false
40
false
false
-1
7
false
true
true
0
0
false
1
true
-1
-1
65
41
-1
2
false
false
1
true
36
-1
false
-1
false
-1
false
12
false
-1
-1
36
false
-1
65
60
-1
-1
false
true
1
true
false
-1
0
true
92
34
7
0
33
0
-1
-1
0
true
-1
0
-1
1
true
-1
34
71
true
false
65
94
36
0
false
97
34
false
12
94
34
false
false
-1
false
true
34
false
false
71
46
-1
-1
false
-1
false
-1
true
true
false
-1
false
92
false
1
65
34
36
1
84
false
77
-1
-1
false
-1
90
36
82
71
65
40
65
-1
true
-1
0
65
false
true
false
65
false
1
65
true
false
-1
-1
true
false
false
true
true
65
65
false
false
-1
false
true
-1
true
34
0
0
36
