1
0 500.000
-747.834 -509.089 -850.037 884.112
259.608 -574.145 -615.01 -543.937
PRUNED 1
1
0 500.000
-747.834 -509.089 -850.037 884.112
259.608 -574.145 -615.01 -543.937
PRUNED 2
PRUNED 3
1
0 500.000
-747.834 -509.089 -850.037 884.112
259.608 -574.145 -615.01 -543.937
PRUNED 4
PRUNED 5
1
0 500.000
-747.834 -509.089 -850.037 884.112
259.608 -574.145 -615.01 -543.937
PRUNED 6
PRUNED 0
1
7 1000.000
788.729 -116.385 2.231 879.89
-884.828 410.033 631.244 -549.394
PRUNED 8
PRUNED 28
PRUNED 61
PRUNED 84
PRUNED 142
PRUNED 164
1
7 1000.000
788.729 -116.385 2.231 879.89
-884.828 410.033 631.244 -549.394
