PRUNED 0
3
1806006 500.000
714.859 -387.577 -173.723 -391.439
-91.264 971.485 -668.264 -745.338
19086175 500.000
272.09 343.379 389.578 -179.26
447.305 339.973 -48.319 685.923
59177038 500.000
400.179 -264.152 -781.982 -117.616
-793.798 186.542 -155.24 447.539
PRUNED 1806006
PRUNED 19086175
PRUNED 59177038
PRUNED 106824393
3
122654712 500.000
-530.758 196.863 524.59 -284.98
435.965 829.278 -410.346 409.121
154485650 500.000
686.657 130.048 122.482 253.277
435.648 -544.875 -917.11 -295.329
201596331 500.000
-474.919 503.89 51.611 -746.732
681.317 -758.355 -403.952 496.847
PRUNED 122654712
PRUNED 154485650
PRUNED 201596331
PRUNED 218557656
3
244846524 500.000
879.747 -286.199 -62.109 993.515
122.34 901.013 165.265 749.094
307063071 500.000
414.1 274.14 -552.376 -532.119
12.1 -226.383 -71.497 -13.9
339504070 500.000
-666.483 640.505 750.676 498.247
-73.294 371.708 388.865 -512.192
PRUNED 244846524
PRUNED 307063071
PRUNED 339504070
PRUNED 393275633
3
445157637 500.000
-280.738 624.029 815.813 -477.243
642.217 404.738 -459.996 -541.075
466998397 500.000
678.184 189.833 571.107 43.057
-35.501 -300.929 -608.81 377.945
510166997 500.000
-901.397 148.191 -304.464 262.988
858.061 998.456 -818.536 618.956
PRUNED 445157637
PRUNED 466998397
PRUNED 510166997
PRUNED 526785510
3
553166250 500.000
-48.514 122.737 -810.348 -760.611
-312.272 -209.155 -841.629 -371.389
615097307 500.000
644.283 556.95 -820.048 468.795
-496.52 -967.239 975.626 -982.917
660444819 500.000
363.321 -505.097 -397.812 -584.178
-108.858 -381.213 -332.442 -889.718
PRUNED 553166250
PRUNED 615097307
PRUNED 660444819
PRUNED 698606783
3
699632333 500.000
221.919 674.55 2.278 -246.863
395.697 -617.877 -989.064 -964.017
727648383 500.000
641.893 -131.503 582.278 -593.373
342.66 -414.311 -96.776 -195.64
742499653 500.000
-174.131 15.914 125.515 45.194
-164.194 -508.247 975.534 417.846
PRUNED 699632333
PRUNED 727648383
PRUNED 742499653
PRUNED 801782556
3
803489111 500.000
-771.531 655.629 -186.337 -827.992
744.004 610.792 19.482 648.65
883593897 500.000
813.535 403.6 -869.104 32.11
289.926 -101.925 -716.719 -973.127
927492729 500.000
470.47 671.023 490.661 888.546
-114.836 926.594 691.872 -896.757
PRUNED 803489111
