5
0 0.000
675.555 -473.46 441.693 256.979
261.847 788.857 777.595 559.626
19211770 14.285
804.222 987.753 -747.501 947.806
-602.617 -918.678 -865.369 -882.286
24855229 28.570
39.058 266.994 -590.39 -757.433
-848.748 -924.998 543.283 -995.985
36902005 42.855
544.463 -37.846 103.9 -782.369
-483.147 -549.264 914.248 38.074
53558424 57.140
938.318 -989.986 392.14 266.967
-988.188 164.471 -75.46 -35.29
PRUNED 0
PRUNED 19211770
PRUNED 24855229
PRUNED 36902005
PRUNED 53558424
5
67129692 71.425
486.143 244.444 -911.476 656.059
296.165 -76.026 -310.076 401.251
70399824 85.710
161.074 -555.34 -383.594 711.225
6.092 -710.779 -676.143 256.797
99266925 99.995
-326.99 -528.162 -938.785 79.438
-970.684 751.56 400.401 -999.128
124334898 114.280
369.149 640.349 601.499 21.442
-921.07 -231.579 -64.565 717.773
148922088 128.565
-102.986 -132.092 137.868 -642.504
-190.665 288.35 323.039 -101.441
PRUNED 67129692
PRUNED 70399824
PRUNED 99266925
PRUNED 124334898
PRUNED 148922088
5
171274157 142.850
903.105 -889.035 791.349 -482.462
-504.244 141.597 -299.1 151.158
197767987 157.135
-136.201 -352.165 -549.35 -633.418
808.927 -939.895 -455.551 -864.701
202030804 171.420
-340.358 843.807 342.575 -556.884
-254.097 -44.63 -482.579 886.292
222951419 185.705
483.183 -569.381 -790.397 588.677
933.55 -867.046 -557.072 -69.748
227239251 199.990
980.957 555.4 -364.091 81.695
65.201 -592.389 422.72 405.228
PRUNED 171274157
PRUNED 197767987
PRUNED 202030804
PRUNED 222951419
PRUNED 227239251
5
230461718 214.275
-433.223 237.452 32.882 158.096
900.65 -724.799 -113.549 770.91
253929426 228.560
-449.278 371.551 741.888 -409.513
-503.026 232.843 -983.654 850.487
266737195 242.845
787.031 750.286 -379.159 -924.924
-801.484 -975.953 320.284 838.675
269414242 257.130
120.757 -302.672 979.691 -198.446
630.293 -550.768 46.687 870.651
280165380 271.415
984.852 -332.663 -397.258 -654.783
-762.958 409.334 -407.122 141.015
PRUNED 230461718
PRUNED 253929426
PRUNED 266737195
PRUNED 269414242
PRUNED 280165380
5
301290064 285.700
-323.499 -652.344 -280.922 -228.379
-591.069 929.724 -406.598 -692.094
319686565 299.985
336.491 -940.576 841.988 -585.105
-885.382 30.86 166.85 -529.045
345410333 314.270
-768.652 -547.275 -250.614 177.148
-369.776 889.714 912.515 263.418
349303694 328.555
-593.565 -735.5 127.427 16.027
-578.005 -200.74 -127.476 -404.994
358257601 342.840
-850.821 704.439 487.441 -768.061
872.482 -230.492 295.543 -760.661
PRUNED 301290064
PRUNED 319686565
PRUNED 345410333
PRUNED 349303694
PRUNED 358257601
5
360199024 357.125
935.243 374.049 -91.736 -762.752
-828.535 -396.062 386.779 922.296
377294074 371.410
-229.913 -510.79 -955.282 -935.031
350.036 554.945 -948.553 -310.667
399482643 385.695
980.801 -431.275 854.168 -514.9
-467.148 -224.481 -631.51 -346.386
430744948 399.980
-982.807 -912.487 669.745 773.769
706.148 -475.201 535.098 -737.751
458180509 414.265
-123.502 79.168 257.209 139.585
671.248 859.03 913.181 852.259
PRUNED 360199024
PRUNED 377294074
PRUNED 399482643
PRUNED 430744948
PRUNED 458180509
5
481760801 428.550
-509.541 903.573 671.679 -844.683
-953.46 314.354 237.944 65.059
498609560 442.835
-409.002 692.063 0.173 634.676
1.564 -740.76 -128.739 -269.33
524790273 457.120
907.631 -67.437 696.27 935.225
157.996 -287.865 220.137 -788.318
541478649 471.405
-684.208 341.884 974.246 -432.435
421.754 151.521 311.074 793.133
565922847 485.690
404.685 343.333 -21.207 84.823
-163.914 584.713 -373.227 -6.449
PRUNED 481760801
PRUNED 498609560
PRUNED 524790273
PRUNED 541478649
PRUNED 565922847
5
566821851 499.975
504.95 195.028 -189.581 204.359
-645.161 -846.274 921.225 -681.852
586821647 514.260
182.147 474.508 464.545 -229.728
-514.364 654.004 522.725 -732.248
606712758 528.545
-730.556 -642.089 -260.903 -411.624
66.978 -890.397 841.975 -846.398
620892505 542.830
584.553 242.276 -322.432 -640.527
377.497 -48.696 -45.4 -428.887
635578950 557.115
394.752 -733.502 -751.019 -214.501
-729.977 -905.558 -285.207 -27.1
PRUNED 566821851
PRUNED 586821647
PRUNED 606712758
PRUNED 620892505
PRUNED 635578950
5
658726131 571.400
-974.368 366.508 361.737 71.229
10.109 -262.877 -768.612 951.949
684616378 585.685
387.173 260.354 -484.8 -65.293
-91.129 -705.842 -95.193 -267.09
702259769 599.970
308.134 -461.329 -63.244 217.215
133.564 587.62 -4.704 -369.071
729526566 614.255
288.651 -80.323 274.647 539.788
-527.777 -701.22 -989.183 -793.677
734817461 628.540
-613.647 545.986 -703.599 353.534
959.651 -835.773 -702.41 -489.647
PRUNED 658726131
PRUNED 684616378
PRUNED 702259769
PRUNED 729526566
PRUNED 734817461
5
744493235 642.825
727.045 -857.71 -202.07 854.049
892.713 -112.499 -617.973 670.937
752066358 657.110
886.036 -734.176 -551.377 973.973
221.374 480.836 122.388 185.366
766658122 671.395
-831.714 -205.257 154.028 362.566
-579.364 -233.515 -335.656 708.131
769397577 685.680
-495.422 -127.601 -539.93 -222.772
-778.037 -563.686 361.248 884.295
778403770 699.965
-301.901 182.445 -212.474 803.843
-323.267 405.097 817.261 895.711
PRUNED 744493235
PRUNED 752066358
PRUNED 766658122
PRUNED 769397577
PRUNED 778403770
5
786229419 714.250
-293.44 731.538 -410.01 904.345
-745.073 -4.525 883.514 394.576
807034795 728.535
374.765 368.824 -252.936 61.533
641.297 -621.407 706.636 -867.938
826186589 742.820
725.61 543.983 -740.136 888.622
-414.565 -337.975 253.815 549.773
843606828 757.105
-491.039 -807.347 -14.219 678.99
-797.817 360.918 -560.005 426.283
883344153 771.390
640.707 218.017 53.678 -688.194
-367.1 -276.419 -427.181 56.434
PRUNED 786229419
PRUNED 807034795
PRUNED 826186589
PRUNED 843606828
