8
0 1000.000
641.364 -142.023 -832.493 -867.335
568.411 -599.144 280.07 -789.468
16578262 991.667
-885.678 288.36 307.19 205.461
310.572 545.555 -345.198 -318.476
29687098 983.334
-342.062 -452.723 954.165 -901.166
165.772 -577.003 137.768 791.079
41114899 975.001
-39.262 586.756 -485.418 -659.961
-979.062 89.537 241.746 -114.762
55459450 966.668
905.068 -851.361 -670.232 -396.987
794.174 -741.788 -10.542 180.358
66892737 958.335
-760.486 864.705 326.608 -430.056
88.13 -833.908 350.114 -167.681
80176236 950.002
436.152 414.988 -912.162 -580.151
55.439 843.816 846.358 11.711
92275960 941.669
-430.906 -380.313 289.443 205.788
348.998 -871.919 -945.554 33.306
PRUNED 99079147
PRUNED 101063392
PRUNED 115237229
PRUNED 130481715
PRUNED 143645889
PRUNED 156747761
PRUNED 164773493
PRUNED 178856884
8
0 1000.000
641.364 -142.023 -832.493 -867.335
568.411 -599.144 280.07 -789.468
16578262 991.667
-885.678 288.36 307.19 205.461
310.572 545.555 -345.198 -318.476
29687098 983.334
-342.062 -452.723 954.165 -901.166
165.772 -577.003 137.768 791.079
41114899 975.001
-39.262 586.756 -485.418 -659.961
-979.062 89.537 241.746 -114.762
55459450 966.668
905.068 -851.361 -670.232 -396.987
794.174 -741.788 -10.542 180.358
66892737 958.335
-760.486 864.705 326.608 -430.056
88.13 -833.908 350.114 -167.681
80176236 950.002
436.152 414.988 -912.162 -580.151
55.439 843.816 846.358 11.711
92275960 941.669
-430.906 -380.313 289.443 205.788
348.998 -871.919 -945.554 33.306
PRUNED 187697026
PRUNED 201789023
PRUNED 209326836
PRUNED 224175066
PRUNED 228654255
PRUNED 233811927
PRUNED 248363048
PRUNED 261904935
8
0 1000.000
641.364 -142.023 -832.493 -867.335
568.411 -599.144 280.07 -789.468
16578262 991.667
-885.678 288.36 307.19 205.461
310.572 545.555 -345.198 -318.476
29687098 983.334
-342.062 -452.723 954.165 -901.166
165.772 -577.003 137.768 791.079
41114899 975.001
-39.262 586.756 -485.418 -659.961
-979.062 89.537 241.746 -114.762
55459450 966.668
905.068 -851.361 -670.232 -396.987
794.174 -741.788 -10.542 180.358
66892737 958.335
-760.486 864.705 326.608 -430.056
88.13 -833.908 350.114 -167.681
80176236 950.002
436.152 414.988 -912.162 -580.151
55.439 843.816 846.358 11.711
92275960 941.669
-430.906 -380.313 289.443 205.788
348.998 -871.919 -945.554 33.306
PRUNED 266642167
PRUNED 268005743
PRUNED 283562280
PRUNED 285828107
PRUNED 292712982
PRUNED 303952143
PRUNED 316773282
PRUNED 317597600
8
0 1000.000
641.364 -142.023 -832.493 -867.335
568.411 -599.144 280.07 -789.468
16578262 991.667
-885.678 288.36 307.19 205.461
310.572 545.555 -345.198 -318.476
29687098 983.334
-342.062 -452.723 954.165 -901.166
165.772 -577.003 137.768 791.079
41114899 975.001
-39.262 586.756 -485.418 -659.961
-979.062 89.537 241.746 -114.762
55459450 966.668
905.068 -851.361 -670.232 -396.987
794.174 -741.788 -10.542 180.358
66892737 958.335
-760.486 864.705 326.608 -430.056
88.13 -833.908 350.114 -167.681
80176236 950.002
436.152 414.988 -912.162 -580.151
55.439 843.816 846.358 11.711
92275960 941.669
-430.906 -380.313 289.443 205.788
348.998 -871.919 -945.554 33.306
PRUNED 328034456
PRUNED 342448063
PRUNED 356953624
PRUNED 367256276
PRUNED 370906859
PRUNED 386339038
PRUNED 401534969
PRUNED 414940831
8
0 1000.000
641.364 -142.023 -832.493 -867.335
568.411 -599.144 280.07 -789.468
16578262 991.667
-885.678 288.36 307.19 205.461
310.572 545.555 -345.198 -318.476
29687098 983.334
-342.062 -452.723 954.165 -901.166
165.772 -577.003 137.768 791.079
41114899 975.001
-39.262 586.756 -485.418 -659.961
-979.062 89.537 241.746 -114.762
55459450 966.668
905.068 -851.361 -670.232 -396.987
794.174 -741.788 -10.542 180.358
66892737 958.335
-760.486 864.705 326.608 -430.056
88.13 -833.908 350.114 -167.681
80176236 950.002
436.152 414.988 -912.162 -580.151
55.439 843.816 846.358 11.711
92275960 941.669
-430.906 -380.313 289.443 205.788
348.998 -871.919 -945.554 33.306
PRUNED 429914936
PRUNED 434513733
PRUNED 438093848
PRUNED 450392319
PRUNED 465769963
PRUNED 475620083
PRUNED 490278114
PRUNED 492985438
8
0 1000.000
641.364 -142.023 -832.493 -867.335
568.411 -599.144 280.07 -789.468
16578262 991.667
-885.678 288.36 307.19 205.461
310.572 545.555 -345.198 -318.476
29687098 983.334
-342.062 -452.723 954.165 -901.166
165.772 -577.003 137.768 791.079
41114899 975.001
-39.262 586.756 -485.418 -659.961
-979.062 89.537 241.746 -114.762
55459450 966.668
905.068 -851.361 -670.232 -396.987
794.174 -741.788 -10.542 180.358
66892737 958.335
-760.486 864.705 326.608 -430.056
88.13 -833.908 350.114 -167.681
80176236 950.002
436.152 414.988 -912.162 -580.151
55.439 843.816 846.358 11.711
92275960 941.669
-430.906 -380.313 289.443 205.788
348.998 -871.919 -945.554 33.306
PRUNED 497032257
PRUNED 500784128
PRUNED 514732545
PRUNED 519009865
PRUNED 524566362
PRUNED 539372796
PRUNED 544865364
PRUNED 556759533
8
0 1000.000
641.364 -142.023 -832.493 -867.335
568.411 -599.144 280.07 -789.468
16578262 991.667
-885.678 288.36 307.19 205.461
310.572 545.555 -345.198 -318.476
29687098 983.334
-342.062 -452.723 954.165 -901.166
165.772 -577.003 137.768 791.079
41114899 975.001
-39.262 586.756 -485.418 -659.961
-979.062 89.537 241.746 -114.762
55459450 966.668
905.068 -851.361 -670.232 -396.987
794.174 -741.788 -10.542 180.358
66892737 958.335
-760.486 864.705 326.608 -430.056
88.13 -833.908 350.114 -167.681
80176236 950.002
436.152 414.988 -912.162 -580.151
55.439 843.816 846.358 11.711
92275960 941.669
-430.906 -380.313 289.443 205.788
348.998 -871.919 -945.554 33.306
PRUNED 557329092
PRUNED 564145618
PRUNED 577219346
PRUNED 588127964
PRUNED 589545623
PRUNED 595794479
PRUNED 606073183
PRUNED 613448725
8
0 1000.000
641.364 -142.023 -832.493 -867.335
568.411 -599.144 280.07 -789.468
16578262 991.667
-885.678 288.36 307.19 205.461
310.572 545.555 -345.198 -318.476
29687098 983.334
-342.062 -452.723 954.165 -901.166
165.772 -577.003 137.768 791.079
41114899 975.001
-39.262 586.756 -485.418 -659.961
-979.062 89.537 241.746 -114.762
55459450 966.668
905.068 -851.361 -670.232 -396.987
794.174 -741.788 -10.542 180.358
66892737 958.335
-760.486 864.705 326.608 -430.056
88.13 -833.908 350.114 -167.681
80176236 950.002
436.152 414.988 -912.162 -580.151
55.439 843.816 846.358 11.711
92275960 941.669
-430.906 -380.313 289.443 205.788
348.998 -871.919 -945.554 33.306
PRUNED 622882271
PRUNED 628376679
PRUNED 639135470
PRUNED 643149477
PRUNED 657353563
PRUNED 663748973
PRUNED 675667365
PRUNED 686268539
8
0 1000.000
641.364 -142.023 -832.493 -867.335
568.411 -599.144 280.07 -789.468
16578262 991.667
-885.678 288.36 307.19 205.461
310.572 545.555 -345.198 -318.476
29687098 983.334
-342.062 -452.723 954.165 -901.166
165.772 -577.003 137.768 791.079
41114899 975.001
-39.262 586.756 -485.418 -659.961
-979.062 89.537 241.746 -114.762
55459450 966.668
905.068 -851.361 -670.232 -396.987
794.174 -741.788 -10.542 180.358
66892737 958.335
-760.486 864.705 326.608 -430.056
88.13 -833.908 350.114 -167.681
80176236 950.002
436.152 414.988 -912.162 -580.151
55.439 843.816 846.358 11.711
92275960 941.669
-430.906 -380.313 289.443 205.788
348.998 -871.919 -945.554 33.306
PRUNED 697528816
PRUNED 697783227
PRUNED 704737897
PRUNED 719950404
PRUNED 733336253
PRUNED 737514313
PRUNED 741298373
PRUNED 749465762
8
0 1000.000
641.364 -142.023 -832.493 -867.335
568.411 -599.144 280.07 -789.468
16578262 991.667
-885.678 288.36 307.19 205.461
310.572 545.555 -345.198 -318.476
29687098 983.334
-342.062 -452.723 954.165 -901.166
165.772 -577.003 137.768 791.079
41114899 975.001
-39.262 586.756 -485.418 -659.961
-979.062 89.537 241.746 -114.762
55459450 966.668
905.068 -851.361 -670.232 -396.987
794.174 -741.788 -10.542 180.358
66892737 958.335
-760.486 864.705 326.608 -430.056
88.13 -833.908 350.114 -167.681
80176236 950.002
436.152 414.988 -912.162 -580.151
55.439 843.816 846.358 11.711
92275960 941.669
-430.906 -380.313 289.443 205.788
348.998 -871.919 -945.554 33.306
PRUNED 757116803
PRUNED 768942773
PRUNED 775931513
PRUNED 783345178
PRUNED 797187833
PRUNED 801501001
PRUNED 809682149
PRUNED 810997518
8
0 1000.000
641.364 -142.023 -832.493 -867.335
568.411 -599.144 280.07 -789.468
16578262 991.667
-885.678 288.36 307.19 205.461
310.572 545.555 -345.198 -318.476
29687098 983.334
-342.062 -452.723 954.165 -901.166
165.772 -577.003 137.768 791.079
41114899 975.001
-39.262 586.756 -485.418 -659.961
-979.062 89.537 241.746 -114.762
55459450 966.668
905.068 -851.361 -670.232 -396.987
794.174 -741.788 -10.542 180.358
66892737 958.335
-760.486 864.705 326.608 -430.056
88.13 -833.908 350.114 -167.681
80176236 950.002
436.152 414.988 -912.162 -580.151
55.439 843.816 846.358 11.711
92275960 941.669
-430.906 -380.313 289.443 205.788
348.998 -871.919 -945.554 33.306
PRUNED 820091119
PRUNED 833104223
PRUNED 849175998
PRUNED 863670101
PRUNED 878045473
PRUNED 886020758
PRUNED 894360996
PRUNED 896823922
8
0 1000.000
641.364 -142.023 -832.493 -867.335
568.411 -599.144 280.07 -789.468
16578262 991.667
-885.678 288.36 307.19 205.461
310.572 545.555 -345.198 -318.476
29687098 983.334
-342.062 -452.723 954.165 -901.166
165.772 -577.003 137.768 791.079
41114899 975.001
-39.262 586.756 -485.418 -659.961
-979.062 89.537 241.746 -114.762
55459450 966.668
905.068 -851.361 -670.232 -396.987
794.174 -741.788 -10.542 180.358
66892737 958.335
-760.486 864.705 326.608 -430.056
88.13 -833.908 350.114 -167.681
80176236 950.002
436.152 414.988 -912.162 -580.151
55.439 843.816 846.358 11.711
92275960 941.669
-430.906 -380.313 289.443 205.788
348.998 -871.919 -945.554 33.306
PRUNED 903015957
PRUNED 906503756
PRUNED 919691938
PRUNED 929127251
PRUNED 940079751
PRUNED 941119949
PRUNED 957520362
PRUNED 968219070
8
0 1000.000
641.364 -142.023 -832.493 -867.335
568.411 -599.144 280.07 -789.468
16578262 991.667
-885.678 288.36 307.19 205.461
310.572 545.555 -345.198 -318.476
29687098 983.334
-342.062 -452.723 954.165 -901.166
165.772 -577.003 137.768 791.079
41114899 975.001
-39.262 586.756 -485.418 -659.961
-979.062 89.537 241.746 -114.762
55459450 966.668
905.068 -851.361 -670.232 -396.987
794.174 -741.788 -10.542 180.358
66892737 958.335
-760.486 864.705 326.608 -430.056
88.13 -833.908 350.114 -167.681
80176236 950.002
436.152 414.988 -912.162 -580.151
55.439 843.816 846.358 11.711
92275960 941.669
-430.906 -380.313 289.443 205.788
348.998 -871.919 -945.554 33.306
PRUNED 968551805
PRUNED 999859583
PRUNED 999864346
