6
0 862.509
712.592 924.837 906.133 -197.159
-275.363 738.739 -224.224 964.034
4693675 477.826
527.403 541.639 93.134 583.434
634.315 738.019 454.607 -887.163
7969339 708.087
-118.749 263.462 378.562 279.823
382.1 -49.552 -510.117 41.154
13637935 727.646
876.256 192.766 716.41 558.074
855.55 897.057 -144.533 -64.168
15459465 354.270
-470.067 -345.829 -182.594 -509.998
540.183 136.174 -293.126 -371.657
21726259 456.728
647.694 611.093 791.494 -935.812
-616.739 -850.705 306.121 445.811
12
0 862.509
712.592 924.837 906.133 -197.159
-275.363 738.739 -224.224 964.034
4693675 477.826
527.403 541.639 93.134 583.434
634.315 738.019 454.607 -887.163
7969339 708.087
-118.749 263.462 378.562 279.823
382.1 -49.552 -510.117 41.154
13637935 727.646
876.256 192.766 716.41 558.074
855.55 897.057 -144.533 -64.168
15459465 354.270
-470.067 -345.829 -182.594 -509.998
540.183 136.174 -293.126 -371.657
21726259 456.728
647.694 611.093 791.494 -935.812
-616.739 -850.705 306.121 445.811
21971879 433.368
621.735 62.436 -699.207 141.002
69.393 -93.937 -870.463 825.183
27690142 497.710
827.099 -117.937 -79.158 889.714
-74.414 468.312 235.623 -863.843
28404021 578.566
-665.586 -624.318 872.316 -458.311
-522.095 806.076 365.355 750.469
31651323 332.605
799.021 637.044 428.977 -16.526
166.671 -645.18 124.917 -581.246
32321605 347.148
38.684 467.37 766.141 949.622
-426.748 -250.424 -387.451 -925.145
35621310 366.459
264.054 -187.331 -993.915 -752.911
-980.757 824.847 765.988 -41.487
18
0 862.509
712.592 924.837 906.133 -197.159
-275.363 738.739 -224.224 964.034
4693675 477.826
527.403 541.639 93.134 583.434
634.315 738.019 454.607 -887.163
7969339 708.087
-118.749 263.462 378.562 279.823
382.1 -49.552 -510.117 41.154
13637935 727.646
876.256 192.766 716.41 558.074
855.55 897.057 -144.533 -64.168
15459465 354.270
-470.067 -345.829 -182.594 -509.998
540.183 136.174 -293.126 -371.657
21726259 456.728
647.694 611.093 791.494 -935.812
-616.739 -850.705 306.121 445.811
21971879 433.368
621.735 62.436 -699.207 141.002
69.393 -93.937 -870.463 825.183
27690142 497.710
827.099 -117.937 -79.158 889.714
-74.414 468.312 235.623 -863.843
28404021 578.566
-665.586 -624.318 872.316 -458.311
-522.095 806.076 365.355 750.469
31651323 332.605
799.021 637.044 428.977 -16.526
166.671 -645.18 124.917 -581.246
32321605 347.148
38.684 467.37 766.141 949.622
-426.748 -250.424 -387.451 -925.145
35621310 366.459
264.054 -187.331 -993.915 -752.911
-980.757 824.847 765.988 -41.487
37955416 225.783
-901.839 972.604 142.829 23.642
579.246 -556.768 -307.934 722.348
41484132 554.608
788.108 688.904 -538.979 318.839
483.664 257.278 -8.933 824.11
43232304 281.181
656.345 802.345 994.967 -341.925
-481.351 -621.298 938.154 134.229
47280128 596.324
-980.35 -218.4 358.918 813.708
-199.479 859.439 -723.735 -916.828
48368984 185.055
560.34 -262.472 175.291 -698.83
-534.625 -398.845 -307.469 -371.08
49230075 59.440
-540.138 -527.503 -8.022 -811.955
-885.146 290.555 939.832 856.964
PRUNED 58016623
PRUNED 67298674
PRUNED 49230075
PRUNED 61377297
20
0 862.509
712.592 924.837 906.133 -197.159
-275.363 738.739 -224.224 964.034
4693675 477.826
527.403 541.639 93.134 583.434
634.315 738.019 454.607 -887.163
7969339 708.087
-118.749 263.462 378.562 279.823
382.1 -49.552 -510.117 41.154
13637935 727.646
876.256 192.766 716.41 558.074
855.55 897.057 -144.533 -64.168
15459465 354.270
-470.067 -345.829 -182.594 -509.998
540.183 136.174 -293.126 -371.657
21726259 456.728
647.694 611.093 791.494 -935.812
-616.739 -850.705 306.121 445.811
21971879 433.368
621.735 62.436 -699.207 141.002
69.393 -93.937 -870.463 825.183
27690142 497.710
827.099 -117.937 -79.158 889.714
-74.414 468.312 235.623 -863.843
28404021 578.566
-665.586 -624.318 872.316 -458.311
-522.095 806.076 365.355 750.469
31651323 332.605
799.021 637.044 428.977 -16.526
166.671 -645.18 124.917 -581.246
32321605 347.148
38.684 467.37 766.141 949.622
-426.748 -250.424 -387.451 -925.145
35621310 366.459
264.054 -187.331 -993.915 -752.911
-980.757 824.847 765.988 -41.487
37955416 225.783
-901.839 972.604 142.829 23.642
579.246 -556.768 -307.934 722.348
41484132 554.608
788.108 688.904 -538.979 318.839
483.664 257.278 -8.933 824.11
43232304 281.181
656.345 802.345 994.967 -341.925
-481.351 -621.298 938.154 134.229
47280128 596.324
-980.35 -218.4 358.918 813.708
-199.479 859.439 -723.735 -916.828
48368984 185.055
560.34 -262.472 175.291 -698.83
-534.625 -398.845 -307.469 -371.08
52817500 826.776
-142.025 716.251 -214.456 -375.867
831.518 521.972 664.123 591.778
73101108 670.985
-966.894 -832.93 737.467 -29.093
-514.171 454.126 -179.067 759.871
77727603 954.236
97.059 -280.134 170.131 -566.101
-437.121 718.145 950.241 -966.183
PRUNED 48368984
PRUNED 37955416
PRUNED 43232304
PRUNED 31651323
PRUNED 32321605
PRUNED 15459465
20
0 862.509
712.592 924.837 906.133 -197.159
-275.363 738.739 -224.224 964.034
4693675 477.826
527.403 541.639 93.134 583.434
634.315 738.019 454.607 -887.163
7969339 708.087
-118.749 263.462 378.562 279.823
382.1 -49.552 -510.117 41.154
13637935 727.646
876.256 192.766 716.41 558.074
855.55 897.057 -144.533 -64.168
21726259 456.728
647.694 611.093 791.494 -935.812
-616.739 -850.705 306.121 445.811
21971879 433.368
621.735 62.436 -699.207 141.002
69.393 -93.937 -870.463 825.183
27690142 497.710
827.099 -117.937 -79.158 889.714
-74.414 468.312 235.623 -863.843
28404021 578.566
-665.586 -624.318 872.316 -458.311
-522.095 806.076 365.355 750.469
35621310 366.459
264.054 -187.331 -993.915 -752.911
-980.757 824.847 765.988 -41.487
41484132 554.608
788.108 688.904 -538.979 318.839
483.664 257.278 -8.933 824.11
47280128 596.324
-980.35 -218.4 358.918 813.708
-199.479 859.439 -723.735 -916.828
52817500 826.776
-142.025 716.251 -214.456 -375.867
831.518 521.972 664.123 591.778
73101108 670.985
-966.894 -832.93 737.467 -29.093
-514.171 454.126 -179.067 759.871
77727603 954.236
97.059 -280.134 170.131 -566.101
-437.121 718.145 950.241 -966.183
82627549 587.040
756.169 148.59 -578.535 -782.145
-580.743 -860.788 945.282 -908.203
83210387 716.054
90.182 -668.244 -457.081 836.058
-698.621 -508.77 -625.024 -485.234
85869236 671.855
834.774 967.492 -398.962 -724.894
-410.728 144.864 709.651 968.512
90738956 891.275
-909.983 266.433 -984.497 -639.407
766.829 -492.509 -781.674 804.377
95300123 669.801
-679.774 643.375 414.583 -513.665
-351.913 13.863 -615.615 -281.417
99481496 639.288
-183.391 808.37 675.095 -456.359
-591.911 -960.49 610.553 135.454
PRUNED 35621310
PRUNED 103371439
PRUNED 108273785
PRUNED 21971879
PRUNED 114349974
PRUNED 21726259
20
0 862.509
712.592 924.837 906.133 -197.159
-275.363 738.739 -224.224 964.034
4693675 477.826
527.403 541.639 93.134 583.434
634.315 738.019 454.607 -887.163
7969339 708.087
-118.749 263.462 378.562 279.823
382.1 -49.552 -510.117 41.154
13637935 727.646
876.256 192.766 716.41 558.074
855.55 897.057 -144.533 -64.168
27690142 497.710
827.099 -117.937 -79.158 889.714
-74.414 468.312 235.623 -863.843
28404021 578.566
-665.586 -624.318 872.316 -458.311
-522.095 806.076 365.355 750.469
41484132 554.608
788.108 688.904 -538.979 318.839
483.664 257.278 -8.933 824.11
47280128 596.324
-980.35 -218.4 358.918 813.708
-199.479 859.439 -723.735 -916.828
52817500 826.776
-142.025 716.251 -214.456 -375.867
831.518 521.972 664.123 591.778
73101108 670.985
-966.894 -832.93 737.467 -29.093
-514.171 454.126 -179.067 759.871
77727603 954.236
97.059 -280.134 170.131 -566.101
-437.121 718.145 950.241 -966.183
82627549 587.040
756.169 148.59 -578.535 -782.145
-580.743 -860.788 945.282 -908.203
83210387 716.054
90.182 -668.244 -457.081 836.058
-698.621 -508.77 -625.024 -485.234
85869236 671.855
834.774 967.492 -398.962 -724.894
-410.728 144.864 709.651 968.512
90738956 891.275
-909.983 266.433 -984.497 -639.407
766.829 -492.509 -781.674 804.377
95300123 669.801
-679.774 643.375 414.583 -513.665
-351.913 13.863 -615.615 -281.417
99481496 639.288
-183.391 808.37 675.095 -456.359
-591.911 -960.49 610.553 135.454
102259411 698.113
48.227 268.559 549.524 877.438
-218.597 802.368 -231.625 -307.479
110939884 685.580
-459.563 -731.261 608.128 -274.04
262.523 923.668 -637.527 488.682
114918254 746.006
103.341 -658.446 -751.687 972.193
-416.965 -568.874 56.821 -879.227
PRUNED 4693675
PRUNED 121381696
PRUNED 121933843
PRUNED 125643229
PRUNED 126093752
PRUNED 27690142
20
0 862.509
712.592 924.837 906.133 -197.159
-275.363 738.739 -224.224 964.034
7969339 708.087
-118.749 263.462 378.562 279.823
382.1 -49.552 -510.117 41.154
13637935 727.646
876.256 192.766 716.41 558.074
855.55 897.057 -144.533 -64.168
28404021 578.566
-665.586 -624.318 872.316 -458.311
-522.095 806.076 365.355 750.469
41484132 554.608
788.108 688.904 -538.979 318.839
483.664 257.278 -8.933 824.11
47280128 596.324
-980.35 -218.4 358.918 813.708
-199.479 859.439 -723.735 -916.828
52817500 826.776
-142.025 716.251 -214.456 -375.867
831.518 521.972 664.123 591.778
73101108 670.985
-966.894 -832.93 737.467 -29.093
-514.171 454.126 -179.067 759.871
77727603 954.236
97.059 -280.134 170.131 -566.101
-437.121 718.145 950.241 -966.183
82627549 587.040
756.169 148.59 -578.535 -782.145
-580.743 -860.788 945.282 -908.203
83210387 716.054
90.182 -668.244 -457.081 836.058
-698.621 -508.77 -625.024 -485.234
85869236 671.855
834.774 967.492 -398.962 -724.894
-410.728 144.864 709.651 968.512
90738956 891.275
-909.983 266.433 -984.497 -639.407
766.829 -492.509 -781.674 804.377
95300123 669.801
-679.774 643.375 414.583 -513.665
-351.913 13.863 -615.615 -281.417
99481496 639.288
-183.391 808.37 675.095 -456.359
-591.911 -960.49 610.553 135.454
102259411 698.113
48.227 268.559 549.524 877.438
-218.597 802.368 -231.625 -307.479
110939884 685.580
-459.563 -731.261 608.128 -274.04
262.523 923.668 -637.527 488.682
114918254 746.006
103.341 -658.446 -751.687 972.193
-416.965 -568.874 56.821 -879.227
120932289 679.646
77.716 876.371 -22.364 10.152
269.328 674.289 -428.849 -12.237
130771995 744.571
305.107 -66.082 -282.003 -600.502
214.004 -879.393 -751.847 641.559
PRUNED 41484132
PRUNED 28404021
PRUNED 82627549
PRUNED 144505521
PRUNED 47280128
PRUNED 156159733
20
0 862.509
712.592 924.837 906.133 -197.159
-275.363 738.739 -224.224 964.034
7969339 708.087
-118.749 263.462 378.562 279.823
382.1 -49.552 -510.117 41.154
13637935 727.646
876.256 192.766 716.41 558.074
855.55 897.057 -144.533 -64.168
52817500 826.776
-142.025 716.251 -214.456 -375.867
831.518 521.972 664.123 591.778
73101108 670.985
-966.894 -832.93 737.467 -29.093
-514.171 454.126 -179.067 759.871
77727603 954.236
97.059 -280.134 170.131 -566.101
-437.121 718.145 950.241 -966.183
83210387 716.054
90.182 -668.244 -457.081 836.058
-698.621 -508.77 -625.024 -485.234
85869236 671.855
834.774 967.492 -398.962 -724.894
-410.728 144.864 709.651 968.512
90738956 891.275
-909.983 266.433 -984.497 -639.407
766.829 -492.509 -781.674 804.377
95300123 669.801
-679.774 643.375 414.583 -513.665
-351.913 13.863 -615.615 -281.417
99481496 639.288
-183.391 808.37 675.095 -456.359
-591.911 -960.49 610.553 135.454
102259411 698.113
48.227 268.559 549.524 877.438
-218.597 802.368 -231.625 -307.479
110939884 685.580
-459.563 -731.261 608.128 -274.04
262.523 923.668 -637.527 488.682
114918254 746.006
103.341 -658.446 -751.687 972.193
-416.965 -568.874 56.821 -879.227
120932289 679.646
77.716 876.371 -22.364 10.152
269.328 674.289 -428.849 -12.237
130771995 744.571
305.107 -66.082 -282.003 -600.502
214.004 -879.393 -751.847 641.559
136359344 712.659
-44.515 718.665 748.206 607.578
-929.508 -271.335 101.572 951.748
138162609 647.474
587.473 -183.814 255.579 -469.185
-37.64 -159.11 -759.04 618.424
139946655 753.812
-388.955 923.494 -874.698 56.57
-800.549 600.558 -49.687 689.549
149494801 693.736
32.104 -826.817 567.779 -258.67
-309.535 58.556 526.537 -500.402
PRUNED 156910216
PRUNED 99481496
PRUNED 138162609
PRUNED 95300123
PRUNED 167427342
PRUNED 168486541
20
0 862.509
712.592 924.837 906.133 -197.159
-275.363 738.739 -224.224 964.034
7969339 708.087
-118.749 263.462 378.562 279.823
382.1 -49.552 -510.117 41.154
13637935 727.646
876.256 192.766 716.41 558.074
855.55 897.057 -144.533 -64.168
52817500 826.776
-142.025 716.251 -214.456 -375.867
831.518 521.972 664.123 591.778
73101108 670.985
-966.894 -832.93 737.467 -29.093
-514.171 454.126 -179.067 759.871
77727603 954.236
97.059 -280.134 170.131 -566.101
-437.121 718.145 950.241 -966.183
83210387 716.054
90.182 -668.244 -457.081 836.058
-698.621 -508.77 -625.024 -485.234
85869236 671.855
834.774 967.492 -398.962 -724.894
-410.728 144.864 709.651 968.512
90738956 891.275
-909.983 266.433 -984.497 -639.407
766.829 -492.509 -781.674 804.377
102259411 698.113
48.227 268.559 549.524 877.438
-218.597 802.368 -231.625 -307.479
110939884 685.580
-459.563 -731.261 608.128 -274.04
262.523 923.668 -637.527 488.682
114918254 746.006
103.341 -658.446 -751.687 972.193
-416.965 -568.874 56.821 -879.227
120932289 679.646
77.716 876.371 -22.364 10.152
269.328 674.289 -428.849 -12.237
130771995 744.571
305.107 -66.082 -282.003 -600.502
214.004 -879.393 -751.847 641.559
136359344 712.659
-44.515 718.665 748.206 607.578
-929.508 -271.335 101.572 951.748
139946655 753.812
-388.955 923.494 -874.698 56.57
-800.549 600.558 -49.687 689.549
149494801 693.736
32.104 -826.817 567.779 -258.67
-309.535 58.556 526.537 -500.402
158198194 741.155
148.867 489.975 -360.947 -760.745
646.216 855.723 -80.66 -337.782
160030387 734.676
69.511 -926.405 209.451 -221.967
-348.341 621.63 587.063 691.325
161987607 796.972
-246.947 -37.341 -171.185 100.472
-577.234 -743.466 269.331 356.298
PRUNED 171972835
PRUNED 73101108
PRUNED 180311973
PRUNED 182590962
PRUNED 184881256
PRUNED 187910013
20
0 862.509
712.592 924.837 906.133 -197.159
-275.363 738.739 -224.224 964.034
7969339 708.087
-118.749 263.462 378.562 279.823
382.1 -49.552 -510.117 41.154
13637935 727.646
876.256 192.766 716.41 558.074
855.55 897.057 -144.533 -64.168
52817500 826.776
-142.025 716.251 -214.456 -375.867
831.518 521.972 664.123 591.778
77727603 954.236
97.059 -280.134 170.131 -566.101
-437.121 718.145 950.241 -966.183
83210387 716.054
90.182 -668.244 -457.081 836.058
-698.621 -508.77 -625.024 -485.234
85869236 671.855
834.774 967.492 -398.962 -724.894
-410.728 144.864 709.651 968.512
90738956 891.275
-909.983 266.433 -984.497 -639.407
766.829 -492.509 -781.674 804.377
102259411 698.113
48.227 268.559 549.524 877.438
-218.597 802.368 -231.625 -307.479
110939884 685.580
-459.563 -731.261 608.128 -274.04
262.523 923.668 -637.527 488.682
114918254 746.006
103.341 -658.446 -751.687 972.193
-416.965 -568.874 56.821 -879.227
120932289 679.646
77.716 876.371 -22.364 10.152
269.328 674.289 -428.849 -12.237
130771995 744.571
305.107 -66.082 -282.003 -600.502
214.004 -879.393 -751.847 641.559
136359344 712.659
-44.515 718.665 748.206 607.578
-929.508 -271.335 101.572 951.748
139946655 753.812
-388.955 923.494 -874.698 56.57
-800.549 600.558 -49.687 689.549
149494801 693.736
32.104 -826.817 567.779 -258.67
-309.535 58.556 526.537 -500.402
158198194 741.155
148.867 489.975 -360.947 -760.745
646.216 855.723 -80.66 -337.782
160030387 734.676
69.511 -926.405 209.451 -221.967
-348.341 621.63 587.063 691.325
161987607 796.972
-246.947 -37.341 -171.185 100.472
-577.234 -743.466 269.331 356.298
178988353 782.850
-71.94 -90.96 -622.588 600.805
304.997 -696.92 -341.738 36.654
PRUNED 188316833
PRUNED 190435564
PRUNED 193308670
PRUNED 85869236
PRUNED 200321569
PRUNED 120932289
20
0 862.509
712.592 924.837 906.133 -197.159
-275.363 738.739 -224.224 964.034
7969339 708.087
-118.749 263.462 378.562 279.823
382.1 -49.552 -510.117 41.154
13637935 727.646
876.256 192.766 716.41 558.074
855.55 897.057 -144.533 -64.168
52817500 826.776
-142.025 716.251 -214.456 -375.867
831.518 521.972 664.123 591.778
77727603 954.236
97.059 -280.134 170.131 -566.101
-437.121 718.145 950.241 -966.183
83210387 716.054
90.182 -668.244 -457.081 836.058
-698.621 -508.77 -625.024 -485.234
90738956 891.275
-909.983 266.433 -984.497 -639.407
766.829 -492.509 -781.674 804.377
102259411 698.113
48.227 268.559 549.524 877.438
-218.597 802.368 -231.625 -307.479
110939884 685.580
-459.563 -731.261 608.128 -274.04
262.523 923.668 -637.527 488.682
114918254 746.006
103.341 -658.446 -751.687 972.193
-416.965 -568.874 56.821 -879.227
130771995 744.571
305.107 -66.082 -282.003 -600.502
214.004 -879.393 -751.847 641.559
136359344 712.659
-44.515 718.665 748.206 607.578
-929.508 -271.335 101.572 951.748
139946655 753.812
-388.955 923.494 -874.698 56.57
-800.549 600.558 -49.687 689.549
149494801 693.736
32.104 -826.817 567.779 -258.67
-309.535 58.556 526.537 -500.402
158198194 741.155
148.867 489.975 -360.947 -760.745
646.216 855.723 -80.66 -337.782
160030387 734.676
69.511 -926.405 209.451 -221.967
-348.341 621.63 587.063 691.325
161987607 796.972
-246.947 -37.341 -171.185 100.472
-577.234 -743.466 269.331 356.298
178988353 782.850
-71.94 -90.96 -622.588 600.805
304.997 -696.92 -341.738 36.654
198289744 868.206
-88.149 -627.177 69.697 -798.542
349.315 -422.878 897.09 -217.087
201057894 717.435
-129.067 989.23 400.162 -244.834
-657.704 -609.053 -464.149 241.23
PRUNED 207124534
PRUNED 110939884
PRUNED 213467598
PRUNED 214982773
PRUNED 149494801
PRUNED 217961702
20
0 862.509
712.592 924.837 906.133 -197.159
-275.363 738.739 -224.224 964.034
7969339 708.087
-118.749 263.462 378.562 279.823
382.1 -49.552 -510.117 41.154
13637935 727.646
876.256 192.766 716.41 558.074
855.55 897.057 -144.533 -64.168
52817500 826.776
-142.025 716.251 -214.456 -375.867
831.518 521.972 664.123 591.778
77727603 954.236
97.059 -280.134 170.131 -566.101
-437.121 718.145 950.241 -966.183
83210387 716.054
90.182 -668.244 -457.081 836.058
-698.621 -508.77 -625.024 -485.234
90738956 891.275
-909.983 266.433 -984.497 -639.407
766.829 -492.509 -781.674 804.377
102259411 698.113
48.227 268.559 549.524 877.438
-218.597 802.368 -231.625 -307.479
114918254 746.006
103.341 -658.446 -751.687 972.193
-416.965 -568.874 56.821 -879.227
130771995 744.571
305.107 -66.082 -282.003 -600.502
214.004 -879.393 -751.847 641.559
136359344 712.659
-44.515 718.665 748.206 607.578
-929.508 -271.335 101.572 951.748
139946655 753.812
-388.955 923.494 -874.698 56.57
-800.549 600.558 -49.687 689.549
158198194 741.155
148.867 489.975 -360.947 -760.745
646.216 855.723 -80.66 -337.782
160030387 734.676
69.511 -926.405 209.451 -221.967
-348.341 621.63 587.063 691.325
161987607 796.972
-246.947 -37.341 -171.185 100.472
-577.234 -743.466 269.331 356.298
178988353 782.850
-71.94 -90.96 -622.588 600.805
304.997 -696.92 -341.738 36.654
198289744 868.206
-88.149 -627.177 69.697 -798.542
349.315 -422.878 897.09 -217.087
201057894 717.435
-129.067 989.23 400.162 -244.834
-657.704 -609.053 -464.149 241.23
209421464 779.079
-689.393 -590.305 -395.864 -282.214
-993.941 -653.141 569.068 -332.377
217684027 843.741
-130.627 -36.652 -55.252 -163.009
-35.216 -250.907 -982.699 -120.39
PRUNED 219190063
PRUNED 102259411
PRUNED 226528921
PRUNED 7969339
PRUNED 235205471
PRUNED 238680629
20
0 862.509
712.592 924.837 906.133 -197.159
-275.363 738.739 -224.224 964.034
13637935 727.646
876.256 192.766 716.41 558.074
855.55 897.057 -144.533 -64.168
52817500 826.776
-142.025 716.251 -214.456 -375.867
831.518 521.972 664.123 591.778
77727603 954.236
97.059 -280.134 170.131 -566.101
-437.121 718.145 950.241 -966.183
83210387 716.054
90.182 -668.244 -457.081 836.058
-698.621 -508.77 -625.024 -485.234
90738956 891.275
-909.983 266.433 -984.497 -639.407
766.829 -492.509 -781.674 804.377
114918254 746.006
103.341 -658.446 -751.687 972.193
-416.965 -568.874 56.821 -879.227
130771995 744.571
305.107 -66.082 -282.003 -600.502
214.004 -879.393 -751.847 641.559
136359344 712.659
-44.515 718.665 748.206 607.578
-929.508 -271.335 101.572 951.748
139946655 753.812
-388.955 923.494 -874.698 56.57
-800.549 600.558 -49.687 689.549
158198194 741.155
148.867 489.975 -360.947 -760.745
646.216 855.723 -80.66 -337.782
160030387 734.676
69.511 -926.405 209.451 -221.967
-348.341 621.63 587.063 691.325
161987607 796.972
-246.947 -37.341 -171.185 100.472
-577.234 -743.466 269.331 356.298
178988353 782.850
-71.94 -90.96 -622.588 600.805
304.997 -696.92 -341.738 36.654
198289744 868.206
-88.149 -627.177 69.697 -798.542
349.315 -422.878 897.09 -217.087
201057894 717.435
-129.067 989.23 400.162 -244.834
-657.704 -609.053 -464.149 241.23
209421464 779.079
-689.393 -590.305 -395.864 -282.214
-993.941 -653.141 569.068 -332.377
217684027 843.741
-130.627 -36.652 -55.252 -163.009
-35.216 -250.907 -982.699 -120.39
219481491 846.124
544.2 539.602 -250.67 -373.121
-112.03 -864.821 -283.058 -528.958
233654141 882.218
-984.784 -523.461 997.841 705.917
825.901 52.398 -493.737 -255.785
PRUNED 136359344
PRUNED 241413701
PRUNED 83210387
PRUNED 253407751
PRUNED 201057894
PRUNED 13637935
20
0 862.509
712.592 924.837 906.133 -197.159
-275.363 738.739 -224.224 964.034
52817500 826.776
-142.025 716.251 -214.456 -375.867
831.518 521.972 664.123 591.778
77727603 954.236
97.059 -280.134 170.131 -566.101
-437.121 718.145 950.241 -966.183
90738956 891.275
-909.983 266.433 -984.497 -639.407
766.829 -492.509 -781.674 804.377
114918254 746.006
103.341 -658.446 -751.687 972.193
-416.965 -568.874 56.821 -879.227
130771995 744.571
305.107 -66.082 -282.003 -600.502
214.004 -879.393 -751.847 641.559
139946655 753.812
-388.955 923.494 -874.698 56.57
-800.549 600.558 -49.687 689.549
158198194 741.155
148.867 489.975 -360.947 -760.745
646.216 855.723 -80.66 -337.782
160030387 734.676
69.511 -926.405 209.451 -221.967
-348.341 621.63 587.063 691.325
161987607 796.972
-246.947 -37.341 -171.185 100.472
-577.234 -743.466 269.331 356.298
178988353 782.850
-71.94 -90.96 -622.588 600.805
304.997 -696.92 -341.738 36.654
198289744 868.206
-88.149 -627.177 69.697 -798.542
349.315 -422.878 897.09 -217.087
209421464 779.079
-689.393 -590.305 -395.864 -282.214
-993.941 -653.141 569.068 -332.377
217684027 843.741
-130.627 -36.652 -55.252 -163.009
-35.216 -250.907 -982.699 -120.39
219481491 846.124
544.2 539.602 -250.67 -373.121
-112.03 -864.821 -283.058 -528.958
233654141 882.218
-984.784 -523.461 997.841 705.917
825.901 52.398 -493.737 -255.785
240405501 858.126
-474.02 395.894 606.795 975.53
-304.382 95.647 709.715 390.649
246804405 756.485
641.267 868.213 22.057 -538.682
80.637 -66.128 506.352 -491.596
256834593 866.843
467.258 -332.697 697.406 -128.969
398.187 285.85 708.724 -338.181
261088695 763.539
-569.698 -895.263 -108.861 260.435
327.881 -60.296 326.994 -348.26
PRUNED 160030387
PRUNED 158198194
PRUNED 130771995
PRUNED 272920836
PRUNED 114918254
PRUNED 282646551
20
0 862.509
712.592 924.837 906.133 -197.159
-275.363 738.739 -224.224 964.034
52817500 826.776
-142.025 716.251 -214.456 -375.867
831.518 521.972 664.123 591.778
77727603 954.236
97.059 -280.134 170.131 -566.101
-437.121 718.145 950.241 -966.183
90738956 891.275
-909.983 266.433 -984.497 -639.407
766.829 -492.509 -781.674 804.377
139946655 753.812
-388.955 923.494 -874.698 56.57
-800.549 600.558 -49.687 689.549
161987607 796.972
-246.947 -37.341 -171.185 100.472
-577.234 -743.466 269.331 356.298
178988353 782.850
-71.94 -90.96 -622.588 600.805
304.997 -696.92 -341.738 36.654
198289744 868.206
-88.149 -627.177 69.697 -798.542
349.315 -422.878 897.09 -217.087
209421464 779.079
-689.393 -590.305 -395.864 -282.214
-993.941 -653.141 569.068 -332.377
217684027 843.741
-130.627 -36.652 -55.252 -163.009
-35.216 -250.907 -982.699 -120.39
219481491 846.124
544.2 539.602 -250.67 -373.121
-112.03 -864.821 -283.058 -528.958
233654141 882.218
-984.784 -523.461 997.841 705.917
825.901 52.398 -493.737 -255.785
240405501 858.126
-474.02 395.894 606.795 975.53
-304.382 95.647 709.715 390.649
246804405 756.485
641.267 868.213 22.057 -538.682
80.637 -66.128 506.352 -491.596
256834593 866.843
467.258 -332.697 697.406 -128.969
398.187 285.85 708.724 -338.181
261088695 763.539
-569.698 -895.263 -108.861 260.435
327.881 -60.296 326.994 -348.26
265526665 904.085
-824.177 590.926 460.32 959.543
395.142 506.079 -953.607 421.313
265627013 768.802
-81.939 -44.692 259.735 808.35
-820.402 -884.098 -828.434 100.053
268071173 936.886
573.444 -58.375 899.613 519.796
-899.041 -378.553 -952.78 -154.772
279798255 970.708
-480.559 813.297 -647.997 967.542
-27.738 -405.471 -902.383 -13.254
PRUNED 284667998
PRUNED 139946655
PRUNED 289388974
PRUNED 296708843
PRUNED 301988093
PRUNED 302435028
20
0 862.509
712.592 924.837 906.133 -197.159
-275.363 738.739 -224.224 964.034
52817500 826.776
-142.025 716.251 -214.456 -375.867
831.518 521.972 664.123 591.778
77727603 954.236
97.059 -280.134 170.131 -566.101
-437.121 718.145 950.241 -966.183
90738956 891.275
-909.983 266.433 -984.497 -639.407
766.829 -492.509 -781.674 804.377
161987607 796.972
-246.947 -37.341 -171.185 100.472
-577.234 -743.466 269.331 356.298
178988353 782.850
-71.94 -90.96 -622.588 600.805
304.997 -696.92 -341.738 36.654
198289744 868.206
-88.149 -627.177 69.697 -798.542
349.315 -422.878 897.09 -217.087
209421464 779.079
-689.393 -590.305 -395.864 -282.214
-993.941 -653.141 569.068 -332.377
217684027 843.741
-130.627 -36.652 -55.252 -163.009
-35.216 -250.907 -982.699 -120.39
219481491 846.124
544.2 539.602 -250.67 -373.121
-112.03 -864.821 -283.058 -528.958
233654141 882.218
-984.784 -523.461 997.841 705.917
825.901 52.398 -493.737 -255.785
240405501 858.126
-474.02 395.894 606.795 975.53
-304.382 95.647 709.715 390.649
246804405 756.485
641.267 868.213 22.057 -538.682
80.637 -66.128 506.352 -491.596
256834593 866.843
467.258 -332.697 697.406 -128.969
398.187 285.85 708.724 -338.181
261088695 763.539
-569.698 -895.263 -108.861 260.435
327.881 -60.296 326.994 -348.26
265526665 904.085
-824.177 590.926 460.32 959.543
395.142 506.079 -953.607 421.313
265627013 768.802
-81.939 -44.692 259.735 808.35
-820.402 -884.098 -828.434 100.053
268071173 936.886
573.444 -58.375 899.613 519.796
-899.041 -378.553 -952.78 -154.772
279798255 970.708
-480.559 813.297 -647.997 967.542
-27.738 -405.471 -902.383 -13.254
286652429 863.114
27.552 -801.476 -660.278 -352.991
-884.105 -699.557 -425.947 97.759
PRUNED 307280803
PRUNED 308815489
PRUNED 313326952
PRUNED 318523022
PRUNED 319893703
PRUNED 322210647
20
0 862.509
712.592 924.837 906.133 -197.159
-275.363 738.739 -224.224 964.034
52817500 826.776
-142.025 716.251 -214.456 -375.867
831.518 521.972 664.123 591.778
77727603 954.236
97.059 -280.134 170.131 -566.101
-437.121 718.145 950.241 -966.183
90738956 891.275
-909.983 266.433 -984.497 -639.407
766.829 -492.509 -781.674 804.377
161987607 796.972
-246.947 -37.341 -171.185 100.472
-577.234 -743.466 269.331 356.298
178988353 782.850
-71.94 -90.96 -622.588 600.805
304.997 -696.92 -341.738 36.654
198289744 868.206
-88.149 -627.177 69.697 -798.542
349.315 -422.878 897.09 -217.087
209421464 779.079
-689.393 -590.305 -395.864 -282.214
-993.941 -653.141 569.068 -332.377
217684027 843.741
-130.627 -36.652 -55.252 -163.009
-35.216 -250.907 -982.699 -120.39
219481491 846.124
544.2 539.602 -250.67 -373.121
-112.03 -864.821 -283.058 -528.958
233654141 882.218
-984.784 -523.461 997.841 705.917
825.901 52.398 -493.737 -255.785
240405501 858.126
-474.02 395.894 606.795 975.53
-304.382 95.647 709.715 390.649
246804405 756.485
641.267 868.213 22.057 -538.682
80.637 -66.128 506.352 -491.596
256834593 866.843
467.258 -332.697 697.406 -128.969
398.187 285.85 708.724 -338.181
261088695 763.539
-569.698 -895.263 -108.861 260.435
327.881 -60.296 326.994 -348.26
265526665 904.085
-824.177 590.926 460.32 959.543
395.142 506.079 -953.607 421.313
265627013 768.802
-81.939 -44.692 259.735 808.35
-820.402 -884.098 -828.434 100.053
268071173 936.886
573.444 -58.375 899.613 519.796
-899.041 -378.553 -952.78 -154.772
279798255 970.708
-480.559 813.297 -647.997 967.542
-27.738 -405.471 -902.383 -13.254
286652429 863.114
27.552 -801.476 -660.278 -352.991
-884.105 -699.557 -425.947 97.759
PRUNED 326772062
PRUNED 246804405
PRUNED 332677016
PRUNED 333067296
PRUNED 338516860
PRUNED 345396157
20
0 862.509
712.592 924.837 906.133 -197.159
-275.363 738.739 -224.224 964.034
52817500 826.776
-142.025 716.251 -214.456 -375.867
831.518 521.972 664.123 591.778
77727603 954.236
97.059 -280.134 170.131 -566.101
-437.121 718.145 950.241 -966.183
90738956 891.275
-909.983 266.433 -984.497 -639.407
766.829 -492.509 -781.674 804.377
161987607 796.972
-246.947 -37.341 -171.185 100.472
-577.234 -743.466 269.331 356.298
178988353 782.850
-71.94 -90.96 -622.588 600.805
304.997 -696.92 -341.738 36.654
198289744 868.206
-88.149 -627.177 69.697 -798.542
349.315 -422.878 897.09 -217.087
209421464 779.079
-689.393 -590.305 -395.864 -282.214
-993.941 -653.141 569.068 -332.377
217684027 843.741
-130.627 -36.652 -55.252 -163.009
-35.216 -250.907 -982.699 -120.39
219481491 846.124
544.2 539.602 -250.67 -373.121
-112.03 -864.821 -283.058 -528.958
233654141 882.218
-984.784 -523.461 997.841 705.917
825.901 52.398 -493.737 -255.785
240405501 858.126
-474.02 395.894 606.795 975.53
-304.382 95.647 709.715 390.649
256834593 866.843
467.258 -332.697 697.406 -128.969
398.187 285.85 708.724 -338.181
261088695 763.539
-569.698 -895.263 -108.861 260.435
327.881 -60.296 326.994 -348.26
265526665 904.085
-824.177 590.926 460.32 959.543
395.142 506.079 -953.607 421.313
265627013 768.802
-81.939 -44.692 259.735 808.35
-820.402 -884.098 -828.434 100.053
268071173 936.886
573.444 -58.375 899.613 519.796
-899.041 -378.553 -952.78 -154.772
279798255 970.708
-480.559 813.297 -647.997 967.542
-27.738 -405.471 -902.383 -13.254
286652429 863.114
27.552 -801.476 -660.278 -352.991
-884.105 -699.557 -425.947 97.759
327080534 777.853
834.271 -297.124 -812.557 -517.197
-750.061 -393.846 732.256 -620.75
PRUNED 347382046
PRUNED 349589970
PRUNED 350035809
PRUNED 350083835
PRUNED 355575522
PRUNED 361835597
20
0 862.509
712.592 924.837 906.133 -197.159
-275.363 738.739 -224.224 964.034
52817500 826.776
-142.025 716.251 -214.456 -375.867
831.518 521.972 664.123 591.778
77727603 954.236
97.059 -280.134 170.131 -566.101
-437.121 718.145 950.241 -966.183
90738956 891.275
-909.983 266.433 -984.497 -639.407
766.829 -492.509 -781.674 804.377
161987607 796.972
-246.947 -37.341 -171.185 100.472
-577.234 -743.466 269.331 356.298
178988353 782.850
-71.94 -90.96 -622.588 600.805
304.997 -696.92 -341.738 36.654
198289744 868.206
-88.149 -627.177 69.697 -798.542
349.315 -422.878 897.09 -217.087
209421464 779.079
-689.393 -590.305 -395.864 -282.214
-993.941 -653.141 569.068 -332.377
217684027 843.741
-130.627 -36.652 -55.252 -163.009
-35.216 -250.907 -982.699 -120.39
219481491 846.124
544.2 539.602 -250.67 -373.121
-112.03 -864.821 -283.058 -528.958
233654141 882.218
-984.784 -523.461 997.841 705.917
825.901 52.398 -493.737 -255.785
240405501 858.126
-474.02 395.894 606.795 975.53
-304.382 95.647 709.715 390.649
256834593 866.843
467.258 -332.697 697.406 -128.969
398.187 285.85 708.724 -338.181
261088695 763.539
-569.698 -895.263 -108.861 260.435
327.881 -60.296 326.994 -348.26
265526665 904.085
-824.177 590.926 460.32 959.543
395.142 506.079 -953.607 421.313
265627013 768.802
-81.939 -44.692 259.735 808.35
-820.402 -884.098 -828.434 100.053
268071173 936.886
573.444 -58.375 899.613 519.796
-899.041 -378.553 -952.78 -154.772
279798255 970.708
-480.559 813.297 -647.997 967.542
-27.738 -405.471 -902.383 -13.254
286652429 863.114
27.552 -801.476 -660.278 -352.991
-884.105 -699.557 -425.947 97.759
327080534 777.853
834.271 -297.124 -812.557 -517.197
-750.061 -393.846 732.256 -620.75
PRUNED 261088695
PRUNED 363997073
PRUNED 369530152
PRUNED 376827357
PRUNED 377535942
PRUNED 382177919
20
0 862.509
712.592 924.837 906.133 -197.159
-275.363 738.739 -224.224 964.034
52817500 826.776
-142.025 716.251 -214.456 -375.867
831.518 521.972 664.123 591.778
77727603 954.236
97.059 -280.134 170.131 -566.101
-437.121 718.145 950.241 -966.183
90738956 891.275
-909.983 266.433 -984.497 -639.407
766.829 -492.509 -781.674 804.377
161987607 796.972
-246.947 -37.341 -171.185 100.472
-577.234 -743.466 269.331 356.298
178988353 782.850
-71.94 -90.96 -622.588 600.805
304.997 -696.92 -341.738 36.654
198289744 868.206
-88.149 -627.177 69.697 -798.542
349.315 -422.878 897.09 -217.087
209421464 779.079
-689.393 -590.305 -395.864 -282.214
-993.941 -653.141 569.068 -332.377
217684027 843.741
-130.627 -36.652 -55.252 -163.009
-35.216 -250.907 -982.699 -120.39
219481491 846.124
544.2 539.602 -250.67 -373.121
-112.03 -864.821 -283.058 -528.958
233654141 882.218
-984.784 -523.461 997.841 705.917
825.901 52.398 -493.737 -255.785
240405501 858.126
-474.02 395.894 606.795 975.53
-304.382 95.647 709.715 390.649
256834593 866.843
467.258 -332.697 697.406 -128.969
398.187 285.85 708.724 -338.181
265526665 904.085
-824.177 590.926 460.32 959.543
395.142 506.079 -953.607 421.313
265627013 768.802
-81.939 -44.692 259.735 808.35
-820.402 -884.098 -828.434 100.053
268071173 936.886
573.444 -58.375 899.613 519.796
-899.041 -378.553 -952.78 -154.772
279798255 970.708
-480.559 813.297 -647.997 967.542
-27.738 -405.471 -902.383 -13.254
286652429 863.114
27.552 -801.476 -660.278 -352.991
-884.105 -699.557 -425.947 97.759
327080534 777.853
834.271 -297.124 -812.557 -517.197
-750.061 -393.846 732.256 -620.75
362509856 992.430
-37.236 -485.061 -831.965 206.359
982.88 -935.489 -896.659 142.284
PRUNED 384568010
PRUNED 265627013
PRUNED 388977099
PRUNED 391111998
PRUNED 393723599
PRUNED 327080534
20
0 862.509
712.592 924.837 906.133 -197.159
-275.363 738.739 -224.224 964.034
52817500 826.776
-142.025 716.251 -214.456 -375.867
831.518 521.972 664.123 591.778
77727603 954.236
97.059 -280.134 170.131 -566.101
-437.121 718.145 950.241 -966.183
90738956 891.275
-909.983 266.433 -984.497 -639.407
766.829 -492.509 -781.674 804.377
161987607 796.972
-246.947 -37.341 -171.185 100.472
-577.234 -743.466 269.331 356.298
178988353 782.850
-71.94 -90.96 -622.588 600.805
304.997 -696.92 -341.738 36.654
198289744 868.206
-88.149 -627.177 69.697 -798.542
349.315 -422.878 897.09 -217.087
209421464 779.079
-689.393 -590.305 -395.864 -282.214
-993.941 -653.141 569.068 -332.377
217684027 843.741
-130.627 -36.652 -55.252 -163.009
-35.216 -250.907 -982.699 -120.39
219481491 846.124
544.2 539.602 -250.67 -373.121
-112.03 -864.821 -283.058 -528.958
233654141 882.218
-984.784 -523.461 997.841 705.917
825.901 52.398 -493.737 -255.785
240405501 858.126
-474.02 395.894 606.795 975.53
-304.382 95.647 709.715 390.649
256834593 866.843
467.258 -332.697 697.406 -128.969
398.187 285.85 708.724 -338.181
265526665 904.085
-824.177 590.926 460.32 959.543
395.142 506.079 -953.607 421.313
268071173 936.886
573.444 -58.375 899.613 519.796
-899.041 -378.553 -952.78 -154.772
279798255 970.708
-480.559 813.297 -647.997 967.542
-27.738 -405.471 -902.383 -13.254
286652429 863.114
27.552 -801.476 -660.278 -352.991
-884.105 -699.557 -425.947 97.759
362509856 992.430
-37.236 -485.061 -831.965 206.359
982.88 -935.489 -896.659 142.284
388961529 966.813
-396.607 -260.472 635.079 -228.69
-566.605 -592.759 -924.742 -422.437
397298396 940.420
465.749 712.056 729.826 -83.733
386.692 -651.278 362.011 -955.719
PRUNED 209421464
PRUNED 410818848
PRUNED 178988353
PRUNED 416871521
PRUNED 417039372
PRUNED 420665814
20
0 862.509
712.592 924.837 906.133 -197.159
-275.363 738.739 -224.224 964.034
52817500 826.776
-142.025 716.251 -214.456 -375.867
831.518 521.972 664.123 591.778
77727603 954.236
97.059 -280.134 170.131 -566.101
-437.121 718.145 950.241 -966.183
90738956 891.275
-909.983 266.433 -984.497 -639.407
766.829 -492.509 -781.674 804.377
161987607 796.972
-246.947 -37.341 -171.185 100.472
-577.234 -743.466 269.331 356.298
198289744 868.206
-88.149 -627.177 69.697 -798.542
349.315 -422.878 897.09 -217.087
217684027 843.741
-130.627 -36.652 -55.252 -163.009
-35.216 -250.907 -982.699 -120.39
219481491 846.124
544.2 539.602 -250.67 -373.121
-112.03 -864.821 -283.058 -528.958
233654141 882.218
-984.784 -523.461 997.841 705.917
825.901 52.398 -493.737 -255.785
240405501 858.126
-474.02 395.894 606.795 975.53
-304.382 95.647 709.715 390.649
256834593 866.843
467.258 -332.697 697.406 -128.969
398.187 285.85 708.724 -338.181
265526665 904.085
-824.177 590.926 460.32 959.543
395.142 506.079 -953.607 421.313
268071173 936.886
573.444 -58.375 899.613 519.796
-899.041 -378.553 -952.78 -154.772
279798255 970.708
-480.559 813.297 -647.997 967.542
-27.738 -405.471 -902.383 -13.254
286652429 863.114
27.552 -801.476 -660.278 -352.991
-884.105 -699.557 -425.947 97.759
362509856 992.430
-37.236 -485.061 -831.965 206.359
982.88 -935.489 -896.659 142.284
388961529 966.813
-396.607 -260.472 635.079 -228.69
-566.605 -592.759 -924.742 -422.437
397298396 940.420
465.749 712.056 729.826 -83.733
386.692 -651.278 362.011 -955.719
403567598 948.916
577.523 -628.792 -570.134 350.26
332.912 -537.435 139.216 -682.925
412505747 818.497
-414.454 -900.49 -396.555 -937.357
-930.724 705.169 -856.292 -450.814
PRUNED 161987607
PRUNED 427111213
PRUNED 433205264
PRUNED 412505747
PRUNED 52817500
PRUNED 436056732
20
0 862.509
712.592 924.837 906.133 -197.159
-275.363 738.739 -224.224 964.034
77727603 954.236
97.059 -280.134 170.131 -566.101
-437.121 718.145 950.241 -966.183
90738956 891.275
-909.983 266.433 -984.497 -639.407
766.829 -492.509 -781.674 804.377
198289744 868.206
-88.149 -627.177 69.697 -798.542
349.315 -422.878 897.09 -217.087
217684027 843.741
-130.627 -36.652 -55.252 -163.009
-35.216 -250.907 -982.699 -120.39
219481491 846.124
544.2 539.602 -250.67 -373.121
-112.03 -864.821 -283.058 -528.958
233654141 882.218
-984.784 -523.461 997.841 705.917
825.901 52.398 -493.737 -255.785
240405501 858.126
-474.02 395.894 606.795 975.53
-304.382 95.647 709.715 390.649
256834593 866.843
467.258 -332.697 697.406 -128.969
398.187 285.85 708.724 -338.181
265526665 904.085
-824.177 590.926 460.32 959.543
395.142 506.079 -953.607 421.313
268071173 936.886
573.444 -58.375 899.613 519.796
-899.041 -378.553 -952.78 -154.772
279798255 970.708
-480.559 813.297 -647.997 967.542
-27.738 -405.471 -902.383 -13.254
286652429 863.114
27.552 -801.476 -660.278 -352.991
-884.105 -699.557 -425.947 97.759
362509856 992.430
-37.236 -485.061 -831.965 206.359
982.88 -935.489 -896.659 142.284
388961529 966.813
-396.607 -260.472 635.079 -228.69
-566.605 -592.759 -924.742 -422.437
397298396 940.420
465.749 712.056 729.826 -83.733
386.692 -651.278 362.011 -955.719
403567598 948.916
577.523 -628.792 -570.134 350.26
332.912 -537.435 139.216 -682.925
426527260 873.434
-830.986 -242.593 853.415 495.662
348.047 -867.958 -864.538 -3.401
433789124 855.885
-745.053 222.078 -459.258 -673.6
-655.24 261.32 403.406 -29.238
434847808 906.837
149.789 789.788 -491.475 -688.314
-286.825 -675.159 -635.416 -699.957
PRUNED 443437111
PRUNED 217684027
PRUNED 452173337
PRUNED 459855234
PRUNED 462231609
PRUNED 465106827
20
0 862.509
712.592 924.837 906.133 -197.159
-275.363 738.739 -224.224 964.034
77727603 954.236
97.059 -280.134 170.131 -566.101
-437.121 718.145 950.241 -966.183
90738956 891.275
-909.983 266.433 -984.497 -639.407
766.829 -492.509 -781.674 804.377
198289744 868.206
-88.149 -627.177 69.697 -798.542
349.315 -422.878 897.09 -217.087
219481491 846.124
544.2 539.602 -250.67 -373.121
-112.03 -864.821 -283.058 -528.958
233654141 882.218
-984.784 -523.461 997.841 705.917
825.901 52.398 -493.737 -255.785
240405501 858.126
-474.02 395.894 606.795 975.53
-304.382 95.647 709.715 390.649
256834593 866.843
467.258 -332.697 697.406 -128.969
398.187 285.85 708.724 -338.181
265526665 904.085
-824.177 590.926 460.32 959.543
395.142 506.079 -953.607 421.313
268071173 936.886
573.444 -58.375 899.613 519.796
-899.041 -378.553 -952.78 -154.772
279798255 970.708
-480.559 813.297 -647.997 967.542
-27.738 -405.471 -902.383 -13.254
286652429 863.114
27.552 -801.476 -660.278 -352.991
-884.105 -699.557 -425.947 97.759
362509856 992.430
-37.236 -485.061 -831.965 206.359
982.88 -935.489 -896.659 142.284
388961529 966.813
-396.607 -260.472 635.079 -228.69
-566.605 -592.759 -924.742 -422.437
397298396 940.420
465.749 712.056 729.826 -83.733
386.692 -651.278 362.011 -955.719
403567598 948.916
577.523 -628.792 -570.134 350.26
332.912 -537.435 139.216 -682.925
426527260 873.434
-830.986 -242.593 853.415 495.662
348.047 -867.958 -864.538 -3.401
433789124 855.885
-745.053 222.078 -459.258 -673.6
-655.24 261.32 403.406 -29.238
434847808 906.837
149.789 789.788 -491.475 -688.314
-286.825 -675.159 -635.416 -699.957
444087362 888.630
578.746 -395.174 109.22 84.844
481.61 761.086 -118.543 -917.067
PRUNED 468465233
PRUNED 469950019
PRUNED 219481491
PRUNED 480975644
PRUNED 487074968
PRUNED 495110257
20
0 862.509
712.592 924.837 906.133 -197.159
-275.363 738.739 -224.224 964.034
77727603 954.236
97.059 -280.134 170.131 -566.101
-437.121 718.145 950.241 -966.183
90738956 891.275
-909.983 266.433 -984.497 -639.407
766.829 -492.509 -781.674 804.377
198289744 868.206
-88.149 -627.177 69.697 -798.542
349.315 -422.878 897.09 -217.087
233654141 882.218
-984.784 -523.461 997.841 705.917
825.901 52.398 -493.737 -255.785
240405501 858.126
-474.02 395.894 606.795 975.53
-304.382 95.647 709.715 390.649
256834593 866.843
467.258 -332.697 697.406 -128.969
398.187 285.85 708.724 -338.181
265526665 904.085
-824.177 590.926 460.32 959.543
395.142 506.079 -953.607 421.313
268071173 936.886
573.444 -58.375 899.613 519.796
-899.041 -378.553 -952.78 -154.772
279798255 970.708
-480.559 813.297 -647.997 967.542
-27.738 -405.471 -902.383 -13.254
286652429 863.114
27.552 -801.476 -660.278 -352.991
-884.105 -699.557 -425.947 97.759
362509856 992.430
-37.236 -485.061 -831.965 206.359
982.88 -935.489 -896.659 142.284
388961529 966.813
-396.607 -260.472 635.079 -228.69
-566.605 -592.759 -924.742 -422.437
397298396 940.420
465.749 712.056 729.826 -83.733
386.692 -651.278 362.011 -955.719
403567598 948.916
577.523 -628.792 -570.134 350.26
332.912 -537.435 139.216 -682.925
426527260 873.434
-830.986 -242.593 853.415 495.662
348.047 -867.958 -864.538 -3.401
433789124 855.885
-745.053 222.078 -459.258 -673.6
-655.24 261.32 403.406 -29.238
434847808 906.837
149.789 789.788 -491.475 -688.314
-286.825 -675.159 -635.416 -699.957
444087362 888.630
578.746 -395.174 109.22 84.844
481.61 761.086 -118.543 -917.067
473587694 873.721
96.928 -159.225 856.019 498.933
145.396 507.222 876.872 697.83
PRUNED 496803117
PRUNED 500406115
PRUNED 507934316
PRUNED 510768992
PRUNED 518723159
PRUNED 520917336
20
0 862.509
712.592 924.837 906.133 -197.159
-275.363 738.739 -224.224 964.034
77727603 954.236
97.059 -280.134 170.131 -566.101
-437.121 718.145 950.241 -966.183
90738956 891.275
-909.983 266.433 -984.497 -639.407
766.829 -492.509 -781.674 804.377
198289744 868.206
-88.149 -627.177 69.697 -798.542
349.315 -422.878 897.09 -217.087
233654141 882.218
-984.784 -523.461 997.841 705.917
825.901 52.398 -493.737 -255.785
240405501 858.126
-474.02 395.894 606.795 975.53
-304.382 95.647 709.715 390.649
256834593 866.843
467.258 -332.697 697.406 -128.969
398.187 285.85 708.724 -338.181
265526665 904.085
-824.177 590.926 460.32 959.543
395.142 506.079 -953.607 421.313
268071173 936.886
573.444 -58.375 899.613 519.796
-899.041 -378.553 -952.78 -154.772
279798255 970.708
-480.559 813.297 -647.997 967.542
-27.738 -405.471 -902.383 -13.254
286652429 863.114
27.552 -801.476 -660.278 -352.991
-884.105 -699.557 -425.947 97.759
362509856 992.430
-37.236 -485.061 -831.965 206.359
982.88 -935.489 -896.659 142.284
388961529 966.813
-396.607 -260.472 635.079 -228.69
-566.605 -592.759 -924.742 -422.437
397298396 940.420
465.749 712.056 729.826 -83.733
386.692 -651.278 362.011 -955.719
403567598 948.916
577.523 -628.792 -570.134 350.26
332.912 -537.435 139.216 -682.925
426527260 873.434
-830.986 -242.593 853.415 495.662
348.047 -867.958 -864.538 -3.401
433789124 855.885
-745.053 222.078 -459.258 -673.6
-655.24 261.32 403.406 -29.238
434847808 906.837
149.789 789.788 -491.475 -688.314
-286.825 -675.159 -635.416 -699.957
444087362 888.630
578.746 -395.174 109.22 84.844
481.61 761.086 -118.543 -917.067
473587694 873.721
96.928 -159.225 856.019 498.933
145.396 507.222 876.872 697.83
PRUNED 528850864
PRUNED 531829976
PRUNED 533021697
PRUNED 533045765
PRUNED 538946764
PRUNED 539989447
20
0 862.509
712.592 924.837 906.133 -197.159
-275.363 738.739 -224.224 964.034
77727603 954.236
97.059 -280.134 170.131 -566.101
-437.121 718.145 950.241 -966.183
90738956 891.275
-909.983 266.433 -984.497 -639.407
766.829 -492.509 -781.674 804.377
198289744 868.206
-88.149 -627.177 69.697 -798.542
349.315 -422.878 897.09 -217.087
233654141 882.218
-984.784 -523.461 997.841 705.917
825.901 52.398 -493.737 -255.785
240405501 858.126
-474.02 395.894 606.795 975.53
-304.382 95.647 709.715 390.649
256834593 866.843
467.258 -332.697 697.406 -128.969
398.187 285.85 708.724 -338.181
265526665 904.085
-824.177 590.926 460.32 959.543
395.142 506.079 -953.607 421.313
268071173 936.886
573.444 -58.375 899.613 519.796
-899.041 -378.553 -952.78 -154.772
279798255 970.708
-480.559 813.297 -647.997 967.542
-27.738 -405.471 -902.383 -13.254
286652429 863.114
27.552 -801.476 -660.278 -352.991
-884.105 -699.557 -425.947 97.759
362509856 992.430
-37.236 -485.061 -831.965 206.359
982.88 -935.489 -896.659 142.284
388961529 966.813
-396.607 -260.472 635.079 -228.69
-566.605 -592.759 -924.742 -422.437
397298396 940.420
465.749 712.056 729.826 -83.733
386.692 -651.278 362.011 -955.719
403567598 948.916
577.523 -628.792 -570.134 350.26
332.912 -537.435 139.216 -682.925
426527260 873.434
-830.986 -242.593 853.415 495.662
348.047 -867.958 -864.538 -3.401
433789124 855.885
-745.053 222.078 -459.258 -673.6
-655.24 261.32 403.406 -29.238
434847808 906.837
149.789 789.788 -491.475 -688.314
-286.825 -675.159 -635.416 -699.957
444087362 888.630
578.746 -395.174 109.22 84.844
481.61 761.086 -118.543 -917.067
473587694 873.721
96.928 -159.225 856.019 498.933
145.396 507.222 876.872 697.83
PRUNED 542380743
PRUNED 546745212
PRUNED 554460786
PRUNED 560752930
PRUNED 568797187
PRUNED 572052892
20
0 862.509
712.592 924.837 906.133 -197.159
-275.363 738.739 -224.224 964.034
77727603 954.236
97.059 -280.134 170.131 -566.101
-437.121 718.145 950.241 -966.183
90738956 891.275
-909.983 266.433 -984.497 -639.407
766.829 -492.509 -781.674 804.377
198289744 868.206
-88.149 -627.177 69.697 -798.542
349.315 -422.878 897.09 -217.087
233654141 882.218
-984.784 -523.461 997.841 705.917
825.901 52.398 -493.737 -255.785
240405501 858.126
-474.02 395.894 606.795 975.53
-304.382 95.647 709.715 390.649
256834593 866.843
467.258 -332.697 697.406 -128.969
398.187 285.85 708.724 -338.181
265526665 904.085
-824.177 590.926 460.32 959.543
395.142 506.079 -953.607 421.313
268071173 936.886
573.444 -58.375 899.613 519.796
-899.041 -378.553 -952.78 -154.772
279798255 970.708
-480.559 813.297 -647.997 967.542
-27.738 -405.471 -902.383 -13.254
286652429 863.114
27.552 -801.476 -660.278 -352.991
-884.105 -699.557 -425.947 97.759
362509856 992.430
-37.236 -485.061 -831.965 206.359
982.88 -935.489 -896.659 142.284
388961529 966.813
-396.607 -260.472 635.079 -228.69
-566.605 -592.759 -924.742 -422.437
397298396 940.420
465.749 712.056 729.826 -83.733
386.692 -651.278 362.011 -955.719
403567598 948.916
577.523 -628.792 -570.134 350.26
332.912 -537.435 139.216 -682.925
426527260 873.434
-830.986 -242.593 853.415 495.662
348.047 -867.958 -864.538 -3.401
433789124 855.885
-745.053 222.078 -459.258 -673.6
-655.24 261.32 403.406 -29.238
434847808 906.837
149.789 789.788 -491.475 -688.314
-286.825 -675.159 -635.416 -699.957
444087362 888.630
578.746 -395.174 109.22 84.844
481.61 761.086 -118.543 -917.067
473587694 873.721
96.928 -159.225 856.019 498.933
145.396 507.222 876.872 697.83
PRUNED 578991039
PRUNED 581426904
PRUNED 585116044
PRUNED 587447537
PRUNED 590976485
PRUNED 593159228
20
0 862.509
712.592 924.837 906.133 -197.159
-275.363 738.739 -224.224 964.034
77727603 954.236
97.059 -280.134 170.131 -566.101
-437.121 718.145 950.241 -966.183
90738956 891.275
-909.983 266.433 -984.497 -639.407
766.829 -492.509 -781.674 804.377
198289744 868.206
-88.149 -627.177 69.697 -798.542
349.315 -422.878 897.09 -217.087
233654141 882.218
-984.784 -523.461 997.841 705.917
825.901 52.398 -493.737 -255.785
240405501 858.126
-474.02 395.894 606.795 975.53
-304.382 95.647 709.715 390.649
256834593 866.843
467.258 -332.697 697.406 -128.969
398.187 285.85 708.724 -338.181
265526665 904.085
-824.177 590.926 460.32 959.543
395.142 506.079 -953.607 421.313
268071173 936.886
573.444 -58.375 899.613 519.796
-899.041 -378.553 -952.78 -154.772
279798255 970.708
-480.559 813.297 -647.997 967.542
-27.738 -405.471 -902.383 -13.254
286652429 863.114
27.552 -801.476 -660.278 -352.991
-884.105 -699.557 -425.947 97.759
362509856 992.430
-37.236 -485.061 -831.965 206.359
982.88 -935.489 -896.659 142.284
388961529 966.813
-396.607 -260.472 635.079 -228.69
-566.605 -592.759 -924.742 -422.437
397298396 940.420
465.749 712.056 729.826 -83.733
386.692 -651.278 362.011 -955.719
403567598 948.916
577.523 -628.792 -570.134 350.26
332.912 -537.435 139.216 -682.925
426527260 873.434
-830.986 -242.593 853.415 495.662
348.047 -867.958 -864.538 -3.401
433789124 855.885
-745.053 222.078 -459.258 -673.6
-655.24 261.32 403.406 -29.238
434847808 906.837
149.789 789.788 -491.475 -688.314
-286.825 -675.159 -635.416 -699.957
444087362 888.630
578.746 -395.174 109.22 84.844
481.61 761.086 -118.543 -917.067
473587694 873.721
96.928 -159.225 856.019 498.933
145.396 507.222 876.872 697.83
PRUNED 597871083
PRUNED 605326443
PRUNED 433789124
PRUNED 615174732
PRUNED 240405501
PRUNED 624093106
20
0 862.509
712.592 924.837 906.133 -197.159
-275.363 738.739 -224.224 964.034
77727603 954.236
97.059 -280.134 170.131 -566.101
-437.121 718.145 950.241 -966.183
90738956 891.275
-909.983 266.433 -984.497 -639.407
766.829 -492.509 -781.674 804.377
198289744 868.206
-88.149 -627.177 69.697 -798.542
349.315 -422.878 897.09 -217.087
233654141 882.218
-984.784 -523.461 997.841 705.917
825.901 52.398 -493.737 -255.785
256834593 866.843
467.258 -332.697 697.406 -128.969
398.187 285.85 708.724 -338.181
265526665 904.085
-824.177 590.926 460.32 959.543
395.142 506.079 -953.607 421.313
268071173 936.886
573.444 -58.375 899.613 519.796
-899.041 -378.553 -952.78 -154.772
279798255 970.708
-480.559 813.297 -647.997 967.542
-27.738 -405.471 -902.383 -13.254
286652429 863.114
27.552 -801.476 -660.278 -352.991
-884.105 -699.557 -425.947 97.759
362509856 992.430
-37.236 -485.061 -831.965 206.359
982.88 -935.489 -896.659 142.284
388961529 966.813
-396.607 -260.472 635.079 -228.69
-566.605 -592.759 -924.742 -422.437
397298396 940.420
465.749 712.056 729.826 -83.733
386.692 -651.278 362.011 -955.719
403567598 948.916
577.523 -628.792 -570.134 350.26
332.912 -537.435 139.216 -682.925
426527260 873.434
-830.986 -242.593 853.415 495.662
348.047 -867.958 -864.538 -3.401
434847808 906.837
149.789 789.788 -491.475 -688.314
-286.825 -675.159 -635.416 -699.957
444087362 888.630
578.746 -395.174 109.22 84.844
481.61 761.086 -118.543 -917.067
473587694 873.721
96.928 -159.225 856.019 498.933
145.396 507.222 876.872 697.83
611724300 999.352
89.857 -372.244 -12.822 -730.928
197.913 -213.657 118.323 -59.504
616360720 902.519
-825.751 -608.646 873.933 319.524
477.352 -523.176 -232.082 992.462
PRUNED 632105059
PRUNED 0
PRUNED 638759457
PRUNED 642549085
PRUNED 646704836
PRUNED 650234654
20
77727603 954.236
97.059 -280.134 170.131 -566.101
-437.121 718.145 950.241 -966.183
90738956 891.275
-909.983 266.433 -984.497 -639.407
766.829 -492.509 -781.674 804.377
198289744 868.206
-88.149 -627.177 69.697 -798.542
349.315 -422.878 897.09 -217.087
233654141 882.218
-984.784 -523.461 997.841 705.917
825.901 52.398 -493.737 -255.785
256834593 866.843
467.258 -332.697 697.406 -128.969
398.187 285.85 708.724 -338.181
265526665 904.085
-824.177 590.926 460.32 959.543
395.142 506.079 -953.607 421.313
268071173 936.886
573.444 -58.375 899.613 519.796
-899.041 -378.553 -952.78 -154.772
279798255 970.708
-480.559 813.297 -647.997 967.542
-27.738 -405.471 -902.383 -13.254
286652429 863.114
27.552 -801.476 -660.278 -352.991
-884.105 -699.557 -425.947 97.759
362509856 992.430
-37.236 -485.061 -831.965 206.359
982.88 -935.489 -896.659 142.284
388961529 966.813
-396.607 -260.472 635.079 -228.69
-566.605 -592.759 -924.742 -422.437
397298396 940.420
465.749 712.056 729.826 -83.733
386.692 -651.278 362.011 -955.719
403567598 948.916
577.523 -628.792 -570.134 350.26
332.912 -537.435 139.216 -682.925
426527260 873.434
-830.986 -242.593 853.415 495.662
348.047 -867.958 -864.538 -3.401
434847808 906.837
149.789 789.788 -491.475 -688.314
-286.825 -675.159 -635.416 -699.957
444087362 888.630
578.746 -395.174 109.22 84.844
481.61 761.086 -118.543 -917.067
473587694 873.721
96.928 -159.225 856.019 498.933
145.396 507.222 876.872 697.83
611724300 999.352
89.857 -372.244 -12.822 -730.928
197.913 -213.657 118.323 -59.504
616360720 902.519
-825.751 -608.646 873.933 319.524
477.352 -523.176 -232.082 992.462
637054784 883.410
-658.583 771.166 -119.354 -613.164
390.35 -277.717 455.29 269.526
PRUNED 657041525
PRUNED 663643490
PRUNED 668948234
PRUNED 672643592
PRUNED 675454049
PRUNED 675771108
20
77727603 954.236
97.059 -280.134 170.131 -566.101
-437.121 718.145 950.241 -966.183
90738956 891.275
-909.983 266.433 -984.497 -639.407
766.829 -492.509 -781.674 804.377
198289744 868.206
-88.149 -627.177 69.697 -798.542
349.315 -422.878 897.09 -217.087
233654141 882.218
-984.784 -523.461 997.841 705.917
825.901 52.398 -493.737 -255.785
256834593 866.843
467.258 -332.697 697.406 -128.969
398.187 285.85 708.724 -338.181
265526665 904.085
-824.177 590.926 460.32 959.543
395.142 506.079 -953.607 421.313
268071173 936.886
573.444 -58.375 899.613 519.796
-899.041 -378.553 -952.78 -154.772
279798255 970.708
-480.559 813.297 -647.997 967.542
-27.738 -405.471 -902.383 -13.254
286652429 863.114
27.552 -801.476 -660.278 -352.991
-884.105 -699.557 -425.947 97.759
362509856 992.430
-37.236 -485.061 -831.965 206.359
982.88 -935.489 -896.659 142.284
388961529 966.813
-396.607 -260.472 635.079 -228.69
-566.605 -592.759 -924.742 -422.437
397298396 940.420
465.749 712.056 729.826 -83.733
386.692 -651.278 362.011 -955.719
403567598 948.916
577.523 -628.792 -570.134 350.26
332.912 -537.435 139.216 -682.925
426527260 873.434
-830.986 -242.593 853.415 495.662
348.047 -867.958 -864.538 -3.401
434847808 906.837
149.789 789.788 -491.475 -688.314
-286.825 -675.159 -635.416 -699.957
444087362 888.630
578.746 -395.174 109.22 84.844
481.61 761.086 -118.543 -917.067
473587694 873.721
96.928 -159.225 856.019 498.933
145.396 507.222 876.872 697.83
611724300 999.352
89.857 -372.244 -12.822 -730.928
197.913 -213.657 118.323 -59.504
616360720 902.519
-825.751 -608.646 873.933 319.524
477.352 -523.176 -232.082 992.462
637054784 883.410
-658.583 771.166 -119.354 -613.164
390.35 -277.717 455.29 269.526
PRUNED 286652429
PRUNED 256834593
PRUNED 198289744
PRUNED 696824999
PRUNED 426527260
PRUNED 706914616
20
77727603 954.236
97.059 -280.134 170.131 -566.101
-437.121 718.145 950.241 -966.183
90738956 891.275
-909.983 266.433 -984.497 -639.407
766.829 -492.509 -781.674 804.377
233654141 882.218
-984.784 -523.461 997.841 705.917
825.901 52.398 -493.737 -255.785
265526665 904.085
-824.177 590.926 460.32 959.543
395.142 506.079 -953.607 421.313
268071173 936.886
573.444 -58.375 899.613 519.796
-899.041 -378.553 -952.78 -154.772
279798255 970.708
-480.559 813.297 -647.997 967.542
-27.738 -405.471 -902.383 -13.254
362509856 992.430
-37.236 -485.061 -831.965 206.359
982.88 -935.489 -896.659 142.284
388961529 966.813
-396.607 -260.472 635.079 -228.69
-566.605 -592.759 -924.742 -422.437
397298396 940.420
465.749 712.056 729.826 -83.733
386.692 -651.278 362.011 -955.719
403567598 948.916
577.523 -628.792 -570.134 350.26
332.912 -537.435 139.216 -682.925
434847808 906.837
149.789 789.788 -491.475 -688.314
-286.825 -675.159 -635.416 -699.957
444087362 888.630
578.746 -395.174 109.22 84.844
481.61 761.086 -118.543 -917.067
473587694 873.721
96.928 -159.225 856.019 498.933
145.396 507.222 876.872 697.83
611724300 999.352
89.857 -372.244 -12.822 -730.928
197.913 -213.657 118.323 -59.504
616360720 902.519
-825.751 -608.646 873.933 319.524
477.352 -523.176 -232.082 992.462
637054784 883.410
-658.583 771.166 -119.354 -613.164
390.35 -277.717 455.29 269.526
681327509 927.236
941.618 756.417 950.678 325.091
307.254 458.531 364.45 -829.94
688417268 903.057
-633.858 641.489 -781.974 -67.608
-200.845 -96.776 -426.735 409.556
691222170 910.418
979.508 -934.287 421.831 -854.405
698.633 838.771 -424.344 290.938
701442596 981.673
-999.526 363.682 -401.409 556.931
802.589 102.433 322.946 610.072
PRUNED 708850646
PRUNED 473587694
PRUNED 721714692
PRUNED 728504276
PRUNED 736690840
PRUNED 233654141
20
77727603 954.236
97.059 -280.134 170.131 -566.101
-437.121 718.145 950.241 -966.183
90738956 891.275
-909.983 266.433 -984.497 -639.407
766.829 -492.509 -781.674 804.377
265526665 904.085
-824.177 590.926 460.32 959.543
395.142 506.079 -953.607 421.313
268071173 936.886
573.444 -58.375 899.613 519.796
-899.041 -378.553 -952.78 -154.772
279798255 970.708
-480.559 813.297 -647.997 967.542
-27.738 -405.471 -902.383 -13.254
362509856 992.430
-37.236 -485.061 -831.965 206.359
982.88 -935.489 -896.659 142.284
388961529 966.813
-396.607 -260.472 635.079 -228.69
-566.605 -592.759 -924.742 -422.437
397298396 940.420
465.749 712.056 729.826 -83.733
386.692 -651.278 362.011 -955.719
403567598 948.916
577.523 -628.792 -570.134 350.26
332.912 -537.435 139.216 -682.925
434847808 906.837
149.789 789.788 -491.475 -688.314
-286.825 -675.159 -635.416 -699.957
444087362 888.630
578.746 -395.174 109.22 84.844
481.61 761.086 -118.543 -917.067
611724300 999.352
89.857 -372.244 -12.822 -730.928
197.913 -213.657 118.323 -59.504
616360720 902.519
-825.751 -608.646 873.933 319.524
477.352 -523.176 -232.082 992.462
637054784 883.410
-658.583 771.166 -119.354 -613.164
390.35 -277.717 455.29 269.526
681327509 927.236
941.618 756.417 950.678 325.091
307.254 458.531 364.45 -829.94
688417268 903.057
-633.858 641.489 -781.974 -67.608
-200.845 -96.776 -426.735 409.556
691222170 910.418
979.508 -934.287 421.831 -854.405
698.633 838.771 -424.344 290.938
701442596 981.673
-999.526 363.682 -401.409 556.931
802.589 102.433 322.946 610.072
717016623 887.902
-733.68 481.843 -300.0 210.106
864.888 -778.006 426.033 414.439
744489022 960.653
940.499 473.74 -144.726 -67.677
-313.857 -219.201 -719.783 801.219
PRUNED 750658027
PRUNED 751986361
PRUNED 754145151
PRUNED 759176565
PRUNED 762153209
PRUNED 766436854
20
77727603 954.236
97.059 -280.134 170.131 -566.101
-437.121 718.145 950.241 -966.183
90738956 891.275
-909.983 266.433 -984.497 -639.407
766.829 -492.509 -781.674 804.377
265526665 904.085
-824.177 590.926 460.32 959.543
395.142 506.079 -953.607 421.313
268071173 936.886
573.444 -58.375 899.613 519.796
-899.041 -378.553 -952.78 -154.772
279798255 970.708
-480.559 813.297 -647.997 967.542
-27.738 -405.471 -902.383 -13.254
362509856 992.430
-37.236 -485.061 -831.965 206.359
982.88 -935.489 -896.659 142.284
388961529 966.813
-396.607 -260.472 635.079 -228.69
-566.605 -592.759 -924.742 -422.437
397298396 940.420
465.749 712.056 729.826 -83.733
386.692 -651.278 362.011 -955.719
403567598 948.916
577.523 -628.792 -570.134 350.26
332.912 -537.435 139.216 -682.925
434847808 906.837
149.789 789.788 -491.475 -688.314
-286.825 -675.159 -635.416 -699.957
444087362 888.630
578.746 -395.174 109.22 84.844
481.61 761.086 -118.543 -917.067
611724300 999.352
89.857 -372.244 -12.822 -730.928
197.913 -213.657 118.323 -59.504
616360720 902.519
-825.751 -608.646 873.933 319.524
477.352 -523.176 -232.082 992.462
637054784 883.410
-658.583 771.166 -119.354 -613.164
390.35 -277.717 455.29 269.526
681327509 927.236
941.618 756.417 950.678 325.091
307.254 458.531 364.45 -829.94
688417268 903.057
-633.858 641.489 -781.974 -67.608
-200.845 -96.776 -426.735 409.556
691222170 910.418
979.508 -934.287 421.831 -854.405
698.633 838.771 -424.344 290.938
701442596 981.673
-999.526 363.682 -401.409 556.931
802.589 102.433 322.946 610.072
717016623 887.902
-733.68 481.843 -300.0 210.106
864.888 -778.006 426.033 414.439
744489022 960.653
940.499 473.74 -144.726 -67.677
-313.857 -219.201 -719.783 801.219
PRUNED 774488872
PRUNED 782396157
PRUNED 788084566
PRUNED 791438829
PRUNED 792376463
PRUNED 794839627
20
77727603 954.236
97.059 -280.134 170.131 -566.101
-437.121 718.145 950.241 -966.183
90738956 891.275
-909.983 266.433 -984.497 -639.407
766.829 -492.509 -781.674 804.377
265526665 904.085
-824.177 590.926 460.32 959.543
395.142 506.079 -953.607 421.313
268071173 936.886
573.444 -58.375 899.613 519.796
-899.041 -378.553 -952.78 -154.772
279798255 970.708
-480.559 813.297 -647.997 967.542
-27.738 -405.471 -902.383 -13.254
362509856 992.430
-37.236 -485.061 -831.965 206.359
982.88 -935.489 -896.659 142.284
388961529 966.813
-396.607 -260.472 635.079 -228.69
-566.605 -592.759 -924.742 -422.437
397298396 940.420
465.749 712.056 729.826 -83.733
386.692 -651.278 362.011 -955.719
403567598 948.916
577.523 -628.792 -570.134 350.26
332.912 -537.435 139.216 -682.925
434847808 906.837
149.789 789.788 -491.475 -688.314
-286.825 -675.159 -635.416 -699.957
444087362 888.630
578.746 -395.174 109.22 84.844
481.61 761.086 -118.543 -917.067
611724300 999.352
89.857 -372.244 -12.822 -730.928
197.913 -213.657 118.323 -59.504
616360720 902.519
-825.751 -608.646 873.933 319.524
477.352 -523.176 -232.082 992.462
637054784 883.410
-658.583 771.166 -119.354 -613.164
390.35 -277.717 455.29 269.526
681327509 927.236
941.618 756.417 950.678 325.091
307.254 458.531 364.45 -829.94
688417268 903.057
-633.858 641.489 -781.974 -67.608
-200.845 -96.776 -426.735 409.556
691222170 910.418
979.508 -934.287 421.831 -854.405
698.633 838.771 -424.344 290.938
701442596 981.673
-999.526 363.682 -401.409 556.931
802.589 102.433 322.946 610.072
717016623 887.902
-733.68 481.843 -300.0 210.106
864.888 -778.006 426.033 414.439
744489022 960.653
940.499 473.74 -144.726 -67.677
-313.857 -219.201 -719.783 801.219
PRUNED 802667403
PRUNED 805284382
PRUNED 812862640
PRUNED 813842041
PRUNED 814612634
PRUNED 821532599
20
77727603 954.236
97.059 -280.134 170.131 -566.101
-437.121 718.145 950.241 -966.183
90738956 891.275
-909.983 266.433 -984.497 -639.407
766.829 -492.509 -781.674 804.377
265526665 904.085
-824.177 590.926 460.32 959.543
395.142 506.079 -953.607 421.313
268071173 936.886
573.444 -58.375 899.613 519.796
-899.041 -378.553 -952.78 -154.772
279798255 970.708
-480.559 813.297 -647.997 967.542
-27.738 -405.471 -902.383 -13.254
362509856 992.430
-37.236 -485.061 -831.965 206.359
982.88 -935.489 -896.659 142.284
388961529 966.813
-396.607 -260.472 635.079 -228.69
-566.605 -592.759 -924.742 -422.437
397298396 940.420
465.749 712.056 729.826 -83.733
386.692 -651.278 362.011 -955.719
403567598 948.916
577.523 -628.792 -570.134 350.26
332.912 -537.435 139.216 -682.925
434847808 906.837
149.789 789.788 -491.475 -688.314
-286.825 -675.159 -635.416 -699.957
444087362 888.630
578.746 -395.174 109.22 84.844
481.61 761.086 -118.543 -917.067
611724300 999.352
89.857 -372.244 -12.822 -730.928
197.913 -213.657 118.323 -59.504
616360720 902.519
-825.751 -608.646 873.933 319.524
477.352 -523.176 -232.082 992.462
637054784 883.410
-658.583 771.166 -119.354 -613.164
390.35 -277.717 455.29 269.526
681327509 927.236
941.618 756.417 950.678 325.091
307.254 458.531 364.45 -829.94
688417268 903.057
-633.858 641.489 -781.974 -67.608
-200.845 -96.776 -426.735 409.556
691222170 910.418
979.508 -934.287 421.831 -854.405
698.633 838.771 -424.344 290.938
701442596 981.673
-999.526 363.682 -401.409 556.931
802.589 102.433 322.946 610.072
717016623 887.902
-733.68 481.843 -300.0 210.106
864.888 -778.006 426.033 414.439
744489022 960.653
940.499 473.74 -144.726 -67.677
-313.857 -219.201 -719.783 801.219
PRUNED 824417514
PRUNED 829835519
PRUNED 835821189
PRUNED 637054784
PRUNED 839669843
PRUNED 842545244
20
77727603 954.236
97.059 -280.134 170.131 -566.101
-437.121 718.145 950.241 -966.183
90738956 891.275
-909.983 266.433 -984.497 -639.407
766.829 -492.509 -781.674 804.377
265526665 904.085
-824.177 590.926 460.32 959.543
395.142 506.079 -953.607 421.313
268071173 936.886
573.444 -58.375 899.613 519.796
-899.041 -378.553 -952.78 -154.772
279798255 970.708
-480.559 813.297 -647.997 967.542
-27.738 -405.471 -902.383 -13.254
362509856 992.430
-37.236 -485.061 -831.965 206.359
982.88 -935.489 -896.659 142.284
388961529 966.813
-396.607 -260.472 635.079 -228.69
-566.605 -592.759 -924.742 -422.437
397298396 940.420
465.749 712.056 729.826 -83.733
386.692 -651.278 362.011 -955.719
403567598 948.916
577.523 -628.792 -570.134 350.26
332.912 -537.435 139.216 -682.925
434847808 906.837
149.789 789.788 -491.475 -688.314
-286.825 -675.159 -635.416 -699.957
444087362 888.630
578.746 -395.174 109.22 84.844
481.61 761.086 -118.543 -917.067
611724300 999.352
89.857 -372.244 -12.822 -730.928
197.913 -213.657 118.323 -59.504
616360720 902.519
-825.751 -608.646 873.933 319.524
477.352 -523.176 -232.082 992.462
681327509 927.236
941.618 756.417 950.678 325.091
307.254 458.531 364.45 -829.94
688417268 903.057
-633.858 641.489 -781.974 -67.608
-200.845 -96.776 -426.735 409.556
691222170 910.418
979.508 -934.287 421.831 -854.405
698.633 838.771 -424.344 290.938
701442596 981.673
-999.526 363.682 -401.409 556.931
802.589 102.433 322.946 610.072
717016623 887.902
-733.68 481.843 -300.0 210.106
864.888 -778.006 426.033 414.439
744489022 960.653
940.499 473.74 -144.726 -67.677
-313.857 -219.201 -719.783 801.219
836497183 933.962
-245.638 413.485 740.173 -427.329
-241.327 230.754 -888.958 -48.626
PRUNED 842705781
PRUNED 850293912
PRUNED 852912240
PRUNED 855621269
PRUNED 856515655
PRUNED 865240871
20
77727603 954.236
97.059 -280.134 170.131 -566.101
-437.121 718.145 950.241 -966.183
90738956 891.275
-909.983 266.433 -984.497 -639.407
766.829 -492.509 -781.674 804.377
265526665 904.085
-824.177 590.926 460.32 959.543
395.142 506.079 -953.607 421.313
268071173 936.886
573.444 -58.375 899.613 519.796
-899.041 -378.553 -952.78 -154.772
279798255 970.708
-480.559 813.297 -647.997 967.542
-27.738 -405.471 -902.383 -13.254
362509856 992.430
-37.236 -485.061 -831.965 206.359
982.88 -935.489 -896.659 142.284
388961529 966.813
-396.607 -260.472 635.079 -228.69
-566.605 -592.759 -924.742 -422.437
397298396 940.420
465.749 712.056 729.826 -83.733
386.692 -651.278 362.011 -955.719
403567598 948.916
577.523 -628.792 -570.134 350.26
332.912 -537.435 139.216 -682.925
434847808 906.837
149.789 789.788 -491.475 -688.314
-286.825 -675.159 -635.416 -699.957
444087362 888.630
578.746 -395.174 109.22 84.844
481.61 761.086 -118.543 -917.067
611724300 999.352
89.857 -372.244 -12.822 -730.928
197.913 -213.657 118.323 -59.504
616360720 902.519
-825.751 -608.646 873.933 319.524
477.352 -523.176 -232.082 992.462
681327509 927.236
941.618 756.417 950.678 325.091
307.254 458.531 364.45 -829.94
688417268 903.057
-633.858 641.489 -781.974 -67.608
-200.845 -96.776 -426.735 409.556
691222170 910.418
979.508 -934.287 421.831 -854.405
698.633 838.771 -424.344 290.938
701442596 981.673
-999.526 363.682 -401.409 556.931
802.589 102.433 322.946 610.072
717016623 887.902
-733.68 481.843 -300.0 210.106
864.888 -778.006 426.033 414.439
744489022 960.653
940.499 473.74 -144.726 -67.677
-313.857 -219.201 -719.783 801.219
836497183 933.962
-245.638 413.485 740.173 -427.329
-241.327 230.754 -888.958 -48.626
PRUNED 867477661
PRUNED 867786816
PRUNED 869013464
PRUNED 875443343
PRUNED 876840552
PRUNED 881135911
20
77727603 954.236
97.059 -280.134 170.131 -566.101
-437.121 718.145 950.241 -966.183
90738956 891.275
-909.983 266.433 -984.497 -639.407
766.829 -492.509 -781.674 804.377
265526665 904.085
-824.177 590.926 460.32 959.543
395.142 506.079 -953.607 421.313
268071173 936.886
573.444 -58.375 899.613 519.796
-899.041 -378.553 -952.78 -154.772
279798255 970.708
-480.559 813.297 -647.997 967.542
-27.738 -405.471 -902.383 -13.254
362509856 992.430
-37.236 -485.061 -831.965 206.359
982.88 -935.489 -896.659 142.284
388961529 966.813
-396.607 -260.472 635.079 -228.69
-566.605 -592.759 -924.742 -422.437
397298396 940.420
465.749 712.056 729.826 -83.733
386.692 -651.278 362.011 -955.719
403567598 948.916
577.523 -628.792 -570.134 350.26
332.912 -537.435 139.216 -682.925
434847808 906.837
149.789 789.788 -491.475 -688.314
-286.825 -675.159 -635.416 -699.957
444087362 888.630
578.746 -395.174 109.22 84.844
481.61 761.086 -118.543 -917.067
611724300 999.352
89.857 -372.244 -12.822 -730.928
197.913 -213.657 118.323 -59.504
616360720 902.519
-825.751 -608.646 873.933 319.524
477.352 -523.176 -232.082 992.462
681327509 927.236
941.618 756.417 950.678 325.091
307.254 458.531 364.45 -829.94
688417268 903.057
-633.858 641.489 -781.974 -67.608
-200.845 -96.776 -426.735 409.556
691222170 910.418
979.508 -934.287 421.831 -854.405
698.633 838.771 -424.344 290.938
701442596 981.673
-999.526 363.682 -401.409 556.931
802.589 102.433 322.946 610.072
717016623 887.902
-733.68 481.843 -300.0 210.106
864.888 -778.006 426.033 414.439
744489022 960.653
940.499 473.74 -144.726 -67.677
-313.857 -219.201 -719.783 801.219
836497183 933.962
-245.638 413.485 740.173 -427.329
-241.327 230.754 -888.958 -48.626
PRUNED 889766952
PRUNED 893116476
PRUNED 901042538
PRUNED 911881404
PRUNED 920402285
PRUNED 928062048
20
77727603 954.236
97.059 -280.134 170.131 -566.101
-437.121 718.145 950.241 -966.183
90738956 891.275
-909.983 266.433 -984.497 -639.407
766.829 -492.509 -781.674 804.377
265526665 904.085
-824.177 590.926 460.32 959.543
395.142 506.079 -953.607 421.313
268071173 936.886
573.444 -58.375 899.613 519.796
-899.041 -378.553 -952.78 -154.772
279798255 970.708
-480.559 813.297 -647.997 967.542
-27.738 -405.471 -902.383 -13.254
362509856 992.430
-37.236 -485.061 -831.965 206.359
982.88 -935.489 -896.659 142.284
388961529 966.813
-396.607 -260.472 635.079 -228.69
-566.605 -592.759 -924.742 -422.437
397298396 940.420
465.749 712.056 729.826 -83.733
386.692 -651.278 362.011 -955.719
403567598 948.916
577.523 -628.792 -570.134 350.26
332.912 -537.435 139.216 -682.925
434847808 906.837
149.789 789.788 -491.475 -688.314
-286.825 -675.159 -635.416 -699.957
444087362 888.630
578.746 -395.174 109.22 84.844
481.61 761.086 -118.543 -917.067
611724300 999.352
89.857 -372.244 -12.822 -730.928
197.913 -213.657 118.323 -59.504
616360720 902.519
-825.751 -608.646 873.933 319.524
477.352 -523.176 -232.082 992.462
681327509 927.236
941.618 756.417 950.678 325.091
307.254 458.531 364.45 -829.94
688417268 903.057
-633.858 641.489 -781.974 -67.608
-200.845 -96.776 -426.735 409.556
691222170 910.418
979.508 -934.287 421.831 -854.405
698.633 838.771 -424.344 290.938
701442596 981.673
-999.526 363.682 -401.409 556.931
802.589 102.433 322.946 610.072
717016623 887.902
-733.68 481.843 -300.0 210.106
864.888 -778.006 426.033 414.439
744489022 960.653
940.499 473.74 -144.726 -67.677
-313.857 -219.201 -719.783 801.219
836497183 933.962
-245.638 413.485 740.173 -427.329
-241.327 230.754 -888.958 -48.626
PRUNED 717016623
PRUNED 941076542
PRUNED 948352866
PRUNED 953601053
PRUNED 963825937
PRUNED 964964891
20
77727603 954.236
97.059 -280.134 170.131 -566.101
-437.121 718.145 950.241 -966.183
90738956 891.275
-909.983 266.433 -984.497 -639.407
766.829 -492.509 -781.674 804.377
265526665 904.085
-824.177 590.926 460.32 959.543
395.142 506.079 -953.607 421.313
268071173 936.886
573.444 -58.375 899.613 519.796
-899.041 -378.553 -952.78 -154.772
279798255 970.708
-480.559 813.297 -647.997 967.542
-27.738 -405.471 -902.383 -13.254
362509856 992.430
-37.236 -485.061 -831.965 206.359
982.88 -935.489 -896.659 142.284
388961529 966.813
-396.607 -260.472 635.079 -228.69
-566.605 -592.759 -924.742 -422.437
397298396 940.420
465.749 712.056 729.826 -83.733
386.692 -651.278 362.011 -955.719
403567598 948.916
577.523 -628.792 -570.134 350.26
332.912 -537.435 139.216 -682.925
434847808 906.837
149.789 789.788 -491.475 -688.314
-286.825 -675.159 -635.416 -699.957
444087362 888.630
578.746 -395.174 109.22 84.844
481.61 761.086 -118.543 -917.067
611724300 999.352
89.857 -372.244 -12.822 -730.928
197.913 -213.657 118.323 -59.504
616360720 902.519
-825.751 -608.646 873.933 319.524
477.352 -523.176 -232.082 992.462
681327509 927.236
941.618 756.417 950.678 325.091
307.254 458.531 364.45 -829.94
688417268 903.057
-633.858 641.489 -781.974 -67.608
-200.845 -96.776 -426.735 409.556
691222170 910.418
979.508 -934.287 421.831 -854.405
698.633 838.771 -424.344 290.938
701442596 981.673
-999.526 363.682 -401.409 556.931
802.589 102.433 322.946 610.072
744489022 960.653
940.499 473.74 -144.726 -67.677
-313.857 -219.201 -719.783 801.219
836497183 933.962
-245.638 413.485 740.173 -427.329
-241.327 230.754 -888.958 -48.626
932006299 926.082
368.555 -950.683 -195.544 129.646
596.13 795.486 970.538 777.267
PRUNED 973096030
PRUNED 978720230
PRUNED 981320298
PRUNED 990046348
PRUNED 992486193
PRUNED 996725002
