1+1+329+329+329+329+329+329+329+329+329+329+329+329+329+329+329+329+329+329+329+329+329+329+329+329+329+329+408+408
1+1+1+1+1+1+272+329+329+329+329+329+329+329+329+329+329+329+329+329+329+329+329+329+329+408+408+408
1+1+272+272+329+329+329+329+329+329+329+329+329+329+329+329+408+408+408+408+408+408+408+408+408+408+408+408
1+272+272+329+329+329+329+329+329+329+329+329+329+329+329+329+329+329+329+329+329+329+329+329+329+329+408+408
1+1+1+1+1+1+1+1+329+329+329+329+329+329+329+329+329+408+408+408+408
1+1+1+1+272+329+329+329+329+329+329+329+329+329+329+329+329+329+329+329+329+329+329+329+329+408
1+1+1+329+329+329+329+408+408
272+329+329+329+329+329+329+329+329+329+329+329+329+329+329+329+408+408+408+408+408+408+408
1+1+1+1+329+329+329+329+329+329+329+329+329+329+329+329
1+1+1+1+1+1+1+329+329+329+329+408+408+408+408+408+408+408+408+408
1+1+1+329+329+329+329+408
1+1+1+1+1+1+1+1+1+1+1+329+329+408+408+408+408+408+408+408
1+272+329+329+408+408+408+408
1+272+329+329+329+329+329+329+329+329+329+329+329+329+329+329+329+329+329+329+329+408+408+408+408+408+408+408+408+408+408
1+272+272+329+329+329+329+329+329+408+408+408+408+408+408+408+408+408+408+408+408+408+408+408+408
1+329+329+329+329+329+329+329+329+329+329+408+408+408+408+408+408+408+408+408
1+1+1+1+1+1+1+1+1+272+272+329+329+329
1+272+329+329+329+329+329+329+329+408+408+408+408+408+408+408+408+408+408+408+408+408+408+408+408+408+408+408+408
1+1+272+329+329+329+329+408+408+408+408+408+408+408+408+408+408+408+408+408+408+408+408+408+408+408+408
1+1+272+329+329+329+329+408
1+1+272+272+329+329+329+329+329+329+329+329+329+329+329+329+329+329+329+329+329+329+329+329+408
1+272+272+329+329+329+329+329+329+329+329+329+329+329+329+329+329+329+329+329+329+329+329+329+329+329+329+408+408+408+408
1+1+329+329+329+329+329+329+329+329+329+329+329+329+329+329+329+329+329+329+329+329+329+329+329+329+329+329+329+329+329+329
1+1+1+1+1+1+1+329+329+329+329+329+329+408+408+408+408+408+408+408+408+408+408
1+1+1+1+1+1+1+1+272+272+408+408+408+408
1+1+1+1+1+272+272+329+329+329+329+329+329+329+329+408+408+408+408+408+408
1+1+1+1+1+1+1+272+329+329+329+329+329+329+329+408+408+408+408+408
1+1+1+272+329+408+408
329+329+329+408+408+408+408+408+408+408+408
1+272+329+329+329+329+329+329+329+329+329+329+329+329+329+329+329+329+408+408+408+408+408+408+408+408
272+272+329+329+329+329+329+329+329+329+329+329+329+329+329+329+329+329+329+408+408+408+408+408+408+408+408+408+408
1+1+1+329+329+329+329+329+329+329+329+329+329+329+329+329+329+329+329+329+329+329+329+329+329+408+408
1+272+272+329+329+329+329+329+329+329+329+329+329+329+329+329+329+329+408+408+408+408+408+408+408+408+408+408
1+1+1+1+1+1+1+272+329+408+408
1+1+1+329+329+329+329+329+329+329+329+329+408+408+408+408+408+408+408+408+408+408+408
1+1+272+272+329+329+329+329+329+408+408+408+408+408+408+408+408+408+408+408+408+408
1+1+1+1+1+1+1+329+329+408
1+1+1+1+1+1+272+272+329+329+329+329+408+408+408+408+408+408+408
1+1+1+1+1+1+272+272+329+329+329+329+329+329+329+329+329+329+329+329+329+329+329+329+408+408+408+408+408+408
1+1+1+329+329+329+329+329+329+329+329+329+329+329+329+329+329+329+329+329+329+329+329+329+329+329+329+329+329+329+408
1+1+1+1+1+1+1+1+1+1+1+1+1+1+1+1+1+1+1+1+1+1+1+1+1+272+272+329+408+408+408
1+1+1+1+1+1+1+1+1+1+1+1+1+1+1+1+1+1+1+1+329+329+329+329+329+408+408+408
1+1+1+1+1+329+329+329+329+329+329+329+329
329+329+329+329+408+408+408+408
1+1+1+329+329+329+329+329+329+329+329+329+329+329+329+329+329+329+329+329+408+408+408+408+408+408+408
1+1+1+1+1+1+1+1+1+1+1+1+272+272+329+329+408+408+408
1+1+1+1+1+1+272+329+329+329+329+329+329+329+329+329+329+329+329+408+408+408+408+408+408+408+408
1+1+1+1+1+1+1+1+272+329+329+329+329+329+329+329+329+329+329+329+329+408+408
1+329+329+329+329+329+329+329+329+329+329+329+329+329+329+329+329+329+329+329+329+329+408+408+408+408
1+1+1+272+329+329+329+329+329+329+329+329+329+329+408+408+408
1+1+1+1+1+1+1+1+1+1+1+1+1+272+329+329+408
1+1+1+1+272+329+329+329
1+1+1+272+329+329+329+329+329+329+329+329+408+408+408+408+408
1+1+1+1+1+1+1+272+329+329+329+329+329+329+329+329+329+329+329+329+329+329+329+329+408+408+408+408+408+408
1+1+329+329+329+329+329+329+329+329+408+408+408+408+408+408+408+408+408+408+408+408+408+408+408
1+1+1+1+329+329+329+329+329+329+329+329+329+329+329+329+329+329+329+329+329+329+329+329+329+408+408+408+408+408+408+408+408+408+408
1+1+1+1+1+1+1+1+1+272+329+329+329+329+329+408+408+408+408+408
1+1+1+1+1+1+1+1+1+1+329+329+329+408+408+408+408+408+408+408+408+408+408
1+1+1+1+1+1+1+1+1+272+329+329+329+329+329+408+408+408+408
1+1+1+1+1+1+1+1+1+1+1+1+329+329+329+329+329+329+408+408+408+408+408+408+408
1+1+1+1+1+1+272+272+329+329+329+329+329+329+329+329+329+329+329+329+329+408+408+408+408+408+408
1+272+329+329+329+408+408+408+408+408+408+408+408+408+408+408+408+408+408+408+408+408+408+408+408+408+408+408
1+1+1+329+329+329+329+329+329+329+329+329+329+329+408
1+1+1+1+1+1+1+1+329+329+329+329+329+329+329+329+329+329+329+329+329+329+329+329+329+329+408+408+408+408
1+1+1+1+1+1+1+329+329+329+329+329+329+329+329+329+329+329+329+329+329+329+329+329+408+408+408+408
1+1+1+1+1+1+272+272+329+329+329+329+329+329+329+329+329+329+329+329+329+408+408
1+329+329+329+329+329+329+329+329+329+329+408+408+408+408+408+408+408+408+408
1+1+1+1+1+1+1+1+1+1+1+1+1+1+1+272+329+329+329+408+408
1+1+1+1+272+329+329+329+329+329+329+329+329+329+408+408+408+408+408
1+1+1+272+329+329+329+329+329+329+329+329+329+329+329+329+329+408+408+408+408+408+408+408+408+408
1+1+1+1+1+1+272+272+329+329+329+329+329+329+408+408+408
1+1+329+329+329+329+329+329+329+329+329+329+329+329+329+329+329+329+329+329+329+329+329+329+329+408+408
1+1+1+1+272+329+329+329+329+329+329+329+329+329+329+329+329+329+329+329+408+408+408+408
1+1+1+1+1+1+329+329+329+329+329+329+329+329+329+329+329+408+408+408
1+1+1+272+272+329+329+329+329+329+329+329+329+329+329+329+329+329+329+329+408+408
1+1+272+272+329+329+329+329+329+408+408+408+408+408
1+1+272+272+329+329+329+329+329+329+329+329+329+329+329+408+408+408
1+1+1+1+1+1+1+272+329+329+329+329+329+329+329+329+329+329+329+329+329+329+329+329+329+329+408
1+1+1+1+1+1+1+272+272+329+329+329+329+329+329+329+329+329+329+329+408+408+408+408+408+408+408
1+1+1+1+1+1+1+1+1+1+272+272+329+329+329+329+408+408
1+1+1+1+1+1+1+1+1+1+1+1+1+1+1+1+1+1+1+272+272+329+329+329+408+408
1+1+1+1+1+1+1+1+408+408+408+408+408+408+408+408+408+408
329+408+408+408+408+408+408+408+408+408+408+408+408+408+408+408+408+408+408+408+408+408+408
1+272+329+329+329+329+329+329+329+329+329+329+408+408+408+408+408+408+408
1+1+329+329+329+329+329+329+329+329+329+329+329+329+329+329+329+329+329+329+329+329+329+329+329+329+329+408+408+408+408+408+408
1+272+272+329+329+329+329+329+329+329+329+329+329+408+408+408+408+408+408+408+408
1+1+1+1+272+272+329+329+329+329+329+329+408
329+329+329+329+329+329+329+329+329+329+329+329
1+1+1+329+329+329+329+329+329+408+408+408+408+408+408+408+408+408+408+408+408+408+408+408+408
1+272+329+329+329+329+329+329+329+329+329+329+329+329+408+408+408+408+408+408+408+408+408+408+408+408+408+408+408
1+1+1+1+1+1+1+272+272+329+329+329+329+329+329+329+329+329+329+329+329+329+408+408+408+408
1+1+1+1+1+1+1+1+1+1+1+1+1+1+1+1+1+1+1+272+272+329+329+329+329+329+329+408
1+1+1+329+329+329+329+329+329+329+329+329+329+329+329+329
1+1+1+272+329+329+408+408
1+1+1+1+1+1+1+1+272+329+329+329+329+329+329+329+408+408+408+408
1+1+272+272+329+329+329+329+329+329+329+329+329+329+329+329+329+329+329+329+408+408+408
1+329+329+329+408+408+408+408+408+408+408+408+408
1+1+272+329+329+329+408+408+408+408+408+408
1+272+272+329+329+329+408+408+408+408+408+408+408+408+408+408+408+408+408+408+408+408+408+408+408
272+329+408+408+408+408+408+408+408
1+1+329+408+408+408+408+408+408+408
1+1+1+1+1+1+1+1+1+1+1+1+1+272+329+329+329+329+329+408
1+1+1+1+272+272+329+329+329+329+329+329+329+329+329+329+329+329+408+408+408+408
1+1+1+1+1+1+1+1+1+1+1+1+1+1+1+1+1+1+1+329+329+329+329+329+329+408
1+1+1+1+1+1+1+1+329+329+329+329+329+329+329+329+329+329+329+329+408+408+408+408+408+408
1+1+1+1+1+1+1+272+329+329+329+408
1+1+1+1+329+329+329+329+329+329+329+329+329+329+329+329+329+329+329+329+329+329+329+329+329+329+329+329+329+329+408+408+408+408
1+272+272+329+329+329+329+329+329+329+329+329+329+329+329+329+329+329+329+329+329+329+329+329+329+329+329+329+329+329+408+408
1+1+1+329+329+329+329+329+329+329+329+408+408
1+1+1+1+1+1+1+329+329+329+329+329+329+329+408+408+408+408+408+408+408+408+408
1+329+329+329+408+408+408+408+408+408+408+408+408+408+408+408+408+408+408+408+408
272+329+329+329+329+329+329+329+329+329+329+329+329+408+408+408+408+408+408+408+408+408
272+408+408+408+408+408+408+408+408+408+408+408+408+408+408+408+408+408+408+408+408+408+408
1+1+1+1+1+272+272+329+329+408+408+408+408+408+408
1+1+1+1+1+1+329+329+329+329+329+408+408+408
1+1+1+1+1+1+1+272+329+329+329+329+329+329+329
272+329+329+329+329+329+329+329+329+329+408+408+408
329+329+329+329+329+329+329+329+329+408+408+408+408+408+408+408+408+408+408+408+408+408+408+408+408+408
1+1+1+1+1+1+1+1+272+272+329+329+329+329+329+329+329+408+408+408+408+408+408+408
1+1+1+1+1+329+329+329+329+329+329+408+408+408+408+408+408
1+272+329+329+329+329+329+329+329+329+329+329+329+329+329+408+408+408+408+408+408+408+408+408+408+408+408
329+329+329+329+329+329+329+329+329+329+329+408+408+408+408+408+408+408+408+408+408+408
1+1+1+1+1+272+329+329+329+329+329+329+329+329+329+329+329+329+329+408
1+1+272+272+329+329+329+329+329+329+329+329+329+329+329+408+408+408+408+408+408+408
1+329+329+408+408+408+408+408
1+1+1+1+1+1+1+1+1+329+329+329+329+329+329+408+408+408
1+1+1+1+1+1+1+1+1+1+272+272+329+329
1+1+1+1+1+1+1+1+1+272+272+329+329+329+408+408+408+408+408+408
1+329+329+329+329+329+329+329+329+408+408+408+408+408+408+408+408+408+408+408+408+408+408+408
1+272+329+329+329+329+329+329+329+329+329+329+329+329+329+329+329+329+329+329
1+272+329+329+329+329+408+408+408+408+408+408+408+408+408+408+408+408+408+408+408+408+408
1+1+1+1+1+1+1+1+1+1+1+1+1+1+1+1+272+272+329+329+329+329+329
1+329+408+408+408+408+408+408+408+408+408+408+408+408+408+408+408+408+408
1+1+1+1+272+272+329+329+329+329+329+329+329+408
1+1+1+1+1+1+1+408+408+408+408+408
1+1+1+1+1+272+272+329+329+329+329+329+329+329+329+329+329+329+329+329+408
1+1+1+272+329+329+329+329+329+329+329+329+329+329+408+408+408+408+408+408+408+408+408+408+408+408+408
1+272+329+329+329+329+329+329+329+329+329+329+329+329+329+329+329+408+408+408+408+408+408+408+408+408+408+408+408
1+272+329+329+329+329+329+329+329+329+329+329+329+329+329+329+329+329+329+408+408+408+408+408+408+408+408+408
1+1+1+1+1+1+1+1+329+329+329+329+329+329+329+329+329+329+329+329+329+329+329+408+408+408+408
1+1+1+1+1+1+1+272+272+329+408+408+408
1+1+1+1+1+1+1+329+329+329+329+329+329+408
1+272+272+329+329+329+329+329+329+329+329+329+329+329+329+329+329+329+329+408+408+408+408+408+408+408+408+408+408+408+408
1+272+408+408+408+408+408+408+408+408+408+408+408+408+408+408+408+408+408+408+408+408+408+408
1+1+1+1+272+272+329+329+329+329+329+329+329+329+329+329+329+329+329+329+329+329+329+329+329+329+329+408+408+408+408
1+1+1+1+1+1+1+1+329+329+329+329+329+329+329+329+329+408+408+408
1+1+1+1+1+1+1+329+329+329+329+329+329+329+329+329+329+329+329+329+329+408+408+408+408+408+408+408+408+408
1+1+272+329+329+329+329+329+329+329+329+329+329+329+329+329+329+329+329+329+329+329+329+408+408+408+408+408+408+408+408+408+408
272+272+329+329+329+329+329+329+329+329+329+408+408+408+408+408+408+408+408+408+408+408+408+408+408+408+408
1+1+1+1+272+329+329+329+329+329+329+329+408
1+1+1+272+272+329+329+329+329+329+329+329+329+329+408+408+408+408+408+408+408+408+408+408+408+408+408+408+408+408
329+329+329+329+329+329+329+329+329+408+408+408+408+408+408+408+408+408+408+408
1+272+329+329+408+408+408+408+408+408+408+408+408+408+408+408
1+1+1+1+1+1+1+1+272+272+329+329+329+329+329+329+408
272+329+329+329+329+329+329+329+329+329+329+408+408+408+408+408+408+408+408+408+408+408+408+408
1+1+1+1+1+1+1+272+272+329+329+329+329+329+329+329+329+408+408+408+408+408+408+408
1+1+1+272+329+329+329+329+329+329+329+329+329+329+329+408+408+408+408+408+408+408+408+408+408+408+408+408+408+408+408
1+1+272+329+408+408
1+1+1+1+1+1+272+329+329+408+408+408+408+408+408
1+272+329+329+329+329+329+329+329+329+329+408+408+408+408+408+408+408+408+408+408+408+408+408
1+272+329+329+329+329+329+329+329+329+329+329+329+408+408+408+408+408+408+408+408+408+408+408+408+408+408+408+408+408
1+1+1+1+1+329+329+329+329+408+408+408+408
1+1+1+1+1+1+1+1+1+1+1+1+1+1+1+1+272+272+329+408+408+408
1+1+272+272+329+329+329+329+329+329+329+329+329+329+329+329+329+329+329+329+329+329+329+329+329+408+408+408+408+408+408+408
1+1+329+329+329+329+329+329+329+329+329+329+329+329+329+329+329+329+408+408+408+408+408+408+408+408+408+408+408+408
1+1+1+1+1+272+272+329+408
1+1+1+1+1+1+1+1+1+1+1+1+1+1+329+329+329+329+329+329
1+1+1+1+1+1+329+329+329+329+329+329+329+329+408+408+408+408+408+408
1+329+329+329+329+329+329+329+329+329+329+329+329+329+329+329+329+329+329+329+329+329+329+329+329+329
329+329+408+408+408+408+408+408+408+408+408+408+408+408+408+408+408
1+1+1+1+1+1+1+1+1+1+1+1+1+1+1+1+1+272+272+329+329+329+408+408
1+329+329+329+329+329+329+329+329+329+329+329+329+329+329+329+329+329+329+329+329+329+408+408+408+408
1+1+272+272+329+329+329+329+329+329+408+408+408+408+408
1+1+329+329+329+329+329+329+329+329+329+329+329+329+408+408+408+408+408+408+408+408+408
1+1+1+1+1+1+272+329+329+329+408+408+408+408
272+272+329+329+329+329+329+329+329+329+329+329+329+329+329+329+329+329+329+329+408+408+408+408+408+408+408+408+408
1+1+1+1+1+1+1+1+1+272+272+408+408+408+408+408
1+1+1+1+1+1+1+1+1+1+1+1+1+1+1+1+1+1+1+272+329+329+329+329
1+1+1+1+1+1+1+1+1+1+1+329+329+329+408+408+408+408+408+408+408+408
1+1+1+272+272+329+329+329+329+329+329+329+329+329+329+329+329+329+329+408+408
1+1+1+1+1+1+1+1+1+272+272+329+329+329+408+408+408+408+408+408
1+329+329+329+329+329+329+329+329+329+329+329+329+329+329+408
1+1+1+1+1+1+1+272+329+329+329+329+329+329+329+329+329+329+329+329+408+408+408+408+408+408
1+1+1+272+329+329+329+329+329+329+329+329+329+329+329+329+329+329+329+408+408
1+329+329+329+408
272+272+329+329+329+329+329+329+329+329+329+329+329+329+329+329+329+329+329+329+329+329+329+329+329+329+329+329+329+329
329+329+408+408+408+408+408+408
1+1+1+1+1+1+1+1+1+1+1+1+1+1+1+1+1+1+1+1+272+329+329+329+329+329+329+408
1+1+1+1+1+1+1+1+1+1+1+1+1+1+1+1+1+1+329+329+408+408
1+1+1+1+1+1+1+1+1+1+1+329+329+329+329+329+408+408+408+408+408+408+408+408+408
1+1+1+272+329+329+329+408+408+408+408
1+329+329+329+329+329+329+329+329+329+329+408+408+408+408+408+408+408+408+408+408+408+408+408+408+408+408
1+1+1+1+1+1+1+1+1+1+1+1+1+1+329+329+329+329+329
272+272+329+329+329+329+329+329+329+329+329+329+329+329+329+329+329+329+329+329+329+329+329+408+408+408+408+408+408+408
1+1+1+272+272+329+329+329+329+408+408+408+408+408+408+408+408+408+408+408+408+408+408
1+1+1+1+1+1+1+1+1+1+1+1+1+1+1+1+272+329+329+329+329+329+329+408
1+1+329+329+329+329+329+329+408+408+408+408
1+272+329+329+329+329+329+329+329+329+408+408+408+408+408+408+408+408+408+408+408+408
1+1+1+272+329+329+329+329+329+329+329+408+408+408+408+408+408
1+1+272+329+329+329+329+329+329+329+329+329+329+329+329+329+329+329+329+329+329+329+408
1+1+1+1+1+1+1+1+272+329+329+329+329+329+408+408+408+408+408+408
1+272+329+329+329+329+329+329+329+408+408
1+1+1+1+1+1+1+1+1+1+1+1+1+1+1+1+1+1+1+1+1+329+329+408+408
1+1+1+1+1+1+329+329+329+329+329+329+329+329+408+408+408+408+408+408+408
1+1+329+329+329+329+329+329+329+329+329+329+329+329+329+329+329+408+408+408+408+408+408+408+408+408
1+329+408+408+408+408+408+408+408+408+408+408+408+408+408
1+329+329+329+329+329+329+329+329+408+408+408+408+408+408+408+408+408+408+408+408+408+408+408+408+408+408+408+408
1+1+1+1+1+1+1+1+272+272+408+408+408+408+408+408+408+408
1+1+1+272+329+329+408+408+408+408+408+408+408+408+408+408+408+408+408+408+408+408+408+408+408+408+408+408
1+1+1+1+1+1+1+1+1+1+272+329+329+329+329+329+408+408+408+408+408+408
1+1+1+1+1+272+329+329+329+329+329+329+329+329+329+329+329+329+408+408+408+408
1+1+272+329+329+329+329+329+329+329+329+329+329+329+329+329+329+329+329+329+329+408+408+408+408+408+408+408+408+408+408
272+329+329+329+329+329+329+329+329+329+329+408+408+408+408+408+408+408+408+408+408+408+408+408+408+408+408+408+408
1+1+329+329+329+329+329+329+329+329+329+329+329+329+329+329+329+329+329+329+329+329
1+1+272+272+329+329+408+408+408+408+408+408+408+408+408+408+408+408+408+408+408
1+1+1+272+272+329+329+329+329+329+329+329+329+408+408+408+408+408+408+408+408+408+408
1+1+272+272+329+329+329+329+329+329+329+329+329+329+329+329+329+408+408+408+408
1+1+1+1+1+329+329+329+329+329+329+329+329+329+329+408+408+408+408+408+408+408+408+408+408
1+1+1+1+1+329+329+329+329+329+329+329+329+329+408+408+408+408+408+408+408+408
1+1+1+272+329+329+329+329+329+329+329+329+329+329+329+329+408+408+408+408+408+408+408+408
1+1+1+1+1+1+1+1+1+1+1+1+1+1+1+1+1+1+1+1+329+329+329+329
1+1+1+329+329+329+329+329+329+329+329+329+329+329+329+329+329+329+408+408+408+408+408+408+408+408+408+408+408
1+1+1+1+1+1+1+1+1+1+1+1+1+1+1+1+1+272+272+329+329+329+329+329+408+408+408
272+329+329+329+329+329+329+329+329+329+329+329+329+329+329+329+329+329+329+329+329+329
1+1+1+1+1+1+1+1+1+1+1+1+1+272+272+329+408+408+408
1+1+1+1+1+1+1+329+408+408+408+408+408+408+408
1+272+329+329+329+329+329+329+329+329+329+329+329+329+329+329+408+408+408
1+1+1+1+1+272+329+329+329+329+329+329+329+329+329+329
1+272+329+329+329+408+408+408+408+408+408+408+408+408+408+408+408+408+408+408+408
1+1+1+1+1+1+1+1+272+329+329+329+329+329+329+408+408+408+408+408+408+408
1+1+329+329+329+329+329+329+329+329+329+408+408+408+408+408+408+408+408+408+408
272+329+329+329+329+408+408+408+408+408+408+408+408+408+408+408+408+408
1+272+272+329+329+329+329+329+329+329+329+329+329+329+329+329+329+329+329+329+329+329+329+329+329+329+329+329+329+329
1+1+1+272+329+329+329+329+329+329+329+329+329+329+329+329+329+329+329+329+329+329+329+329+329+329+408+408+408+408
272+329+329+329+329+329+329+329+329+329+329+329+329+329+329+329+329+329+329+329+329+408
272+272+329+329+329+329+329+408+408+408+408+408+408+408+408+408+408+408+408+408
272+272+329+329+329+329+329+329+329+329+329
1+1+1+1+272+272+329+329+329+329+329+329+408+408+408+408+408
1+1+272+272+329+329+329+329+329+329+329+329+329+329+329+329+329+329+329
1+1+1+1+1+1+1+1+408+408+408+408+408+408+408+408+408+408
1+1+1+1+272+272+329+329+329+329+329+329+329+408+408+408+408
1+1+1+272+272+329+329+408+408+408+408+408+408+408+408+408+408+408+408+408+408+408+408+408+408+408
1+1+1+1+1+1+1+1+1+272+329+329+408+408+408+408+408
1+1+272+329+329+329+329+329+329+329+329+329+408+408+408+408+408+408+408+408+408+408+408+408+408+408+408+408+408+408+408
329+329+329+329+329+329+329+329+329+329+329+329+329+329+329+329+329+408+408+408+408+408+408+408+408
1+1+1+1+1+1+1+329+329+329+329+329+329+329+329+329+329+329+329+329+329+329+329+329+329+408+408+408+408
1+1+1+1+1+1+1+1+272+329+408+408
1+272+329+329+329+329+329+329+329+408+408+408+408+408+408+408+408
1+1+1+1+1+1+1+329+329+329+329+329+329+329+329+329+329+329+329+408+408
1+272+272+329+329+329+329+329+329+329+329+329+329+329+329+329+329+329+329+329+329+329+329+329+408
1+1+1+1+1+1+1+1+1+1+1+1+1+1+1+1+1+1+1+1+272+272+329+408
1+272+329+329+329+329+408
1+1+408+408+408+408+408+408+408+408+408
272+329+408+408+408+408+408+408+408+408+408+408+408+408+408
1+1+1+1+272+272+329+329+329+329+329
1+1+1+1+1+1+1+329+329+329+329+329+329+329+329
1+1+1+329+329+329+329+329+329+329+329+408+408
1+272+329+329+329+329+329+329+329+329+329+329+329+329+329+329+329+329+408+408
1+1+1+272+272+329+329+329+329+329+329+329+329+329+329+329+329+408+408+408+408+408+408+408+408
1+1+1+272+272+329+329+329+329+329+329+329+329+329+329+329+329+329+329+329+329+329+329+329+329+329+408
1+1+1+1+272+272+329+329+329+329+329+408+408+408+408
1+1+1+1+1+329+329+329+329+329+329+329+329+329+329+329+329+329+329+329+329+329+329+408+408+408+408
1+1+1+1+1+329+329+329+329+329+329+329+329+329+329+329+329+329+329+329+329+408
1+272+272+329+408+408+408+408+408+408+408+408+408+408
1+1+1+1+1+1+1+1+329+329+329+329+329+329+329+329+329+329+329+329+329+408
1+1+1+1+1+1+1+272+329+329+329+329+329+329+329+408+408+408
1+1+1+1+272+272+329+329+329+329+329+329+329+329+329+329+329+329+329+408+408+408
1+1+1+272+329+329+329+329+329+329+329+329+329+329+329+329+329+329+329+329+329+329+329+329+329
1+1+1+1+1+1+1+272+329+329+329+329+329+329+408+408+408
1+1+1+1+1+1+1+1+1+1+1+1+1+1+1+1+1+1+1+1+1+329+329+329+329+329+329+408
1+1+1+1+272+329+329+329+329+329+329+329+329+329+329+329+329+329+329+329+329+408+408+408+408+408+408+408+408
1+1+329+329+329+329+329+329+329+329+329+329+329+329+329+329+329+329+329+329+329+329+329+408+408+408+408+408+408
1+1+1+1+1+1+1+1+1+1+1+1+1+1+1+1+1+1+1+1+1+1+1+1+1+1+1+1+1+1+1+1+272+272+329+408+408+408
272+329+329+329+329+329+329+408+408+408+408+408+408+408+408+408+408+408+408+408
1+1+272+272+329+329+329+329+329+329+329+329+329+329+329+329+408+408+408+408
1+1+1+1+272+272+329+329+329+329+329+329+329+329+329+329+329+329+408+408+408+408
1+1+1+1+329+329+329+329+329+329+329+329+329+329+329+329+329+329+329+329+329+329+329+329+408+408+408+408+408+408+408+408+408
1+1+329+329+329+329+408+408+408+408+408+408+408+408
1+1+272+329+329+329+329+329+329+329+408+408+408+408+408+408+408+408+408+408+408+408+408+408+408+408+408+408
1+1+1+1+1+329+329+329+329+329+329+329+329+329+329+329+329+329+329+329+329+329+408+408+408+408+408+408+408+408+408
1+1+1+1+1+329+329+329+329+329+329+329+329+329+329+329+329+329+329+408+408+408+408+408+408+408+408
1+1+1+1+1+1+1+1+1+1+1+1+1+1+1+329+329+329+329+329
1+1+329+329+329+408+408+408+408
1+1+1+1+1+1+1+1+329+329+329+329+329+329+329+329+408+408+408+408+408+408
1+1+1+1+1+1+1+272+272+329+329+329+329+329+329+329+329+329+329+329+329+329+329+329+408+408+408+408+408+408+408
1+329+329+329+329+329+329+329+329+329+329+329+329+329+329+329+329+329+329+329+329+329+329+408+408+408
1+1+1+1+329+329+329+329+329+329+329+329+329+329+329+329+329+329+329+329+329+329+329+329+329
1+1+1+1+1+272+329+329+329+329+329+329+329+329+329+329+329+329+329+329+329+329+329+329+408+408
1+1+1+329+329+329+329+329+329+329+329+329+329+329+329+329+329+329+329+408+408+408+408+408+408
1+329+329+329+329+329+329+329+329+329+329+408+408+408+408+408+408+408+408+408+408+408+408+408+408+408+408+408
1+1+1+1+1+1+1+1+1+329+329+329+329+329+329+408+408+408+408+408+408+408+408
272+272+329+329+329+329+329+329+329+329+329+329+329+329+329+329+329+408+408
1+272+329+408+408+408+408+408+408+408+408+408+408+408+408+408+408+408+408+408+408
1+1+1+272+329+329+329+329+329+329+329+329+408+408+408+408+408+408+408+408+408+408+408+408+408+408
1+1+1+408+408+408+408+408+408+408+408+408+408+408+408+408+408+408+408+408+408+408+408
1+1+1+1+1+1+1+1+329+329+329+329+329+329+329+329+329+329+329+329+329+329+329+329+329+408+408+408+408+408+408
272+329+329+329+329+408+408
1+1+272+329+329+329+329+329+329+329+329+329+329+329+329+329+329+329+329+329+329+408+408+408+408+408+408+408+408+408+408+408
1+272+272+329+329+329+329+329+329+329+408+408
1+1+1+272+329+329+329+329+329+329+329+329+408+408+408+408+408+408+408+408+408+408+408+408+408+408+408+408
1+1+272+272+329+329+329+329+329+329+329+329+329+408+408+408+408+408+408+408+408+408+408+408+408+408+408+408+408+408+408
1+1+1+1+1+329+329+329+329+329+408+408+408+408
1+1+1+1+1+1+1+1+1+1+1+1+1+1+1+1+1+1+1+1+1+1+1+1+1+1+1+1+1+1+1+1+1+1+1+1+1+1+1+1+1+1+1+1+1+1+1+1+1+1+1+1+1+1+1+1+272+408+408
1+1+272+329+329+329+329+329+329+329+329+329+329+329+329+329+329+329+329+329+329+329+329+329+329+329+329+329+408+408+408
1+1+272+329+329+329+329+329+329+329+329+329+329+329+329+329+329+329+329+408+408+408+408+408+408+408+408+408
1+1+1+1+272+272+329+329+329+329+329+329+329+329+329+329+329+329+329+329+329+329+329+408+408+408
1+1+1+272+272+329+329+408+408+408+408+408+408+408+408
1+1+1+1+1+1+1+329+329+329+329+329+329+329+329+408+408+408
1+1+1+1+1+1+1+1+1+1+1+1+272+272+329+408
1+1+329+329+329+329+329+408+408+408+408+408+408+408+408+408+408+408+408+408
1+1+1+1+1+272+329+329+329+329+329+329+329+329+329+329+329+329+408+408+408+408+408+408+408+408
1+1+1+1+1+1+329+329+329+329+329+329+329+329+329+329+329+329+329+329+329+408+408+408+408+408+408+408+408
329+329+329+329+329+329+329+329+329+408+408+408+408+408+408+408+408+408+408+408+408+408+408+408+408
1+1+1+1+1+329+329+329+329+329+329+329+408+408+408+408+408+408+408+408+408
1+1+1+1+1+272+329+329+329+329+329+329+329+329+329+329+329+408+408+408+408+408+408+408
1+1+1+1+1+1+1+1+1+1+1+329+329+329+329+329+329+408+408+408+408
1+1+1+1+1+1+1+1+329+329+329+329+329+329+329+329+329+329+329+408+408+408+408+408+408+408
1+1+1+272+329+329+408+408+408+408+408+408+408+408
329+329+329+329+329+329+329+408+408
1+1+272+272+329+329+329+329+329+329+329+329+329+329+329+329+329+329+329+329+329+329+329+329+329+329+329+408+408+408+408+408
1+1+1+272+272+329+329+329+329+329+329+329+408+408+408+408+408+408+408+408+408+408+408+408
272+272+329+329+329+329+329
329+329+329+329+329+329+329+329+329+329+329+329+329+329+329+329+329+329+329+329+329+329+329+329+329+329+329+408+408+408+408+408
1+272+329+329+329+329+329+329+329+329+329+329+329+329+329+329+329+329+329+329+329+329+329+329+329+408+408+408+408
1+272+329+329+329+329+329+329+329+329+329+329+329+408+408+408+408+408+408
1+329+329+329+329+329+329+329+329+329+329+329+329+329+329+329+329+329+329+408+408+408+408+408+408+408+408+408+408+408+408
1+1+1+272+329+329+329+329+329+329+329+329+329+329+329+329+329+329+329+329+329+329+408+408+408+408+408+408+408+408+408
1+1+1+1+1+329+408+408+408+408+408+408
1+1+1+1+1+1+408+408+408+408+408+408+408+408+408+408
1+1+1+1+1+1+1+1+1+1+1+1+272+272+329+329+408+408+408
1+1+1+1+272+272+329+329+329+329+329+329+329+329+329+329+329+329+329+329+329+329+408+408+408+408+408+408+408+408
1+1+1+272+329+329+329+329+329+329+329+408+408+408
1+1+1+1+1+329+329+329+329+329+329+329+329+329+329+329+329+329+408+408+408+408+408+408
1+1+1+1+1+1+1+272+329+329+329+329+329+329
1+1+1+1+1+1+1+272+329+329+329+329+329+329+329+329+329+329+408+408+408+408+408+408
1+1+272+272+329+329+329+329+408+408+408+408+408+408+408+408
1+1+1+1+1+1+1+1+1+1+1+1+1+1+1+1+1+1+1+1+1+1+1+1+1+1+1+329+408+408+408
1+1+1+1+1+1+1+1+1+1+272+329+329+329+329+329+329+408
1+1+1+1+1+1+1+1+1+1+1+272+408+408+408+408+408+408+408
1+1+1+1+1+1+1+272+329+329+329+329+329+329+329+329+329+329+329+329+329+329+329+329+329+408
1+1+1+272+329+329+329+329+329+329+329+329+329+329+329+329+329+408+408+408+408+408+408+408+408+408+408+408+408+408+408
1+1+1+1+272+329+329+329+329+329+329+329+329+329+329+329+329+329+329+329+329+329+329+329+329+329+329+408
1+1+329+329+329+408+408+408+408+408+408+408+408+408+408+408+408+408+408+408+408+408+408+408+408+408
1+1+1+1+1+1+1+1+1+1+1+1+1+1+1+1+1+1+1+1+1+1+272+272+329+408
1+1+1+1+1+1+1+1+1+1+1+272+329+329+329+329+329+329+408+408
1+329+329+329+329+329+329+329+329+329+329+329+329+329+329+329+408
329+329+329+329+329+408+408+408+408+408
1+1+1+1+1+1+1+1+1+1+1+1+1+1+1+1+1+1+272+329+329+408+408
1+1+329+329+329+408+408+408+408+408+408
1+1+1+1+1+1+1+1+1+1+1+1+272+272+329+329+329+329+329+408+408+408+408+408+408
1+1+1+1+1+329+329+329+329+329+329+329+329+329+329+329+329+329+329+329+329+408+408+408+408+408
1+1+272+329+329+329+329+329+329+329+329+329+408+408+408+408+408+408+408+408+408+408
1+1+1+1+1+1+1+1+1+1+1+1+1+1+1+1+1+1+1+1+329+329+329+408+408+408
1+1+1+272+329+408+408+408+408+408+408+408+408
1+1+1+1+1+1+1+272+272+329+329+329+329+329+329+408+408+408+408+408+408+408
1+1+272+272+329+329+329+329+329+408+408+408+408+408+408+408+408+408+408+408
1+1+1+272+329+329+329+329+329+329+329+329+329+329+329+329+329+408
1+1+1+1+1+1+1+1+1+1+1+329+329+329+329+329+329+408+408+408+408+408+408+408+408
1+1+1+1+1+1+1+1+272+272+329+329+329+329+329+329+329+329
1+1+1+1+1+1+1+1+329+408+408+408+408
1+1+1+272+329+329+329+329+329+329+329+329+329+329+329+329+329+329+329+408+408+408+408+408+408+408+408+408+408+408
1+1+408+408+408+408+408+408
1+272+272+329+329+329+329+329+329+329+329+408+408+408+408+408+408+408+408+408+408+408+408+408+408+408+408+408+408+408
1+1+1+1+1+1+1+1+1+1+1+1+1+1+1+1+1+1+1+1+272+272+329+329+329+408+408+408
1+1+1+1+1+329+329+329+329+408+408+408+408+408+408
1+1+1+329+329+329+329+329+329+329+329+329+408+408+408+408+408+408
1+1+1+1+1+1+1+1+1+1+1+1+1+1+1+1+1+1+1+1+272+272+329+329+329+329+408+408+408
1+1+272+329+329+329+329+408+408+408+408+408
1+1+1+272+272+329+329+329+329+329+329+329+329+329+329+329+408+408+408+408+408+408+408
272+272+329+329+329+329+329+329+329+329+329+329+329+329+408+408
1+1+1+1+1+1+1+1+272+329+329+329+329+329+329+329+329+329+329+329+329+329+329+329+408
1+1+1+1+272+329+408+408+408+408+408+408+408+408
1+1+1+1+1+1+1+329+329+329+329+329+329+329+329+329+329+329+329+329+329+329+329+329+408
1+1+272+272+329+329+329+408+408+408+408+408+408+408+408+408+408+408+408+408+408+408+408+408+408+408+408+408+408+408
1+1+1+1+1+1+1+1+1+1+1+1+1+1+1+1+1+1+1+1+272+272+408+408
1+272+329+329+329+329+408+408+408+408+408+408+408+408+408+408+408+408+408+408+408+408+408+408+408+408+408+408+408
1+1+1+1+1+1+1+1+272+329+329+329+329+329+329+329+329+329+329+329+329+329+329+408+408+408+408+408+408+408+408
1+1+1+329+329+408+408+408+408+408+408+408+408+408+408+408+408+408
1+1+1+1+1+272+329+329+329+329+329+329+329+329+329+329+329+408+408+408+408
272+272+329+329+329+329+329+329+329+329+329+329+329+329+329+408+408+408+408+408+408+408+408+408+408+408
1+1+1+272+272+329+329+329+329+329+329+329+329+329+329+329+329+408+408+408+408+408+408+408+408+408+408+408+408+408+408
1+1+1+1+1+1+1+1+1+272+272+329+329+329+408+408+408+408+408+408+408+408
1+1+1+1+329+329+329+329+329+329+329+329+329+329+329+329+329+408
1+1+1+1+1+1+272+272+329+329+329+329+329+408+408
272+272+329+329+329+329+329+329+329+329
1+272+329+329+408+408+408+408+408+408+408+408+408+408+408+408+408+408+408+408+408+408+408+408+408
1+1+1+1+1+1+1+1+1+1+1+1+1+1+1+1+1+1+1+1+272+329+408
1+1+1+1+1+1+1+272+272+329+329+329+329+329+329+329+329+408+408+408+408+408+408
1+1+1+1+1+272+272+329+329+408+408+408+408+408
1+1+1+329+329+329+408
1+1+1+1+1+1+1+272+272+329+329+329+329+329+329+329+329+329+329+329+329+329+329+329+329+329+329+408+408+408+408+408
1+1+1+1+1+1+1+272+329+408+408
272+272+329+329+329+329+329+329+329+329+329+329+329+329+329+329+329+329+329+329+329+329+329+408
1+1+329+408+408+408+408
1+1+1+1+1+1+1+1+1+329+408+408+408+408+408+408
1+272+272+329+329+329+329+408+408+408+408+408+408+408+408+408+408+408+408+408+408+408
1+1+1+1+1+1+1+1+1+1+1+272+329+329+329+408
1+1+1+1+1+1+1+1+1+1+1+1+1+1+1+1+1+1+1+1+272+272+329+329+329+329+408
1+1+1+1+1+1+1+1+1+1+1+1+1+1+1+1+272+272+329+329+329+408+408+408
1+1+1+272+408+408+408+408+408+408+408+408+408+408+408+408+408+408+408+408+408+408+408+408+408
1+1+1+1+1+1+1+1+1+1+1+1+1+1+1+1+1+1+272+272+329+329+329+329
1+1+1+1+1+1+272+408+408
1+329+329+329+329+329+329+329+329+329+329+329+329+408+408+408+408+408+408
1+1+1+272+329+329+329+329+329+329+329+329+329
1+1+329+329+329+329+408+408
1+1+1+1+1+1+1+272+272+329+329+329+329+329+329+329+329+329+329+329+329+329+329+329+329+329+408+408+408+408+408+408+408
1+329+329+329+329+329+329+329+329+329+408+408+408+408+408+408+408
272+329+329+329+329+329+329+329+329+329+329+408
1+1+1+272+272+329+329+329+329+408
1+1+329+329+329+329+408+408+408
1+1+1+272+329+329+329+329+329+329+329+329+329+329+408
1+1+1+1+1+1+1+1+1+1+1+1+1+1+1+1+272+329+329+408
329+329+329+329+329+329+329+329+329+329+329+329+329+329+329+329+329+329+329+329+329+329+329+329+408+408+408+408+408
1+1+1+1+1+1+329+329+329+329+329+329+329+329+329+329+329+329+329+329+329+329+329+408+408+408+408+408+408+408+408
272+272+329+329+329+329+329+329+329
1+272+272+329+329+329+329+329+329+329+329+329+329+329+329+329+329+329+329+329+329+329+329+329+329+329+329
1+1+1+1+1+1+329+329+329+329+408+408
329+329+408+408+408+408+408
1+1+272+329+329+329+329+329+329+329+329+329+329+408+408+408+408+408+408+408+408+408+408+408+408+408+408+408+408+408
1+1+1+272+329+329+329+329+329+329+329+329+329+329+329+329+329+329+329+329+329+329+329+329+329+329+329+329+329+329+329+329+408+408+408
1+1+1+1+1+1+1+1+1+1+1+1+1+1+1+1+1+1+1+1+1+1+1+1+1+1+1+1+1+1+1+1+1+1+1+1+1+272+408+408
1+1+1+1+1+272+329+329+329+329+329+329+408+408+408+408+408+408+408+408
1+1+1+1+1+1+329+329+329+408+408+408+408+408+408+408+408
1+1+1+1+1+1+272+272+329+329+329+329+329+329+329+329+329+329+329+408+408+408+408+408+408
1+1+1+1+1+1+272+272+329+329+329+329+329+329+329+329+329+408+408+408+408+408
1+1+1+1+1+1+1+1+1+1+1+1+1+1+1+329+329+329+329+329+329+408+408
272+408+408+408+408+408+408+408+408
272+329+329+329+329+329+329+329+329+329+329+329+329+329+329+329+329+408+408
1+1+1+1+1+1+1+1+1+1+1+1+272+272+329+329
1+1+1+1+1+1+1+272+329+329+329+329+329+329+329+329+329+329+329+329+329+329+329+329+408+408+408+408+408+408+408
1+1+329+329+329+329+329+329+329+329+329+329+329+329+329+329+329+408+408+408+408+408+408+408
272+329+329+408+408+408+408+408+408+408+408+408+408+408+408+408+408+408+408+408+408+408+408+408+408+408+408
1+1+1+329+329+408+408+408+408+408
1+1+272+329+329+329+329+329+329+329+329+329+329+329+329+329+329+329+329+329+329+329+329+329+329+329+329+329+329+329+329+329
1+1+1+1+1+1+1+1+329+329+329+329+329+329+329+329+329+329+329+408+408+408+408+408+408+408
1+1+1+329+329+329+329+329+329+329+329+329+329+329+329+329+329+329+329+329+329+329+329+329+329+329+329+408+408+408
1+1+1+1+1+1+1+1+1+1+1+1+329+329+329+408+408+408+408+408+408+408
1+1+1+329+329+329+329+329+329+329+329+329+329+329+329+329+329+329+329+329+329+329+329+408+408+408+408+408+408+408+408+408
1+1+272+272+329+329+329+329+329+329+408
1+1+1+1+1+1+1+272+329+329+329+329+408+408+408+408+408+408+408
1+1+329+329+329+329+329+329+329+329+329+329+408+408+408+408+408+408+408+408+408+408+408+408+408+408+408+408+408
1+1+1+1+1+1+1+1+1+1+1+1+1+1+272+329+329+408
1+1+272+272+329+329+329+329+329+329+329+329+329+329+329+329+329+329+329+329+329+329+329+329+329+329+329+329+329+329+408+408+408
1+1+1+1+1+1+329+329+329+329+329+329+329+329+329+329+329+329+329+408+408+408+408+408+408+408+408+408+408
1+1+1+1+1+1+1+1+1+1+1+329+329+329+329+408+408+408+408+408
1+1+272+272+329+329+329+329+329+329+329+329+329+329+329+329+329+329+329+329+329+408+408+408+408+408+408+408+408+408+408+408
1+1+1+1+1+1+1+272+272+329+329+329+329+329+329+329+329+329+329+329+329+329+408+408+408+408+408+408+408
1+1+1+329+329+329+408+408+408+408+408+408+408+408+408+408+408+408+408+408
1+1+1+1+1+1+272+272+329+329+329+329+329+329+329+408+408
329+329+329+329+329+329+329+329+329+329+329+329+329+329+329+329+329+329+329+329+329+329+329+329+329+329+329+329+329+329+329+329+408
1+1+1+1+329+329+329+329+329+329+329+329+329+329+329+329+329+329+329+329+329+329+329+329+329+329+408+408+408+408+408+408+408+408+408
1+272+272+329+329+329+329+329+329+329+329+329+329+329+329+329+408+408+408+408+408+408+408+408+408+408+408+408+408+408
272+329+329+329+329+329+329+329+329+329+329+329+329+329+329+329+329+329+329+329+329+329+329+329+329+408+408+408+408+408+408
1+1+1+1+272+272+329+329+329+329+329+329+329+329+329+329+329+329+329+329+329+329+329+329+329+408
1+1+1+1+1+1+1+272+329+329+329+329+329+329+329+329+329+329+329+329+329+329+329+329+408+408+408+408+408+408+408
272+329+329+329+329+329+329+329+329+329+329+329+329+329+329+329+329+329+329+329+329+408+408+408+408+408+408+408+408+408
1+1+272+272+329+329+329+329+329+329+329+329+329+329+329+329+329+329+408+408+408+408+408+408+408+408+408+408+408+408
329+329+329+329+329+329+329+329+329+329+329+329+329+329+408+408+408+408+408+408+408+408+408+408+408+408+408
1+1+1+272+408+408+408+408+408+408+408+408+408+408+408+408+408+408+408+408+408+408+408
1+1+1+1+1+1+1+1+1+1+1+1+1+272+329+329+329+329+329+329+408+408+408
1+1+1+1+1+329+329+329+329+329+329+329+329+329+329+408+408+408+408+408+408+408
1+329+329+329+329+329+329+329+329+329+329+329+329+329+329+329+329+329+329+329+329+329+329+329+408+408+408+408
1+1+1+1+1+1+329+329+329+329+329+329+329+329+329+329+329+329+408+408+408+408+408+408+408+408+408
1+1+1+1+1+1+1+1+1+1+1+1+1+1+1+1+1+1+1+1+329+329+329+408+408
329+329+329+329+329+329+329+329+329+329+329+329+329+329+329+329+329+329+408+408+408
1+272+272+329+329+329+329+329+329+329+329+329+329+329+408+408+408+408+408+408+408+408+408+408+408+408
1+1+1+1+1+272+329+329+329+329+329+329+329+329+329+329+329+329+329+329+329+329+408+408+408+408+408+408+408
1+1+1+1+1+1+329+329+329+329+329+329+329+329+329+329+329+329+329+329+329+329+329
1+272+329+329+329+329+408+408+408+408+408
1+1+1+272+329+329+329+329+329+329+329+329+329+408+408
1+1+1+272+272+329+329+329+329+408+408+408+408+408
1+1+1+1+1+1+1+1+1+272+329+329+329+329+329
408+408+408+408+408+408+408+408+408+408+408+408+408+408+408+408+408+408+408+408+408+408+408+408+408
1+1+1+408+408+408+408+408+408+408+408+408
1+272+272+329+408+408+408+408+408+408+408+408+408
1+1+1+1+1+1+329+329+329+329+408+408
1+272+329+329+329+329+329+329+329+329+329+329+329+329+329+329+329+329+329+329+329+329+329+329+329+329+329+329+329+329+329+329+408
1+1+1+272+272+329+329+329+329+329+329+329+329+329+329+329+329+329+408+408+408+408+408+408+408+408+408+408+408
1+1+1+1+1+1+1+1+1+1+1+1+1+1+1+1+1+1+272+329+329+329+329+408+408+408
408+408+408+408+408+408+408+408+408+408+408+408
1+1+272+272+329+329+329+329+329+329+329+329+329+329+329+329+329+329+329+329+329+329+329+329+329+408+408+408
1+1+1+1+1+272+272+329+329+329+329+329+329+329+329+329+329+329+329+329+329+329+329+408+408+408
272+329+329+329+329+329+329+329+329+329+408+408+408+408+408+408+408+408+408
1+1+1+329+329+329+329+329+408+408
1+1+1+329+329+408+408+408+408+408
1+1+1+1+1+272+272+329+329+329+329+329+329+329+329+329+329+329+329+329+329+329+329+408+408
1+1+1+1+1+1+1+1+272+329+329+329+329+329+329+329+329+329+329+329+329+329+408+408+408+408+408
1+1+1+1+272+272+329+329+329+329+329+329+329+329+329+329+329+329+329+329+408+408+408+408+408+408
272+329+329+329+329+329+329+408+408+408+408+408+408+408+408+408
1+1+272+272+329+329+329+329+329+329+329+329+329+329+329+329+329
1+1+1+1+1+329+329+329+329+329+329+329+329+329+329+329+329+329+408+408+408+408
1+1+1+1+1+1+272+329+329+329+329+329+329
329+329+329+329+329+329+329+329+329+329+329+408+408+408+408+408+408
1+1+1+1+1+1+1+1+1+1+408+408+408+408+408+408+408+408+408
1+1+272+329+329+329+329+329+329+329+329+329+329+329+329+408+408+408+408+408+408+408+408
1+1+1+1+1+1+1+329+329+329+329+329+408
1+1+1+1+1+272+272+329+329+329+329+329+329+329+329+329+329+329+329+408+408+408+408+408+408
1+1+1+272+272+329+408+408+408+408+408
1+1+1+329+329+329+329+329+329+329+329+329+329+329+329+329+329+329+329+329+329+329+329+329+329+329+329+408+408+408+408+408
1+1+1+1+1+1+1+1+272+272+329+329+329+329+329+329+329+329+329+329+329+329+329+329+329+329+329+408+408+408+408+408+408+408
272+272+329+329+329+329+329+329+329+329+329+329+329+329+329
1+1+272+329+329+329+329+329+329+329+329+329+329+329+329+329+329+329+329+329+329+329+408+408+408+408+408+408+408+408+408+408
1+1+1+329+329+329+408
272+272+329+329+329+329+329+329+329+329+329+329+329+329+329+329+329+329+329+329+329+329+329+329+329+329+329+329
1+1+1+1+1+1+1+1+1+1+1+1+1+1+1+1+1+1+1+1+1+272+329+408+408
1+1+1+272+329+329+329+329+329+329+329+329+329+329+329+329+329+329+329+329+329+329+329+329+329+408+408
1+1+1+1+1+1+1+1+1+1+1+1+1+1+272+329+408+408+408
329+329+329+329+329+329+329+329+329+329+329+329+329+329+329+329+329+329+329+329+329+329+329+329+408
272+272+329+329+329+329+329+329+408+408+408+408+408+408+408+408+408+408+408+408+408+408+408+408+408+408+408
1+272+272+329+329+408+408+408+408+408+408+408+408+408+408+408
1+1+1+1+1+1+1+1+1+1+1+1+1+1+272+272+329+329+329+408+408
1+1+1+1+1+1+1+1+1+1+272+272+329+329+329+408+408+408+408+408
1+1+1+1+1+1+1+272+329+329+329+329+329+329+329+329+329+329+329+329+329+329+329+329+329+408+408+408+408+408+408
1+1+1+1+329+329+329+329+329+329+329+329+329+329+329+329+329+329+408
1+1+1+272+272+329+329+329+329+329+329+329+329+329+329+408+408+408+408
1+1+1+272+329+329+329+329+329+329+329+329+329+329+329+329+329+329+408+408+408+408+408+408+408+408
272+272+329+329+329+329+329+329+329+329+329+329+329+329+329+329+329+329+329+329+408
1+1+1+1+272+272+329+329+329+329+329+329+329+329+329+329+329+329+329+329+329+329+329+329+329+329+329+329+329+329+329+329+329
1+272+329+329+329+329+408+408+408+408+408+408+408+408+408+408+408+408+408+408+408+408+408+408+408
272+329+329+329+329+329+329+329+329+408+408+408+408+408+408+408+408+408+408+408+408+408
1+1+1+1+1+1+1+1+1+1+1+1+1+1+1+1+1+1+1+1+1+1+1+1+1+1+1+1+1+1+1+1+1+1+1+1+1+1+1+1+1+1+1+1+1+1+329+408+408
1+1+1+1+1+1+1+272+329+329+329+329+329+329+329+329
1+1+329+408+408+408+408+408+408+408+408+408+408
1+1+1+1+1+1+1+1+1+1+1+1+1+1+1+1+1+1+1+1+1+1+1+1+1+1+1+1+1+1+272+272+408+408
1+1+1+329+329+329+329+408+408+408+408+408+408+408+408+408+408+408+408+408+408+408+408+408+408+408+408+408+408+408
1+1+1+1+1+1+1+329+329+329+329+329+408+408+408+408+408+408+408+408+408
1+1+329+329+329+329+408+408+408+408+408+408+408+408+408+408
1+1+1+1+1+1+1+1+1+1+1+1+1+1+1+1+1+1+329+408+408
1+1+1+1+1+1+1+272+272+408+408+408+408+408+408
1+1+1+1+272+329+329+329+329+329+329+329+329+329+329+329+329+329+329+329+329+329+329+329+329+408+408+408+408+408
1+1+272+272+329+329+329+329+329+329+329+329+329+329+329+329+329+329+329+329+408+408
1+1+1+1+1+1+1+1+329+329+329+329+329+329+329+329+329+329+329+329+329+329+329+329+408+408+408+408+408+408+408
272+329+329+329+329+329+329+329+329
1+1+1+1+1+272+329+329+329+329+408+408+408+408+408
1+272+272+329+329+329+329+329+329+329+329+329+329+329+329+329+329+329+329+329+329+329+408
272+272+329+329+329+329+329+329+329+329+329+329+329+329+329+329+329+408+408+408+408+408+408+408+408+408+408+408+408+408
1+1+1+272+329+329+329+329+329+329+329+329+408
1+272+272+329+329+329+329+329+329+329+329+329+329+329+329+329+329+329+329+408+408+408
1+408+408+408+408+408+408+408+408+408+408+408+408
1+1+1+1+1+1+1+1+1+1+1+1+1+1+272+329+329+329+329+329+408
1+1+1+1+272+329+329+329+329+329+329+329+329+329+329+329+329+329+329+329+329+329+329+329+408+408+408+408
1+1+1+1+1+1+1+272+329+408+408
272+329+329+329+329+329+329+329+329+329+329
1+1+1+272+272+329+329+329+329+329+329+329+329+408
1+1+1+1+1+1+1+1+1+1+1+1+1+1+1+1+1+1+1+1+1+1+1+1+1+1+1+1+1+1+1+1+1+329+408+408
1+1+1+1+1+1+1+1+1+1+1+1+1+1+329+329+329+329+408+408+408
272+329+329+329+329+329+329+329+329+329+329+329+329+329+408
1+1+272+329+329+329+329+329+329+329+329+329+329+329+329+329+329+329+329+329+329+329+408+408+408+408+408+408+408+408+408+408
1+1+329+329+329+329+329+329+329+329+329+408+408+408+408+408+408+408+408+408+408+408+408+408+408
1+1+272+329+329+329+329+329+329+329+408+408+408+408+408+408+408+408
1+1+272+272+329+329+329+329+329+329+329+329+329+408+408+408+408+408+408+408+408+408+408+408
329+329+329+329+329+329+408+408+408+408+408+408+408+408+408+408+408+408+408+408+408+408
1+1+1+1+1+1+1+329+329+329+329+329+408+408+408+408+408+408+408+408
272+272+329+329+329+329+408+408+408+408+408+408+408+408+408+408+408+408+408+408+408+408+408+408
1+1+329+329+329+329+329+408+408+408+408+408+408+408
1+1+1+1+272+272+329+329+329+329+329+329+329+329+329+329+329+329+329+329+329+329+329+329
1+272+272+329+329+408+408+408+408+408+408+408+408+408+408+408+408+408+408
1+272+329+329+329+329+329+329+329+329+329+329+329+329+329+329+329+408+408+408+408+408+408+408+408+408
329+329+329+329+329+329+329+329+329+329+329+329+329+329+329+329+329+329+329+329+329+329+329+408+408+408+408+408+408+408+408
1+1+1+272+272+329+329+329+329+329+329+329+329+329+329+329+329+329+329+329+329+329+329+329+329+329+329+329+329+329+329+329+329+329+329
1+329+329+329+329+329+329+329+329+329+329+329+329+329+329+329+329+329+329+408+408+408+408+408+408+408+408+408+408
1+1+1+1+1+272+272+329+329+329+329+329+329+329+329+329+329+329+329+329+329+329+329+408+408
1+1+1+1+1+329+329+329+329+329+408+408+408+408+408+408
1+1+1+1+272+272+329+329+329+329+329+329+329+329+329+329+329+329+329+329+329+329+329+329+329+329+329+329
1+1+1+1+1+272+329+329+329+329+329+329+329+329+329+329+329+408+408+408+408+408+408+408+408
1+1+1+1+1+272+272+329+329+329+329+329+329+329+329+329+329+329+329+329+329+329+329+329+408+408
272+329+329+329+329+329+329
1+272+272+329+329+329+329+329+329+329+329+329+329+329+329+329+329+329+329+329+329+329+408+408+408+408+408
1+1+1+1+1+1+1+329+329+329+408+408+408+408+408
1+1+1+272+329+329+329+329+329+329+329+329+329+329+329+329+329+329+329+329+329+329+329+329+329+329+408+408+408
1+1+1+1+1+1+1+1+1+1+1+272+272+329+329+329+329+329+408+408+408+408+408+408
1+329+329+329+329+329+329+329+329+329+329+329+329+329+329+329+329+329+329+329+329+329+329+329+329+329+329+329+408
1+1+272+329+329+329+329+329+329+329+329+408+408+408+408+408+408+408
1+1+1+1+1+272+272+329+329+329+329+329+329+408+408+408
1+1+329+329+329+329+329+329+329+329+329+408+408+408+408+408+408+408+408+408+408+408+408+408+408+408+408+408+408
1+1+329+329+329+329+329+329+408+408+408+408+408+408+408+408+408+408+408+408+408+408+408+408+408+408+408
1+272+272+329+329+329+408+408+408+408+408+408+408+408+408+408+408+408+408+408+408
1+1+1+1+272+329+329+329+329+329+329+329+329+329+408+408
329+329+329+329+329+329+329+329+329+408+408+408+408+408
1+1+1+272+329+329+329+329+329+329+329+329+329+329+329+329+329+329+329+329+329+329+329+329+408+408+408+408+408+408+408+408+408
1+1+1+1+1+1+272+329+329+329+329+329+329+329+329+329+329+329+329+329+329+329+329+329+408+408+408+408+408+408
1+1+329+329+329+329+408+408+408+408+408+408+408+408+408+408+408+408+408+408+408+408
1+1+1+1+1+1+1+1+1+1+1+272+272+329+329+329+329+329+329+408+408+408
1+1+1+1+1+1+1+1+1+1+1+1+1+1+1+1+1+1+1+272+329+329+329+329+408+408
1+1+1+1+1+1+272+329+329+329+329+329+329+329+408+408+408+408+408+408
1+1+1+1+1+1+1+1+1+1+1+1+1+1+1+1+1+272+272+329+408+408+408
1+1+1+272+329+329+329+329+329+329+329+329+329+329+329+329+329+329+408+408+408+408
1+272+272+329+329+329+329+329+329+329+329+329+329+329+329+329+408
1+1+1+1+1+1+1+1+1+1+1+1+1+1+1+1+1+1+329+329+329+329+329+329+408+408+408
272+272+329+329+329+408+408+408+408+408+408+408+408+408+408+408+408+408+408+408+408+408+408+408+408
272+329+408+408+408+408+408+408+408+408+408+408+408+408
1+1+1+1+1+1+1+1+1+1+1+1+272+272+329+329+329+329+408+408+408+408+408+408+408
1+1+1+1+1+1+1+1+1+1+1+272+272+329+329
1+1+1+1+1+1+1+272+272+329+329+329+329+329+329+408+408+408+408
1+1+1+1+272+272+329+329+329+329+329+329+329+329+329+329+329+329+329+329+329+329+329+329+329+329+329+329+329+408+408+408+408+408
1+1+1+329+329+329+329+329+329+329+329+329+329+329+329+329+329+329+329+329+329+329+408+408+408+408
1+1+1+1+272+329+329+329+329+329+329+329+329+329+329+408+408+408+408+408+408
329+329+329+329+329+329+329+329+329+329+408+408+408+408+408+408+408+408+408+408+408+408
329+329+329+329+329+329+329+329+329+329+329+329+329+329+408
329+329+329+329+329+329+329+329+329+329+329+329+329+329+329+329+329+329+408+408
329+329+329+408+408+408
1+1+1+1+1+1+1+272+329+329+329+329+329+329+408+408+408+408+408+408+408
272+329+329+329+329+329+408+408+408+408+408+408+408+408+408+408+408+408+408+408+408+408+408+408+408+408+408
1+1+1+1+1+1+1+1+1+1+272+272+329+329+329+329+329+329+408+408
1+1+1+1+1+1+1+1+272+272+329+329+329+408+408+408+408
1+1+272+272+329+329+329+329+408+408+408+408+408+408+408+408+408+408+408+408
1+1+1+272+272+329+329+329+329+329+329+329+329+329+329+329+329+329+329+329+329+329+329+329+329+329+408+408+408
1+1+1+1+1+272+272+329+329+329+329+329+329+329+329+329+329+329+329+329+329+329+329+329+408+408+408
272+329+329+329+329+329+329+329+329+329+329+329+329+329+408+408+408+408+408+408+408+408
272+272+329+329+329+329+408+408+408+408+408+408+408+408+408+408+408+408+408+408+408+408+408+408+408+408+408+408
1+1+1+272+329+329+329+329+329+329+329+329+329+329+329+329+329+329
1+1+1+1+1+1+272+272+329+329+329+329+329+329+329+408+408+408+408+408+408
1+1+272+329+329+329+329+329+329+329+329+329+329+329+329+329+329+329+329+329+329+329+329+329+329+329+329+329+329+329+408
1+1+1+408+408+408+408+408+408+408+408+408+408
1+1+1+1+1+1+1+1+272+272+408+408+408+408+408
1+1+1+1+1+1+1+1+1+1+1+272+272+329+329+329+408+408
1+329+329+329+329+329+329+329+329+329+329+329+329+329+329+329+329+329+329+329+329+329+329+408+408
1+272+329+329+329+329+408+408+408+408+408+408+408+408+408+408+408+408+408+408+408+408+408+408
1+329+329+329+329+329+329+329+329+329+329+329+408
1+1+1+272+272+329+329+329+329+329+329+329+329+329+329+408+408+408+408+408+408+408+408+408+408+408+408+408+408+408
1+1+1+272+272+329+329+329+329+329+329+329+329+329+329+329+329+329
1+1+1+1+272+329+329+329
1+1+329+329+329+329+329+329+329+408+408+408+408+408+408+408+408+408+408+408+408+408+408+408+408+408+408+408
1+1+1+272+329+329+329+329+329+329
1+1+1+1+1+1+1+1+1+1+272+329+329+408+408
1+1+1+1+272+329+329+329+329+329+329+329+329+329+329+329+329+329+329+408+408
1+1+1+1+1+272+272+329+329+329+329+329+329+329+329+329+329+329+408+408+408
1+1+272+272+329+329+329+329+329+329+329+329+329
1+272+408+408+408+408+408+408
1+329+329+329+329+329+408+408+408+408+408+408+408+408
1+1+1+1+1+272+329+329+329+329+329+329+329+329+329+329+329+329+329+329+329+408+408+408
272+329+329+329+329+329+329+329+329+329+329+329+329+329+329+329+329+329+329+329+329+329+329+329+329+329+329+329+329+329+329+329+329
1+1+1+272+272+329+329+329+408+408+408+408+408+408+408+408+408+408+408+408+408+408+408+408+408+408+408+408
329+329+329+329+329+329+329+329+329+408+408+408+408+408+408
1+329+329+329+408+408+408+408+408+408+408+408+408+408+408+408+408+408+408+408+408+408+408+408
1+1+1+272+329+408+408+408+408+408+408+408+408+408
1+1+1+1+1+1+1+1+1+1+272+329+329+329+408+408
1+1+1+272+329+329+329+329+329+329+329+329+329+329+329+329+329+329+408+408+408+408+408+408+408+408+408+408+408+408
1+1+1+272+329+329+329+329+329+329+329+329+329+329+329+329+329+329+329+329+329+408
329+329+329+329+329+329+408+408+408+408+408+408+408+408+408+408+408+408+408+408+408
1+329+329+329+329+408+408+408+408+408+408+408+408+408+408+408+408+408+408+408+408+408+408
1+1+1+1+1+1+1+1+1+1+1+1+272+329+329+329+329+329+329+408
1+1+1+1+1+1+1+1+1+1+272+272+329+329+329+329+329+329+408+408
1+1+1+1+272+272+329+329+329+329+329+329+329+329+329+329+329+329+329+329+408+408
1+272+329+329+329+329+408+408+408+408+408+408+408+408+408+408+408+408+408
1+1+1+1+1+1+272+272+329+329+329+329+329+329+329+329+329+329+329+329+329+329+408+408+408+408+408+408+408
1+329+329+329+329+329+329+329+329+329+329+329+329+329+329+329+329+329+329+329+329+329+329+329+329+329+329+408+408+408+408+408
329+329+329+329+329+329+329+329+329+329+329+329+329+329+329+329+408+408+408+408+408+408
272+329+329+329+329+329+329+329+329+329+329+329+329+329+329+329+329+329+329+329+329+329+329+329+329+329
1+1+329+329+329+329+329+329+329+329+329+329+408+408
1+1+1+1+1+1+1+1+1+272+272+329+329+329+408+408+408+408+408
1+1+1+1+1+1+1+1+1+329+329+329+329+408+408+408
1+1+1+1+1+1+1+1+1+1+1+1+1+1+1+1+1+1+1+1+272+329+329+329+329+408+408+408
1+1+1+272+272+329+329+329+329+329+329+408+408+408+408+408+408+408+408+408+408+408+408+408+408+408
1+272+329+329+329+329+329+329+329+329+329+329+329+329+329+329+329+329+329+329+329+329+329+329+329+329+408+408+408+408+408+408
272+329+329+329+329+329+329+329+408+408+408+408+408+408
329+329+329+329+329+329+329+329+329+329+329+329+329+329+408+408+408+408+408+408+408+408+408+408+408+408+408
272+329+329+329+329+329+329+329+329+329+408+408+408
1+1+1+1+1+1+1+329+329+329+408+408+408+408+408
272+408+408+408+408+408+408+408+408+408+408+408+408
1+1+272+408+408+408+408+408+408+408+408+408+408+408+408+408+408
1+272+329+329+408+408+408+408+408+408+408
1+272+329+329+329+329+329+329+329+329+329+329+329+329+329+329+329+329+329+329+329+408+408+408+408
1+1+1+1+272+329+329+329+329+329+408+408+408
272+329+329+408+408+408+408+408+408+408+408+408+408+408+408+408+408+408+408+408+408
1+1+1+272+272+329+329+329+329+329+329+329+329+329+329+329+329+329+329+329+329+329+329+329+408+408+408+408+408+408
1+1+1+1+272+329+329+329+329+329+329+329+329+329+329+329+408+408+408
1+1+1+1+1+1+1+272+272+329+329+329+329+329+329+408+408+408+408+408
1+1+329+329+329+329+329+329+408+408+408+408+408+408+408+408+408+408+408+408+408+408+408+408+408+408+408+408
1+272+329+329+329+329+329+329+329+329+329+329+329+329+329+329+408+408+408
1+272+272+329+329+329+329+329+329+329+329+329+329+329+329+329+329+329+329+329+329+329+329+329+329+329+329+329+329+329+329+329+408+408
1+1+1+1+1+1+272+272+329+329+329+329+329+408+408+408+408+408+408
1+1+1+272+272+329+329+329+329+329+329+329+329+329+408+408+408+408+408+408+408+408+408+408+408+408+408+408
1+1+1+1+1+1+1+1+1+1+1+1+1+1+1+1+1+329+329+329+329+329+329
1+1+1+272+329+329+408+408+408+408+408
1+1+1+1+1+1+1+329+408+408+408+408
1+1+1+1+1+1+1+329+329+329+329+329+329+329+329+329+329+329+329+329+329+329+329+329+408+408+408
329+329+329+329+329+329+329+329+329+329+329+329+329+329+329+329+329+408+408+408+408+408+408+408
1+1+272+272+329+329+329+329+329+329+329+329+329+329+329+329+329+408+408+408+408+408+408+408+408+408+408+408+408+408
1+1+272+329+329+329+329+329+329+329+329+329+329+329+329+329+329+329+408+408+408
1+1+1+272+272+329+329+329+329+329+329+329+329+329+329+329+329+329+329+329+329+329+408+408+408+408+408+408+408+408+408+408+408
1+1+1+1+1+329+329+329+329+329+329+329+329+329+329+329+329+329+329+329+329+329+408+408+408+408+408+408+408+408+408
272+272+329+329+329+329+329+329+329+329+329+329+329+329+329+329+329+329+329+408+408
1+1+1+272+329+329+329+408+408+408+408+408+408+408+408+408+408+408+408+408+408+408+408+408+408+408
1+1+1+1+1+329+329+329+329+329+329+329+329+329+329+329+329+329+329+329+329+329+329+408+408+408+408
1+1+1+1+1+1+329+329+329+329+329+329+329+329+329+329+329+408+408+408+408+408+408+408+408+408
1+1+1+1+1+1+1+1+1+1+1+1+1+1+1+272+272+329+408+408+408
1+1+1+272+329+329+329+329+329+408+408+408+408
1+1+1+329+329+329+329+329+329+329+329+329+329+329+329+408+408+408+408+408+408+408+408+408+408+408+408+408+408+408+408+408
329+329+329+329+329+329+329+329+329+329+329+329+329+408+408+408+408+408+408+408
1+1+1+1+1+1+1+1+272+329+329+329+329+329+329+329+329+408+408
329+408+408+408+408+408+408+408+408+408+408+408+408+408+408+408+408+408
1+1+1+1+1+1+1+1+1+1+1+1+1+1+1+1+1+1+1+1+272+329+329+329+329+329+408+408+408
1+1+1+272+272+329+329+408+408+408+408+408+408+408+408+408
1+1+1+1+272+329+329+329+329+329+329+329+329+329+329+329+329+329+329+329+329+329+329+329+329+408+408
272+329+329+329+329+329+329+329+329+329+329+329+329+329+329+329+329+329+329+329+329+329+408+408+408+408+408+408
1+1+1+1+329+329+329+329+329+329+329+329+329+329+329+329+329+329+329+329+329+329
1+1+272+329+329+329+329+329+329+329+329+329+408+408+408+408+408+408+408
1+1+1+1+1+1+408+408+408
1+1+1+1+1+1+1+1+1+1+1+1+1+1+1+272+272+329+329+329+329+329+329
1+1+272+272+329+329+329+408+408+408+408+408+408+408+408+408+408+408+408+408+408+408+408+408+408+408+408
1+1+1+272+272+329+329+408+408+408+408
272+408+408+408+408+408+408+408+408+408+408+408+408+408+408+408+408+408+408
272+272+329+329+329+329+329+329+329+408+408+408+408+408+408+408+408+408+408+408
1+1+1+329+329+329+329+329+329+329+329+329+329+329+329+329+329+329+329+329+329+329+329+329+329+329+329+329+329+329+329+329+329
272+272+329+329+329+329+329+329+329+329+329+329+329+329+329+329+329+329+329+329+329+329+329+329+329+329+408+408+408+408+408+408
1+1+1+1+272+329+329+329+329+329+329+329+329+329+329+329+329+329+329+329+329+329+329+329+329+408+408+408+408+408+408+408
1+1+1+1+1+1+1+1+1+1+1+1+1+1+1+1+1+329+329+329+329+408
1+329+329+408
1+1+1+1+1+1+1+1+1+1+1+1+1+1+1+1+1+1+1+1+1+1+1+1+1+1+1+1+1+1+329+408+408
1+1+1+1+1+1+1+1+1+1+1+272+272+329+329+329+329+329+329+408+408+408+408+408
329+329+329+329+408+408+408+408+408+408+408+408+408+408+408+408+408+408+408
1+1+1+1+1+1+1+1+1+1+1+272+272+329+329+329+329+408+408+408+408+408+408+408
1+1+1+1+1+1+1+329+329+329+329+329+329+329+329+329+329+329+408+408+408+408+408+408+408+408+408+408
1+1+1+1+1+1+1+1+329+329+329+329+329+329+329+329+329+329+329+329+408+408+408+408+408
1+1+1+1+329+329+329+329+329+329+329+329+329+329+329+329+329+329+329+329+329+329+329+329+329+329+329+329+329+408+408+408+408
1+1+272+272+329+329+329+329+329+329+329+329+329+329+329+408+408+408+408+408+408+408+408+408+408+408+408+408+408+408
1+1+1+1+1+1+329+329+329+329+329+329+329+329+329+329+329+329+329+329+329+329+329+408+408+408+408+408+408
1+1+1+1+1+1+1+329+329+329+329+329+329+329+329+329+329+329+329+329+408+408+408+408+408+408+408+408
1+1+1+1+329+329+329+329+329+329+408+408+408+408+408+408+408+408
1+1+1+272+272+329+329+329+329+329+329+329+329+329+329+329+329+329+329+329+408+408+408+408+408+408+408
1+1+272+329+329+329+329+329+329+329+329+329+329+329+329+329+329+329+329+329+408+408+408+408+408+408+408+408
1+1+272+272+329+329+329+329+329+329+329+329+329+329+329+329+408+408+408+408+408+408+408+408
272+329+329+329+329+329+329+329+329+329+329+329+329+408+408+408+408+408+408
1+1+1+1+272+272+329+329+329+329+329+329+329+329+329+329+329+329+329+329+329+329+329+408+408+408+408
1+1+1+1+272+329+329+329+329+329+329+329+329+329+329+329+329+329+329+329+329+329+329+329+329+329+329+329+329+329+329+329+408
1+1+1+1+1+272+272+329+329+408
1+1+1+1+1+1+1+1+329+329+329+329+329+329+329+329+329+329+329+329+329+408+408+408+408+408+408+408+408+408
1+272+272+329+329+329+329+329+329+329+408+408+408+408+408+408+408+408+408+408+408+408+408+408+408
1+329+329+408+408+408+408+408+408+408+408+408+408
1+1+1+1+1+1+1+1+272+329+329+408+408+408+408+408+408+408
1+1+1+1+1+1+1+1+1+1+1+1+329+408+408+408+408+408+408+408
1+1+1+272+329+329+329+329+329+329+408
272+272+329+408+408+408+408+408+408+408+408+408+408+408+408+408+408+408+408+408+408+408
1+1+1+1+1+272+272+329+329+329+329+329+329+329+329+329+329+329+329+329+408+408+408+408+408
1+1+272+272+329+329+329+329+329+329+329+408+408+408+408+408
1+1+1+1+1+1+1+1+1+1+1+1+1+1+1+1+1+1+1+1+272+272+329+329+329+329+408+408
1+1+1+1+1+1+1+1+272+329+329+329+329+329+408+408+408+408+408+408+408
1+1+1+1+1+272+329+329+329+329+329+329+329+329+408+408+408
1+1+1+1+1+272+272+329+329+329+329+329+408+408+408+408+408+408
1+1+272+329+329+329+329+329+329+329+329+329+329+329+329+329+329+329+329+329+329+329+329+329+329+329+329+329+329+408
1+1+1+1+1+1+1+1+1+272+272+329+329+329+408
1+1+1+1+1+1+1+1+1+1+1+1+1+329+329+329+329+408+408
272+329+329+329+329+329+329+329
1+1+1+1+1+1+1+1+1+272+329+329+329+329+329+329+408
1+1+1+1+1+272+329+329+329+329+329+329+329+329+329+329+329+329+329+329+329+408+408+408+408+408+408+408+408
1+1+272+329+329+329+329+329+329+329+329+329+329+329+408
1+1+1+272+329+329+329+329+329+329+329+329+329+329+408
1+1+272+272+329+329+329+329+408+408+408+408+408+408+408+408+408+408+408+408+408+408+408+408+408
1+1+1+1+1+1+329+329+329+329+329+329+329+329+329+329+329+408+408+408+408+408+408+408+408+408+408
1+1+272+329+329+408+408+408+408+408+408+408+408+408+408+408
1+272+272+329+329+329+329+329+329+329+329+408+408+408+408+408+408+408+408+408+408+408
1+1+1+1+1+1+1+1+1+272+408+408+408+408+408+408
1+1+272+329+329+329+329+408+408+408+408+408+408+408+408+408+408+408