3 1 6
3 1 9
3 1 10
3 1 17
3 1 28
3 2 6
3 2 9
3 2 11
3 2 17
3 2 22
3 2 28
3 5 6
3 5 9
3 5 10
3 5 11
3 5 17
3 5 22
3 5 28
3 8 6
3 8 9
3 8 10
3 8 11
3 8 17
3 8 22
3 19 6
3 19 9
3 19 11
3 19 17
3 19 22
3 19 28
3 25 6
3 25 9
3 25 10
3 25 11
3 25 17
3 25 22
3 25 28
3 27 9
3 27 11
3 27 17
3 27 22
3 27 28
4 2 7
4 2 9
4 2 11
4 2 14
4 2 22
4 2 23
4 2 28
4 5 7
4 5 9
4 5 10
4 5 11
4 5 14
4 5 16
4 5 22
4 5 23
4 5 28
4 8 7
4 8 9
4 8 10
4 8 11
4 8 14
4 8 16
4 8 22
4 8 23
4 18 7
4 18 9
4 18 10
4 18 11
4 18 16
4 18 22
4 18 23
4 18 28
4 19 7
4 19 9
4 19 11
4 19 16
4 19 22
4 19 28
4 25 7
4 25 9
4 25 10
4 25 11
4 25 14
4 25 22
4 25 23
4 25 28
4 26 7
4 26 9
4 26 11
4 26 22
4 26 28
12 1 6
12 1 7
12 1 9
12 1 10
12 1 14
12 1 17
12 1 28
12 1 29
12 2 6
12 2 7
12 2 9
12 2 11
12 2 14
12 2 17
12 2 22
12 2 28
12 2 29
12 5 6
12 5 7
12 5 9
12 5 10
12 5 11
12 5 14
12 5 17
12 5 22
12 5 28
12 5 29
12 8 6
12 8 7
12 8 9
12 8 10
12 8 11
12 8 14
12 8 17
12 8 22
12 8 29
12 18 6
12 18 7
12 18 9
12 18 10
12 18 11
12 18 17
12 18 22
12 18 28
12 18 29
12 19 6
12 19 7
12 19 9
12 19 11
12 19 17
12 19 22
12 19 28
12 19 29
12 25 6
12 25 7
12 25 9
12 25 10
12 25 11
12 25 14
12 25 17
12 25 22
12 25 28
12 25 29
12 27 7
12 27 9
12 27 11
12 27 14
12 27 17
12 27 22
12 27 28
12 27 29
13 1 6
13 1 7
13 1 9
13 1 10
13 1 14
13 1 16
13 1 17
13 1 23
13 1 28
13 1 29
13 2 6
13 2 7
13 2 9
13 2 11
13 2 14
13 2 17
13 2 22
13 2 23
13 2 28
13 2 29
13 5 6
13 5 7
13 5 9
13 5 10
13 5 11
13 5 14
13 5 16
13 5 17
13 5 22
13 5 23
13 5 28
13 5 29
13 8 6
13 8 7
13 8 9
13 8 10
13 8 11
13 8 14
13 8 16
13 8 17
13 8 22
13 8 23
13 8 29
13 18 6
13 18 7
13 18 9
13 18 10
13 18 11
13 18 16
13 18 17
13 18 22
13 18 23
13 18 28
13 18 29
13 19 6
13 19 7
13 19 9
13 19 11
13 19 16
13 19 17
13 19 22
13 19 28
13 19 29
13 25 6
13 25 7
13 25 9
13 25 10
13 25 11
13 25 14
13 25 17
13 25 22
13 25 23
13 25 28
13 25 29
13 26 6
13 26 7
13 26 9
13 26 11
13 26 17
13 26 22
13 26 28
13 26 29
13 27 7
13 27 9
13 27 11
13 27 14
13 27 17
13 27 22
13 27 23
13 27 28
13 27 29
15 1 6
15 1 7
15 1 9
15 1 10
15 1 14
15 1 16
15 1 17
15 1 23
15 1 28
15 2 6
15 2 7
15 2 9
15 2 11
15 2 14
15 2 17
15 2 22
15 2 23
15 2 28
15 5 6
15 5 7
15 5 9
15 5 10
15 5 11
15 5 14
15 5 16
15 5 17
15 5 22
15 5 23
15 5 28
15 8 6
15 8 7
15 8 9
15 8 10
15 8 11
15 8 14
15 8 16
15 8 17
15 8 22
15 8 23
15 18 6
15 18 7
15 18 9
15 18 10
15 18 11
15 18 16
15 18 17
15 18 22
15 18 23
15 18 28
15 19 6
15 19 7
15 19 9
15 19 11
15 19 16
15 19 17
15 19 22
15 19 28
15 25 6
15 25 7
15 25 9
15 25 10
15 25 11
15 25 14
15 25 17
15 25 22
15 25 23
15 25 28
15 26 6
15 26 7
15 26 9
15 26 11
15 26 17
15 26 22
15 26 28
15 27 7
15 27 9
15 27 11
15 27 14
15 27 17
15 27 22
15 27 23
15 27 28
20 1 6
20 1 7
20 1 9
20 1 10
20 1 14
20 1 16
20 1 17
20 1 23
20 1 28
20 1 29
20 2 6
20 2 7
20 2 9
20 2 11
20 2 14
20 2 17
20 2 22
20 2 23
20 2 28
20 2 29
20 8 6
20 8 7
20 8 9
20 8 10
20 8 11
20 8 14
20 8 16
20 8 17
20 8 22
20 8 23
20 8 29
20 18 6
20 18 7
20 18 9
20 18 10
20 18 11
20 18 16
20 18 17
20 18 22
20 18 23
20 18 28
20 18 29
20 25 6
20 25 7
20 25 9
20 25 10
20 25 11
20 25 14
20 25 17
20 25 22
20 25 23
20 25 28
20 25 29
20 26 6
20 26 7
20 26 9
20 26 11
20 26 17
20 26 22
20 26 28
20 26 29
20 27 7
20 27 9
20 27 11
20 27 14
20 27 17
20 27 22
20 27 23
20 27 28
20 27 29
21 1 6
21 1 7
21 1 9
21 1 10
21 1 14
21 1 16
21 1 17
21 1 23
21 1 28
21 1 29
21 2 6
21 2 7
21 2 9
21 2 11
21 2 14
21 2 17
21 2 22
21 2 23
21 2 28
21 2 29
21 5 6
21 5 7
21 5 9
21 5 10
21 5 11
21 5 14
21 5 16
21 5 17
21 5 22
21 5 23
21 5 28
21 5 29
21 8 6
21 8 7
21 8 9
21 8 10
21 8 11
21 8 14
21 8 16
21 8 17
21 8 22
21 8 23
21 8 29
21 18 6
21 18 7
21 18 9
21 18 10
21 18 11
21 18 16
21 18 17
21 18 22
21 18 23
21 18 28
21 18 29
21 19 6
21 19 7
21 19 9
21 19 11
21 19 16
21 19 17
21 19 22
21 19 28
21 19 29
21 25 6
21 25 7
21 25 9
21 25 10
21 25 11
21 25 14
21 25 17
21 25 22
21 25 23
21 25 28
21 25 29
21 26 6
21 26 7
21 26 9
21 26 11
21 26 17
21 26 22
21 26 28
21 26 29
21 27 7
21 27 9
21 27 11
21 27 14
21 27 17
21 27 22
21 27 23
21 27 28
21 27 29
24 1 7
24 1 9
24 1 10
24 1 14
24 1 16
24 1 17
24 1 23
24 1 28
24 2 7
24 2 9
24 2 11
24 2 14
24 2 17
24 2 22
24 2 23
24 2 28
24 5 7
24 5 9
24 5 10
24 5 11
24 5 14
24 5 16
24 5 17
24 5 22
24 5 23
24 5 28
24 8 7
24 8 9
24 8 10
24 8 11
24 8 14
24 8 16
24 8 17
24 8 22
24 8 23
24 18 7
24 18 9
24 18 10
24 18 11
24 18 16
24 18 17
24 18 22
24 18 23
24 18 28
24 19 7
24 19 9
24 19 11
24 19 16
24 19 17
24 19 22
24 19 28
24 25 7
24 25 9
24 25 10
24 25 11
24 25 14
24 25 17
24 25 22
24 25 23
24 25 28
24 26 7
24 26 9
24 26 11
24 26 17
24 26 22
24 26 28
30 1 6
30 1 7
30 1 9
30 1 10
30 1 16
30 1 17
30 1 23
30 1 29
30 2 6
30 2 7
30 2 9
30 2 11
30 2 17
30 2 23
30 2 29
30 5 6
30 5 7
30 5 9
30 5 10
30 5 11
30 5 16
30 5 17
30 5 23
30 5 29
30 8 6
30 8 7
30 8 9
30 8 10
30 8 11
30 8 16
30 8 17
30 8 23
30 8 29
30 19 6
30 19 7
30 19 9
30 19 11
30 19 16
30 19 17
30 19 29
30 25 6
30 25 7
30 25 9
30 25 10
30 25 11
30 25 17
30 25 23
30 25 29
30 26 6
30 26 7
30 26 9
30 26 11
30 26 17
30 26 29
30 27 7
30 27 9
30 27 11
30 27 17
30 27 23
30 27 29