null
-1
-1
false
false
-1
-1
-1
false
true
-1
false
false
-1
true
1
false
false
true
true
false
true
false
true
true
false
1
-1
false
true
0
false
0
false
false
false
true
0
1
false
true
false
true
-1
true
true
1
-1
false
false
false
true
false
false
true
false
false
true
false
false
0
false
true
true
true
false
true
false
-1
false
false
false
true
0
true
-1
false
0
false
false
true
true
true
true
true
true
false
false
false
true
1
1
true
-1
false
true
-1
1
false
true
false
false
false
false
2
0
false
false
true
false
true
false
false
1
false
true
1
-1
true
1
0
false
true
true
false
false
false
true
true
0
false
-1
false
-1
false
-1
true
true
0
false
true
true
true
false
3
true
0
0
-1
false
-1
-1
-1
0
true
-1
false
true
true
false
-1
false
false
true
false
0
-1
true
true
true
0
false
1
0
true
true
true
true
false
false
3
-1
true
0
false
false
false
false
-1
true
true
-1
-1
0
false
1
1
false
false
true
true
