/ba/a/a/bge/db/
/ba/a/a/e/e/
/ba/a/a/f/f/ea/
/ba/a/bge/e/
/ba/a/ccc/bge/
/ba/a/ccc/cb/aa/
/ba/a/ccc/cb/db/
/ba/a/ccc/ccc/aa/
/ba/a/e/aa/
/ba/a/e/ccc/db/
/ba/a/ea/aa/e/aa/
/ba/a/ea/aa/e/bge/bge/ba/f/aa/db/
/ba/ba/a/cb/bge/ba/ccc/ccc/db/
/ba/ba/aa/ba/
/ba/ba/cb/
/ba/ba/ccc/ba/ba/
/ba/ba/ccc/cb/f/aa/
/ba/ba/ccc/ccc/
/ba/ba/e/
/ba/ba/ea/ccc/aa/
/ba/cb/a/ba/
/ba/cb/a/cb/ea/
/ba/cb/aa/aa/aa/a/a/ea/bge/a/
/ba/cb/aa/aa/aa/a/a/ea/cb/db/
/ba/cb/aa/aa/aa/a/a/ea/db/
/ba/cb/aa/aa/aa/a/a/f/
/ba/cb/aa/aa/aa/a/ba/e/
/ba/cb/aa/aa/aa/a/db/
/ba/cb/aa/aa/aa/aa/ba/
/ba/cb/aa/aa/aa/aa/db/e/
/ba/cb/aa/aa/aa/ba/f/ccc/
/ba/cb/aa/aa/aa/ba/f/ea/
/ba/cb/aa/aa/aa/bge/ba/
/ba/cb/aa/aa/aa/bge/f/f/cb/
/ba/cb/aa/aa/aa/ea/db/e/e/
/ba/cb/aa/aa/ccc/bge/ccc/db/
/ba/cb/aa/aa/ccc/e/
/ba/cb/aa/aa/e/cb/ba/
/ba/cb/aa/aa/e/ccc/cb/a/cb/
/ba/cb/aa/aa/e/ccc/cb/aa/
/ba/cb/aa/aa/e/ccc/ccc/bge/
/ba/cb/aa/aa/e/e/e/
/ba/cb/aa/aa/e/f/ba/aa/
/ba/cb/aa/aa/ea/a/
/ba/cb/aa/aa/ea/aa/ccc/
/ba/cb/aa/aa/ea/e/
/ba/cb/aa/aa/ea/ea/ba/ccc/
/ba/cb/aa/aa/ea/f/
/ba/cb/aa/bge/e/
/ba/cb/aa/e/f/a/cb/
/ba/cb/aa/f/
/ba/cb/ccc/a/db/e/
/ba/cb/ccc/a/db/ea/ccc/
/ba/cb/ccc/ba/
/ba/cb/ccc/ccc/ba/
/ba/cb/ccc/ccc/f/
/ba/cb/ccc/e/
/ba/cb/ccc/ea/
/ba/cb/ccc/f/
/ba/cb/e/a/a/bge/
/ba/cb/e/a/aa/ba/
/ba/cb/e/a/aa/ccc/aa/ccc/bge/
/ba/cb/e/a/bge/e/
/ba/cb/e/a/ccc/f/
/ba/cb/e/a/db/aa/db/
/ba/cb/e/a/db/ccc/f/
/ba/cb/e/a/db/db/
/ba/cb/e/a/db/e/ccc/
/ba/cb/e/aa/f/
/ba/cb/e/bge/ccc/
/ba/cb/e/bge/e/db/
/ba/cb/e/bge/e/e/e/
/ba/cb/e/bge/e/e/ea/
/ba/cb/e/bge/e/f/
/ba/cb/e/e/bge/bge/
/ba/cb/e/e/f/
/ba/cb/e/ea/aa/aa/ba/
/ba/cb/e/ea/aa/ba/db/
/ba/cb/e/ea/aa/ba/e/aa/ccc/bge/
/ba/cb/e/ea/aa/ba/e/aa/ccc/f/e/
/ba/cb/e/ea/aa/ba/e/ba/a/aa/
/ba/cb/e/ea/aa/ba/e/ba/a/bge/
/ba/cb/e/ea/aa/ba/e/ba/aa/db/ba/
/ba/cb/e/ea/aa/ba/e/ba/ba/e/
/ba/cb/e/ea/aa/ba/e/ba/cb/cb/
/ba/cb/e/ea/aa/ba/e/cb/a/f/
/ba/cb/e/ea/aa/ba/e/cb/ea/
/ba/cb/e/ea/aa/ba/e/f/bge/a/e/cb/cb/
/ba/cb/e/ea/aa/ba/e/f/ccc/aa/
/ba/cb/e/ea/aa/ba/e/f/ccc/f/
/ba/cb/e/ea/aa/f/
/ba/cb/e/ea/cb/
/ba/cb/e/ea/db/bge/
/ba/cb/e/ea/db/ccc/aa/ccc/
/ba/cb/e/ea/db/ccc/ba/aa/
/ba/cb/e/ea/e/
/ba/cb/e/ea/f/a/aa/f/
/ba/cb/e/ea/f/a/ba/ea/a/
/ba/cb/e/ea/f/aa/bge/a/
/ba/cb/e/ea/f/bge/bge/ea/bge/aa/aa/
/ba/cb/e/ea/f/bge/bge/ea/bge/ea/bge/ccc/
/ba/cb/e/ea/f/bge/bge/ea/db/aa/
/ba/cb/e/ea/f/bge/f/a/
/ba/cb/e/ea/f/bge/f/ba/
/ba/cb/e/ea/f/e/f/
/ba/cb/e/ea/f/ea/cb/ba/a/
/ba/cb/e/ea/f/ea/cb/cb/
/ba/cb/e/ea/f/ea/f/aa/
/ba/cb/e/ea/f/ea/f/f/ba/
/ba/cb/e/ea/f/ea/f/f/ccc/
/ba/cb/e/ea/f/ea/f/f/db/ba/
/ba/cb/e/ea/f/ea/f/f/e/
/ba/ccc/e/ccc/
/ba/ccc/ea/a/e/
/ba/ccc/ea/bge/ba/a/
/ba/ccc/ea/cb/ba/db/bge/
/ba/ccc/ea/cb/ba/db/db/
/ba/ccc/ea/cb/ba/db/f/cb/
/ba/ccc/ea/cb/bge/a/a/f/
/ba/ccc/ea/cb/bge/ccc/aa/ea/a/
/ba/ccc/ea/cb/bge/ccc/aa/ea/cb/
/ba/ccc/ea/cb/bge/ccc/cb/
/ba/ccc/ea/cb/bge/ccc/f/cb/cb/
/ba/ccc/ea/cb/ccc/db/a/
/ba/ccc/ea/cb/ccc/db/ea/
/ba/ccc/ea/cb/e/bge/a/
/ba/ccc/ea/cb/e/bge/bge/ea/
/ba/ccc/ea/cb/e/ccc/db/
/ba/ccc/ea/cb/e/db/ea/ea/
/ba/ccc/ea/cb/e/e/a/ea/e/
/ba/ccc/ea/cb/e/f/
/ba/ccc/ea/cb/ea/a/f/
/ba/ccc/ea/cb/ea/aa/
/ba/ccc/ea/cb/ea/bge/
/ba/ccc/ea/cb/ea/ccc/
/ba/ccc/ea/cb/ea/e/
/ba/ccc/ea/cb/f/ba/aa/
/ba/ccc/ea/cb/f/ba/db/
/ba/ccc/ea/cb/f/bge/a/
/ba/ccc/ea/cb/f/bge/db/
/ba/ccc/ea/cb/f/db/f/a/aa/aa/e/
/ba/ccc/ea/cb/f/db/f/a/aa/bge/
/ba/ccc/ea/cb/f/db/f/a/aa/ccc/f/ccc/
/ba/ccc/ea/cb/f/db/f/a/cb/ba/cb/ea/aa/
/ba/ccc/ea/cb/f/db/f/a/cb/ba/cb/ea/ba/
/ba/ccc/ea/cb/f/db/f/a/cb/ba/cb/ea/bge/
/ba/ccc/ea/cb/f/db/f/a/cb/ba/cb/f/cb/aa/
/ba/ccc/ea/cb/f/db/f/a/cb/ba/ea/a/
/ba/ccc/ea/cb/f/db/f/a/cb/ba/ea/cb/
/ba/ccc/ea/cb/f/db/f/a/cb/ba/ea/ea/
/ba/ccc/ea/cb/f/db/f/a/cb/bge/f/
/ba/ccc/ea/cb/f/db/f/a/cb/e/cb/ccc/ba/
/ba/ccc/ea/cb/f/db/f/a/cb/e/cb/ccc/e/e/ea/
/ba/ccc/ea/cb/f/db/f/a/cb/e/db/cb/bge/
/ba/ccc/ea/cb/f/db/f/a/cb/e/db/f/ba/ccc/ccc/
/ba/ccc/ea/cb/f/db/f/a/cb/e/db/f/ba/f/
/ba/ccc/ea/cb/f/db/f/a/db/
/ba/ccc/ea/cb/f/db/f/a/f/e/aa/
/ba/ccc/ea/cb/f/db/f/a/f/e/ba/
/ba/ccc/ea/cb/f/db/f/a/f/e/cb/ba/
/ba/ccc/ea/cb/f/db/f/ba/a/
/ba/ccc/ea/cb/f/db/f/ba/aa/
/ba/ccc/ea/cb/f/db/f/ba/ba/
/ba/ccc/ea/cb/f/db/f/ba/db/ba/ba/db/
/ba/ccc/ea/cb/f/db/f/ba/db/ba/db/e/cb/
/ba/ccc/ea/cb/f/db/f/ba/e/a/
/ba/ccc/ea/cb/f/db/f/cb/f/a/db/ccc/
/ba/ccc/ea/cb/f/db/f/cb/f/aa/
/ba/ccc/ea/cb/f/db/f/cb/f/ccc/a/ccc/
/ba/ccc/ea/cb/f/db/f/cb/f/ccc/aa/db/
/ba/ccc/ea/cb/f/db/f/cb/f/ccc/ea/a/a/db/
/ba/ccc/ea/cb/f/db/f/ea/aa/
/ba/ccc/ea/cb/f/db/f/ea/ea/e/aa/ccc/bge/
/ba/ccc/ea/cb/f/db/f/ea/ea/e/aa/ccc/e/
/ba/ccc/ea/cb/f/db/f/ea/ea/e/aa/ccc/ea/
/ba/ccc/ea/cb/f/db/f/ea/ea/e/e/
/ba/ccc/ea/cb/f/db/f/ea/ea/f/
/ba/ccc/ea/cb/f/db/f/f/
/ba/ccc/ea/e/a/a/cb/ccc/
/ba/ccc/ea/e/a/ba/aa/
/ba/ccc/ea/e/a/ba/ba/
/ba/ccc/ea/e/a/ba/f/
/ba/ccc/ea/e/a/ccc/
/ba/ccc/ea/e/aa/e/a/db/
/ba/ccc/ea/e/cb/
/ba/ccc/ea/ea/e/
/ba/ccc/ea/ea/f/f/
/ba/db/a/ba/
/ba/db/db/bge/
/ba/db/ea/
/ba/e/a/aa/aa/
/ba/e/a/ba/db/ba/
/ba/e/a/ba/db/ccc/aa/aa/
/ba/e/a/ba/db/db/
/ba/e/a/ba/db/ea/f/
/ba/e/a/ccc/
/ba/e/a/db/