/bba/c/bba/e/bba/e/bba/
/bba/c/bba/e/bba/e/c/
/bba/c/bba/e/bba/fgg/faf/e/fgg/
/bba/c/bba/e/c/bba/
/bba/c/bba/e/c/c/bba/bba/
/bba/c/bba/e/c/faf/
/bba/c/bba/faf/
/bba/c/bba/fgg/
/bba/c/c/c/bba/
/bba/c/c/c/e/bba/
/bba/c/c/c/faf/
/bba/c/c/c/fgg/
/bba/c/c/e/c/e/bba/fgg/fgg/e/faf/
/bba/c/c/e/c/fgg/
/bba/c/c/e/e/bba/fgg/bba/
/bba/c/c/e/e/bba/fgg/e/
/bba/c/c/e/e/faf/c/bba/
/bba/c/c/e/e/faf/c/c/c/c/e/fgg/
/bba/c/c/e/e/faf/c/fgg/
/bba/c/c/e/faf/faf/
/bba/c/c/faf/e/c/
/bba/c/c/fgg/bba/
/bba/c/c/fgg/e/c/bba/
/bba/c/c/fgg/e/c/e/
/bba/c/c/fgg/e/fgg/c/c/fgg/
/bba/c/c/fgg/e/fgg/c/e/c/
/bba/c/c/fgg/e/fgg/c/e/fgg/bba/
/bba/c/c/fgg/e/fgg/c/faf/fgg/bba/
/bba/c/c/fgg/e/fgg/c/faf/fgg/c/e/
/bba/c/c/fgg/e/fgg/faf/
/bba/c/c/fgg/faf/
/bba/c/c/fgg/fgg/e/
/bba/c/c/fgg/fgg/faf/
/bba/c/e/e/bba/
/bba/c/e/e/c/c/bba/
/bba/c/e/e/faf/bba/
/bba/c/e/e/faf/c/
/bba/c/e/e/faf/e/
/bba/c/e/e/fgg/
/bba/c/e/faf/e/
/bba/c/e/faf/faf/bba/
/bba/c/e/fgg/c/
/bba/c/faf/bba/e/fgg/
/bba/c/faf/bba/faf/
/bba/c/faf/c/c/
/bba/c/faf/c/fgg/bba/
/bba/c/faf/c/fgg/c/c/bba/
/bba/c/faf/c/fgg/c/c/fgg/
/bba/c/faf/c/fgg/fgg/
/bba/c/faf/faf/
/bba/e/c/bba/c/c/e/
/bba/e/c/c/faf/
/bba/e/faf/c/c/
/bba/e/faf/c/fgg/
/bba/e/faf/faf/bba/e/
/bba/e/fgg/e/fgg/
/bba/faf/bba/
/bba/fgg/c/bba/bba/bba/bba/faf/
/bba/fgg/c/bba/bba/bba/c/bba/c/
/bba/fgg/c/bba/bba/bba/c/faf/bba/c/bba/
/bba/fgg/c/bba/bba/bba/c/faf/bba/c/e/c/bba/
/bba/fgg/c/bba/bba/bba/c/faf/bba/fgg/faf/
/bba/fgg/c/bba/bba/bba/c/faf/faf/c/
/bba/fgg/c/bba/bba/bba/c/fgg/fgg/e/
/bba/fgg/c/bba/bba/c/c/bba/
/bba/fgg/c/bba/bba/c/c/c/
/bba/fgg/c/bba/bba/e/c/
/bba/fgg/c/bba/bba/faf/
/bba/fgg/c/bba/bba/fgg/e/c/
/bba/fgg/c/bba/bba/fgg/faf/fgg/
/bba/fgg/c/c/bba/
/bba/fgg/c/c/faf/e/bba/faf/
/bba/fgg/c/fgg/faf/
/bba/fgg/e/c/c/bba/
/bba/fgg/e/c/c/e/
/bba/fgg/e/c/e/
/bba/fgg/e/c/faf/
/bba/fgg/e/faf/e/
/bba/fgg/e/faf/faf/bba/
/bba/fgg/e/faf/faf/e/
/bba/fgg/faf/bba/bba/c/
/bba/fgg/faf/bba/bba/fgg/
/bba/fgg/faf/bba/c/bba/e/bba/
/bba/fgg/faf/bba/c/bba/e/c/bba/
/bba/fgg/faf/bba/c/bba/e/c/faf/e/
/bba/fgg/faf/bba/c/e/c/
/bba/fgg/faf/bba/fgg/e/
/bba/fgg/faf/bba/fgg/fgg/
/bba/fgg/faf/c/c/bba/
/bba/fgg/faf/c/c/c/faf/bba/
/bba/fgg/faf/c/c/c/fgg/bba/
/bba/fgg/faf/c/c/e/c/e/faf/
/bba/fgg/faf/c/c/e/c/e/fgg/
/bba/fgg/faf/c/c/e/c/faf/
/bba/fgg/faf/c/c/e/c/fgg/bba/faf/
/bba/fgg/faf/c/c/e/fgg/bba/fgg/
/bba/fgg/faf/c/c/faf/c/c/
/bba/fgg/faf/c/c/faf/c/e/
/bba/fgg/faf/c/c/faf/c/fgg/c/
/bba/fgg/faf/c/c/faf/faf/bba/bba/
/bba/fgg/faf/c/c/faf/faf/c/
/bba/fgg/faf/c/c/fgg/c/c/bba/
/bba/fgg/faf/c/c/fgg/c/e/c/bba/e/
/bba/fgg/faf/c/c/fgg/faf/bba/c/c/
/bba/fgg/faf/c/c/fgg/faf/bba/fgg/
/bba/fgg/faf/c/e/bba/faf/bba/bba/faf/
/bba/fgg/faf/c/e/e/
/bba/fgg/faf/c/e/fgg/
/bba/fgg/faf/c/faf/
/bba/fgg/faf/c/fgg/c/fgg/fgg/
/bba/fgg/faf/c/fgg/fgg/bba/
/bba/fgg/faf/c/fgg/fgg/e/bba/
/bba/fgg/faf/fgg/bba/
/bba/fgg/faf/fgg/c/e/e/
/bba/fgg/faf/fgg/c/e/faf/
/bba/fgg/faf/fgg/c/faf/bba/e/c/
/bba/fgg/faf/fgg/c/faf/bba/faf/c/c/
/bba/fgg/faf/fgg/c/faf/faf/fgg/faf/bba/
/bba/fgg/faf/fgg/c/faf/faf/fgg/faf/e/faf/e/
/bba/fgg/faf/fgg/c/faf/fgg/faf/e/
/bba/fgg/faf/fgg/c/fgg/bba/
/bba/fgg/faf/fgg/c/fgg/c/faf/c/e/
/bba/fgg/faf/fgg/c/fgg/e/
/bba/fgg/faf/fgg/e/bba/bba/c/
/bba/fgg/faf/fgg/e/bba/c/
/bba/fgg/faf/fgg/e/bba/e/e/bba/
/bba/fgg/faf/fgg/e/bba/e/e/fgg/c/
/bba/fgg/faf/fgg/e/bba/e/e/fgg/e/bba/faf/
/bba/fgg/faf/fgg/e/bba/e/e/fgg/e/fgg/c/
/bba/fgg/faf/fgg/e/bba/fgg/fgg/
/bba/fgg/faf/fgg/e/faf/c/
/bba/fgg/faf/fgg/e/fgg/bba/
/bba/fgg/faf/fgg/e/fgg/e/bba/e/
/bba/fgg/faf/fgg/e/fgg/e/bba/fgg/
/bba/fgg/faf/fgg/e/fgg/e/e/
/bba/fgg/faf/fgg/e/fgg/e/fgg/bba/
/bba/fgg/faf/fgg/e/fgg/e/fgg/e/e/
/bba/fgg/faf/fgg/e/fgg/faf/e/c/
/bba/fgg/faf/fgg/e/fgg/faf/e/fgg/
/bba/fgg/faf/fgg/e/fgg/fgg/bba/c/
/bba/fgg/faf/fgg/e/fgg/fgg/bba/e/e/c/
/bba/fgg/faf/fgg/e/fgg/fgg/bba/e/e/faf/faf/faf/faf/fgg/
/bba/fgg/faf/fgg/e/fgg/fgg/bba/faf/
/bba/fgg/faf/fgg/e/fgg/fgg/faf/
/bba/fgg/faf/fgg/faf/bba/faf/
/bba/fgg/faf/fgg/faf/faf/bba/e/e/
/bba/fgg/faf/fgg/faf/faf/bba/e/faf/
/bba/fgg/faf/fgg/faf/faf/e/e/bba/fgg/faf/fgg/c/faf/
/bba/fgg/faf/fgg/faf/faf/e/e/bba/fgg/faf/fgg/e/
/bba/fgg/faf/fgg/faf/faf/e/e/faf/faf/e/
/bba/fgg/faf/fgg/faf/faf/e/e/faf/faf/fgg/
/bba/fgg/faf/fgg/faf/faf/e/faf/c/
/bba/fgg/faf/fgg/faf/fgg/bba/fgg/
/bba/fgg/faf/fgg/fgg/bba/e/
/bba/fgg/faf/fgg/fgg/c/faf/
/bba/fgg/faf/fgg/fgg/e/bba/
/bba/fgg/faf/fgg/fgg/e/e/bba/faf/
/bba/fgg/faf/fgg/fgg/e/e/c/
/bba/fgg/faf/fgg/fgg/e/faf/
/bba/fgg/faf/fgg/fgg/e/fgg/bba/
/bba/fgg/faf/fgg/fgg/fgg/c/faf/
/bba/fgg/faf/fgg/fgg/fgg/e/
/bba/fgg/fgg/c/bba/
/bba/fgg/fgg/faf/c/c/c/
/bba/fgg/fgg/faf/c/e/faf/
/bba/fgg/fgg/faf/c/fgg/
/bba/fgg/fgg/fgg/fgg/fgg/faf/