/f/bgf/bgf/bgf/bcb/bgf/egb/
/f/bgf/bgf/bgf/bcb/d/egb/bgf/d/
/f/bgf/bgf/bgf/bcb/d/egb/bgf/egb/egb/bgf/
/f/bgf/bgf/bgf/bcb/egb/bcb/d/
/f/bgf/bgf/bgf/bcb/f/d/
/f/bgf/bgf/bgf/bcb/f/f/f/
/f/bgf/bgf/bgf/d/
/f/bgf/bgf/bgf/egb/bcb/
/f/bgf/bgf/bgf/egb/f/bcb/
/f/bgf/bgf/bgf/egb/f/d/d/
/f/bgf/bgf/bgf/egb/f/f/bcb/f/
/f/bgf/bgf/bgf/f/bcb/bcb/
/f/bgf/bgf/bgf/f/d/bcb/bcb/bgf/
/f/bgf/bgf/bgf/f/d/bcb/egb/
/f/bgf/bgf/egb/
/f/bgf/bgf/f/bcb/bcb/egb/
/f/bgf/bgf/f/bcb/bcb/f/f/f/
/f/bgf/bgf/f/bcb/bgf/bgf/f/
/f/bgf/bgf/f/bcb/bgf/egb/
/f/bgf/bgf/f/bcb/f/d/
/f/bgf/bgf/f/d/bcb/
/f/bgf/bgf/f/d/f/
/f/bgf/bgf/f/egb/bgf/
/f/bgf/bgf/f/f/bcb/bcb/d/d/
/f/bgf/bgf/f/f/bcb/d/d/
/f/bgf/bgf/f/f/bcb/f/d/egb/
/f/bgf/bgf/f/f/bcb/f/f/bcb/d/
/f/bgf/bgf/f/f/bcb/f/f/bcb/egb/
/f/bgf/bgf/f/f/egb/bcb/bcb/egb/bcb/egb/
/f/bgf/bgf/f/f/egb/bcb/bcb/egb/bcb/f/
/f/bgf/bgf/f/f/egb/bcb/bgf/d/d/
/f/bgf/bgf/f/f/egb/bcb/bgf/d/f/
/f/bgf/bgf/f/f/egb/bcb/egb/bgf/
/f/bgf/bgf/f/f/egb/bcb/f/bgf/bcb/
/f/bgf/bgf/f/f/egb/bcb/f/bgf/f/bgf/egb/
/f/bgf/bgf/f/f/egb/bcb/f/bgf/f/f/d/
/f/bgf/bgf/f/f/egb/bgf/bcb/bcb/
/f/bgf/bgf/f/f/egb/bgf/bcb/d/
/f/bgf/bgf/f/f/egb/bgf/bgf/
/f/bgf/bgf/f/f/egb/bgf/d/bcb/
/f/bgf/bgf/f/f/egb/egb/
/f/bgf/bgf/f/f/egb/f/d/bcb/
/f/bgf/bgf/f/f/egb/f/egb/bgf/
/f/bgf/bgf/f/f/f/bgf/
/f/bgf/bgf/f/f/f/f/
/f/bgf/d/
/f/bgf/egb/d/d/
/f/bgf/egb/egb/
/f/bgf/egb/f/egb/bgf/f/bcb/
/f/bgf/egb/f/egb/d/bgf/
/f/bgf/egb/f/egb/d/egb/
/f/bgf/egb/f/egb/f/bgf/
/f/bgf/f/bgf/bcb/
/f/bgf/f/bgf/egb/bcb/d/bcb/bgf/
/f/bgf/f/bgf/egb/bcb/d/bgf/f/
/f/bgf/f/bgf/egb/bgf/bgf/
/f/bgf/f/bgf/f/bgf/
/f/bgf/f/egb/bcb/bcb/egb/bcb/egb/
/f/bgf/f/egb/bcb/bcb/egb/egb/
/f/bgf/f/egb/bcb/bcb/f/bcb/
/f/bgf/f/egb/bcb/bcb/f/bgf/
/f/bgf/f/egb/bcb/d/egb/egb/
/f/bgf/f/egb/bcb/egb/
/f/bgf/f/egb/egb/f/
/f/bgf/f/f/d/d/
/f/bgf/f/f/d/f/bgf/
/f/d/bcb/bcb/
/f/d/bcb/f/
/f/d/bgf/bgf/
/f/d/f/bcb/
/f/d/f/bgf/bcb/
/f/d/f/bgf/bgf/
/f/d/f/f/
/f/egb/bcb/bgf/bgf/
/f/egb/bcb/f/
/f/egb/bgf/bcb/bgf/
/f/egb/bgf/f/f/
/f/egb/d/
/f/egb/egb/bcb/bcb/
/f/egb/egb/bcb/bgf/
/f/egb/egb/bcb/d/d/
/f/egb/egb/bcb/d/egb/
/f/egb/egb/bcb/d/f/
/f/egb/egb/bcb/egb/egb/
/f/egb/egb/bcb/f/bcb/
/f/egb/egb/bcb/f/d/f/egb/
/f/egb/egb/bgf/
/f/egb/egb/d/d/bgf/
/f/egb/egb/d/egb/bcb/
/f/egb/egb/d/egb/d/
/f/egb/egb/d/egb/egb/
/f/egb/egb/d/f/bgf/
/f/egb/egb/egb/bcb/bcb/
/f/egb/egb/egb/d/d/
/f/egb/egb/egb/egb/d/bgf/egb/d/
/f/egb/egb/egb/egb/f/bgf/egb/f/egb/
/f/egb/egb/egb/egb/f/d/egb/
/f/egb/egb/egb/f/bgf/
/f/egb/egb/egb/f/egb/d/
/f/egb/egb/egb/f/egb/f/
/f/egb/egb/f/d/
/f/egb/egb/f/f/bgf/bgf/egb/d/
/f/egb/egb/f/f/bgf/bgf/egb/f/bcb/d/
/f/egb/egb/f/f/bgf/bgf/egb/f/bcb/f/d/
/f/egb/egb/f/f/bgf/bgf/egb/f/d/
/f/egb/f/bcb/bcb/bcb/bgf/bcb/egb/
/f/egb/f/bcb/bcb/bgf/
/f/egb/f/bcb/bgf/d/egb/
/f/egb/f/bcb/bgf/egb/egb/d/
/f/egb/f/bcb/d/f/bgf/
/f/egb/f/bcb/d/f/d/
/f/egb/f/bcb/egb/bcb/
/f/egb/f/bcb/egb/bgf/egb/egb/f/
/f/egb/f/bcb/egb/bgf/egb/f/
/f/egb/f/bcb/egb/d/bgf/egb/bcb/
/f/egb/f/bcb/egb/d/bgf/egb/d/
/f/egb/f/bcb/egb/d/bgf/egb/egb/bgf/
/f/egb/f/bcb/egb/d/f/bcb/
/f/egb/f/bcb/egb/d/f/d/f/
/f/egb/f/bcb/egb/d/f/egb/egb/bcb/bgf/f/
/f/egb/f/bcb/egb/d/f/egb/f/d/bcb/
/f/egb/f/bcb/egb/d/f/egb/f/d/bgf/
/f/egb/f/bcb/f/bcb/bgf/bcb/
/f/egb/f/bcb/f/bcb/bgf/bgf/d/f/bgf/
/f/egb/f/bcb/f/bcb/bgf/egb/
/f/egb/f/bcb/f/bgf/bcb/bcb/bcb/
/f/egb/f/bcb/f/bgf/bcb/bcb/egb/bgf/
/f/egb/f/bcb/f/bgf/bcb/egb/
/f/egb/f/bcb/f/bgf/bgf/
/f/egb/f/bcb/f/bgf/d/bcb/
/f/egb/f/bcb/f/bgf/d/bgf/
/f/egb/f/bcb/f/bgf/d/d/
/f/egb/f/bcb/f/bgf/f/egb/
/f/egb/f/bcb/f/bgf/f/f/bgf/bgf/bcb/d/
/f/egb/f/bcb/f/bgf/f/f/bgf/f/f/
/f/egb/f/bcb/f/bgf/f/f/egb/d/
/f/egb/f/bcb/f/bgf/f/f/egb/egb/
/f/egb/f/bcb/f/egb/bcb/f/f/
/f/egb/f/bcb/f/egb/bgf/
/f/egb/f/bcb/f/egb/d/bcb/bgf/egb/
/f/egb/f/bcb/f/f/bgf/bgf/egb/bcb/d/bcb/
/f/egb/f/bcb/f/f/bgf/bgf/egb/bcb/d/f/f/
/f/egb/f/bcb/f/f/bgf/bgf/egb/egb/
/f/egb/f/bcb/f/f/d/
/f/egb/f/d/bgf/d/bcb/
/f/egb/f/d/bgf/d/d/bcb/bcb/
/f/egb/f/d/bgf/d/d/egb/
/f/egb/f/d/bgf/d/egb/
/f/egb/f/d/bgf/egb/
/f/egb/f/d/d/d/
/f/egb/f/d/d/egb/
/f/egb/f/d/egb/
/f/egb/f/d/f/egb/egb/f/
/f/egb/f/d/f/egb/f/
/f/egb/f/f/f/
/f/f/bgf/bcb/egb/egb/
/f/f/bgf/bcb/f/
/f/f/bgf/d/bcb/
/f/f/bgf/d/d/
/f/f/bgf/f/
/f/f/d/bgf/egb/
/f/f/d/bgf/f/f/
/f/f/egb/