2 3 1 2
1 2 3 1
2 3 1 2
3 2 1 3
2 3 1 2
3 2 1 3
3 2 1 3
1 2 3 1
2 3 1 2
3 2 1 3
3 2 1 3
1 2 3 1
2 3 1 2
2 3 1 2
1 2 3 1
3 2 1 3
1 2 3 1
2 3 1 2
3 2 1 3
1 2 3 1
3 2 1 3
2 3 1 2
2 3 1 2
1 2 3 1
2 3 1 2
3 2 1 3
2 3 1 2
3 2 1 3
3 2 1 3
2 3 1 2
2 3 1 2
3 2 1 3
2 3 1 2
3 2 1 3
2 3 1 2
2 3 1 2
3 2 1 3
3 2 1 3
2 3 1 2
1 2 3 1
3 2 1 3
2 3 1 2
1 2 3 1
1 2 3 1
10 9 8 7 4 5 2 3 1 2 4 8 5 6 3 5 9 6 10 14 13 12 11 7 12 8 13 9 14 15 20 19 18 17 16 11 17 12 18 13 19 14 20 21 15 10
1 2 3 5 4 2 5 6 9 8 7 4 8 5 9 10 14 13 12 11 7 12 8 13 9 14 15 20 19 18 17 16 11 17 12 18 13 19 14 20 21 27 26 25 24 23 22 16 23 17 24 18 25 19 26 20 27 28 35 34 33 32 31 30 29 22 30 23 31 24 32 25 33 26 34 27 35 36 28 21 15 10 6 3 1
36 35 34 33 32 31 30 29 22 23 16 17 11 12 7 8 4 5 2 3 1 2 4 7 11 16 22 30 23 24 17 18 12 13 8 9 5 6 3 5 8 12 17 23 31 24 25 18 19 13 14 9 10 6 9 13 18 24 32 25 26 19 20 14 15 10 14 19 25 33 26 27 20 21 15 20 26 34 27 28 21 27 35 28 36
20 19 18 17 16 11 12 7 8 4 5 2 3 1 2 4 7 11 17 12 13 8 9 5 6 3 5 8 12 18 13 14 9 10 6 9 13 19 14 15 10 14 20 21 15 20 26 25 24 23 22 16 23 17 24 18 25 19 26 27 28 21 27 34 33 32 31 30 29 22 30 23 31 24 32 25 33 26 34 35 36 28 35 43 42 41 40 39 38 37 29 38 30 39 31 40 32 41 33 42 34 43 44 45 36 44 35 27 20
