812331706
953463567
731429064
645941795
16907761
85537085
551597259
530519009
624876530
465948326
84359994
850361310
254421347
275433588
863632537
250989287
8320570
486388313
8671672
942316463
699138735
209507653
102711350
277116739
812096127
246681315
485402719
755750918
60222124
32975659
165122546
665520635
559898467
546635038
352144774
270109810
308521965
903280469
461912659
614310368
246161002
577512156
142186792
797605051
451482085
886976475
584961166
903683878
633238075
153808069
803832856
500326745
814224464
257847558
302885862
248221648
786455604
490896962
123307530
121646076
844150647
536197543
134782506
486198579
928906918
980072590
183262288
438171868
320294122
604431305
52175293
154221361
731014701
758329989
796017284
968321408
330400249
16441189
884855505
336952359
388714493
110813544
526200806
771939480
18801218
403749064
598864987
929215234
419574216
805342648
746745429
781104425
903736445
946374547
296830179
834320703
959384038
740378785
611890140
489962461
849914209
642555574
740852406
225935428
456624199
447872604
824325389
173711855
136754790
798047333
874627405
533428842
154649637
528178236
21090736
315098375
346846625
622672468
712558086
261185916
725654669
386339813
79668884
218093540
402614519
309463648
783554894
672967677
155617937
10409303
579459949
307326341
207726361
93552627
183438948
319632589
884574980
417153469
943185476
525321500
563764610
270665641
703168993
309552098
725120887
46358472
349044327
597358462
294354581
736195102
556217814
309315858
765869955
233676978
439203746
463137966
556703654
102039377
334920673
664128642
884242106
549594436
295092075
810823959
643837719
362202294
259443575
701324068
748426267
690469067
574365936
184040377
957287884
307785852
553766272
661753836
271871186
90152020
460075857
994654822
546067160
571203983
694865362
674245395
470910513
403406661
191049120
627747564
124351108
391620457
781706521
852217272
81098692
357676061
313220487
756699451
382947837
976901626
75816106
31944542
136962062
886848544
615709175
511047876
749104467
835111863
933077911
222866681
90195400
115925365
808079410
748609930
709017093
781771543
475515985
140437425
76427687
754486990
262226887
809310027
236966554
577453602
649442528
780712235
82928452
746014841
824567945
513845116
888185336
268869321
729868373
51224606
585784760
544095959
888246423
836643713
603017690
123070849
710368765
959506367
826111092
109404947
826866585
523772452
849164418
402950657
173754811
750822116
230150892
92874357
601657255
714821147
774768219
952243347
651418817
715944629
528317347
501789247
191143192
493578203
273186561
828408967
679489910
861187362
782915115
640618549
755175205
343113972
204280662
203986986
697608464
242318773
194888395
478547875
794791897
960021101
702938952
350238718
144854997
695050013
729870906
717567677
676785665
882705783
837995375
319271646
680003050
235090861
5823134
991744025
972906788
599272806
654952786
896256030
560663000
351522883
617039358
454606550
451693258
142719058
900739896
745310929
30592419
296541502
126547323
622811167
805286930
192425045
308832905
253783931
78545051
984567582
96042026
991542646
731602261
711464982
195232955
161880931
111158066
60307749
910167143
690607489
807903024
776562957
113489755
715814602
727992092
524952137
24923436
472229472
684914821
121260151
668859768
818474253
997985548
560292119
257214263
862958731
523681884
878535248
627278474
284268371
605499528
329207013
552932917
861630113
797832833
679179799
856516959
928566718
41738926
296913636
202228043
122905641
790435756
468144998
167935964
879092173
264547879
275879439
668640535
49252250
998254711
348519552
790973515
324014464
717833580
536439909
489730090
529695789
819656810
350625600
749263785
996678953
742412652
886443224
839513499
946810931
639060678
97943825
576248328
908078626
389349099
64153353
860517613
701260935
710600995
58344757
762257701
623877838
718090826
679087570
564030383
419414719
466676665
829833434
358906886
536196021
552027635
223623626
54494327
592777675
360180247
729158539
295680539
959892519
7244504
804337381
661857111
633857055
590760654
902600111
637637763
642869318
542017814
769327553
537082193
476451402
551672489
896959681
140940359
327911623
940051346
661329958
175411776
834493273
874741633
820106063
924459479
905229915
62413288
711515604
172325325
163666503
344094905
917262595
971248930
982945162
290445831
749516901
848651635
513496936
583187453
192584406
221622499
649940626
166899224
478916697
380385118
842436486
872079107
121683330
619224015
466547324
916677927
283665919
207418726
774440945
100168098
774803550
875582525
853821717
381791567
409899461
901697354
255980917
934381958
767398592
497609517
219645650
21035062
214558883
131191365
475456240
706536692
761851349
172839917
428427493
169728561
386559751
80303315
201573340
570702802
697607189
455677878
219027947
730565805
809366901
15606377
333623585
440347808
400292756
267366790
634696192
282218770
917683199
895952095
679933994
545207579
112974307
248989307
744712395
858005071
937407289
592747470
208064554
224248958
209236327
488579391
265465781
587442578
552701200
420176523
475636658
14167939
632126314
174307935
575884650
237600682
296067052
891966449
232245561
942373196
394789279
623
530486501
936951616
168619102
808883729
85116196
854697488
471696298
814997864
550977467
641214958
766277098
355776504
866859901
647439777
320288844
44591456
21639186
661726646
599700974
367012401
862341787
103510277
379107025
150250728
535005895
808902969
700714351
960828265
597671152
626745437
460205811
396800414
937907493
220262974
985866234
354982151
483127248
740225632
905151729
937574318
199541461
468096401
556268609
519995134
979182498
534397093
887074915
916050932
354475148
920141451
986048432
757224212
19441849
922313140
350248653
759495785
153271924
694817534
767023732
205718898
889413121
838923924
39113264
664155244
635923129
408523815
681815014
997633328
428711305
857222843
825491148
863357291
289464580
623
478347460
425544304
44422271
196201661
958823910
588304527
824294192
560309945
674758579
429160338
202627037
385765445
594332462
836785733
942144505
504630273
484475581
414329340
952376909
646311142
828709983
254593979
733144346
563728861
560186256
572675128
129764526
566210677
598102696
605969459
591447346
551751815
611200740
700327155
351196132
258082063
843455718
160964686
926542165
965380382
408988180
731196317
161902650
652110742
715407750
631142360
456982475
341409428
190692617
559064364
333395430
110115689
317584359
452411470
36366785
916148268
757976315
429335034
239948855
653679072
228426120
147551435
783640015
838209054
937209628
46840277
315612566
73311273
882126086
270811280
174317585
889695485
19345608
638216260
766808990
241021311
620608600
103477154
524570516
84069758
659877272
757432031
898744620
789096451
622777203
668732334
24172790
194686043
455413587
133768335
201272475
722574725
881748455
202597971
670339656
422876944
390999672
558420081
882469927
123947152
134968562
209286564
862323197
936574981
513036014
304256069
737627859
979736257
20708639
292407432
665621759
648968986
427572274
203380774
562577922
767639299
851939875
396110325
105486598
103371227
354805843
790596208
415344052
939881823
271797223
529725086
862890002
650371315
886512226
437823506
66021842
553732793
651514562
4678645
748230191
881915368
359779473
570667306
802709915
285701484
654361169
50622230
828276819
911255862
96755763
154910383
699066356
988358353
914751748
818083585
2528898
544921007
541363822
915319634
231614136
157627154
849942756
665028530
226603139
550507328
296381603
214077590
678681510
650274363
462958014
207192467
856714288
374053559
499922062
74136779
733361774
183156134
764050976
241429327
713306843
256076655
793752732
718143434
168804387
508891550
574226295
904398862
603185087
332097045
207873876
25445368
607409671
22324990
894529123
287224922
792044366
458238539
343937175
824539591
159993872
159486245
519072671
301415542
954758552
912985022
116572627
18091148
744471641
891633263
971768483
361209261
331387801
769014601
769058788
472308727
910104965
638936736
894814440
344324080
858021833
327456386
508013655
615421630
814222410
679874783
605896622
359229748
983278942
500510743
558145211
592869567
945617441
863211620
713743174
556055066
975050034
365474085
163600563
36394603
739829539
409044708
683051024
916173357
643040696
273232567
858780861
759096373
776605736
127739238
955726671
309830675
139371156
625602009
515496099
171550205
442187401
325502867
954451705
341293512
707275958
890421239
145495521
178497086
690405395
362485941
39320538
23267796
644257042
772229793
35089964
161609455
898876264
395803028
424254226
69074950
628567935
261591396
214708788
758200264
172726498
45322609
688835168
322088093
547789207
35515861
243682976
536383698
996954375
602142103
321548561
374783979
432560643
542631115
261621178
533163753
832510498
268935096
173215977
259459817
597332113
905606657
213486354
458625651
565881016
634855020
481246074
282964636
755265283
705790658
655748285
996375012
51643712
286843527
298719555
680705365
813834950
328771209
694191252
38989869
724525724
863141516
223784999
564235179
86305074
943574201
395407888
626292958
477315196
341653346
474875324
52023923
620429319
878060038
118472474
406452896
368215501
958158776
672659049
232763967
578602238
315588016
147743552
253329703
842739713
796236154
777570852
371182483
840207752
94599525
710171381
107200389
629901436
767950239
780259792
216366097
965966053
547039966
660882424
221478358
536778678
971387740
499472244
966728502
577148041
366214866
869802179
413651932
882140835
544320825
129957934
637693102
63714136
266957896
563599879
1239124
219796940
199681020
352054989
631815768
854906368
688477434
376781396
197129331
868413218
350457938
430929713
366071935
173350253
816645328
522786149
447078204
21269129
208573536
542224162
703270720
156919818
419210058
379499666
421652195
802661678
903324642
50265373
853015633
379771426
766887892
88834624
679005739
4473263
850894661
292667716
905920456
884691102
800368819
434837911
752164163
152293124
298774944
518725938
194019542
155184314
911971948
879037426
125364764
103498799
112509846
927060131
872473856
698793986
945051361
615800321
317591186
161491549
480120441
157439525
534027306
928581416
515332884
905826236
366151895
328150046
338758741
79696919
589111501
240230356
853275074
744540184
785846485
852195221
124589456
575073824
717281681
753205761
44481689
681504090
862404096
958338658
528191758
265174919
73447040
862038271
622860619
779311059
267478787
316137386
745466172
821240716
990522549
457092280
6843173
410782831
682781568
658227404
276556013
525568281
37902117
569234053
612924295
876501936
483713235
53091778
776090120
138698318
839934031
556976675
105076695
981449072
903356671
416122724
764985676
204731966
427257877
11196996
626519834
345960458
117295663
823803635
860520812
816260925
378572594
475457728
973070540
337596816
872290539
640170342
989681489
166644749
505275085
621982258
923851512
224793825
644553068
293100426
322103597
923524762
32086988
500514574
215709970
233427730
448132705
836212073
422858056
502587568
396928149
568859707
428646772
874073522
884210511
491969267
387604290
648236152
554135846
475732914
835475923
818624055
922947775
643576859
55525283
452098335
216492916
907667050
532890801
454486625
29873606
205639704
369417310
67770783
507417318
320729798
524612099
695646180
411875885
390818800
599249934
340911900
224876732
495663663
318676212
600922803
507806947
934169783
206114536
449792965
425570666
377120530
567992681
290013913
976835187
839888374
257531360
275876244
101743384
944718157
514706204
16942485
380506876
204182660
198330051
143505078
808180799
990414457
115824147
731986692
807795071
568864899
509127303
205322923
921094882
146650291
641492933
494891693
455471984
267287751
229021999
58807697
802437456
194972914
722644691
209579619
324496104
213619270
77510274
369501440
116810702
135104442
294630175
488521980
773236252
729005679
96720707
963229202
855398308
341411792
539691222
762343865
952106130
463399401
227997124
687292278
475598029
865459804
593787126
977788948
695014207
45519795
247487757
418629566
941218281
689106335
19125769
549116218
936575895
840418896
492084694
516465631
25705060
562035321
56142638
708453074
220946993
525340309
198628500
135217897
726039066
640483682
346110220
282207060
574436135
16915061
194905375
408390408
751404343
423475802
41515346
360366596
569945561
820212950
47035722
908871153
205715148
556671342
124838743
829288327
123128914
252727036
22812471
412817002
825944227
554848186
847772581
497797123
711764947
579756379
848549698
574550378
817016001
480866667
622423046
527390683
419629962
963922426
269052447
938086670
863568746
384733448
582287151
739051962
728355674
355109094
793398646
941154604
864495929
859585654
989470049
578028118
814212156
679689621
353900959
445855515
60549207
554115914
830478109
203754158
506941771
224930663
208486274
225320710
446056935
728833048
760528916
458510634
425632522
760420159
732791067
679993070
994428878
938161140
47590338
348917548
851657441
643952143
495506170
940475958
347408803
203364838
332302606
251880002
618690640
59909262
50245104
690822354
621206863
831274097
427264113
473188497
933906329
26555683
251976013
940312396
372203778
349767682
208633702
15623019
835454220
701816528
287924631
214180841
373615764
72744050
824181869
865532479
73954075
913466571
972789124
353256515
783479137
947390550
673709537
13317168
250024831
349926800
883341778
867803169
559230715
236063159
401276359
98661238
940188245
948796665
450888924
230304500
813916029
645338437
139639745
961130722
19481162
32612541
598332312
603868073
506223369
609656039
828831215
305278124
957705677
280505863
204699649
725394031
661619747
937161182
129146864
775847400
727787473
131093607
541031583
884166002
342866986
240475568
321954169
136115821
804264562
979098423
388751346
288686487
170990645
385474806
593659626
167566458
121288050
395430069
417947616
288352389
203862153
832073039
845737221
604166308
505283627
653744113
932782324
799871168
179547323
289966829
299625864
250467442
32079064
452597085
838064443
266190363
584966752
140300322
546407025
488772979
248833266
206048621
858634859
944283594
819811591
24739628
51397742
608783265
283092941
739144793
783759270
483669434
813890756
138390762
908248162
286552523
504082947
462298721
800208610
429416591
247251989
474396690
386216613
809806166
933916406
548288981
770211351
245449833
214357652
77029711
745791941
163878501
473708282
855842967
249126615
101832325
397946446
736182164
744690777
121100768
430514622
292609390
535071700
532073758
22906024
167301486
532341090
875482670
520995628
627508755
289952932
557135784
878803145
359717717
41267865
212890540
89571207
736386729
212233175
927686322
611807185
254653117
293781932
683665811
335456051
484728728
420540168
50614772
880190676
101076237
656179819
980350101
876070805
909949224
486130929
675807743
355327964
602647401
143234076
962075512
469981106
899349884
244889670
64014087
652674728
153425735
267139355
205877110
412001683
188263243
778846684
973721217
412509733
419511914
67689060
693348081
499814152
219780662
371661405
537031144
377172745
785615203
672479217
245178302
780517243
650612552
843903526
856248253
706851003
78513766
572883200
929292379
130358473
319173563
456101565
903047306
174734663
593538379
700991054
889445656
314947517
912934565
809506856
77989453
713072799
673745097
959856760
251692120
381762074
812805787
602793892
612082037
722248600
360320235
885055932
584705641
698176185
318978187
273587757
68532382
94730689
485230148
811782383
164554231
874123182
758314438
192331885
763223551
776338714
934766027
887934496
788141806
330320458
457655792
315854639
381327609
785794512
527877940
117129187
110069191
123755516
116535227
869603673
574944124
904039046
296603703
27159547
23756367
883483231
99761052
401154887
440521735
474265584
106628709
282478720
698329648
342088951
652275538
575663686
973184759
728754090
214527882
856912565
824454952
779860845
67874633
763530981
599192974
981346207
721450745
954207961
531020441
574992555
613951988
651245175
887130958
560722214
111705975
171584229
140335490
574792613
17775844
73060773
550749995
420761718
198104602
871551380
206941444
521029163
832988663
776650920
360344126
570293293
752337131
975327012
408370446
935982997
421877190
153383546
326732772
571623672
983242508
989728677
482815
597233342
407068136
910106573
795076910
931972708
47560937
585100987
962469883
337121580
234604529
463083306
208862720
182306244
669718334
123378281
148753492
395205759
678805941
836100544
687501105
321912994
262034058
37896229
811676749
671877942
424651593
230196167
640430795
909262508
630697892
110742804
453682521
902062408
732391348
978724490
384733185
294110493
384219891
796394063
938616456
352769980
877633695
888444069
988082247
728783660
681410511
777072744
578053928
952239241
899286339
152343534
591725963
790530387
282101807
929237967
246369972
33107907
869757593
961592098
842844606
69054228
995524405
374776916
619865157
53250606
371181315
422961018
250288659
178174549
538726355
889669391
392437644
302084294
403406422
275737541
927121599
386307618
686869219
20274336
609496475
929739710
263140519
80422717
694003601
406066174
752149103
138121043
668111442
452777046
101770558
996313862
394598626
478216083
365388410
905489301
46728204
502470177
645192735
67037848
35214723
707715051
688381955
795713328
297770307
926422808
527708048
949347531
99647781
755751903
535785730
273065022
643417344
300332553
170107076
153516725
535560322
667924486
85309080
676870652
260389342
80534032
861571064
449705826
570309785
108336433
253913459
562947804
685006858
119046338
598205420
803784308
214433585
331697551
552381364
943987572
593444084
838021417
358558733
805056699
17387552
356600097
792729834
56300755
334775281
80229880
174455357
235619461
169023254
230674024
48155143
692212849
306282019
130329203
764456510
825609785
954479228
600004279
9661649
559074129
285948870
12073845
419579310
335515144
127004133
636139108
809468773
404384570
5558608
428834841
292747888
938710987
938794449
152096662
191525964
163642440
881104203
204028197
152307967
427581192
94006734
783542029
442437841
862015380
889456527
854446361
225569263
197384184
897841333
157240252
929353650
257353013
412688128
408332211
626169360
575564744
123095148
185938750
614959553
217885457
969268942
856158270
589409868
746134663
322200102
627931202
45805884
103496599
700475974
42955773
415452514
633848507
758588176
422723799
13684315
645914957
604592559
743754463
623
793026698
820959630
145561599
820031836
398737241
162842311
182732575
367299259
984086453
488467039
582405721
353792675
475896290
328543216
35711504
488537860
43798627
497198755
153483496
523019750
993986967
545584792
917435260
381893459
635331605
938824731
562015125
605852489
816395904
278977518
38595360
829427477
821871602
8149770
789484484
65457076
737356592
981794484
989375768
549189670
998751075
750911970
300338331
5625092
709822532
614659765
22358299
457583395
262999365
23825044
18180380
549902353
970145240
873299986
902454378
100081709
170771691
477229691
290861347
164535932
453770903
870445598
205787553
629780985
498895347
174330418
503269167
137479455
874662501
288803499
821753467
426739640
186248929
115813453
733065601
447343485
223177609
134920954
29091584
392595981
272402014
703635061
173212388
933782403
164216804
268508521
724859326
374822289
886850902
83765150
536454365
320207137
766601631
39444982
521164638
757282924
987601980
551002152
920016095
659383153
629365475
273064531
658506763
662120114
345278245
631814151
927765120
967387488
200500614
669520945
783964158
688032996
175092814
462723323
154242384
953456581
792665959
717152731
317654059
110561407
802665636
986086788
552157098
816990798
235288131
133118791
389791785
413953759
79567087
132969187
148394491
717330303
38289251
658622714
143787312
949014624
247743069
300288560
599992372
916496719
887922239
877055043
853688265
761439262
288758500
505476334
485548270
874170371
511122845
265241280
832303491
952444096
35789013
451952521
781922789
604666039
78772384
375005660
725447274
961056789
85478163
280862422
107324587
371932758
4430432
124794028
931605917
238159117
729985461
783609573
136662042
294256533
770591021
974437822
581683181
872699899
725880297
733404898
371236266
511813838
689888250
96224634
622198979
921495471
757253418
288908314
236905952
309859812
21545790
306507873
624270696
281353932
453939602
307051495
464325245
232525122
647712736
493810581
842074553
625048209
628512942
778357392
220533608
780009736
674469685
880741451
939467920
200488913
198569889
815913306
738529112
918823069
160288085
630059870
382725375
697691801
515038718
214505528
774401746
2906715
510292449
728128642
123544900
393667587
416751640
431850058
190188302
967663210
478524712
499176757
28323757
652634693
342267632
723884734
275416933
647182348
172020860
809769664
763560329
72869771
275988418
528697290
636811680
575922832
220164487
909070325
669553956
303145601
671785724
173174864
75653646
173988228
867870565
355907811
943249066
34316201
721008765
620168908
57118319
736589053
278325823
241206112
14966872
339783404
172218753
112592938
866275932
159028295
810428673
567656829
362362142
92763511
591409261
880125186
868265743
929816960
84677234
202117609
916646339
781558456
865622518
603259084
137006120
104289377
475113444
872023460
899386443
287043956
513877234
426994860
34491882
782502402
146231091
138841284
75344906
466612197
991568356
183196817
749487382
416055225
633965961
834468270
185031585
927263009
640421171
45514944
776902535
705363286
639090806
50314519
16297366
38174720
210830203
299194392
448006709
551192287
350020181
823876583
234373633
107628208
141617347
478874348
852825744
203421250
179520150
600356525
695984423
12386845
334114185
952450028
533922014
787907235
112174691
118035950
967257326
443788740
616368012
714266562
670965198
353638532
530760738
21444757
611449034
515971651
179735322
755990641
50072835
395574749
805709438
225741098
995612709
394509428
355458000
404468935
813779149
954622773
346818166
246995593
556984862
489443400
923130784
286719539
404661371
35617556
555496650
142112096
49341669
280513578
367419002
914151834
796797104
600229345
874732364
161561824
540829744
808042406
331268352
338033769
26916545
885212322
246293296
32981986
619420959
376621469
765714731
818631577
149139160
659336956
745381657
479612059
856180910
680258785
728148127
640772730
265068662
512777748
398995495
296114312
260504609
389241253
836835651
451928010
963390570
359809624
142113565
302730969
835794929
380800087
510048214
39978246
987743000
918013019
451732048
610207764
115595075
113052257
846120095
385037356
560436874
267445700
821479098
857984662
547687516
584805026
604680948
998519060
888402656
341038867
9340764
46804741
324740976
565147935
772148367
18230358
889586752
298456054
358722693
712317144
830863905
376795414
35767817
973238692
472514162
111907799
947481869
477220776
829196436
752528115
226222889
172033940
352819996
635430227
678182242
843256913
698820532
228207128
835625011
766288701
328088463
852117479
259821441
786825537
282287971
572687048
314726497
244579561
968539212
408500342
894274888
98775068
756441268
509341219
792903890
306841806
686238724
30315736
62688494
737996777
693174804
560540012
825598300
191554906
938010339
986064319
27885438
270510814
694530974
915283763
472461838
86943351
528276246
316228125
515914186
15474037
591615655
889703629
941063424
685704857
598369057
112490118
409476777
580347441
628242975
266948857
484815369
199900302
288199464
454635174
413149665
982069317
236957951
909287651
927858900
399803762
438762274
29389713
671990747
310274690
97513049
878528241
972495910
333222635
26907768
761209825
810689716
156437128
983994030
855338129
751399177
902108224
936608961
209260675
873712203
388811735
687385202
506732809
519203398
668494091
578402950
45180160
817871872
361947151
579544288
187483164
623547012
298618595
996724140
132617512
96491203
620835714
925464969
113529421
602864084
221663410
91078195
672157846
548287556
147463531
408588068
567545159
864287285
360932531
957605320
882633952
387287303
10508822
507168730
281364609
859599438
36753012
191017420
835321060
851668466
539097026
963727794
887494697
660510314
591439431
763515889
491615832
129695862
773249896
63408329
712390136
460056505
525870544
898058962
715116645
229442392
110888134
104230603
129282536
770300546
768095113
435297224
375878803
664752988
950876416
404736870
515317377
913573465
675493823
96471749
64986355
399294668
572751382
704783710
537176849
528219492
691570696
988614664
89992107
486941451
478531365
551565601
979625126
558790442
577402270
369679645
702343373
496251048
286353120
713250602
495551439
122803606
412047482
212151730
493552550
427567178
796817416
227695772
189532847
649969679
311333995
838504345
506813468
489228614
242851993
317692426
740702506
53900291
561062453
866195271
592517315
661626865
962195617
200101355
642844002
377008773
10088532
399938751
174391405
79447955
847230874
68639341
109833767
255192976
717502945
615199838
873618099
490753945
632931962
255197568
533176235
855486541
436647359
294881671
567199274
160713505
453251261
685432295
124474170
622556433
597779726
425722978
770835844
686044373
762151874
402475711
792874838
690512819
473822720
199544889
557479061
427855990
668440311
308663058
852242848
100015155
243796648
113722228
833141144
435411676
375906733
601846823
208646271
804391699
508163906
787230978
507701649
494799453
517905721
306824507
665080707
116414982
543332349
179419606
545125488
859028347
392231494
269533740
874311404
396295560
46621313
713063766
442978351
653128482
222686336
192121333
403953139
544428668
268972966
6032
673106397
439305953
682702662
384329179
783244407
852688904
378060719
713779119
307126903
635249659
503893141
326028225
679595414
747908178
973723648
520432399
37644997
218330780
45926874
140417044
528681962
53377477
151368514
364010046
382377984
326509970
301413032
211510726
703318525
102845142
50540538
832013399
683554856
851343949
715528889
258181417
449658240
182772843
699647209
145216436
324528426
740866761
179861062
709133957
12409805
547355737
955532982
290307904
199278335
133458560
936820124
783264660
661466048
540175452
811847231
451668142
488953360
757257125
981084523
455259230
751648551
303881570
180337999
938440041
15385403
661647783
691481271
807965872
834249671
115553214
972706882
81478173
946232242
323202471
355007765
939728940
60732660
421771214
145840652
484071773
287058757
477664944
223985384
262949064
107190684
247335398
830539866
286381665
699935490
567675552
194365354
44139854
279870271
391894735
19996720
885327890
981542927
56650793
58880531
650004742
689117480
234379061
225398431
641399242
279737492
170157526
579137516
556718195
648403877
941834153
644942277
393637671
912309954
611820049
773059602
543608025
520209207
685664462
339372557
650855965
414336958
551586465
85678922
468138666
311859552
944232164
349975423
739724652
108576488
948129305
805161329
995226183
666747716
620144387
416237936
125587334
211743771
73857920
664267886
834140861
552008771
453848753
955831636
962430442
476316618
787616412
500920638
479160707
96476794
343300649
757210844
966908841
402312589
189175900
123569563
882807983
165471922
828792067
593887083
739565349
939653484
85087149
566402333
739976073
102017171
315108547
791393284
476443054
578957592
602022285
944895525
22951277
268516983
786488880
34171704
219580890
425980659
111244237
680768791
224859881
686024482
641464749
439955498
218438784
398696308
250158591
647898977
766532514
447914197
406793332
957357370
33934614
489403964
848715741
432685438
964720470
851912614
310582489
612332614
909632565
444528392
894715175
574463937
345508949
801170177
560276664
578480371
765857146
97563730
625746452
321255653
638585203
538038641
317675447
633549461
738077046
238885958
283011360
392247772
290496457
386685257
776365404
252661926
549225120
627392509
119713995
793265109
80959515
462831275
290824317
273893924
98115070
120062911
356290387
730712320
932371584
897475625
327612441
456632573
906511005
291870163
938554086
793237901
844362162
346808696
688787039
794841561
439728293
221320698
124818592
905594256
15423458
801452516
673920397
931562818
140212988
893249576
822111737
452325367
244451864
29138802
655617227
500870266
343436009
106256459
742143751
603511036
466301137
254467150
812948555
444420226
254729194
734212220
874855769
363166537
177295892
390570498
664745226
402484052
645101036
157515530
115584081
658969435
41011562
557545868
191564340
429382511
368725944
522946098
682279890
449796626
333512524
690600896
453149077
278452074
916807720
54981391
570527920
57621034
594894052
933975912
222011187
310305957
392472094
711273090
226745330
457952628
809266430
721067493
549558189
811402594
119830756
100015703
182159872
379431893
669735483
365899257
510806119
540121677
910929195
874988892
187964321
611011685
382169910
842362400
982425608
84288226
394338341
329585668
739617707
277849512
902570317
492023556
851361994
621397872
140263781
536485325
757413262
907159944
876644665
703340762
522568095
706235674
2642998
167512374
990534892
577593267
67034916
721977180
759319547
957821654
531419624
847509817
807519004
935671244
607106958
68664571
516009217
290359297
238310262
598287007
403757660
456402697
332231097
757849176
300227809
234383406
193975618
545079638
602884051
629213684
760762967
577817032
259942614
889086941
63915039
543251135
644935239
47374940
178759644
21803794
64821437
65723198
508657833
878389332
885269725
789338278
866893433
420978022
501625325
668380221
235761312
703607724
744607947
629335275
551363772
14190430
178459456
327354045
141582270
452891924
632797373
321569135
383760906
200984956
189036442
795691705
834574113
860805866
787923768
121824883
418377894
617466883
238572947
890538818
930789804
72372786
485108015
1337575
910114493
351007079
896728011
990450603
233762015
964398062
952616137
69596172
615292533
699289988
169915547
542788770
455943891
27812061
357901172
361412589
24732969
525927328
694797396
756110435
278276086
927859447
547488998
379821031
478234210
296565871
743198655
215311833
493869242
782913039
459623337
68565435
630088565
369205924
710665205
667596149
116786923
968316784
134903796
444779503
824658617
791734640
1458083
212337793
304412456
450954740
896029716
674673218
484450227
735717068
751376892
192982915
117142784
668721167
289872296
278415150
43964837
981981084
467588891
83888504
179551237
908589723
830141762
404704274
390296311
699683372
891623703
255038303
298009795
66639480
770574265
899170257
994376984
131219733
871842372
516095385
153405988
851512272
927156386
889704770
548508143
483727510
968450947
163968831
80355328
474723326
193741939
184200819
73649336
166106260
156047777
264370056
704406335
258172569
349105664
223492524
154632236
928315185
897436486
12769722
646376179
157492308
869158954
680050177
920018838
703113728
533740243
375960599
602957109
133374275
243533558
151841329
91897791
620166790
169192094
346882524
137071710
235915656
470511467
644217825
398669959
411122736
834530405
819902284
522933099
220063807
406903946
821389317
537128667
572049485
777770805
76740654
186495688
942025742
109221671
381985802
988652465
528342992
863076469
681338399
615481633
990055952
300826240
610912941
206099464
591727665
575182241
57387936
564477060
155691811
483772414
975468305
678686504
67556530
520827077
428903605
902598604
133779915
319779882
555137900
669723052
661947118
365751235
291796227
186758205
737238221
230528524
711918490
801506817
930350981
625727058
524824288
157141712
673711481
128526996
798943503
25436562
249020580
403063582
699525109
66674086
370632348
496454169
565809128
109789174
838076502
450515039
317009856
392629728
357872040
388494839
116457029
261226197
123702845
683899898
42200384
879052784
238224666
325674552
839473355
996322719
394197182
448639093
226176028
242853425
509727743
672284145
250049670
519075419
867598993
890201870
973416245
810860982
699227737
54760344
526478720
70138712
937725315
590761406
212285842
916538105
57655623
867950676
445802188
443386908
82899166
79608805
313905775
239566135
151893898
21316816
646857093
51147796
331957055
893350762
923630231
522367067
552781342
211650060
436297410
517976498
429790057
545847242
46418674
615652750
340314237
863539845
157527288
922396658
558650200
498550533
291643691
244816622
260683397
10384833
561806301
929696307
177308630
462936742
876383318
467551150
970687445
263892207
668110849
895625586
485717930
537162347
49997956
879565589
430059931
809082172
72908809
404018882
907176807
932618703
812525418
386344434
70414217
463641160
901535626
430180059
835669641
850898016
16635119
60892731
331239860
793066756
370260629
4765313
366872837
313499757
277605809
569644533
129711551
208812133
517395903
202303477
282369947
959900965
36057279
831493584
119455689
807791132
104419824
852932865
887471063
839345431
623932181
308321889
259194939
175417342
319537972
522352407
357477216
311199399
328591263
46827412
287539273
478244024
383550691
20496311
320199240
332837599
425070290
916472020
182963250
147096465
666448569
545089577
934578294
438686458
320185713
741585868
800141651
957846218
351959191
896151348
15849173
735323175
997364755
914084435
195015091
262539716
176911739
242888793
271932307
759433901
909593013
18791200
674005905
631628010
346907578
360317977
113921603
962864384
700298723
841846002
522887808
597458391
561285380
763582695
979738021
66367484
682002550
433938517
361317944
825709971
650109967
933532548
873256264
657116516
272400390
82625725
482198318
188831218
916375895
295240190
239900656
115125085
916982100
251700322
439020620
886232457
112235497
463557924
902285387
375609966
638252530
683161211
442305199
550965723
150872873
624602428
424613606
597443579
890890967
505024991
320413631
351882737
143887016
627435965
829028850
509635557
873441692
455713725
210653254
159787309
612495762
830608431
927669286
47773424
860147574
521009025
949426002
549375496
216461954
277222613
466483940
145916135
201867537
861905061
230372035
739703850
9878780
961452338
588209175
985051150
95257356
161347107
198836281
642748413
889032461
914627027
91992710
785889576
690489797
183841474
511563377
926283086
898662501
743653889
240899329
988478653
193328154
629866621
19272278
776912169
4519666
9928004
487507313
109982687
928015725
285940117
588021279
426962093
478191552
282012781
775552784
276184351
337620023
218723732
272070922
304719666
964595490
655822522
139637913
866869249
435074746
129489367
467070967
550276012
67096396
284646438
541341870
636064183
688902027
475076672
223760038
922577437
171929762
185920514
783434313
369418029
810045081
974835220
445852033
813147681
53361711
593195647
651321187
617571712
3332878
978447479
825681074
64757067
865904395
607805457
646888182
964115086
854476117
100456067
240881711
740336750
555414671
33907930
609934490
115523692
212341356
212558423
603114376
114286957
560806728
946812771
854153985
223814768
330929431
905206623
619521870
94403281
739788874
816361357
460778222
857472528
589867396
176254497
313531991
591740910
10693825
554467332
71007732
131722348
327599749
34315575
387404333
256262807
790808483
486639059
409576513
669382094
71582235
373563634
591978320
732266669
755800065
778899427
341126026
499282837
663931437
53205231
623611295
1248575
143465243
242046997
859616474
36069425
479528083
470415444
137011567
581280035
857398823
413934556
68674184
493759020
491504871
605259089
474548876
971945071
528351135
130316793
719462859
337101197
961015954
899378558
994523938
363417047
421127016
463500859
345261777
528166109
210355597
633128397
223648599
247124828
930616405
852966354
484093875
573111309
162624200
248081678
855083926
771341494
644460474
137585721
634666796
664755032
415191685
774423680
125164852
947711042
551123896
657779914
664251035
568909297
65695642
742041834
826091467
555344351
875426750
816608479
382009869
108881739
740159398
986050470
553355043
799184611
480117874
857410390
538932506
701514037
639513539
733776664
916677127
830350453
956380542
677153453
467444401
179931106
606227687
689121540
695695379
469513251
549502660
699087335
683655508
276163784
48522789
29448063
390122991
501060277
895689343
521050122
655675763
634127486
420006986
356300003
511929621
773938899
260042972
533533867
41027186
1174905
240008189
194728681
830246748
562411869
429072366
833845849
832319664
853986192
170545605
968291732
45327757
97060037
117372512
640484689
649948136
136814872
417936349
232284783
474879570
4470370
813215713
164621472
920432934
513277916
661486327
646534814
963697857
69090674
865523579
991631348
231327252
390957210
17453347
223089842
405102522
633495318
220477608
872403040
8563218
564317567
566304929
441933384
259059080
96239666
863270065
104487853
563375788
519416896
457848095
699672236
685776309
260593408
480480376
761888759
917771792
606491543
709718034
406432311
83626221
969146236
969366032
440031912
130752721
631527686
423138077
161193669
987658164
164167111
555708190
630565252
665764678
383106335
457986894
552615979
510800639
269891810
337788833
275652673
467442283
997298572
929941686
495334901
760202805
924005941
417636210
963227850
103967051
100879359
575833236
109072972
685388544
457719533
545218104
669115336
529754401
105661436
809737887
33365415
809089859
211931540
493300158
344087572
98251426
504162861
551420889
629444123
207787676
938497373
835469689
965141586
172277470
991864535
454086954
807189045
479212348
580548181
882999318
780128076
898990307
668656549
512313156
798290644
429512353
929747755
175015365
590444800
144997348
956530422
776221516
106973724
866268014
28593666
323822804
44887889
677741983
954110698
791763268
349648510
763406461
555557057
655349452
98158746
698940064
451492624
29368120
24569259
844489009
258250911
806670800
60748784
226423193
192076180
780742949
458634789
552760604
347278440
424095742
478886921
222606238
593391239
772760792
154765328
282951968
152723216
77584153
229464208
58925480
702912681
157228421
358814915
827210991
944070024
326078723
840068624
364096541
214867263
427500706
394610769
319831706
902271344
371536929
872422468
856888994
831019323
319025168
639883341
474879716
936536298
638981466
489297178
74087718
956157540
448259247
548947792
680921086
67505469
249694502
636982049
363008574
499704363
291071642
476359190
948450999
320740321
433979044
870458397
338964136
603130196
587803420
764171291
582892709
23304972
988070426
158746282
173144686
393243968
867420849
151189611
40877134
85157925
51620227
469667456
873244500
1682464
623730734
955596016
733252840
519924589
674070478
266951449
244684707
744038746
15391983
867907934
607843833
134995992
231490329
607198113
473136559
922828872
724641188
208341113
142333990
712068913
580822802
759478526
742621254
821869658
359594668
712591853
354536839
101417665
170088476
226871503
888406592
209086453
187745189
668503081
805951196
443593086
887908223
215638037
410232095
295903226
904022854
254001099
663206518
352943530
263183578
56562508
875842620
171199399
991565882
981506659
652243272
562256323
491505332
24571110
961072086
1666299
202436133
5086373
84367540
478941609
875332522
407234386
71322443
682463129
163319463
550577172
209089677
635806075
181114695
255481147
466110377
826199988
168010025
753313733
599600545
571150591
185515770
370550744
717730555
576593332
5575859
257419708
478101195
299643004
201870735
818970578
486851321
975567185
82392717
813621783
833493906
726402750
428847752
267988633
233525802
38605162
818209379
537308564
522792274
940225419
649294815
224243683
113721824
890895030
153936262
753370767
925838411
969942588
749545611
835237805
212267404
20902007
972334466
293377649
143209937
156964090
790612160
956425680
886865733
926983838
863109280
456203089
182723300
846649922
953810429
103752163
165752022
743213660
260481529
440838835
535140809
777674328
54572530
624058160
272467203
608896762
562051514
697195850
302314660
975828612
759989475
80893920
613725289
188723950
264977430
215936143
151514079
761933500
458813531
315421753
128849634
525082144
907924007
630773121
143926435
183378221
176523991
69261746
654645211
804760160
159299739
75872483
318435321
511221090
135627363
550191184
443851257
249397208
415213440
864012279
364401717
283617534
886936914
638453101
892265146
544355015
949677752
427230744
536182716
687588920
547705493
395663175
286522456
448411822
69508270
481134465
191592697
267822638
704587278
334659854
984042505
382929674
660059426
301989239
749081236
855809316
497300271
271760819
968675681
147651730
253172873
41631199
494181216
873395044
474017213
321886444
627341419
896978322
478267564
734385759
483811137
882641526
779547748
700957347
977823987
695064301
986220652
8199438
345218920
738787006
401822792
314958405
744081168
701937631
775870206
593978266
784296473
841872137
909598315
828635228
877609685
288226611
239603157
310330326
442458569
142771750
843503558
139184189
285524710
244605572
207932701
315360996
516917404
806752302
344484106
249852083
146252687
172669179
803631550
701978269
811278952
530331382
456217983
107650022
621970830
901687565
939090427
828544837
440422298
569992066
450645283
141248097
14877254
515015133
517076023
156106789
899358653
485049649
727933239
72002296
903101907
942868446
87896779
318155956
267641180
845580634
973244764
601222797
69866514
986506877
307986992
252394667
401285635
963743266
571930264
88482813
633982429
358839319
469527046
39838508
352657095
547944871
737563543
59183653
43738123
356532846
200460000
746026139
246276339
76258250
760967987
349651666
30004567
126823982
633840070
561555789
786541764
759469015
6198196
773137296
456156394
779445253
452829780
189187007
562600788
76623596
447340353
399097708
759946491
947535598
337422037
136184118
657481631
348331413
256098990
977450140
673527471
412213724
991288866
996814780
155211081
421821657
37701328
650345303
76018723
490849517
528967585
659849266
371953002
917036944
773176319
557061018
86017294
114821525
915677189
8892962
233555714
821034769
20332906
221423050
765259164
665358776
983282931
773613738
78159202
926115426
553666648
784597807
827384171
770108614
893428300
577538073
975296143
559730354
604468237
601228371
748832848
519605062
828063885
454693820
224070220
398808064
815497559
405428809
302934314
326463966
426137640
384453749
291814135
489980833
64622065
555864216
825760187
967906804
475739138
284138255
518309098
63913895
750871940
216357978
830336304
637286674
638955416
350832141
344457653
258733704
25198038
740919043
64436047
29514084
92784002
157960909
861978380
217558526
286217624
461901928
882101654
21045229
620908621
103021202
450951090
201841950
800971168
12149025
776859695
291230479
540649679
444841400
671784612
644659729
262827742
248282387
247683719
223282472
522484464
713217564
379740841
236042858
437183934
410058557
425394119
376741006
367629221
29131978
427942042
343501132
288774891
508622636
366676160
659189970
846806400
305399651
729326552
187420077
839700271
581412972
755213982
513408177
948900125
448190047
926593128
249866613
925577966
5636925
582732293
273041630
652708132
178039078
945004470
538729396
852011957
65754775
22193533
35078568
806957311
459285665
64588276
795918958
966086008
977413912
635354533
218435733
956334738
639721057
497762770
306457680
518214608
373874811
223029760
534712282
827094559
470730469
404473930
998092330
241053301
709476916
73021555
96075173
219504604
205343314
904066743
347649791
235755436
610184855
511194106
329802164
309746390
996165619
329957850
450216455
353112874
300509113
278082732
254633411
519869195
903393658
680113583
875900417
92749885
766657420
920629196
157604987
324780919
829315668
520265098
816398919
618655619
976200713
520390274
579593470
734701642
534825650
825240242
240244202
859326642
427200023
826222142
34088605
1554375
524688918
892494080
71117612
28259162
407201835
482641557
124323512
271455190
506398222
714085190
442365679
277160160
741565075
152728240
976324772
854034166
316080317
485079622
605870669
81322100
626330036
374982436
737373266
142804884
888363127
686046039
607985059
492201761
905483683
557402671
672680664
103324837
102578800
207878032
995270911
526671316
768181684
874338238
565778587
682570575
466629540
462253190
205239124
986515638
917723153
903493355
173819780
328902120
690687621
72298962
710021530
937185782
902312304
691840063
627785429
540560180
566637854
897009299
970855419
448581254
453386317
500241004
303960034
342098939
461357767
926830744
327272642
495935743
216725685
902054252
327788347
695717556
314717050
611912089
730415176
218406815
466191994
842469943
512013157
285033952
889250661
366447979
490866476
992576932
406349560
915528325
679745012
377485746
23750291
564515448
968226520
343275934
687105924
792513656
470533607
208662014
265515972
801567879
664859045
716276620
955878786
467847934
748655226
43933992
346237027
674952564
476312158
165099635
877309711
212484868
357619397
51234226
99211138
131128860
910782569
479554890
792044363
706925411
470052745
129112493
67853894
201176056
24734844
738779364
193391178
710235011
735397742
229630633
552276247
454423407
342374299
118312883
632913700
595886063
642557020
100661349
533038902
85531423
223771583
320160567
36945753
536815201
728599158
423316032
770072869
270802009
150455263
803725122
589415800
546292058
598027210
228074766
825649613
20153031
954505639
885691895
775253864
716551495
351503271
623
314340946
38938724
115340146
529400793
30277258
638323914
175259251
541034381
154660938
482769910
561825699
403104497
448780760
610335886
867494770
190447649
161327462
267911020
842632513
114597412
484738734
910901439
751381782
586579615
969588160
400673841
672441476
661532282
445177409
490738508
841220444
817618573
523975762
881388310
320021009
859592723
930949434
927190544
827387378
531095754
748578680
584934178
346205025
878853121
243135985
896397967
59340045
320701952
641662984
323437828
142521939
825055224
360160270
261449473
959765758
201380268
112210568
216815870
545289618
250247396
674632371
366975545
680695468
25268988
323599696
661641345
439120420
598946855
519347768
403465717
266541996
723936190
99552550
389190832
383458310
850634058
935536240
487357016
994284056
459284703
742018804
364932076
284817875
106689970
654170642
240015278
282867151
124456476
260241125
822345265
86699691
318009488
916110008
121512756
584498953
456992118
163971899
588640265
998465087
934386998
214704005
822873106
320680713
496599211
811102243
869044921
621112809
220782049
888431509
208524065
571148451
438688148
610133618
821890843
282928403
314327447
973836264
644869669
566845464
15533145
723598952
302231058
983296087
831148027
212392939
586787971
713025024
612967035
178393255
366457394
329071905
859408514
744754130
4047285
663368023
625620833
556513260
128710499
286719019
933677306
651485557
530025006
127638290
451847473
351132802
491702430
132314329
479471354
903831436
201175972
516998325
483613824
754021026
576717072
993001050
532480774
197657200
136344764
672250036
312661631
911485090
919580636
504328855
924939153
350572783
784425338
12555421
556720116
398138597
911961496
960992309
108691044
290711036
950986134
31636074
331770785
434406830
377663531
698702097
786781799
989564343
282020347
788224430
848259229
334565590
292091952
537389603
64471082
798598418
66643231
724446315
976414745
434158047
530446878
9524256
1658522
984686384
805341077
152904108
288684406
198247148
392529923
513949532
292918516
616841467
751836574
572983448
765626048
137548683
539566209
146584925
437532118
26660530
487182170
225675334
264412209
406784240
68090962
537759540
444299957
877424121
692466260
149351155
779132847
563067911
14771994
109616324
933886975
931384919
566831730
768646793
14317408
180786627
510578697
623
113082423
978429326
327092156
540016608
130854563
8408894
948472553
324394214
720656097
978792814
96991740
844900818
399365319
981062209
973251265
271356825
636362535
76634783
44181631
974598445
355610058
242330422
360137088
968923158
690119398
172713503
429579669
119630874
412837620
509695357
3571629
350428296
64953998
814768384
388999634
159941982
122813765
982526574
221820734
400188072
89440636
22661204
89633789
700152207
789048049
345292409
849626467
66612074
623
403709366
256407675
475981445
421227470
696880741
764546494
630480195
932740626
483637790
859669816
753498147
761584033
268163260
796524038
262862123
833714353
396426119
107625013
620502780
886908857
546317791
103308891
249695030
485480336
139500230
933703287
544493072
257678648
766557525
702733059
440649874
124933792
361627991
932780030
828647020
876200947
677576567
480350871
508895703
606342218
394496211
982582900
39179717
106401407
383615198
227882323
713120166
20190009
645699839
962079800
178826196
978386577
441852167
255485645
379008457
323606986
628275172
779519237
718490694
57728511
251524748
788877199
947975714
488988207
161890856
474333764
533091627
758871514
397600643
975978369
493603844
878974509
404453262
319731896
668596309
538874616
726594585
769377972
433188470
58297861
727903894
229870641
536584259
734998591
158111098
394716133
848469427
27377261
516034091
848778302
994582544
828147394
320329535
580156835
469078315
694534798
773496405
258602922
549148517
902543280
512688377
322497770
335074448
631878520
640450549
786965184
428010872
189742550
1208527
784030907
715091725
974590234
301380631
317203821
773506748
682826595
356961199
433803729
264109236
209231485
492586286
567169800
688590256
291885878
235119361
683749007
292371434
26811309
332686708
546785835
322353685
368432249
40966095
904545588
671505736
709087481
217494323
839005833
795958193
299800979
504065534
906290820
38614378
935480309
619813913
808213441
846663396
301891626
953240892
483373110
348791602
854560810
747457836
475155772
58771500
498309309
38240946
836097457
188093525
90158416
907833975
82532783
532161775
197625600
746733501
458172282
87144829
376313464
914679417
160824883
338824787
872336709
376373763
785340970
515618457
510554484
117118197
38509329
328074339
786552368
72653035
19640166
627752920
886004652
755166216
3109670
391700418
383044311
791544348
880777056
314277018
857725917
965963792
134202652
356488727
724606128
589627331
927167291
155836311
709410100
540885592
496541541
669512044
241985512
290058699
622539477
716349266
698537173
149597443
525392740
950110255
886552291
762480722
78679650
706584425
980510574
816416116
799334535
577745262
764481006
320019626
697836802
874499351
342435655
724248236
416772487
703157503
289143503
408287308
731637536
898603348
19542448
798034712
182995879
727845083
948922481
395641451
530574247
875544810
870363930
103635304
291458274
145368218
487855682
197656586
515000488
974149491
213304521
611452188
186321458
825512669
934559180
166232972
472030601
140867215
234912460
62855501
732948664
273682801
183961513
170207260
391848444
488746184
54743349
909706270
262979157
621350484
201931544
17090452
39667916
57722374
974797415
911875325
709138605
891896329
993812023
386572547
802839461
340576946
780748252
198628197
789907853
504041577
495721538
826049918
99479541
613131745
84551229
528434970
288974240
531432576
455978977
683528534
822151205
926947640
184108066
532950410
991146008
947287054
293192030
801843701
283122337
375003330
682928092
862408173
637474202
895990234
571197196
109530858
776011327
752804420
258465487
552650814
506711796
277798500
727194279
929964733
427145514
798876111
696734716
23970224
509916985
780798536
487649135
627534164
238493741
348782793
109146610
71623303
542947614
229798556
815623922
443745712
563114038
637562146
55040451
90985759
954369727
980257925
780689517
804538004
78114810
28132381
717262876
969495882
120101525
881360995
60411255
555319291
700275631
921373668
741611149
338401428
137590623
930047080
667528920
744453880
568465965
516238727
390471935
939741828
112185588
989814214
935673277
292091137
493890608
416379529
657496618
394175134
791403463
972203910
835599323
12137924
154535008
467129615
688434028
741706008
197354556
110773966
115088772
782948804
50359923
775860674
680135253
947772503
488567399
451126773
236905167
531540781
337061497
723370219
290758375
323980645
9135533
206686749
19288068
416719911
915207729
673949973
116327863
946710550
991456305
299188911
231371145
639142236
19569244
453620174
124603646
129684986
922113499
740091998
968680929
886492066
111183725
177542309
814924102
441878098
597634357
73766687
270725800
564227905
669799058
121198927
8306494
38847571
129346714
862013153
320356064
596057074
748828805
465082548
362847214
805007203
356825767
738453314
378414572
841223740
458809979
672584494
105974762
307477948
74837939
45616676
528237035
912744712
810332798
208119129
307522392
141217015
895959652
318421087
758778210
840764095
127214175
745506668
746510884
900276231
645170521
591331388
272606490
700764969
986355134
54353004
83895002
556435786
803842751
898095224
357601870
416680395
111174482
493056139
177226520
317319844
642245804
250430188
34405971
444069023
883619388
531691050
552771110
19361445
924919468
454142076
414409731
585977288
328517583
750773345
883193006
912121383
747641500
22914897
78562469
988542383
750763021
754500874
310856234
985460412
786001294
806443658
37264487
719407319
178766526
535684296
463146577
248861280
247504963
969227234
883943853
94610270
460478449
759437609
702705779
215282059
683111485
696884902
39289576
247171964
260403779
48530449
890157395
980548453
205373491
527500737
631609521
847825233
712328471
207752789
589883225
89129825
979334599
603243526
291547006
134079197
895628693
186350464
70570296
735200152
642073930
402936831
597112411
34118330
226971237
308469249
416280620
992010108
697123727
454255573
446788885
413007937
106511585
633945399
55034340
684656477
330507692
775435046
906503953
83947696
49398761
953758014
258050047
94761658
651333863
628741475
456481087
631343089
776589674
638814709
256568924
768185053
922257888
419660947
811788170
947234131
965825688
861044239
440779816
229998337
903835879
816390627
651700857
460610251
982387385
807679317
966427869
92432271
317836926
552898623
677807128
233982940
481376482
568275549
658598067
510583436
101410463
446367223
410692010
145786521
624536903
798549716
545407150
858244642
936424652
379097015
642193602
623627335
51533437
247925339
27573643
347329908
578441163
452784661
775886360
748918829
647856623
643228647
228950377
571514186
593901051
635557519
125835671
803839440
731098679
320693120
931326089
406976391
356202726
258318237
14106446
833028560
352992985
567741093
6294553
323880545
111084998
84544676
592054706
95358057
765970950
295371087
235464405
91218839
640172414
243767380
570386745
460848194
780459445
59507913
961727347
343069382
452529416
715718346
560187175
953324821
339898735
635671769
604865949
792154946
649039895
472754240
739810418
101332775
913339626
432666325
177830231
791860539
322850521
568997048
103674949
456112713
88046409
496359352
198600113
224205883
653556607
172721089
718314653
893838958
447773970
429617660
959260789
148758294
846304598
909868389
147631345
316092916
948805272
855512934
833491529
853344528
84615894
547122999
538730728
105526757
601025049
416393375
317604415
542427735
221147246
787007424
607075955
53454021
11216751
966315574
232650635
814155770
486618238
156262337
113842304
302371107
590633950
537011030
612731662
485116984
134473489
664232898
615176386
831612898
382300055
223939924
311118295
283808294
129576751
306294941
698739810
81776078
102835923
610194861
328384664
772038707
698504166
602726061
632069872
208129531
784497320
941923768
255082501
890992000
911267453
114216897
405288635
104382025
585420775
222187806
333874217
265932412
286251983
781505205
580235449
345281623
518829037
483839060
948496625
589483215
853706044
113532834
206658829
351564058
298375372
636613648
928250747
696691250
580616968
314127715
130732661
963507779
144383317
422451567
868505733
147571924
333284974
891232566
873230454
356735583
159414376
136727241
415355373
481090390
326149426
901900520
574400404
492857634
600249466
666772621
820574988
318567193
155592226
264379200
22175282
199516663
421787465
41145631
146984164
748335352
869574445
99905936
384256541
321098400
466384016
916266785
975850170
551056168
734335230
32943685
787578793
500330352
479043854
258604678
602186456
14447587
608835969
535183500
301101518
260013033
111873735
106394996
265043535
9407712
510830905
143267995
857360732
697718667
952005932
787283233
688754282
835688593
641483669
982187624
24356525
7602689
254059580
232084945
334302249
752280461
733708464
512688
688182793
736403190
555282351
175067588
612072028
175810000
371265822
583631823
714369936
427783179
73451068
728236693
741835363
974060840
919840341
388308282
247107205
878102231
303474601
765026765
612369786
700023968
785847890
140594627
451572440
87391334
552906480
961502911
440361131
918929512
163042915
544482783
941045342
462081913
14674591
524131494
352564600
603339590
883349508
562233460
594195680
320220578
677793927
651266124
829782113
323542806
316840802
479638537
511033003
201080416
997096332
996263480
97516273
904545817
30942165
312304171
144281840
104046809
121110523
514284786
370902885
959659710
276232648
977617128
494862391
429395718
642134228
373716892
82578373
264215924
507697554
398719448
121081142
512298564
385146375
130593246
476554455
474538684
209281600
759202490
523782701
596306256
996456684
579785266
237893490
431146821
753646239
778227416
998742336
867195152
952055365
168990422
269330139
166527434
424295774
47480586
82578991
190582356
864025856
235118029
510773243
94526493
314930240
710868844
129780540
23595144
794489792
758878053
385573986
415593815
466714905
852161811
40592136
936477931
254436563
219962643
423919810
40847957
537027258
211122168
284390486
705226504
72908357
213574133
41132363
447820022
695295562
977825911
141366218
523688792
781734153
969928238
257357188
398975899
899322217
196175377
674650179
175285908
644378267
761338739
989580871
862136447
442317062
747769183
430264388
668920392
745760171
91221381
56901345
147734083
693453679
847428887
950703031
379500528
588303323
540645263
932482511
617896174
856970412
436727968
902773543
866132969
222562555
366529260
608821089
887159763
424351054
449744539
894957991
186904946
519545382
12957623
794107336
229100967
273200125
841101415
902385150
584660250
616241336
764554592
830462555
510585421
967038297
641595249
522338372
917667386
486070354
602302855
78640572
495066698
347732304
523963250
796897911
486745011
312625228
477221035
592483927
643110424
134069931
333828939
557232551
10685065
194213834
348484166
705952905
987769677
104190077
941791555
251138681
167686911
128787760
467673306
615324913
961589587
567502963
184286378
539073201
870021741
604562799
612631366
773825899
430741620
988407747
2980821
949249816
661446293
697729198
158482771
380444071
89384370
202992648
621004882
76851804
400920449
703387772
680786814
217666314
936748213
231877374
894416584
787018748
353818690
761840994
387204409
350017432
865490063
669336070
420172010
692802655
626210971
987313308
665361044
569863925
703129685
417113509
361117394
197443716
757235744
190764330
955890397
680845425
643532684
836200349
848419845
70256019
7451223
216772217
670998049
827277453
210122800
270308532
696335102
993014885
537433385
398034171
583347372
832706091
334076872
540296143
218069903
582728558
878233274
542543983
767660065
953702631
14818953
768472435
47266263
771509501
426590485
899550863
239678364
159233586
850513256
772159723
847422287
81395376
38979417
42499291
471863351
921792521
45613370
431438882
229976486
866485195
777092722
267121374
552140899
256789787
