71190883
109108358
290701462
350235431
889780299
168003929
838382396
534451559
776830841
195608553
975347282
552909726
542252865
526457536
530458588
923537074
464931352
278695248
638258027
821664420
862261877
612283503
222284681
905852162
362433588
107556739
213464101
275124937
101695458
274107839
367803291
578309259
138268833
740236471
990069608
594366941
459960635
196193360
243859103
745314749
839220248
225269500
445425307
869002070
56532255
781705189
68793240
37808666
883352135
357942419
241635418
915800954
713749223
663362520
254623808
42007171
361196560
381418423
650363565
393050319
566730082
521687138
8672659
212999270
486973463
473425380
724861574
46015957
507671209
742270180
391169856
401260106
942032886
290600357
904840078
346238138
77968916
53830279
172459838
812984730
697424912
122882681
658403585
783322528
192527740
60901856
263781827
776528821
957451591
350210781
37740132
845518852
121988204
302370762
435926582
548985111
461526368
966598518
247198537
88651511
