486697970
844084583
227427067
487716508
326202655
836353831
835227475
315030863
561841243
122492894
417546114
557025290
126852568
777493834
261835903
52477916
77651676
677307381
434883232
989946930
230856336
181830635
489819701
75674564
119841863
609776733
100173449
162524740
476185686
797093000
230711048
703086771
202168324
218951644
744201447
938958513
169318449
304151714
618387520
466051841
568869755
492011381
65937613
242155423
692284459
11573673
392716392
960657579
385033048
946840960
719934744
971702487
88635188
765695445
523060187
607763225
935450547
712713647
600676959
459744460
679156045
35501383
239564699
145527912
845020287
643415753
547397022
550232879
26864247
974565642
805453944
791459173
313458172
528148392
25360656
550738655
289924180
115705818
399248524
856727611
975425396
337572779
754096113
285929558
343268947
62197755
425007111
743921258
376847385
761317772
256435178
900425249
68291544
308103414
648008870
238945013
135188971
977861664
542002211
803291486
896235958
253686259
340676828
847604167
427943909
818453852
864065045
847015508
248720134
587307851
654286718
845047360
52855618
752349817
451870419
622049166
840637015
336406181
321458871
720097133
213440175
884266413
771444942
428744716
72282198
709382170
894530932
177197101
955961221
244516194
850942239
379329492
275876800
831698513
398861575
476267987
250269006
154136767
591162169
633298421
25237896
618319200
947151640
295943021
397298684
163005795
219337838
138610246
2065349
66851122
854663600
736174822
306122124
647364701
694426714
727664557
181281208
914951364
219909011
720621659
524319178
707030765
842402762
30592054
377803995
442026207
191246091
263183826
472610886
897598345
150064254
345222084
130234167
854622502
291903094
342168482
237584939
388974315
733592924
589128143
175587843
405749677
546074603
892916524
588393511
251722417
475174934
286651511
799958215
197876247
907398390
245055220
227812835
680527710
166751235
648138567
633456573
770854807
316766223
746618126
143126476
33310731
412522972
211282312
724623264
40262282
502076722
869338718
817522233
753047125
581358554
411465686
433898648
530008250
726463134
872441723
751097422
522023586
805690156
100836524
379617338
7902076
663803171
345484677
281501703
128846425
862236227
292143703
468879042
182803385
14395660
790655932
359812217
728704865
479650007
155373513
864589591
532221402
735557108
686151222
443651079
699320231
775831866
261232905
943295153
478959711
567784985
319269090
831305775
456625702
160246593
940443352
783702047
60470973
727334730
814069223
430483586
862916685
517918203
942346216
886821826
461582430
874317080
193422419
27991618
76731532
187269621
461489605
406729739
449321045
334957479
174076132
231410513
297606619
437151614
938016925
598501821
599445706
539128288
550086636
641003293
210002152
144130674
640443352
681382339
673351268
922357256
413363660
475621641
316317309
894532709
614778560
960286554
834911187
20828734
531524961
968459991
791718442
704273279
352405655
872624527
339127498
272537057
251039192
879979077
439164591
342490535
55506848
664460597
216629641
601114501
775373405
564142592
689473235
886969201
769475863
824943555
625256351
564773569
553676556
172067786
737813914
643752649
491631702
73554931
859333746
94604225
858318601
948120819
432588535
519247710
923680776
633850789
2364863
613541946
181977445
935389729
135867994
233352811
5423440
831057343
768103248
737318140
864108936
291316774
815580854
623966620
280657429
949394339
380324610
908658019
809545801
936295263
233246492
679143396
116546330
598493819
156370662
986571364
200443003
2274246
401275524
917749318
501968648
891300360
320912653
506650423
612744832
661482621
801895691
139787668
740391401
109113800
171173248
431562856
968907256
217503337
683869482
732749053
144058278
877640210
435418523
776443194
214484219
617689378
542245640
639701007
416943501
129786579
332796054
353176927
753891850
875619132
831348102
385619750
318806697
720769123
978474985
67084345
304229694
970925986
457958850
545417249
325336555
912679179
2741025
508918430
101030354
872504096
779879633
750002753
596325372
288545655
687820857
313592596
830729937
819566896
972240055
453096227
493334379
22670235
752487725
449437354
342692066
906590963
352724340
592452055
617796546
955895597
873123582
594559098
176921476
914138218
45850495
977717885
104125636
228398716
25714620
472783425
209987365
388151253
799261087
839807066
407815508
850177531
502229855
973521138
402138100
465646137
630013836
766873961
940917958
693331995
247969435
18292374
777007771
350036010
137580770
660465195
317387989
100060770
774747025
969296984
465705452
535215480
509043914
258609989
359171904
869098351
425797851
194659478
961673017
981894010
493055233
115502725
191581745
572299240
527392362
298840801
73873374
432362565
330625724
926709276
622529407
799272583
214603486
824195850
771682294
712719996
479998534
48746013
44070811
969636261
773521373
78052087
705777925
110080997
735907189
990764905
171659776
