237850318
455513967
643092907
58986452
834893364
996832721
661105793
918042343
121496889
329717825
759352262
559234707
201422714
223458195
928322590
52832133
699575585
160394411
70724730
401148114
804570621
767704808
862802898
693748339
184026440
122152454
276590563
132602787
561632878
374554702
732334468
462500928
749893409
609344856
766742363
59338505
64626885
485862366
709497708
801743151
899844248
815441838
423908424
526587292
199554044
376521194
841557233
880995210
914648516
406026147
450435939
374225278
820025858
502548531
651944255
908633176
996321372
637018922
840436645
424739548
612398739
699472386
506654865
554717332
815078438
28489699
808816695
4508210
765712982
380936806
711224162
681650268
489057022
754656422
606780986
6847512
145877537
443277952
980254977
351822166
542033999
734242623
368913655
143672094
188004793
744218271
666842379
99620922
216032437
864032917
788568222
908978636
604377112
781361217
388017017
258732294
957272798
946477913
694006097
671742179
95948069
263356747
63783996
857248077
50567048
801164466
832918767
526667739
979263139
215837743
588089277
296890915
820303032
27839109
48367282
553805600
561211347
65936207
139629056
778675402
986012309
592525838
559422089
135467772
665869667
144790516
930768282
756421538
208060286
117876028
975788981
557700815
325416021
285567812
175501754
272149315
702809793
69319558
799729980
440746052
46938920
457426627
854703400
867727556
482229427
132383193
499169315
639619632
611746756
847391484
865662579
1821718
686141739
25267736
603051529
936475476
283191731
470626519
237780020
331275172
37785764
980043188
825168421
504367712
257652770
266116717
659373105
521613297
703135103
200200663
332211384
905319026
389845099
370343499
107564369
891563307
587766611
719420290
612056329
178707214
793399626
872257767
34545450
514072248
272726618
570178854
623015663
765864962
316514772
717655950
465980512
692438351
916972607
431764267
373904490
895179326
306743940
21364597
100591717
7264212
909165618
211411931
377441831
79107310
550358845
748107581
913286687
777246606
289121569
612693908
401185309
920388286
408105552
304598972
623190913
322614437
942137463
872694374
458664280
337705230
530894556
875449930
479347746
144866227
277216506
125377888
154878691
60769712
54392779
970516822
293058775
583177077
211832995
742982566
51007925
963659907
820406351
484881854
617462698
941251816
522470028
100982517
711828448
452493932
272994968
223538239
63093962
337766651
999119542
307393256
910545755
218725910
773755140
327619146
108604431
443495426
968754547
627388582
149989213
31111566
166623259
9260548
338173143
900091088
239185849
219226469
652692838
304900074
466322664
603147997
268897997
862915085
429931729
934652400
420169778
831622743
627844714
373819516
994263577
1364000
861399449
642687556
334947338
278037188
117100209
318217535
528350083
220683699
582304483
850482168
496216037
953652528
616526697
692877915
355836841
989657016
711318073
469587172
526298583
909679057
991384102
968399401
897121818
874137110
236750112
935934639
82012411
515196112
787293301
604764493
776090171
935056236
427200975
619481133
275144164
758255685
986066273
387242856
270533323
147076494
682662407
203822283
835395300
633216711
316380638
492482171
866025810
646117148
739851480
171259014
148135009
34309589
807453488
437974247
345862875
96829170
286144008
445815157
209655278
395805131
926430497
866407683
857299708
378441869
327051750
349586690
717674541
811854523
471891734
779074796
996504390
39464759
645900356
515144308
1994441
356318136
604942725
317490108
793095878
915608819
771252938
660069201
15941136
691386196
542802148
641354999
902145633
234209686
590794762
814818714
937894244
941871248
638183737
669186907
412202816
279688738
966616176
568323576
550303806
782246028
436180549
692461315
204041486
245621396
486076136
118804470
260679323
866772957
415251632
593996679
637325061
600870855
884254643
372263432
801933427
379626063
900000068
526872867
398596631
737723139
52335220
891612162
279182698
701112550
342483473
498724821
806264769
817021125
393420638
527439945
481764303
124051254
884327092
386448932
864663576
393752659
818650480
439808920
618960456
815549996
555500154
565700836
462629929
73741581
699433765
457617302
696933002
787956518
983777488
990367009
758884722
539675380
927884018
917626734
308286980
574520137
814071110
453245483
389835507
406723314
722149242
503634828
48908265
774214382
26833900
135270635
847596382
873797459
677174267
452100744
944922467
892219553
365404691
294281965
741996753
806577304
627210711
490894378
451070599
437326813
674455827
395027903
363699633
875405181
120588679
897690206
429325116
680918700
931985325
980007297
118338774
244544395
782207456
311774095
268625625
500052043
195230487
306741229
142903617
621170851
772834551
337939550
642741683
924172317
638490496
188967785
430904109
8264692
696422852
821882573
463862608
477330443
981032508
198788198
166770816
397279834
547191474
110948471
33826254
890369790
503123237
635693705
824664975
671323500
471603310
490994025
233234075
25270569
794098891
395180866
313567695
337550879
513269053
808572196
637818424
965432009
510390997
565803236
288042439
952565820
871920888
293638632
645411037
896316921
568216183
904911640
996830073
624690461
759310148
538541672
819635876
155560604
258570556
118646966
599759947
469655457
288104722
934242007
890574321
333005631
420432951
790872838
974371632
773670288
131238614
299015525
619461884
214677398
111774597
764684126
781722248
334631180
358902189
817866346
461905673
383928502
779269664
854254072
658823466
276780688
266019048
567356805
543699173
785629222
314623745
627029354
968753302
134690022
49419707
477581135
812970323
542462581
906506028
658516095
594289155
882897787
77518472
825689363
290233136
125847723
480970428
84673626
615765
140202627
734187924
243945749
228474072
450788414
819914204
910936420
132219799
607421887
748345459
934006676
262757516
781185606
728526039
507381077
422050698
838016805
608880005
452233242
993469548
253019721
391922263
999713372
705240021
635166657
213714938
162371065
714353581
731501824
439583853
336967362
627007164
781400734
919779025
910399545
480975914
433605973
42639410
974259638
826265769
969040386
2323723
228551382
776422961
997541213
739426486
433883831
348247936
274515730
394398505
849103363
579344019
991003340
495475993
939502936
761414200
837812496
539548155
352596901
972329594
974828292
570441999
277124878
255150820
503309372
345132747
848485097
190434645
4292010
277626962
215011662
198209143
835277818
385131536
358351163
542833231
563743812
529257981
435371296
993435261
983964029
725093768
22985740
962299712
523939881
621026619
8012754
632056193
915162710
56219687
853085864
497788846
122213616
535194342
264080943
641266249
128317651
906523325
926590810
855534266
536020068
746404956
683204805
98660287
323638549
396222934
121016647
439861739
301760003
422301796
710042278
368787710
699285919
779146063
210303127
884427637
558234895
64581189
922963441
614800288
39931292
318447416
853578157
778903804
250470441
550707134
689420239
261145260
214577588
600183729
212499643
285702378
571428967
468728547
69167157
137142847
168322704
333937795
33548991
33638441
808523303
977934469
928459137
388905594
531542690
696790124
302525118
323564014
895161700
696377612
93835356
469213305
739627240
746553946
574335016
895822020
793905209
702699926
975196798
262037209
284346202
596894401
547056667
389026577
789659469
681158368
635255907
596223431
954994740
830774804
780864027
658493975
515310582
974551083
339680369
638667931
281708312
696896753
751568076
837542718
955246258
251207137
10341069
344042601
302216970
860946145
408424306
159359907
980376590
907870428
72653542
438737941
373658277
51243934
472198084
667657870
183888624
889101194
107411849
530814163
663833234
193604444
450347490
221236932
297156305
168968578
570400528
692879665
789709601
22192661
178758960
587086757
546684882
235188445
270609857
349290536
90272319
699065202
157834403
518192259
954663410
296401147
424696743
893687074
503487997
218144150
5337676
98470070
878824327
401699538
244273241
894058115
619402947
142606576
749935531
923274573
843707793
306701827
576699480
850014240
539217470
99634054
732356438
752476231
48019306
174994553
260840918
543777720
736709916
664206227
457249750
831147003
574017525
112592692
144659444
538050230
394325864
217404063
592747259
334306398
283961324
148812310
836995415
292754862
369551524
612188881
632309767
858857374
965801830
489698408
117592169
919364868
665592700
749855369
379186212
706725103
944021155
655643856
791193278
76640079
849150571
314659748
915624811
973639679
885539196
485666232
648964962
518654267
811171958
149870152
3822154
742537321
443688023
862639806
274719840
604917351
465379454
886694753
872301319
306521043
680559422
598764128
505044893
721921164
583845446
534964911
300187263
14444945
986873559
398896387
187579905
543649887
319992458
508143469
654955248
981103133
435407180
839255800
681819232
304437960
214716397
144893109
493290945
246418252
302387771
99523046
300907179
231586900
462696312
710530188
342531536
421455151
107740580
234295367
338724529
731314708
493410192
582544371
255439729
59913810
300636476
112921514
480689200
521753154
575140767
967380757
435732978
58940587
782978109
478585141
722994007
868492066
984325402
259596643
917227583
114704920
914938467
572985235
350333450
291324977
122819445
823296290
65973940
529748146
306980331
983658058
529555403
335306529
644430112
348993643
829575046
915246381
188691240
174391112
531709532
721252894
7626448
360647746
95210876
930373274
877811002
791546732
829310142
52072753
67684882
21422827
717884078
107007561
692803521
902553040
131065547
87494737
301132266
753721771
451235799
736193864
37642402
885301597
412340732
55583946
62783502
257195758
247650861
100559316
811753374
800379262
543417517
804131363
41048983
776558954
9838530
716051320
840684714
850104045
27921219
983981350
871704521
962122770
338451087
467473384
824222370
625400452
977306510
496455092
737732824
247231710
726529645
735180393
647878945
188720270
684136826
52889642
420708475
964732233
875765248
2023518
673644971
561398505
886894845
54139570
900252545
759453237
326283699
78846467
905301550
468268721
230839261
408589339
409125892
916169078
757229759
802568797
772867292
998138217
397049971
435714660
640251470
487846441
124212844
175040940
666376171
607985734
952745196
942311825
256399428
714693629
793718886
49780712
708784113
951997961
609153889
295041912
981499705
819360252
139608177
947769216
38729672
582050195
733006648
169878088
946405408
414350284
392728834
322854584
167864588
890896113
314927353
861819371
159355918
875196782
769285707
533274759
363159239
565792082
532883263
922230308
705681442
691732292
424411406
357324088
15677966
133204617
180360558
556765403
446800313
915864389
607310394
835310336
480198430
137035788
517509183
55879699
927109478
41569410
584343194
670395752
84987225
754629116
98447813
734487542
359727865
425377635
341370278
567936169
75468325
423129276
628493036
437017837
430496808
578851845
699523046
667110955
867497559
620692135
228835448
862888223
221210658
646864779
407327729
221084027
337334108
550776494
951556874
662639235
423401534
404026530
166184465
275202425
504159581
450502274
911805363
743712534
869405607
573711856
951548607
63000121
535215636
105410064
264911741
813440793
962170152
695038736
250325056
121542661
510328631
864042966
107136772
766246047
865937777
245725387
172589261
455627254
414227196
322905146
655431328
676862119
564174369
428388108
802018979
804224371
313163028
332107623
499335407
783244220
856738904
355283649
963696472
523888888
258577264
121064891
519493136
240237775
872722021
721540418
372737379
980372333
657507864
310689935
695622175
181713692
237136991
325368744
497926655
718493688
550817558
964187949
284551512
700652301
163711615
817577746
746416989
5445816
363549099
163049996
335227357
211541505
850584519
619337325
540615681
221003454
765522090
189944736
691210286
318074703
738395064
687531347
693407293
881637064
553269554
997844568
32563943
874224328
240021084
9248650
648437022
314391343
144501784
701909281
372299301
517874434
894505554
712384422
687131778
354134268
607244610
743391310
453240667
376777304
370450210
594419797
891949092
266341564
162947863
703687815
868796540
872786732
665331853
532730074
358529607
501050896
230970110
116539861
74053565
233431195
897332591
157416630
902241790
528478868
690693231
223206379
944934607
902177198
367302476
90723610
176993111
66416842
584537268
475854399
625581070
259723514
654499201
330556277
655112359
263715016
921401294
780823366
717980597
370911648
319224540
771683691
966737789
531167607
47187922
626015773
541632932
383510828
114087060
364326393
998417618
222691572
111223962
541185681
37770624
774380165
507714711
449901630
504947923
54788844
188251116
620113724
56546135
45184068
617972917
14258439
973879537
815137208
156665111
321067939
792040264
578322965
402340129
948501200
537752485
574530789
952020122
875736324
310369324
519985914
543514501
909669080
450853886
832360033
541535336
220200149
362671890
953973132
654926640
821901558
742051667
277761447
972417426
61707265
535162644
973587155
766655721
467764255
745246935
847744218
25103121
123519904
609319403
601026830
11649721
532993696
402386686
983189543
961959534
757616123
415571858
893105507
404102237
61300226
91566993
810013679
689964781
470161039
354313378
948924434
244644291
499495839
742567782
540040747
547685516
160651460
365818440
687114745
69343762
765856655
998151242
284049007
893224847
6077610
743418651
484648535
758866271
711320652
170335092
513420744
90294498
146172337
550835794
287869623
652309863
452661148
174650045
985018076
114460219
225811006
332265946
34587981
886895566
589085241
455743887
620633485
313728400
943105807
50173826
732253844
263141659
361896662
992130948
190264818
946418861
866453832
73646161
461373222
84141936
448511872
791561921
721122791
957653063
544128277
456716861
347726858
869586098
155292914
822974995
932194833
555073804
506260578
618586082
662009749
546630550
911875929
522697455
149352206
860762887
154386334
173163266
729549872
88245273
137897091
97771682
837990316
182786930
726968032
910738728
176134605
348334044
804203405
122235897
206859305
975349876
752336557
425463791
827875500
737024785
610365152
946885558
13514700
362033749
21233591
346456301
233146193
785418590
535542892
412981828
376494843
639895322
696918856
984721708
372226946
660414225
725061699
20593460
204368226
978219496
152166113
730949779
793184341
572218781
136998599
355526706
35119661
543064336
923259900
108423970
573801984
599770230
649112014
170528459
621994979
414196122
508851193
207404315
635733710
987639903
199261793
321971909
963462061
992779937
29025217
255535405
77825641
317380597
133707447
245410839
752402881
649990227
79098920
586267385
332380102
979339040
896317161
92757350
134449521
646037137
115056785
938808326
323196578
988393047
985654092
494424760
818471037
411597623
732924001
535520761
636782867
711511769
16449300
454758264
380126780
682117613
321613096
724237249
827468790
425709019
998478738
974331808
820038897
545221366
14621113
186247691
400314536
389583006
669404602
665213885
795330317
339931826
240966867
233959446
222681236
320291610
754941955
112779573
196022488
929415862
623056732
20588039
4409002
365956184
169361643
422929439
350437658
408618000
652302374
752952746
889393793
650608053
124925785
925856174
178305460
701678155
750698826
308394501
290485030
1093097
507192964
119728179
896554562
455543955
230640105
564866565
341010160
93914083
356274047
937592561
672915385
869464881
214842831
340251539
664440753
616479258
57569203
881963209
129543313
42586971
345995740
900917566
82489540
225157019
754834204
416029849
58740209
229936183
985735307
131032057
146595462
484513684
284771680
357406392
744307165
808717099
857487524
885491960
255501565
684283475
189243341
700254114
890437766
429128788
47297754
45524483
430732812
496695762
754536218
228848948
450341145
370735306
422996054
548961580
899152628
537637028
434089288
116244461
124216378
21025226
538503356
287022848
176544845
313132868
904518676
669052757
266833444
675959156
546467252
495267569
150309416
290048096
853007171
879301490
206372420
127300816
552309824
657082235
808537951
496443058
464973105
289595975
970883187
818557306
573566563
142243925
60268921
934527229
266939822
538884720
218949503
883597960
668663866
681617492
591320263
233293750
258330687
389825104
253823521
17208051
148902275
615495553
472164591
159217264
273434517
700839013
484708176
365253898
762219654
545927495
854604740
932665707
213332938
411866799
318900246
912912901
524133644
240133855
805810202
32458846
319249278
667887275
184452604
957383456
376713887
644482100
711163863
512921580
490386917
510202957
890702503
623594262
319300144
207353769
1532739
380797868
214893499
200454028
173746571
370405048
465700803
336201938
387999700
882567121
747328495
559555862
43289957
520566157
20264814
847939882
714976074
591914928
149257274
129992681
167154189
899712532
448033285
920227750
753468865
187374766
724182799
113286096
684066306
959243692
329361786
646175551
195944315
816056520
13516474
96099052
835861553
675638555
465594109
197077704
496771362
356478071
737958700
152570321
210920116
793924842
976908439
105692898
613338393
195051187
514366077
182837301
178796357
511312451
222417108
841598656
106974008
764703796
795944391
758682594
554310888
631117143
796088111
84497053
93993674
208427135
420757284
764107705
921182372
580818470
845610826
793800073
820355479
213488007
38853798
469853564
68292191
335724212
588092577
856903126
610764088
855239595
341441602
589087638
605029457
204296402
298188523
963762096
713379829
472213308
401034672
757238506
858502106
916139301
137995167
556676688
112495017
480807022
902162642
817874118
984797452
504179147
961975788
273652084
936453553
978313596
323168503
387056111
801638599
601100761
676455903
384208529
117245814
11620636
419229876
3629340
713918886
351732862
337497009
486155120
341251317
354652609
113088690
671407977
193741893
326550291
252247835
465490994
20163094
862219195
910614659
625692986
587110372
981079220
7923650
142297503
540199180
487921359
550058821
708580183
582996709
192176475
252997393
729202775
6589395
786956632
704395707
202107422
135516951
237671726
176168910
998486804
213987281
137580035
883771856
453409236
877298126
568422236
234923287
761906687
18554966
834678492
711885378
191376938
384927203
14243565
189543167
529001961
529294750
815032067
461522136
346732855
896172555
721568287
763445575
209853557
208292494
212313201
931990316
400717717
696389418
576331266
511085377
307097700
423852001
891320752
142533314
707998717
958977040
687382103
372242486
172008140
128897191
397738588
407892546
111425655
814543225
971050908
95188516
446996744
61111078
133734786
94667365
858961683
759251492
115860094
922468708
754440110
736234379
700730260
161835005
535189445
934165725
281190880
681049376
295287372
344646279
175840395
29213350
571991396
632799938
143327641
966776716
747171029
17948733
69987279
522288338
523774552
31751591
62365526
987917735
915040264
58604727
158032596
373050624
275148513
27010874
496369531
498412964
287602310
139555294
405687998
562404113
592565804
597866376
404954892
212366446
157854580
965621608
24488092
610686915
318926699
787581068
120595231
994034543
28563793
544674148
228483278
165561827
581061341
599012443
498513057
821939519
378306043
509912505
647731279
786785619
545728627
569859404
663151654
935756436
149664692
660980163
994062798
474749753
782374124
802749818
805583329
533891547
171579856
123177323
161433027
494207064
195543425
719208067
810084345
40442963
286332430
104811806
262396732
147738962
339967050
499424406
267137644
30388999
70508518
362429659
430904
315548520
325694198
722478416
631418259
209846929
208989936
127773220
75800440
