762649214
746445274
286723547
892003229
464654136
56982261
507211649
878405765
331638815
72187285
513043563
917066578
307578645
75004915
601976876
361080767
360277121
385193404
457300638
537085261
836586695
341883187
383738789
846509372
984155374
274639984
756113183
368451035
840250073
716358570
343906983
40226390
851627999
86751085
794619702
319704153
60970390
247611303
819989695
75933702
536855049
534842797
97109803
728904033
629017242
793105804
127332913
124489880
489533820
517470850
632020377
534647368
247126779
604090913
742312649
370607785
839131121
623319382
925344610
583301911
147492580
468987430
654081692
522880799
939977369
702689499
925494452
871032832
449563964
810786951
610290695
782865658
619048702
653825046
126520744
4178333
282928196
47110766
326866216
801151137
771487807
198643346
792552779
501261337
73733672
353548104
561036998
92028548
363249865
894307249
901428397
586348055
725969390
673863013
408450478
898542909
885535421
893753078
466509683
768780844
729512583
342441603
124728799
257147745
579487277
156983450
399576814
331621331
310888591
91862248
533616482
264006920
250885454
517921254
735478641
837399412
421529833
29548767
331428200
773013817
806063297
51436949
5746619
228716515
623506906
904797517
319019067
245464538
824776316
455816627
828520273
111151572
101190443
803245065
427565124
462842068
168723988
283502568
351794851
866592078
930136928
352379887
319986565
12326462
901761461
626284338
725308911
346782140
403012637
833910466
611107918
224310799
824846806
351155583
360554951
533800215
419433484
119308785
325546381
744043954
718959127
532326901
442592495
295694843
104304716
704988284
315932873
927040738
822440612
276613286
513099830
615008
257699827
206340337
626501731
240154967
707595057
765072392
86905769
317443510
512757693
627046645
415984715
792504455
584932193
153024227
40461807
700491757
192449736
651417221
845755214
311835482
114614022
393486234
237289102
730366235
319323520
237298141
679402995
71035520
779318351
276094250
895097846
903501899
9513772
45483051
43256797
141995113
538050206
94889536
903562229
767057737
991463235
675612552
589479073
944312018
301536105
476540860
201229677
494767184
47248733
573926043
704760308
32238818
23422046
52964603
424335979
742529465
329295160
894150491
683531473
451787140
323026110
147086109
926117753
539334671
102743168
108754339
25123025
130753414
244673998
764955813
343443431
427407102
549544619
930275713
177553511
672958512
181624801
673214668
180616455
466250431
817897001
531762922
285961472
489300076
810390289
436187609
365861807
562210998
545293515
220007333
959533642
826783618
348064921
314775907
319572151
439596687
532712394
963620080
810209251
193612615
184413494
178257989
203176425
314385029
344381051
10072092
423406461
762089900
155240851
825352663
41327444
442202675
140250042
112727967
307305346
401242789
893004724
314872842
875171598
45404084
852125458
294606364
181017458
476414904
120188851
830761288
948402344
141915845
415047840
912019461
183190360
408330787
770066280
133977455
655895533
905907343
240407132
171978983
93209212
198378413
690924434
418926471
811129351
175682907
602480780
22035857
729838277
523867061
20570953
280458094
385189979
867287625
945844064
427608085
2794819
268515696
837028192
448082375
869769716
847160449
549078366
794821165
942961223
370541625
439470999
917298257
221612584
116455398
367124225
661660105
877081063
94784776
606895014
994133052
224069604
611185290
759823289
922047299
719952367
410427078
496495476
230227063
743007741
92829089
370738207
702854931
241663389
706212366
849657179
19813065
271726592
341588216
515595001
574936563
730730322
437760773
567100076
750422403
520541189
277092669
435480223
425304155
215677286
297292937
343638487
644068575
94479079
486341367
731396949
478478969
796867696
121042778
69277894
660656381
153789246
706051652
659027762
692033755
164187032
100073225
136550962
551502691
878199182
896739926
715024376
686456394
838014507
529468990
68158079
483508689
875091151
410801986
694927899
410294483
77898176
201546512
642607329
481965057
241912317
465385663
860229643
668819976
902028212
238384486
510917915
565967865
568400858
183698088
482707564
303034168
878890505
547392310
286097929
526476945
964707232
103140495
496332614
437271753
955649029
903167878
453071508
426762936
929715853
626677216
289320375
831551296
5934589
305226903
713458972
790451389
386286614
862338925
488571820
484184051
202577694
208730995
11139681
111114079
415603426
378075455
507757996
271767033
475024830
76608193
958959349
421732407
671213190
535626220
711365304
429271874
576099451
980060264
156581118
5291605
460198140
216263179
386738784
650291046
54113451
817470306
229105166
200925236
329113334
634281885
120422220
243395175
280270790
349009162
142728756
207816956
995446823
260562640
163824798
55406403
946326459
577973504
265584290
460074533
805559071
491368115
945950461
755320985
773296092
829885374
734583658
545210172
373620040
234735347
714433350
126396509
378440552
254586720
152634467
767505007
626722302
682977189
773544373
485049023
27374511
615366374
806632999
987292706
328234929
600666820
208463211
250326969
862371312
961437539
940592133
156916474
169830129
735538815
510229639
629637619
501210333
194351360
210261517
167206222
549972068
624677375
501711457
448277436
94896846
994481899
596245727
77821022
823108940
43600622
131062507
63754222
81913828
445050209
792012520
308300061
579843875
505490040
264877599
989694910
405030590
976807335
785333238
346623714
713318676
267796014
843164345
679398752
842548654
319403721
303767001
835227308
324993771
185835796
981629174
731255165
105967436
519583014
604494117
435400138
493506482
446913965
483888730
293170897
594088945
80940416
839591417
55478486
575595186
515980274
184170588
954319787
205321294
689610573
491863644
428999004
839985244
141417983
696658754
946725899
939076552
578386139
905104846
928179811
788368983
861836289
729671870
286338306
791309474
976816330
919003224
29335144
898031523
714056093
253274464
864447837
604194297
696174165
186250396
317473912
444327061
763817886
802919512
510544659
69669187
570600867
669539309
8941948
600987649
388120429
282164984
535764055
991608380
92171964
52047839
818732137
920848878
705182317
256827160
203299303
887705520
240820180
184556572
219923631
116260697
102852316
442496538
827964658
982338966
580811559
92010826
174092497
998875384
292774785
732323044
391327621
610939592
529036035
750965088
899377479
932132974
336892516
342188029
587301138
904861677
518949787
58604686
558066637
205152929
278596186
183217862
914601656
840899981
876519328
269953794
330440263
880189701
624782298
433760688
906498083
110221823
658494314
589685672
586536749
245633930
531684641
712054558
562014583
25538820
196400879
427444994
314859306
738864944
522040667
554295248
641107569
863611142
127798589
779654619
900663283
226200169
235807637
106
266627257
351973696
290264274
374251327
668647570
120327359
408313046
186437033
504342583
615248600
889790767
243004847
47183963
424034039
892817147
177726641
221949137
370957346
426196283
8708949
982503014
596225830
873091443
110795750
715114165
513665910
378650303
14855050
187062723
819031554
892034488
767224905
326025747
661431023
146487208
684865617
945677039
110566374
491430265
546736679
421583515
262567764
752155449
515080606
635251217
721269200
493284120
551636582
275233972
446942282
751591235
447540578
620210966
71612448
343298343
298439713
972533138
138221759
466486289
76454817
828917633
725631109
880423171
800390264
746232478
543582763
433198236
183350366
430974084
356883088
804786841
607667218
61317343
137774195
106688708
825074417
539558692
431511036
383582703
896849505
882359781
111869858
926903261
348325579
213553338
675869390
256013996
319979720
831224267
334892952
425430331
922877281
442213890
881123680
711419558
344509012
20697607
103402547
656270675
153126496
810911854
192427964
292402218
354869357
21879094
859888463
83093763
876852827
875468967
986114402
543766591
311173144
294761709
508019797
339638212
856949601
783937209
520054608
920052846
52093571
168425276
822976591
842586893
436379521
564345123
177163323
842827434
818085032
360615896
141684031
942361755
111809099
855541546
658475734
412615270
530274659
152168928
83982551
912887387
152051611
848382847
252232095
271661167
28048257
964532811
385105469
313950585
878012397
943536010
106795437
154225833
217383262
265874467
576630317
422008821
256111897
367630597
576835121
265160415
769354905
668028713
996359290
271649805
273004888
158489279
237946022
766242411
892118503
756083809
870270643
3376271
682725615
304191965
129642423
788131229
568081127
117356667
963640276
214322526
668860274
371246204
565042334
823613430
126133434
290606974
765000945
435565047
996451762
907838051
777695672
600556623
213124907
409277345
161229883
366834805
336121133
889359691
914066239
276458300
336627844
497931610
121635349
717577601
187738077
574204388
292764006
745254769
683115867
357125970
576173537
668572793
872863833
699520367
733733204
978346158
795828309
418587493
682207433
583885222
813215043
127030671
98265369
82873511
758704582
496772850
71346458
967882537
929937468
50096302
794827718
233945566
682893490
488591844
578211283
183450938
529373915
442835468
241380337
113509535
906153851
800558392
615944227
23522233
285143258
459307669
702504863
698417261
438837929
630544576
820891599
555856548
154499637
592280004
978901671
819316423
617198639
128137850
649523360
485252171
88968060
48542212
377984784
114045386
920178766
218770430
603164043
498098050
950158946
501066942
61073071
701524376
169749281
295270362
503564346
972411600
441300158
790048598
592919173
724590046
770031028
652311890
579286267
111234218
552076562
135631200
399983141
893621493
466314530
378876803
947514966
410443142
480644537
540399576
646681608
811352509
564639804
364488807
30708184
290533424
331251352
41752649
121984651
233096760
915764079
796650277
756418660
777119354
201353298
632400019
362783029
568257759
196961788
839730737
677048914
461464885
733139390
30888628
893684002
794110219
970225533
202771268
97713387
463190773
852711066
458144045
651839976
470380541
810283096
205319140
374262733
439955294
230542946
620259678
44614783
625016373
320459191
685189807
779400528
305349638
7156618
730333461
775330770
207883161
416906314
620981496
147509599
572287601
576497461
212236299
159914375
882468350
703228248
490117099
617376572
267834961
94220204
373093770
395213038
271615290
728862915
143106413
575941838
502712638
278448763
781945382
226429572
972107215
959682176
978535315
387549739
455837804
538020303
991109555
341858367
707261748
999115435
699759549
519222557
501765897
78969584
970473759
977522793
228587570
29201892
233604741
580609478
257846899
448770914
854220763
477050473
202189171
179171761
702963603
178384543
347067432
278008303
226072593
850605975
349424874
395940563
498331224
343212593
456789898
498061334
650723050
664358480
464701347
439928968
605609596
602685202
105011667
737141719
693147105
350870632
799761020
506138601
825094364
645550640
848093966
833062224
719094674
442723381
370273101
883979489
606903487
272019081
566787603
434173757
792828407
605119664
879734415
980990253
484742472
529006206
274880896
700489515
537646053
926577651
486285568
168387589
106
591408741
728633210
738511311
137766644
149133930
526313181
158691646
673028681
742164585
323211127
252081430
522265374
712235567
541298740
632235084
2711813
464854614
385105064
408066266
874316918
973762463
665465621
536685199
273297911
373142288
767025116
395961722
235112931
161672630
917099981
795201871
595895987
863241768
717519445
996764801
658367791
836085623
84084003
551907983
695535521
325021094
106410788
95819987
749781098
264108099
942483488
718100425
39867092
97102822
794922581
393021555
351266162
898861698
713510628
443636770
991316669
88703093
336063641
971660243
396702196
191519446
428145909
93969770
240102321
911598922
709821045
697314363
385578354
691591760
527961657
560450451
427724357
211960395
648440881
267182683
853113499
992094153
465263891
574107688
145762869
40542896
688981466
970435542
319947305
724571488
324508378
833782334
160638101
226184999
299350097
893833723
825065730
610385061
457339396
135971149
267900127
542933725
479822181
349248802
849348899
90646115
211260166
944855959
514395851
184078596
785013348
170850788
683920188
284629715
220723158
355705422
735372090
587229747
344254019
198297767
668972572
645673910
831412218
691725509
27545142
45914802
398114338
689468840
723221966
135592843
166763120
771990740
174110637
42063971
837800130
141925604
801465854
303910029
433523109
995828168
80087984
241548856
147020879
214405845
55271494
533811103
770480500
542066069
665265408
584427419
994878246
496819913
484958884
249902588
783225169
619536130
975545689
764906261
740019818
31245155
255917247
798850635
2507314
857615069
810965854
459968139
597959169
729385352
764527245
295720624
769051736
589042670
538822584
826507175
497596060
904425410
902551463
990106986
206864404
101291416
715875084
803088018
417061775
245612821
25271840
40067291
633955057
284919329
537280385
476849354
550366593
696809713
989130726
411919357
757979119
10790312
768705615
22281475
831614532
891282177
917509533
126414317
519695352
583391387
540668166
273657095
510449914
953079256
959378995
584944867
334309919
325404531
409168658
858173338
649309548
840664139
822865657
236495728
921215612
190599483
444384113
11721545
844460690
506073354
197754732
410049522
422530865
921631202
898021503
885760834
929196091
621214447
827107415
316511587
215347539
718853516
788018345
628950673
5121364
272772112
712615475
359314657
765399933
332090946
141270450
533673358
653701907
466210967
701484581
70102199
120538037
731138023
871479077
55131025
34031288
467155081
208297490
907945708
925073893
382182689
926972418
626177510
962415378
843104742
981482520
89313687
574615365
384215678
861837094
22093679
319829647
60129767
606855155
48907863
705468170
625385307
891596091
153571201
328392148
109024980
549082673
889289833
893271202
670244056
507265233
617636635
264726163
243885045
660459229
881955091
42730956
833980982
731873756
160169391
427100734
733664722
31967766
805531875
827315252
927887107
284975100
886809209
808975127
830834075
636560152
256887062
227549453
381290273
461810538
238404995
992022319
268705058
82153526
138732418
759358876
351725870
636652757
354284394
374529352
221681750
713733818
726929968
181684280
952044877
801425954
520019291
898315186
648479666
746314489
196299428
427599544
124870657
908477603
943990115
393110817
299890578
809146805
96426083
498444791
635626484
243240373
107995516
715863263
564918329
785731017
681042882
731478817
812734029
549943488
44042317
956840621
236300706
515617811
635640576
564437052
92739657
818586723
128068932
931304335
724836551
528520142
878056110
350863038
649276314
365659013
313207866
117201678
768473575
431204930
204899069
928080501
372418769
432412798
248817612
219052551
973488080
857003953
729342519
658414287
889891038
322794021
863315388
600136120
43044385
713596140
776521227
221964412
95261223
550442629
836207182
315061452
292136959
593067311
898928173
59141885
103789159
963744254
638608836
355420960
457875293
457530520
697115527
690770291
366344652
564792359
880417985
459229603
199469635
73220926
362424208
918060284
215042968
21751962
45653317
620791396
335987637
686466906
621642501
70756755
34782226
131473770
827315475
307806517
16524566
256691753
752890613
386058765
463632279
590682645
491615400
631361929
706132245
778293846
305181139
400476745
652713149
51903235
876952861
828420917
645806177
929349008
157830315
179135357
106690453
488745405
755308580
774301272
134595299
329994887
477253660
69105452
953005649
761627878
704086256
354211298
826433044
464983450
777632298
94803818
994590847
842146598
793460488
66913667
836957424
960249036
399393412
906002226
714482247
689853907
255943912
375756010
284865914
492460879
913069943
967617049
449070929
214501077
103541179
187941767
511050345
258623248
705838400
751937573
466858194
148740970
125638876
692962608
54234801
890217014
198835318
371391591
408429685
591526114
363472155
631546551
392309446
133531386
924898
902443352
63181892
392590281
797838054
657070035
604296528
964970345
598065449
664524898
265664381
430782186
426442842
691689846
211486862
856327113
232061933
447904427
877229373
171386044
609361414
424274978
344114387
741589045
887565909
285833359
229100699
240306423
141242861
454338105
474511354
779484906
823247172
844391589
811972955
268382454
353312482
583267844
126498213
674736897
241930428
193724953
976862398
617325961
598886590
282280403
132615341
416062868
426803203
417184610
508393303
567258698
236415876
401004543
131065064
602930702
82019744
233993083
557041491
411330943
498260553
228833297
710341206
140948469
169617207
665177057
137052951
115143672
826123264
43741181
365637792
361462370
369958588
48363482
439998927
878161788
390394758
281856077
236979142
239691368
813024680
191186931
633821886
499452039
717924915
39724804
38114470
962986189
196567698
113562295
107155367
780998478
650396143
656776143
661299166
60032269
104523252
512467503
793832717
842191490
846718912
230181453
198581106
996237948
528014708
299576650
445577654
682179661
849381658
51619532
57914358
34028806
465763623
675347717
546339699
241086655
985803152
498100579
210789914
285455520
485780757
779710755
96154000
395057858
742687742
692043091
536721457
238606932
862729689
463416779
845732244
887533387
674560975
202654262
733087540
211822141
885526263
391224472
565433195
682492416
429645241
142866696
969633895
748475074
705200235
725673628
909789073
120458313
609613290
69668873
729900530
816831750
691809879
877149460
452543811
155981127
41026199
594981632
133724216
503149726
961563567
832867757
493362881
801372853
10776117
773514813
403830561
129730858
325946460
852136157
563553074
357257209
496310756
715947568
419898276
249678020
915417846
911792469
768968682
740463522
503049957
825032129
788402434
742302603
302421686
90077226
625433805
27939408
616935656
13768824
639125057
420212856
770663849
378434277
142510900
517856730
57431747
753972103
551921424
569692031
477850100
661095111
290900498
101843587
427669062
936081506
749141703
75794616
375467889
124126159
615660235
656214619
200646032
878465236
232831970
310818863
662952994
977050395
357453450
986770553
164368037
315890407
433281187
414213314
174807589
554519696
173137618
79205055
350190549
877159585
512391922
658137914
530597508
49318306
2859469
313220942
887442103
719644950
914945271
155622677
935325768
526021842
354768811
902774131
482671467
841778467
49571412
575354375
993447531
451283827
123307277
107406473
901037705
388084612
31988234
691372251
249489694
519791300
564076529
412340679
8032255
101666774
292583537
183057638
206924595
514699180
514725389
639599373
200365603
367823088
564855682
122661578
517533424
23895804
337507105
926431613
675466367
828892936
723043127
247726851
261595263
665781275
285443976
486118158
22388043
127140561
146908612
710105516
947387186
634389574
602741811
877839673
485097825
868006149
987771471
906259067
282285775
768310273
785349177
240522908
823732160
732388488
18746752
845353626
40308403
98557454
218224299
872854794
136541745
119016912
877638585
975680861
877759969
691833434
691040673
440374979
805219838
459619856
782041401
97503827
231662198
58411695
82346322
432113687
299791397
35162333
44900866
246265571
960199525
86433289
708565925
354232604
943078363
319985685
895174855
435086013
109614074
409007240
454024796
836857613
571173114
542041845
113706006
415305101
100748871
543908334
243514222
437730883
972606618
308395175
528144338
627831407
229789807
628127805
383673724
172794937
516175018
469020762
173379237
323663686
895570905
135373346
471355782
705597443
711130679
850542754
700890045
175224847
617550035
450217480
844080471
121415402
950025538
764390172
245078309
290385032
149511601
812208231
400445853
832557415
549768379
476534293
856700377
790623894
847414014
22877501
4221502
105990760
330740499
815490659
73541349
587243085
230021498
864472816
776461510
593255867
85439709
693683218
880460971
558757475
175996616
464628177
471821840
276310933
989202491
258859728
774542298
2917474
78344642
727427890
922508595
32950924
977072839
90075401
397365879
920033666
346416670
801616448
249305311
412682118
822342714
851435739
60216095
469252130
79716421
226939256
988612963
613169771
914851372
748663289
379662390
357800162
635617843
571606335
887554015
665678708
252030983
414338929
223599521
921932191
854769782
325927660
378786051
106647135
174867499
3774089
333650002
644802496
483845046
162552359
469661493
503539021
750064176
492448525
372419729
746357660
928272785
377491563
524671367
889676432
414949020
671877826
962684737
170263963
589984050
319968190
130922616
723912327
436007376
633941883
361938868
746175498
125077100
80173291
52029377
882881758
988031173
27657711
375690497
189736866
23365765
514429605
766992616
222738191
874803495
868052833
1882128
168368588
217198036
284798423
734231160
652527532
19064212
186062023
653289040
196888319
850324174
537994860
25878651
228004772
214579628
490180689
410404809
70360150
838780527
877925473
108472992
615584692
162105480
679680191
960723311
680882424
799521864
80839755
537730364
165347408
40571653
599061841
812054058
265073640
451210113
949972257
196825482
355626933
469433465
551984560
876171576
26775390
303954110
258121676
743138319
404894280
703123860
273461304
631238094
171420816
359421676
389053872
607158778
621059606
852211846
279982249
362301002
113340679
424186951
671807546
242624186
334828103
405561637
716011683
243286820
139622947
136880258
448100741
743135491
276673518
530072953
444066255
206667867
39469453
184362942
706426603
381836316
605298198
791282996
319682400
872085908
431869328
28907567
137828898
204039045
489552805
584025373
817244219
331171272
175949823
900862312
552467578
134178285
200979117
218423776
329621421
809629275
634280350
526145886
459317885
203595276
162816897
196298773
743951181
556900719
855704262
378404566
62878646
350095648
817299934
450876197
339993246
381045653
824462132
993904878
694091759
667333871
641880091
26576269
935303448
901644958
611730814
589626261
787136551
617774861
615235762
253715397
967382753
8692284
915691427
128396350
951880003
270745639
915508874
518465282
407849242
975971226
108734236
314576546
879661964
327887027
11933941
578551999
494305268
216745957
106195681
918149309
455371668
192810549
724690362
834537543
529241499
100884960
488116133
642316007
230286069
568283213
172490184
409765538
362948258
913168954
582650026
768686123
454959429
809224468
541492053
306024978
491903802
989107605
986762316
819983636
818965592
180629078
780923042
565786808
102932520
997636973
4733956
72986083
917087927
890554500
245376458
385422330
539748807
649383629
821771641
148614919
177390362
698909817
43631359
241415437
520120072
590524754
524490960
427045879
731573142
254685779
345586364
434562392
584150499
172945265
929925059
910512000
121266942
49335446
321195183
815457863
26363561
722375435
528577916
252413419
416472591
593535423
698386194
757720687
853108893
465537978
316368486
471502817
326513082
957142040
108832831
34980661
449589005
993931890
95043309
284438323
505596741
554571741
489216488
231002525
611736980
416027476
806420007
922663645
786829069
865128889
737556501
667579550
535123338
920635727
361643577
30347518
934457023
820890722
649737758
783157645
837613578
318902910
648952488
258448256
287498806
21175160
260940126
67474385
507966625
690535440
845255213
547911302
72984751
837138439
368267606
681323236
985052074
677315915
789978214
665347181
940610472
547477044
97192391
444853081
89257234
256631766
874350388
196324987
361396699
974326498
23902738
415316141
220211614
932288190
45603756
234159233
965478737
650800838
260241597
952315987
563006473
658788784
817957978
246705661
953093908
421748050
369565488
588426693
293525254
217658443
223145050
373733502
402244284
600542199
576788621
658187629
260492349
178972871
465252743
15411231
986124685
843390910
556240793
76225969
463733762
182967036
911668388
79170347
594934425
16511857
546080329
71881368
444311208
647787324
985613565
791772455
808719923
938414704
375223338
262352162
435588202
776874676
322056954
887660522
521821468
794845146
615131194
62478233
908647355
266576262
936591852
291740878
879070421
308248735
382727369
401760977
375049254
897826031
519212136
734708660
440891441
510681767
447954268
213132965
830676741
345308558
348945518
957082239
124513286
974548767
183326698
907701822
466032276
730829064
987936224
8687538
331600258
225781352
60107324
381088630
930828117
107280414
762425048
654563949
127653422
627068379
328589253
893485835
948505784
434207419
568802836
629442577
126653498
840263584
106
907321600
273345960
113975575
386313267
43557740
254150902
201002463
343861249
915267385
265837394
551661932
750081780
935622087
62586973
465552661
539378700
937597235
413290433
943434411
894051160
173961626
416152849
574154382
471411274
47234789
964730249
22396158
497264561
467754763
85679592
513299208
325730601
354427638
904356257
950609917
357623101
788767407
692383588
102979000
207358118
310546923
159590399
454343558
697712450
218841053
278691908
501406579
680161031
524398106
895845020
269810276
714370592
62354296
42273510
419868922
779119895
245602223
62162605
975175605
918187608
329597837
127524428
580812126
750517797
407076777
167381080
550665686
9605294
149178480
484685405
988555404
514622589
248879925
937473244
757361351
441432685
77516671
256893028
806683112
240113257
536194413
649843533
711910698
506212465
566786122
738923358
917377827
335269791
108900381
97382275
93982046
751194146
260333381
133421967
887667595
755462379
169703818
714557414
704392798
615998394
48341121
745094393
72043362
624825929
431860829
993100448
730413509
927033554
537143292
153359620
14185063
361728951
544595126
647658640
644970651
928593205
316336499
17641369
58895911
12081959
566902959
136113171
528613853
182646102
823368682
866940796
845785014
716418986
197091577
30845691
618987587
336706926
926153040
6886937
393459449
177090122
309677605
527158680
178966042
985222286
890765666
955235303
443659231
638412518
500181875
370618479
666401781
215156978
167548715
690661547
795522746
777068362
885482861
427273542
688303561
252446166
499854999
548311270
240405075
256426299
857909534
425624812
832052963
663665823
14154436
740405161
883654157
287092326
398460883
319976501
764620037
106
658512740
524279392
535681708
933386335
336460115
627352160
795409212
895995931
137542956
21077302
655366714
586498881
356641752
322322243
106581771
553973421
229044087
645000509
574506311
730526029
17845144
156786966
658644415
496185646
606849370
35904948
950039367
541795026
444194021
262586765
890094153
67317283
180879576
764080081
892431330
934609392
643139332
12847860
425047582
616111854
331094033
882216159
389052662
889783312
933385417
995738028
810889365
484556552
145203675
151419815
332532703
162223176
998221473
262449124
638235736
67856043
29482569
972161487
489323915
813357479
393556208
987286071
398888638
335247640
673773232
954824671
480505099
739190831
119774813
274639789
501072496
915143530
290937203
724123613
626405884
801552352
890464665
993832951
945030525
500184186
565861269
397188394
793778777
960422248
585887106
232916179
828120982
75162355
872216872
902130757
485026454
813493389
259169881
367097739
91776891
275260795
927906624
274291636
905128341
410267493
442234146
272532002
669746179
236686884
339871727
8499248
875126889
758259218
751153351
217806073
552750845
477210387
135008319
422748190
292439850
418633193
11676757
16493019
470954398
440219254
145574390
611447925
135983506
579736685
76828999
517465383
207877442
382467007
994199675
656571332
392757338
432692838
68991994
539317963
963245628
750932646
413752741
274436470
565421753
21363402
152017883
165271062
7685608
795442136
497447325
960477080
784843176
880847400
806436104
453549065
891153765
554938704
795019468
982557109
384335115
605627373
842561022
89994938
442292011
7522633
728610572
961120716
757369620
652083303
647385244
658273835
148330935
473455143
723528284
450473374
17405746
593837377
630901094
600289608
285954823
424515630
836718677
375990700
916989629
676620539
322654321
219775355
262248881
255651882
648459714
632714566
949323833
329814608
35516957
868750629
586281605
92565033
407802733
205446315
481393238
746479297
426130568
17789349
874359137
403640532
956647562
329797439
792864706
350365730
449282814
634811600
47507675
436917035
511564410
260397981
90732371
700756299
367886551
197912449
27489014
732213467
979353122
115680853
180271089
533596219
474754824
734786373
496710117
337141370
365987293
368061843
79868028
814867371
351531969
154883344
771530630
848171158
357231274
83618696
336405382
995568492
47435659
595184367
789482261
697982711
345546082
420038359
571117541
9797892
200007877
985079342
748520980
794414257
877895545
477170863
910003352
108089237
909642658
617338453
786882893
422059348
477309257
196758858
610110868
591342485
560742882
483823581
337656106
50059199
215641697
180585186
206593293
165751505
605077664
216685645
12450870
159480086
249701715
905225121
120667344
885512060
725779553
322578747
219386485
996697419
664851640
37686472
544159451
64474623
96451466
724856843
676615270
435712846
387501829
468186272
20461852
859284608
994349421
607203440
477893076
522982580
236202694
456398710
942698217
410021003
223334491
53601634
952268420
508989275
240369854
174445042
192807691
992570583
43732701
275808655
226135185
775408442
280196115
655890363
683058196
15763428
493917951
100656363
548545525
219767595
615281971
244929775
449101827
562177482
20533375
482342308
647083949
900216732
723539804
50202641
388622659
764750775
157329740
681285832
