568 977 -221 54
96 985 -217 58
76 875 -187 88
439 952 -89 103
516 955 -83 106
423 810 -177 157
79 862 -296 210
225 992 34 250
101 975 56 255
356 828 -321 269
427 867 -5 272
520 979 74 277
281 874 48 318
272 934 109 319
59 655 -163 326
507 684 -122 338
454 968 157 349
222 937 146 353
228 881 99 362
539 963 -554 373
412 611 -216 381
166 590 -161 393
527 812 78 410
91 964 -603 423
467 657 -50 437
207 774 -438 440
21 613 -283 446
217 935 -611 452
112 680 -359 455
395 705 -388 459
588 689 -372 459
361 572 -82 490
586 540 -255 491
172 700 51 495
341 519 -120 505
183 617 -9 518
302 617 -5 522
19 532 -287 531
517 782 -537 531
212 452 -155 537
483 560 -325 541
83 588 -360 548
330 803 208 549
155 680 -461 557
321 571 -4 569
258 532 -22 590
419 573 -398 601
4 645 103 602
123 754 -582 604
372 485 -50 609
393 365 -170 609
340 523 -358 611
327 777 -621 620
102 476 -326 626
562 955 -810 631
40 519 7 632
265 359 -215 632
305 561 -423 638
473 507 -373 642
55 602 106 648
248 787 -662 651
89 634 -512 654
109 377 -113 654
73 641 166 669
374 716 244 672
420 841 -741 676
10 635 -537 678
181 498 -407 685
208 898 -820 698
189 614 169 699
583 859 421 706
242 813 -746 709
319 849 414 709
152 949 523 718
504 651 -598 723
382 393 -27 724
572 479 -435 732
202 579 180 745
529 344 -53 747
16 374 -350 752
441 582 -558 752
416 964 578 766
536 651 -641 766
422 491 119 772
430 884 522 782
360 668 312 788
299 905 550 789
500 465 116 795
380 605 258 797
561 330 -354 800
370 189 -219 806
580 851 515 808
344 918 590 816
300 916 -966 826
34 141 -192 827
270 446 -499 829
309 793 -846 829
582 281 -34 829
403 713 -772 835
105 652 345 837
316 337 -403 842
506 213 -279 842
337 613 -681 844
426 293 -1 850
574 561 -636 851
493 708 -787 855
201 221 -301 856
387 936 652 860
44 546 -638 868
110 727 451 868
239 674 399 869
131 681 414 877
190 238 -339 877
241 103 -150 891
304 348 -463 891
324 701 458 901
82 953 713 904
505 187 -53 904
376 347 108 905
579 76 -206 906
318 385 -519 910
494 551 319 912
50 187 -327 916
90 701 485 928
220 848 633 929
165 405 -570 941
545 812 609 941
554 725 -890 941
425 154 -46 944
408 607 -780 949
413 768 -943 951
498 243 50 951
68 187 -5 952
256 246 -431 961
264 160 -23 961
14 170 -9 965
11 10 -202 968
277 594 419 969
570 968 777 969
233 703 530 971
294 785 -984 975
308 80 -87 977
178 63 -272 985
160 168 -380 988
87 830 675 989
280 572 417 989
460 319 166 991
434 167 28 1005
421 882 765 1027
315 39 -291 1028
120 914 803 1033
159 36 -301 1041
121 357 256 1043
497 251 -519 1044
525 726 -997 1047
278 233 138 1049
546 672 577 1049
184 85 -9 1050
585 149 56 1051
558 423 -700 1053
54 451 365 1058
215 997 842 1063
450 33 -322 1065
468 624 -915 1067
6 670 595 1069
312 460 -758 1074
255 963 888 1075
75 487 -787 1076
565 -7 -69 1082
521 79 -388 1085
250 450 410 1104
424 -4 -43 1105
446 263 -596 1109
116 105 -439 1110
306 828 795 1111
531 219 186 1111
41 56 -396 1116
86 -121 -223 1120
146 -11 -335 1122
502 916 895 1123
140 670 655 1129
317 314 306 1136
478 650 643 1137
410 510 504 1138
451 40 34 1138
62 993 929 1146
56 895 898 1147
194 324 -696 1148
335 127 -500 1149
394 356 361 1149
499 532 -905 1149
253 -16 -3 1157
195 307 -690 1159
404 -97 -286 1159
534 735 756 1165
367 331 357 1170
440 472 503 1175
63 -78 -42 1180
223 548 -956 1184
587 322 362 1184
353 266 307 1185
130 537 580 1187
342 -112 -62 1194
396 -18 -403 1197
480 397 -818 1197
334 198 254 1200
216 98 155 1201
221 466 -891 1201
331 450 -877 1203
414 -105 -323 1204
443 481 -917 1212
363 -93 -344 1213
240 409 481 1216
115 -51 -395 1222
64 -2 -446 1224
143 262 369 1251
176 52 -527 1251
162 433 541 1252
267 -217 -260 1253
482 331 442 1255
339 -35 77 1256
326 390 507 1261
157 763 884 1265
262 627 748 1265
383 -28 96 1268
141 445 -939 1270
285 147 274 1271
169 291 -788 1273
249 -73 65 1282
290 -317 -175 1286
269 -325 -192 1293
320 461 -979 1294
288 101 -624 1299
5 -76 -450 1302
354 418 -946 1304
185 45 -579 1310
134 -20 148 1312
385 284 462 1322
191 234 413 1323
291 -125 -423 1324
543 5 -553 1324
462 35 217 1326
245 300 -854 1330
389 108 297 1333
495 -281 -88 1337
540 352 -915 1339
571 -161 -402 1339
94 194 391 1341
287 97 296 1343
474 572 771 1343
400 -172 29 1345
555 404 -974 1346
234 -309 -263 1348
544 -260 -45 1359
548 -237 -20 1361
557 148 368 1364
200 180 402 1366
456 2 -595 1369
78 -315 -281 1372
203 -57 -541 1374
535 115 -715 1376
357 17 250 1377
371 -301 -302 1379
322 -396 -155 1385
429 121 -736 1391
445 51 -667 1392
284 382 -999 1393
295 498 751 1397
406 435 688 1397
151 58 -681 1399
407 725 981 1400
491 584 840 1400
436 -327 -54 1417
150 -63 -581 1420
244 37 -684 1423
60 382 668 1430
205 645 932 1431
254 571 858 1431
584 -155 -504 1435
351 460 754 1438
103 237 -906 1445
591 -398 -91 1451
46 565 873 1452
20 357 669 1456
566 602 914 1456
106 -377 -61 1460
144 -175 -515 1466
329 -484 -208 1468
8 -110 216 1470
365 97 -791 1470
100 134 464 1474
28 232 -933 1477
471 405 741 1480
252 156 502 1490
237 -103 245 1492
362 244 592 1492
297 -151 -566 1493
209 -394 -328 1498
399 124 -852 1504
271 156 522 1510
384 -494 -241 1511
442 568 935 1511
276 -120 248 1512
459 -480 -259 1515
484 387 771 1528
118 53 441 1532
560 223 612 1533
358 -552 -206 1534
238 -99 -660 1535
12 -28 -735 1539
487 71 -836 1541
186 -480 -80 1544
187 269 674 1549
43 -331 -446 1553
51 130 -918 1564
310 145 568 1567
366 455 878 1567
199 -234 192 1570
211 -30 398 1572
332 253 681 1572
352 -179 259 1582
444 -484 -323 1583
243 -24 -785 1585
453 -226 216 1586
432 -99 -716 1591
512 21 468 1591
556 128 -943 1591
528 414 871 1601
590 -359 -467 1602
513 -307 -523 1606
93 -333 132 1609
173 -509 -324 1609
247 249 719 1614
33 -265 -574 1615
575 82 555 1617
188 -197 277 1618
214 -466 8 1618
508 -135 342 1621
533 -165 -684 1625
286 -57 -794 1627
230 -310 -545 1631
117 -533 -43 1634
85 61 -922 1637
180 -421 73 1638
29 27 522 1639
219 -345 -518 1639
477 -51 457 1652
97 -279 -598 1653
328 72 -957 1661
551 -486 38 1668
108 -540 -13 1671
550 -53 474 1671
313 406 935 1673
124 -50 486 1680
193 -387 -518 1681
98 -710 -165 1689
126 -215 330 1689
154 -242 -679 1697
25 -21 536 1701
455 -420 -506 1702
437 -648 -89 1703
563 -427 -506 1709
179 -634 -300 1710
227 400 967 1711
573 -490 -447 1713
397 -746 -198 1720
218 -288 303 1735
229 -442 -517 1735
18 -428 165 1737
411 -346 247 1737
522 -459 134 1737
129 -602 -365 1743
465 -123 480 1747
378 -438 -537 1751
45 -544 -438 1758
88 3 631 1772
69 -682 -326 1784
373 -537 105 1786
325 -112 534 1790
47 -510 140 1794
111 143 797 1798
52 -160 -866 1802
53 -476 -554 1806
273 -736 -296 1808
196 -106 563 1813
449 -172 -873 1821
433 -716 -26 1834
177 145 837 1836
260 -775 -82 1837
523 -851 -158 1837
485 -699 -363 1838
153 -693 -372 1841
391 -144 -927 1847
547 -187 517 1848
532 -710 -3 1851
61 -810 -100 1854
338 184 894 1854
24 -445 270 1859
125 -311 -772 1859
347 -133 -957 1866
466 224 946 1866
65 -823 -275 1874
464 -382 -716 1874
232 -752 -19 1877
379 -735 -2 1877
292 -259 476 1879
552 -810 -69 1885
213 -28 717 1889
577 -14 731 1889
401 29 775 1890
113 -747 -372 1895
266 -301 -818 1895
107 -575 -548 1899
542 -399 -724 1899
355 -880 -250 1906
95 130 895 1909
463 -652 -484 1912
72 -86 688 1918
417 -918 -140 1922
147 -744 -403 1923
496 -630 149 1923
564 -860 -77 1927
503 -768 31 1943
36 -753 51 1948
3 -784 -389 1949
475 -676 131 1951
486 -174 636 1954
235 -326 -853 1955
132 21 833 1956
167 -985 -197 1958
182 -357 -827 1960
236 -671 147 1962
418 114 932 1962
489 4 824 1964
470 -417 -772 1965
13 -916 -277 1969
279 -659 -536 1971
22 -403 436 1983
511 -368 475 1987
303 -833 -380 1989
251 -568 -647 1991
170 -276 583 2003
458 -574 -653 2003
526 -884 -18 2010
589 -285 581 2010
164 -206 666 2016
549 -865 13 2022
210 -786 -461 2023
461 -432 -820 2028
149 -233 652 2029
168 -109 778 2031
530 -22 865 2031
509 -312 578 2034
343 -909 -17 2036
538 -986 -94 2036
553 -568 326 2038
381 -905 -366 2047
431 -432 -839 2047
448 -387 -885 2048
515 -854 54 2052
257 -723 -556 2055
559 -421 -859 2056
77 -730 183 2057
537 -857 -424 2057
576 -449 468 2061
57 -265 654 2063
163 -767 158 2069
70 -707 221 2072
138 -731 -575 2082
333 -832 -477 2085
578 -335 608 2087
409 -371 573 2088
438 -551 -763 2090
490 -954 -6 2092
39 -603 348 2095
350 -799 152 2095
375 -592 361 2097
524 -618 -704 2098
268 -591 -740 2107
161 -462 -873 2111
119 -326 642 2112
472 23 997 2118
428 -636 -715 2127
206 -569 -787 2132
481 -769 -600 2145
2 -991 -383 2150
198 -752 -622 2150
67 -482 -897 2155
311 -608 -776 2160
226 -815 203 2162
263 -505 519 2168
348 -760 -633 2169
479 -809 -592 2177
435 -325 715 2184
259 -568 480 2192
49 -540 -877 2193
135 -863 190 2197
197 -805 266 2215
457 -254 817 2215
359 -634 -810 2220
518 -872 -574 2222
48 -623 -824 2223
81 -538 548 2230
156 -727 363 2234
42 -600 495 2239
293 -609 -857 2242
346 -477 -998 2251
37 -922 -564 2262
567 -489 633 2266
175 -598 525 2267
99 -612 519 2275
492 -132 1000 2276
476 -636 -868 2280
7 -655 -850 2281
174 -831 309 2284
114 -985 158 2287
261 -558 -963 2297
519 -632 527 2303
80 -651 514 2309
66 -597 -942 2315
282 -338 833 2315
58 -574 601 2319
323 -571 608 2323
35 -278 907 2329
17 -738 450 2332
204 -625 -933 2334
581 -553 638 2335
231 -967 -595 2338
469 -399 797 2340
541 -997 199 2340
137 -938 -633 2347
488 -838 -736 2350
369 -627 581 2352
133 -773 436 2353
336 -237 986 2367
246 -580 648 2372
142 -792 -820 2388
349 -896 349 2389
158 -821 430 2395
171 -293 965 2402
386 -706 558 2408
415 -799 -843 2418
38 -807 470 2421
569 -700 -947 2423
283 -620 668 2432
405 -946 343 2433
1 -883 -776 2435
23 -996 -672 2444
275 -426 879 2449
501 -383 931 2458
289 -651 664 2459
307 -976 340 2460
447 -940 395 2479
30 -562 776 2482
148 -493 860 2497
398 -927 -794 2497
452 -386 985 2515
388 -816 561 2521
345 -801 582 2527
32 -827 -925 2528
139 -960 -811 2547
298 -837 568 2549
377 -807 -966 2549
122 -939 -838 2553
92 -798 -981 2555
84 -927 -853 2556
127 -784 644 2572
224 -859 620 2623
9 -702 785 2631
301 -513 984 2641
296 -976 -894 2646
136 -895 643 2682
510 -754 800 2698
368 -617 939 2700
