2544 742 -539 23
2425 742 -515 39
4359 696 -521 41
2050 744 -510 46
3346 713 -499 46
3968 722 -581 47
3621 694 -515 49
3851 772 -535 49
2922 726 -582 50
3415 727 -583 52
918 670 -527 61
3874 669 -542 61
1778 667 -529 62
1958 765 -557 64
3527 758 -502 68
470 759 -570 71
2890 788 -529 71
961 721 -465 72
1557 723 -462 73
137 744 -599 85
1558 658 -563 93
11 735 -620 97
1222 733 -447 98
2466 641 -519 98
2015 669 -489 100
3852 638 -553 103
2683 822 -530 104
2951 628 -524 106
2843 738 -630 110
2584 792 -579 113
2684 635 -510 113
1252 728 -647 117
1594 787 -482 117
3292 644 -573 117
843 696 -627 119
922 818 -559 119
3371 685 -454 119
3503 750 -442 120
1262 813 -566 121
1394 727 -653 122
3168 690 -624 122
3171 650 -485 123
2764 701 -432 125
3578 615 -516 127
250 679 -621 130
3526 748 -430 130
3759 780 -462 130
3797 820 -502 130
1397 723 -666 131
2150 611 -557 134
3139 782 -611 135
2405 678 -444 136
2077 833 -563 138
78 650 -468 140
779 614 -502 142
12 626 -585 147
687 764 -644 150
1962 677 -640 151
2656 701 -405 152
3687 592 -513 153
265 775 -638 155
540 796 -453 155
1462 567 -535 156
4147 700 -397 161
2564 787 -633 162
2275 661 -637 164
2621 809 -457 164
3652 818 -610 170
3108 763 -668 173
445 684 -400 174
4086 693 -391 174
726 827 -464 175
1013 551 -540 177
2769 791 -646 179
3032 860 -577 179
75 883 -515 180
3890 688 -389 181
3990 554 -523 181
1243 644 -432 182
1588 808 -633 183
3083 560 -509 189
3815 558 -510 190
2252 751 -699 192
85 576 -486 196
1002 917 -533 196
1270 819 -635 196
2031 586 -475 197
4155 624 -437 197
115 696 -363 199
610 858 -602 202
641 800 -410 202
2981 916 -544 202
3798 874 -588 204
3758 862 -601 205
2904 764 -370 206
225 578 -473 207
2634 791 -675 208
1204 787 -390 209
4104 624 -646 210
4317 700 -348 210
3351 538 -564 214
3567 660 -686 214
4227 916 -514 214
975 766 -363 215
1908 804 -671 217
2057 617 -646 217
3204 710 -739 217
3505 806 -401 217
558 802 -675 219
594 560 -476 222
763 893 -589 224
3363 512 -551 227
2265 929 -557 228
862 894 -477 229
2886 937 -550 229
790 627 -401 230
4386 840 -421 231
3996 530 -495 233
4008 521 -566 233
2620 851 -429 234
3394 775 -718 235
1751 500 -548 236
2326 863 -437 238
2921 700 -750 238
2366 663 -714 239
685 545 -598 241
752 535 -589 242
4336 614 -668 242
104 883 -452 243
2690 787 -353 246
3598 530 -481 247
956 503 -507 248
2208 720 -781 249
2446 554 -453 251
2218 543 -608 253
3130 542 -462 254
1592 876 -432 256
1743 794 -350 256
211 877 -638 257
144 500 -572 260
890 777 -329 260
4057 561 -437 260
3066 951 -568 261
4013 624 -373 261
76 834 -686 262
107 697 -771 262
1152 789 -338 263
3028 745 -777 264
4283 498 -496 264
2533 625 -702 265
1954 493 -498 267
3940 508 -480 270
876 477 -510 271
2631 780 -749 271
3587 552 -635 271
3255 922 -608 272
4015 968 -508 272
509 972 -559 273
2361 887 -426 273
2493 683 -769 274
1337 498 -485 275
2365 617 -705 276
1144 647 -737 278
2606 495 -485 278
3026 477 -567 278
176 822 -715 279
815 576 -403 279
3086 809 -342 279
3910 878 -659 279
1865 578 -400 280
4184 588 -681 281
566 522 -454 282
3004 490 -584 282
217 899 -428 283
1806 863 -392 283
2346 594 -381 283
3971 701 -796 283
543 859 -683 284
1307 674 -770 284
2146 883 -659 284
2800 989 -553 284
3318 872 -670 284
1841 703 -269 286
1905 698 -798 288
807 931 -454 289
2725 813 -735 290
3498 740 -262 290
4128 441 -527 290
2770 557 -661 292
1234 818 -337 293
134 867 -384 295
1173 692 -271 295
1247 862 -378 296
1909 903 -651 296
4261 457 -567 298
2728 901 -656 299
3161 496 -607 299
3528 737 -820 299
746 856 -702 300
2845 957 -469 300
2896 970 -588 300
2804 441 -516 301
2654 467 -489 302
2003 782 -291 303
3701 475 -480 303
1744 959 -467 304
2056 458 -574 304
3686 623 -329 306
684 785 -781 308
1163 648 -768 308
2919 705 -245 308
4066 475 -597 310
4240 473 -475 310
234 854 -355 311
1408 949 -621 312
3184 942 -628 312
3090 654 -779 313
792 963 -609 314
2731 808 -306 314
2874 703 -830 315
458 642 -770 316
3024 919 -415 316
2693 949 -626 317
3154 679 -261 318
4148 674 -266 318
551 616 -323 319
1276 463 -476 319
280 865 -713 320
1917 534 -667 321
2629 480 -614 322
1704 901 -390 323
3304 740 -844 326
1597 631 -771 328
3993 527 -402 329
2382 854 -336 330
2608 966 -624 332
1647 743 -848 333
496 772 -820 334
1339 449 -473 336
499 874 -722 338
1547 394 -526 338
3521 570 -720 338
316 432 -584 340
1453 553 -364 341
3788 571 -346 341
327 694 -848 342
337 531 -689 346
4340 708 -866 346
3430 936 -401 347
1291 417 -493 348
1506 843 -307 348
2913 462 -448 348
4030 826 -290 348
3682 644 -806 350
634 373 -534 351
3249 835 -774 351
758 585 -749 352
941 749 -861 352
3277 489 -653 352
2426 473 -638 353
1438 931 -389 354
2934 954 -658 354
4129 376 -528 354
903 996 -617 355
1500 718 -184 356
2196 740 -196 356
2311 642 -810 356
3266 702 -870 356
4052 515 -683 356
162 383 -518 357
1052 549 -350 359
3823 751 -204 359
4004 444 -455 359
3563 961 -657 360
2644 863 -756 361
2878 927 -376 363
3956 547 -722 363
4183 754 -203 363
781 506 -388 364
911 532 -708 364
4142 440 -454 364
4377 896 -726 364
1383 533 -360 365
1460 485 -662 365
1799 747 -194 365
683 445 -447 366
4143 883 -743 368
3309 696 -877 369
3071 582 -303 373
3591 868 -763 373
4151 879 -318 373
1786 550 -736 374
2569 804 -828 374
1296 850 -783 375
4215 825 -810 377
1023 950 -384 378
2391 732 -166 378
4310 422 -458 378
1482 699 -180 379
2424 595 -283 380
2331 423 -616 381
3539 739 -901 382
3750 407 -469 382
658 967 -396 383
1607 740 -901 383
2518 930 -359 383
2661 628 -247 383
3882 690 -185 383
4209 641 -836 383
2243 401 -470 387
4384 515 -718 391
1605 901 -320 393
2706 919 -337 394
4126 791 -209 394
1580 362 -570 396
2830 949 -705 396
297 382 -592 398
1534 992 -665 399
2761 480 -691 399
3080 353 -564 399
3414 686 -173 399
4036 451 -408 399
504 502 -714 400
117 822 -229 405
659 708 -145 405
2593 735 -142 405
4238 599 -817 406
406 800 -865 407
2801 840 -825 407
2563 850 -254 408
3453 848 -818 408
1631 821 -223 410
2820 575 -797 410
4027 313 -535 410
3289 501 -346 411
3707 413 -636 411
129 558 -782 412
2591 514 -738 412
2232 330 -556 414
3257 937 -335 414
3845 775 -173 414
1458 427 -655 416
3087 421 -421 416
1658 482 -711 417
3588 688 -153 417
3847 625 -854 417
637 989 -383 418
2247 384 -456 418
3871 578 -262 418
299 389 -620 419
3128 561 -792 419
1321 814 -205 421
2868 414 -423 421
1757 517 -319 422
2151 665 -899 422
2746 948 -337 423
3038 941 -330 423
980 849 -236 425
385 772 -913 427
1531 650 -889 427
1263 338 -490 430
4382 382 -624 430
2123 957 -336 433
2420 349 -594 433
3806 446 -691 433
2652 627 -874 435
2427 288 -538 438
3401 995 -369 438
613 889 -262 439
877 650 -902 440
2341 625 -878 441
2958 572 -245 441
3155 793 -164 441
3969 433 -687 442
2539 422 -677 443
419 769 -136 445
1701 885 -819 446
3232 826 -190 448
1565 893 -814 449
3812 967 -740 449
1818 907 -269 450
3103 723 -985 450
3358 557 -819 450
4060 958 -320 450
1021 613 -876 451
1424 538 -801 451
1761 551 -814 451
3864 927 -782 451
74 909 -802 453
2799 918 -276 454
1692 943 -300 455
2842 567 -835 456
379 523 -278 457
1775 468 -740 460
3863 844 -196 460
100 382 -656 462
1274 605 -191 462
3035 276 -520 462
3241 490 -764 462
2192 904 -253 463
2256 391 -404 463
2681 316 -592 464
3510 404 -390 464
3043 717 -995 466
3283 574 -218 466
4192 605 -884 467
2222 733 -77 468
1136 933 -794 469
3229 922 -265 469
1772 826 -168 470
1808 918 -260 470
400 788 -128 472
174 268 -517 473
193 883 -222 473
2213 780 -119 473
2574 497 -288 473
3537 586 -871 473
1561 619 -905 474
3396 774 -112 474
2293 911 -822 475
1293 710 -998 476
2439 527 -255 476
2703 519 -807 476
243 932 -803 477
2242 930 -265 477
2718 855 -880 477
760 465 -755 478
1079 613 -167 478
1551 845 -179 478
2228 886 -220 478
1654 972 -765 479
3807 769 -102 479
3355 535 -827 480
1887 1000 -739 481
1459 827 -157 482
2727 384 -391 483
875 889 -216 485
1107 461 -312 485
2245 476 -297 485
3672 962 -289 485
329 948 -796 486
3175 718 -54 486
3520 887 -857 486
3719 756 -81 487
177 371 -397 490
377 767 -88 491
1779 813 -936 491
2487 991 -312 491
2977 459 -307 492
4171 835 -155 492
612 755 -73 494
1915 263 -501 494
2532 609 -155 494
1075 232 -539 495
2008 497 -804 495
2454 308 -455 495
1614 651 -959 496
2557 535 -843 496
2590 968 -786 496
2940 952 -803 497
649 343 -653 498
3082 491 -269 498
2279 414 -725 499
186 512 -246 500
2777 677 -81 500
757 563 -876 501
2594 651 -964 501
2168 390 -706 504
3058 928 -834 504
4177 800 -962 504
247 272 -481 505
1102 807 -956 505
1375 544 -209 505
3580 740 -47 505
1639 378 -696 506
3156 782 -88 506
3538 241 -511 506
2351 820 -946 508
3239 486 -264 508
1241 486 -807 509
3122 782 -85 509
4363 930 -233 509
1098 631 -117 510
3069 741 -43 510
4190 921 -847 510
9 327 -420 511
1118 243 -504 511
1819 503 -826 511
4185 681 -66 511
1682 468 -792 512
2274 699 -47 512
2517 371 -375 512
1986 834 -937 513
1885 961 -259 514
3693 654 -89 515
2374 363 -379 516
3006 856 -152 516
14 422 -319 517
464 984 -791 517
573 807 -968 517
3897 267 -596 517
1338 563 -175 520
596 628 -961 521
3349 486 -819 521
3454 888 -179 521
1413 866 -914 522
344 814 -103 523
1361 588 -925 525
1070 545 -187 526
4327 720 -12 526
750 461 -800 527
1358 437 -294 527
1897 202 -541 527
2173 971 -814 527
653 376 -353 529
4091 550 -179 529
358 585 -927 530
1584 982 -263 531
3400 657 -1000 531
1403 961 -240 533
1574 580 -144 534
3589 414 -760 534
3814 448 -276 534
3989 825 -967 534
3265 582 -141 535
1468 658 -64 536
3596 397 -325 536
2144 880 -155 537
2772 399 -322 537
2787 903 -178 537
3237 702 -19 537
1951 296 -424 538
3597 310 -409 539
1538 882 -154 540
3276 856 -127 541
1613 389 -327 542
2738 198 -552 542
1490 735 -4 543
3790 313 -668 543
583 604 -110 544
3062 812 -991 545
4381 517 -196 545
28 780 -46 546
1499 401 -311 546
2582 469 -827 546
3997 331 -381 546
99 391 -750 547
1260 218 -493 547
1480 363 -723 548
2668 823 -87 548
4096 371 -731 548
1545 999 -262 549
1927 360 -349 549
3018 582 -127 549
3320 386 -323 549
3838 696 -13 549
1129 207 -501 550
72 223 -484 551
130 222 -485 551
170 518 -189 551
212 178 -541 551
4163 242 -605 551
255 944 -866 552
3550 408 -296 554
198 924 -181 555
2048 833 -981 556
1674 913 -167 558
2043 453 -823 558
2833 489 -859 558
122 277 -422 559
747 822 -75 559
1868 604 -95 559
189 295 -401 562
4161 664 -32 562
154 253 -440 565
260 964 -860 566
3941 964 -210 566
3854 654 -37 567
1122 821 -65 568
2530 940 -887 569
4224 513 -894 569
1442 429 -811 570
2201 517 -900 571
3387 920 -161 571
251 237 -449 572
1344 869 -962 573
3217 437 -248 573
371 192 -492 574
2269 484 -872 576
4166 567 -115 576
1087 246 -635 577
41 861 -976 579
1340 558 -949 579
1789 385 -294 579
625 670 -8 580
1386 522 -156 580
1555 175 -567 580
2646 178 -500 580
149 310 -367 581
2729 189 -582 581
3975 185 -492 581
350 756 15 583
1140 723 48 583
526 385 -781 584
1275 873 -101 584
2064 903 -131 584
2087 598 -996 586
242 148 -523 587
2069 852 -76 588
3157 518 -152 588
4241 989 -858 589
4157 592 -994 590
786 332 -735 591
3774 242 -645 591
1111 700 34 592
3688 959 -179 592
396 654 -11 593
3025 198 -467 593
813 401 -807 594
3254 172 -579 595
2667 272 -390 596
3149 477 -185 596
3238 234 -428 596
3601 796 -12 596
3406 143 -552 597
2053 782 4 598
2908 172 -584 600
2301 838 -49 601
3119 292 -705 601
3145 971 -888 601
1461 672 16 602
2879 289 -703 602
3754 524 -132 602
1181 595 -60 603
3036 710 56 604
1888 143 -560 605
3615 910 -954 606
1133 223 -428 607
1544 996 -201 607
2095 566 -85 607
3162 614 -37 607
3404 931 -136 607
3455 622 -29 607
4173 915 -950 607
1400 491 -159 608
2098 839 -43 608
3146 385 -805 608
4292 410 -240 608
1246 866 -69 609
1923 470 -179 609
2473 963 -905 610
3125 488 -910 610
374 252 -675 611
2735 926 -943 611
4264 554 -977 611
237 557 -981 612
348 606 -40 612
124 575 -70 613
756 203 -628 613
770 198 -623 613
2431 364 -281 613
3529 364 -280 614
3855 116 -525 617
4073 582 -59 617
1542 483 -913 618
2963 188 -618 618
45 615 -24 619
246 289 -350 619
729 457 -890 621
3096 492 -145 621
1005 856 -46 622
609 596 -38 624
1437 535 -99 624
3443 560 -996 624
3826 966 -916 624
139 990 -177 625
800 891 -992 625
671 777 37 626
2404 336 -775 627
3216 392 -239 627
2078 573 -57 628
2377 546 -986 628
2712 264 -704 628
3233 971 -155 628
1146 629 0 629
1421 497 -938 629
3034 616 -13 629
3638 132 -496 630
4205 955 -933 630
451 135 -578 631
2155 992 -897 631
2734 620 -7 631
417 552 -996 632
4367 738 82 632
1932 335 -780 633
2174 387 -238 633
1342 243 -381 634
2033 366 -258 634
3115 269 -355 634
3118 262 -709 635
3895 728 95 635
4075 983 -910 635
1349 323 -771 636
869 384 -833 637
1041 228 -678 638
3243 384 -236 638
3935 897 -71 638
96 199 -420 639
660 110 -562 640
1227 783 45 640
2672 474 -926 640
236 271 -725 642
830 503 -112 643
530 352 -808 644
2566 609 -5 644
3836 621 7 644
4145 844 -12 644
501 294 -751 645
1643 750 84 646
4293 525 -85 648
1736 941 -966 649
3263 343 -266 649
4158 237 -372 649
971 365 -243 650
3840 216 -678 650
972 85 -521 652
200 937 -974 653
2312 464 -141 653
3755 442 -163 653
383 382 -848 654
574 168 -634 654
2817 162 -628 654
3999 399 -204 655
47 907 -63 656
3014 732 112 656
3240 807 38 657
2231 338 -808 658
3051 489 -111 658
1916 460 -139 659
2450 95 -504 659
1088 631 34 661
1178 535 -62 661
572 211 -384 663
1852 76 -519 663
2677 295 -770 663
1944 776 76 664
4095 348 -245 665
238 152 -631 667
2710 55 -535 668
4039 85 -504 669
1937 709 122 671
309 250 -336 672
791 681 95 672
2423 865 -5 672
1966 626 41 673
2995 351 -836 673
571 106 -593 675
323 306 -276 676
3813 245 -337 676
1982 936 -999 677
1573 472 -108 678
3722 675 95 678
852 340 -831 679
984 883 -16 679
4125 501 -992 679
1477 899 -31 680
3423 939 -71 680
1072 45 -531 682
26 587 12 683
2094 579 4 683
3711 307 -802 683
84 501 -997 684
1207 444 -130 684
3081 298 -275 685
208 517 -55 686
2410 494 -78 686
1151 516 -55 687
691 349 -849 688
2692 283 -783 688
3447 160 -660 688
2657 887 -9 690
1481 219 -348 691
4047 968 -88 692
284 466 -971 693
1494 227 -338 693
987 663 99 694
1288 495 -69 694
2209 204 -360 694
3282 114 -620 694
3908 246 -318 694
851 468 -977 697
3445 827 58 697
915 831 55 698
982 259 -301 698
2017 329 -231 698
2558 668 108 698
3837 170 -388 700
848 67 -580 701
1739 239 -318 701
1862 700 143 701
648 647 91 702
697 110 -624 702
2779 68 -486 704
441 112 -629 705
728 916 -23 705
1239 79 -596 705
87 371 -180 707
3517 178 -372 708
7 98 -619 709
1491 60 -489 709
1861 190 -359 709
3121 72 -477 709
80 166 -381 711
256 136 -411 711
2114 358 -188 712
525 766 135 713
1435 227 -318 713
2083 715 170 713
306 65 -591 714
1926 27 -553 714
2624 822 80 714
278 904 -1 715
977 262 -281 715
1119 847 56 715
4242 996 -977 715
296 79 -607 716
1155 147 -394 717
2304 897 9 718
2639 289 -251 718
2920 931 -24 719
3182 125 -414 719
3261 420 -119 719
802 256 -282 720
1348 234 -766 720
2358 235 -767 720
1423 413 -124 721
482 147 -681 722
2241 179 -356 723
2438 399 -135 724
4045 868 44 724
796 471 -62 725
1248 349 -184 725
2655 522 -10 726
3927 743 171 726
951 458 -997 727
1208 332 -199 727
2329 127 -666 727
2440 115 -416 727
3720 675 144 727
2941 732 184 728
3209 40 -490 728
1369 469 -60 729
3751 286 -243 729
1449 1000 -988 730
1503 -6 -536 730
1615 144 -384 730
44 51 -594 731
190 550 23 731
949 272 -816 732
1783 555 30 733
2522 337 -188 733
3333 130 -395 733
3949 776 145 733
920 215 -764 737
627 78 -628 738
3961 967 -41 738
2474 919 8 739
3178 607 88 739
1434 429 -981 740
1124 498 -19 741
1959 589 72 741
3637 243 -796 741
1190 605 89 742
4357 874 56 742
3187 724 207 743
3386 321 -876 743
1363 368 -924 744
2347 259 -815 744
2524 429 -85 744
2315 613 100 745
2002 187 -325 746
2870 260 -252 746
1325 96 -415 747
2782 381 -130 747
3665 492 -19 747
631 887 49 748
715 827 109 748
1698 398 -112 748
415 926 11 749
2625 828 109 749
424 679 171 750
1101 371 -933 750
2828 346 -162 750
2495 231 -276 751
3541 373 -936 751
3858 32 -595 751
4059 424 -83 751
3507 729 211 752
4115 712 206 752
638 120 -685 753
785 713 209 754
3530 235 -801 754
446 984 -41 755
1880 12 -491 755
113 265 -833 756
2596 501 -1 756
328 245 -256 757
2086 888 57 757
3752 32 -601 757
4247 262 -831 757
794 559 59 758
3101 738 208 758
4231 668 168 758
2024 747 201 760
2950 604 107 761
3252 83 -656 761
121 853 97 762
561 614 119 763
4098 259 -834 763
2939 -30 -546 764
1404 201 -292 765
3005 983 -30 765
4135 143 -350 765
3483 522 31 767
120 128 -708 768
1816 372 -952 768
3870 606 116 768
1258 662 173 769
1586 379 -110 769
1117 17 -469 772
2248 -37 -548 773
4219 412 -72 774
3365 563 80 775
959 143 -731 776
4379 38 -444 776
2548 472 -9 777
576 247 -837 778
155 331 -922 779
1410 798 169 779
1611 830 139 781
3574 -12 -581 781
2062 923 48 783
2066 668 193 783
65 271 -867 784
1367 522 48 784
1608 865 107 784
2291 386 -982 784
191 940 33 785
2227 -3 -471 790
1372 291 -175 792
1763 89 -693 792
3314 232 -836 792
2512 543 78 793
1798 108 -715 795
2525 343 -119 796
2975 28 -636 796
3657 48 -656 796
2323 781 204 797
2463 575 114 797
661 185 -275 798
2575 66 -394 798
1626 862 125 799
2074 226 -233 799
2521 73 -684 799
3566 5 -454 799
4137 99 -360 799
3437 672 214 800
553 364 -977 801
1008 5 -452 801
2821 360 -97 801
3777 984 5 801
3859 379 -78 801
2419 790 200 802
4295 270 -885 803
4298 186 -801 803
399 760 233 805
696 232 -221 805
839 95 -358 805
1968 299 -154 805
4290 111 -729 806
3641 458 7 807
4162 473 22 807
1803 846 151 809
49 52 -396 810
724 298 -922 812
2825 93 -353 812
1301 157 -288 813
1884 103 -728 813
3926 889 112 813
592 110 -737 815
1159 832 172 816
2628 340 -102 816
3800 746 259 817
1392 799 207 818
2650 40 -400 818
516 596 157 819
1975 -32 -471 819
4223 566 127 819
3516 830 178 820
92 -9 -624 821
1109 502 65 821
23 425 -10 823
330 32 -403 823
960 371 -63 824
3219 11 -647 824
3448 266 -168 824
3914 962 50 824
58 430 -3 825
427 321 -958 825
4124 137 -775 826
1546 326 -105 827
3639 284 -147 827
1032 127 -767 828
3677 249 -889 828
3728 266 -906 828
2715 28 -401 829
3213 215 -857 830
88 374 -53 831
738 801 218 831
1883 177 -821 832
3820 219 -863 832
452 552 128 834
622 -45 -601 834
3183 -77 -501 834
331 126 -296 836
579 513 91 836
2131 650 228 836
90 286 -935 837
310 -38 -459 837
1469 289 -132 837
2852 550 129 837
3301 176 -825 837
4249 671 250 837
3369 -89 -509 838
3737 762 264 838
364 227 -192 839
333 974 55 841
3712 332 -85 841
635 736 294 842
2089 -57 -473 842
2903 918 112 842
3553 284 -132 842
3809 129 -783 842
3205 -120 -536 844
2907 833 200 845
2034 184 -228 846
2967 -5 -653 846
4312 -30 -628 846
148 386 -24 848
867 23 -683 848
1020 866 170 848
580 660 252 850
3645 454 46 850
1318 528 121 851
3052 38 -702 852
1343 970 71 853
1314 204 -871 855
3634 -30 -637 855
3835 227 -176 855
4035 150 -817 855
367 196 -864 856
1315 635 233 856
2023 102 -300 856
3019 106 -296 856
112 969 76 857
4308 882 163 857
4296 -48 -448 858
1210 264 -135 859
3582 492 93 859
955 285 -958 861
3428 -45 -629 862
2356 409 14 863
3559 516 122 864
3946 535 141 864
970 843 210 865
2418 63 -740 865
442 357 -35 866
2962 261 -939 866
1753 421 30 867
3439 -132 -547 867
61 389 -1 868
1255 535 146 869
1324 732 325 869
343 -81 -468 871
895 -45 -431 872
2458 298 -88 872
2689 544 158 872
539 -112 -573 873
3982 791 270 873
4100 96 -781 873
203 243 -929 874
437 -131 -556 875
1143 655 272 875
1748 221 -162 875
2162 976 87 875
3646 591 208 875
3449 -106 -582 876
3536 790 274 876
4371 -71 -453 876
1792 148 -837 877
2229 736 329 877
2807 944 121 877
3647 -90 -471 877
1725 -111 -580 879
670 702 324 880
1995 736 332 880
2747 244 -936 880
3918 685 307 880
66 877 192 881
2280 414 37 881
2449 892 177 881
916 355 -21 882
3613 805 266 883
1073 107 -265 886
2115 188 -184 886
4103 888 186 886
1879 406 35 887
56 284 -84 890
2741 870 209 891
1006 105 -261 892
1685 251 -955 892
3212 -69 -435 892
4200 -161 -526 893
2011 9 -715 894
3169 710 346 894
3413 807 275 894
3000 24 -731 895
3234 161 -202 895
2388 508 146 896
389 181 -890 897
2570 -138 -499 897
3618 581 220 897
77 210 -922 900
295 23 -335 900
2959 729 359 900
1496 771 318 901
2550 -134 -579 901
3343 606 250 902
4079 258 -973 903
2806 884 208 904
2413 651 298 905
2632 -18 -699 905
3934 336 -17 905
1948 149 -867 906
368 483 132 907
2873 -124 -475 907
718 283 -67 908
2194 -150 -570 908
3795 581 231 908
2745 953 144 909
2935 769 328 909
1135 597 249 910
598 -107 -454 911
2197 229 -952 911
1734 697 351 912
357 38 -307 913
515 -22 -705 915
4354 517 174 915
3422 207 -133 918
2638 741 366 919
3881 868 239 919
1522 802 307 921
448 855 256 923
507 292 -43 923
2009 -46 -690 924
3313 106 -228 924
1525 155 -178 925
1780 -119 -451 926
988 664 333 927
1677 204 -943 927
2204 786 329 927
2333 -20 -719 927
1814 78 -252 928
3021 892 224 928
3195 208 -948 928
3699 131 -872 929
3732 677 348 929
150 946 172 930
366 740 378 930
205 418 91 931
2790 660 333 931
2262 14 -312 932
3850 903 217 932
3114 715 390 933
105 612 288 934
447 830 292 934
2052 850 272 934
3370 131 -878 935
384 44 -792 936
799 -42 -364 936
2542 -204 -544 936
3658 -95 -417 936
2708 251 -1000 937
3465 58 -263 937
4112 587 266 937
4338 -203 -524 937
304 -93 -413 938
1758 300 -20 938
4031 -98 -652 938
55 526 207 939
1154 -206 -525 939
2118 222 -973 939
3894 67 -252 939
3904 813 314 939
1817 308 -10 940
3299 488 170 940
2826 321 4 941
3208 -132 -449 941
552 -191 -564 943
1042 -170 -485 943
1405 585 270 943
3793 213 -968 943
898 54 -260 944
4175 -70 -686 944
167 829 304 945
1471 -203 -516 945
1874 689 376 945
3259 144 -901 945
2193 -104 -416 946
1455 158 -151 949
422 588 280 950
545 12 -775 951
3482 -145 -452 951
521 210 -96 952
3159 614 308 952
3564 739 401 952
3694 187 -951 952
273 149 -156 953
2223 649 345 954
3861 8 -295 955
502 87 -215 956
3957 25 -277 956
2884 402 101 957
3928 273 -28 957
3300 72 -842 958
1441 419 120 959
1800 189 -110 959
1044 62 -835 961
1890 801 348 961
3543 -105 -668 961
1777 895 255 962
2588 906 244 962
939 80 -215 963
1619 130 -905 963
4267 -138 -637 963
926 242 -52 964
1055 -150 -443 965
1406 483 191 966
1788 -195 -487 966
1918 75 -217 966
2416 367 75 966
2856 114 -178 966
3893 470 178 966
1896 238 -53 967
3515 921 235 968
4110 -23 -313 968
2342 369 80 969
275 109 -891 970
471 566 278 970
2007 431 143 970
2595 809 349 970
2669 -198 -584 970
334 -89 -694 971
1617 196 -91 971
1521 -217 -567 972
2182 1 -785 972
2733 879 282 973
1716 554 271 975
3379 479 196 975
3473 428 146 976
3620 949 215 976
3939 -55 -337 976
1049 397 116 977
1376 0 -789 977
1882 410 129 977
2459 158 -123 977
853 963 203 978
2129 765 401 978
3315 -87 -703 978
548 -77 -356 979
1171 -24 -767 979
1225 519 240 979
2088 -43 -749 980
2664 -106 -686 980
1010 505 228 981
1011 -69 -724 981
1548 -39 -316 981
1906 891 278 981
3853 -212 -581 981
128 -165 -629 982
1696 91 -185 982
3330 660 385 983
764 60 -857 985
1022 20 -253 985
1253 -65 -338 985
3452 -132 -665 985
2943 -228 -500 986
2516 637 366 987
3342 193 -78 987
3640 132 -931 987
3978 -242 -557 987
4208 901 274 987
1432 -203 -472 989
1832 332 63 989
3345 -15 -284 989
3877 -214 -587 989
409 40 -842 990
557 148 -120 990
372 -119 -386 991
1733 651 384 991
3173 291 25 992
3281 142 -947 993
3295 999 182 993
1402 533 269 994
4032 -215 -479 994
674 917 266 995
1656 461 198 995
2257 747 436 995
3097 196 -67 995
565 857 327 996
2553 135 -943 996
2592 380 118 996
2610 -19 -281 996
3147 649 388 997
326 592 332 998
1153 789 397 998
4259 89 -171 998
1371 812 375 999
1598 945 242 999
1636 404 145 999
2338 285 26 999
4154 -225 -484 999
2299 -70 -743 1001
3872 559 302 1001
1672 526 270 1002
378 -105 -711 1004
2775 -141 -394 1005
1502 568 316 1006
1737 397 145 1006
1690 -193 -444 1007
2325 863 332 1007
3001 256 5 1007
3889 -243 -493 1008
360 428 179 1009
508 114 -135 1009
935 794 404 1010
2436 732 466 1010
2645 178 -70 1010
3008 783 415 1010
3177 -204 -452 1010
688 185 -62 1011
1380 923 276 1011
1924 569 322 1011
964 528 282 1012
2029 -246 -578 1012
4218 88 -912 1012
294 -137 -381 1014
2177 -224 -603 1015
2622 48 -875 1015
714 714 472 1016
2944 913 291 1016
973 34 -207 1017
2025 -188 -641 1017
3842 197 -44 1017
4097 732 474 1018
1199 534 296 1020
1644 -221 -459 1020
2481 589 351 1020
943 48 -881 1021
3111 862 347 1021
2882 -129 -705 1022
3102 55 -889 1022
3896 -56 -292 1022
2773 259 24 1023
923 553 319 1024
2831 -225 -611 1024
3329 802 410 1024
42 755 458 1025
2579 -106 -338 1026
4188 -301 -538 1027
4326 205 -26 1027
883 -278 -507 1029
3124 -261 -580 1029
2221 102 -126 1030
3685 49 -179 1030
544 -118 -345 1031
4089 988 231 1031
3952 5 -221 1032
4038 705 479 1032
152 288 63 1033
1445 402 177 1033
1860 -282 -563 1033
3220 91 -134 1033
3967 958 263 1033
629 -219 -627 1034
4257 437 213 1034
199 90 -938 1036
279 911 314 1037
285 -230 -619 1037
1401 270 50 1038
1752 201 -19 1038
2960 -134 -716 1038
3547 793 435 1040
4303 -253 -599 1040
1046 474 258 1042
2005 422 206 1042
4339 -26 -242 1042
958 785 446 1043
1665 974 257 1043
2097 408 193 1043
2167 819 412 1043
3029 -248 -607 1043
4346 321 106 1043
1567 -273 -583 1044
692 18 -876 1046
1420 49 -907 1046
1616 -277 -489 1046
204 -206 -653 1047
315 548 337 1047
2376 636 425 1047
2912 -107 -318 1047
3042 -103 -313 1048
1393 190 -19 1049
1524 64 -145 1049
2854 925 312 1049
3467 -156 -365 1049
1487 643 435 1050
1559 -327 -535 1050
1970 -202 -410 1050
3012 507 299 1050
3359 -248 -456 1050
1320 258 51 1051
2049 -78 -785 1051
2982 40 -904 1052
4003 -221 -427 1052
646 849 393 1054
4321 523 319 1054
707 -120 -747 1055
4210 469 266 1055
4378 -304 -563 1055
1105 102 -970 1056
3133 -205 -406 1057
133 -256 -614 1058
1036 928 318 1058
1114 99 -969 1058
3593 535 335 1058
1651 414 215 1059
3305 -247 -624 1059
1446 -273 -471 1060
1708 399 201 1060
1949 28 -900 1060
1091 797 452 1061
1419 42 -155 1061
1457 818 432 1062
2344 507 311 1062
3471 26 -900 1062
1717 -291 -584 1063
3572 543 348 1063
584 995 258 1065
3681 609 416 1065
908 349 157 1066
3888 -77 -801 1066
1086 -229 -651 1068
1533 715 525 1068
1709 -227 -653 1068
2554 -324 -556 1068
1795 103 -85 1070
2020 50 -138 1070
2924 968 290 1070
3973 -208 -675 1071
645 -177 -707 1072
739 680 494 1072
1389 693 508 1073
1957 794 467 1073
2888 54 -939 1073
83 -305 -581 1074
216 -261 -445 1074
510 683 499 1074
1350 673 489 1074
2460 48 -934 1074
3297 643 459 1074
3513 102 -82 1074
2701 188 5 1075
4244 -62 -825 1075
1875 262 80 1076
15 -46 -844 1078
388 427 247 1078
435 -88 -268 1078
1501 -293 -473 1078
3109 -319 -571 1078
3179 246 66 1078
215 860 407 1079
1933 210 31 1079
1876 579 401 1080
3244 -129 -307 1080
3614 297 119 1080
788 -192 -701 1081
1308 -324 -569 1081
2402 785 484 1081
1784 -228 -666 1082
336 -301 -476 1083
690 -357 -538 1083
2091 553 378 1083
936 -249 -423 1084
3970 222 48 1084
3985 501 327 1084
741 -216 -681 1085
1560 -140 -757 1085
4168 665 492 1085
1913 49 -948 1087
2894 -250 -649 1087
4119 -84 -254 1088
3044 382 213 1089
3395 -284 -617 1089
3909 32 -137 1089
3954 -279 -623 1090
2359 -5 -172 1091
2910 409 242 1091
2961 677 511 1092
219 422 257 1093
667 458 294 1094
1365 819 463 1094
2153 -243 -407 1094
3073 -90 -816 1094
3112 67 -96 1095
3457 -211 -374 1095
3966 -216 -691 1095
1356 664 502 1096
2310 -233 -395 1096
3775 245 84 1097
3929 68 -978 1098
4010 103 -57 1098
4294 -84 -244 1098
2552 493 334 1099
3127 69 -981 1100
220 550 393 1101
3027 910 379 1101
4217 706 549 1101
1331 -162 -752 1102
1689 -336 -492 1102
93 369 214 1103
759 716 561 1103
2586 997 294 1103
2780 718 563 1103
1063 731 561 1104
3981 937 355 1104
2284 538 385 1105
2997 16 -933 1105
4355 38 -955 1105
3223 -118 -270 1106
1864 611 460 1107
3616 -79 -230 1107
880 16 -936 1108
1298 -46 -196 1108
4268 -113 -807 1108
4360 13 -137 1108
40 717 568 1109
353 568 419 1109
481 268 119 1109
1628 143 -6 1109
2760 71 -78 1109
365 156 8 1110
1510 -213 -361 1110
1901 74 -996 1110
4131 317 169 1110
1149 184 37 1111
1649 837 464 1113
3630 367 222 1113
4049 938 363 1113
4361 -286 -431 1113
766 -380 -522 1116
1650 204 62 1116
2394 -362 -503 1117
3477 462 321 1117
339 572 432 1118
2157 -220 -360 1118
3706 589 449 1118
3951 33 -963 1118
2447 -112 -251 1119
3412 -226 -365 1119
857 285 147 1120
3429 913 395 1120
4134 -282 -420 1120
210 434 297 1121
2893 857 452 1121
4349 -167 -304 1121
694 554 418 1122
3659 167 31 1122
4335 -173 -761 1122
10 237 102 1123
369 918 393 1123
1294 437 302 1123
4189 458 323 1123
2013 102 -32 1124
2515 -317 -451 1124
2916 -76 -860 1124
2840 949 364 1125
3594 -248 -689 1125
393 657 525 1126
2771 144 12 1126
3757 -261 -677 1126
1505 424 294 1128
2814 -39 -901 1128
3590 -348 -592 1128
1530 -386 -515 1129
3166 -305 -434 1129
3328 -287 -416 1129
1661 653 525 1130
2556 -6 -936 1130
640 728 591 1131
1600 -104 -231 1131
3099 992 327 1131
1831 -88 -856 1132
3736 467 341 1132
259 -34 -911 1133
3017 72 -53 1133
3915 -93 -852 1133
2758 -22 -925 1135
2829 34 -981 1135
1180 -314 -635 1137
1161 -170 -780 1138
1952 -81 -201 1138
2704 479 359 1138
4150 411 291 1138
370 241 122 1139
1956 527 408 1139
3709 -173 -292 1139
3843 -164 -788 1140
555 -41 -158 1141
1231 111 -6 1141
1620 31 -984 1141
2054 7 -961 1142
2984 -88 -204 1142
3698 -237 -717 1142
1398 -194 -309 1143
879 29 -84 1145
1667 880 453 1145
736 -205 -316 1147
2490 903 432 1147
2978 -420 -531 1147
4123 -129 -830 1147
298 442 332 1148
387 388 278 1148
636 -406 -555 1149
1582 859 478 1149
2561 896 441 1149
274 386 278 1150
2073 -419 -527 1150
3253 -341 -449 1150
2783 699 592 1151
3994 -205 -758 1151
3037 -403 -561 1152
1272 -278 -687 1153
4054 382 277 1153
4281 191 86 1153
405 -255 -711 1154
3602 -50 -916 1154
3648 278 175 1155
624 619 518 1157
814 -368 -469 1157
3938 687 586 1157
3950 294 193 1157
754 402 302 1158
1115 258 158 1158
1793 -28 -942 1158
3408 -315 -655 1158
3472 28 -72 1158
4286 -120 -850 1158
1486 -357 -456 1159
2453 30 -69 1159
3542 593 494 1159
1096 -167 -265 1160
2485 -107 -205 1160
2999 -336 -434 1160
3077 528 431 1161
2100 85 -11 1162
1659 -132 -227 1163
160 417 323 1164
1886 827 525 1164
392 -334 -643 1165
1326 23 -70 1165
86 -99 -881 1168
524 748 608 1168
2786 -219 -308 1169
4263 788 569 1169
1497 -268 -356 1170
3123 -296 -686 1170
1373 558 471 1171
2877 117 30 1171
3432 -26 -957 1171
3611 901 458 1171
1268 916 445 1173
2796 -67 -919 1174
249 259 177 1176
4144 -222 -304 1176
4325 -19 -969 1176
901 548 467 1177
1191 37 -44 1177
3440 927 438 1177
3753 760 605 1177
1194 3 -993 1178
3256 -109 -189 1178
3664 -360 -440 1178
474 882 485 1179
2798 280 202 1180
4028 585 507 1180
2448 -258 -335 1181
2510 212 135 1181
2906 948 421 1181
2857 159 83 1182
2090 -366 -441 1183
1100 538 466 1186
3050 -403 -475 1186
1653 841 534 1187
2092 29 -42 1187
2383 796 579 1187
3236 951 424 1187
3708 278 207 1187
2555 89 21 1190
3487 -90 -912 1190
1169 -401 -468 1191
1595 -255 -748 1191
2137 -304 -699 1191
3779 -382 -449 1191
4207 -192 -258 1192
68 -218 -283 1193
248 638 573 1193
475 245 180 1193
2942 -132 -197 1193
2694 28 -36 1194
3425 602 538 1194
493 389 326 1195
618 973 410 1195
3780 342 279 1195
3821 -206 -269 1195
1925 -183 -245 1196
4176 830 554 1196
570 -189 -821 1198
1671 708 648 1198
1353 907 480 1199
2685 -117 -894 1199
2765 -212 -271 1199
1309 -104 -908 1200
3805 260 202 1200
4160 207 149 1200
163 485 428 1201
381 529 472 1201
1907 869 521 1202
3040 -328 -686 1202
4141 -262 -318 1202
3366 110 55 1203
4284 -108 -907 1203
3165 509 455 1204
3761 -238 -778 1204
2750 -168 -849 1205
3650 -286 -732 1206
2993 122 71 1207
18 385 335 1208
39 -431 -481 1208
2309 727 669 1208
1123 -200 -821 1209
1444 -138 -186 1210
3091 -463 -559 1210
3846 -31 -79 1210
730 127 80 1211
1306 778 621 1211
897 -381 -643 1212
932 -73 -951 1212
1520 45 -1 1212
1431 -298 -727 1213
1463 760 641 1213
3764 732 669 1213
97 555 511 1214
1630 -185 -229 1214
2282 316 273 1215
2287 142 99 1215
2148 320 278 1216
3442 569 527 1216
1215 -41 -82 1217
2139 49 8 1217
1889 -105 -145 1218
3023 18 -22 1218
3922 790 616 1218
264 208 169 1219
623 113 74 1219
1015 -109 -922 1219
1961 739 668 1219
2113 63 24 1219
4000 727 680 1219
1094 -422 -610 1220
1488 -285 -323 1220
4179 8 -30 1220
2513 -121 -912 1221
2600 37 0 1221
3246 -123 -160 1221
300 298 262 1222
2215 233 197 1222
3886 58 23 1223
4289 -398 -637 1223
588 897 515 1224
3031 101 67 1224
3402 199 165 1224
3463 837 575 1224
2012 722 689 1225
3644 387 354 1225
1983 858 556 1226
3356 501 469 1226
3661 -10 -42 1226
3727 -201 -837 1226
834 12 -19 1227
2116 -339 -701 1228
2250 -14 -44 1228
2477 -130 -160 1228
2970 -57 -983 1228
4182 -429 -611 1228
156 1000 417 1229
1062 510 481 1229
1489 701 672 1229
1849 -287 -754 1229
3511 -258 -286 1230
4105 -466 -576 1230
1281 920 499 1231
2219 -294 -749 1231
187 485 459 1232
2911 -419 -445 1232
2349 -438 -607 1233
51 248 224 1234
2666 628 604 1234
2687 403 379 1234
3227 797 625 1234
1182 -421 -444 1235
1418 -35 -57 1236
173 -42 -63 1237
1479 909 516 1237
2272 -133 -916 1237
2722 -123 -144 1237
4122 -259 -280 1237
82 -74 -94 1238
135 278 258 1238
1985 431 411 1238
2680 -71 -91 1238
4006 -353 -373 1238
1554 534 515 1239
1845 563 544 1239
2724 127 108 1239
1081 -171 -189 1240
1804 -334 -352 1240
3786 636 618 1240
1678 -489 -506 1241
2926 36 19 1241
4228 114 97 1241
721 -349 -706 1243
913 658 643 1243
937 -147 -162 1243
2249 592 577 1243
2865 -115 -130 1243
2900 -355 -370 1243
416 -327 -729 1244
529 406 392 1244
4198 699 685 1244
4282 -222 -834 1244
589 806 627 1245
608 583 571 1246
1034 -128 -139 1247
3020 195 184 1247
283 450 440 1248
3649 469 459 1248
1164 795 642 1249
1695 247 238 1249
3079 586 577 1249
257 21 13 1250
3785 789 649 1250
3804 632 624 1250
2375 358 351 1251
2822 -276 -283 1251
3296 208 201 1251
1999 724 716 1252
498 382 377 1253
921 823 618 1253
263 -69 -997 1254
1214 -237 -829 1254
1377 246 242 1254
2214 380 376 1254
3485 -100 -966 1254
2290 85 82 1255
2717 -524 -543 1255
192 -305 -763 1256
1427 879 565 1256
2470 -58 -60 1256
2389 -337 -338 1257
3142 -309 -761 1258
4222 -469 -469 1258
1259 -75 -74 1259
1645 -459 -612 1259
2679 479 481 1260
277 -158 -915 1261
647 -470 -603 1261
3367 -514 -511 1261
4034 -120 -953 1261
1099 -483 -479 1262
1722 -356 -352 1262
3126 875 575 1262
3374 129 133 1262
3704 168 172 1262
1971 734 717 1263
2159 789 662 1263
1138 -231 -225 1264
1224 536 542 1264
4056 330 336 1264
2327 -229 -848 1265
1618 686 694 1266
2302 423 431 1266
3700 509 518 1267
3822 -198 -189 1267
3867 -487 -478 1267
4266 170 179 1267
70 67 77 1268
663 585 595 1268
693 108 118 1268
3098 268 278 1268
3419 997 459 1268
3866 -458 -448 1268
411 59 70 1269
3088 252 263 1269
4140 326 337 1269
166 -86 -73 1271
1508 -216 -203 1271
2154 760 699 1271
3054 186 199 1271
1941 390 405 1273
2711 -307 -779 1274
3575 278 294 1274
2953 832 631 1275
52 592 610 1276
3549 -505 -583 1276
2927 115 134 1277
3185 -327 -308 1277
705 -465 -445 1278
4309 547 567 1278
2103 -426 -405 1279
2489 193 214 1279
3383 527 548 1279
3762 -519 -572 1279
3921 -239 -852 1279
4314 -411 -680 1279
2181 715 737 1280
325 394 417 1281
554 -326 -767 1281
1051 -150 -943 1281
2152 -375 -719 1282
73 -278 -817 1283
651 605 630 1283
2386 278 303 1283
2065 471 497 1284
2918 723 749 1284
3676 -335 -309 1284
3827 301 327 1284
2523 -524 -573 1285
3218 589 617 1286
3132 931 544 1287
3937 54 83 1287
3376 -549 -551 1288
1867 523 554 1289
2409 -348 -753 1289
2674 -322 -779 1289
4272 834 643 1289
269 -477 -445 1290
1332 -362 -740 1290
1472 155 187 1290
2172 -412 -690 1290
252 289 322 1291
894 -134 -969 1291
1093 -380 -724 1292
3833 418 453 1293
161 -540 -504 1294
1378 626 662 1294
3235 956 526 1294
832 756 727 1295
1623 726 757 1295
3824 379 416 1295
3546 689 727 1296
483 629 668 1297
404 -378 -733 1299
2994 -310 -269 1299
1609 199 241 1300
2176 -274 -838 1300
2306 699 741 1300
3078 -124 -81 1301
4011 -271 -228 1301
3461 -541 -573 1302
436 282 329 1305
1245 653 700 1305
1660 -294 -246 1306
3143 -133 -985 1306
4220 -545 -574 1307
1855 -354 -304 1308
3397 -527 -475 1310
2580 780 719 1311
3545 747 752 1311
1813 -275 -221 1312
2844 121 175 1312
3666 -380 -326 1312
3730 184 238 1312
4037 608 662 1312
748 -439 -686 1313
2006 966 535 1313
2026 824 677 1313
31 -491 -435 1314
2744 228 284 1314
4348 -289 -837 1314
2396 341 398 1315
3202 -539 -588 1315
1718 364 422 1316
1735 -72 -14 1316
639 58 117 1317
1269 233 292 1317
4094 -244 -184 1318
4050 -502 -629 1319
110 -347 -285 1320
2236 407 469 1320
3131 154 216 1320
3936 773 735 1320
2972 -562 -571 1321
3046 -367 -303 1322
4345 -274 -210 1322
2093 -593 -542 1323
3197 -118 -53 1323
171 -463 -673 1324
347 -475 -409 1324
2721 -528 -462 1324
3248 -260 -876 1324
3844 898 614 1324
1765 -562 -495 1325
3713 -307 -240 1325
4197 234 301 1325
2905 466 534 1326
3211 792 722 1326
1634 -178 -961 1327
518 -161 -980 1329
3405 -41 30 1329
3917 -533 -608 1329
3010 -508 -634 1330
1910 871 648 1331
2757 853 666 1331
3488 295 368 1331
3801 -241 -168 1331
965 325 399 1332
1085 -156 -82 1332
1379 -218 -926 1332
1679 288 362 1332
3013 -515 -441 1332
3353 -544 -600 1332
71 402 477 1333
332 963 558 1333
1141 186 261 1333
3272 231 306 1333
3275 606 681 1333
4099 -261 -186 1333
2101 33 109 1334
2847 605 682 1335
777 662 740 1336
2355 -340 -262 1336
3326 933 591 1336
1583 646 725 1337
2752 99 178 1337
2909 720 799 1337
2316 293 373 1338
962 -379 -298 1339
2045 140 221 1339
4153 -557 -594 1339
4085 131 213 1340
569 517 600 1341
3312 759 770 1341
1095 519 603 1342
1074 790 741 1343
2059 -385 -770 1343
3427 -445 -360 1343
240 362 448 1344
3474 -56 30 1344
745 -411 -324 1345
1024 -375 -288 1345
2528 -433 -346 1345
2756 -219 -938 1345
3167 -384 -297 1345
3624 79 166 1345
1167 365 453 1346
1300 -398 -760 1346
2082 -342 -254 1346
4193 314 402 1346
1529 396 485 1347
3554 472 561 1347
4165 -355 -804 1347
340 -324 -836 1348
1721 -1 89 1348
604 304 396 1350
1203 73 165 1350
1741 491 583 1350
2649 -203 -959 1350
2224 -150 -57 1351
2314 -445 -718 1351
3955 -369 -276 1351
4042 -167 -996 1351
4199 -230 -933 1351
945 -517 -423 1352
2480 301 395 1352
141 194 289 1353
2519 3 98 1353
597 785 757 1354
2462 -588 -578 1354
3558 -316 -850 1354
3144 -286 -882 1356
808 909 636 1357
2501 382 481 1357
3284 555 654 1357
3384 -445 -345 1358
3766 -319 -219 1358
567 941 607 1360
1414 -89 13 1360
3716 -28 74 1360
4248 467 569 1360
288 -627 -546 1361
527 987 562 1361
801 -469 -704 1361
3231 -178 -75 1361
886 -404 -770 1362
2397 -235 -131 1362
2635 368 472 1362
2754 650 754 1362
4093 -560 -455 1363
79 44 150 1364
3172 776 777 1365
2379 579 687 1366
836 965 590 1367
1131 819 736 1367
3148 -489 -690 1367
3200 960 595 1367
672 986 570 1368
669 -194 -987 1369
1058 -463 -352 1369
528 -272 -910 1370
1193 740 818 1370
2121 729 829 1370
2751 -609 -573 1370
1029 934 625 1371
1220 359 472 1371
2952 -539 -425 1372
3595 880 681 1373
244 -50 66 1374
487 945 617 1374
1858 -311 -875 1374
1946 631 747 1374
3609 -226 -960 1374
942 -489 -372 1375
994 -584 -467 1375
798 -510 -678 1376
1997 263 381 1376
2601 968 596 1376
3484 -511 -393 1376
806 -64 55 1377
1346 842 723 1377
169 -643 -523 1378
19 830 737 1379
797 -446 -325 1379
822 -501 -690 1379
2429 289 410 1379
733 377 499 1380
1981 -611 -489 1380
3372 -91 31 1380
4002 -56 66 1380
4370 -218 -96 1380
3311 -422 -771 1381
4025 -504 -689 1381
665 -420 -296 1382
882 -259 -135 1382
1989 -529 -405 1382
314 -135 -10 1383
3625 79 204 1383
4114 473 598 1383
1303 -473 -347 1384
2605 -476 -350 1384
27 -546 -418 1386
485 673 801 1386
860 584 712 1386
1641 -223 -975 1386
1844 949 625 1386
2789 -257 -941 1386
3478 -259 -939 1386
3976 -206 -992 1386
231 367 497 1388
3787 355 485 1388
700 -500 -701 1389
1216 -208 -993 1389
2457 -390 -259 1389
3509 -497 -366 1389
1702 893 685 1390
3849 900 678 1390
1256 -120 13 1391
1903 966 613 1391
2216 -24 109 1391
4017 114 247 1391
621 -451 -754 1393
974 616 751 1393
2385 504 640 1394
3486 -15 122 1395
3923 260 397 1395
519 -563 -424 1397
537 366 505 1397
1433 -95 44 1397
429 790 796 1398
737 -537 -673 1398
2863 883 703 1398
3810 248 388 1398
1657 859 729 1400
4074 -270 -942 1400
2784 -198 -55 1401
3190 398 541 1401
4235 542 685 1401
2147 -478 -334 1402
3500 -530 -684 1402
2587 409 554 1403
3274 -629 -586 1403
4083 -395 -820 1403
4376 -406 -261 1403
222 -318 -171 1405
293 -463 -754 1405
302 4 151 1405
1842 -258 -111 1405
2604 647 794 1405
514 -384 -236 1406
2987 17 165 1406
2815 -583 -434 1407
3368 -670 -520 1408
2577 915 682 1409
2892 97 248 1409
118 -319 -167 1410
513 788 810 1410
650 -256 -104 1410
1693 -538 -684 1410
2258 -675 -523 1410
2335 -447 -775 1410
4111 45 197 1410
4156 -295 -927 1410
4380 -449 -297 1410
324 114 268 1412
465 -385 -231 1412
2281 281 435 1412
301 141 296 1413
995 880 721 1413
2035 846 755 1413
1513 273 429 1414
2273 -80 76 1414
1033 -521 -706 1415
3418 -551 -394 1415
833 -250 -979 1417
1452 322 481 1417
1967 -474 -315 1417
4366 -540 -381 1417
457 -643 -483 1418
1504 -288 -942 1418
1931 -346 -186 1418
3619 -523 -707 1418
3725 259 419 1418
633 599 761 1420
3723 378 540 1420
1302 291 454 1421
1837 -82 81 1421
2514 -633 -470 1421
3584 159 322 1421
3773 -264 -101 1421
2399 317 481 1422
2699 127 291 1422
2792 93 258 1423
3481 -323 -158 1423
412 -657 -579 1424
1019 -686 -519 1425
3049 -428 -809 1425
3565 227 397 1428
4211 449 619 1428
2730 288 459 1429
1473 -282 -960 1430
2430 41 213 1430
3138 358 530 1430
438 -56 117 1431
1083 255 428 1431
4351 -427 -817 1432
322 -13 162 1433
993 674 849 1433
59 270 446 1434
2380 -98 78 1434
2482 -584 -408 1434
1972 -118 59 1435
2691 366 543 1435
2583 -81 97 1436
2432 -527 -722 1437
2499 -131 48 1437
3007 548 727 1437
2469 -667 -583 1438
4055 699 879 1438
3972 143 324 1439
201 -364 -888 1440
1627 -13 169 1440
2328 -326 -144 1440
2836 -88 94 1440
4067 810 818 1440
2992 -66 117 1441
3016 830 799 1441
4274 -562 -379 1441
2296 607 791 1442
4285 685 869 1442
706 -605 -420 1443
2128 -470 -785 1443
4170 851 780 1443
1729 521 707 1444
2633 -546 -710 1444
3932 286 472 1444
4320 16 202 1444
3883 -316 -129 1445
891 383 571 1446
3048 -599 -659 1446
4318 152 340 1446
2986 -166 24 1448
2387 997 640 1449
3264 -573 -382 1449
126 -402 -860 1450
272 -329 -137 1450
1694 290 483 1451
1769 -31 162 1451
4203 99 292 1451
1335 917 723 1452
3738 -424 -840 1452
1028 -371 -894 1453
2702 134 329 1453
3562 794 847 1453
2051 -608 -658 1454
3680 98 294 1454
772 447 644 1455
2187 896 747 1455
3512 -29 168 1455
878 686 884 1456
2205 957 688 1457
2988 -345 -924 1457
2384 -703 -568 1459
3508 -272 -71 1459
410 565 767 1460
874 -212 -10 1460
927 969 679 1460
1000 -497 -775 1460
1065 -118 84 1460
1987 -100 102 1460
3635 -593 -391 1460
846 -94 109 1461
2547 931 718 1461
29 -359 -155 1462
2714 498 702 1462
997 90 295 1463
1964 -575 -700 1463
3336 -560 -355 1463
3604 66 271 1463
4342 -360 -915 1463
1113 -296 -90 1464
2697 -587 -381 1464
3734 585 791 1464
4024 -67 139 1464
2319 -351 -926 1465
3792 -645 -632 1465
4029 -312 -105 1465
1284 -678 -600 1466
2883 -439 -231 1466
3072 655 863 1466
2954 957 698 1467
1218 655 865 1468
1428 554 764 1468
3134 -251 -41 1468
3671 41 251 1468
4071 -526 -754 1468
2055 -134 77 1469
2976 803 854 1469
89 51 263 1470
307 -230 -18 1470
534 286 498 1470
2238 72 285 1471
3150 -359 -145 1472
4040 83 298 1473
2488 -469 -253 1474
2808 -362 -146 1474
4174 118 334 1474
3055 -458 -241 1475
1552 -371 -917 1476
2261 725 939 1476
4375 -130 88 1476
500 -202 17 1477
1368 -314 -975 1477
1809 -24 196 1478
1911 -411 -191 1478
2743 216 436 1478
2785 523 743 1478
2931 -364 -926 1478
3504 900 769 1481
586 -6 218 1482
1077 632 856 1482
1930 950 720 1482
2938 -752 -542 1482
3456 -333 -109 1482
108 -301 -994 1483
2412 -486 -261 1483
4043 -146 79 1483
581 171 397 1484
632 -109 117 1484
1467 441 667 1484
2670 -632 -406 1484
1569 821 852 1485
1612 561 788 1485
4109 465 692 1485
2443 -680 -618 1486
2753 96 324 1486
3294 62 290 1486
3532 -132 96 1486
4121 -738 -510 1486
3045 -447 -852 1487
3065 209 438 1487
3410 976 699 1487
2276 705 935 1488
3327 -416 -186 1488
3911 -246 -16 1488
1328 264 495 1489
1512 752 925 1489
3286 -371 -140 1489
24 261 493 1490
1228 -244 -12 1490
1604 -398 -166 1490
1430 492 725 1491
1866 158 391 1491
617 481 715 1492
4136 -744 -560 1492
889 -444 -862 1494
2199 665 901 1494
2618 -247 -11 1494
2200 -357 -120 1495
2948 459 696 1495
3409 902 782 1496
1329 848 837 1497
3076 -207 32 1497
4159 -565 -744 1497
1198 -467 -227 1498
1977 -50 190 1498
3670 -389 -922 1499
4092 -690 -449 1499
1184 -609 -367 1500
4204 459 701 1500
321 -680 -633 1501
1805 -603 -360 1501
3583 798 891 1501
2797 608 852 1502
2989 47 291 1502
3710 101 345 1502
556 -344 -971 1503
902 -673 -428 1503
1796 575 820 1503
2437 -406 -909 1503
2452 -639 -676 1503
3393 974 717 1503
197 554 800 1504
676 -649 -403 1504
2018 -39 207 1504
2398 769 923 1504
4216 180 426 1504
680 -357 -960 1505
1624 -531 -786 1505
1648 -348 -101 1505
1827 -722 -475 1505
1854 -553 -764 1505
2294 -168 79 1505
3514 107 354 1505
2036 -260 -12 1506
4237 -651 -667 1506
1196 -341 -92 1507
2234 167 416 1507
127 765 931 1508
735 -256 -6 1508
3290 69 319 1508
3782 -188 62 1508
644 -588 -337 1509
666 -654 -667 1509
3987 998 699 1509
1495 325 577 1510
1585 397 649 1510
1935 -99 153 1510
838 801 898 1511
4383 785 914 1511
46 927 773 1512
3129 -339 -986 1513
1104 -382 -944 1514
2320 175 431 1514
3228 -745 -582 1515
3653 -413 -156 1515
1412 832 872 1516
3945 -751 -493 1516
1706 -610 -719 1517
1550 440 701 1519
2165 -462 -201 1519
829 -771 -509 1520
1366 -514 -818 1520
1812 824 884 1520
3151 213 475 1520
3739 470 732 1520
4271 -18 244 1520
1655 -269 -6 1521
2445 -229 34 1521
990 539 803 1522
1080 -118 146 1522
2966 564 828 1522
2130 -489 -846 1523
453 275 542 1525
1904 -522 -815 1525
2292 -409 -928 1525
1244 44 312 1526
3673 76 344 1526
717 599 868 1527
1352 95 364 1527
1825 242 511 1527
3892 -115 154 1527
4051 -725 -456 1527
1279 770 947 1529
2145 649 921 1530
2478 583 855 1530
2839 -785 -513 1530
3533 981 737 1530
2841 -593 -320 1531
3627 -775 -502 1531
2076 -288 -14 1532
2802 -17 257 1532
3767 -300 -26 1532
1251 555 830 1533
2189 692 967 1533
194 -550 -796 1534
1415 -515 -831 1534
3033 -299 -23 1534
3262 31 308 1535
286 -751 -597 1536
1362 429 708 1537
2004 -245 34 1537
4080 688 967 1537
319 -207 73 1538
1635 323 603 1538
2283 -499 -851 1538
2881 472 752 1538
418 502 783 1539
1900 -229 52 1539
3039 346 627 1539
1351 -20 262 1540
948 207 490 1541
1333 730 999 1541
3748 -360 -993 1541
4149 -402 -119 1541
1186 52 336 1542
1254 543 827 1542
3577 560 844 1542
36 234 519 1543
1278 -499 -214 1543
138 -59 227 1544
1728 -387 -969 1544
3160 239 525 1544
2636 -148 139 1545
536 747 988 1547
3697 686 975 1547
1112 363 653 1548
1282 376 666 1548
1606 878 858 1548
2378 567 857 1548
1311 -769 -592 1549
1593 -530 -832 1550
2126 -506 -856 1550
4116 -287 5 1550
245 618 911 1551
954 923 816 1551
1541 11 304 1551
3362 455 748 1551
535 -121 173 1552
755 -707 -657 1552
1059 682 976 1552
1675 810 930 1552
2321 -564 -270 1552
679 42 337 1553
1633 1000 741 1553
2070 -400 -965 1553
3181 -262 33 1553
3570 -432 -137 1553
30 -243 53 1554
102 -233 63 1554
1543 -769 -473 1554
3375 174 470 1554
3411 321 617 1554
54 498 795 1555
450 654 952 1556
476 936 808 1556
607 521 819 1556
698 -378 -80 1556
775 -373 -995 1556
1261 -204 94 1556
2075 -787 -489 1556
420 -633 -334 1557
3924 -801 -568 1557
4311 805 940 1557
782 259 559 1558
1426 -486 -186 1558
1483 -120 180 1558
1691 -777 -477 1558
702 517 819 1560
887 -701 -671 1560
2136 -781 -479 1560
2268 187 489 1560
2742 -506 -204 1560
1202 -629 -744 1561
1213 657 960 1561
3390 315 618 1561
3740 -504 -869 1561
213 539 843 1562
2278 33 337 1562
2850 -825 -521 1562
2334 779 972 1563
3267 -581 -276 1563
291 -687 -381 1564
1724 -93 213 1564
1943 -584 -792 1564
2543 -273 33 1564
4243 -786 -590 1564
562 -404 -973 1565
35 -648 -730 1566
503 -818 -560 1566
3943 58 366 1566
254 -449 -140 1567
1295 -243 66 1567
3458 188 497 1567
778 634 944 1568
1040 304 614 1568
2080 -426 -116 1568
2902 -767 -457 1568
3551 -733 -423 1568
1705 200 511 1569
3576 190 501 1569
2627 153 465 1570
3074 -454 -928 1570
3958 -741 -429 1570
241 -661 -348 1571
425 -710 -673 1571
550 -648 -735 1571
2589 651 964 1571
2736 -475 -908 1571
1156 -318 -4 1572
4299 -626 -312 1572
3347 -195 120 1573
1686 209 525 1574
3744 -504 -188 1574
4077 -385 -69 1574
413 -256 61 1575
1147 609 926 1575
2212 793 970 1575
3438 -824 -507 1575
1921 293 611 1576
3061 265 584 1577
3120 315 634 1577
4334 173 495 1580
549 -810 -487 1581
1053 85 408 1581
1443 -577 -254 1581
1532 -716 -677 1581
1847 224 547 1581
3222 -401 -78 1581
4016 -794 -471 1581
1891 -645 -321 1582
2991 -257 67 1582
842 -43 282 1583
925 434 759 1583
1622 -400 -75 1583
2832 -246 79 1583
1162 269 595 1584
1802 958 815 1585
2233 -457 -940 1585
1056 47 375 1586
2899 -357 -29 1586
699 -412 -987 1587
795 -417 -982 1587
1899 -595 -266 1587
2270 -758 -642 1588
3416 354 685 1589
287 -720 -683 1591
492 266 599 1591
1232 -815 -588 1591
2038 233 566 1591
3399 -645 -312 1591
1801 -633 -299 1592
2932 507 841 1592
3092 150 484 1592
1767 -720 -685 1593
3011 814 967 1593
433 418 754 1594
2643 998 784 1594
978 -354 -17 1595
2322 169 506 1595
3679 -575 -832 1595
140 -576 -238 1596
477 295 633 1596
866 -651 -313 1596
905 94 432 1596
2509 276 614 1596
3496 149 488 1597
3626 592 931 1597
1084 386 726 1598
1197 181 521 1598
3307 347 687 1598
4252 -201 139 1598
4319 -641 -301 1598
2317 -824 -482 1600
3089 508 850 1600
401 -271 72 1601
1189 297 640 1601
734 860 931 1603
991 -605 -811 1604
1727 -624 -792 1604
2486 -711 -365 1604
3868 225 571 1604
440 -666 -319 1605
1492 232 579 1605
3407 439 786 1605
303 277 625 1606
3095 -220 129 1607
2793 -74 276 1608
3334 -340 10 1608
1912 64 415 1609
2362 -431 -990 1609
2974 -577 -226 1609
3953 -415 -64 1609
221 -310 42 1610
34 240 593 1611
523 550 903 1611
1895 69 422 1611
2307 910 890 1612
4341 -639 -785 1612
179 463 819 1614
1230 270 626 1614
881 -368 -10 1616
912 71 429 1616
1742 277 635 1616
4300 -245 113 1616
3600 345 704 1617
3765 865 940 1617
1211 152 512 1618
3802 440 800 1618
4322 -242 118 1618
2630 938 870 1620
431 62 425 1621
4023 250 613 1621
1755 -733 -369 1622
2109 986 824 1622
390 315 680 1623
432 -698 -737 1623
1416 -876 -559 1623
1523 -554 -189 1623
2198 24 390 1624
1336 -462 -975 1625
3499 540 907 1625
1563 -502 -936 1626
1980 -597 -229 1626
2246 851 963 1626
2537 -442 -74 1626
1364 -865 -496 1627
2862 -381 -12 1627
3869 -631 -262 1627
4316 -605 -834 1627
1934 -890 -550 1628
253 882 935 1629
2179 417 788 1629
2254 -708 -337 1629
2504 -595 -846 1629
3490 69 440 1629
3663 290 661 1629
989 -566 -194 1630
209 -80 293 1631
2723 -457 -83 1632
146 -222 153 1633
1004 872 949 1633
1781 -798 -647 1633
3540 351 726 1633
4239 145 520 1633
630 -439 -62 1635
3743 -593 -216 1635
3745 -834 -613 1635
2019 -874 -496 1636
3196 -462 -84 1636
3862 198 576 1636
3 959 866 1637
2598 -542 -163 1637
3094 19 398 1637
3110 121 500 1637
4270 -516 -933 1637
2565 -532 -151 1639
1838 -502 -950 1640
2096 180 562 1640
2367 305 687 1640
375 -779 -674 1641
1669 429 812 1641
3194 152 535 1641
136 364 748 1642
1267 -909 -525 1642
1746 -856 -472 1642
2027 -552 -902 1642
4026 177 561 1642
4288 -438 -54 1642
103 26 411 1643
1007 893 938 1643
2171 -913 -542 1643
2647 966 866 1644
1039 512 899 1645
3919 -770 -687 1645
2434 602 990 1646
3466 -485 -973 1646
1456 -626 -833 1647
3250 858 977 1647
1242 -612 -222 1648
3382 -105 286 1649
1223 -899 -563 1650
1396 -907 -555 1650
311 332 725 1651
3522 -285 108 1651
1120 501 895 1652
2599 -835 -441 1652
3768 164 559 1653
835 933 910 1655
4236 932 911 1655
335 -578 -890 1656
681 -545 -147 1656
1710 -812 -656 1656
1953 -138 260 1656
2541 943 901 1656
50 862 983 1657
946 -869 -470 1657
1589 -449 -50 1657
3135 525 924 1657
3979 -895 -574 1657
4117 544 943 1657
675 3 403 1658
1148 -249 151 1658
1409 467 867 1658
2816 35 435 1658
1732 131 532 1659
1807 -237 164 1659
1824 994 854 1660
2156 -819 -417 1660
3906 -688 -286 1660
1566 111 515 1662
2267 497 901 1662
4021 -753 -349 1662
1835 354 759 1663
3662 -786 -381 1663
33 974 878 1664
3944 521 927 1664
2491 -80 327 1665
2022 -325 83 1666
3041 315 723 1666
3980 -142 266 1666
4180 -193 215 1666
4278 224 632 1666
1285 -896 -487 1667
2805 323 733 1668
4178 -104 307 1669
1519 -906 -576 1670
1683 -524 -958 1670
2188 373 785 1670
2659 440 852 1670
3784 -391 21 1670
2455 -776 -363 1671
2497 936 923 1671
352 153 567 1672
1069 -206 208 1672
2202 -812 -672 1672
825 -618 -867 1673
1536 -917 -501 1674
4287 -790 -374 1674
1183 574 991 1675
1387 -894 -477 1675
2534 -587 -900 1675
1226 -623 -205 1676
2226 324 742 1676
3273 176 594 1676
3746 977 887 1676
1016 -912 -493 1677
3316 -790 -371 1677
531 549 969 1678
533 -762 -728 1678
1535 -673 -253 1678
819 -73 349 1680
1271 179 601 1680
3733 920 948 1680
1165 -519 -96 1681
1466 439 862 1681
2140 315 738 1681
3819 -146 277 1681
2373 -687 -263 1682
362 331 756 1683
1515 -656 -839 1683
3441 7 433 1684
606 -439 -12 1685
2880 -460 -33 1685
1045 -915 -487 1686
1050 346 774 1686
20 315 744 1687
673 -812 -383 1687
1572 -275 154 1687
3631 -602 -897 1687
3350 -544 -956 1688
147 -178 253 1689
2411 -380 51 1689
1834 -879 -623 1690
22 -158 276 1692
1762 406 840 1692
495 -320 115 1693
957 953 928 1693
2211 -829 -677 1694
4280 -762 -324 1696
899 -801 -362 1697
931 140 580 1698
1097 -348 92 1698
2158 -867 -426 1699
423 -773 -739 1700
2716 -319 123 1700
3692 -756 -314 1700
4302 -788 -724 1700
145 476 919 1701
1217 -793 -720 1701
3830 -28 415 1701
38 416 860 1702
1176 80 524 1702
1794 -34 410 1702
3279 153 597 1702
3495 170 614 1702
999 484 929 1703
3891 229 675 1704
2768 -244 203 1705
3476 -34 413 1705
1106 281 729 1706
1470 -534 -86 1706
4253 -750 -301 1707
4102 519 969 1708
4385 101 551 1708
2947 -898 -447 1709
773 -881 -429 1710
2061 -819 -367 1710
2161 -681 -841 1710
3603 261 714 1711
351 143 597 1712
1249 -620 -904 1712
3260 -662 -208 1712
1859 -724 -269 1713
3571 -22 433 1713
2713 -473 -17 1714
1001 106 563 1715
2353 -943 -584 1715
4146 -275 182 1715
601 -269 189 1716
2079 -595 -137 1716
3180 -880 -648 1716
2230 465 924 1717
2637 388 847 1717
3656 -887 -642 1717
3960 -965 -506 1717
4229 414 874 1718
64 -418 44 1720
2968 -173 289 1720
4256 -862 -670 1720
2324 -657 -876 1721
885 -576 -958 1722
1668 131 595 1722
3093 -928 -464 1722
123 -420 45 1723
511 -811 -724 1723
1116 535 1000 1723
3009 -486 -21 1723
4230 955 956 1723
743 -104 363 1725
1610 -170 298 1726
2615 -731 -263 1726
4014 -28 440 1726
713 -180 289 1727
2812 -10 459 1727
3633 -688 -851 1727
774 -625 -155 1728
2479 443 913 1728
2496 -557 -87 1728
62 -324 147 1729
491 -580 -109 1729
1960 -617 -146 1729
2568 -906 -635 1729
2597 -953 -588 1729
158 -604 -938 1730
1206 -711 -831 1730
1774 -553 -989 1730
2032 94 566 1730
2641 -863 -679 1730
3643 67 539 1730
3964 -877 -665 1730
983 -549 -994 1731
1642 -630 -913 1731
3199 -165 308 1731
1969 -83 391 1732
467 -820 -344 1734
3668 952 970 1734
3084 -635 -912 1735
1625 -526 -47 1737
2117 -401 78 1737
3085 -525 -46 1737
1170 -824 -726 1738
2835 342 822 1738
4005 -752 -271 1739
8 -678 -196 1740
2956 -953 -471 1740
1385 -160 323 1741
2099 -804 -321 1741
490 -586 -968 1742
542 -908 -646 1742
2867 -928 -626 1742
2345 54 539 1743
3203 -140 345 1743
1539 95 581 1744
2507 -756 -800 1744
3903 -559 -73 1744
239 162 649 1745
816 -449 38 1745
1485 -637 -150 1745
2540 -783 -296 1745
2930 -431 56 1745
3224 -431 56 1745
3731 486 973 1745
408 -409 79 1746
1048 -784 -296 1746
2810 329 817 1746
4344 -669 -889 1746
3433 -884 -675 1747
4330 491 981 1748
740 -201 290 1749
2414 -334 157 1749
4297 -899 -662 1749
1 -848 -714 1750
359 301 793 1750
270 -741 -248 1751
2767 -324 170 1752
4225 -188 306 1752
762 -720 -225 1753
1322 -674 -179 1753
2313 -585 -90 1753
131 -304 192 1754
1054 -799 -303 1754
1828 320 816 1754
4167 -678 -182 1754
643 -745 -248 1755
2585 -508 -11 1755
4358 299 796 1755
2106 245 743 1756
3306 -674 -176 1756
1068 -855 -714 1757
4172 403 902 1757
1031 -406 95 1759
1160 -862 -361 1759
2135 -853 -351 1760
3817 -142 360 1760
153 -731 -227 1762
872 -775 -271 1762
1201 -641 -933 1762
2260 -359 145 1762
2648 -752 -822 1762
3287 -788 -283 1763
4138 -680 -174 1764
338 -892 -385 1765
1850 -882 -375 1765
3876 426 933 1765
1872 -271 238 1767
564 -30 480 1768
1137 -973 -607 1768
2781 399 909 1768
711 -497 15 1770
2871 -792 -790 1770
3141 -675 -907 1770
3920 -473 39 1770
4113 -130 382 1770
1390 -572 -59 1771
2166 -340 174 1772
3278 -767 -817 1772
1527 -238 277 1773
3303 -565 -50 1773
2700 -865 -722 1775
1730 273 791 1776
3865 -855 -733 1776
776 -245 274 1777
1454 472 991 1777
230 342 862 1778
428 -303 217 1778
2895 -613 -977 1778
229 30 551 1779
2308 -377 144 1779
3193 -310 211 1779
2104 -806 -788 1782
361 -995 -470 1783
1126 -846 -749 1783
2289 -17 508 1783
3581 -562 -37 1783
3839 -585 -60 1783
4106 -640 -955 1783
1425 -646 -120 1784
4139 209 735 1784
742 -873 -724 1785
1233 -810 -283 1785
2578 -96 431 1785
3689 -780 -817 1785
3104 -467 61 1786
3811 -573 -45 1786
2143 243 772 1787
4329 368 897 1787
809 -658 -942 1788
1599 321 851 1788
188 -635 -104 1789
3403 52 583 1789
3610 -322 209 1789
4152 -202 329 1789
628 -951 -651 1790
2705 -292 240 1790
16 -30 504 1792
769 -790 -814 1792
2853 98 632 1792
1476 189 725 1794
1873 298 834 1794
1027 -158 379 1795
1726 452 989 1795
2390 -369 168 1795
845 -702 -164 1796
106 -502 37 1797
928 4 543 1797
2406 73 613 1798
1240 -917 -694 1799
2124 -874 -333 1799
3901 371 912 1799
232 -613 -71 1800
1212 -312 230 1800
4328 -743 -201 1800
2611 -747 -866 1801
4332 -405 138 1801
1464 431 975 1802
1853 14 558 1802
2465 -808 -264 1802
2472 356 900 1802
1516 -797 -252 1803
1773 387 934 1805
473 -683 -135 1806
2251 -649 -969 1806
479 375 924 1807
1037 -985 -634 1807
1602 -704 -155 1807
2809 294 843 1807
657 -663 -113 1808
3435 -616 -66 1808
3592 -910 -360 1808
178 -835 -284 1809
349 -749 -198 1809
1749 -243 308 1809
3189 -414 137 1809
469 -968 -416 1810
1299 -865 -313 1810
1601 -12 540 1810
3675 -905 -717 1810
4213 -752 -870 1810
1330 -823 -800 1811
444 -991 -437 1812
2016 -646 -91 1813
4331 -219 336 1813
1684 -832 -794 1814
1787 222 779 1815
3047 -662 -965 1815
1498 -262 296 1816
