-6.1992 21.1471 -6.4009 -1.3405 -6.3688 10.8323 -7.9629 14.0257
116.7482
-0.0056 -0.0000 -0.0000 -0.0065 0.0000 0.0262 0.0200 0.0000
1.4684 0.0000 0.0000 1.7015 -0.0000 -6.8986 -5.2752 -0.0000
5.6612 0.0000 0.0000 6.5599 -0.0000 -26.5958 -20.3372 -0.0000
0.0654 0.0000 0.0000 0.0758 -0.0000 -0.3074 -0.2351 -0.0000
1.9194 0.0000 0.0000 2.2241 -0.0000 -9.0170 -6.8951 -0.0000
2.4403 0.0000 0.0000 2.8277 -0.0000 -11.4642 -8.7664 -0.0000
7.6962 0.0000 0.0000 8.9180 -0.0000 -36.1561 -27.6477 -0.0000
2.4900 0.0000 0.0000 2.8853 -0.0000 -11.6978 -8.9450 -0.0000
-5.0723 -0.0000 -0.0000 -5.8775 0.0000 23.8292 18.2217 0.0000
-0.4404 1.8380 -0.6436 -0.2222 -0.6369 0.8596 -0.6233 1.1711
-0.0000 0.0000 -0.0000 -0.0000 -0.0000 0.0000 -0.0000 0.0000
-0.0000 0.0000 -0.0000 -0.0000 -0.0000 0.0000 -0.0000 0.0000
-1.2663 5.2851 -1.8507 -0.6389 -1.8314 2.4717 -1.7922 3.3675
-0.0000 0.0000 -0.0000 -0.0000 -0.0000 0.0000 -0.0000 0.0000
-6.3868 26.6569 -9.3343 -3.2227 -9.2372 12.4665 -9.0396 16.9846
-7.8596 32.8040 -11.4868 -3.9658 -11.3673 15.3413 -11.1241 20.9013
-0.0000 0.0000 -0.0000 -0.0000 -0.0000 0.0000 -0.0000 0.0000
-1.2772 5.3305 -1.8666 -0.6444 -1.8471 2.4929 -1.8076 3.3964
