13.4869 -8.0880 -5.3009 9.1141 -5.3150 -6.8233 7.0727 -6.0820
62.3992
0.0000 0.3534 -0.0000 -0.0000 1.1375 -0.8549 -0.0000 0.4099
0.0000 4.2284 -0.0000 -0.0000 13.6113 -10.2296 -0.0000 4.9049
-0.0000 -7.5439 0.0000 0.0000 -24.2840 18.2507 0.0000 -8.7510
-0.0000 -5.3714 0.0000 0.0000 -17.2907 12.9948 0.0000 -6.2308
-0.0000 -8.8981 0.0000 0.0000 -28.6431 21.5268 0.0000 -10.3218
0.0000 9.3371 -0.0000 -0.0000 30.0563 -22.5889 -0.0000 10.8311
0.0000 6.6946 -0.0000 -0.0000 21.5500 -16.1960 -0.0000 7.7657
0.0000 8.5420 -0.0000 -0.0000 27.4969 -20.6654 -0.0000 9.9088
0.0000 3.8746 -0.0000 -0.0000 12.4725 -9.3738 -0.0000 4.4946
0.0000 -0.0000 -0.0000 0.0000 -0.0000 -0.0000 0.0000 -0.0000
4.4220 -2.1837 -1.5211 3.1805 -1.6917 -1.4130 2.3837 -2.1103
0.0000 -0.0000 -0.0000 0.0000 -0.0000 -0.0000 0.0000 -0.0000
0.0000 -0.0000 -0.0000 0.0000 -0.0000 -0.0000 0.0000 -0.0000
28.1625 -13.9076 -9.6877 20.2560 -10.7740 -8.9993 15.1812 -13.4402
3.2964 -1.6279 -1.1340 2.3710 -1.2611 -1.0534 1.7770 -1.5732
0.0000 -0.0000 -0.0000 0.0000 -0.0000 -0.0000 0.0000 -0.0000
20.6021 -10.1741 -7.0870 14.8182 -7.8817 -6.5834 11.1057 -9.8321
3.4336 -1.6956 -1.1811 2.4696 -1.3136 -1.0972 1.8509 -1.6387
