10
37 48 60 62
10
60
10
48 60 62
10
37
10
20 37 48 60
10
62
9
56
10
66
3
68
9
53
10
37 48
9
53
10
60
10
2 6 8 11 20 37 48
9
28
9
13
10
48 60 62
10
6 8 11 20
10
60 62 66
10
37 48
10
48
10
37 48 60 62
10
48
10
11 20 37 48
10
37 48 60
10
37
10
48
10
20 37 48
10
20 37 48 60
10
20
10
60 62
9
56
10
37 48 60 62
10
37 48 60 62 66
10
11 20 37 48 60 62
9
13
10
11 20 37 48
10
62
10
6 8 11 20 37 48 60 62
10
60
10
62 66
10
2 6 8 11 20
8
69
10
6 8 11 20
10
37
10
37 48 60 62
9
28
10
6 8 11 20 37 48
10
8 11
9
53 56
10
6 8 11 20 37
10
48
10
37 48
10
48 60
10
60
10
60 62
10
48 60 62 66
10
37
10
60 62
10
37
10
37 48 60
10
60 62
10
37 48
10
20
10
48 60 62 66
10
48
10
6 8 11 20
10
60 62
10
62
10
37 48 60 62
10
37 48 60 62 66
10
20 37 48 60 62
8
69
10
60
10
60
10
37 48 60
10
37 48 60 62 66
10
37 48
10
66
10
6 8 11 20 37 48 60 62 66
10
6 8
8
69