-99840.462306
2041.159121
10134.617421
-10002.985653
157971.940199
312315.449142
12857.029333
-149279.057559
4164.270385
-223862.708293
-197557.573903
-258454.626674
-108186.400503
-157595.916438
-97182.248242
-38420.378213
-108944.712759
-58759.836787
-41892.861039
-80113.936461
-97734.418936
-56370.442587
-74591.864450
-58718.650003
-121370.154697
-113313.968039
-117201.044320
-114303.266575
-140298.834399
-111330.840184
-104803.747015
-104570.741766
-55371.402257
-69005.798353
-71493.428880
-85037.830011
-16074.311992
-66496.479823
31943.116982
11808.976593
-89909.050152
-81017.727308
-67056.292325
-96820.494233
-40021.106379
-75382.488194
-53463.134449
-62827.838784
23069.379263
1139.133964
9541.473754
-40371.635219
-36402.500997
-3691.221593
-36330.301666
2683.925923
-23482.982032
5871.920094
-45917.751855
-48301.364663
-74857.482862
-61303.522424
-40762.763769
-41427.013186
-20949.093791
-22794.057096
-21137.639653
-9292.041554
-57880.558385
-33012.149408
-45065.879665
-58475.347871
-49430.061895
-39720.692417
-38252.297521
-48765.286601
-51532.491881
-62693.061213
-69866.606922
-60223.243476
-80187.231229
-48283.085455
-61291.695789
-72386.240998
-81314.361947
-78933.295536
-112013.733789
-107236.943116
-69564.367329
-104681.464074
-95897.046727
-77074.359220
-102048.409797
-108748.519155
-96776.277995
-103371.875879
-97752.471331
-84304.089214
-107234.384057
-77001.093510
-93161.770650
-104168.890095
-74538.121221
-72695.149074
-52230.708697
-110056.549449
-68262.239787
-70836.416482
-102447.749995
-61168.146332
-83756.798570
-66283.696339
-85621.080111
-102027.263490
-100870.477484
-85611.869927
-74452.104489
-50980.898654
-69469.002163
-117807.998628
-85103.702071
-39642.938091
-121947.052417
-86350.259251
-115118.338002
-81847.672579
-27167.515102
-93829.870608
-52382.903072
-41131.238044
-66672.109476
-78578.263039
-121236.479981
-90137.255403
-107474.186161
