4454.962215
3744.611860
1582.577285
16432.853724
1227.866400
3529.583575
4046.430972
534.643229
7510.103806
-82.031329
3175.087751
337.599086
1635.804458
669.280522
4135.550625
778.027761
-20.232213
-857.746241
-544.760580
-553.668353
-1676.820655
-3814.287027
-974.217607
-384.749340
-1275.300209
-2946.848313
-2170.679042
-1818.605628
-1292.981837
-2700.754403
-4733.750300
-4275.398963
-3185.376150
-2462.008289
-4762.184237
-4169.988908
-3373.221315
-4755.069917
-4679.697454
-4722.619639
-3311.401289
-4287.750793
-3229.189184
-3142.163815
-3783.191854
-4346.306999
-4347.509921
-4029.587716
-3951.219516
-4439.065824
-4295.769191
-3708.252330
-3296.843944
-4024.173681
-1686.199847
-3817.104700
-2244.527299
-5553.286126
311.138325
-5309.933074
-1397.741297
-2368.077704
-639.587152
-2305.579917
-4882.610150
-93.838774
-1859.626787
-6374.551257
-6561.251535
-3205.042870
-6663.984938
-6060.792879
-5908.195994
-5166.031760
-3213.834552
-943.250477
-2486.020487
-2147.278075
-1335.062146
-2161.423442
-1610.231714
-2376.748536
-1252.460219
-1556.844279
-1089.510963
-3033.861790
-1932.975988
-2316.111101
-2962.761184
-1770.918519
-1632.922110
-2937.916793
-2831.272080
-2009.043505
-1193.376077
-1241.094972
-2219.017539
-1745.512245
-1695.764576
-1878.560358
-2715.857394
-3161.922944
-2480.186272
-821.235368
-2324.109775
-1357.316542
-2183.334441
-1683.270342
-2749.952238
-1670.762758
-1735.405438
-1988.140754
-2679.823641
-1553.896927
-1943.859406
-2038.429033
-1394.322437
-1556.012201
-1784.800533
-1211.269000
-1434.313554
-1680.713940
-1501.166956
-1686.062367
-1649.011547
-1707.949862
-1664.215253
-1796.896873
-1181.222711
-1222.681162
-1283.519639
-1431.420188
-1833.045220
-1871.544156
-1763.095352
-1769.236212
-1981.413090
-302.121350
-2440.324626
-1620.578580
-1950.211409
-2039.619940
-2847.551781
-1761.500495
-1984.625394
-1674.815961
-1764.391196
-1612.809263
-1608.129227
-1100.148153
-46.085426
-593.037876
-2109.821910
-736.307824
-414.602901
778.778675
833.324068
-3814.064893
1589.037652
-4354.905201
780.855783
-135.793945
-4038.987282
-836.027513
-1784.978669
-3162.038801
-451.336757
583.099481
-2854.795793
-4462.131529
-3329.095749
-1711.852301
-3867.668810
-1039.992951
203.835899
-866.406643
-5496.035186
-1375.403299
-1371.006647
-448.744067
-12.598785
-1603.638093
-656.768904
-3355.713129
-3639.644990
-2556.474518
-3203.380879
-1717.615991
-433.858745
-323.202972
-2216.522558
-749.620663
51.468073
-3227.482900
-32.575052
-37.342824
-781.951573
-2602.679025
-1603.228102
-2758.451311
-1908.594273
-896.449456
-174.982728
-1175.405918
-11.194340
-22.165673
-678.320365
-959.001501
-3496.251481
-3395.546857
549.976751
-2936.043061
-857.388725
-593.800727
1229.282094
-1162.193692
513.848234
-782.732926
-3459.901233
-2316.626427
-1801.542098
117.720863
135.530116
-3695.312009
-742.942177
-2768.369063
-2224.616610
66.231528
1023.971396
-767.074224
-1832.186849
-1928.231475
-1568.326784
-6050.219009
-4984.038067
-2850.699604
-2452.533282
37.593453
-1392.817408
-2932.710780
-3932.578652
-2822.210100
-1300.227315
-3162.601768
-4176.904964
-2390.929091
-2245.426482
-1599.256706
-355.785315
-2499.817556
-873.872179
-1731.925183
-3570.215361
-3642.453189
-856.806048
-1933.816413
-1726.839523
-3498.678219
-1184.327029
-3835.504608
-3693.068948
-3479.695279
-753.752902
-1848.267977
-3414.754505
-927.758488
-2246.012836
-1710.534330
-2859.208020
-2593.095714
-1469.139177
-1674.705736
-3113.718501
-3321.068294
-3524.262342
-3538.370002
-1740.476392
-2153.746616
-1779.484617
-2152.664756
-1894.184777
-2911.529608
-508.224865
-3380.102710
-3075.872328
-978.388815
-3683.825045
-3280.118705
-1105.695351
-233.520475
-948.981109
-2863.794260
-1175.057067
-1916.875011
-1217.297749
-913.178598
-973.577560
-2165.054646
-2564.195094
-2725.143475
-3823.125523
-2494.240831
-1086.704690
-558.793964
-1125.449023
-1597.177906
-1954.032388
-2107.893577
-2504.327562
-2365.177249
-2597.182022
-1762.228397
-1664.381643
-2389.462358
-1721.395790
-2546.791951
-2968.866634
-2480.619033
-875.295078
-2658.983885
-595.337266
-1750.290184
-2041.288290
-1582.276771
-984.078261
-1894.824336
-824.651746
-1422.514778
-1841.281038
-1656.680738
-2211.842980
-2213.307397
-1165.963049
-1527.459900
-1535.674925
-809.752389
-1082.776984
-2552.082931
-2042.063082
-698.054825
-555.966546
-638.691100
-2056.913076
-895.129229
-759.696026
-695.822323
-1639.547493
-2611.691480
-2051.792338
-2883.626010
-1520.361784
-2118.908337
-1537.019348
-1669.460992
-1429.269547
-1996.784540
-2335.517748
-961.385050
-2156.204671
-1876.411566
-746.033599
-522.171003
-1796.742973
-1573.174732
-1699.666637
-1476.765199
-1011.530660
-963.456846
-1586.437136
-1068.327612
-1256.502476
-1449.733329
-760.438657
-1327.850156
-1302.674852
-1299.049618
-1303.495521
-1271.653698
-1118.691014
-922.768406
-990.537029
-897.837974
-878.870240
-890.997545
-1110.725145
-1089.092655
-1151.410040
-1105.168949
-817.281782
-830.666692
-1000.090806
-1078.095582
-1315.975837
-1495.775253
-1177.802166
-1337.023017
-1202.528536
-1376.879970
-1453.588180
-1074.881824
-1137.174491
-1183.163418
-1162.301296
-1263.018356
-1409.844013
-1026.190255
-967.482167
-1042.064841
-1033.854437
-1066.998760
-967.354320
-1182.931343
-1006.547917
-1016.379992
-1037.235829
-983.669011
-989.794790
-1024.645380
-735.264825
-713.843399
-1007.693509
-1059.360192
-1601.448400
-926.325014
-1123.699450
-1375.998486
-1356.855515
-909.535471
-1205.304961
-888.788207
-720.118392
-709.027122
-694.282821
-903.490343
-782.379327
-910.882572
-773.522325
-759.984677
-890.638348
-862.521445
-648.220723
-1009.788334
-675.981737
-898.922194
-783.252016
-426.456289
-851.733169
-769.281889
-638.966315
-635.417238
-687.364474
-651.879558
-691.714701
-566.261040
-552.054498
-485.857370
-605.434964
-857.039950
-405.303562
-480.001107
-508.521035
-291.543299
-1176.650607
-366.075039
-1076.429800
-1012.677037
-884.336124
-433.753295
-1146.607244
-1128.402692
-858.126277
-1206.807545
-517.893202
-580.891732
-1133.508959
-1034.305354
-299.959919
-717.667211
-1004.447290
-819.683141
-689.354977
-1038.489421
-988.841656
-982.520432
-703.932509
-758.399306
-658.251515
-707.948702
-777.980131
-512.152882
-530.365750
-313.312090
-672.578827
-397.317016
-395.172637
-246.032657
-452.494236
-766.372574
-570.387549
-853.729290
-692.456009
-590.959144
-414.741735
-522.959576
-573.237522
-639.422167
-855.195253
-601.556161
-942.004771
-518.063335
-844.895536
-1235.652988
-388.631289
-844.929700
-434.916351
346.870718
-1236.598812
213.672236
-704.946917
-406.628332
579.049344
-1639.556753
-1904.945716
-1912.116742
-479.259935
-2310.682647
-1718.633519
-420.502998
-1114.402806
-2418.696681
-1068.339087
-390.725690
-60.136476
330.928370
-2358.931565
-1211.841620
-467.598007
-2569.502518
-693.817014
-2345.360728
-1677.779715
-2015.025478
-1591.516028
-1269.379458
-1916.753675
-1599.308369
-25.910380
-1050.389700
-1702.890158
-1781.542177
-1605.983833
-1792.786281
106.234494
-197.248837
-1439.271338
-481.325355
-1528.224347
-684.584286
-440.809280
-892.494827
-309.102039
-1696.425153
-657.533979
-604.603253
-2008.246823
-661.180182
-83.446650
-385.817811
-441.468968
-1714.971120
-1415.515744
26.883700
-663.745362
-1393.278015
365.459639
-731.922448
422.814626
-97.016092
423.967427
-66.029211
-2202.505115
8.978974
-1097.234792
432.310656
-88.792955
-1307.302847
149.035383
-104.733816
-908.840212
-472.701287
-1637.508178
-911.490393
-2810.596739
54.750668
555.589411
963.602657
747.239988
-615.206435
-2816.876319
-509.925623
-1423.058378
-2121.468327
-770.339759
-230.086048
641.777861
-2050.874096
-1779.815992
-2008.551166
-2446.868921
-1822.710847
-2418.764712
1322.678401
961.108928
-725.241170
945.799192
1612.377655
-1539.301850
-2438.925441
631.403696
-2318.709354
-26.984865
677.690199
-294.207630
-119.461363
-3040.935926
-1451.763286
287.597532
-3063.124586
-1522.210458
-1016.208991
-2672.258616
2029.024988
-106.690736
534.155343
1972.158077
1260.620173
-1406.882479
156.989661
-871.241586
1832.781883
1765.942074
-1320.193354
-1152.984723
-695.448117
-3027.233763
-268.144711
-2952.535976
1196.437737
1191.331555
-1571.123305
409.771985
-3459.461292
-2464.259283
1355.589644
201.036240
2019.862599
480.360530
1795.837496
-1902.381000
728.670462
563.455605
-1080.101690
-2368.718738
998.699890
-2.382604
-757.137041
-3246.183585
-814.493406
-2837.778923
-203.530228
-2515.496651
-2822.193852
-1401.148253
875.903359
-172.881459
-2202.298045
-510.218847
-1077.194027
-372.355425
-2931.389595
-2116.637877
-3264.493296
-1584.000741
-1265.039959
-1012.807456
322.990319
37.611304
-1623.088757
60.707090
-2197.257769
-1572.398854
-3298.774907
-2577.558509
1267.232996
12.668788
1674.036199
-1489.921075
-1115.977026
-2194.523267
-3403.416177
-2241.604045
-366.804063
-95.391192
-1321.101499
-327.778634
-1890.438356
-2624.895167
-2759.785055
-2230.378846
-3017.161095
-850.310770
1056.635810
1868.879302
-2622.044275
-1037.295074
-87.280391
2306.144568
2532.404634
1255.893839
-2425.565808
-3181.851121
2140.192047
-3422.236744
-241.399827
1645.130617
-2623.712845
2106.926050
-2864.607176
-2895.100750
1063.272528
-1238.325438
433.589576
-3308.696781
-1743.549709
626.862331
-86.407562
-2562.824214
-134.742521
-1797.131786
2106.777338
-744.318586
-311.455679
-220.339088
2367.191244
-826.866826
-2786.458075
41.338260
86.469489
-335.170318
-2841.976672
1510.022588
2181.596031
-2044.035787
1381.114195
-573.526540
2480.357282
1266.076228
-2434.105943
1447.292202
426.082738
-3454.789507
-1136.495764
-920.686221
-3632.592227
395.054286
-1117.034268
-3557.990430
1927.852278
143.193794
679.335682
-5.601125
-3344.822463
-3883.007492
-1288.741709
-481.560946
-1660.155790
-2641.504278
1556.318636
1421.980222
-3735.424160
-126.935834
2341.563813
-1756.191511
-316.181715
-3677.966646
-793.646138
2786.015686
-3982.376078
-2558.284660
-1850.650614
-4140.860887
-27.860775
-1944.289648
2640.129214
1199.929184
286.230195
-645.651891
-521.083190
-3528.591187
2782.754981
-4859.733033
823.457632
-679.705686
-3917.692833
-3209.112197
2592.300478
457.272921
-143.766313
-4537.811002
-4127.128546
1719.144590
-855.695698
56.304259
-1676.659143
-1356.878504
-878.318426
491.611531
466.062851
-4666.524651
2115.672598
-2134.280318
821.472468
-3961.306847
1017.143432
-4040.039715
634.008015
-4448.310332
-4517.700918
-913.205881
2848.071574
2462.316801
-280.346184
2759.493051
171.388970
-1185.686087
3019.101509
2167.990787
2106.651777
-1357.346393
-1348.964937
-409.230253
283.829495
2561.292150
1317.836522
-373.249886
2461.908025
-3118.906020
-651.294755
525.234537
895.030879
-1627.280173
-3693.050178
1519.096731
1549.347030
-1488.544416
1766.532339
-3866.987901
-668.432223
-926.228634
-3477.863565
626.929959
647.803811
2684.799249
2521.797069
-3745.942568
-1942.136304
-1102.412441
-2371.490064
2534.027828
-1468.879528
1729.186427
-4302.497222
2363.101471
-1081.140490
-4008.545448
987.472719
-3033.264316
-2177.390124
1928.441714
2434.444037
-2768.612455
-568.163658
2789.043491
-1833.053679
-4146.385704
-626.753226
2858.846799
-4164.167303
355.086501
-4116.101348
-2519.094596
-4971.773550
-4268.532351
-1283.226703
-2877.593490
-2174.396971
760.111457
-3901.114076
-990.004301
-1365.248231
2440.753095
2554.486705
-4152.921093
1592.091595
-2003.933100
-312.604796
-959.403979
-3737.274357
2571.086142
2118.269221
3145.482709
3013.262538
1551.022996
-2266.663021
-4023.574822
2142.516341
-4717.152393
-3587.565720
2468.219999
-3445.728719
-650.392871
-4886.152419
-1799.006434
1635.463071
3378.209070
1428.836696
-4571.190433
600.628640
1956.398599
-3539.599451
-2563.326322
-4137.744851
-3417.072571
763.613483
261.341473
-919.757049
939.747396
1185.103673
-4953.097243
-3978.033077
846.026853
-1390.132004
-4509.729647
2690.057661
-2247.604253
3095.028001
-1909.046228
3173.346445
613.445794
1303.519872
-3516.721462
-756.508019
898.761640
-3150.378158
-1236.354196
3288.433347
1457.122291
3471.573436
-3418.485128
154.672833
1229.937810
-1088.361959
-2135.647643
-1035.860547
3065.763131
-554.258373
-3267.483351
-1011.634908
3518.213209
3559.014315
1231.942799
2946.665984
1137.375034
1375.189105
-2889.134667
1277.972739
1519.069451
-3514.524169
-527.026228
46.275103
-2659.273142
-3525.823747
3197.429087
-2867.741590
1305.752468
2065.432585
-2363.988652
-2346.187486
-740.804628
2669.546257
284.774234
-3648.499886
-3396.795145
-3804.399211
-2787.673246
-2550.651224
-3727.428856
-2752.283337
-306.134155
-727.613578
2371.626318
-400.223390
1648.181063
1565.511174
3033.544325
-3965.775630
-834.233650
-3986.921242
-3579.647451
2460.759332
-339.891894
549.939759
2447.668174
-1530.453122
-951.975930
-2923.600956
3101.070390
-3349.718275
1874.637534
2270.612589
-2200.719747
3003.426213
-3383.907055
3137.561662
-3912.488133
-571.394794
-688.017520
-3793.610220
-3079.473449
-3146.878596
-1798.169520
925.993239
3241.526200
-3997.144277
2267.357873
-561.464789
-2126.877757
2749.174636
478.434660
-3973.873717
2118.172556
-2389.828989
-3046.136903
-568.064241
-3377.561364
2902.864587
1027.878651
-293.290833
-32.488622
3506.138567
-1803.696992
77.002290
-2319.817545
-3913.319834
1603.027508
-1233.918162
683.824048
3232.736259
3008.953887
681.289490
-1447.324319
-721.869014
816.756840
3651.672375
2053.697724
1799.686315
-3525.797870
-43.150149
-2981.094154
-4343.433353
-1300.874827
1879.720748
3191.226501
-936.740219
-1620.813169
-3810.710447
-1020.149787
4394.945396
1680.024503
376.326102
1922.825687
-1166.047233
993.150378
-3889.061523
2363.496697
-2448.806672
2696.062009
-3611.548235
-3085.864129
742.101401
3120.695416
2667.636014
2970.523231
-3799.320529
2201.504842
-446.733845
-2575.581840
459.775966
-3381.991551
3912.073122
608.744747
-3261.463285
-3525.195197
-2838.936757
840.358483
1111.986947
278.893493
780.062934
-1603.391654
4014.094387
-3600.393685
-2296.088703
3189.448281
-2299.230541
2017.600985
2019.289443
-280.489210
902.344206
-2356.392919
716.810735
2836.201960
-2614.459705
-2723.029145
-2339.431864
-3186.511714
3327.912399
1603.459156
-2864.797479
2382.505578
-1390.924670
3841.225366
1313.465641
2607.689118
906.578865
2185.100842
2269.315425
1094.308437
-3357.614496
-2976.244849
2425.431471
1382.935733
1444.779995
-4041.369384
-1014.832658
427.610606
3295.324630
3560.250963
1079.243155
-4110.770844
1640.555201
330.582767
174.858249
-1153.819334
-3001.180409
-4116.603168
123.447470
3735.752739
2964.409661
-4466.558856
163.533759
-3283.721498
-3675.847499
2643.157051
883.903940
4630.302680
-693.770365
4822.438619
1091.573002
3288.103159
-2004.241733
563.032392
-3168.503039
-2866.758792
-2204.178293
-1579.169946
-4297.980349
-449.801047
997.668209
1366.447636
-3602.190282
496.430460
3413.060284
-875.273262
-765.869653
2249.989833
-4315.181180
-3071.751235
-1991.996944
-2051.285821
3836.885099
-2953.031199
3543.598609
-3285.504489
-561.840508
-3834.029557
3963.119745
2910.179058
-4102.388817
-468.467025
-4408.982947
4282.109034
-1439.678408
2205.297485
-265.242887
4225.102649
2836.209690
-1794.492229
1220.080253
522.405356
-2276.751827
-1188.550711
3203.015197
2769.481876
-2529.319856
3184.215672
-4705.486396
2769.979072
3119.210874
1793.558702
3522.263244
1326.597319
-3024.404847
927.969820
-3983.403162
-21.514763
4434.985815
-2118.703702
-1233.087710
-2005.873131
3640.876052
3821.085790
-2171.604232
-4482.355706
-2890.776277
-3398.612132
-1825.711788
4222.327525
2771.897762
-2089.090313
-342.802054
-857.949388
-1156.968594
-376.597956
277.701169
-1708.423118
187.936772
-3504.696823
4751.339898
-1128.636264
-50.063795
2043.007530
-2101.989811
1450.959997
2474.618051
2595.681750
2791.987047
257.394945
-989.527142
-2969.041324
-2274.925948
-2249.424102
-3516.979979
1560.653626
-3057.609007
-3174.737437
3081.503864
3278.364628
-1231.304747
-709.837815
-1380.475391
327.174912
-1333.638982
-2771.515408
194.490266
503.737589
-2781.791780
-1264.371783
406.417093
5265.596264
2169.981472
1530.720772
4072.986937
-2285.435814
4339.028332
987.670525
2803.512240
4368.569803
-3335.781971
-454.716921
-1930.864034
-2725.473436
3034.561424
1036.843933
-4114.422842
2681.560358
-1430.874090
4857.393128
4342.063296
-1424.546274
3439.225295
2483.319735
-3500.254443
-2165.790131
-2013.783946
2505.858449
723.910143
627.838992
4027.746198
3531.332969
-1540.524748
235.121456
-2549.518971
2361.068064
4961.050187
-2951.082892
3857.505339
2892.814788
-1546.088833
2655.127597
937.095109
4831.586430
775.187181
-1916.255350
3453.971498
-1700.497330
-2885.238774
3630.681384
3359.442429
2651.745227
-4222.728134
-3843.746205
1910.622813
4259.015939
-2083.347311
3980.664716
-501.095626
-3215.587193
-1851.092306
1973.467756
962.245713
5624.534236
1149.652301
2041.620075
5144.334811
933.233258
-996.449325
-1013.105391
3902.969329
4576.749561
4754.568488
2932.679458
-4724.924223
4909.564713
1811.040939
-337.382028
-2560.943223
446.030068
-1203.567619
3546.477295
2816.570080
-2867.333851
-2679.532442
610.815778
-3670.624545
5240.352849
-3194.964392
-2423.633203
4291.645070
210.533435
4848.979811
-2196.400423
2920.468088
-1372.059673
2098.466727
-3840.548688
407.140279
-4566.134391
5320.846833
4017.606636
-2763.037607
-1532.792188
-3608.187667
-731.807005
2819.660464
-3246.840025
-689.812326
4013.963135
-1221.252624
-3614.023837
-1872.161366
4636.609141
-4501.281913
2682.939964
-557.638032
-4929.596368
4491.539465
-3345.295094
-2238.185025
1598.753335
-1553.431732
-3189.130113
2486.788758
-3485.118350
1156.853687
-3250.539839
-2895.728765
-691.173637
2604.422852
2235.280753
-448.069847
-1032.326906
-2768.872292
-2697.138097
-2814.032617
-624.391329
2399.725037
1656.197985
-1550.945936
5226.290581
-306.954238
-2192.509444
1827.438478
-4015.321350
125.919804
-1294.496227
5206.697596
-4257.300972
2095.075028
2997.710743
3318.632532
614.132055
195.025618
2343.021125
-1261.313538
-3892.664463
-4369.323214
2586.385202
-2890.186103
-3443.795085
-2342.997370
-603.989332
4945.183783
4047.460740
1029.037891
367.592624
4833.158980
4191.643436
-87.061732
1933.202506
374.434391
3271.985255
782.746261
1019.716982
2019.180024
2430.990372
-2452.233639
-3876.350964
-4319.424085
3357.447468
543.128161
-2522.092977
-860.004414
1896.343562
3749.582532
-4325.911899
3725.640661
-2659.624403
-3907.053689
20.611191
814.903501
2124.202598
2332.442863
1957.645563
1739.626296
-308.642258
-2362.573124
3071.568245
4723.605342
2037.189700
-3112.027531
1184.254350
-901.554105
-2554.256127
1742.924986
-3613.974919
4429.358234
-2970.846340
4916.953172
-2364.787850
4909.706653
3552.844034
1033.751413
-4026.683626
-1256.610654
468.667917
2113.298494
-2045.659495
-2360.078687
-538.287064
988.987434
-3753.838192
-1046.241956
3382.801013
4394.037030
1088.388927
1215.819773
-1260.788712
726.235361
-2775.586681
1587.021235
3430.965338
1086.331064
777.914530
4681.250869
-3717.349842
-302.235236
819.672388
755.809948
2473.143692
-4809.961766
-4171.456900
3463.818569
-2106.061267
1133.083790
593.633341
-1348.024303
3600.154019
2527.753429
2267.916167
-935.015662
-2430.191750
-1870.354849
-989.828308
-3118.163607
-3428.801969
327.656792
971.672718
-1510.924805
3546.387974
1304.145082
3450.813291
-181.232536
1044.980270
-4623.627778
523.057883
-4346.676792
4215.171049
3849.244807
3635.888367
-2926.600352
-3911.407330
-2669.914677
2238.854345
-1143.058415
-557.467700
1067.457522
3298.413910
-2606.033965
380.172663
-2128.722959
-4422.534637
2009.548059
1729.115951
594.210774
-351.228251
-2415.715951
-3169.878285
1690.078943
4713.897519
-4112.990738
-4469.972260
3160.506442
-725.363597
-2664.515497
3323.613503
-4007.211279
-3551.768671
674.770737
-923.217129
1096.975046
2386.654189
-1310.509834
-2292.316255
-1511.271371
-721.212080
-2100.416338
1298.473429
3892.025249
2299.628473
1314.521174
281.266661
-3254.001281
4556.513432
123.783730
-861.906970
-3534.403861
3073.662315
-3131.265596
1844.913013
-41.270104
-270.485914
-1956.133452
536.833945
-845.642458
2755.765759
-1629.069354
4218.067073
-2969.733139
-472.992019
-1108.056036
1579.415639
3790.054140
2157.515501
-1436.877362
-837.538032
4353.993853
-2252.701540
858.488857
1933.011233
-2911.174129
496.098102
133.133976
-4068.746909
-329.539641
2912.714196
-3859.964166
-4024.710678
-317.456223
-520.836333
1295.982069
-1417.219606
-1853.298112
4152.623467
3518.899477
-3081.078383
2661.555641
2153.321758
-846.650311
1916.247491
-2005.723942
-1241.099482
1039.791970
-235.821690
1368.057866
1883.016216
3490.812353
3715.966025
-3359.772302
-1676.527116
886.674255
-2317.756566
405.501855
-2234.181998
1764.260141
-2151.199733
1348.895281
-3470.102923
-3147.312847
-108.810411
-3588.309609
-3553.150512
1113.347544
-1661.611727
2491.855562
4471.604844
4064.146043
581.073366
3614.638939
-1497.399789
2996.915600
4429.993038
964.505930
3302.804909
641.285631
550.839997
927.803201
-3702.411085
2734.875601
-3588.621154
3493.497997
3097.056160
-4012.930735
-181.150169
-2178.490144
1437.944953
-1435.476719
-1860.755241
3928.431305
316.616143
-3932.079431
4164.351813
3002.288292
-1622.411217
-1625.726448
2561.675750
-2924.634024
1689.514260
3010.916652
-2254.516591
1790.249693
-2610.533880
-2957.284615
2607.932066
983.411425
3339.463079
404.343641
1142.875970
828.437063
-2254.320402
764.842678
-620.717024
3969.550221
2284.616084
3580.947454
-106.974066
-955.311782
998.666888
-1562.429275
-3554.163303
-2295.202306
-837.735152
1846.632090
2455.442350
3813.808625
-816.308946
-3523.249352
-2553.896358
1702.145866
1429.197927
130.992147
3407.872579
-858.206549
712.242233
246.143054
3520.593085
237.950719
2145.918626
1869.276081
3486.063687
-2113.831104
-1767.695825
745.132848
2246.669774
-410.355428
-1066.772659
2650.460539
-887.380180
-3144.211675
-2593.763500
-2057.908402
-1711.032787
-1771.084957
256.682773
-1967.544012
-1827.714202
44.239422
-594.234244
1828.050284
2565.417461
709.069788
-2909.725359
610.786254
2955.650483
-3172.788149
-2899.408495
-1527.346612
3152.624177
-32.250272
1565.931689
883.212696
-477.766438
-595.374826
591.142816
-2807.455849
-763.417810
-928.215555
-1912.409734
-1870.320201
1323.880016
-1239.401618
-2862.029316
2023.004078
2184.681438
3880.125334
2709.837430
2635.328400
3508.301244
-2013.828728
-387.628814
-963.971247
-199.456472
1754.646216
-1872.454365
1079.917551
-829.349799
-6.550958
-1644.495783
-944.417795
-1851.593110
-1822.248519
-932.100837
-1280.809709
-1652.157142
-2507.755596
-3047.575294
-140.636502
2558.040031
3500.359473
3565.999619
2119.643149
-1702.239923
163.871232
2695.359614
-2810.705231
4031.066497
-2697.953272
-2316.975689
3861.579692
274.369377
3944.852574
-2681.198806
2651.625865
-619.923633
2786.295605
1216.021371
-1077.479655
-3188.057065
154.689213
4252.788106
1021.876530
2308.184198
-98.794452
3892.922100
-3098.643159
-349.181059
-1862.680563
-1389.711968
1249.080795
-778.760243
-1301.722167
-3080.873878
-3459.574866
-3393.190056
1456.561306
2910.900228
485.501605
1751.913159
-1263.033356
4136.486357
-2863.469712
1262.331827
1744.648979
147.118364
-3538.235111
-60.108162
-342.384328
720.672318
3900.584421
-662.195243
448.504093
2325.255376
-885.720169
-3555.460974
640.178903
-1118.223248
643.457226
-562.387656
353.061028
-2405.525258
1409.662440
-3275.472822
-122.673772
-2002.701534
108.962919
-1319.358017
-3359.926101
3382.720538
2039.689670
-1633.430703
-283.722459
4028.153756
-3406.330290
2904.526167
2467.631070
1378.952923
-857.546469
-2158.529283
3718.780853
-1529.128148
-2927.702116
1546.820439
-970.727428
1084.175746
-2746.119571
2678.663662
-945.104047
-774.142994
861.083520
-1739.273327
3504.545620
2008.708599
1752.884819
3091.638738
-3139.608007
3420.600238
-2230.583788
-613.100578
3273.779323
834.043252
-1764.054461
703.163565
3669.939103
-876.203255
3094.176759
1641.023826
-2462.275435
1860.103975
-166.285448
-2975.980244
-1978.529254
-1482.836718
-2283.958193
111.531663
-265.113060
2660.018463
2021.565839
-1702.694180
-2094.394946
856.289267
3025.225079
2473.634344
239.130931
-937.813532
956.569960
405.827389
-2830.433488
-1134.772666
-1866.655366
-695.704105
254.885371
1829.990025
-452.223028
-2094.628063
-2065.827678
-1598.164274
941.839988
-485.027034
-2358.513677
1469.421040
-774.810803
990.247671
-241.249116
2113.153952
1228.342413
3388.776406
-2924.411381
1830.358991
2507.391039
586.118754
-1387.440198
1105.375497
-2777.448633
-1157.583006
2729.712195
169.457238
1204.925026
1916.215551
-1687.010420
1143.300470
1254.220694
-860.203581
2895.442569
-2856.647119
1510.157441
363.694647
2489.887805
-1771.666543
2934.349002
1726.872254
512.663168
1756.969258
-609.332635
-2915.020990
-716.751165
-771.999558
-1985.594878
54.753168
1238.632177
2995.294897
1654.358354
-2561.791599
-2794.285483
-712.319044
2208.846287
491.585369
-863.265630
1374.507282
309.793907
-544.917681
77.352944
-1380.346229
