null
-1
-1
0
true
false
true
true
false
true
false
3
3
0
true
false
true
true
0
0
true
3
true
true
1
false
true
true
true
4
4
true
true
5
true
false
false
true
0
0
4
false
12
0
6
6
6
12
true
true
-1
true
4
true
true
-1
15
true
true
5
true
true
-1
0
-1
true
9
true
true
false
false
17
9
true
0
0
true
19
19
0
5
true
true
-1
false
9
9
8
true
10
false
false
-1
-1
10
1
false
10
false
10
false
1
false
0
false
0
10
0
1
0
true
-1
2
21
0
0
true
true
false
true
0
false
false
true
true
true
0
26
26
0
false
false
16
3
0
true
0
7
0
15
true
0
false
1
false
true
0
true
true
true
0
false
false
true
0
false
true
20
20
false
true
9
31
20
false
false
true
true
true
true
19
true
11
true
-1
12
34
8
34
false
7
18
false
0
0
-1
false
18
true
1
0
1
19
1
false
1
true
35
20
0
9
true
true
21
true
0
true
0
false
true
false
8
true
false
false
false
38
38
13
false
true
25
true
24
true
true
24
24
24
false
38
38
true
41
0
true
-1
false
38
true
25
true
43
true
7
0
0
true
false
true
46
0
false
28
46
46
true
0
-1
0
false
true
6
true
48
22
false
0
27
true
49
0
-1
10
false
true
28
false
false
false
50
true
true
28
51
28
-1
true
true
21
true
false
28
true
8
4
false
8
false
true
true
7
true
true
0
true
56
false
-1
true
true
34
false
false
34
0
true
58
true
false
0
false
0
0
true
true
true
true
-1
false
true
false
true
36
61
true
false
35
0
0
true
0
0
true
true
-1
-1
false
32
35
22
34
34
false
-1
0
true
0
35
34
34
0
false
true
-1
true
-1
41
true
true
0
-1
false
20
38
false
false
true
66
true
true
0
41
false
true
26
41
41
67
false
-1
-1
67
false
67
41
8
26
0
0
false
67
true
true
true
0
true
true
44
false
-1
70
12
70
false
70
16
42
-1
19
false
0
true
false
42
true
0
true
false
true
false
true
0
12
true
44
65
false
false
0
false
65
0
false
false
false
-1
true
true
true
true
76
false
true
45
true
-1
false
false
41
false
35
65
42
false
true
true
true
78
false
0
-1
false
false
false
true
-1
2
true
80
46
0
46
46
true
true
80
true
true
0
28
47
47
true
8
48
true
49
true
true
33
48
false
0
48
0
43
true
false
true
0
51
51
52
true
40
false
-1
-1
false
-1
true
false
false
18
0
38
true
true
true
false
true
false
53
53
true
true
false
-1
53
false
false
90
true
true
false
53
53
true
true
true
0
true
false
0
true
true
0
true
95
28
true
false
true
true
true
98
true
true
46
false
35
59
true
true
57
100
true
101
61
0
-1
false
20
2
0
false
101
true
true
-1
true
0
102
true
true
104
104
64
true
false
65
-1
47
true
106
0
true
true
65
true
5
65
false
false
65
107
41
13
-1
0
false
63
63
true
8
false
0
108
63
true
-1
false
true
true
0
110
true
10
true
true
108
true
true
true
63
false
true
101
0
64
0
false
64
64
false
101
101
false
0
64
0
0
true
false
-1
113
113
true
0
true
false
true
101
64
0
64
true
61
false
true
false
false
65
23
23
65
0
0
0
true
false
66
115
0
0
27
true
true
65
37
true
0
65
72
true
true
true
0
false
true
true
true
67
false
false
117
true
120
true
false
0
false
56
0
117
0
0
66
true
true
true
false
true
true
false
67
0
false
67
true
122
0
true
true
true
0
69
true
124
0
0
0
true
69
3
35
-1
false
true
false
125
true
true
false
127
true
true
127
false
false
true
129
true
0
72
9
true
129
0
129
true
5
0
70
0
true
true
130
41
true
73
73
true
17
9
73
false
true
74
true
false
false
133
133
true
true
true
false
43
true
76
0
false
76
true
false
-1
true
63
135
true
true
true
78
false
false
false
138
true
0
137
77
77
0
77
137
false
true
true
true
76
0
true
false
true
true
true
false
33
true
-1
142
0
true
true
false
true
0
true
true
5
-1
140
false
140
0
74
true
true
64
75
145
true
false
76
146
true
0
146
false
false
0
false
146
true
147
38
true
true
148
148
false
0
true
149
false
false
true
150
-1
80
true
true
true
83
83
0
83
true
84
154
0
84
true
85
false
true
false
false
155
true
87
0
156
0
true
86
86
true
true
false
0
-1
true
false
true
36
false
false
true
false
0
true
true
true
0
90
159
159
0
159
true
false
94
94
true
false
true
-1
82
88
53
-1
0
true
87
0
true
-1
true
0
true
0
true
-1
false
false
false
90
162
90
true
91
91
true
-1
false
164
true
true
false
162
90
90
82
0
true
true
91
true
true
true
false
true
true
true
0
167
true
true
171
171
false
false
95
95
0
95
95
true
96
true
true
170
true
0
30
true
true
true
174
true
false
false
true
true
0
16
false
true
15
true
false
false
0
48
71
true
true
100
false
false
true
false
101
true
true
181
false
0
181
181
-1
95
-1
0
true
0
182
0
-1
182
-1
101
true
181
64
false
true
183
true
13
false
true
true
true
-1
-1
187
0
0
0
false
103
false
187
true
0
true
101
false
true
true
24
-1
172
false
-1
true
false
0
0
39
true
true
102
36
true
true
true
true
false
true
0
102
0
true
true
-1
true
true
true
true
false
true
103
0
true
0
-1
false
197
false
true
194
false
194
35
194
true
false
true
true
103
false
false
true
0
171
true
false
false
false
false
false
103
true
true
false
44
104
true
true
true
133
-1
105
false
false
false
133
true
106
201
106
true
202
false
true
0
true
false
false
77
true
true
true
false
true
true
true
208
true
1
0
209
true
210
0
0
true
true
true
false
false
false
0
116
false
213
false
true
0
false
212
false
false
false
115
true
116
116
true
0
0
212
true
0
211
211
211
false
211
40
true
215
true
true
0
116
116
217
30
true
116
0
true
-1
true
true
0
false
true
true
119
false
true
0
true
-1
false
-1
true
220
false
220
true
false
-1
true
-1
true
121
false
true
120
true
true
-1
true
0
false
224
224
false
30
false
0
false
true
183
183
true
false
true
123
false
123
-1
0
0
226
true
true
true
false
false
true
0
true
false
false
true
false
true
false
126
true
-1
222
false
3
true
225
225
0
125
125
false
225
225
false
87
false
true
false
0
111
true
true
false
84
true
0
false
125
141
true
0
true
230
false
false
false
true
128
true
false
120
128
73
true
128
102
0
false
false
128
false
102
128
true
129
true
-1
0
234
true
48
0
233
true
0
125
false
128
true
true
true
true
true
0
131
false
false
0
131
131
true
true
111
false
true
131
true
132
true
false
0
false
false
66
true
240
true
true
true
true
46
false
true
131
false
-1
false
true
true
true
0
132
66
131
43
true
false
0
true
false
133
0
true
157
false
false
true
false
48
true
true
0
true
133
false
133
190
false
true
134
0
104
false
133
124
65
true
true
true
0
false
false
true
250
true
true
true
true
135
-1
false
0
true
true
true
false
249
true
true
248
true
true
false
true
true
true
133
true
false
true
22
0
-1
true
false
false
-1
false
true
255
137
20
false
false
false
255
true
true
false
true
false
false
true
-1
0
258
false
false
138
false
138
false
true
false
false
0
106
-1
false
31
true
true
true
32
138
32
138
true
false
139
139
139
80
138
true
139
true
false
140
true
0
0
0
true
262
262
-1
84
0
false
true
true
true
0
true
false
true
true
0
106
false
-1
0
0
112
true
266
false
true
true
false
true
0
false
26
0
true
141
true
true
140
0
true
0
271
271
true
true
false
38
113
-1
true
141
0
true
true
true
true
true
-1
29
29
true
true
121
29
0
141
false
true
0
-1
false
false
276
0
true
true
true
true
false
-1
0
90
true
0
0
142
true
0
276
141
false
276
false
false
0
true
280
17
true
true
true
240
true
0
-1
true
146
0
146
true
147
0
false
147
0
147
false
13
75
false
0
false
285
10
0
false
22
143
true
true
false
32
0
false
true
false
143
true
true
true
true
0
false
true
146
291
true
289
true
true
147
true
-1
148
-1
293
true
0
292
147
0
292
88
true
true
true
0
false
true
false
-1
150
0
true
151
false
151
120
false
true
true
0
297
150
56
true
true
299
false
299
false
true
300
152
152
true
151
151
0
299
299
true
true
0
-1
302
153
153
true
-1
303
-1
0
false
154
303
154
-1
false
-1
154
false
false
154
true
0
0
true
true
-1
153
153
false
153
302
true
true
305
true
true
true
156
67
0
137
true
true
true
155
false
0
-1
true
310
310
true
false
157
157
311
39
true
157
312
157
false
true
311
true
true
0
true
8
true
true
158
false
false
true
true
true
-1
true
false
true
159
0
true
false
160
true
false
0
true
222
true
true
0
162
0
319
-1
true
-1
true
321
true
true
-1
166
true
165
true
true
83
true
210
210
210
167
167
false
167
-1
false
0
210
0
false
false
true
168
false
48
171
76
-1
-1
171
166
false
166
-1
35
171
-1
true
false
true
true
0
168
true
false
-1
true
true
false
false
true
27
true
0
false
false
-1
0
false
true
true
330
170
330
170
true
true
0
170
true
151
true
false
104
true
0
true
true
false
false
28
0
172
80
true
333
true
true
0
170
0
true
169
true
156
-1
156
true
0
0
10
-1
true
true
24
171
-1
72
false
true
0
true
true
false
-1
false
-1
54
true
0
121
true
-1
false
-1
false
false
0
false
true
173
true
172
false
true
true
0
false
170
0
true
174
343
343
true
true
176
0
176
253
false
true
false
false
344
true
0
-1
-1
false
true
0
346
true
0
96
0
345
true
347
178
178
true
38
false
-1
true
true
true
true
true
false
false
0
-1
false
0
true
true
0
0
true
352
false
182
true
true
true
false
0
true
true
true
true
-1
283
false
false
false
187
false
true
false
true
0
-1
true
141
356
true
188
147
188
true
0
true
false
147
48
-1
true
true
187
-1
147
147
true
false
true
true
false
true
false
true
192
true
-1
false
false
286
false
102
0
286
-1
0
192
0
true
0
363
0
363
193
363
true
true
true
false
true
0
true
194
194
194
true
false
true
true
false
false
363
true
true
150
192
0
0
-1
false
192
false
0
false
363
363
true
true
369
false
0
true
true
true
370
true
false
112
369
false
false
369
false
true
117
false
57
192
true
62
true
45
-1
true
0
true
84
375
-1
79
false
50
375
191
191
-1
false
false
0
375
true
0
false
192
true
true
178
true
0
135
193
0
379
110
true
193
-1
-1
false
193
false
0
0
true
false
194
83
true
true
-1
false
83
194
68
false
true
194
false
true
true
381
true
105
0
194
382
0
28
-1
false
true
true
true
false
0
true
0
true
false
true
true
false
31
0
31
33
false
31
true
false
35
false
true
386
90
-1
true
true
true
-1
true
49
false
389
true
-1
-1
-1
199
339
false
199
0
true
true
true
true
0
true
0
391
true
390
119
0
false
0
true
201
0
0
197
false
false
false
false
200
false
true
true
249
false
202
false
true
0
true
0
true
true
204
false
395
173
true
204
-1
204
0
0
204
-1
184
true
true
203
48
true
false
0
true
48
true
204
204
false
93
204
105
true
399
false
399
399
204
-1
399
204
true
93
0
false
203
false
true
40
true
400
true
183
0
0
true
false
false
-1
false
130
true
false
true
true
true
true
404
true
403
403
true
-1
0
0
15
true
false
false
0
405
false
405
true
-1
78
true
false
171
-1
208
true
true
210
false
0
false
408
true
209
0
49
208
198
true
true
0
true
409
92
0
0
409
true
false
true
true
23
true
true
165
13
true
true
true
true
70
224
0
true
true
418
false
68
28
129
true
419
true
false
420
420
false
-1
true
true
false
true
210
0
false
-1
false
true
106
false
false
211
6
true
211
-1
-1
0
false
0
true
true
true
false
424
212
0
true
false
false
211
true
false
true
74
true
0
54
false
-1
0
true
-1
212
212
true
false
true
-1
true
211
54
true
428
true
0
false
210
126
209
true
true
0
true
true
0
-1
164
208
-1
54
54
98
false
true
208
false
95
false
false
true
true
431
0
true
0
true
true
true
true
true
false
436
true
214
-1
214
true
438
438
0
true
true
-1
true
false
437
437
-1
437
true
12
true
0
215
true
true
217
true
443
218
false
0
218
443
true
true
55
false
false
true
true
0
true
0
false
false
218
379
-1
0
379
true
false
false
86
208
217
false
true
64
64
true
219
-1
false
219
false
false
0
219
false
true
true
448
190
true
false
false
false
0
false
false
false
-1
449
221
true
true
true
0
224
224
224
224
0
100
true
true
-1
452
false
false
223
true
true
true
true
452
false
true
true
456
false
false
61
false
false
true
false
383
225
225
70
true
true
true
0
true
false
226
0
false
0
457
false
226
0
457
false
0
false
true
277
-1
true
true
true
459
178
false
false
false
459
true
-1
460
0
460
460
true
false
461
true
0
-1
150
false
0
-1
0
462
false
227
462
true
true
false
true
true
0
-1
-1
true
true
90
true
354
0
true
83
467
false
true
true
true
true
0
false
233
true
true
false
false
false
0
false
0
true
false
469
165
true
0
true
true
0
false
0
false
true
true
232
true
true
true
473
false
233
0
true
false
true
true
true
235
false
true
false
true
true
236
479
true
false
235
477
0
false
true
false
0
false
0
true
true
236
-1
236
236
0
0
false
236
false
481
true
-1
true
236
true
235
-1
235
0
480
77
true
true
true
485
237
true
-1
44
0
484
235
235
169
true
false
215
235
true
true
141
true
true
true
true
236
196
235
488
0
-1
195
true
0
490
14
490
490
490
0
false
false
false
490
490
false
true
200
0
491
234
true
100
492
false
false
97
false
492
false
false
true
0
493
32
493
0
true
false
234
-1
false
234
true
494
false
149
234
494
222
true
true
true
14
false
false
0
497
235
497
true
177
0
false
-1
false
0
true
true
false
false
91
true
false
130
0
498
true
false
true
0
0
true
true
false
0
true
0
0
false
237
237
237
17
true
237
134
237
true
26
-1
true
238
0
true
true
467
false
false
467
true
239
0
true
0
-1
32
-1
true
-1
true
true
true
237
true
false
238
true
false
false
true
true
38
true
false
106
true
-1
-1
true
0
true
true
0
true
0
false
371
241
true
0
true
66
-1
242
513
242
242
true
106
64
false
true
true
false
true
0
true
true
517
false
true
true
true
-1
519
519
0
true
true
58
520
-1
520
235
true
249
true
0
250
true
false
false
251
39
250
true
0
true
true
1
85
0
false
251
true
525
252
252
true
false
526
0
253
false
true
true
527
527
527
0
true
false
false
528
false
181
false
false
0
false
-1
0
187
0
0
true
0
true
true
false
true
false
0
530
-1
256
530
true
false
529
255
164
0
true
true
true
false
true
254
0
25
true
true
255
true
0
true
true
256
256
535
true
true
-1
true
false
true
true
true
239
true
true
true
true
255
255
true
256
-1
-1
256
256
100
256
180
true
256
true
false
true
256
256
256
0
169
-1
false
true
false
true
0
541
82
true
154
-1
true
true
false
80
true
440
false
true
544
false
true
true
544
false
true
0
546
137
-1
false
230
-1
true
0
0
true
true
0
false
true
547
258
true
true
false
false
-1
true
false
200
true
141
false
true
true
false
false
true
true
-1
-1
38
true
false
106
true
192
-1
true
true
263
-1
true
true
0
0
true
true
false
true
0
106
0
false
262
true
263
554
62
554
-1
true
false
true
-1
-1
true
555
0
false
false
1
true
-1
95
false
false
true
0
true
true
175
false
true
true
true
false
560
true
false
264
true
263
false
true
561
264
0
false
false
false
true
153
264
0
264
245
263
0
true
0
0
true
false
265
347
347
-1
false
347
false
0
true
false
0
false
true
0
false
267
false
true
0
0
219
true
false
0
true
566
566
269
0
0
false
566
566
-1
true
0
0
true
271
false
true
15
251
257
false
244
false
569
true
-1
269
true
true
true
true
0
70
269
false
false
true
true
true
true
true
true
-1
true
true
573
false
true
true
false
0
273
true
-1
false
true
false
575
273
0
true
false
574
false
272
true
true
true
304
true
false
true
0
false
false
true
false
false
276
-1
false
true
-1
true
580
false
-1
276
276
0
false
276
true
277
false
0
277
-1
-1
true
true
true
583
false
true
214
0
true
586
0
80
-1
false
278
278
true
true
false
280
588
-1
true
-1
0
true
true
0
174
280
false
280
false
590
280
280
true
false
false
0
true
590
-1
true
true
false
0
true
-1
true
true
false
351
false
false
true
true
-1
true
595
true
true
true
283
true
true
true
0
284
true
285
0
231
true
285
true
false
286
false
false
286
0
602
false
255
602
166
true
true
-1
true
285
true
true
true
0
false
false
false
286
-1
false
true
0
true
605
605
true
381
false
285
241
false
284
true
true
286
0
true
true
607
607
607
286
true
139
139
false
0
true
0
608
0
608
true
false
0
287
true
true
611
true
false
true
291
291
false
true
true
291
true
-1
true
0
28
false
169
289
289
false
-1
0
613
true
386
386
290
false
-1
386
0
true
false
false
0
true
616
0
185
true
false
0
false
true
0
-1
false
true
292
292
0
false
292
292
292
true
true
true
true
true
true
296
0
false
true
297
14
296
false
0
true
true
-1
298
true
true
true
0
true
623
0
true
299
false
624
624
624
-1
true
true
true
true
0
299
-1
false
-1
false
0
626
-1
-1
626
-1
626
true
true
299
true
true
true
false
627
627
true
301
true
true
true
304
304
166
631
true
true
true
true
true
true
635
true
-1
true
0
true
260
260
true
false
0
0
false
true
true
262
true
-1
0
310
310
310
0
92
false
309
true
false
0
false
false
0
true
true
639
false
-1
false
false
true
true
640
false
640
true
true
-1
525
525
146
0
-1
0
false
525
false
76
false
false
true
true
true
0
true
false
false
true
309
-1
false
269
true
0
true
true
true
57
57
true
226
0
false
false
true
0
644
644
true
231
true
312
false
312
317
false
false
false
56
37
true
false
true
true
0
-1
true
false
false
312
true
-1
false
true
true
-1
true
true
346
true
-1
8
314
true
313
true
false
648
648
true
160
160
true
true
0
true
true
-1
true
true
0
317
281
655
true
317
false
0
false
317
true
318
318
0
true
true
true
0
true
false
-1
0
true
660
319
false
660
true
true
0
true
true
true
false
324
false
324
true
false
384
true
326
326
0
666
-1
false
326
true
0
260
true
false
0
false
false
false
false
false
false
true
true
-1
58
-1
true
false
670
-1
329
0
false
true
true
0
false
329
true
330
true
true
0
true
true
675
-1
true
333
true
126
331
331
false
0
true
332
true
true
334
true
true
65
335
52
335
true
true
678
0
678
true
false
true
0
false
80
0
true
true
189
682
682
0
339
285
338
true
238
false
