null
0
-1
false
true
1
true
-1
0
false
true
false
false
true
false
false
false
true
1
1
1
false
0
1
1
0
false
0
1
0
-1
1
false
true
-1
true
4
4
true
2
5
0
2
0
2
true
false
false
false
1
false
0
4
true
2
1
true
3
true
4
false
0
false
true
true
true
false
false
false
false
false
5
true
false
-1
0
8
true
true
1
9
true
5
13
3
3
false
true
13
4
5
false
1
-1
true
10
true
true
5
true
false
6
6
-1
-1
10
10
6
true
true
-1
-1
10
true
5
-1
true
true
7
7
5
10
true
10
true
10
true
true
10
10
9
true
-1
false
10
5
10
false
true
11
true
true
-1
-1
-1
13
true
true
5
-1
false
false
true
5
5
true
5
false
5
true
true
11
true
true
true
10
true
true
-1
true
true
true
10
true
5
16
-1
true
-1
true
false
5
10
18
18
-1
true
false
true
5
10
true
true
true
-1
19
5
false
10
true
-1
