null
false
false
-1
true
true
0
true
1
false
true
true
2
true
true
true
false
2
true
6
true
0
true
4
-1
true
false
4
8
4
2
8
8
2
-1
2
4
true
4
false
true
4
2
8
true
true
true
7
false
true
true
7
true
true
7
7
-1
-1
false
7
true
true
4
true
4
4
true
-1
true
4
4
4
true
-1
true
-1
-1
false
true
true
true
4
4
true
true
true
7
true
true
7
8
true
true
7
10
true
7
-1
true
7
true
false
2
3
-1
3
true
false
true
4
true
false
true
true
4
true
true
false
true
14
true
true
-1
false
true
false
-1
false
true
-1
true
-1
-1
false
27
false
true
true
4
27
false
27
4
false
false
27
17
false
true
27
true
4
false
true
4
true
27
true
27
true
19
19
27
false
2
true
8
19
-1
19
-1
8
true
20
8
8
-1
20
true
8
true
true
false
true
true
true
true
4
8
-1
false
4
4
-1
false
true
true
8
-1
4
8
4
25
true
true
false
-1
false
8
-1
27
4
true
4
true
-1
true
-1
28
28
4
true
4
8
true
-1
true
4
4
true
false
true
8
-1
29
4
29
false
29
false
false
29
true
4
4
-1
28
true
false
27
true
-1
-1
4
8
8
true
true
true
-1
4
-1
false
25
true
4
false
true
false
-1
false
false
4
27
true
-1
8
-1
-1
true
true
8
-1
true
true
true
8
true
true
31
8
true
32
4
8
true
8
33
4
false
33
-1
8
33
true
8
true
35
8
-1
true
-1
-1
34
true
true
4
34
true
8
4
33
true
true
33
4
true
true
false
true
4
8
true
false
true
4
8
32
false
false
4
32
8
false
false
false
8
true
true
4
8
8
-1
true
-1
4
false
false
false
8
true
34
34
true
true
false
false
false
true
true
34
4
8
4
false
8
true
8
true
8
false
36
8
true
37
37
true
true
4
false
false
true
-1
38
8
true
false
true
38
-1
-1
38
38
true
8
37
true
true
37
37
37
true
true
4
false
true
true
8
true
false
8
false
false
true
4
8
4
true
38
-1
true
false
false
4
8
false
-1
37
8
4
8
true
8
38
8
false
38
true
true
8
true
false
true
36
true
37
37
false
4
true
8
false
4
4
false
true
true
true
false
false
37
37
false
8
2
true
true
8
8
37
true
false
4
37
37
true
38
true
false
85
true
true
-1
true
true
41
false
-1
41
false
85
