null
-1
-1
0
0
-1
false
0
false
false
0
true
1
true
true
true
false
true
true
true
false
true
true
3
false
3
false
false
true
-1
0
3
true
false
4
0
false
0
3
false
false
true
true
true
-1
true
7
7
3
true
false
-1
0
true
false
true
9
true
2
true
0
true
6
true
true
true
true
false
false
12
12
12
6
false
false
true
-1
5
-1
0
true
0
6
13
13
false
0
6
13
true
0
true
6
6
4
5
13
true
true
7
7
true
0
false
true
0
true
false
-1
false
0
false
10
true
9
true
true
18
9
-1
9
0
true
true
false
true
19
10
true
21
11
true
0
-1
true
true
true
false
true
true
true
false
16
16
-1
25
25
-1
25
false
0
25
25
25
true
true
true
17
0
true
true
true
-1
0
true
5
false
16
0
16
true
0
13
true
false
14
7
true
0
8
true
30
true
19
0
false
false
true
true
false
true
true
33
-1
-1
true
true
30
false
false
true
34
true
true
0
false
35
true
17
17
21
-1
false
true
0
0
true
true
true
17
21
0
0
false
21
17
true
35
true
0
false
false
false
19
true
true
true
true
false
40
11
true
-1
21
0
false
true
false
true
3
23
true
24
true
25
true
true
true
0
26
true
0
0
-1
25
25
-1
true
false
true
false
false
48
false
true
0
-1
true
49
29
false
29
true
36
28
0
true
true
36
-1
-1
true
true
28
true
51
29
false
1
0
0
false
48
48
true
0
20
27
52
false
true
true
true
0
false
30
false
true
false
31
15
23
56
false
false
true
true
-1
32
32
32
32
32
-1
20
30
false
true
57
-1
31
0
0
false
31
57
false
31
true
false
0
true
false
33
-1
0
-1
58
true
-1
true
12
true
true
0
32
32
false
true
true
0
true
true
true
false
0
false
61
6
-1
true
false
false
55
-1
true
0
true
0
-1
55
33
false
9
true
1
true
true
-1
-1
true
29
34
34
true
true
true
true
true
0
70
0
false
70
37
3
70
11
false
34
true
35
true
-1
true
-1
true
true
39
false
true
77
false
40
2
39
39
0
true
-1
true
true
true
41
true
81
42
-1
0
1
41
0
false
false
0
true
true
false
true
-1
80
-1
0
31
80
80
0
false
false
41
80
41
41
80
false
true
-1
83
true
true
false
0
42
0
true
80
true
true
false
true
-1
false
-1
42
0
18
true
0
false
true
true
false
true
true
46
89
false
0
46
true
0
true
-1
true
24
false
true
-1
47
47
true
true
92
92
false
true
false
true
92
true
true
true
50
false
true
1
50
true
true
false
0
true
91
0
true
true
98
50
false
true
true
true
false
-1
-1
97
-1
97
true
true
false
true
true
false
true
-1
true
true
false
true
-1
true
true
3
50
50
false
false
103
50
-1
true
50
true
-1
48
5
true
true
50
-1
false
-1
13
50
-1
true
false
false
13
true
8
true
13
true
50
true
true
true
13
true
false
14
14
false
50
14
true
true
13
14
true
13
-1
5
13
true
50
118
27
true
false
14
true
15
false
true
50
false
true
15
15
104
25
104
true
15
true
false
true
121
true
121
16
-1
true
31
true
false
17
17
17
true
true
true
true
15
true
16
true
-1
true
true
17
26
49
true
127
false
127
50
false
false
17
127
13
49
17
true
105
16
50
true
true
105
50
50
false
true
17
true
16
50
false
true
49
17
true
false
false
true
true
true
true
true
true
17
17
17
true
false
true
13
17
5
false
-1
true
17
true
19
133
true
96
true
96
true
false
true
-1
20
96
true
false
true
false
22
false
true
true
96
true
21
96
true
true
false
24
true
105
true
false
1
true
106
20
50
106
106
false
true
true
50
true
50
true
106
true
true
false
50
true
false
true
true
true
true
106
50
106
50
true
true
21
true
true
true
20
20
true
false
true
true
true
false
true
true
20
false
20
20
false
true
49
true
false
21
false
false
false
false
50
true
true
true
-1
22
true
96
23
true
96
50
true
50
25
25
-1
true
false
false
26
96
-1
false
false
false
true
96
25
25
false
true
true
true
50
true
50
23
false
96
96
true
false
50
96
true
13
true
true
49
-1
49
true
50
155
50
23
48
23
23
true
22
false
true
23
50
true
true
false
106
false
true
true
true
50
106
28
106
false
true
true
false
true
true
50
-1
50
-1
true
106
true
30
-1
true
106
29
false
106
true
true
29
true
false
false
50
true
-1
false
true
28
true
false
false
false
true
false
true
22
49
49
true
-1
true
true
true
true
29
76
true
false
true
27
true
true
true
17
true
107
true
107
true
false
107
true
107
true
-1
true
true
50
37
107
true
50
false
50
false
true
true
false
-1
true
true
50
true
26
42
true
true
false
33
true
34
50
34
true
false
72
true
false
true
72
true
72
false
true
true
true
true
true
false
true
-1
false
true
31
true
-1
true
false
true
false
true
true
true
50
72
29
true
-1
72
30
false
true
true
false
true
72
50
72
false
72
false
72
33
false
true
true
72
-1
true
12
34
true
-1
true
false
72
true
true
true
12
35
true
-1
109
true
50
false
false
false
50
109
false
true
36
18
false
-1
true
195
false
18
false
true
196
false
true
false
false
50
true
false
true
37
true
38
38
50
-1
50
false
true
true
38
38
196
-1
196
true
false
39
true
true
true
-1
38
196
-1
true
50
true
-1
true
39
50
-1
false
39
false
196
true
false
40
40
true
196
false
true
false
196
196
50
true
false
41
196
50
true
false
true
196
true
40
50
true
196
-1
41
196
50
41
50
50
196
41
true
true
true
true
50
196
true
true
true
true
true
196
-1
50
50
true
39
39
39
false
false
true
true
true
true
50
false
false
true
196
true
false
true
false
196
44
true
50
true
false
true
false
-1
false
true
196
false
50
42
true
43
43
false
196
false
false
true
44
-1
true
false
50
196
196
true
false
true
true
true
49
7
49
-1
49
49
49
196
196
true
true
-1
true
false
219
true
true
221
true
-1
true
50
49
50
true
true
50
true
-1
true
50
51
51
true
false
true
50
51
37
-1
76
false
false
51
true
true
true
true
true
-1
225
true
49
true
true
49
49
true
true
true
true
false
false
-1
true
50
false
50
false
true
-1
51
false
true
false
50
true
53
true
50
89
89
true
50
50
true
false
true
true
89
false
89
true
true
54
50
50
false
true
7
true
true
-1
55
89
true
42
-1
true
-1
56
50
-1
-1
42
true
false
true
58
-1
58
true
false
false
true
true
true
-1
42
true
false
true
42
true
57
42
57
42
true
true
false
true
false
true
59
59
false
42
false
true
true
true
42
false
true
50
50
true
false
true
true
42
true
true
true
59
true
60
false
60
true
59
59
42
50
-1
true
true
42
61
42
42
false
61
true
-1
true
true
true
-1
50
-1
24
42
61
true
false
61
61
-1
-1
50
false
-1
61
false
true
true
false
true
-1
50
50
true
-1
true
-1
-1
81
false
-1
true
32
true
false
true
true
true
false
true
true
false
true
-1
50
true
50
true
true
true
46
67
49
57
true
50
255
255
255
false
67
50
false
255
false
67
67
50
49
true
3
225
true
256
true
true
true
true
67
true
true
67
67
50
true
true
50
true
81
50
true
true
true
-1
true
true
81
81
81
false
true
true
50
81
true
50
50
81
50
50
72
50
81
false
81
50
false
50
false
-1
false
50
50
72
true
false
81
50
false
73
81
24
81
true
true
74
true
true
true
73
267
50
-1
false
50
true
73
73
true
50
72
false
true
true
true
74
74
true
false
75
50
50
false
true
false
true
false
50
true
true
true
50
false
true
true
50
50
50
50
true
90
false
true
45
true
77
-1
false
true
true
77
true
78
50
false
78
true
50
true
true
50
-1
-1
true
true
83
-1
false
-1
50
false
false
83
50
83
-1
-1
true
true
true
5
true
true
110
84
49
true
283
84
true
true
true
false
true
86
true
50
true
true
true
true
true
86
-1
true
50
false
true
true
-1
false
true
57
-1
50
-1
-1
50
true
false
true
-1
50
true
57
true
false
false
false
-1
57
true
true
false
-1
true
57
57
true
true
true
17
49
49
-1
true
true
96
true
96
96
50
false
-1
true
false
true
50
true
true
true
true
-1
true
true
false
true
-1
91
false
true
96
true
false
-1
true
false
true
-1
false
50
true
false
96
true
true
96
false
-1
50
false
true
95
-1
95
true
false
true
false
50
50
false
96
false
95
95
-1
96
true
true
-1
true
true
true
96
48
true
21
-1
50
21
50
96
21
96
true
97
true
true
97
true
true
21
50
true
false
98
50
21
true
true
true
99
-1
21
21
21
-1
-1
false
50
true
50
49
-1
true
15
true
101
50
50
50
true
true
true
50
false
false
102
50
15
50
false
15
102
true
50
50
true
50
true
false
103
103
true
15
true
true
-1
true
15
-1
false
true
true
50
true
false
false
false
108
-1
true
50
107
15
false
true
-1
true
true
true
107
107
false
15
15
true
108
true
true
108
false
50
15
108
false
50
108
true
50
50
50
true
true
false
15
-1
false
50
true
true
-1
true
15
50
true
true
true
true
true
15
false
false
true
15
true
-1
true
true
false
-1
113
true
112
true
15
true
false
50
false
15
true
true
true
-1
50
false
50
113
false
-1
false
false
50
true
15
true
true
50
false
114
true
50
115
false
-1
-1
true
116
true
true
114
true
false
true
true
15
-1
true
true
15
true
114
true
50
115
15
-1
false
50
true
50
true
-1
true
15
-1
true
50
true
true
117
true
true
